Exporting TRB
Exporting clones: 5.3%
Filtered 19 of 1536 clones (98.76%).
Filtered 39.0 of 3088.0 reads (98.74%).
Exporting TRA
Exporting clones: 2.7%
Filtered 37 of 1536 clones (97.59%).
Filtered 57.0 of 3088.0 reads (98.15%).
Exporting IGH
Exporting clones: 0.3%
Filtered 338 of 1536 clones (77.99%).
Filtered 639.0 of 3088.0 reads (79.31%).
Exporting TRG
Exporting clones: 40%
Filtered 5 of 1536 clones (99.67%).
Filtered 11.0 of 3088.0 reads (99.64%).
Exporting IGL
Exporting clones: 1.1%
Filtered 352 of 1536 clones (77.08%).
Filtered 666.0 of 3088.0 reads (78.43%).
Exporting IGK
Exporting clones: 0.1%
Filtered 785 of 1536 clones (48.89%).
Filtered 1676.0 of 3088.0 reads (45.73%).
