Exporting TRB
Exporting clones: 100%
Filtered 1 of 506 clones (99.8%).
Filtered 5.0 of 1443.0 reads (99.65%).
Exporting TRA
Exporting clones: 33.3%
Filtered 3 of 506 clones (99.41%).
Filtered 5.0 of 1443.0 reads (99.65%).
Exporting IGH
Exporting clones: 0.7%
Filtered 150 of 506 clones (70.36%).
Filtered 407.0 of 1443.0 reads (71.79%).
Exporting IGL
Exporting clones: 0.8%
Filtered 121 of 506 clones (76.09%).
Filtered 364.0 of 1443.0 reads (74.77%).
Exporting IGK
Exporting clones: 0.4%
Filtered 231 of 506 clones (54.35%).
Filtered 662.0 of 1443.0 reads (54.12%).
