WARNING: sun.reflect.Reflection.getCallerClass is not supported. This will impact performance.

>>>>>>>>>>>>>>>>>>>>>>> mixcr align <<<<<<<<<<<<<<<<<<<<<<<
Running:
mixcr align --report /projects/rpci/songyao/pnfioric/arc_project/airr_calculation/tcr_quant/results/mixcr_RS-04378661.align.report.txt --json-report /projects/rpci/songyao/pnfioric/arc_project/airr_calculation/tcr_quant/results/mixcr_RS-04378661.align.report.json --threads 12 --preset rna-seq --save-output-file-names /projects/rpci/songyao/pnfioric/arc_project/airr_calculation/tcr_quant/results/mixcr_RS-04378661.align.list.tsv --species hsa /projects/rpci/songyao/pnfioric/arc_project/airr_calculation/fastq_files/RS-04378661/RS-04378661_00-S-4919-B_RS-04238139_S54_R1_001.fastq.gz /projects/rpci/songyao/pnfioric/arc_project/airr_calculation/fastq_files/RS-04378661/RS-04378661_00-S-4919-B_RS-04238139_S54_R2_001.fastq.gz /projects/rpci/songyao/pnfioric/arc_project/airr_calculation/tcr_quant/results/mixcr_RS-04378661.alignments.vdjca
Alignment: 0%
Alignment: 3.4%  ETA: 00:57:12
Alignment: 6.8%  ETA: 00:54:43
Alignment: 10.2%  ETA: 00:52:42
Alignment: 13.6%  ETA: 00:50:13
Alignment: 17%  ETA: 00:49:10
Alignment: 20.4%  ETA: 00:46:15
Alignment: 23.9%  ETA: 00:44:41
Alignment: 27.3%  ETA: 00:42:41
Alignment: 30.6%  ETA: 00:41:03
Alignment: 34%  ETA: 00:39:27
Alignment: 37.4%  ETA: 00:37:05
Alignment: 40.8%  ETA: 00:34:45
Alignment: 44.2%  ETA: 00:33:05
Alignment: 47.5%  ETA: 00:31:23
Alignment: 50.8%  ETA: 00:29:23
Alignment: 54.2%  ETA: 00:27:38
Alignment: 57.5%  ETA: 00:25:24
Alignment: 60.9%  ETA: 00:23:09
Alignment: 64.2%  ETA: 00:21:22
Alignment: 67.6%  ETA: 00:19:22
Alignment: 71%  ETA: 00:17:11
Alignment: 74.3%  ETA: 00:15:21
Alignment: 77.6%  ETA: 00:13:21
Alignment: 80.9%  ETA: 00:11:36
Alignment: 84.3%  ETA: 00:09:17
Alignment: 87.7%  ETA: 00:07:22
Alignment: 91%  ETA: 00:05:22
Alignment: 94.4%  ETA: 00:03:19
Alignment: 97.7%  ETA: 00:01:21
====================== report: align ======================
Analysis time: 59.38m
Total sequencing reads: 70790313
Successfully aligned reads: 1074 (0%)
Coverage (percent of successfully aligned):
  CDR3: 19 (1.77%)
  FR3_TO_FR4: 0 (0%)
  CDR2_TO_FR4: 0 (0%)
  FR2_TO_FR4: 0 (0%)
  CDR1_TO_FR4: 0 (0%)
  VDJRegion: 0 (0%)
Alignment failed: no hits (not TCR/IG?): 69308381 (97.91%)
Alignment failed: no CDR3 parts: 6604 (0.01%)
Alignment failed: low total score: 1474254 (2.08%)
Overlapped: 50376748 (71.16%)
Overlapped and aligned: 1074 (0%)
Overlapped and not aligned: 50375674 (71.16%)
Alignment-aided overlaps, percent of overlapped and aligned: 0 (0%)
Partial aligned reads, percent of successfully aligned: 1055 (98.23%)
Realigned with forced non-floating bound: 40827130 (57.67%)
Realigned with forced non-floating right bound in left read: 484 (0%)
Realigned with forced non-floating left bound in right read: 484 (0%)
TRA chains: 27 (2.51%)
TRA non-functional: 0 (0%)
TRB chains: 46 (4.28%)
TRB non-functional: 0 (0%)
IGH chains: 282 (26.26%)
IGH non-functional: 0 (0%)
IGK chains: 24 (2.23%)
IGK non-functional: 0 (0%)
IGL chains: 695 (64.71%)
IGL non-functional: 0 (0%)
Trimming report:
  R1 reads trimmed left: 4757732 (6.72%)
  R1 reads trimmed right: 4817352 (6.81%)
  Average R1 nucleotides trimmed left: 1.142530716031726
  Average R1 nucleotides trimmed right: 1.2145208624801531
  R2 reads trimmed left: 4692547 (6.63%)
  R2 reads trimmed right: 4749842 (6.71%)
  Average R2 nucleotides trimmed left: 1.1267661297104308
  Average R2 nucleotides trimmed right: 1.197647296742423

>>>>>>>>>>>>>>>>>> mixcr assemblePartial <<<<<<<<<<<<<<<<<<
Running:
mixcr assemblePartial --report /projects/rpci/songyao/pnfioric/arc_project/airr_calculation/tcr_quant/results/mixcr_RS-04378661.assemblePartial.report.txt --json-report /projects/rpci/songyao/pnfioric/arc_project/airr_calculation/tcr_quant/results/mixcr_RS-04378661.assemblePartial.report.json /projects/rpci/songyao/pnfioric/arc_project/airr_calculation/tcr_quant/results/mixcr_RS-04378661.alignments.vdjca /projects/rpci/songyao/pnfioric/arc_project/airr_calculation/tcr_quant/results/mixcr_RS-04378661.passembled.1.vdjca
Building index: 0%
Searching for overlaps: 0.1%
================= report: assemblePartial =================
Analysis time: 170ms
Total alignments analysed: 1074
Number of output alignments: 1074 (100%)
Alignments already with CDR3 (no overlapping is performed): 43 (4%)
Successfully overlapped alignments: 0 (0%)
Left parts with too small N-region (failed to extract k-mer): 130 (12.1%)
Extracted k-mer diversity: 209
Dropped due to wildcard in k-mer: 0 (0%)
Dropped due to too short NRegion parts in overlap: 0 (0%)
Dropped overlaps with empty N region due to no complete NDN coverage: 0 (0%)
Number of left-side alignments: 592 (55.12%)
Number of right-side alignments: 309 (28.77%)
Complex overlaps: 0 (0%)
Over-overlaps: 0 (0%)
Partial alignments written to output: 1031 (96%)

>>>>>>>>>>>>>>>>>> mixcr assemblePartial <<<<<<<<<<<<<<<<<<
Running:
mixcr assemblePartial --report /projects/rpci/songyao/pnfioric/arc_project/airr_calculation/tcr_quant/results/mixcr_RS-04378661.assemblePartial.report.txt --json-report /projects/rpci/songyao/pnfioric/arc_project/airr_calculation/tcr_quant/results/mixcr_RS-04378661.assemblePartial.report.json /projects/rpci/songyao/pnfioric/arc_project/airr_calculation/tcr_quant/results/mixcr_RS-04378661.passembled.1.vdjca /projects/rpci/songyao/pnfioric/arc_project/airr_calculation/tcr_quant/results/mixcr_RS-04378661.passembled.2.vdjca
Building index: 0%
Searching for overlaps: 2%
================= report: assemblePartial =================
Analysis time: 95ms
Total alignments analysed: 1074
Number of output alignments: 1074 (100%)
Alignments already with CDR3 (no overlapping is performed): 43 (4%)
Successfully overlapped alignments: 0 (0%)
Left parts with too small N-region (failed to extract k-mer): 130 (12.1%)
Extracted k-mer diversity: 209
Dropped due to wildcard in k-mer: 0 (0%)
Dropped due to too short NRegion parts in overlap: 0 (0%)
Dropped overlaps with empty N region due to no complete NDN coverage: 0 (0%)
Number of left-side alignments: 592 (55.12%)
Number of right-side alignments: 309 (28.77%)
Complex overlaps: 0 (0%)
Over-overlaps: 0 (0%)
Partial alignments written to output: 1031 (96%)

>>>>>>>>>>>>>>>>>>>>>>> mixcr extend <<<<<<<<<<<<<<<<<<<<<<<
Running:
mixcr extend --report /projects/rpci/songyao/pnfioric/arc_project/airr_calculation/tcr_quant/results/mixcr_RS-04378661.extend.report.txt --json-report /projects/rpci/songyao/pnfioric/arc_project/airr_calculation/tcr_quant/results/mixcr_RS-04378661.extend.report.json --threads 12 /projects/rpci/songyao/pnfioric/arc_project/airr_calculation/tcr_quant/results/mixcr_RS-04378661.passembled.2.vdjca /projects/rpci/songyao/pnfioric/arc_project/airr_calculation/tcr_quant/results/mixcr_RS-04378661.extended.vdjca
Extending alignments: 0%
====================== report: extend ======================
Analysis time: 15ms
Extended alignments count: 0 (0%)
V extensions total: 0 (0%)
V extensions with merged targets: 0 (0%)
J extensions total: 0 (0%)
J extensions with merged targets: 0 (0%)
V+J extensions: 0 (0%)
Mean V extension length: NaN
Mean J extension length: NaN

>>>>>>>>>>>>>>>>>>>>>> mixcr assemble <<<<<<<<<<<<<<<<<<<<<<
Running:
mixcr assemble --report /projects/rpci/songyao/pnfioric/arc_project/airr_calculation/tcr_quant/results/mixcr_RS-04378661.assemble.report.txt --json-report /projects/rpci/songyao/pnfioric/arc_project/airr_calculation/tcr_quant/results/mixcr_RS-04378661.assemble.report.json /projects/rpci/songyao/pnfioric/arc_project/airr_calculation/tcr_quant/results/mixcr_RS-04378661.extended.vdjca /projects/rpci/songyao/pnfioric/arc_project/airr_calculation/tcr_quant/results/mixcr_RS-04378661.clna
Initialization: progress unknown
Initialization: progress unknown
===================== report: assemble =====================
Analysis time: 240ms
Final clonotype count: 1
Reads used in clonotypes, percent of total: 19 (0%)
Average number of reads per clonotype: 19
Reads dropped due to the lack of a clone sequence, percent of total: 1055 (0%)
Reads dropped due to a too short clonal sequence, percent of total: 0 (0%)
Reads dropped due to low quality, percent of total: 0 (0%)
Reads dropped due to failed mapping, percent of total: 0 (0%)
Reads dropped with low quality clones, percent of total: 0 (0%)
Aligned reads processed: 19
Reads used in clonotypes before clustering, percent of total: 19 (0%)
Number of reads used as a core, percent of used: 18 (94.74%)
Mapped low quality reads, percent of used: 1 (5.26%)
Reads clustered in PCR error correction, percent of used: 0 (0%)
Reads pre-clustered due to the similar VJC-lists, percent of used: 0 (0%)
Clonotypes dropped as low quality: 0
Clonotypes eliminated by PCR error correction: 0
Clonotypes pre-clustered due to the similar VJC-lists: 0
Clones dropped in post filtering: 0 (0%)
Reads dropped in post filtering: 0.0 (0%)
Reads filtered by tag prefix: 0 (0%)
IGL chains: 1 (100%)
IGL non-functional: 0 (0%)

>>>>>>>>>>>>>>>>>> mixcr assembleContigs <<<<<<<<<<<<<<<<<<
Running:
mixcr assembleContigs --report /projects/rpci/songyao/pnfioric/arc_project/airr_calculation/tcr_quant/results/mixcr_RS-04378661.assembleContigs.report.txt --json-report /projects/rpci/songyao/pnfioric/arc_project/airr_calculation/tcr_quant/results/mixcr_RS-04378661.assembleContigs.report.json --threads 12 /projects/rpci/songyao/pnfioric/arc_project/airr_calculation/tcr_quant/results/mixcr_RS-04378661.clna /projects/rpci/songyao/pnfioric/arc_project/airr_calculation/tcr_quant/results/mixcr_RS-04378661.contigs.clns
Assembling contigs: 0%
================= report: assembleContigs =================
Analysis time: 125ms
Initial clonotype count: 1
Final clonotype count: 1 (100%)
Canceled assemblies: 0 (0%)
Clones filtered out after assemble: 0 (0%)
Number of premature termination assembly events, percent of number of initial clonotypes: 0.0 (0%)
Longest contig length: 124
Clustered variants: 0 (0%)
Reads in clustered variants: 0.0 (0%)
Reads in divided (newly created) clones: 0.0 (0%)
Clones with ambiguous letters in splitting region: 0 (0%)
Reads in clones with ambiguous letters in splitting region: 0.0 (0%)
Average number of ambiguous letters per clone with ambiguous letters in splitting region: NaN
Clones combined after clustering: 0 (0%)

>>>>>>>>>>>>>>>>>>>>>>>>> mixcr qc <<<<<<<<<<<<<<<<<<<<<<<<<
Running:
mixcr qc --print-to-stdout /projects/rpci/songyao/pnfioric/arc_project/airr_calculation/tcr_quant/results/mixcr_RS-04378661.contigs.clns /projects/rpci/songyao/pnfioric/arc_project/airr_calculation/tcr_quant/results/mixcr_RS-04378661.qc.txt /projects/rpci/songyao/pnfioric/arc_project/airr_calculation/tcr_quant/results/mixcr_RS-04378661.qc.json

  Alignments dropped due to low sequence quality: 0.0% [OK]

>>>>>>>>>>>>>>>>>>>> mixcr exportClones <<<<<<<<<<<<<<<<<<<<
Running:
mixcr exportClones /projects/rpci/songyao/pnfioric/arc_project/airr_calculation/tcr_quant/results/mixcr_RS-04378661.contigs.clns /projects/rpci/songyao/pnfioric/arc_project/airr_calculation/tcr_quant/results/mixcr_RS-04378661.clones.tsv
Analysis finished successfully.
===============================
Visualize results and simplify your immune data analysis with a convenient UI.
Explore and install Platforma.bio here: https://platforma.bio
