WARNING: sun.reflect.Reflection.getCallerClass is not supported. This will impact performance.

>>>>>>>>>>>>>>>>>>>>>>> mixcr align <<<<<<<<<<<<<<<<<<<<<<<
Running:
mixcr align --report /projects/rpci/songyao/pnfioric/arc_project/airr_calculation/tcr_quant/results/mixcr_RS-04035153.align.report.txt --json-report /projects/rpci/songyao/pnfioric/arc_project/airr_calculation/tcr_quant/results/mixcr_RS-04035153.align.report.json --threads 12 --preset rna-seq --save-output-file-names /projects/rpci/songyao/pnfioric/arc_project/airr_calculation/tcr_quant/results/mixcr_RS-04035153.align.list.tsv --species hsa /projects/rpci/songyao/pnfioric/arc_project/airr_calculation/fastq_files/RS-04035153/RS-04417060_5_RS-04035153_S64_R1_001.fastq.gz /projects/rpci/songyao/pnfioric/arc_project/airr_calculation/fastq_files/RS-04035153/RS-04417060_5_RS-04035153_S64_R2_001.fastq.gz /projects/rpci/songyao/pnfioric/arc_project/airr_calculation/tcr_quant/results/mixcr_RS-04035153.alignments.vdjca
Alignment: 0%
Alignment: 5%  ETA: 00:38:11
Alignment: 10.1%  ETA: 00:35:21
Alignment: 15.1%  ETA: 00:33:53
Alignment: 20.2%  ETA: 00:30:53
Alignment: 25.3%  ETA: 00:29:21
Alignment: 30.3%  ETA: 00:27:47
Alignment: 35.4%  ETA: 00:25:47
Alignment: 40.4%  ETA: 00:23:47
Alignment: 45.5%  ETA: 00:21:16
Alignment: 50.6%  ETA: 00:19:25
Alignment: 55.6%  ETA: 00:17:42
Alignment: 60.6%  ETA: 00:15:50
Alignment: 65.7%  ETA: 00:13:29
Alignment: 70.7%  ETA: 00:11:41
Alignment: 75.7%  ETA: 00:09:36
Alignment: 80.7%  ETA: 00:07:41
Alignment: 85.8%  ETA: 00:05:37
Alignment: 90.8%  ETA: 00:03:39
Alignment: 95.9%  ETA: 00:01:36
====================== report: align ======================
Analysis time: 39.65m
Total sequencing reads: 61756760
Successfully aligned reads: 2743 (0%)
Coverage (percent of successfully aligned):
  CDR3: 26 (0.95%)
  FR3_TO_FR4: 0 (0%)
  CDR2_TO_FR4: 0 (0%)
  FR2_TO_FR4: 0 (0%)
  CDR1_TO_FR4: 0 (0%)
  VDJRegion: 0 (0%)
Alignment failed: no hits (not TCR/IG?): 59443123 (96.25%)
Alignment failed: no CDR3 parts: 19280 (0.03%)
Alignment failed: low total score: 2291614 (3.71%)
Overlapped: 50840511 (82.32%)
Overlapped and aligned: 2343 (0%)
Overlapped and not aligned: 50838168 (82.32%)
Alignment-aided overlaps, percent of overlapped and aligned: 1 (0.04%)
No CDR3 parts alignments, percent of successfully aligned: 11 (0.4%)
Partial aligned reads, percent of successfully aligned: 2706 (98.65%)
V gene chimeras: 397 (0%)
Realigned with forced non-floating bound: 21832500 (35.35%)
Realigned with forced non-floating right bound in left read: 587 (0%)
Realigned with forced non-floating left bound in right read: 587 (0%)
TRA chains: 1025 (37.37%)
TRA non-functional: 0 (0%)
TRB chains: 188 (6.85%)
TRB non-functional: 0 (0%)
IGH chains: 1034 (37.7%)
IGH non-functional: 0 (0%)
IGK chains: 30 (1.09%)
IGK non-functional: 0 (0%)
IGL chains: 466 (16.99%)
IGL non-functional: 0 (0%)
Trimming report:
  R1 reads trimmed left: 8366610 (13.55%)
  R1 reads trimmed right: 8478868 (13.73%)
  Average R1 nucleotides trimmed left: 2.303097037474116
  Average R1 nucleotides trimmed right: 2.446709267131242
  R2 reads trimmed left: 8209623 (13.29%)
  R2 reads trimmed right: 8320681 (13.47%)
  Average R2 nucleotides trimmed left: 2.259808659003484
  Average R2 nucleotides trimmed right: 2.4006766870541782

>>>>>>>>>>>>>>>>>> mixcr assemblePartial <<<<<<<<<<<<<<<<<<
Running:
mixcr assemblePartial --report /projects/rpci/songyao/pnfioric/arc_project/airr_calculation/tcr_quant/results/mixcr_RS-04035153.assemblePartial.report.txt --json-report /projects/rpci/songyao/pnfioric/arc_project/airr_calculation/tcr_quant/results/mixcr_RS-04035153.assemblePartial.report.json /projects/rpci/songyao/pnfioric/arc_project/airr_calculation/tcr_quant/results/mixcr_RS-04035153.alignments.vdjca /projects/rpci/songyao/pnfioric/arc_project/airr_calculation/tcr_quant/results/mixcr_RS-04035153.passembled.1.vdjca
Building index: 0%
Searching for overlaps: 0%
================= report: assemblePartial =================
Analysis time: 364ms
Total alignments analysed: 2743
Number of output alignments: 2743 (100%)
Alignments already with CDR3 (no overlapping is performed): 26 (0.95%)
Successfully overlapped alignments: 0 (0%)
Left parts with too small N-region (failed to extract k-mer): 311 (11.34%)
Extracted k-mer diversity: 313
Dropped due to wildcard in k-mer: 0 (0%)
Dropped due to too short NRegion parts in overlap: 0 (0%)
Dropped overlaps with empty N region due to no complete NDN coverage: 0 (0%)
Number of left-side alignments: 619 (22.57%)
Number of right-side alignments: 1787 (65.15%)
Complex overlaps: 0 (0%)
Over-overlaps: 0 (0%)
Partial alignments written to output: 2717 (99.05%)

>>>>>>>>>>>>>>>>>> mixcr assemblePartial <<<<<<<<<<<<<<<<<<
Running:
mixcr assemblePartial --report /projects/rpci/songyao/pnfioric/arc_project/airr_calculation/tcr_quant/results/mixcr_RS-04035153.assemblePartial.report.txt --json-report /projects/rpci/songyao/pnfioric/arc_project/airr_calculation/tcr_quant/results/mixcr_RS-04035153.assemblePartial.report.json /projects/rpci/songyao/pnfioric/arc_project/airr_calculation/tcr_quant/results/mixcr_RS-04035153.passembled.1.vdjca /projects/rpci/songyao/pnfioric/arc_project/airr_calculation/tcr_quant/results/mixcr_RS-04035153.passembled.2.vdjca
Building index: 0%
Searching for overlaps: 0.1%
================= report: assemblePartial =================
Analysis time: 52ms
Total alignments analysed: 2743
Number of output alignments: 2743 (100%)
Alignments already with CDR3 (no overlapping is performed): 26 (0.95%)
Successfully overlapped alignments: 0 (0%)
Left parts with too small N-region (failed to extract k-mer): 311 (11.34%)
Extracted k-mer diversity: 313
Dropped due to wildcard in k-mer: 0 (0%)
Dropped due to too short NRegion parts in overlap: 0 (0%)
Dropped overlaps with empty N region due to no complete NDN coverage: 0 (0%)
Number of left-side alignments: 619 (22.57%)
Number of right-side alignments: 1787 (65.15%)
Complex overlaps: 0 (0%)
Over-overlaps: 0 (0%)
Partial alignments written to output: 2717 (99.05%)

>>>>>>>>>>>>>>>>>>>>>>> mixcr extend <<<<<<<<<<<<<<<<<<<<<<<
Running:
mixcr extend --report /projects/rpci/songyao/pnfioric/arc_project/airr_calculation/tcr_quant/results/mixcr_RS-04035153.extend.report.txt --json-report /projects/rpci/songyao/pnfioric/arc_project/airr_calculation/tcr_quant/results/mixcr_RS-04035153.extend.report.json --threads 12 /projects/rpci/songyao/pnfioric/arc_project/airr_calculation/tcr_quant/results/mixcr_RS-04035153.passembled.2.vdjca /projects/rpci/songyao/pnfioric/arc_project/airr_calculation/tcr_quant/results/mixcr_RS-04035153.extended.vdjca
Extending alignments: 0%
====================== report: extend ======================
Analysis time: 27ms
Extended alignments count: 0 (0%)
V extensions total: 0 (0%)
V extensions with merged targets: 0 (0%)
J extensions total: 0 (0%)
J extensions with merged targets: 0 (0%)
V+J extensions: 0 (0%)
Mean V extension length: NaN
Mean J extension length: NaN

>>>>>>>>>>>>>>>>>>>>>> mixcr assemble <<<<<<<<<<<<<<<<<<<<<<
Running:
mixcr assemble --report /projects/rpci/songyao/pnfioric/arc_project/airr_calculation/tcr_quant/results/mixcr_RS-04035153.assemble.report.txt --json-report /projects/rpci/songyao/pnfioric/arc_project/airr_calculation/tcr_quant/results/mixcr_RS-04035153.assemble.report.json /projects/rpci/songyao/pnfioric/arc_project/airr_calculation/tcr_quant/results/mixcr_RS-04035153.extended.vdjca /projects/rpci/songyao/pnfioric/arc_project/airr_calculation/tcr_quant/results/mixcr_RS-04035153.clna
Initialization: progress unknown
Initialization: progress unknown
===================== report: assemble =====================
Analysis time: 384ms
Final clonotype count: 2
Reads used in clonotypes, percent of total: 26 (0%)
Average number of reads per clonotype: 13
Reads dropped due to the lack of a clone sequence, percent of total: 2717 (0%)
Reads dropped due to a too short clonal sequence, percent of total: 0 (0%)
Reads dropped due to low quality, percent of total: 0 (0%)
Reads dropped due to failed mapping, percent of total: 0 (0%)
Reads dropped with low quality clones, percent of total: 0 (0%)
Aligned reads processed: 26
Reads used in clonotypes before clustering, percent of total: 26 (0%)
Number of reads used as a core, percent of used: 26 (100%)
Mapped low quality reads, percent of used: 0 (0%)
Reads clustered in PCR error correction, percent of used: 0 (0%)
Reads pre-clustered due to the similar VJC-lists, percent of used: 0 (0%)
Clonotypes dropped as low quality: 0
Clonotypes eliminated by PCR error correction: 0
Clonotypes pre-clustered due to the similar VJC-lists: 0
Clones dropped in post filtering: 0 (0%)
Reads dropped in post filtering: 0.0 (0%)
Reads filtered by tag prefix: 0 (0%)
TRA chains: 1 (50%)
TRA non-functional: 0 (0%)
IGK chains: 1 (50%)
IGK non-functional: 0 (0%)

>>>>>>>>>>>>>>>>>> mixcr assembleContigs <<<<<<<<<<<<<<<<<<
Running:
mixcr assembleContigs --report /projects/rpci/songyao/pnfioric/arc_project/airr_calculation/tcr_quant/results/mixcr_RS-04035153.assembleContigs.report.txt --json-report /projects/rpci/songyao/pnfioric/arc_project/airr_calculation/tcr_quant/results/mixcr_RS-04035153.assembleContigs.report.json --threads 12 /projects/rpci/songyao/pnfioric/arc_project/airr_calculation/tcr_quant/results/mixcr_RS-04035153.clna /projects/rpci/songyao/pnfioric/arc_project/airr_calculation/tcr_quant/results/mixcr_RS-04035153.contigs.clns
Assembling contigs: 0%
================= report: assembleContigs =================
Analysis time: 124ms
Initial clonotype count: 2
Final clonotype count: 2 (100%)
Canceled assemblies: 0 (0%)
Clones filtered out after assemble: 0 (0%)
Number of premature termination assembly events, percent of number of initial clonotypes: 0.0 (0%)
Longest contig length: 108
Clustered variants: 0 (0%)
Reads in clustered variants: 0.0 (0%)
Reads in divided (newly created) clones: 0.0 (0%)
Clones with ambiguous letters in splitting region: 0 (0%)
Reads in clones with ambiguous letters in splitting region: 0.0 (0%)
Average number of ambiguous letters per clone with ambiguous letters in splitting region: NaN
Clones combined after clustering: 0 (0%)

>>>>>>>>>>>>>>>>>>>>>>>>> mixcr qc <<<<<<<<<<<<<<<<<<<<<<<<<
Running:
mixcr qc --print-to-stdout /projects/rpci/songyao/pnfioric/arc_project/airr_calculation/tcr_quant/results/mixcr_RS-04035153.contigs.clns /projects/rpci/songyao/pnfioric/arc_project/airr_calculation/tcr_quant/results/mixcr_RS-04035153.qc.txt /projects/rpci/songyao/pnfioric/arc_project/airr_calculation/tcr_quant/results/mixcr_RS-04035153.qc.json

  Alignments dropped due to low sequence quality: 0.0% [OK]

>>>>>>>>>>>>>>>>>>>> mixcr exportClones <<<<<<<<<<<<<<<<<<<<
Running:
mixcr exportClones /projects/rpci/songyao/pnfioric/arc_project/airr_calculation/tcr_quant/results/mixcr_RS-04035153.contigs.clns /projects/rpci/songyao/pnfioric/arc_project/airr_calculation/tcr_quant/results/mixcr_RS-04035153.clones.tsv
Analysis finished successfully.
===============================
Visualize results and simplify your immune data analysis with a convenient UI.
Explore and install Platforma.bio here: https://platforma.bio
