WARNING: sun.reflect.Reflection.getCallerClass is not supported. This will impact performance.

>>>>>>>>>>>>>>>>>>>>>>> mixcr align <<<<<<<<<<<<<<<<<<<<<<<
Running:
mixcr align --report /projects/rpci/songyao/pnfioric/arc_project/airr_calculation/tcr_quant/results/mixcr_RS-04378631.align.report.txt --json-report /projects/rpci/songyao/pnfioric/arc_project/airr_calculation/tcr_quant/results/mixcr_RS-04378631.align.report.json --threads 12 --preset rna-seq --save-output-file-names /projects/rpci/songyao/pnfioric/arc_project/airr_calculation/tcr_quant/results/mixcr_RS-04378631.align.list.tsv --species hsa /projects/rpci/songyao/pnfioric/arc_project/airr_calculation/fastq_files/RS-04378631/RS-04378631_HAYS13001936-A11_RS-03689429_S24_R1_001.fastq.gz /projects/rpci/songyao/pnfioric/arc_project/airr_calculation/fastq_files/RS-04378631/RS-04378631_HAYS13001936-A11_RS-03689429_S24_R2_001.fastq.gz /projects/rpci/songyao/pnfioric/arc_project/airr_calculation/tcr_quant/results/mixcr_RS-04378631.alignments.vdjca
Alignment: 0%
Alignment: 3.6%  ETA: 00:52:55
Alignment: 7.4%  ETA: 00:49:09
Alignment: 11.1%  ETA: 00:47:34
Alignment: 14.9%  ETA: 00:45:57
Alignment: 18.6%  ETA: 00:43:11
Alignment: 22.3%  ETA: 00:41:55
Alignment: 26%  ETA: 00:40:17
Alignment: 29.7%  ETA: 00:37:57
Alignment: 33.4%  ETA: 00:36:36
Alignment: 37%  ETA: 00:34:17
Alignment: 40.7%  ETA: 00:32:00
Alignment: 44.4%  ETA: 00:30:33
Alignment: 48.1%  ETA: 00:28:02
Alignment: 51.8%  ETA: 00:26:16
Alignment: 55.4%  ETA: 00:24:30
Alignment: 59.1%  ETA: 00:22:17
Alignment: 62.7%  ETA: 00:20:28
Alignment: 66.4%  ETA: 00:18:18
Alignment: 70.1%  ETA: 00:16:18
Alignment: 73.8%  ETA: 00:14:10
Alignment: 77.4%  ETA: 00:12:24
Alignment: 81%  ETA: 00:10:31
Alignment: 84.7%  ETA: 00:08:25
Alignment: 88.4%  ETA: 00:06:12
Alignment: 92%  ETA: 00:04:22
Alignment: 95.7%  ETA: 00:02:17
Alignment: 99.4%  ETA: 00:00:17
====================== report: align ======================
Analysis time: 54.36m
Total sequencing reads: 63053798
Successfully aligned reads: 9647 (0.02%)
Coverage (percent of successfully aligned):
  CDR3: 2368 (24.55%)
  FR3_TO_FR4: 30 (0.31%)
  CDR2_TO_FR4: 0 (0%)
  FR2_TO_FR4: 0 (0%)
  CDR1_TO_FR4: 0 (0%)
  VDJRegion: 0 (0%)
Alignment failed: no hits (not TCR/IG?): 61934534 (98.22%)
Alignment failed: no CDR3 parts: 21986 (0.03%)
Alignment failed: low total score: 1087631 (1.72%)
Overlapped: 57178939 (90.68%)
Overlapped and aligned: 8897 (0.01%)
Overlapped and not aligned: 57170042 (90.67%)
Alignment-aided overlaps, percent of overlapped and aligned: 186 (2.09%)
No CDR3 parts alignments, percent of successfully aligned: 405 (4.2%)
Partial aligned reads, percent of successfully aligned: 6874 (71.26%)
Realigned with forced non-floating bound: 11750090 (18.64%)
Realigned with forced non-floating right bound in left read: 301 (0%)
Realigned with forced non-floating left bound in right read: 301 (0%)
TRA chains: 88 (0.91%)
TRA non-functional: 0 (0%)
TRB chains: 37 (0.38%)
TRB non-functional: 0 (0%)
IGH chains: 4021 (41.68%)
IGH non-functional: 1 (0.02%)
TRAD chains: 11 (0.11%)
TRAD non-functional: 0 (0%)
IGK chains: 2334 (24.19%)
IGK non-functional: 131 (5.61%)
IGL chains: 3156 (32.71%)
IGL non-functional: 49 (1.55%)
Trimming report:
  R1 reads trimmed left: 1029121 (1.63%)
  R1 reads trimmed right: 1047223 (1.66%)
  Average R1 nucleotides trimmed left: 0.277440829178918
  Average R1 nucleotides trimmed right: 0.29532734887754103
  R2 reads trimmed left: 1008826 (1.6%)
  R2 reads trimmed right: 1025653 (1.63%)
  Average R2 nucleotides trimmed left: 0.2718430854870947
  Average R2 nucleotides trimmed right: 0.2892069721160968

>>>>>>>>>>>>>>>>>> mixcr assemblePartial <<<<<<<<<<<<<<<<<<
Running:
mixcr assemblePartial --report /projects/rpci/songyao/pnfioric/arc_project/airr_calculation/tcr_quant/results/mixcr_RS-04378631.assemblePartial.report.txt --json-report /projects/rpci/songyao/pnfioric/arc_project/airr_calculation/tcr_quant/results/mixcr_RS-04378631.assemblePartial.report.json /projects/rpci/songyao/pnfioric/arc_project/airr_calculation/tcr_quant/results/mixcr_RS-04378631.alignments.vdjca /projects/rpci/songyao/pnfioric/arc_project/airr_calculation/tcr_quant/results/mixcr_RS-04378631.passembled.1.vdjca
Building index: 0%
Searching for overlaps: 0%
================= report: assemblePartial =================
Analysis time: 450ms
Total alignments analysed: 9647
Number of output alignments: 9640 (99.93%)
Alignments already with CDR3 (no overlapping is performed): 2524 (26.16%)
Successfully overlapped alignments: 7 (0.07%)
Left parts with too small N-region (failed to extract k-mer): 1766 (18.31%)
Extracted k-mer diversity: 1041
Dropped due to wildcard in k-mer: 0 (0%)
Dropped due to too short NRegion parts in overlap: 36 (0.37%)
Dropped overlaps with empty N region due to no complete NDN coverage: 0 (0%)
Number of left-side alignments: 1134 (11.75%)
Number of right-side alignments: 4266 (44.22%)
Complex overlaps: 0 (0%)
Over-overlaps: 0 (0%)
Partial alignments written to output: 7109 (73.69%)

>>>>>>>>>>>>>>>>>> mixcr assemblePartial <<<<<<<<<<<<<<<<<<
Running:
mixcr assemblePartial --report /projects/rpci/songyao/pnfioric/arc_project/airr_calculation/tcr_quant/results/mixcr_RS-04378631.assemblePartial.report.txt --json-report /projects/rpci/songyao/pnfioric/arc_project/airr_calculation/tcr_quant/results/mixcr_RS-04378631.assemblePartial.report.json /projects/rpci/songyao/pnfioric/arc_project/airr_calculation/tcr_quant/results/mixcr_RS-04378631.passembled.1.vdjca /projects/rpci/songyao/pnfioric/arc_project/airr_calculation/tcr_quant/results/mixcr_RS-04378631.passembled.2.vdjca
Building index: 0%
Searching for overlaps: 0%
================= report: assemblePartial =================
Analysis time: 230ms
Total alignments analysed: 9640
Number of output alignments: 9640 (100%)
Alignments already with CDR3 (no overlapping is performed): 2531 (26.26%)
Successfully overlapped alignments: 0 (0%)
Left parts with too small N-region (failed to extract k-mer): 1766 (18.32%)
Extracted k-mer diversity: 1041
Dropped due to wildcard in k-mer: 0 (0%)
Dropped due to too short NRegion parts in overlap: 35 (0.36%)
Dropped overlaps with empty N region due to no complete NDN coverage: 0 (0%)
Number of left-side alignments: 1127 (11.69%)
Number of right-side alignments: 4259 (44.18%)
Complex overlaps: 0 (0%)
Over-overlaps: 0 (0%)
Partial alignments written to output: 7109 (73.74%)

>>>>>>>>>>>>>>>>>>>>>>> mixcr extend <<<<<<<<<<<<<<<<<<<<<<<
Running:
mixcr extend --report /projects/rpci/songyao/pnfioric/arc_project/airr_calculation/tcr_quant/results/mixcr_RS-04378631.extend.report.txt --json-report /projects/rpci/songyao/pnfioric/arc_project/airr_calculation/tcr_quant/results/mixcr_RS-04378631.extend.report.json --threads 12 /projects/rpci/songyao/pnfioric/arc_project/airr_calculation/tcr_quant/results/mixcr_RS-04378631.passembled.2.vdjca /projects/rpci/songyao/pnfioric/arc_project/airr_calculation/tcr_quant/results/mixcr_RS-04378631.extended.vdjca
Extending alignments: 0%
====================== report: extend ======================
Analysis time: 160ms
Extended alignments count: 0 (0%)
V extensions total: 0 (0%)
V extensions with merged targets: 0 (0%)
J extensions total: 0 (0%)
J extensions with merged targets: 0 (0%)
V+J extensions: 0 (0%)
Mean V extension length: NaN
Mean J extension length: NaN

>>>>>>>>>>>>>>>>>>>>>> mixcr assemble <<<<<<<<<<<<<<<<<<<<<<
Running:
mixcr assemble --report /projects/rpci/songyao/pnfioric/arc_project/airr_calculation/tcr_quant/results/mixcr_RS-04378631.assemble.report.txt --json-report /projects/rpci/songyao/pnfioric/arc_project/airr_calculation/tcr_quant/results/mixcr_RS-04378631.assemble.report.json /projects/rpci/songyao/pnfioric/arc_project/airr_calculation/tcr_quant/results/mixcr_RS-04378631.extended.vdjca /projects/rpci/songyao/pnfioric/arc_project/airr_calculation/tcr_quant/results/mixcr_RS-04378631.clna
Initialization: progress unknown
Initialization: progress unknown
===================== report: assemble =====================
Analysis time: 763ms
Final clonotype count: 100
Reads used in clonotypes, percent of total: 2372 (0%)
Average number of reads per clonotype: 23.72
Reads dropped due to the lack of a clone sequence, percent of total: 7265 (0.01%)
Reads dropped due to a too short clonal sequence, percent of total: 0 (0%)
Reads dropped due to low quality, percent of total: 0 (0%)
Reads dropped due to failed mapping, percent of total: 5 (0%)
Reads dropped with low quality clones, percent of total: 0 (0%)
Aligned reads processed: 2382
Reads used in clonotypes before clustering, percent of total: 2377 (0%)
Number of reads used as a core, percent of used: 2354 (99.03%)
Mapped low quality reads, percent of used: 23 (0.97%)
Reads clustered in PCR error correction, percent of used: 5 (0.21%)
Reads pre-clustered due to the similar VJC-lists, percent of used: 0 (0%)
Clonotypes dropped as low quality: 0
Clonotypes eliminated by PCR error correction: 5
Clonotypes pre-clustered due to the similar VJC-lists: 0
Clones dropped in post filtering: 0 (0%)
Reads dropped in post filtering: 0.0 (0%)
Reads filtered by tag prefix: 0 (0%)
TRA chains: 1 (1%)
TRA non-functional: 0 (0%)
TRB chains: 1 (1%)
TRB non-functional: 0 (0%)
IGH chains: 29 (29%)
IGH non-functional: 0 (0%)
IGK chains: 40 (40%)
IGK non-functional: 4 (10%)
IGL chains: 29 (29%)
IGL non-functional: 1 (3.45%)

>>>>>>>>>>>>>>>>>> mixcr assembleContigs <<<<<<<<<<<<<<<<<<
Running:
mixcr assembleContigs --report /projects/rpci/songyao/pnfioric/arc_project/airr_calculation/tcr_quant/results/mixcr_RS-04378631.assembleContigs.report.txt --json-report /projects/rpci/songyao/pnfioric/arc_project/airr_calculation/tcr_quant/results/mixcr_RS-04378631.assembleContigs.report.json --threads 12 /projects/rpci/songyao/pnfioric/arc_project/airr_calculation/tcr_quant/results/mixcr_RS-04378631.clna /projects/rpci/songyao/pnfioric/arc_project/airr_calculation/tcr_quant/results/mixcr_RS-04378631.contigs.clns
Assembling contigs: 0%
================= report: assembleContigs =================
Analysis time: 634ms
Initial clonotype count: 100
Final clonotype count: 100 (100%)
Canceled assemblies: 0 (0%)
Clones filtered out after assemble: 0 (0%)
Number of premature termination assembly events, percent of number of initial clonotypes: 0.0 (0%)
Longest contig length: 264
Clustered variants: 0 (0%)
Reads in clustered variants: 0.0 (0%)
Reads in divided (newly created) clones: 0.0 (0%)
Clones with ambiguous letters in splitting region: 0 (0%)
Reads in clones with ambiguous letters in splitting region: 0.0 (0%)
Average number of ambiguous letters per clone with ambiguous letters in splitting region: NaN
Clones combined after clustering: 0 (0%)

>>>>>>>>>>>>>>>>>>>>>>>>> mixcr qc <<<<<<<<<<<<<<<<<<<<<<<<<
Running:
mixcr qc --print-to-stdout /projects/rpci/songyao/pnfioric/arc_project/airr_calculation/tcr_quant/results/mixcr_RS-04378631.contigs.clns /projects/rpci/songyao/pnfioric/arc_project/airr_calculation/tcr_quant/results/mixcr_RS-04378631.qc.txt /projects/rpci/songyao/pnfioric/arc_project/airr_calculation/tcr_quant/results/mixcr_RS-04378631.qc.json

  Alignments dropped due to low sequence quality: 0.0% [OK]

>>>>>>>>>>>>>>>>>>>> mixcr exportClones <<<<<<<<<<<<<<<<<<<<
Running:
mixcr exportClones /projects/rpci/songyao/pnfioric/arc_project/airr_calculation/tcr_quant/results/mixcr_RS-04378631.contigs.clns /projects/rpci/songyao/pnfioric/arc_project/airr_calculation/tcr_quant/results/mixcr_RS-04378631.clones.tsv
Analysis finished successfully.
===============================
Visualize results and simplify your immune data analysis with a convenient UI.
Explore and install Platforma.bio here: https://platforma.bio
