Exporting TRB
Exporting clones: 12.5%
Filtered 8 of 571 clones (98.6%).
Filtered 31.0 of 9378.0 reads (99.67%).
Exporting TRA
Exporting clones: 7.1%
Filtered 14 of 571 clones (97.55%).
Filtered 106.0 of 9378.0 reads (98.87%).
Exporting IGH
Exporting clones: 0.6%
Filtered 158 of 571 clones (72.33%).
Filtered 1536.0 of 9378.0 reads (83.62%).
Exporting TRG
Exporting clones: 100%
Filtered 1 of 571 clones (99.82%).
Filtered 24.0 of 9378.0 reads (99.74%).
Exporting IGL
Exporting clones: 1.8%
Filtered 114 of 571 clones (80.04%).
Filtered 2347.0 of 9378.0 reads (74.97%).
Exporting IGK
Exporting clones: 1.1%
Filtered 276 of 571 clones (51.66%).
Filtered 5334.0 of 9378.0 reads (43.12%).
