WARNING: sun.reflect.Reflection.getCallerClass is not supported. This will impact performance.

>>>>>>>>>>>>>>>>>>>>>>> mixcr align <<<<<<<<<<<<<<<<<<<<<<<
Running:
mixcr align --report /projects/rpci/songyao/pnfioric/arc_project/airr_calculation/tcr_quant/results/mixcr_RS-04396852.align.report.txt --json-report /projects/rpci/songyao/pnfioric/arc_project/airr_calculation/tcr_quant/results/mixcr_RS-04396852.align.report.json --threads 12 --preset rna-seq --save-output-file-names /projects/rpci/songyao/pnfioric/arc_project/airr_calculation/tcr_quant/results/mixcr_RS-04396852.align.list.tsv --species hsa /projects/rpci/songyao/pnfioric/arc_project/airr_calculation/fastq_files/RS-04396852/RS-04396852_NJ01022_RS-03521983_S191_R1_001.fastq.gz /projects/rpci/songyao/pnfioric/arc_project/airr_calculation/fastq_files/RS-04396852/RS-04396852_NJ01022_RS-03521983_S191_R2_001.fastq.gz /projects/rpci/songyao/pnfioric/arc_project/airr_calculation/tcr_quant/results/mixcr_RS-04396852.alignments.vdjca
Alignment: 0%
Alignment: 2.8%  ETA: 01:09:35
Alignment: 5.6%  ETA: 01:06:52
Alignment: 8.4%  ETA: 01:04:52
Alignment: 11.2%  ETA: 01:03:33
Alignment: 14%  ETA: 01:01:33
Alignment: 16.9%  ETA: 00:58:19
Alignment: 19.7%  ETA: 00:56:19
Alignment: 22.6%  ETA: 00:53:46
Alignment: 25.4%  ETA: 00:52:50
Alignment: 28.2%  ETA: 00:51:23
Alignment: 31%  ETA: 00:49:54
Alignment: 33.8%  ETA: 00:47:24
Alignment: 36.5%  ETA: 00:45:53
Alignment: 39.4%  ETA: 00:42:58
Alignment: 42.2%  ETA: 00:40:57
Alignment: 45%  ETA: 00:39:23
Alignment: 47.8%  ETA: 00:36:59
Alignment: 50.6%  ETA: 00:35:21
Alignment: 53.4%  ETA: 00:33:21
Alignment: 56.2%  ETA: 00:31:42
Alignment: 59%  ETA: 00:29:03
Alignment: 61.8%  ETA: 00:27:39
Alignment: 64.5%  ETA: 00:25:22
Alignment: 67.4%  ETA: 00:22:37
Alignment: 70.2%  ETA: 00:21:19
Alignment: 73.1%  ETA: 00:18:53
Alignment: 75.9%  ETA: 00:17:16
Alignment: 78.6%  ETA: 00:15:27
Alignment: 81.4%  ETA: 00:13:17
Alignment: 84.2%  ETA: 00:11:26
Alignment: 87%  ETA: 00:09:19
Alignment: 89.8%  ETA: 00:07:13
Alignment: 92.6%  ETA: 00:05:17
Alignment: 95.5%  ETA: 00:03:08
Alignment: 98.3%  ETA: 00:01:12
====================== report: align ======================
Analysis time: 71.26m
Total sequencing reads: 67059404
Successfully aligned reads: 13688 (0.02%)
Coverage (percent of successfully aligned):
  CDR3: 3648 (26.65%)
  FR3_TO_FR4: 42 (0.31%)
  CDR2_TO_FR4: 12 (0.09%)
  FR2_TO_FR4: 0 (0%)
  CDR1_TO_FR4: 2 (0.01%)
  VDJRegion: 0 (0%)
Alignment failed: no hits (not TCR/IG?): 65372856 (97.48%)
Alignment failed after alignment-aided overlap: 1 (0%)
Alignment failed: no CDR3 parts: 29891 (0.04%)
Alignment failed: low total score: 1642968 (2.45%)
Overlapped: 52847759 (78.81%)
Overlapped and aligned: 11293 (0.02%)
Overlapped and not aligned: 52836466 (78.79%)
Alignment-aided overlaps, percent of overlapped and aligned: 509 (4.51%)
No CDR3 parts alignments, percent of successfully aligned: 163 (1.19%)
Partial aligned reads, percent of successfully aligned: 9877 (72.16%)
V gene chimeras: 8 (0%)
J gene chimeras: 21 (0%)
Paired-end alignment conflicts eliminated: 7 (0%)
Realigned with forced non-floating bound: 28424308 (42.39%)
Realigned with forced non-floating right bound in left read: 1122 (0%)
Realigned with forced non-floating left bound in right read: 1122 (0%)
TRA chains: 1237 (9.04%)
TRA non-functional: 11 (0.89%)
TRB chains: 692 (5.06%)
TRB non-functional: 4 (0.58%)
TRD chains: 25 (0.18%)
TRD non-functional: 0 (0%)
TRG chains: 61 (0.45%)
TRG non-functional: 10 (16.39%)
IGH chains: 4939 (36.08%)
IGH non-functional: 20 (0.4%)
TRAD chains: 43 (0.31%)
TRAD non-functional: 0 (0%)
IGK chains: 3512 (25.66%)
IGK non-functional: 93 (2.65%)
IGL chains: 3179 (23.22%)
IGL non-functional: 14 (0.44%)
Trimming report:
  R1 reads trimmed left: 40246 (0.06%)
  R1 reads trimmed right: 44650 (0.07%)
  Average R1 nucleotides trimmed left: 0.010197928391967218
  Average R1 nucleotides trimmed right: 0.013206022528920777
  R2 reads trimmed left: 42920 (0.06%)
  R2 reads trimmed right: 42423 (0.06%)
  Average R2 nucleotides trimmed left: 0.010162586592627636
  Average R2 nucleotides trimmed right: 0.011043000024276982

>>>>>>>>>>>>>>>>>> mixcr assemblePartial <<<<<<<<<<<<<<<<<<
Running:
mixcr assemblePartial --report /projects/rpci/songyao/pnfioric/arc_project/airr_calculation/tcr_quant/results/mixcr_RS-04396852.assemblePartial.report.txt --json-report /projects/rpci/songyao/pnfioric/arc_project/airr_calculation/tcr_quant/results/mixcr_RS-04396852.assemblePartial.report.json /projects/rpci/songyao/pnfioric/arc_project/airr_calculation/tcr_quant/results/mixcr_RS-04396852.alignments.vdjca /projects/rpci/songyao/pnfioric/arc_project/airr_calculation/tcr_quant/results/mixcr_RS-04396852.passembled.1.vdjca
Building index: 0%
Searching for overlaps: 0%
================= report: assemblePartial =================
Analysis time: 627ms
Total alignments analysed: 13688
Number of output alignments: 13572 (99.15%)
Alignments already with CDR3 (no overlapping is performed): 3925 (28.67%)
Successfully overlapped alignments: 116 (0.85%)
Left parts with too small N-region (failed to extract k-mer): 2537 (18.53%)
Extracted k-mer diversity: 8383
Dropped due to wildcard in k-mer: 0 (0%)
Dropped due to too short NRegion parts in overlap: 83 (0.61%)
Dropped overlaps with empty N region due to no complete NDN coverage: 1 (0.01%)
Number of left-side alignments: 1758 (12.84%)
Number of right-side alignments: 5572 (40.71%)
Complex overlaps: 0 (0%)
Over-overlaps: 0 (0%)
Partial alignments written to output: 9531 (69.63%)

>>>>>>>>>>>>>>>>>> mixcr assemblePartial <<<<<<<<<<<<<<<<<<
Running:
mixcr assemblePartial --report /projects/rpci/songyao/pnfioric/arc_project/airr_calculation/tcr_quant/results/mixcr_RS-04396852.assemblePartial.report.txt --json-report /projects/rpci/songyao/pnfioric/arc_project/airr_calculation/tcr_quant/results/mixcr_RS-04396852.assemblePartial.report.json /projects/rpci/songyao/pnfioric/arc_project/airr_calculation/tcr_quant/results/mixcr_RS-04396852.passembled.1.vdjca /projects/rpci/songyao/pnfioric/arc_project/airr_calculation/tcr_quant/results/mixcr_RS-04396852.passembled.2.vdjca
Building index: 0%
Searching for overlaps: 0%
================= report: assemblePartial =================
Analysis time: 254ms
Total alignments analysed: 13572
Number of output alignments: 13572 (100%)
Alignments already with CDR3 (no overlapping is performed): 4041 (29.77%)
Successfully overlapped alignments: 0 (0%)
Left parts with too small N-region (failed to extract k-mer): 2534 (18.67%)
Extracted k-mer diversity: 8107
Dropped due to wildcard in k-mer: 0 (0%)
Dropped due to too short NRegion parts in overlap: 70 (0.52%)
Dropped overlaps with empty N region due to no complete NDN coverage: 0 (0%)
Number of left-side alignments: 1637 (12.06%)
Number of right-side alignments: 5451 (40.16%)
Complex overlaps: 0 (0%)
Over-overlaps: 0 (0%)
Partial alignments written to output: 9531 (70.23%)

>>>>>>>>>>>>>>>>>>>>>>> mixcr extend <<<<<<<<<<<<<<<<<<<<<<<
Running:
mixcr extend --report /projects/rpci/songyao/pnfioric/arc_project/airr_calculation/tcr_quant/results/mixcr_RS-04396852.extend.report.txt --json-report /projects/rpci/songyao/pnfioric/arc_project/airr_calculation/tcr_quant/results/mixcr_RS-04396852.extend.report.json --threads 12 /projects/rpci/songyao/pnfioric/arc_project/airr_calculation/tcr_quant/results/mixcr_RS-04396852.passembled.2.vdjca /projects/rpci/songyao/pnfioric/arc_project/airr_calculation/tcr_quant/results/mixcr_RS-04396852.extended.vdjca
Extending alignments: 0%
====================== report: extend ======================
Analysis time: 175ms
Extended alignments count: 10 (0.07%)
V extensions total: 6 (0.04%)
V extensions with merged targets: 0 (0%)
J extensions total: 4 (0.03%)
J extensions with merged targets: 0 (0%)
V+J extensions: 0 (0%)
Mean V extension length: 10.0
Mean J extension length: 16.75

>>>>>>>>>>>>>>>>>>>>>> mixcr assemble <<<<<<<<<<<<<<<<<<<<<<
Running:
mixcr assemble --report /projects/rpci/songyao/pnfioric/arc_project/airr_calculation/tcr_quant/results/mixcr_RS-04396852.assemble.report.txt --json-report /projects/rpci/songyao/pnfioric/arc_project/airr_calculation/tcr_quant/results/mixcr_RS-04396852.assemble.report.json /projects/rpci/songyao/pnfioric/arc_project/airr_calculation/tcr_quant/results/mixcr_RS-04396852.extended.vdjca /projects/rpci/songyao/pnfioric/arc_project/airr_calculation/tcr_quant/results/mixcr_RS-04396852.clna
Initialization: progress unknown
Building clones: 79%
Initialization: progress unknown
Writing alignments: 87.3%
===================== report: assemble =====================
Analysis time: 1.65s
Final clonotype count: 1070
Reads used in clonotypes, percent of total: 3715 (0.01%)
Average number of reads per clonotype: 3.47
Reads dropped due to the lack of a clone sequence, percent of total: 9798 (0.01%)
Reads dropped due to a too short clonal sequence, percent of total: 0 (0%)
Reads dropped due to low quality, percent of total: 0 (0%)
Reads dropped due to failed mapping, percent of total: 147 (0%)
Reads dropped with low quality clones, percent of total: 0 (0%)
Aligned reads processed: 3890
Reads used in clonotypes before clustering, percent of total: 3743 (0.01%)
Number of reads used as a core, percent of used: 3708 (99.06%)
Mapped low quality reads, percent of used: 35 (0.94%)
Reads clustered in PCR error correction, percent of used: 28 (0.75%)
Reads pre-clustered due to the similar VJC-lists, percent of used: 0 (0%)
Clonotypes dropped as low quality: 0
Clonotypes eliminated by PCR error correction: 26
Clonotypes pre-clustered due to the similar VJC-lists: 0
Clones dropped in post filtering: 0 (0%)
Reads dropped in post filtering: 0.0 (0%)
Reads filtered by tag prefix: 0 (0%)
TRA chains: 42 (3.93%)
TRA non-functional: 10 (23.81%)
TRB chains: 42 (3.93%)
TRB non-functional: 2 (4.76%)
TRG chains: 9 (0.84%)
TRG non-functional: 5 (55.56%)
IGH chains: 332 (31.03%)
IGH non-functional: 11 (3.31%)
IGK chains: 440 (41.12%)
IGK non-functional: 40 (9.09%)
IGL chains: 205 (19.16%)
IGL non-functional: 5 (2.44%)

>>>>>>>>>>>>>>>>>> mixcr assembleContigs <<<<<<<<<<<<<<<<<<
Running:
mixcr assembleContigs --report /projects/rpci/songyao/pnfioric/arc_project/airr_calculation/tcr_quant/results/mixcr_RS-04396852.assembleContigs.report.txt --json-report /projects/rpci/songyao/pnfioric/arc_project/airr_calculation/tcr_quant/results/mixcr_RS-04396852.assembleContigs.report.json --threads 12 /projects/rpci/songyao/pnfioric/arc_project/airr_calculation/tcr_quant/results/mixcr_RS-04396852.clna /projects/rpci/songyao/pnfioric/arc_project/airr_calculation/tcr_quant/results/mixcr_RS-04396852.contigs.clns
Assembling contigs: 0%
Assembling contigs: 24.7%  ETA: 00:00:03
================= report: assembleContigs =================
Analysis time: 1.34s
Initial clonotype count: 1070
Final clonotype count: 1070 (100%)
Canceled assemblies: 0 (0%)
Clones filtered out after assemble: 0 (0%)
Number of premature termination assembly events, percent of number of initial clonotypes: 0.0 (0%)
Longest contig length: 453
Clustered variants: 0 (0%)
Reads in clustered variants: 0.0 (0%)
Reads in divided (newly created) clones: 0.0 (0%)
Clones with ambiguous letters in splitting region: 0 (0%)
Reads in clones with ambiguous letters in splitting region: 0.0 (0%)
Average number of ambiguous letters per clone with ambiguous letters in splitting region: NaN
Clones combined after clustering: 0 (0%)

>>>>>>>>>>>>>>>>>>>>>>>>> mixcr qc <<<<<<<<<<<<<<<<<<<<<<<<<
Running:
mixcr qc --print-to-stdout /projects/rpci/songyao/pnfioric/arc_project/airr_calculation/tcr_quant/results/mixcr_RS-04396852.contigs.clns /projects/rpci/songyao/pnfioric/arc_project/airr_calculation/tcr_quant/results/mixcr_RS-04396852.qc.txt /projects/rpci/songyao/pnfioric/arc_project/airr_calculation/tcr_quant/results/mixcr_RS-04396852.qc.json

  Alignments dropped due to low sequence quality: 0.0% [OK]

>>>>>>>>>>>>>>>>>>>> mixcr exportClones <<<<<<<<<<<<<<<<<<<<
Running:
mixcr exportClones /projects/rpci/songyao/pnfioric/arc_project/airr_calculation/tcr_quant/results/mixcr_RS-04396852.contigs.clns /projects/rpci/songyao/pnfioric/arc_project/airr_calculation/tcr_quant/results/mixcr_RS-04396852.clones.tsv
Analysis finished successfully.
===============================
Visualize results and simplify your immune data analysis with a convenient UI.
Explore and install Platforma.bio here: https://platforma.bio
