WARNING: sun.reflect.Reflection.getCallerClass is not supported. This will impact performance.

>>>>>>>>>>>>>>>>>>>>>>> mixcr align <<<<<<<<<<<<<<<<<<<<<<<
Running:
mixcr align --report /projects/rpci/songyao/pnfioric/arc_project/airr_calculation/tcr_quant/results/mixcr_RS-03834168.align.report.txt --json-report /projects/rpci/songyao/pnfioric/arc_project/airr_calculation/tcr_quant/results/mixcr_RS-03834168.align.report.json --threads 12 --preset rna-seq --save-output-file-names /projects/rpci/songyao/pnfioric/arc_project/airr_calculation/tcr_quant/results/mixcr_RS-03834168.align.list.tsv --species hsa /projects/rpci/songyao/pnfioric/arc_project/airr_calculation/fastq_files/RS-03834168/RS-04417034_SACS10023142-A1_RS-03834168_S43_R1_001.fastq.gz /projects/rpci/songyao/pnfioric/arc_project/airr_calculation/fastq_files/RS-03834168/RS-04417034_SACS10023142-A1_RS-03834168_S43_R2_001.fastq.gz /projects/rpci/songyao/pnfioric/arc_project/airr_calculation/tcr_quant/results/mixcr_RS-03834168.alignments.vdjca
Alignment: 0%
Alignment: 4.2%  ETA: 00:45:06
Alignment: 8.6%  ETA: 00:42:22
Alignment: 12.8%  ETA: 00:40:43
Alignment: 17.2%  ETA: 00:38:04
Alignment: 21.5%  ETA: 00:36:22
Alignment: 25.9%  ETA: 00:34:05
Alignment: 30.1%  ETA: 00:32:55
Alignment: 34.3%  ETA: 00:30:55
Alignment: 38.6%  ETA: 00:28:40
Alignment: 42.9%  ETA: 00:26:40
Alignment: 47.3%  ETA: 00:24:15
Alignment: 51.6%  ETA: 00:22:26
Alignment: 55.8%  ETA: 00:20:48
Alignment: 60.1%  ETA: 00:18:38
Alignment: 64.4%  ETA: 00:16:38
Alignment: 68.7%  ETA: 00:14:30
Alignment: 73%  ETA: 00:12:30
Alignment: 77.3%  ETA: 00:10:36
Alignment: 81.6%  ETA: 00:08:36
Alignment: 85.9%  ETA: 00:06:36
Alignment: 90.1%  ETA: 00:04:36
Alignment: 94.5%  ETA: 00:02:32
Alignment: 98.8%  ETA: 00:00:32
====================== report: align ======================
Analysis time: 46.58m
Total sequencing reads: 56828962
Successfully aligned reads: 3682 (0.01%)
Coverage (percent of successfully aligned):
  CDR3: 219 (5.95%)
  FR3_TO_FR4: 8 (0.22%)
  CDR2_TO_FR4: 0 (0%)
  FR2_TO_FR4: 0 (0%)
  CDR1_TO_FR4: 0 (0%)
  VDJRegion: 0 (0%)
Alignment failed: no hits (not TCR/IG?): 53805343 (94.68%)
Alignment failed: no CDR3 parts: 45070 (0.08%)
Alignment failed: low total score: 2974867 (5.23%)
Overlapped: 53474518 (94.1%)
Overlapped and aligned: 3393 (0.01%)
Overlapped and not aligned: 53471125 (94.09%)
Alignment-aided overlaps, percent of overlapped and aligned: 47 (1.39%)
No CDR3 parts alignments, percent of successfully aligned: 171 (4.64%)
Partial aligned reads, percent of successfully aligned: 3292 (89.41%)
Paired-end alignment conflicts eliminated: 1 (0%)
Realigned with forced non-floating bound: 6708982 (11.81%)
Realigned with forced non-floating right bound in left read: 1969 (0%)
Realigned with forced non-floating left bound in right read: 1969 (0%)
TRA chains: 687 (18.66%)
TRA non-functional: 3 (0.44%)
TRB chains: 237 (6.44%)
TRB non-functional: 0 (0%)
TRD chains: 14 (0.38%)
TRD non-functional: 0 (0%)
TRG chains: 108 (2.93%)
TRG non-functional: 0 (0%)
IGH chains: 1056 (28.68%)
IGH non-functional: 0 (0%)
TRAD chains: 211 (5.73%)
TRAD non-functional: 0 (0%)
IGK chains: 725 (19.69%)
IGK non-functional: 0 (0%)
IGL chains: 644 (17.49%)
IGL non-functional: 0 (0%)
Trimming report:
  R1 reads trimmed left: 303929 (0.53%)
  R1 reads trimmed right: 309896 (0.55%)
  Average R1 nucleotides trimmed left: 0.09091440030173348
  Average R1 nucleotides trimmed right: 0.09675705496785249
  R2 reads trimmed left: 301583 (0.53%)
  R2 reads trimmed right: 307875 (0.54%)
  Average R2 nucleotides trimmed left: 0.09014576053667846
  Average R2 nucleotides trimmed right: 0.09589372756799605

>>>>>>>>>>>>>>>>>> mixcr assemblePartial <<<<<<<<<<<<<<<<<<
Running:
mixcr assemblePartial --report /projects/rpci/songyao/pnfioric/arc_project/airr_calculation/tcr_quant/results/mixcr_RS-03834168.assemblePartial.report.txt --json-report /projects/rpci/songyao/pnfioric/arc_project/airr_calculation/tcr_quant/results/mixcr_RS-03834168.assemblePartial.report.json /projects/rpci/songyao/pnfioric/arc_project/airr_calculation/tcr_quant/results/mixcr_RS-03834168.alignments.vdjca /projects/rpci/songyao/pnfioric/arc_project/airr_calculation/tcr_quant/results/mixcr_RS-03834168.passembled.1.vdjca
Building index: 0%
Searching for overlaps: 0%
================= report: assemblePartial =================
Analysis time: 340ms
Total alignments analysed: 3682
Number of output alignments: 3682 (100%)
Alignments already with CDR3 (no overlapping is performed): 243 (6.6%)
Successfully overlapped alignments: 0 (0%)
Left parts with too small N-region (failed to extract k-mer): 906 (24.61%)
Extracted k-mer diversity: 4912
Dropped due to wildcard in k-mer: 0 (0%)
Dropped due to too short NRegion parts in overlap: 0 (0%)
Dropped overlaps with empty N region due to no complete NDN coverage: 0 (0%)
Number of left-side alignments: 1153 (31.31%)
Number of right-side alignments: 1376 (37.37%)
Complex overlaps: 0 (0%)
Over-overlaps: 0 (0%)
Partial alignments written to output: 3439 (93.4%)

>>>>>>>>>>>>>>>>>> mixcr assemblePartial <<<<<<<<<<<<<<<<<<
Running:
mixcr assemblePartial --report /projects/rpci/songyao/pnfioric/arc_project/airr_calculation/tcr_quant/results/mixcr_RS-03834168.assemblePartial.report.txt --json-report /projects/rpci/songyao/pnfioric/arc_project/airr_calculation/tcr_quant/results/mixcr_RS-03834168.assemblePartial.report.json /projects/rpci/songyao/pnfioric/arc_project/airr_calculation/tcr_quant/results/mixcr_RS-03834168.passembled.1.vdjca /projects/rpci/songyao/pnfioric/arc_project/airr_calculation/tcr_quant/results/mixcr_RS-03834168.passembled.2.vdjca
Building index: 0%
Searching for overlaps: 0.2%
================= report: assemblePartial =================
Analysis time: 86ms
Total alignments analysed: 3682
Number of output alignments: 3682 (100%)
Alignments already with CDR3 (no overlapping is performed): 243 (6.6%)
Successfully overlapped alignments: 0 (0%)
Left parts with too small N-region (failed to extract k-mer): 906 (24.61%)
Extracted k-mer diversity: 4912
Dropped due to wildcard in k-mer: 0 (0%)
Dropped due to too short NRegion parts in overlap: 0 (0%)
Dropped overlaps with empty N region due to no complete NDN coverage: 0 (0%)
Number of left-side alignments: 1153 (31.31%)
Number of right-side alignments: 1376 (37.37%)
Complex overlaps: 0 (0%)
Over-overlaps: 0 (0%)
Partial alignments written to output: 3439 (93.4%)

>>>>>>>>>>>>>>>>>>>>>>> mixcr extend <<<<<<<<<<<<<<<<<<<<<<<
Running:
mixcr extend --report /projects/rpci/songyao/pnfioric/arc_project/airr_calculation/tcr_quant/results/mixcr_RS-03834168.extend.report.txt --json-report /projects/rpci/songyao/pnfioric/arc_project/airr_calculation/tcr_quant/results/mixcr_RS-03834168.extend.report.json --threads 12 /projects/rpci/songyao/pnfioric/arc_project/airr_calculation/tcr_quant/results/mixcr_RS-03834168.passembled.2.vdjca /projects/rpci/songyao/pnfioric/arc_project/airr_calculation/tcr_quant/results/mixcr_RS-03834168.extended.vdjca
Extending alignments: 0%
====================== report: extend ======================
Analysis time: 30ms
Extended alignments count: 0 (0%)
V extensions total: 0 (0%)
V extensions with merged targets: 0 (0%)
J extensions total: 0 (0%)
J extensions with merged targets: 0 (0%)
V+J extensions: 0 (0%)
Mean V extension length: NaN
Mean J extension length: NaN

>>>>>>>>>>>>>>>>>>>>>> mixcr assemble <<<<<<<<<<<<<<<<<<<<<<
Running:
mixcr assemble --report /projects/rpci/songyao/pnfioric/arc_project/airr_calculation/tcr_quant/results/mixcr_RS-03834168.assemble.report.txt --json-report /projects/rpci/songyao/pnfioric/arc_project/airr_calculation/tcr_quant/results/mixcr_RS-03834168.assemble.report.json /projects/rpci/songyao/pnfioric/arc_project/airr_calculation/tcr_quant/results/mixcr_RS-03834168.extended.vdjca /projects/rpci/songyao/pnfioric/arc_project/airr_calculation/tcr_quant/results/mixcr_RS-03834168.clna
Initialization: progress unknown
Initialization: progress unknown
===================== report: assemble =====================
Analysis time: 441ms
Final clonotype count: 40
Reads used in clonotypes, percent of total: 218 (0%)
Average number of reads per clonotype: 5.45
Reads dropped due to the lack of a clone sequence, percent of total: 3463 (0.01%)
Reads dropped due to a too short clonal sequence, percent of total: 0 (0%)
Reads dropped due to low quality, percent of total: 0 (0%)
Reads dropped due to failed mapping, percent of total: 1 (0%)
Reads dropped with low quality clones, percent of total: 0 (0%)
Aligned reads processed: 219
Reads used in clonotypes before clustering, percent of total: 218 (0%)
Number of reads used as a core, percent of used: 218 (100%)
Mapped low quality reads, percent of used: 0 (0%)
Reads clustered in PCR error correction, percent of used: 0 (0%)
Reads pre-clustered due to the similar VJC-lists, percent of used: 0 (0%)
Clonotypes dropped as low quality: 0
Clonotypes eliminated by PCR error correction: 0
Clonotypes pre-clustered due to the similar VJC-lists: 0
Clones dropped in post filtering: 0 (0%)
Reads dropped in post filtering: 0.0 (0%)
Reads filtered by tag prefix: 0 (0%)
TRA chains: 1 (2.5%)
TRA non-functional: 1 (100%)
IGH chains: 8 (20%)
IGH non-functional: 0 (0%)
IGK chains: 24 (60%)
IGK non-functional: 0 (0%)
IGL chains: 7 (17.5%)
IGL non-functional: 0 (0%)

>>>>>>>>>>>>>>>>>> mixcr assembleContigs <<<<<<<<<<<<<<<<<<
Running:
mixcr assembleContigs --report /projects/rpci/songyao/pnfioric/arc_project/airr_calculation/tcr_quant/results/mixcr_RS-03834168.assembleContigs.report.txt --json-report /projects/rpci/songyao/pnfioric/arc_project/airr_calculation/tcr_quant/results/mixcr_RS-03834168.assembleContigs.report.json --threads 12 /projects/rpci/songyao/pnfioric/arc_project/airr_calculation/tcr_quant/results/mixcr_RS-03834168.clna /projects/rpci/songyao/pnfioric/arc_project/airr_calculation/tcr_quant/results/mixcr_RS-03834168.contigs.clns
Assembling contigs: 0%
================= report: assembleContigs =================
Analysis time: 154ms
Initial clonotype count: 40
Final clonotype count: 40 (100%)
Canceled assemblies: 0 (0%)
Clones filtered out after assemble: 0 (0%)
Number of premature termination assembly events, percent of number of initial clonotypes: 0.0 (0%)
Longest contig length: 181
Clustered variants: 0 (0%)
Reads in clustered variants: 0.0 (0%)
Reads in divided (newly created) clones: 0.0 (0%)
Clones with ambiguous letters in splitting region: 0 (0%)
Reads in clones with ambiguous letters in splitting region: 0.0 (0%)
Average number of ambiguous letters per clone with ambiguous letters in splitting region: NaN
Clones combined after clustering: 0 (0%)

>>>>>>>>>>>>>>>>>>>>>>>>> mixcr qc <<<<<<<<<<<<<<<<<<<<<<<<<
Running:
mixcr qc --print-to-stdout /projects/rpci/songyao/pnfioric/arc_project/airr_calculation/tcr_quant/results/mixcr_RS-03834168.contigs.clns /projects/rpci/songyao/pnfioric/arc_project/airr_calculation/tcr_quant/results/mixcr_RS-03834168.qc.txt /projects/rpci/songyao/pnfioric/arc_project/airr_calculation/tcr_quant/results/mixcr_RS-03834168.qc.json

  Alignments dropped due to low sequence quality: 0.0% [OK]

>>>>>>>>>>>>>>>>>>>> mixcr exportClones <<<<<<<<<<<<<<<<<<<<
Running:
mixcr exportClones /projects/rpci/songyao/pnfioric/arc_project/airr_calculation/tcr_quant/results/mixcr_RS-03834168.contigs.clns /projects/rpci/songyao/pnfioric/arc_project/airr_calculation/tcr_quant/results/mixcr_RS-03834168.clones.tsv
Analysis finished successfully.
===============================
Visualize results and simplify your immune data analysis with a convenient UI.
Explore and install Platforma.bio here: https://platforma.bio
