Exporting TRB
Exporting clones: 33.3%
Filtered 3 of 723 clones (99.59%).
Filtered 6.0 of 1721.0 reads (99.65%).
Exporting TRA
Exporting clones: 50%
Filtered 2 of 723 clones (99.72%).
Filtered 6.0 of 1721.0 reads (99.65%).
Exporting IGH
Exporting clones: 0.6%
Filtered 176 of 723 clones (75.66%).
Filtered 389.0 of 1721.0 reads (77.4%).
Exporting IGL
Exporting clones: 1.3%
Filtered 159 of 723 clones (78.01%).
Filtered 350.0 of 1721.0 reads (79.66%).
Exporting IGK
Exporting clones: 0.5%
Filtered 383 of 723 clones (47.03%).
Filtered 970.0 of 1721.0 reads (43.64%).
