Exporting TRB
Exporting clones: 4.2%
Filtered 24 of 2132 clones (98.87%).
Filtered 47.0 of 12844.0 reads (99.63%).
Exporting TRA
Exporting clones: 3.4%
Filtered 29 of 2132 clones (98.64%).
Filtered 55.0 of 12844.0 reads (99.57%).
Exporting TRD
Exporting clones: 100%
Filtered 1 of 2132 clones (99.95%).
Filtered 1.0 of 12844.0 reads (99.99%).
Exporting IGH
Exporting clones: 0.1%
Filtered 681 of 2132 clones (68.06%).
Filtered 3377.0 of 12844.0 reads (73.71%).
Exporting TRG
Exporting clones: 83.3%
Filtered 6 of 2132 clones (99.72%).
Filtered 12.0 of 12844.0 reads (99.91%).
Exporting IGL
Exporting clones: 1.2%
Filtered 407 of 2132 clones (80.91%).
Filtered 2818.0 of 12844.0 reads (78.06%).
Exporting IGK
Exporting clones: 0.2%
Filtered 984 of 2132 clones (53.85%).
Filtered 6534.0 of 12844.0 reads (49.13%).
