WARNING: sun.reflect.Reflection.getCallerClass is not supported. This will impact performance.

>>>>>>>>>>>>>>>>>>>>>>> mixcr align <<<<<<<<<<<<<<<<<<<<<<<
Running:
mixcr align --report /projects/rpci/songyao/pnfioric/arc_project/airr_calculation/tcr_quant/results/mixcr_RS-04378637.align.report.txt --json-report /projects/rpci/songyao/pnfioric/arc_project/airr_calculation/tcr_quant/results/mixcr_RS-04378637.align.report.json --threads 12 --preset rna-seq --save-output-file-names /projects/rpci/songyao/pnfioric/arc_project/airr_calculation/tcr_quant/results/mixcr_RS-04378637.align.list.tsv --species hsa /projects/rpci/songyao/pnfioric/arc_project/airr_calculation/fastq_files/RS-04378637/RS-04378637_STRS06007933-K_RS-03711357_S30_R1_001.fastq.gz /projects/rpci/songyao/pnfioric/arc_project/airr_calculation/fastq_files/RS-04378637/RS-04378637_STRS06007933-K_RS-03711357_S30_R2_001.fastq.gz /projects/rpci/songyao/pnfioric/arc_project/airr_calculation/tcr_quant/results/mixcr_RS-04378637.alignments.vdjca
Alignment: 0%
Alignment: 5.9%  ETA: 00:31:55
Alignment: 11.8%  ETA: 00:29:44
Alignment: 17.8%  ETA: 00:27:24
Alignment: 23.8%  ETA: 00:25:24
Alignment: 29.7%  ETA: 00:23:59
Alignment: 35.6%  ETA: 00:21:51
Alignment: 41.5%  ETA: 00:19:43
Alignment: 47.4%  ETA: 00:17:50
Alignment: 53.3%  ETA: 00:15:56
Alignment: 59.2%  ETA: 00:13:46
Alignment: 65.1%  ETA: 00:11:50
Alignment: 71%  ETA: 00:09:46
Alignment: 76.9%  ETA: 00:07:53
Alignment: 82.7%  ETA: 00:05:53
Alignment: 88.6%  ETA: 00:03:51
Alignment: 94.6%  ETA: 00:01:50
====================== report: align ======================
Analysis time: 33.87m
Total sequencing reads: 56758749
Successfully aligned reads: 2085 (0%)
Coverage (percent of successfully aligned):
  CDR3: 393 (18.85%)
  FR3_TO_FR4: 5 (0.24%)
  CDR2_TO_FR4: 0 (0%)
  FR2_TO_FR4: 0 (0%)
  CDR1_TO_FR4: 0 (0%)
  VDJRegion: 0 (0%)
Alignment failed: no hits (not TCR/IG?): 55448881 (97.69%)
Alignment failed: no CDR3 parts: 15454 (0.03%)
Alignment failed: low total score: 1292329 (2.28%)
Overlapped: 50221121 (88.48%)
Overlapped and aligned: 1895 (0%)
Overlapped and not aligned: 50219226 (88.48%)
Alignment-aided overlaps, percent of overlapped and aligned: 45 (2.37%)
No CDR3 parts alignments, percent of successfully aligned: 50 (2.4%)
Partial aligned reads, percent of successfully aligned: 1642 (78.75%)
J gene chimeras: 6 (0%)
Realigned with forced non-floating bound: 13075346 (23.04%)
Realigned with forced non-floating right bound in left read: 639 (0%)
Realigned with forced non-floating left bound in right read: 639 (0%)
TRA chains: 353 (16.93%)
TRA non-functional: 4 (1.13%)
TRB chains: 129 (6.19%)
TRB non-functional: 0 (0%)
TRD chains: 1 (0.05%)
TRD non-functional: 0 (0%)
TRG chains: 28 (1.34%)
TRG non-functional: 10 (35.71%)
IGH chains: 574 (27.53%)
IGH non-functional: 1 (0.17%)
TRAD chains: 6 (0.29%)
TRAD non-functional: 0 (0%)
IGK chains: 499 (23.93%)
IGK non-functional: 1 (0.2%)
IGL chains: 495 (23.74%)
IGL non-functional: 2 (0.4%)
Trimming report:
  R1 reads trimmed left: 69866 (0.12%)
  R1 reads trimmed right: 71977 (0.13%)
  Average R1 nucleotides trimmed left: 0.020904283848821262
  Average R1 nucleotides trimmed right: 0.02239300587826557
  R2 reads trimmed left: 68442 (0.12%)
  R2 reads trimmed right: 69418 (0.12%)
  Average R2 nucleotides trimmed left: 0.020346625328193896
  Average R2 nucleotides trimmed right: 0.02164295411091601

>>>>>>>>>>>>>>>>>> mixcr assemblePartial <<<<<<<<<<<<<<<<<<
Running:
mixcr assemblePartial --report /projects/rpci/songyao/pnfioric/arc_project/airr_calculation/tcr_quant/results/mixcr_RS-04378637.assemblePartial.report.txt --json-report /projects/rpci/songyao/pnfioric/arc_project/airr_calculation/tcr_quant/results/mixcr_RS-04378637.assemblePartial.report.json /projects/rpci/songyao/pnfioric/arc_project/airr_calculation/tcr_quant/results/mixcr_RS-04378637.alignments.vdjca /projects/rpci/songyao/pnfioric/arc_project/airr_calculation/tcr_quant/results/mixcr_RS-04378637.passembled.1.vdjca
Building index: 0%
Searching for overlaps: 0%
================= report: assemblePartial =================
Analysis time: 268ms
Total alignments analysed: 2085
Number of output alignments: 2084 (99.95%)
Alignments already with CDR3 (no overlapping is performed): 410 (19.66%)
Successfully overlapped alignments: 1 (0.05%)
Left parts with too small N-region (failed to extract k-mer): 334 (16.02%)
Extracted k-mer diversity: 1363
Dropped due to wildcard in k-mer: 0 (0%)
Dropped due to too short NRegion parts in overlap: 5 (0.24%)
Dropped overlaps with empty N region due to no complete NDN coverage: 3 (0.14%)
Number of left-side alignments: 229 (10.98%)
Number of right-side alignments: 1119 (53.67%)
Complex overlaps: 0 (0%)
Over-overlaps: 0 (0%)
Partial alignments written to output: 1673 (80.24%)

>>>>>>>>>>>>>>>>>> mixcr assemblePartial <<<<<<<<<<<<<<<<<<
Running:
mixcr assemblePartial --report /projects/rpci/songyao/pnfioric/arc_project/airr_calculation/tcr_quant/results/mixcr_RS-04378637.assemblePartial.report.txt --json-report /projects/rpci/songyao/pnfioric/arc_project/airr_calculation/tcr_quant/results/mixcr_RS-04378637.assemblePartial.report.json /projects/rpci/songyao/pnfioric/arc_project/airr_calculation/tcr_quant/results/mixcr_RS-04378637.passembled.1.vdjca /projects/rpci/songyao/pnfioric/arc_project/airr_calculation/tcr_quant/results/mixcr_RS-04378637.passembled.2.vdjca
Building index: 0%
Searching for overlaps: 0.8%
================= report: assemblePartial =================
Analysis time: 89ms
Total alignments analysed: 2084
Number of output alignments: 2084 (100%)
Alignments already with CDR3 (no overlapping is performed): 411 (19.72%)
Successfully overlapped alignments: 0 (0%)
Left parts with too small N-region (failed to extract k-mer): 334 (16.03%)
Extracted k-mer diversity: 1354
Dropped due to wildcard in k-mer: 0 (0%)
Dropped due to too short NRegion parts in overlap: 5 (0.24%)
Dropped overlaps with empty N region due to no complete NDN coverage: 3 (0.14%)
Number of left-side alignments: 228 (10.94%)
Number of right-side alignments: 1118 (53.65%)
Complex overlaps: 0 (0%)
Over-overlaps: 0 (0%)
Partial alignments written to output: 1673 (80.28%)

>>>>>>>>>>>>>>>>>>>>>>> mixcr extend <<<<<<<<<<<<<<<<<<<<<<<
Running:
mixcr extend --report /projects/rpci/songyao/pnfioric/arc_project/airr_calculation/tcr_quant/results/mixcr_RS-04378637.extend.report.txt --json-report /projects/rpci/songyao/pnfioric/arc_project/airr_calculation/tcr_quant/results/mixcr_RS-04378637.extend.report.json --threads 12 /projects/rpci/songyao/pnfioric/arc_project/airr_calculation/tcr_quant/results/mixcr_RS-04378637.passembled.2.vdjca /projects/rpci/songyao/pnfioric/arc_project/airr_calculation/tcr_quant/results/mixcr_RS-04378637.extended.vdjca
Extending alignments: 0%
====================== report: extend ======================
Analysis time: 22ms
Extended alignments count: 2 (0.1%)
V extensions total: 0 (0%)
V extensions with merged targets: 0 (0%)
J extensions total: 2 (0.1%)
J extensions with merged targets: 0 (0%)
V+J extensions: 0 (0%)
Mean V extension length: NaN
Mean J extension length: 8.0

>>>>>>>>>>>>>>>>>>>>>> mixcr assemble <<<<<<<<<<<<<<<<<<<<<<
Running:
mixcr assemble --report /projects/rpci/songyao/pnfioric/arc_project/airr_calculation/tcr_quant/results/mixcr_RS-04378637.assemble.report.txt --json-report /projects/rpci/songyao/pnfioric/arc_project/airr_calculation/tcr_quant/results/mixcr_RS-04378637.assemble.report.json /projects/rpci/songyao/pnfioric/arc_project/airr_calculation/tcr_quant/results/mixcr_RS-04378637.extended.vdjca /projects/rpci/songyao/pnfioric/arc_project/airr_calculation/tcr_quant/results/mixcr_RS-04378637.clna
Initialization: progress unknown
Initialization: progress unknown
===================== report: assemble =====================
Analysis time: 478ms
Final clonotype count: 184
Reads used in clonotypes, percent of total: 388 (0%)
Average number of reads per clonotype: 2.11
Reads dropped due to the lack of a clone sequence, percent of total: 1688 (0%)
Reads dropped due to a too short clonal sequence, percent of total: 0 (0%)
Reads dropped due to low quality, percent of total: 0 (0%)
Reads dropped due to failed mapping, percent of total: 9 (0%)
Reads dropped with low quality clones, percent of total: 0 (0%)
Aligned reads processed: 397
Reads used in clonotypes before clustering, percent of total: 388 (0%)
Number of reads used as a core, percent of used: 386 (99.48%)
Mapped low quality reads, percent of used: 2 (0.52%)
Reads clustered in PCR error correction, percent of used: 0 (0%)
Reads pre-clustered due to the similar VJC-lists, percent of used: 0 (0%)
Clonotypes dropped as low quality: 0
Clonotypes eliminated by PCR error correction: 0
Clonotypes pre-clustered due to the similar VJC-lists: 0
Clones dropped in post filtering: 0 (0%)
Reads dropped in post filtering: 0.0 (0%)
Reads filtered by tag prefix: 0 (0%)
TRA chains: 10 (5.43%)
TRA non-functional: 3 (30%)
TRB chains: 3 (1.63%)
TRB non-functional: 0 (0%)
TRG chains: 2 (1.09%)
TRG non-functional: 2 (100%)
IGH chains: 47 (25.54%)
IGH non-functional: 1 (2.13%)
IGK chains: 88 (47.83%)
IGK non-functional: 1 (1.14%)
IGL chains: 34 (18.48%)
IGL non-functional: 1 (2.94%)

>>>>>>>>>>>>>>>>>> mixcr assembleContigs <<<<<<<<<<<<<<<<<<
Running:
mixcr assembleContigs --report /projects/rpci/songyao/pnfioric/arc_project/airr_calculation/tcr_quant/results/mixcr_RS-04378637.assembleContigs.report.txt --json-report /projects/rpci/songyao/pnfioric/arc_project/airr_calculation/tcr_quant/results/mixcr_RS-04378637.assembleContigs.report.json --threads 12 /projects/rpci/songyao/pnfioric/arc_project/airr_calculation/tcr_quant/results/mixcr_RS-04378637.clna /projects/rpci/songyao/pnfioric/arc_project/airr_calculation/tcr_quant/results/mixcr_RS-04378637.contigs.clns
Assembling contigs: 0%
================= report: assembleContigs =================
Analysis time: 218ms
Initial clonotype count: 184
Final clonotype count: 184 (100%)
Canceled assemblies: 0 (0%)
Clones filtered out after assemble: 0 (0%)
Number of premature termination assembly events, percent of number of initial clonotypes: 0.0 (0%)
Longest contig length: 263
Clustered variants: 0 (0%)
Reads in clustered variants: 0.0 (0%)
Reads in divided (newly created) clones: 0.0 (0%)
Clones with ambiguous letters in splitting region: 0 (0%)
Reads in clones with ambiguous letters in splitting region: 0.0 (0%)
Average number of ambiguous letters per clone with ambiguous letters in splitting region: NaN
Clones combined after clustering: 0 (0%)

>>>>>>>>>>>>>>>>>>>>>>>>> mixcr qc <<<<<<<<<<<<<<<<<<<<<<<<<
Running:
mixcr qc --print-to-stdout /projects/rpci/songyao/pnfioric/arc_project/airr_calculation/tcr_quant/results/mixcr_RS-04378637.contigs.clns /projects/rpci/songyao/pnfioric/arc_project/airr_calculation/tcr_quant/results/mixcr_RS-04378637.qc.txt /projects/rpci/songyao/pnfioric/arc_project/airr_calculation/tcr_quant/results/mixcr_RS-04378637.qc.json

  Alignments dropped due to low sequence quality: 0.0% [OK]

>>>>>>>>>>>>>>>>>>>> mixcr exportClones <<<<<<<<<<<<<<<<<<<<
Running:
mixcr exportClones /projects/rpci/songyao/pnfioric/arc_project/airr_calculation/tcr_quant/results/mixcr_RS-04378637.contigs.clns /projects/rpci/songyao/pnfioric/arc_project/airr_calculation/tcr_quant/results/mixcr_RS-04378637.clones.tsv
Analysis finished successfully.
===============================
Visualize results and simplify your immune data analysis with a convenient UI.
Explore and install Platforma.bio here: https://platforma.bio
