WARNING: sun.reflect.Reflection.getCallerClass is not supported. This will impact performance.

>>>>>>>>>>>>>>>>>>>>>>> mixcr align <<<<<<<<<<<<<<<<<<<<<<<
Running:
mixcr align --report /projects/rpci/songyao/pnfioric/arc_project/airr_calculation/tcr_quant/results/mixcr_RS-04367493.align.report.txt --json-report /projects/rpci/songyao/pnfioric/arc_project/airr_calculation/tcr_quant/results/mixcr_RS-04367493.align.report.json --threads 12 --preset rna-seq --save-output-file-names /projects/rpci/songyao/pnfioric/arc_project/airr_calculation/tcr_quant/results/mixcr_RS-04367493.align.list.tsv --species hsa /projects/rpci/songyao/pnfioric/arc_project/airr_calculation/fastq_files/RS-04367493/RS-04367493_81_RS-04058237_S159_R1_001.fastq.gz /projects/rpci/songyao/pnfioric/arc_project/airr_calculation/fastq_files/RS-04367493/RS-04367493_81_RS-04058237_S159_R2_001.fastq.gz /projects/rpci/songyao/pnfioric/arc_project/airr_calculation/tcr_quant/results/mixcr_RS-04367493.alignments.vdjca
Alignment: 0%
Alignment: 5%  ETA: 00:37:41
Alignment: 10.1%  ETA: 00:35:23
Alignment: 15.2%  ETA: 00:33:23
Alignment: 20.2%  ETA: 00:31:55
Alignment: 25.2%  ETA: 00:29:40
Alignment: 30.2%  ETA: 00:28:08
Alignment: 35.2%  ETA: 00:25:54
Alignment: 40.2%  ETA: 00:24:07
Alignment: 45.2%  ETA: 00:21:55
Alignment: 50.1%  ETA: 00:20:16
Alignment: 55.1%  ETA: 00:18:07
Alignment: 60%  ETA: 00:16:15
Alignment: 64.9%  ETA: 00:14:08
Alignment: 69.9%  ETA: 00:12:14
Alignment: 74.8%  ETA: 00:10:08
Alignment: 79.8%  ETA: 00:08:04
Alignment: 84.9%  ETA: 00:05:56
Alignment: 89.9%  ETA: 00:03:59
Alignment: 94.9%  ETA: 00:02:01
Alignment: 100%  ETA: 00:00:00
====================== report: align ======================
Analysis time: 40.04m
Total sequencing reads: 51178398
Successfully aligned reads: 6235 (0.01%)
Coverage (percent of successfully aligned):
  CDR3: 103 (1.65%)
  FR3_TO_FR4: 0 (0%)
  CDR2_TO_FR4: 0 (0%)
  FR2_TO_FR4: 0 (0%)
  CDR1_TO_FR4: 0 (0%)
  VDJRegion: 0 (0%)
Alignment failed: no hits (not TCR/IG?): 49643439 (97%)
Alignment failed: no CDR3 parts: 25782 (0.05%)
Alignment failed: low total score: 1502942 (2.94%)
Overlapped: 48163534 (94.11%)
Overlapped and aligned: 5875 (0.01%)
Overlapped and not aligned: 48157659 (94.1%)
Alignment-aided overlaps, percent of overlapped and aligned: 0 (0%)
No CDR3 parts alignments, percent of successfully aligned: 89 (1.43%)
Partial aligned reads, percent of successfully aligned: 6043 (96.92%)
Realigned with forced non-floating bound: 6029728 (11.78%)
Realigned with forced non-floating right bound in left read: 255 (0%)
Realigned with forced non-floating left bound in right read: 255 (0%)
TRA chains: 2221 (35.62%)
TRA non-functional: 0 (0%)
TRB chains: 115 (1.84%)
TRB non-functional: 0 (0%)
TRD chains: 64 (1.03%)
TRD non-functional: 0 (0%)
TRG chains: 178 (2.85%)
TRG non-functional: 0 (0%)
IGH chains: 2063 (33.09%)
IGH non-functional: 0 (0%)
TRAD chains: 198 (3.18%)
TRAD non-functional: 0 (0%)
IGK chains: 818 (13.12%)
IGK non-functional: 0 (0%)
IGL chains: 578 (9.27%)
IGL non-functional: 0 (0%)
Trimming report:
  R1 reads trimmed left: 1190681 (2.33%)
  R1 reads trimmed right: 1210571 (2.37%)
  Average R1 nucleotides trimmed left: 0.39551073873003995
  Average R1 nucleotides trimmed right: 0.4207648508263193
  R2 reads trimmed left: 1172816 (2.29%)
  R2 reads trimmed right: 1192983 (2.33%)
  Average R2 nucleotides trimmed left: 0.3891096591182866
  Average R2 nucleotides trimmed right: 0.41506744701153014

>>>>>>>>>>>>>>>>>> mixcr assemblePartial <<<<<<<<<<<<<<<<<<
Running:
mixcr assemblePartial --report /projects/rpci/songyao/pnfioric/arc_project/airr_calculation/tcr_quant/results/mixcr_RS-04367493.assemblePartial.report.txt --json-report /projects/rpci/songyao/pnfioric/arc_project/airr_calculation/tcr_quant/results/mixcr_RS-04367493.assemblePartial.report.json /projects/rpci/songyao/pnfioric/arc_project/airr_calculation/tcr_quant/results/mixcr_RS-04367493.alignments.vdjca /projects/rpci/songyao/pnfioric/arc_project/airr_calculation/tcr_quant/results/mixcr_RS-04367493.passembled.1.vdjca
Building index: 0%
Searching for overlaps: 0%
================= report: assemblePartial =================
Analysis time: 269ms
Total alignments analysed: 6235
Number of output alignments: 6235 (100%)
Alignments already with CDR3 (no overlapping is performed): 103 (1.65%)
Successfully overlapped alignments: 0 (0%)
Left parts with too small N-region (failed to extract k-mer): 711 (11.4%)
Extracted k-mer diversity: 1543
Dropped due to wildcard in k-mer: 0 (0%)
Dropped due to too short NRegion parts in overlap: 0 (0%)
Dropped overlaps with empty N region due to no complete NDN coverage: 0 (0%)
Number of left-side alignments: 1362 (21.84%)
Number of right-side alignments: 4059 (65.1%)
Complex overlaps: 0 (0%)
Over-overlaps: 0 (0%)
Partial alignments written to output: 6132 (98.35%)

>>>>>>>>>>>>>>>>>> mixcr assemblePartial <<<<<<<<<<<<<<<<<<
Running:
mixcr assemblePartial --report /projects/rpci/songyao/pnfioric/arc_project/airr_calculation/tcr_quant/results/mixcr_RS-04367493.assemblePartial.report.txt --json-report /projects/rpci/songyao/pnfioric/arc_project/airr_calculation/tcr_quant/results/mixcr_RS-04367493.assemblePartial.report.json /projects/rpci/songyao/pnfioric/arc_project/airr_calculation/tcr_quant/results/mixcr_RS-04367493.passembled.1.vdjca /projects/rpci/songyao/pnfioric/arc_project/airr_calculation/tcr_quant/results/mixcr_RS-04367493.passembled.2.vdjca
Building index: 0%
Searching for overlaps: 0%
================= report: assemblePartial =================
Analysis time: 121ms
Total alignments analysed: 6235
Number of output alignments: 6235 (100%)
Alignments already with CDR3 (no overlapping is performed): 103 (1.65%)
Successfully overlapped alignments: 0 (0%)
Left parts with too small N-region (failed to extract k-mer): 711 (11.4%)
Extracted k-mer diversity: 1543
Dropped due to wildcard in k-mer: 0 (0%)
Dropped due to too short NRegion parts in overlap: 0 (0%)
Dropped overlaps with empty N region due to no complete NDN coverage: 0 (0%)
Number of left-side alignments: 1362 (21.84%)
Number of right-side alignments: 4059 (65.1%)
Complex overlaps: 0 (0%)
Over-overlaps: 0 (0%)
Partial alignments written to output: 6132 (98.35%)

>>>>>>>>>>>>>>>>>>>>>>> mixcr extend <<<<<<<<<<<<<<<<<<<<<<<
Running:
mixcr extend --report /projects/rpci/songyao/pnfioric/arc_project/airr_calculation/tcr_quant/results/mixcr_RS-04367493.extend.report.txt --json-report /projects/rpci/songyao/pnfioric/arc_project/airr_calculation/tcr_quant/results/mixcr_RS-04367493.extend.report.json --threads 12 /projects/rpci/songyao/pnfioric/arc_project/airr_calculation/tcr_quant/results/mixcr_RS-04367493.passembled.2.vdjca /projects/rpci/songyao/pnfioric/arc_project/airr_calculation/tcr_quant/results/mixcr_RS-04367493.extended.vdjca
Extending alignments: 0%
====================== report: extend ======================
Analysis time: 73ms
Extended alignments count: 0 (0%)
V extensions total: 0 (0%)
V extensions with merged targets: 0 (0%)
J extensions total: 0 (0%)
J extensions with merged targets: 0 (0%)
V+J extensions: 0 (0%)
Mean V extension length: NaN
Mean J extension length: NaN

>>>>>>>>>>>>>>>>>>>>>> mixcr assemble <<<<<<<<<<<<<<<<<<<<<<
Running:
mixcr assemble --report /projects/rpci/songyao/pnfioric/arc_project/airr_calculation/tcr_quant/results/mixcr_RS-04367493.assemble.report.txt --json-report /projects/rpci/songyao/pnfioric/arc_project/airr_calculation/tcr_quant/results/mixcr_RS-04367493.assemble.report.json /projects/rpci/songyao/pnfioric/arc_project/airr_calculation/tcr_quant/results/mixcr_RS-04367493.extended.vdjca /projects/rpci/songyao/pnfioric/arc_project/airr_calculation/tcr_quant/results/mixcr_RS-04367493.clna
Initialization: progress unknown
Initialization: progress unknown
===================== report: assemble =====================
Analysis time: 447ms
Final clonotype count: 5
Reads used in clonotypes, percent of total: 102 (0%)
Average number of reads per clonotype: 20.4
Reads dropped due to the lack of a clone sequence, percent of total: 6132 (0.01%)
Reads dropped due to a too short clonal sequence, percent of total: 0 (0%)
Reads dropped due to low quality, percent of total: 0 (0%)
Reads dropped due to failed mapping, percent of total: 1 (0%)
Reads dropped with low quality clones, percent of total: 0 (0%)
Aligned reads processed: 103
Reads used in clonotypes before clustering, percent of total: 102 (0%)
Number of reads used as a core, percent of used: 102 (100%)
Mapped low quality reads, percent of used: 0 (0%)
Reads clustered in PCR error correction, percent of used: 0 (0%)
Reads pre-clustered due to the similar VJC-lists, percent of used: 0 (0%)
Clonotypes dropped as low quality: 0
Clonotypes eliminated by PCR error correction: 0
Clonotypes pre-clustered due to the similar VJC-lists: 0
Clones dropped in post filtering: 0 (0%)
Reads dropped in post filtering: 0.0 (0%)
Reads filtered by tag prefix: 0 (0%)
IGH chains: 1 (20%)
IGH non-functional: 0 (0%)
IGK chains: 2 (40%)
IGK non-functional: 0 (0%)
IGL chains: 2 (40%)
IGL non-functional: 0 (0%)

>>>>>>>>>>>>>>>>>> mixcr assembleContigs <<<<<<<<<<<<<<<<<<
Running:
mixcr assembleContigs --report /projects/rpci/songyao/pnfioric/arc_project/airr_calculation/tcr_quant/results/mixcr_RS-04367493.assembleContigs.report.txt --json-report /projects/rpci/songyao/pnfioric/arc_project/airr_calculation/tcr_quant/results/mixcr_RS-04367493.assembleContigs.report.json --threads 12 /projects/rpci/songyao/pnfioric/arc_project/airr_calculation/tcr_quant/results/mixcr_RS-04367493.clna /projects/rpci/songyao/pnfioric/arc_project/airr_calculation/tcr_quant/results/mixcr_RS-04367493.contigs.clns
Assembling contigs: 0%
================= report: assembleContigs =================
Analysis time: 135ms
Initial clonotype count: 5
Final clonotype count: 5 (100%)
Canceled assemblies: 0 (0%)
Clones filtered out after assemble: 0 (0%)
Number of premature termination assembly events, percent of number of initial clonotypes: 0.0 (0%)
Longest contig length: 127
Clustered variants: 0 (0%)
Reads in clustered variants: 0.0 (0%)
Reads in divided (newly created) clones: 0.0 (0%)
Clones with ambiguous letters in splitting region: 0 (0%)
Reads in clones with ambiguous letters in splitting region: 0.0 (0%)
Average number of ambiguous letters per clone with ambiguous letters in splitting region: NaN
Clones combined after clustering: 0 (0%)

>>>>>>>>>>>>>>>>>>>>>>>>> mixcr qc <<<<<<<<<<<<<<<<<<<<<<<<<
Running:
mixcr qc --print-to-stdout /projects/rpci/songyao/pnfioric/arc_project/airr_calculation/tcr_quant/results/mixcr_RS-04367493.contigs.clns /projects/rpci/songyao/pnfioric/arc_project/airr_calculation/tcr_quant/results/mixcr_RS-04367493.qc.txt /projects/rpci/songyao/pnfioric/arc_project/airr_calculation/tcr_quant/results/mixcr_RS-04367493.qc.json

  Alignments dropped due to low sequence quality: 0.0% [OK]

>>>>>>>>>>>>>>>>>>>> mixcr exportClones <<<<<<<<<<<<<<<<<<<<
Running:
mixcr exportClones /projects/rpci/songyao/pnfioric/arc_project/airr_calculation/tcr_quant/results/mixcr_RS-04367493.contigs.clns /projects/rpci/songyao/pnfioric/arc_project/airr_calculation/tcr_quant/results/mixcr_RS-04367493.clones.tsv
Analysis finished successfully.
===============================
Visualize results and simplify your immune data analysis with a convenient UI.
Explore and install Platforma.bio here: https://platforma.bio
