Exporting TRB
Exporting clones: 50%
Filtered 2 of 204 clones (99.02%).
Filtered 3.0 of 350.0 reads (99.14%).
Exporting TRA
Exporting clones: 14.3%
Filtered 7 of 204 clones (96.57%).
Filtered 12.0 of 350.0 reads (96.57%).
Exporting IGH
Exporting clones: 1.8%
Filtered 56 of 204 clones (72.55%).
Filtered 91.0 of 350.0 reads (74%).
Exporting IGL
Exporting clones: 2.2%
Filtered 46 of 204 clones (77.45%).
Filtered 81.0 of 350.0 reads (76.86%).
Exporting IGK
Exporting clones: 1.1%
Filtered 93 of 204 clones (54.41%).
Filtered 163.0 of 350.0 reads (53.43%).
