Exporting TRB
Exporting clones: 7.1%
Filtered 14 of 382 clones (96.34%).
Filtered 33.0 of 1289.0 reads (97.44%).
Exporting TRA
Exporting clones: 11.1%
Filtered 9 of 382 clones (97.64%).
Filtered 25.0 of 1289.0 reads (98.06%).
Exporting IGH
Exporting clones: 0.9%
Filtered 114 of 382 clones (70.16%).
Filtered 378.0 of 1289.0 reads (70.67%).
Exporting TRG
Exporting clones: 12.5%
Filtered 8 of 382 clones (97.91%).
Filtered 30.0 of 1289.0 reads (97.67%).
Exporting IGL
Exporting clones: 1.8%
Filtered 56 of 382 clones (85.34%).
Filtered 167.0 of 1289.0 reads (87.04%).
Exporting IGK
Exporting clones: 0.6%
Filtered 181 of 382 clones (52.62%).
Filtered 656.0 of 1289.0 reads (49.11%).
