Exporting TRB
Exporting clones: 50%
Filtered 2 of 214 clones (99.07%).
Filtered 14.0 of 1606.0 reads (99.13%).
Exporting TRA
Exporting clones: 50%
Filtered 2 of 214 clones (99.07%).
Filtered 8.0 of 1606.0 reads (99.5%).
Exporting IGH
Exporting clones: 2.6%
Filtered 38 of 214 clones (82.24%).
Filtered 259.0 of 1606.0 reads (83.87%).
Exporting TRG
Exporting clones: 50%
Filtered 2 of 214 clones (99.07%).
Filtered 20.0 of 1606.0 reads (98.75%).
Exporting IGL
Exporting clones: 2%
Filtered 50 of 214 clones (76.64%).
Filtered 464.0 of 1606.0 reads (71.11%).
Exporting IGK
Exporting clones: 0.8%
Filtered 120 of 214 clones (43.93%).
Filtered 841.0 of 1606.0 reads (47.63%).
