WARNING: sun.reflect.Reflection.getCallerClass is not supported. This will impact performance.

>>>>>>>>>>>>>>>>>>>>>>> mixcr align <<<<<<<<<<<<<<<<<<<<<<<
Running:
mixcr align --report /projects/rpci/songyao/pnfioric/arc_project/airr_calculation/tcr_quant/results/mixcr_RS-04396740.align.report.txt --json-report /projects/rpci/songyao/pnfioric/arc_project/airr_calculation/tcr_quant/results/mixcr_RS-04396740.align.report.json --threads 12 --preset rna-seq --save-output-file-names /projects/rpci/songyao/pnfioric/arc_project/airr_calculation/tcr_quant/results/mixcr_RS-04396740.align.list.tsv --species hsa /projects/rpci/songyao/pnfioric/arc_project/airr_calculation/fastq_files/RS-04396740/RS-04396740_HAYS08007527-A1_RS-04147828_S92_R1_001.fastq.gz /projects/rpci/songyao/pnfioric/arc_project/airr_calculation/fastq_files/RS-04396740/RS-04396740_HAYS08007527-A1_RS-04147828_S92_R2_001.fastq.gz /projects/rpci/songyao/pnfioric/arc_project/airr_calculation/tcr_quant/results/mixcr_RS-04396740.alignments.vdjca
Alignment: 0%
Alignment: 2.1%  ETA: 01:31:10
Alignment: 4.3%  ETA: 01:27:32
Alignment: 6.5%  ETA: 01:24:43
Alignment: 8.7%  ETA: 01:24:17
Alignment: 10.9%  ETA: 01:22:17
Alignment: 13%  ETA: 01:20:17
Alignment: 15.2%  ETA: 01:17:34
Alignment: 17.4%  ETA: 01:14:51
Alignment: 19.6%  ETA: 01:13:32
Alignment: 21.8%  ETA: 01:10:52
Alignment: 24%  ETA: 01:09:31
Alignment: 26.2%  ETA: 01:08:09
Alignment: 28.3%  ETA: 01:06:09
Alignment: 30.5%  ETA: 01:04:09
Alignment: 32.6%  ETA: 01:03:22
Alignment: 34.8%  ETA: 01:00:12
Alignment: 36.9%  ETA: 00:58:44
Alignment: 39.1%  ETA: 00:56:13
Alignment: 41.3%  ETA: 00:54:12
Alignment: 43.5%  ETA: 00:51:43
Alignment: 45.6%  ETA: 00:50:11
Alignment: 47.8%  ETA: 00:47:44
Alignment: 50%  ETA: 00:46:38
Alignment: 52.1%  ETA: 00:44:37
Alignment: 54.3%  ETA: 00:42:12
Alignment: 56.4%  ETA: 00:40:37
Alignment: 58.6%  ETA: 00:38:36
Alignment: 60.7%  ETA: 00:36:15
Alignment: 62.9%  ETA: 00:34:56
Alignment: 65.1%  ETA: 00:31:39
Alignment: 67.3%  ETA: 00:29:23
Alignment: 69.4%  ETA: 00:28:28
Alignment: 71.6%  ETA: 00:26:29
Alignment: 73.7%  ETA: 00:24:28
Alignment: 75.8%  ETA: 00:22:56
Alignment: 77.9%  ETA: 00:21:09
Alignment: 80%  ETA: 00:18:57
Alignment: 82.2%  ETA: 00:16:47
Alignment: 84.3%  ETA: 00:14:47
Alignment: 86.4%  ETA: 00:12:46
Alignment: 88.5%  ETA: 00:11:09
Alignment: 90.6%  ETA: 00:08:56
Alignment: 92.7%  ETA: 00:06:51
Alignment: 94.8%  ETA: 00:04:55
Alignment: 97%  ETA: 00:02:44
Alignment: 99.1%  ETA: 00:00:47
====================== report: align ======================
Analysis time: 92.83m
Total sequencing reads: 97440768
Successfully aligned reads: 14883 (0.02%)
Coverage (percent of successfully aligned):
  CDR3: 1615 (10.85%)
  FR3_TO_FR4: 0 (0%)
  CDR2_TO_FR4: 10 (0.07%)
  FR2_TO_FR4: 0 (0%)
  CDR1_TO_FR4: 0 (0%)
  VDJRegion: 0 (0%)
Alignment failed: no hits (not TCR/IG?): 92736770 (95.17%)
Alignment failed: no CDR3 parts: 79748 (0.08%)
Alignment failed: low total score: 4609367 (4.73%)
Overlapped: 78690065 (80.76%)
Overlapped and aligned: 10476 (0.01%)
Overlapped and not aligned: 78679589 (80.75%)
Alignment-aided overlaps, percent of overlapped and aligned: 92 (0.88%)
No CDR3 parts alignments, percent of successfully aligned: 449 (3.02%)
Partial aligned reads, percent of successfully aligned: 12819 (86.13%)
V gene chimeras: 88 (0%)
J gene chimeras: 1103 (0%)
Realigned with forced non-floating bound: 37501590 (38.49%)
Realigned with forced non-floating right bound in left read: 3244 (0%)
Realigned with forced non-floating left bound in right read: 3244 (0%)
TRA chains: 2153 (14.47%)
TRA non-functional: 4 (0.19%)
TRB chains: 1228 (8.25%)
TRB non-functional: 13 (1.06%)
TRD chains: 23 (0.15%)
TRD non-functional: 0 (0%)
TRG chains: 140 (0.94%)
TRG non-functional: 22 (15.71%)
IGH chains: 4881 (32.8%)
IGH non-functional: 7 (0.14%)
TRAD chains: 408 (2.74%)
TRAD non-functional: 0 (0%)
IGK chains: 2592 (17.42%)
IGK non-functional: 79 (3.05%)
IGL chains: 3458 (23.23%)
IGL non-functional: 23 (0.67%)
Trimming report:
  R1 reads trimmed left: 323148 (0.33%)
  R1 reads trimmed right: 336509 (0.35%)
  Average R1 nucleotides trimmed left: 0.05637476092142459
  Average R1 nucleotides trimmed right: 0.06234768182451107
  R2 reads trimmed left: 323618 (0.33%)
  R2 reads trimmed right: 329892 (0.34%)
  Average R2 nucleotides trimmed left: 0.05571521152214235
  Average R2 nucleotides trimmed right: 0.05958346921075171

>>>>>>>>>>>>>>>>>> mixcr assemblePartial <<<<<<<<<<<<<<<<<<
Running:
mixcr assemblePartial --report /projects/rpci/songyao/pnfioric/arc_project/airr_calculation/tcr_quant/results/mixcr_RS-04396740.assemblePartial.report.txt --json-report /projects/rpci/songyao/pnfioric/arc_project/airr_calculation/tcr_quant/results/mixcr_RS-04396740.assemblePartial.report.json /projects/rpci/songyao/pnfioric/arc_project/airr_calculation/tcr_quant/results/mixcr_RS-04396740.alignments.vdjca /projects/rpci/songyao/pnfioric/arc_project/airr_calculation/tcr_quant/results/mixcr_RS-04396740.passembled.1.vdjca
Building index: 0%
Searching for overlaps: 0%
================= report: assemblePartial =================
Analysis time: 600ms
Total alignments analysed: 14883
Number of output alignments: 14883 (100%)
Alignments already with CDR3 (no overlapping is performed): 1693 (11.38%)
Successfully overlapped alignments: 0 (0%)
Left parts with too small N-region (failed to extract k-mer): 3446 (23.15%)
Extracted k-mer diversity: 8132
Dropped due to wildcard in k-mer: 0 (0%)
Dropped due to too short NRegion parts in overlap: 9 (0.06%)
Dropped overlaps with empty N region due to no complete NDN coverage: 0 (0%)
Number of left-side alignments: 3449 (23.17%)
Number of right-side alignments: 6370 (42.8%)
Complex overlaps: 0 (0%)
Over-overlaps: 0 (0%)
Partial alignments written to output: 13190 (88.62%)

>>>>>>>>>>>>>>>>>> mixcr assemblePartial <<<<<<<<<<<<<<<<<<
Running:
mixcr assemblePartial --report /projects/rpci/songyao/pnfioric/arc_project/airr_calculation/tcr_quant/results/mixcr_RS-04396740.assemblePartial.report.txt --json-report /projects/rpci/songyao/pnfioric/arc_project/airr_calculation/tcr_quant/results/mixcr_RS-04396740.assemblePartial.report.json /projects/rpci/songyao/pnfioric/arc_project/airr_calculation/tcr_quant/results/mixcr_RS-04396740.passembled.1.vdjca /projects/rpci/songyao/pnfioric/arc_project/airr_calculation/tcr_quant/results/mixcr_RS-04396740.passembled.2.vdjca
Building index: 0%
Searching for overlaps: 0%
================= report: assemblePartial =================
Analysis time: 310ms
Total alignments analysed: 14883
Number of output alignments: 14883 (100%)
Alignments already with CDR3 (no overlapping is performed): 1693 (11.38%)
Successfully overlapped alignments: 0 (0%)
Left parts with too small N-region (failed to extract k-mer): 3446 (23.15%)
Extracted k-mer diversity: 8132
Dropped due to wildcard in k-mer: 0 (0%)
Dropped due to too short NRegion parts in overlap: 9 (0.06%)
Dropped overlaps with empty N region due to no complete NDN coverage: 0 (0%)
Number of left-side alignments: 3449 (23.17%)
Number of right-side alignments: 6370 (42.8%)
Complex overlaps: 0 (0%)
Over-overlaps: 0 (0%)
Partial alignments written to output: 13190 (88.62%)

>>>>>>>>>>>>>>>>>>>>>>> mixcr extend <<<<<<<<<<<<<<<<<<<<<<<
Running:
mixcr extend --report /projects/rpci/songyao/pnfioric/arc_project/airr_calculation/tcr_quant/results/mixcr_RS-04396740.extend.report.txt --json-report /projects/rpci/songyao/pnfioric/arc_project/airr_calculation/tcr_quant/results/mixcr_RS-04396740.extend.report.json --threads 12 /projects/rpci/songyao/pnfioric/arc_project/airr_calculation/tcr_quant/results/mixcr_RS-04396740.passembled.2.vdjca /projects/rpci/songyao/pnfioric/arc_project/airr_calculation/tcr_quant/results/mixcr_RS-04396740.extended.vdjca
Extending alignments: 0%
====================== report: extend ======================
Analysis time: 220ms
Extended alignments count: 0 (0%)
V extensions total: 0 (0%)
V extensions with merged targets: 0 (0%)
J extensions total: 0 (0%)
J extensions with merged targets: 0 (0%)
V+J extensions: 0 (0%)
Mean V extension length: NaN
Mean J extension length: NaN

>>>>>>>>>>>>>>>>>>>>>> mixcr assemble <<<<<<<<<<<<<<<<<<<<<<
Running:
mixcr assemble --report /projects/rpci/songyao/pnfioric/arc_project/airr_calculation/tcr_quant/results/mixcr_RS-04396740.assemble.report.txt --json-report /projects/rpci/songyao/pnfioric/arc_project/airr_calculation/tcr_quant/results/mixcr_RS-04396740.assemble.report.json /projects/rpci/songyao/pnfioric/arc_project/airr_calculation/tcr_quant/results/mixcr_RS-04396740.extended.vdjca /projects/rpci/songyao/pnfioric/arc_project/airr_calculation/tcr_quant/results/mixcr_RS-04396740.clna
Initialization: progress unknown
Initialization: progress unknown
Writing alignments: 99.2%
===================== report: assemble =====================
Analysis time: 968ms
Final clonotype count: 214
Reads used in clonotypes, percent of total: 1606 (0%)
Average number of reads per clonotype: 7.5
Reads dropped due to the lack of a clone sequence, percent of total: 13268 (0.01%)
Reads dropped due to a too short clonal sequence, percent of total: 0 (0%)
Reads dropped due to low quality, percent of total: 0 (0%)
Reads dropped due to failed mapping, percent of total: 4 (0%)
Reads dropped with low quality clones, percent of total: 0 (0%)
Aligned reads processed: 1615
Reads used in clonotypes before clustering, percent of total: 1611 (0%)
Number of reads used as a core, percent of used: 1593 (98.88%)
Mapped low quality reads, percent of used: 18 (1.12%)
Reads clustered in PCR error correction, percent of used: 5 (0.31%)
Reads pre-clustered due to the similar VJC-lists, percent of used: 0 (0%)
Clonotypes dropped as low quality: 0
Clonotypes eliminated by PCR error correction: 5
Clonotypes pre-clustered due to the similar VJC-lists: 0
Clones dropped in post filtering: 0 (0%)
Reads dropped in post filtering: 0.0 (0%)
Reads filtered by tag prefix: 0 (0%)
TRA chains: 2 (0.93%)
TRA non-functional: 1 (50%)
TRB chains: 2 (0.93%)
TRB non-functional: 1 (50%)
TRG chains: 2 (0.93%)
TRG non-functional: 2 (100%)
IGH chains: 38 (17.76%)
IGH non-functional: 1 (2.63%)
IGK chains: 120 (56.07%)
IGK non-functional: 12 (10%)
IGL chains: 50 (23.36%)
IGL non-functional: 5 (10%)

>>>>>>>>>>>>>>>>>> mixcr assembleContigs <<<<<<<<<<<<<<<<<<
Running:
mixcr assembleContigs --report /projects/rpci/songyao/pnfioric/arc_project/airr_calculation/tcr_quant/results/mixcr_RS-04396740.assembleContigs.report.txt --json-report /projects/rpci/songyao/pnfioric/arc_project/airr_calculation/tcr_quant/results/mixcr_RS-04396740.assembleContigs.report.json --threads 12 /projects/rpci/songyao/pnfioric/arc_project/airr_calculation/tcr_quant/results/mixcr_RS-04396740.clna /projects/rpci/songyao/pnfioric/arc_project/airr_calculation/tcr_quant/results/mixcr_RS-04396740.contigs.clns
Assembling contigs: 0%
================= report: assembleContigs =================
Analysis time: 558ms
Initial clonotype count: 214
Final clonotype count: 214 (100%)
Canceled assemblies: 0 (0%)
Clones filtered out after assemble: 0 (0%)
Number of premature termination assembly events, percent of number of initial clonotypes: 0.0 (0%)
Longest contig length: 188
Clustered variants: 0 (0%)
Reads in clustered variants: 0.0 (0%)
Reads in divided (newly created) clones: 0.0 (0%)
Clones with ambiguous letters in splitting region: 0 (0%)
Reads in clones with ambiguous letters in splitting region: 0.0 (0%)
Average number of ambiguous letters per clone with ambiguous letters in splitting region: NaN
Clones combined after clustering: 0 (0%)

>>>>>>>>>>>>>>>>>>>>>>>>> mixcr qc <<<<<<<<<<<<<<<<<<<<<<<<<
Running:
mixcr qc --print-to-stdout /projects/rpci/songyao/pnfioric/arc_project/airr_calculation/tcr_quant/results/mixcr_RS-04396740.contigs.clns /projects/rpci/songyao/pnfioric/arc_project/airr_calculation/tcr_quant/results/mixcr_RS-04396740.qc.txt /projects/rpci/songyao/pnfioric/arc_project/airr_calculation/tcr_quant/results/mixcr_RS-04396740.qc.json

  Alignments dropped due to low sequence quality: 0.0% [OK]

>>>>>>>>>>>>>>>>>>>> mixcr exportClones <<<<<<<<<<<<<<<<<<<<
Running:
mixcr exportClones /projects/rpci/songyao/pnfioric/arc_project/airr_calculation/tcr_quant/results/mixcr_RS-04396740.contigs.clns /projects/rpci/songyao/pnfioric/arc_project/airr_calculation/tcr_quant/results/mixcr_RS-04396740.clones.tsv
Analysis finished successfully.
===============================
Visualize results and simplify your immune data analysis with a convenient UI.
Explore and install Platforma.bio here: https://platforma.bio
