WARNING: sun.reflect.Reflection.getCallerClass is not supported. This will impact performance.

>>>>>>>>>>>>>>>>>>>>>>> mixcr align <<<<<<<<<<<<<<<<<<<<<<<
Running:
mixcr align --report /projects/rpci/songyao/pnfioric/arc_project/airr_calculation/tcr_quant/results/mixcr_RS-04378757.align.report.txt --json-report /projects/rpci/songyao/pnfioric/arc_project/airr_calculation/tcr_quant/results/mixcr_RS-04378757.align.report.json --threads 12 --preset rna-seq --save-output-file-names /projects/rpci/songyao/pnfioric/arc_project/airr_calculation/tcr_quant/results/mixcr_RS-04378757.align.list.tsv --species hsa /projects/rpci/songyao/pnfioric/arc_project/airr_calculation/fastq_files/RS-04378757/RS-04378757_F-97-02931_RS-04084279_S150_R1_001.fastq.gz /projects/rpci/songyao/pnfioric/arc_project/airr_calculation/fastq_files/RS-04378757/RS-04378757_F-97-02931_RS-04084279_S150_R2_001.fastq.gz /projects/rpci/songyao/pnfioric/arc_project/airr_calculation/tcr_quant/results/mixcr_RS-04378757.alignments.vdjca
Alignment: 0%
Alignment: 3.7%  ETA: 00:51:50
Alignment: 7.5%  ETA: 00:48:59
Alignment: 11.3%  ETA: 00:46:12
Alignment: 15.1%  ETA: 00:44:57
Alignment: 18.9%  ETA: 00:42:57
Alignment: 22.7%  ETA: 00:40:15
Alignment: 26.5%  ETA: 00:38:55
Alignment: 30.3%  ETA: 00:36:55
Alignment: 34%  ETA: 00:35:14
Alignment: 37.8%  ETA: 00:33:13
Alignment: 41.5%  ETA: 00:30:57
Alignment: 45.3%  ETA: 00:29:12
Alignment: 49.1%  ETA: 00:26:58
Alignment: 52.8%  ETA: 00:25:25
Alignment: 56.6%  ETA: 00:23:00
Alignment: 60.3%  ETA: 00:21:00
Alignment: 64.1%  ETA: 00:19:21
Alignment: 67.8%  ETA: 00:17:02
Alignment: 71.6%  ETA: 00:15:02
Alignment: 75.4%  ETA: 00:13:02
Alignment: 79.1%  ETA: 00:11:15
Alignment: 82.9%  ETA: 00:09:04
Alignment: 86.6%  ETA: 00:07:08
Alignment: 90.4%  ETA: 00:05:08
Alignment: 94.1%  ETA: 00:03:05
Alignment: 98%  ETA: 00:01:04
====================== report: align ======================
Analysis time: 53.13m
Total sequencing reads: 66042190
Successfully aligned reads: 4653 (0.01%)
Coverage (percent of successfully aligned):
  CDR3: 257 (5.52%)
  FR3_TO_FR4: 0 (0%)
  CDR2_TO_FR4: 0 (0%)
  FR2_TO_FR4: 0 (0%)
  CDR1_TO_FR4: 0 (0%)
  VDJRegion: 0 (0%)
Alignment failed: no hits (not TCR/IG?): 64191166 (97.2%)
Alignment failed: no CDR3 parts: 16150 (0.02%)
Alignment failed: low total score: 1830221 (2.77%)
Overlapped: 54016428 (81.79%)
Overlapped and aligned: 4325 (0.01%)
Overlapped and not aligned: 54012103 (81.78%)
Alignment-aided overlaps, percent of overlapped and aligned: 11 (0.25%)
Partial aligned reads, percent of successfully aligned: 4396 (94.48%)
Realigned with forced non-floating bound: 24051546 (36.42%)
Realigned with forced non-floating right bound in left read: 525 (0%)
Realigned with forced non-floating left bound in right read: 525 (0%)
TRA chains: 1833 (39.39%)
TRA non-functional: 0 (0%)
TRB chains: 446 (9.59%)
TRB non-functional: 0 (0%)
IGH chains: 1115 (23.96%)
IGH non-functional: 0 (0%)
TRAD chains: 7 (0.15%)
TRAD non-functional: 0 (0%)
IGK chains: 745 (16.01%)
IGK non-functional: 0 (0%)
IGL chains: 507 (10.9%)
IGL non-functional: 1 (0.2%)
Trimming report:
  R1 reads trimmed left: 1726264 (2.61%)
  R1 reads trimmed right: 1779197 (2.69%)
  Average R1 nucleotides trimmed left: 0.4443375212118193
  Average R1 nucleotides trimmed right: 0.47406306483779537
  R2 reads trimmed left: 1708043 (2.59%)
  R2 reads trimmed right: 1758958 (2.66%)
  Average R2 nucleotides trimmed left: 0.43951421053723383
  Average R2 nucleotides trimmed right: 0.46874237513928596

>>>>>>>>>>>>>>>>>> mixcr assemblePartial <<<<<<<<<<<<<<<<<<
Running:
mixcr assemblePartial --report /projects/rpci/songyao/pnfioric/arc_project/airr_calculation/tcr_quant/results/mixcr_RS-04378757.assemblePartial.report.txt --json-report /projects/rpci/songyao/pnfioric/arc_project/airr_calculation/tcr_quant/results/mixcr_RS-04378757.assemblePartial.report.json /projects/rpci/songyao/pnfioric/arc_project/airr_calculation/tcr_quant/results/mixcr_RS-04378757.alignments.vdjca /projects/rpci/songyao/pnfioric/arc_project/airr_calculation/tcr_quant/results/mixcr_RS-04378757.passembled.1.vdjca
Building index: 0%
Searching for overlaps: 0%
================= report: assemblePartial =================
Analysis time: 250ms
Total alignments analysed: 4653
Number of output alignments: 4653 (100%)
Alignments already with CDR3 (no overlapping is performed): 320 (6.88%)
Successfully overlapped alignments: 0 (0%)
Left parts with too small N-region (failed to extract k-mer): 486 (10.44%)
Extracted k-mer diversity: 1046
Dropped due to wildcard in k-mer: 0 (0%)
Dropped due to too short NRegion parts in overlap: 0 (0%)
Dropped overlaps with empty N region due to no complete NDN coverage: 0 (0%)
Number of left-side alignments: 1365 (29.34%)
Number of right-side alignments: 2505 (53.84%)
Complex overlaps: 0 (0%)
Over-overlaps: 0 (0%)
Partial alignments written to output: 4333 (93.12%)

>>>>>>>>>>>>>>>>>> mixcr assemblePartial <<<<<<<<<<<<<<<<<<
Running:
mixcr assemblePartial --report /projects/rpci/songyao/pnfioric/arc_project/airr_calculation/tcr_quant/results/mixcr_RS-04378757.assemblePartial.report.txt --json-report /projects/rpci/songyao/pnfioric/arc_project/airr_calculation/tcr_quant/results/mixcr_RS-04378757.assemblePartial.report.json /projects/rpci/songyao/pnfioric/arc_project/airr_calculation/tcr_quant/results/mixcr_RS-04378757.passembled.1.vdjca /projects/rpci/songyao/pnfioric/arc_project/airr_calculation/tcr_quant/results/mixcr_RS-04378757.passembled.2.vdjca
Building index: 0%
Searching for overlaps: 0.1%
================= report: assemblePartial =================
Analysis time: 150ms
Total alignments analysed: 4653
Number of output alignments: 4653 (100%)
Alignments already with CDR3 (no overlapping is performed): 320 (6.88%)
Successfully overlapped alignments: 0 (0%)
Left parts with too small N-region (failed to extract k-mer): 486 (10.44%)
Extracted k-mer diversity: 1046
Dropped due to wildcard in k-mer: 0 (0%)
Dropped due to too short NRegion parts in overlap: 0 (0%)
Dropped overlaps with empty N region due to no complete NDN coverage: 0 (0%)
Number of left-side alignments: 1365 (29.34%)
Number of right-side alignments: 2505 (53.84%)
Complex overlaps: 0 (0%)
Over-overlaps: 0 (0%)
Partial alignments written to output: 4333 (93.12%)

>>>>>>>>>>>>>>>>>>>>>>> mixcr extend <<<<<<<<<<<<<<<<<<<<<<<
Running:
mixcr extend --report /projects/rpci/songyao/pnfioric/arc_project/airr_calculation/tcr_quant/results/mixcr_RS-04378757.extend.report.txt --json-report /projects/rpci/songyao/pnfioric/arc_project/airr_calculation/tcr_quant/results/mixcr_RS-04378757.extend.report.json --threads 12 /projects/rpci/songyao/pnfioric/arc_project/airr_calculation/tcr_quant/results/mixcr_RS-04378757.passembled.2.vdjca /projects/rpci/songyao/pnfioric/arc_project/airr_calculation/tcr_quant/results/mixcr_RS-04378757.extended.vdjca
Extending alignments: 0%
====================== report: extend ======================
Analysis time: 35ms
Extended alignments count: 0 (0%)
V extensions total: 0 (0%)
V extensions with merged targets: 0 (0%)
J extensions total: 0 (0%)
J extensions with merged targets: 0 (0%)
V+J extensions: 0 (0%)
Mean V extension length: NaN
Mean J extension length: NaN

>>>>>>>>>>>>>>>>>>>>>> mixcr assemble <<<<<<<<<<<<<<<<<<<<<<
Running:
mixcr assemble --report /projects/rpci/songyao/pnfioric/arc_project/airr_calculation/tcr_quant/results/mixcr_RS-04378757.assemble.report.txt --json-report /projects/rpci/songyao/pnfioric/arc_project/airr_calculation/tcr_quant/results/mixcr_RS-04378757.assemble.report.json /projects/rpci/songyao/pnfioric/arc_project/airr_calculation/tcr_quant/results/mixcr_RS-04378757.extended.vdjca /projects/rpci/songyao/pnfioric/arc_project/airr_calculation/tcr_quant/results/mixcr_RS-04378757.clna
Initialization: progress unknown
Initialization: progress unknown
===================== report: assemble =====================
Analysis time: 386ms
Final clonotype count: 16
Reads used in clonotypes, percent of total: 255 (0%)
Average number of reads per clonotype: 15.94
Reads dropped due to the lack of a clone sequence, percent of total: 4396 (0.01%)
Reads dropped due to a too short clonal sequence, percent of total: 0 (0%)
Reads dropped due to low quality, percent of total: 0 (0%)
Reads dropped due to failed mapping, percent of total: 2 (0%)
Reads dropped with low quality clones, percent of total: 0 (0%)
Aligned reads processed: 257
Reads used in clonotypes before clustering, percent of total: 255 (0%)
Number of reads used as a core, percent of used: 253 (99.22%)
Mapped low quality reads, percent of used: 2 (0.78%)
Reads clustered in PCR error correction, percent of used: 0 (0%)
Reads pre-clustered due to the similar VJC-lists, percent of used: 0 (0%)
Clonotypes dropped as low quality: 0
Clonotypes eliminated by PCR error correction: 0
Clonotypes pre-clustered due to the similar VJC-lists: 0
Clones dropped in post filtering: 0 (0%)
Reads dropped in post filtering: 0.0 (0%)
Reads filtered by tag prefix: 0 (0%)
TRA chains: 2 (12.5%)
TRA non-functional: 0 (0%)
IGH chains: 1 (6.25%)
IGH non-functional: 0 (0%)
IGK chains: 7 (43.75%)
IGK non-functional: 0 (0%)
IGL chains: 6 (37.5%)
IGL non-functional: 0 (0%)

>>>>>>>>>>>>>>>>>> mixcr assembleContigs <<<<<<<<<<<<<<<<<<
Running:
mixcr assembleContigs --report /projects/rpci/songyao/pnfioric/arc_project/airr_calculation/tcr_quant/results/mixcr_RS-04378757.assembleContigs.report.txt --json-report /projects/rpci/songyao/pnfioric/arc_project/airr_calculation/tcr_quant/results/mixcr_RS-04378757.assembleContigs.report.json --threads 12 /projects/rpci/songyao/pnfioric/arc_project/airr_calculation/tcr_quant/results/mixcr_RS-04378757.clna /projects/rpci/songyao/pnfioric/arc_project/airr_calculation/tcr_quant/results/mixcr_RS-04378757.contigs.clns
Assembling contigs: 0%
================= report: assembleContigs =================
Analysis time: 182ms
Initial clonotype count: 16
Final clonotype count: 16 (100%)
Canceled assemblies: 0 (0%)
Clones filtered out after assemble: 0 (0%)
Number of premature termination assembly events, percent of number of initial clonotypes: 0.0 (0%)
Longest contig length: 177
Clustered variants: 0 (0%)
Reads in clustered variants: 0.0 (0%)
Reads in divided (newly created) clones: 0.0 (0%)
Clones with ambiguous letters in splitting region: 0 (0%)
Reads in clones with ambiguous letters in splitting region: 0.0 (0%)
Average number of ambiguous letters per clone with ambiguous letters in splitting region: NaN
Clones combined after clustering: 0 (0%)

>>>>>>>>>>>>>>>>>>>>>>>>> mixcr qc <<<<<<<<<<<<<<<<<<<<<<<<<
Running:
mixcr qc --print-to-stdout /projects/rpci/songyao/pnfioric/arc_project/airr_calculation/tcr_quant/results/mixcr_RS-04378757.contigs.clns /projects/rpci/songyao/pnfioric/arc_project/airr_calculation/tcr_quant/results/mixcr_RS-04378757.qc.txt /projects/rpci/songyao/pnfioric/arc_project/airr_calculation/tcr_quant/results/mixcr_RS-04378757.qc.json

  Alignments dropped due to low sequence quality: 0.0% [OK]

>>>>>>>>>>>>>>>>>>>> mixcr exportClones <<<<<<<<<<<<<<<<<<<<
Running:
mixcr exportClones /projects/rpci/songyao/pnfioric/arc_project/airr_calculation/tcr_quant/results/mixcr_RS-04378757.contigs.clns /projects/rpci/songyao/pnfioric/arc_project/airr_calculation/tcr_quant/results/mixcr_RS-04378757.clones.tsv
Analysis finished successfully.
===============================
Visualize results and simplify your immune data analysis with a convenient UI.
Explore and install Platforma.bio here: https://platforma.bio
