WARNING: sun.reflect.Reflection.getCallerClass is not supported. This will impact performance.

>>>>>>>>>>>>>>>>>>>>>>> mixcr align <<<<<<<<<<<<<<<<<<<<<<<
Running:
mixcr align --report /projects/rpci/songyao/pnfioric/arc_project/airr_calculation/tcr_quant/results/mixcr_RS-04096237.align.report.txt --json-report /projects/rpci/songyao/pnfioric/arc_project/airr_calculation/tcr_quant/results/mixcr_RS-04096237.align.report.json --threads 12 --preset rna-seq --save-output-file-names /projects/rpci/songyao/pnfioric/arc_project/airr_calculation/tcr_quant/results/mixcr_RS-04096237.align.list.tsv --species hsa /projects/rpci/songyao/pnfioric/arc_project/airr_calculation/fastq_files/RS-04096237/RS-04417052_V7235-98-1_RS-04096237_S56_R1_001.fastq.gz /projects/rpci/songyao/pnfioric/arc_project/airr_calculation/fastq_files/RS-04096237/RS-04417052_V7235-98-1_RS-04096237_S56_R2_001.fastq.gz /projects/rpci/songyao/pnfioric/arc_project/airr_calculation/tcr_quant/results/mixcr_RS-04096237.alignments.vdjca
Alignment: 0%
Alignment: 6.1%  ETA: 00:30:47
Alignment: 12.2%  ETA: 00:28:47
Alignment: 18.4%  ETA: 00:26:29
Alignment: 24.5%  ETA: 00:24:38
Alignment: 30.6%  ETA: 00:22:45
Alignment: 36.7%  ETA: 00:20:45
Alignment: 42.8%  ETA: 00:18:39
Alignment: 48.9%  ETA: 00:16:45
Alignment: 55%  ETA: 00:14:45
Alignment: 61.1%  ETA: 00:12:45
Alignment: 67.2%  ETA: 00:10:45
Alignment: 73.3%  ETA: 00:08:45
Alignment: 79.4%  ETA: 00:06:47
Alignment: 85.5%  ETA: 00:04:45
Alignment: 91.6%  ETA: 00:02:44
Alignment: 97.8%  ETA: 00:00:43
====================== report: align ======================
Analysis time: 32.74m
Total sequencing reads: 65523228
Successfully aligned reads: 2673 (0%)
Coverage (percent of successfully aligned):
  CDR3: 61 (2.28%)
  FR3_TO_FR4: 0 (0%)
  CDR2_TO_FR4: 0 (0%)
  FR2_TO_FR4: 0 (0%)
  CDR1_TO_FR4: 0 (0%)
  VDJRegion: 0 (0%)
Alignment failed: no hits (not TCR/IG?): 62742760 (95.76%)
Alignment failed after alignment-aided overlap: 1 (0%)
Alignment failed: no CDR3 parts: 20088 (0.03%)
Alignment failed: low total score: 2757706 (4.21%)
Overlapped: 57598867 (87.91%)
Overlapped and aligned: 2464 (0%)
Overlapped and not aligned: 57596403 (87.9%)
Alignment-aided overlaps, percent of overlapped and aligned: 123 (4.99%)
Partial aligned reads, percent of successfully aligned: 2612 (97.72%)
Realigned with forced non-floating bound: 15848968 (24.19%)
Realigned with forced non-floating right bound in left read: 1067 (0%)
Realigned with forced non-floating left bound in right read: 1067 (0%)
TRA chains: 822 (30.75%)
TRA non-functional: 0 (0%)
TRB chains: 506 (18.93%)
TRB non-functional: 0 (0%)
TRG chains: 35 (1.31%)
TRG non-functional: 0 (0%)
IGH chains: 854 (31.95%)
IGH non-functional: 0 (0%)
TRAD chains: 8 (0.3%)
TRAD non-functional: 0 (0%)
IGK chains: 278 (10.4%)
IGK non-functional: 0 (0%)
IGL chains: 170 (6.36%)
IGL non-functional: 0 (0%)
Trimming report:
  R1 reads trimmed left: 2459410 (3.75%)
  R1 reads trimmed right: 2531257 (3.86%)
  Average R1 nucleotides trimmed left: 0.6380851535580634
  Average R1 nucleotides trimmed right: 0.6802652946219316
  R2 reads trimmed left: 2397988 (3.66%)
  R2 reads trimmed right: 2470573 (3.77%)
  Average R2 nucleotides trimmed left: 0.6220649568730039
  Average R2 nucleotides trimmed right: 0.6632440788784093

>>>>>>>>>>>>>>>>>> mixcr assemblePartial <<<<<<<<<<<<<<<<<<
Running:
mixcr assemblePartial --report /projects/rpci/songyao/pnfioric/arc_project/airr_calculation/tcr_quant/results/mixcr_RS-04096237.assemblePartial.report.txt --json-report /projects/rpci/songyao/pnfioric/arc_project/airr_calculation/tcr_quant/results/mixcr_RS-04096237.assemblePartial.report.json /projects/rpci/songyao/pnfioric/arc_project/airr_calculation/tcr_quant/results/mixcr_RS-04096237.alignments.vdjca /projects/rpci/songyao/pnfioric/arc_project/airr_calculation/tcr_quant/results/mixcr_RS-04096237.passembled.1.vdjca
Building index: 0%
Searching for overlaps: 0%
================= report: assemblePartial =================
Analysis time: 200ms
Total alignments analysed: 2673
Number of output alignments: 2673 (100%)
Alignments already with CDR3 (no overlapping is performed): 61 (2.28%)
Successfully overlapped alignments: 0 (0%)
Left parts with too small N-region (failed to extract k-mer): 243 (9.09%)
Extracted k-mer diversity: 939
Dropped due to wildcard in k-mer: 0 (0%)
Dropped due to too short NRegion parts in overlap: 0 (0%)
Dropped overlaps with empty N region due to no complete NDN coverage: 0 (0%)
Number of left-side alignments: 558 (20.88%)
Number of right-side alignments: 1811 (67.75%)
Complex overlaps: 0 (0%)
Over-overlaps: 0 (0%)
Partial alignments written to output: 2612 (97.72%)

>>>>>>>>>>>>>>>>>> mixcr assemblePartial <<<<<<<<<<<<<<<<<<
Running:
mixcr assemblePartial --report /projects/rpci/songyao/pnfioric/arc_project/airr_calculation/tcr_quant/results/mixcr_RS-04096237.assemblePartial.report.txt --json-report /projects/rpci/songyao/pnfioric/arc_project/airr_calculation/tcr_quant/results/mixcr_RS-04096237.assemblePartial.report.json /projects/rpci/songyao/pnfioric/arc_project/airr_calculation/tcr_quant/results/mixcr_RS-04096237.passembled.1.vdjca /projects/rpci/songyao/pnfioric/arc_project/airr_calculation/tcr_quant/results/mixcr_RS-04096237.passembled.2.vdjca
Building index: 0%
Searching for overlaps: 0.6%
================= report: assemblePartial =================
Analysis time: 54ms
Total alignments analysed: 2673
Number of output alignments: 2673 (100%)
Alignments already with CDR3 (no overlapping is performed): 61 (2.28%)
Successfully overlapped alignments: 0 (0%)
Left parts with too small N-region (failed to extract k-mer): 243 (9.09%)
Extracted k-mer diversity: 939
Dropped due to wildcard in k-mer: 0 (0%)
Dropped due to too short NRegion parts in overlap: 0 (0%)
Dropped overlaps with empty N region due to no complete NDN coverage: 0 (0%)
Number of left-side alignments: 558 (20.88%)
Number of right-side alignments: 1811 (67.75%)
Complex overlaps: 0 (0%)
Over-overlaps: 0 (0%)
Partial alignments written to output: 2612 (97.72%)

>>>>>>>>>>>>>>>>>>>>>>> mixcr extend <<<<<<<<<<<<<<<<<<<<<<<
Running:
mixcr extend --report /projects/rpci/songyao/pnfioric/arc_project/airr_calculation/tcr_quant/results/mixcr_RS-04096237.extend.report.txt --json-report /projects/rpci/songyao/pnfioric/arc_project/airr_calculation/tcr_quant/results/mixcr_RS-04096237.extend.report.json --threads 12 /projects/rpci/songyao/pnfioric/arc_project/airr_calculation/tcr_quant/results/mixcr_RS-04096237.passembled.2.vdjca /projects/rpci/songyao/pnfioric/arc_project/airr_calculation/tcr_quant/results/mixcr_RS-04096237.extended.vdjca
Extending alignments: 0%
====================== report: extend ======================
Analysis time: 25ms
Extended alignments count: 0 (0%)
V extensions total: 0 (0%)
V extensions with merged targets: 0 (0%)
J extensions total: 0 (0%)
J extensions with merged targets: 0 (0%)
V+J extensions: 0 (0%)
Mean V extension length: NaN
Mean J extension length: NaN

>>>>>>>>>>>>>>>>>>>>>> mixcr assemble <<<<<<<<<<<<<<<<<<<<<<
Running:
mixcr assemble --report /projects/rpci/songyao/pnfioric/arc_project/airr_calculation/tcr_quant/results/mixcr_RS-04096237.assemble.report.txt --json-report /projects/rpci/songyao/pnfioric/arc_project/airr_calculation/tcr_quant/results/mixcr_RS-04096237.assemble.report.json /projects/rpci/songyao/pnfioric/arc_project/airr_calculation/tcr_quant/results/mixcr_RS-04096237.extended.vdjca /projects/rpci/songyao/pnfioric/arc_project/airr_calculation/tcr_quant/results/mixcr_RS-04096237.clna
Initialization: progress unknown
Initialization: progress unknown
===================== report: assemble =====================
Analysis time: 252ms
Final clonotype count: 3
Reads used in clonotypes, percent of total: 61 (0%)
Average number of reads per clonotype: 20.33
Reads dropped due to the lack of a clone sequence, percent of total: 2612 (0%)
Reads dropped due to a too short clonal sequence, percent of total: 0 (0%)
Reads dropped due to low quality, percent of total: 0 (0%)
Reads dropped due to failed mapping, percent of total: 0 (0%)
Reads dropped with low quality clones, percent of total: 0 (0%)
Aligned reads processed: 61
Reads used in clonotypes before clustering, percent of total: 61 (0%)
Number of reads used as a core, percent of used: 61 (100%)
Mapped low quality reads, percent of used: 0 (0%)
Reads clustered in PCR error correction, percent of used: 0 (0%)
Reads pre-clustered due to the similar VJC-lists, percent of used: 0 (0%)
Clonotypes dropped as low quality: 0
Clonotypes eliminated by PCR error correction: 0
Clonotypes pre-clustered due to the similar VJC-lists: 0
Clones dropped in post filtering: 0 (0%)
Reads dropped in post filtering: 0.0 (0%)
Reads filtered by tag prefix: 0 (0%)
IGH chains: 1 (33.33%)
IGH non-functional: 0 (0%)
IGK chains: 1 (33.33%)
IGK non-functional: 0 (0%)
IGL chains: 1 (33.33%)
IGL non-functional: 0 (0%)

>>>>>>>>>>>>>>>>>> mixcr assembleContigs <<<<<<<<<<<<<<<<<<
Running:
mixcr assembleContigs --report /projects/rpci/songyao/pnfioric/arc_project/airr_calculation/tcr_quant/results/mixcr_RS-04096237.assembleContigs.report.txt --json-report /projects/rpci/songyao/pnfioric/arc_project/airr_calculation/tcr_quant/results/mixcr_RS-04096237.assembleContigs.report.json --threads 12 /projects/rpci/songyao/pnfioric/arc_project/airr_calculation/tcr_quant/results/mixcr_RS-04096237.clna /projects/rpci/songyao/pnfioric/arc_project/airr_calculation/tcr_quant/results/mixcr_RS-04096237.contigs.clns
Assembling contigs: 0%
================= report: assembleContigs =================
Analysis time: 93ms
Initial clonotype count: 3
Final clonotype count: 3 (100%)
Canceled assemblies: 0 (0%)
Clones filtered out after assemble: 0 (0%)
Number of premature termination assembly events, percent of number of initial clonotypes: 0.0 (0%)
Longest contig length: 160
Clustered variants: 0 (0%)
Reads in clustered variants: 0.0 (0%)
Reads in divided (newly created) clones: 0.0 (0%)
Clones with ambiguous letters in splitting region: 0 (0%)
Reads in clones with ambiguous letters in splitting region: 0.0 (0%)
Average number of ambiguous letters per clone with ambiguous letters in splitting region: NaN
Clones combined after clustering: 0 (0%)

>>>>>>>>>>>>>>>>>>>>>>>>> mixcr qc <<<<<<<<<<<<<<<<<<<<<<<<<
Running:
mixcr qc --print-to-stdout /projects/rpci/songyao/pnfioric/arc_project/airr_calculation/tcr_quant/results/mixcr_RS-04096237.contigs.clns /projects/rpci/songyao/pnfioric/arc_project/airr_calculation/tcr_quant/results/mixcr_RS-04096237.qc.txt /projects/rpci/songyao/pnfioric/arc_project/airr_calculation/tcr_quant/results/mixcr_RS-04096237.qc.json

  Alignments dropped due to low sequence quality: 0.0% [OK]

>>>>>>>>>>>>>>>>>>>> mixcr exportClones <<<<<<<<<<<<<<<<<<<<
Running:
mixcr exportClones /projects/rpci/songyao/pnfioric/arc_project/airr_calculation/tcr_quant/results/mixcr_RS-04096237.contigs.clns /projects/rpci/songyao/pnfioric/arc_project/airr_calculation/tcr_quant/results/mixcr_RS-04096237.clones.tsv
Analysis finished successfully.
===============================
Visualize results and simplify your immune data analysis with a convenient UI.
Explore and install Platforma.bio here: https://platforma.bio
