Exporting TRB
Exporting clones: 50%
Filtered 2 of 256 clones (99.22%).
Filtered 4.0 of 546.0 reads (99.27%).
Exporting TRA
Exporting clones: 20%
Filtered 5 of 256 clones (98.05%).
Filtered 5.0 of 546.0 reads (99.08%).
Exporting IGH
Exporting clones: 1.9%
Filtered 54 of 256 clones (78.91%).
Filtered 114.0 of 546.0 reads (79.12%).
Exporting IGL
Exporting clones: 2.2%
Filtered 46 of 256 clones (82.03%).
Filtered 80.0 of 546.0 reads (85.35%).
Exporting IGK
Exporting clones: 0.7%
Filtered 149 of 256 clones (41.8%).
Filtered 343.0 of 546.0 reads (37.18%).
