WARNING: sun.reflect.Reflection.getCallerClass is not supported. This will impact performance.

>>>>>>>>>>>>>>>>>>>>>>> mixcr align <<<<<<<<<<<<<<<<<<<<<<<
Running:
mixcr align --report /projects/rpci/songyao/pnfioric/arc_project/airr_calculation/tcr_quant/results/mixcr_RS-04224029.align.report.txt --json-report /projects/rpci/songyao/pnfioric/arc_project/airr_calculation/tcr_quant/results/mixcr_RS-04224029.align.report.json --threads 12 --preset rna-seq --save-output-file-names /projects/rpci/songyao/pnfioric/arc_project/airr_calculation/tcr_quant/results/mixcr_RS-04224029.align.list.tsv --species hsa /projects/rpci/songyao/pnfioric/arc_project/airr_calculation/fastq_files/RS-04224029/RS-04417002_S98-4249-A_RS-04224029_S11_R1_001.fastq.gz /projects/rpci/songyao/pnfioric/arc_project/airr_calculation/fastq_files/RS-04224029/RS-04417002_S98-4249-A_RS-04224029_S11_R2_001.fastq.gz /projects/rpci/songyao/pnfioric/arc_project/airr_calculation/tcr_quant/results/mixcr_RS-04224029.alignments.vdjca
Alignment: 0%
Alignment: 3.1%  ETA: 01:03:01
Alignment: 6.2%  ETA: 00:59:10
Alignment: 9.4%  ETA: 00:58:20
Alignment: 12.5%  ETA: 00:55:13
Alignment: 15.7%  ETA: 00:53:46
Alignment: 18.9%  ETA: 00:50:45
Alignment: 22.1%  ETA: 00:48:45
Alignment: 25.2%  ETA: 00:47:14
Alignment: 28.4%  ETA: 00:45:38
Alignment: 31.5%  ETA: 00:43:40
Alignment: 34.6%  ETA: 00:42:05
Alignment: 37.8%  ETA: 00:39:16
Alignment: 40.9%  ETA: 00:37:40
Alignment: 44%  ETA: 00:35:40
Alignment: 47.2%  ETA: 00:32:59
Alignment: 50.4%  ETA: 00:30:59
Alignment: 53.6%  ETA: 00:29:35
Alignment: 56.7%  ETA: 00:27:52
Alignment: 59.8%  ETA: 00:25:36
Alignment: 62.9%  ETA: 00:23:51
Alignment: 66.1%  ETA: 00:21:23
Alignment: 69.3%  ETA: 00:19:11
Alignment: 72.5%  ETA: 00:17:23
Alignment: 75.6%  ETA: 00:15:33
Alignment: 78.7%  ETA: 00:13:41
Alignment: 81.8%  ETA: 00:11:41
Alignment: 85%  ETA: 00:09:28
Alignment: 88.2%  ETA: 00:07:28
Alignment: 91.3%  ETA: 00:05:32
Alignment: 94.5%  ETA: 00:03:29
Alignment: 97.7%  ETA: 00:01:25
====================== report: align ======================
Analysis time: 63.48m
Total sequencing reads: 72411012
Successfully aligned reads: 700 (0%)
Coverage (percent of successfully aligned):
  CDR3: 103 (14.71%)
  FR3_TO_FR4: 0 (0%)
  CDR2_TO_FR4: 0 (0%)
  FR2_TO_FR4: 0 (0%)
  CDR1_TO_FR4: 0 (0%)
  VDJRegion: 0 (0%)
Alignment failed: no hits (not TCR/IG?): 71519274 (98.77%)
Alignment failed: no CDR3 parts: 2704 (0%)
Alignment failed: low total score: 888334 (1.23%)
Overlapped: 49967371 (69.01%)
Overlapped and aligned: 668 (0%)
Overlapped and not aligned: 49966703 (69%)
Alignment-aided overlaps, percent of overlapped and aligned: 9 (1.35%)
Partial aligned reads, percent of successfully aligned: 597 (85.29%)
V gene chimeras: 12 (0%)
Realigned with forced non-floating bound: 44887300 (61.99%)
Realigned with forced non-floating right bound in left read: 172 (0%)
Realigned with forced non-floating left bound in right read: 172 (0%)
TRA chains: 101 (14.43%)
TRA non-functional: 0 (0%)
TRB chains: 47 (6.71%)
TRB non-functional: 0 (0%)
IGH chains: 171 (24.43%)
IGH non-functional: 0 (0%)
TRAD chains: 11 (1.57%)
TRAD non-functional: 0 (0%)
IGK chains: 30 (4.29%)
IGK non-functional: 0 (0%)
IGL chains: 340 (48.57%)
IGL non-functional: 0 (0%)
Trimming report:
  R1 reads trimmed left: 360237 (0.5%)
  R1 reads trimmed right: 365298 (0.5%)
  Average R1 nucleotides trimmed left: 0.08456473443569605
  Average R1 nucleotides trimmed right: 0.08986732570454892
  R2 reads trimmed left: 357482 (0.49%)
  R2 reads trimmed right: 362903 (0.5%)
  Average R2 nucleotides trimmed left: 0.08383593644568868
  Average R2 nucleotides trimmed right: 0.08906682591316359

>>>>>>>>>>>>>>>>>> mixcr assemblePartial <<<<<<<<<<<<<<<<<<
Running:
mixcr assemblePartial --report /projects/rpci/songyao/pnfioric/arc_project/airr_calculation/tcr_quant/results/mixcr_RS-04224029.assemblePartial.report.txt --json-report /projects/rpci/songyao/pnfioric/arc_project/airr_calculation/tcr_quant/results/mixcr_RS-04224029.assemblePartial.report.json /projects/rpci/songyao/pnfioric/arc_project/airr_calculation/tcr_quant/results/mixcr_RS-04224029.alignments.vdjca /projects/rpci/songyao/pnfioric/arc_project/airr_calculation/tcr_quant/results/mixcr_RS-04224029.passembled.1.vdjca
Building index: 0%
Searching for overlaps: 0.1%
================= report: assemblePartial =================
Analysis time: 152ms
Total alignments analysed: 700
Number of output alignments: 700 (100%)
Alignments already with CDR3 (no overlapping is performed): 112 (16%)
Successfully overlapped alignments: 0 (0%)
Left parts with too small N-region (failed to extract k-mer): 187 (26.71%)
Extracted k-mer diversity: 661
Dropped due to wildcard in k-mer: 0 (0%)
Dropped due to too short NRegion parts in overlap: 0 (0%)
Dropped overlaps with empty N region due to no complete NDN coverage: 0 (0%)
Number of left-side alignments: 149 (21.29%)
Number of right-side alignments: 252 (36%)
Complex overlaps: 0 (0%)
Over-overlaps: 0 (0%)
Partial alignments written to output: 588 (84%)

>>>>>>>>>>>>>>>>>> mixcr assemblePartial <<<<<<<<<<<<<<<<<<
Running:
mixcr assemblePartial --report /projects/rpci/songyao/pnfioric/arc_project/airr_calculation/tcr_quant/results/mixcr_RS-04224029.assemblePartial.report.txt --json-report /projects/rpci/songyao/pnfioric/arc_project/airr_calculation/tcr_quant/results/mixcr_RS-04224029.assemblePartial.report.json /projects/rpci/songyao/pnfioric/arc_project/airr_calculation/tcr_quant/results/mixcr_RS-04224029.passembled.1.vdjca /projects/rpci/songyao/pnfioric/arc_project/airr_calculation/tcr_quant/results/mixcr_RS-04224029.passembled.2.vdjca
Building index: 0%
Searching for overlaps: 2.1%
================= report: assemblePartial =================
Analysis time: 88ms
Total alignments analysed: 700
Number of output alignments: 700 (100%)
Alignments already with CDR3 (no overlapping is performed): 112 (16%)
Successfully overlapped alignments: 0 (0%)
Left parts with too small N-region (failed to extract k-mer): 187 (26.71%)
Extracted k-mer diversity: 661
Dropped due to wildcard in k-mer: 0 (0%)
Dropped due to too short NRegion parts in overlap: 0 (0%)
Dropped overlaps with empty N region due to no complete NDN coverage: 0 (0%)
Number of left-side alignments: 149 (21.29%)
Number of right-side alignments: 252 (36%)
Complex overlaps: 0 (0%)
Over-overlaps: 0 (0%)
Partial alignments written to output: 588 (84%)

>>>>>>>>>>>>>>>>>>>>>>> mixcr extend <<<<<<<<<<<<<<<<<<<<<<<
Running:
mixcr extend --report /projects/rpci/songyao/pnfioric/arc_project/airr_calculation/tcr_quant/results/mixcr_RS-04224029.extend.report.txt --json-report /projects/rpci/songyao/pnfioric/arc_project/airr_calculation/tcr_quant/results/mixcr_RS-04224029.extend.report.json --threads 12 /projects/rpci/songyao/pnfioric/arc_project/airr_calculation/tcr_quant/results/mixcr_RS-04224029.passembled.2.vdjca /projects/rpci/songyao/pnfioric/arc_project/airr_calculation/tcr_quant/results/mixcr_RS-04224029.extended.vdjca
Extending alignments: 0%
====================== report: extend ======================
Analysis time: 10ms
Extended alignments count: 0 (0%)
V extensions total: 0 (0%)
V extensions with merged targets: 0 (0%)
J extensions total: 0 (0%)
J extensions with merged targets: 0 (0%)
V+J extensions: 0 (0%)
Mean V extension length: NaN
Mean J extension length: NaN

>>>>>>>>>>>>>>>>>>>>>> mixcr assemble <<<<<<<<<<<<<<<<<<<<<<
Running:
mixcr assemble --report /projects/rpci/songyao/pnfioric/arc_project/airr_calculation/tcr_quant/results/mixcr_RS-04224029.assemble.report.txt --json-report /projects/rpci/songyao/pnfioric/arc_project/airr_calculation/tcr_quant/results/mixcr_RS-04224029.assemble.report.json /projects/rpci/songyao/pnfioric/arc_project/airr_calculation/tcr_quant/results/mixcr_RS-04224029.extended.vdjca /projects/rpci/songyao/pnfioric/arc_project/airr_calculation/tcr_quant/results/mixcr_RS-04224029.clna
Initialization: progress unknown
Initialization: progress unknown
===================== report: assemble =====================
Analysis time: 305ms
Final clonotype count: 12
Reads used in clonotypes, percent of total: 103 (0%)
Average number of reads per clonotype: 8.58
Reads dropped due to the lack of a clone sequence, percent of total: 597 (0%)
Reads dropped due to a too short clonal sequence, percent of total: 0 (0%)
Reads dropped due to low quality, percent of total: 0 (0%)
Reads dropped due to failed mapping, percent of total: 0 (0%)
Reads dropped with low quality clones, percent of total: 0 (0%)
Aligned reads processed: 103
Reads used in clonotypes before clustering, percent of total: 103 (0%)
Number of reads used as a core, percent of used: 101 (98.06%)
Mapped low quality reads, percent of used: 2 (1.94%)
Reads clustered in PCR error correction, percent of used: 0 (0%)
Reads pre-clustered due to the similar VJC-lists, percent of used: 0 (0%)
Clonotypes dropped as low quality: 0
Clonotypes eliminated by PCR error correction: 0
Clonotypes pre-clustered due to the similar VJC-lists: 0
Clones dropped in post filtering: 0 (0%)
Reads dropped in post filtering: 0.0 (0%)
Reads filtered by tag prefix: 0 (0%)
IGH chains: 5 (41.67%)
IGH non-functional: 0 (0%)
IGK chains: 1 (8.33%)
IGK non-functional: 0 (0%)
IGL chains: 6 (50%)
IGL non-functional: 0 (0%)

>>>>>>>>>>>>>>>>>> mixcr assembleContigs <<<<<<<<<<<<<<<<<<
Running:
mixcr assembleContigs --report /projects/rpci/songyao/pnfioric/arc_project/airr_calculation/tcr_quant/results/mixcr_RS-04224029.assembleContigs.report.txt --json-report /projects/rpci/songyao/pnfioric/arc_project/airr_calculation/tcr_quant/results/mixcr_RS-04224029.assembleContigs.report.json --threads 12 /projects/rpci/songyao/pnfioric/arc_project/airr_calculation/tcr_quant/results/mixcr_RS-04224029.clna /projects/rpci/songyao/pnfioric/arc_project/airr_calculation/tcr_quant/results/mixcr_RS-04224029.contigs.clns
Assembling contigs: 0%
================= report: assembleContigs =================
Analysis time: 133ms
Initial clonotype count: 12
Final clonotype count: 12 (100%)
Canceled assemblies: 0 (0%)
Clones filtered out after assemble: 0 (0%)
Number of premature termination assembly events, percent of number of initial clonotypes: 0.0 (0%)
Longest contig length: 153
Clustered variants: 0 (0%)
Reads in clustered variants: 0.0 (0%)
Reads in divided (newly created) clones: 0.0 (0%)
Clones with ambiguous letters in splitting region: 0 (0%)
Reads in clones with ambiguous letters in splitting region: 0.0 (0%)
Average number of ambiguous letters per clone with ambiguous letters in splitting region: NaN
Clones combined after clustering: 0 (0%)

>>>>>>>>>>>>>>>>>>>>>>>>> mixcr qc <<<<<<<<<<<<<<<<<<<<<<<<<
Running:
mixcr qc --print-to-stdout /projects/rpci/songyao/pnfioric/arc_project/airr_calculation/tcr_quant/results/mixcr_RS-04224029.contigs.clns /projects/rpci/songyao/pnfioric/arc_project/airr_calculation/tcr_quant/results/mixcr_RS-04224029.qc.txt /projects/rpci/songyao/pnfioric/arc_project/airr_calculation/tcr_quant/results/mixcr_RS-04224029.qc.json

  Alignments dropped due to low sequence quality: 0.0% [OK]

>>>>>>>>>>>>>>>>>>>> mixcr exportClones <<<<<<<<<<<<<<<<<<<<
Running:
mixcr exportClones /projects/rpci/songyao/pnfioric/arc_project/airr_calculation/tcr_quant/results/mixcr_RS-04224029.contigs.clns /projects/rpci/songyao/pnfioric/arc_project/airr_calculation/tcr_quant/results/mixcr_RS-04224029.clones.tsv
Analysis finished successfully.
===============================
Visualize results and simplify your immune data analysis with a convenient UI.
Explore and install Platforma.bio here: https://platforma.bio
