Exporting TRB
Exporting clones: 25%
Filtered 4 of 684 clones (99.42%).
Filtered 5.0 of 1732.0 reads (99.71%).
Exporting TRA
Exporting clones: 100%
Filtered 1 of 684 clones (99.85%).
Filtered 1.0 of 1732.0 reads (99.94%).
Exporting IGH
Exporting clones: 0.6%
Filtered 179 of 684 clones (73.83%).
Filtered 363.0 of 1732.0 reads (79.04%).
Exporting IGL
Exporting clones: 0.6%
Filtered 172 of 684 clones (74.85%).
Filtered 476.0 of 1732.0 reads (72.52%).
Exporting IGK
Exporting clones: 0.9%
Filtered 328 of 684 clones (52.05%).
Filtered 887.0 of 1732.0 reads (48.79%).
