WARNING: sun.reflect.Reflection.getCallerClass is not supported. This will impact performance.

>>>>>>>>>>>>>>>>>>>>>>> mixcr align <<<<<<<<<<<<<<<<<<<<<<<
Running:
mixcr align --report /projects/rpci/songyao/pnfioric/arc_project/airr_calculation/tcr_quant/results/mixcr_RS-03890644.align.report.txt --json-report /projects/rpci/songyao/pnfioric/arc_project/airr_calculation/tcr_quant/results/mixcr_RS-03890644.align.report.json --threads 12 --preset rna-seq --save-output-file-names /projects/rpci/songyao/pnfioric/arc_project/airr_calculation/tcr_quant/results/mixcr_RS-03890644.align.list.tsv --species hsa /projects/rpci/songyao/pnfioric/arc_project/airr_calculation/fastq_files/RS-03890644/RS-04417075_SSFS11013019-B4_RS-03890644_S79_R1_001.fastq.gz /projects/rpci/songyao/pnfioric/arc_project/airr_calculation/fastq_files/RS-03890644/RS-04417075_SSFS11013019-B4_RS-03890644_S79_R2_001.fastq.gz /projects/rpci/songyao/pnfioric/arc_project/airr_calculation/tcr_quant/results/mixcr_RS-03890644.alignments.vdjca
Alignment: 0%
Alignment: 3.5%  ETA: 00:54:33
Alignment: 7.2%  ETA: 00:50:43
Alignment: 10.9%  ETA: 00:48:43
Alignment: 14.5%  ETA: 00:47:33
Alignment: 18.1%  ETA: 00:45:09
Alignment: 21.7%  ETA: 00:43:09
Alignment: 25.3%  ETA: 00:41:09
Alignment: 28.9%  ETA: 00:40:13
Alignment: 32.5%  ETA: 00:37:32
Alignment: 36%  ETA: 00:35:51
Alignment: 39.6%  ETA: 00:33:51
Alignment: 43.2%  ETA: 00:31:17
Alignment: 46.8%  ETA: 00:29:33
Alignment: 50.5%  ETA: 00:27:18
Alignment: 54%  ETA: 00:25:46
Alignment: 57.6%  ETA: 00:23:46
Alignment: 61.2%  ETA: 00:21:46
Alignment: 64.7%  ETA: 00:19:46
Alignment: 68.3%  ETA: 00:17:36
Alignment: 71.9%  ETA: 00:15:36
Alignment: 75.6%  ETA: 00:13:28
Alignment: 79.1%  ETA: 00:11:49
Alignment: 82.7%  ETA: 00:09:37
Alignment: 86.2%  ETA: 00:07:47
Alignment: 89.8%  ETA: 00:05:39
Alignment: 93.5%  ETA: 00:03:36
Alignment: 97.1%  ETA: 00:01:36
====================== report: align ======================
Analysis time: 55.63m
Total sequencing reads: 63249974
Successfully aligned reads: 5982 (0.01%)
Coverage (percent of successfully aligned):
  CDR3: 345 (5.77%)
  FR3_TO_FR4: 0 (0%)
  CDR2_TO_FR4: 0 (0%)
  FR2_TO_FR4: 0 (0%)
  CDR1_TO_FR4: 0 (0%)
  VDJRegion: 0 (0%)
Alignment failed: no hits (not TCR/IG?): 61103787 (96.61%)
Alignment failed after alignment-aided overlap: 1 (0%)
Alignment failed: no CDR3 parts: 25080 (0.04%)
Alignment failed: low total score: 2115124 (3.34%)
Overlapped: 60066229 (94.97%)
Overlapped and aligned: 5752 (0.01%)
Overlapped and not aligned: 60060477 (94.96%)
Alignment-aided overlaps, percent of overlapped and aligned: 55 (0.96%)
No CDR3 parts alignments, percent of successfully aligned: 41 (0.69%)
Partial aligned reads, percent of successfully aligned: 5596 (93.55%)
Realigned with forced non-floating bound: 6367600 (10.07%)
Realigned with forced non-floating right bound in left read: 696 (0%)
Realigned with forced non-floating left bound in right read: 696 (0%)
TRA chains: 3168 (52.96%)
TRA non-functional: 2 (0.06%)
TRB chains: 865 (14.46%)
TRB non-functional: 0 (0%)
TRD chains: 19 (0.32%)
TRD non-functional: 0 (0%)
TRG chains: 53 (0.89%)
TRG non-functional: 0 (0%)
IGH chains: 844 (14.11%)
IGH non-functional: 0 (0%)
TRAD chains: 55 (0.92%)
TRAD non-functional: 0 (0%)
IGK chains: 537 (8.98%)
IGK non-functional: 4 (0.74%)
IGL chains: 441 (7.37%)
IGL non-functional: 0 (0%)
Trimming report:
  R1 reads trimmed left: 171577 (0.27%)
  R1 reads trimmed right: 176055 (0.28%)
  Average R1 nucleotides trimmed left: 0.04610680156168918
  Average R1 nucleotides trimmed right: 0.04914052612891193
  R2 reads trimmed left: 169407 (0.27%)
  R2 reads trimmed right: 174354 (0.28%)
  Average R2 nucleotides trimmed left: 0.04544117282957302
  Average R2 nucleotides trimmed right: 0.04840971159924903

>>>>>>>>>>>>>>>>>> mixcr assemblePartial <<<<<<<<<<<<<<<<<<
Running:
mixcr assemblePartial --report /projects/rpci/songyao/pnfioric/arc_project/airr_calculation/tcr_quant/results/mixcr_RS-03890644.assemblePartial.report.txt --json-report /projects/rpci/songyao/pnfioric/arc_project/airr_calculation/tcr_quant/results/mixcr_RS-03890644.assemblePartial.report.json /projects/rpci/songyao/pnfioric/arc_project/airr_calculation/tcr_quant/results/mixcr_RS-03890644.alignments.vdjca /projects/rpci/songyao/pnfioric/arc_project/airr_calculation/tcr_quant/results/mixcr_RS-03890644.passembled.1.vdjca
Building index: 0%
Searching for overlaps: 0%
================= report: assemblePartial =================
Analysis time: 265ms
Total alignments analysed: 5982
Number of output alignments: 5982 (100%)
Alignments already with CDR3 (no overlapping is performed): 355 (5.93%)
Successfully overlapped alignments: 0 (0%)
Left parts with too small N-region (failed to extract k-mer): 445 (7.44%)
Extracted k-mer diversity: 2526
Dropped due to wildcard in k-mer: 0 (0%)
Dropped due to too short NRegion parts in overlap: 7 (0.12%)
Dropped overlaps with empty N region due to no complete NDN coverage: 0 (0%)
Number of left-side alignments: 483 (8.07%)
Number of right-side alignments: 4699 (78.55%)
Complex overlaps: 0 (0%)
Over-overlaps: 0 (0%)
Partial alignments written to output: 5627 (94.07%)

>>>>>>>>>>>>>>>>>> mixcr assemblePartial <<<<<<<<<<<<<<<<<<
Running:
mixcr assemblePartial --report /projects/rpci/songyao/pnfioric/arc_project/airr_calculation/tcr_quant/results/mixcr_RS-03890644.assemblePartial.report.txt --json-report /projects/rpci/songyao/pnfioric/arc_project/airr_calculation/tcr_quant/results/mixcr_RS-03890644.assemblePartial.report.json /projects/rpci/songyao/pnfioric/arc_project/airr_calculation/tcr_quant/results/mixcr_RS-03890644.passembled.1.vdjca /projects/rpci/songyao/pnfioric/arc_project/airr_calculation/tcr_quant/results/mixcr_RS-03890644.passembled.2.vdjca
Building index: 0%
Searching for overlaps: 0%
================= report: assemblePartial =================
Analysis time: 113ms
Total alignments analysed: 5982
Number of output alignments: 5982 (100%)
Alignments already with CDR3 (no overlapping is performed): 355 (5.93%)
Successfully overlapped alignments: 0 (0%)
Left parts with too small N-region (failed to extract k-mer): 445 (7.44%)
Extracted k-mer diversity: 2526
Dropped due to wildcard in k-mer: 0 (0%)
Dropped due to too short NRegion parts in overlap: 7 (0.12%)
Dropped overlaps with empty N region due to no complete NDN coverage: 0 (0%)
Number of left-side alignments: 483 (8.07%)
Number of right-side alignments: 4699 (78.55%)
Complex overlaps: 0 (0%)
Over-overlaps: 0 (0%)
Partial alignments written to output: 5627 (94.07%)

>>>>>>>>>>>>>>>>>>>>>>> mixcr extend <<<<<<<<<<<<<<<<<<<<<<<
Running:
mixcr extend --report /projects/rpci/songyao/pnfioric/arc_project/airr_calculation/tcr_quant/results/mixcr_RS-03890644.extend.report.txt --json-report /projects/rpci/songyao/pnfioric/arc_project/airr_calculation/tcr_quant/results/mixcr_RS-03890644.extend.report.json --threads 12 /projects/rpci/songyao/pnfioric/arc_project/airr_calculation/tcr_quant/results/mixcr_RS-03890644.passembled.2.vdjca /projects/rpci/songyao/pnfioric/arc_project/airr_calculation/tcr_quant/results/mixcr_RS-03890644.extended.vdjca
Extending alignments: 0%
====================== report: extend ======================
Analysis time: 41ms
Extended alignments count: 0 (0%)
V extensions total: 0 (0%)
V extensions with merged targets: 0 (0%)
J extensions total: 0 (0%)
J extensions with merged targets: 0 (0%)
V+J extensions: 0 (0%)
Mean V extension length: NaN
Mean J extension length: NaN

>>>>>>>>>>>>>>>>>>>>>> mixcr assemble <<<<<<<<<<<<<<<<<<<<<<
Running:
mixcr assemble --report /projects/rpci/songyao/pnfioric/arc_project/airr_calculation/tcr_quant/results/mixcr_RS-03890644.assemble.report.txt --json-report /projects/rpci/songyao/pnfioric/arc_project/airr_calculation/tcr_quant/results/mixcr_RS-03890644.assemble.report.json /projects/rpci/songyao/pnfioric/arc_project/airr_calculation/tcr_quant/results/mixcr_RS-03890644.extended.vdjca /projects/rpci/songyao/pnfioric/arc_project/airr_calculation/tcr_quant/results/mixcr_RS-03890644.clna
Initialization: progress unknown
Initialization: progress unknown
===================== report: assemble =====================
Analysis time: 500ms
Final clonotype count: 102
Reads used in clonotypes, percent of total: 344 (0%)
Average number of reads per clonotype: 3.37
Reads dropped due to the lack of a clone sequence, percent of total: 5637 (0.01%)
Reads dropped due to a too short clonal sequence, percent of total: 0 (0%)
Reads dropped due to low quality, percent of total: 0 (0%)
Reads dropped due to failed mapping, percent of total: 1 (0%)
Reads dropped with low quality clones, percent of total: 0 (0%)
Aligned reads processed: 345
Reads used in clonotypes before clustering, percent of total: 344 (0%)
Number of reads used as a core, percent of used: 344 (100%)
Mapped low quality reads, percent of used: 0 (0%)
Reads clustered in PCR error correction, percent of used: 0 (0%)
Reads pre-clustered due to the similar VJC-lists, percent of used: 0 (0%)
Clonotypes dropped as low quality: 0
Clonotypes eliminated by PCR error correction: 0
Clonotypes pre-clustered due to the similar VJC-lists: 0
Clones dropped in post filtering: 0 (0%)
Reads dropped in post filtering: 0.0 (0%)
Reads filtered by tag prefix: 0 (0%)
TRA chains: 6 (5.88%)
TRA non-functional: 1 (16.67%)
TRB chains: 6 (5.88%)
TRB non-functional: 0 (0%)
IGH chains: 24 (23.53%)
IGH non-functional: 0 (0%)
IGK chains: 47 (46.08%)
IGK non-functional: 3 (6.38%)
IGL chains: 19 (18.63%)
IGL non-functional: 0 (0%)

>>>>>>>>>>>>>>>>>> mixcr assembleContigs <<<<<<<<<<<<<<<<<<
Running:
mixcr assembleContigs --report /projects/rpci/songyao/pnfioric/arc_project/airr_calculation/tcr_quant/results/mixcr_RS-03890644.assembleContigs.report.txt --json-report /projects/rpci/songyao/pnfioric/arc_project/airr_calculation/tcr_quant/results/mixcr_RS-03890644.assembleContigs.report.json --threads 12 /projects/rpci/songyao/pnfioric/arc_project/airr_calculation/tcr_quant/results/mixcr_RS-03890644.clna /projects/rpci/songyao/pnfioric/arc_project/airr_calculation/tcr_quant/results/mixcr_RS-03890644.contigs.clns
Assembling contigs: 0%
================= report: assembleContigs =================
Analysis time: 243ms
Initial clonotype count: 102
Final clonotype count: 102 (100%)
Canceled assemblies: 0 (0%)
Clones filtered out after assemble: 0 (0%)
Number of premature termination assembly events, percent of number of initial clonotypes: 0.0 (0%)
Longest contig length: 251
Clustered variants: 0 (0%)
Reads in clustered variants: 0.0 (0%)
Reads in divided (newly created) clones: 0.0 (0%)
Clones with ambiguous letters in splitting region: 0 (0%)
Reads in clones with ambiguous letters in splitting region: 0.0 (0%)
Average number of ambiguous letters per clone with ambiguous letters in splitting region: NaN
Clones combined after clustering: 0 (0%)

>>>>>>>>>>>>>>>>>>>>>>>>> mixcr qc <<<<<<<<<<<<<<<<<<<<<<<<<
Running:
mixcr qc --print-to-stdout /projects/rpci/songyao/pnfioric/arc_project/airr_calculation/tcr_quant/results/mixcr_RS-03890644.contigs.clns /projects/rpci/songyao/pnfioric/arc_project/airr_calculation/tcr_quant/results/mixcr_RS-03890644.qc.txt /projects/rpci/songyao/pnfioric/arc_project/airr_calculation/tcr_quant/results/mixcr_RS-03890644.qc.json

  Alignments dropped due to low sequence quality: 0.0% [OK]

>>>>>>>>>>>>>>>>>>>> mixcr exportClones <<<<<<<<<<<<<<<<<<<<
Running:
mixcr exportClones /projects/rpci/songyao/pnfioric/arc_project/airr_calculation/tcr_quant/results/mixcr_RS-03890644.contigs.clns /projects/rpci/songyao/pnfioric/arc_project/airr_calculation/tcr_quant/results/mixcr_RS-03890644.clones.tsv
Analysis finished successfully.
===============================
Visualize results and simplify your immune data analysis with a convenient UI.
Explore and install Platforma.bio here: https://platforma.bio
