Exporting TRB
Exporting clones: 100%
Filtered 1 of 135 clones (99.26%).
Filtered 8.0 of 373.0 reads (97.86%).
Exporting TRA
Exporting clones: 25%
Filtered 4 of 135 clones (97.04%).
Filtered 7.0 of 373.0 reads (98.12%).
Exporting IGH
Exporting clones: 2.3%
Filtered 43 of 135 clones (68.15%).
Filtered 111.0 of 373.0 reads (70.24%).
Exporting TRG
Exporting clones: 100%
Filtered 1 of 135 clones (99.26%).
Filtered 2.0 of 373.0 reads (99.46%).
Exporting IGL
Exporting clones: 11.8%
Filtered 17 of 135 clones (87.41%).
Filtered 37.0 of 373.0 reads (90.08%).
Exporting IGK
Exporting clones: 1.4%
Filtered 69 of 135 clones (48.89%).
Filtered 208.0 of 373.0 reads (44.24%).
