WARNING: sun.reflect.Reflection.getCallerClass is not supported. This will impact performance.

>>>>>>>>>>>>>>>>>>>>>>> mixcr align <<<<<<<<<<<<<<<<<<<<<<<
Running:
mixcr align --report /projects/rpci/songyao/pnfioric/arc_project/airr_calculation/tcr_quant/results/mixcr_RS-04378748.align.report.txt --json-report /projects/rpci/songyao/pnfioric/arc_project/airr_calculation/tcr_quant/results/mixcr_RS-04378748.align.report.json --threads 12 --preset rna-seq --save-output-file-names /projects/rpci/songyao/pnfioric/arc_project/airr_calculation/tcr_quant/results/mixcr_RS-04378748.align.list.tsv --species hsa /projects/rpci/songyao/pnfioric/arc_project/airr_calculation/fastq_files/RS-04378748/RS-04378748_ROSS11024581-E13_RS-03845103_S141_R1_001.fastq.gz /projects/rpci/songyao/pnfioric/arc_project/airr_calculation/fastq_files/RS-04378748/RS-04378748_ROSS11024581-E13_RS-03845103_S141_R2_001.fastq.gz /projects/rpci/songyao/pnfioric/arc_project/airr_calculation/tcr_quant/results/mixcr_RS-04378748.alignments.vdjca
Alignment: 0%
Alignment: 3.4%  ETA: 00:57:18
Alignment: 6.9%  ETA: 00:53:16
Alignment: 10.4%  ETA: 00:51:16
Alignment: 13.8%  ETA: 00:49:44
Alignment: 17.3%  ETA: 00:47:17
Alignment: 20.8%  ETA: 00:45:17
Alignment: 24.3%  ETA: 00:43:41
Alignment: 27.8%  ETA: 00:41:41
Alignment: 31.2%  ETA: 00:40:04
Alignment: 34.6%  ETA: 00:38:03
Alignment: 38.1%  ETA: 00:36:04
Alignment: 41.6%  ETA: 00:33:26
Alignment: 45%  ETA: 00:32:01
Alignment: 48.5%  ETA: 00:29:44
Alignment: 51.9%  ETA: 00:28:00
Alignment: 55.3%  ETA: 00:26:00
Alignment: 58.8%  ETA: 00:23:46
Alignment: 62.2%  ETA: 00:21:59
Alignment: 65.7%  ETA: 00:19:59
Alignment: 69.2%  ETA: 00:17:38
Alignment: 72.6%  ETA: 00:16:07
Alignment: 76%  ETA: 00:13:50
Alignment: 79.4%  ETA: 00:12:04
Alignment: 82.9%  ETA: 00:09:58
Alignment: 86.3%  ETA: 00:07:53
Alignment: 89.8%  ETA: 00:05:57
Alignment: 93.2%  ETA: 00:03:57
Alignment: 96.7%  ETA: 00:01:53
====================== report: align ======================
Analysis time: 57.96m
Total sequencing reads: 61958219
Successfully aligned reads: 6195 (0.01%)
Coverage (percent of successfully aligned):
  CDR3: 1760 (28.41%)
  FR3_TO_FR4: 30 (0.48%)
  CDR2_TO_FR4: 12 (0.19%)
  FR2_TO_FR4: 0 (0%)
  CDR1_TO_FR4: 8 (0.13%)
  VDJRegion: 0 (0%)
Alignment failed: no hits (not TCR/IG?): 60429160 (97.53%)
Alignment failed after alignment-aided overlap: 1 (0%)
Alignment failed: no CDR3 parts: 25722 (0.04%)
Alignment failed: low total score: 1497141 (2.42%)
Overlapped: 51893585 (83.76%)
Overlapped and aligned: 5573 (0.01%)
Overlapped and not aligned: 51888012 (83.75%)
Alignment-aided overlaps, percent of overlapped and aligned: 148 (2.66%)
No CDR3 parts alignments, percent of successfully aligned: 117 (1.89%)
Partial aligned reads, percent of successfully aligned: 4318 (69.7%)
V gene chimeras: 3 (0%)
Realigned with forced non-floating bound: 20129564 (32.49%)
Realigned with forced non-floating right bound in left read: 852 (0%)
Realigned with forced non-floating left bound in right read: 852 (0%)
TRA chains: 322 (5.2%)
TRA non-functional: 1 (0.31%)
TRB chains: 130 (2.1%)
TRB non-functional: 1 (0.77%)
TRD chains: 10 (0.16%)
TRD non-functional: 0 (0%)
TRG chains: 22 (0.36%)
TRG non-functional: 1 (4.55%)
IGH chains: 1894 (30.57%)
IGH non-functional: 3 (0.16%)
TRAD chains: 17 (0.27%)
TRAD non-functional: 0 (0%)
IGK chains: 1742 (28.12%)
IGK non-functional: 18 (1.03%)
IGL chains: 2058 (33.22%)
IGL non-functional: 2 (0.1%)
Trimming report:
  R1 reads trimmed left: 22331 (0.04%)
  R1 reads trimmed right: 23846 (0.04%)
  Average R1 nucleotides trimmed left: 0.006104048923678713
  Average R1 nucleotides trimmed right: 0.006680937681568929
  R2 reads trimmed left: 22604 (0.04%)
  R2 reads trimmed right: 22690 (0.04%)
  Average R2 nucleotides trimmed left: 0.006041200119067335
  Average R2 nucleotides trimmed right: 0.0064323508072431845

>>>>>>>>>>>>>>>>>> mixcr assemblePartial <<<<<<<<<<<<<<<<<<
Running:
mixcr assemblePartial --report /projects/rpci/songyao/pnfioric/arc_project/airr_calculation/tcr_quant/results/mixcr_RS-04378748.assemblePartial.report.txt --json-report /projects/rpci/songyao/pnfioric/arc_project/airr_calculation/tcr_quant/results/mixcr_RS-04378748.assemblePartial.report.json /projects/rpci/songyao/pnfioric/arc_project/airr_calculation/tcr_quant/results/mixcr_RS-04378748.alignments.vdjca /projects/rpci/songyao/pnfioric/arc_project/airr_calculation/tcr_quant/results/mixcr_RS-04378748.passembled.1.vdjca
Building index: 0%
Searching for overlaps: 0%
================= report: assemblePartial =================
Analysis time: 664ms
Total alignments analysed: 6195
Number of output alignments: 6119 (98.77%)
Alignments already with CDR3 (no overlapping is performed): 1868 (30.15%)
Successfully overlapped alignments: 76 (1.23%)
Left parts with too small N-region (failed to extract k-mer): 922 (14.88%)
Extracted k-mer diversity: 4839
Dropped due to wildcard in k-mer: 0 (0%)
Dropped due to too short NRegion parts in overlap: 23 (0.37%)
Dropped overlaps with empty N region due to no complete NDN coverage: 5 (0.08%)
Number of left-side alignments: 803 (12.96%)
Number of right-side alignments: 2635 (42.53%)
Complex overlaps: 0 (0%)
Over-overlaps: 0 (0%)
Partial alignments written to output: 4175 (67.39%)

>>>>>>>>>>>>>>>>>> mixcr assemblePartial <<<<<<<<<<<<<<<<<<
Running:
mixcr assemblePartial --report /projects/rpci/songyao/pnfioric/arc_project/airr_calculation/tcr_quant/results/mixcr_RS-04378748.assemblePartial.report.txt --json-report /projects/rpci/songyao/pnfioric/arc_project/airr_calculation/tcr_quant/results/mixcr_RS-04378748.assemblePartial.report.json /projects/rpci/songyao/pnfioric/arc_project/airr_calculation/tcr_quant/results/mixcr_RS-04378748.passembled.1.vdjca /projects/rpci/songyao/pnfioric/arc_project/airr_calculation/tcr_quant/results/mixcr_RS-04378748.passembled.2.vdjca
Building index: 0%
Searching for overlaps: 0%
================= report: assemblePartial =================
Analysis time: 157ms
Total alignments analysed: 6119
Number of output alignments: 6119 (100%)
Alignments already with CDR3 (no overlapping is performed): 1944 (31.77%)
Successfully overlapped alignments: 0 (0%)
Left parts with too small N-region (failed to extract k-mer): 922 (15.07%)
Extracted k-mer diversity: 4702
Dropped due to wildcard in k-mer: 0 (0%)
Dropped due to too short NRegion parts in overlap: 23 (0.38%)
Dropped overlaps with empty N region due to no complete NDN coverage: 0 (0%)
Number of left-side alignments: 727 (11.88%)
Number of right-side alignments: 2559 (41.82%)
Complex overlaps: 0 (0%)
Over-overlaps: 0 (0%)
Partial alignments written to output: 4175 (68.23%)

>>>>>>>>>>>>>>>>>>>>>>> mixcr extend <<<<<<<<<<<<<<<<<<<<<<<
Running:
mixcr extend --report /projects/rpci/songyao/pnfioric/arc_project/airr_calculation/tcr_quant/results/mixcr_RS-04378748.extend.report.txt --json-report /projects/rpci/songyao/pnfioric/arc_project/airr_calculation/tcr_quant/results/mixcr_RS-04378748.extend.report.json --threads 12 /projects/rpci/songyao/pnfioric/arc_project/airr_calculation/tcr_quant/results/mixcr_RS-04378748.passembled.2.vdjca /projects/rpci/songyao/pnfioric/arc_project/airr_calculation/tcr_quant/results/mixcr_RS-04378748.extended.vdjca
Extending alignments: 0%
====================== report: extend ======================
Analysis time: 69ms
Extended alignments count: 0 (0%)
V extensions total: 0 (0%)
V extensions with merged targets: 0 (0%)
J extensions total: 0 (0%)
J extensions with merged targets: 0 (0%)
V+J extensions: 0 (0%)
Mean V extension length: NaN
Mean J extension length: NaN

>>>>>>>>>>>>>>>>>>>>>> mixcr assemble <<<<<<<<<<<<<<<<<<<<<<
Running:
mixcr assemble --report /projects/rpci/songyao/pnfioric/arc_project/airr_calculation/tcr_quant/results/mixcr_RS-04378748.assemble.report.txt --json-report /projects/rpci/songyao/pnfioric/arc_project/airr_calculation/tcr_quant/results/mixcr_RS-04378748.assemble.report.json /projects/rpci/songyao/pnfioric/arc_project/airr_calculation/tcr_quant/results/mixcr_RS-04378748.extended.vdjca /projects/rpci/songyao/pnfioric/arc_project/airr_calculation/tcr_quant/results/mixcr_RS-04378748.clna
Initialization: progress unknown
Initialization: progress unknown
Writing alignments: 98.5%
===================== report: assemble =====================
Analysis time: 1.18s
Final clonotype count: 740
Reads used in clonotypes, percent of total: 1850 (0%)
Average number of reads per clonotype: 2.5
Reads dropped due to the lack of a clone sequence, percent of total: 4283 (0.01%)
Reads dropped due to a too short clonal sequence, percent of total: 0 (0%)
Reads dropped due to low quality, percent of total: 0 (0%)
Reads dropped due to failed mapping, percent of total: 57 (0%)
Reads dropped with low quality clones, percent of total: 0 (0%)
Aligned reads processed: 1912
Reads used in clonotypes before clustering, percent of total: 1855 (0%)
Number of reads used as a core, percent of used: 1848 (99.62%)
Mapped low quality reads, percent of used: 7 (0.38%)
Reads clustered in PCR error correction, percent of used: 5 (0.27%)
Reads pre-clustered due to the similar VJC-lists, percent of used: 0 (0%)
Clonotypes dropped as low quality: 0
Clonotypes eliminated by PCR error correction: 5
Clonotypes pre-clustered due to the similar VJC-lists: 0
Clones dropped in post filtering: 0 (0%)
Reads dropped in post filtering: 0.0 (0%)
Reads filtered by tag prefix: 0 (0%)
TRA chains: 4 (0.54%)
TRA non-functional: 1 (25%)
TRB chains: 4 (0.54%)
TRB non-functional: 1 (25%)
TRG chains: 2 (0.27%)
TRG non-functional: 0 (0%)
IGH chains: 178 (24.05%)
IGH non-functional: 2 (1.12%)
IGK chains: 347 (46.89%)
IGK non-functional: 9 (2.59%)
IGL chains: 205 (27.7%)
IGL non-functional: 1 (0.49%)

>>>>>>>>>>>>>>>>>> mixcr assembleContigs <<<<<<<<<<<<<<<<<<
Running:
mixcr assembleContigs --report /projects/rpci/songyao/pnfioric/arc_project/airr_calculation/tcr_quant/results/mixcr_RS-04378748.assembleContigs.report.txt --json-report /projects/rpci/songyao/pnfioric/arc_project/airr_calculation/tcr_quant/results/mixcr_RS-04378748.assembleContigs.report.json --threads 12 /projects/rpci/songyao/pnfioric/arc_project/airr_calculation/tcr_quant/results/mixcr_RS-04378748.clna /projects/rpci/songyao/pnfioric/arc_project/airr_calculation/tcr_quant/results/mixcr_RS-04378748.contigs.clns
Assembling contigs: 0%
================= report: assembleContigs =================
Analysis time: 632ms
Initial clonotype count: 740
Final clonotype count: 740 (100%)
Canceled assemblies: 0 (0%)
Clones filtered out after assemble: 0 (0%)
Number of premature termination assembly events, percent of number of initial clonotypes: 0.0 (0%)
Longest contig length: 398
Clustered variants: 0 (0%)
Reads in clustered variants: 0.0 (0%)
Reads in divided (newly created) clones: 0.0 (0%)
Clones with ambiguous letters in splitting region: 0 (0%)
Reads in clones with ambiguous letters in splitting region: 0.0 (0%)
Average number of ambiguous letters per clone with ambiguous letters in splitting region: NaN
Clones combined after clustering: 0 (0%)

>>>>>>>>>>>>>>>>>>>>>>>>> mixcr qc <<<<<<<<<<<<<<<<<<<<<<<<<
Running:
mixcr qc --print-to-stdout /projects/rpci/songyao/pnfioric/arc_project/airr_calculation/tcr_quant/results/mixcr_RS-04378748.contigs.clns /projects/rpci/songyao/pnfioric/arc_project/airr_calculation/tcr_quant/results/mixcr_RS-04378748.qc.txt /projects/rpci/songyao/pnfioric/arc_project/airr_calculation/tcr_quant/results/mixcr_RS-04378748.qc.json

  Alignments dropped due to low sequence quality: 0.0% [OK]

>>>>>>>>>>>>>>>>>>>> mixcr exportClones <<<<<<<<<<<<<<<<<<<<
Running:
mixcr exportClones /projects/rpci/songyao/pnfioric/arc_project/airr_calculation/tcr_quant/results/mixcr_RS-04378748.contigs.clns /projects/rpci/songyao/pnfioric/arc_project/airr_calculation/tcr_quant/results/mixcr_RS-04378748.clones.tsv
Analysis finished successfully.
===============================
Visualize results and simplify your immune data analysis with a convenient UI.
Explore and install Platforma.bio here: https://platforma.bio
