Exporting TRB
Exporting clones: 25%
Filtered 4 of 78 clones (94.87%).
Filtered 7.0 of 185.0 reads (96.22%).
Exporting TRA
Exporting clones: 25%
Filtered 4 of 78 clones (94.87%).
Filtered 6.0 of 185.0 reads (96.76%).
Exporting IGH
Exporting clones: 6.7%
Filtered 15 of 78 clones (80.77%).
Filtered 30.0 of 185.0 reads (83.78%).
Exporting TRG
Exporting clones: 33.3%
Filtered 3 of 78 clones (96.15%).
Filtered 5.0 of 185.0 reads (97.3%).
Exporting IGL
Exporting clones: 5.9%
Filtered 17 of 78 clones (78.21%).
Filtered 52.0 of 185.0 reads (71.89%).
Exporting IGK
Exporting clones: 2.9%
Filtered 35 of 78 clones (55.13%).
Filtered 85.0 of 185.0 reads (54.05%).
