WARNING: sun.reflect.Reflection.getCallerClass is not supported. This will impact performance.

>>>>>>>>>>>>>>>>>>>>>>> mixcr align <<<<<<<<<<<<<<<<<<<<<<<
Running:
mixcr align --report /projects/rpci/songyao/pnfioric/arc_project/airr_calculation/tcr_quant/results/mixcr_RS-04079696.align.report.txt --json-report /projects/rpci/songyao/pnfioric/arc_project/airr_calculation/tcr_quant/results/mixcr_RS-04079696.align.report.json --threads 12 --preset rna-seq --save-output-file-names /projects/rpci/songyao/pnfioric/arc_project/airr_calculation/tcr_quant/results/mixcr_RS-04079696.align.list.tsv --species hsa /projects/rpci/songyao/pnfioric/arc_project/airr_calculation/fastq_files/RS-04079696/RS-04417200_259_RS-04079696_S164_R1_001.fastq.gz /projects/rpci/songyao/pnfioric/arc_project/airr_calculation/fastq_files/RS-04079696/RS-04417200_259_RS-04079696_S164_R2_001.fastq.gz /projects/rpci/songyao/pnfioric/arc_project/airr_calculation/tcr_quant/results/mixcr_RS-04079696.alignments.vdjca
Alignment: 0%
Alignment: 3.7%  ETA: 00:51:39
Alignment: 7.5%  ETA: 00:49:38
Alignment: 11.2%  ETA: 00:47:13
Alignment: 15%  ETA: 00:45:13
Alignment: 18.7%  ETA: 00:43:13
Alignment: 22.6%  ETA: 00:40:07
Alignment: 26.4%  ETA: 00:39:09
Alignment: 30.2%  ETA: 00:36:49
Alignment: 34%  ETA: 00:34:30
Alignment: 37.7%  ETA: 00:33:06
Alignment: 41.5%  ETA: 00:31:06
Alignment: 45.3%  ETA: 00:28:50
Alignment: 49.1%  ETA: 00:26:50
Alignment: 52.8%  ETA: 00:25:18
Alignment: 56.5%  ETA: 00:23:32
Alignment: 60.2%  ETA: 00:21:32
Alignment: 63.9%  ETA: 00:19:20
Alignment: 67.7%  ETA: 00:17:10
Alignment: 71.4%  ETA: 00:15:38
Alignment: 75.2%  ETA: 00:13:05
Alignment: 78.9%  ETA: 00:11:26
Alignment: 82.6%  ETA: 00:09:20
Alignment: 86.3%  ETA: 00:07:20
Alignment: 90%  ETA: 00:05:24
Alignment: 93.7%  ETA: 00:03:21
Alignment: 97.5%  ETA: 00:01:19
====================== report: align ======================
Analysis time: 53.39m
Total sequencing reads: 58866495
Successfully aligned reads: 3157 (0.01%)
Coverage (percent of successfully aligned):
  CDR3: 543 (17.2%)
  FR3_TO_FR4: 0 (0%)
  CDR2_TO_FR4: 0 (0%)
  FR2_TO_FR4: 0 (0%)
  CDR1_TO_FR4: 0 (0%)
  VDJRegion: 0 (0%)
Alignment failed: no hits (not TCR/IG?): 57353788 (97.43%)
Alignment failed: no CDR3 parts: 22550 (0.04%)
Alignment failed: low total score: 1487000 (2.53%)
Overlapped: 53431836 (90.77%)
Overlapped and aligned: 2989 (0.01%)
Overlapped and not aligned: 53428847 (90.76%)
Alignment-aided overlaps, percent of overlapped and aligned: 24 (0.8%)
No CDR3 parts alignments, percent of successfully aligned: 47 (1.49%)
Partial aligned reads, percent of successfully aligned: 2567 (81.31%)
Realigned with forced non-floating bound: 10869366 (18.46%)
Realigned with forced non-floating right bound in left read: 601 (0%)
Realigned with forced non-floating left bound in right read: 601 (0%)
TRA chains: 752 (23.82%)
TRA non-functional: 0 (0%)
TRB chains: 129 (4.09%)
TRB non-functional: 0 (0%)
TRD chains: 1 (0.03%)
TRD non-functional: 0 (0%)
TRG chains: 65 (2.06%)
TRG non-functional: 0 (0%)
IGH chains: 855 (27.08%)
IGH non-functional: 0 (0%)
TRAD chains: 13 (0.41%)
TRAD non-functional: 0 (0%)
IGK chains: 698 (22.11%)
IGK non-functional: 24 (3.44%)
IGL chains: 644 (20.4%)
IGL non-functional: 1 (0.16%)
Trimming report:
  R1 reads trimmed left: 146671 (0.25%)
  R1 reads trimmed right: 151055 (0.26%)
  Average R1 nucleotides trimmed left: 0.04235088228031922
  Average R1 nucleotides trimmed right: 0.04518848964933278
  R2 reads trimmed left: 145012 (0.25%)
  R2 reads trimmed right: 150040 (0.25%)
  Average R2 nucleotides trimmed left: 0.04179401202670551
  Average R2 nucleotides trimmed right: 0.044570973692250576

>>>>>>>>>>>>>>>>>> mixcr assemblePartial <<<<<<<<<<<<<<<<<<
Running:
mixcr assemblePartial --report /projects/rpci/songyao/pnfioric/arc_project/airr_calculation/tcr_quant/results/mixcr_RS-04079696.assemblePartial.report.txt --json-report /projects/rpci/songyao/pnfioric/arc_project/airr_calculation/tcr_quant/results/mixcr_RS-04079696.assemblePartial.report.json /projects/rpci/songyao/pnfioric/arc_project/airr_calculation/tcr_quant/results/mixcr_RS-04079696.alignments.vdjca /projects/rpci/songyao/pnfioric/arc_project/airr_calculation/tcr_quant/results/mixcr_RS-04079696.passembled.1.vdjca
Building index: 0%
Searching for overlaps: 0.1%
================= report: assemblePartial =================
Analysis time: 254ms
Total alignments analysed: 3157
Number of output alignments: 3157 (100%)
Alignments already with CDR3 (no overlapping is performed): 550 (17.42%)
Successfully overlapped alignments: 0 (0%)
Left parts with too small N-region (failed to extract k-mer): 481 (15.24%)
Extracted k-mer diversity: 1638
Dropped due to wildcard in k-mer: 0 (0%)
Dropped due to too short NRegion parts in overlap: 1 (0.03%)
Dropped overlaps with empty N region due to no complete NDN coverage: 0 (0%)
Number of left-side alignments: 355 (11.24%)
Number of right-side alignments: 1774 (56.19%)
Complex overlaps: 0 (0%)
Over-overlaps: 0 (0%)
Partial alignments written to output: 2607 (82.58%)

>>>>>>>>>>>>>>>>>> mixcr assemblePartial <<<<<<<<<<<<<<<<<<
Running:
mixcr assemblePartial --report /projects/rpci/songyao/pnfioric/arc_project/airr_calculation/tcr_quant/results/mixcr_RS-04079696.assemblePartial.report.txt --json-report /projects/rpci/songyao/pnfioric/arc_project/airr_calculation/tcr_quant/results/mixcr_RS-04079696.assemblePartial.report.json /projects/rpci/songyao/pnfioric/arc_project/airr_calculation/tcr_quant/results/mixcr_RS-04079696.passembled.1.vdjca /projects/rpci/songyao/pnfioric/arc_project/airr_calculation/tcr_quant/results/mixcr_RS-04079696.passembled.2.vdjca
Building index: 0%
Searching for overlaps: 0.1%
================= report: assemblePartial =================
Analysis time: 75ms
Total alignments analysed: 3157
Number of output alignments: 3157 (100%)
Alignments already with CDR3 (no overlapping is performed): 550 (17.42%)
Successfully overlapped alignments: 0 (0%)
Left parts with too small N-region (failed to extract k-mer): 481 (15.24%)
Extracted k-mer diversity: 1638
Dropped due to wildcard in k-mer: 0 (0%)
Dropped due to too short NRegion parts in overlap: 1 (0.03%)
Dropped overlaps with empty N region due to no complete NDN coverage: 0 (0%)
Number of left-side alignments: 355 (11.24%)
Number of right-side alignments: 1774 (56.19%)
Complex overlaps: 0 (0%)
Over-overlaps: 0 (0%)
Partial alignments written to output: 2607 (82.58%)

>>>>>>>>>>>>>>>>>>>>>>> mixcr extend <<<<<<<<<<<<<<<<<<<<<<<
Running:
mixcr extend --report /projects/rpci/songyao/pnfioric/arc_project/airr_calculation/tcr_quant/results/mixcr_RS-04079696.extend.report.txt --json-report /projects/rpci/songyao/pnfioric/arc_project/airr_calculation/tcr_quant/results/mixcr_RS-04079696.extend.report.json --threads 12 /projects/rpci/songyao/pnfioric/arc_project/airr_calculation/tcr_quant/results/mixcr_RS-04079696.passembled.2.vdjca /projects/rpci/songyao/pnfioric/arc_project/airr_calculation/tcr_quant/results/mixcr_RS-04079696.extended.vdjca
Extending alignments: 0%
====================== report: extend ======================
Analysis time: 29ms
Extended alignments count: 0 (0%)
V extensions total: 0 (0%)
V extensions with merged targets: 0 (0%)
J extensions total: 0 (0%)
J extensions with merged targets: 0 (0%)
V+J extensions: 0 (0%)
Mean V extension length: NaN
Mean J extension length: NaN

>>>>>>>>>>>>>>>>>>>>>> mixcr assemble <<<<<<<<<<<<<<<<<<<<<<
Running:
mixcr assemble --report /projects/rpci/songyao/pnfioric/arc_project/airr_calculation/tcr_quant/results/mixcr_RS-04079696.assemble.report.txt --json-report /projects/rpci/songyao/pnfioric/arc_project/airr_calculation/tcr_quant/results/mixcr_RS-04079696.assemble.report.json /projects/rpci/songyao/pnfioric/arc_project/airr_calculation/tcr_quant/results/mixcr_RS-04079696.extended.vdjca /projects/rpci/songyao/pnfioric/arc_project/airr_calculation/tcr_quant/results/mixcr_RS-04079696.clna
Initialization: progress unknown
Initialization: progress unknown
===================== report: assemble =====================
Analysis time: 576ms
Final clonotype count: 166
Reads used in clonotypes, percent of total: 525 (0%)
Average number of reads per clonotype: 3.16
Reads dropped due to the lack of a clone sequence, percent of total: 2614 (0%)
Reads dropped due to a too short clonal sequence, percent of total: 0 (0%)
Reads dropped due to low quality, percent of total: 0 (0%)
Reads dropped due to failed mapping, percent of total: 18 (0%)
Reads dropped with low quality clones, percent of total: 0 (0%)
Aligned reads processed: 543
Reads used in clonotypes before clustering, percent of total: 525 (0%)
Number of reads used as a core, percent of used: 519 (98.86%)
Mapped low quality reads, percent of used: 6 (1.14%)
Reads clustered in PCR error correction, percent of used: 0 (0%)
Reads pre-clustered due to the similar VJC-lists, percent of used: 0 (0%)
Clonotypes dropped as low quality: 0
Clonotypes eliminated by PCR error correction: 0
Clonotypes pre-clustered due to the similar VJC-lists: 0
Clones dropped in post filtering: 0 (0%)
Reads dropped in post filtering: 0.0 (0%)
Reads filtered by tag prefix: 0 (0%)
TRB chains: 2 (1.2%)
TRB non-functional: 0 (0%)
TRG chains: 1 (0.6%)
TRG non-functional: 0 (0%)
IGH chains: 28 (16.87%)
IGH non-functional: 0 (0%)
IGK chains: 92 (55.42%)
IGK non-functional: 5 (5.43%)
IGL chains: 43 (25.9%)
IGL non-functional: 1 (2.33%)

>>>>>>>>>>>>>>>>>> mixcr assembleContigs <<<<<<<<<<<<<<<<<<
Running:
mixcr assembleContigs --report /projects/rpci/songyao/pnfioric/arc_project/airr_calculation/tcr_quant/results/mixcr_RS-04079696.assembleContigs.report.txt --json-report /projects/rpci/songyao/pnfioric/arc_project/airr_calculation/tcr_quant/results/mixcr_RS-04079696.assembleContigs.report.json --threads 12 /projects/rpci/songyao/pnfioric/arc_project/airr_calculation/tcr_quant/results/mixcr_RS-04079696.clna /projects/rpci/songyao/pnfioric/arc_project/airr_calculation/tcr_quant/results/mixcr_RS-04079696.contigs.clns
Assembling contigs: 0%
================= report: assembleContigs =================
Analysis time: 315ms
Initial clonotype count: 166
Final clonotype count: 166 (100%)
Canceled assemblies: 0 (0%)
Clones filtered out after assemble: 0 (0%)
Number of premature termination assembly events, percent of number of initial clonotypes: 0.0 (0%)
Longest contig length: 241
Clustered variants: 0 (0%)
Reads in clustered variants: 0.0 (0%)
Reads in divided (newly created) clones: 0.0 (0%)
Clones with ambiguous letters in splitting region: 0 (0%)
Reads in clones with ambiguous letters in splitting region: 0.0 (0%)
Average number of ambiguous letters per clone with ambiguous letters in splitting region: NaN
Clones combined after clustering: 0 (0%)

>>>>>>>>>>>>>>>>>>>>>>>>> mixcr qc <<<<<<<<<<<<<<<<<<<<<<<<<
Running:
mixcr qc --print-to-stdout /projects/rpci/songyao/pnfioric/arc_project/airr_calculation/tcr_quant/results/mixcr_RS-04079696.contigs.clns /projects/rpci/songyao/pnfioric/arc_project/airr_calculation/tcr_quant/results/mixcr_RS-04079696.qc.txt /projects/rpci/songyao/pnfioric/arc_project/airr_calculation/tcr_quant/results/mixcr_RS-04079696.qc.json

  Alignments dropped due to low sequence quality: 0.0% [OK]

>>>>>>>>>>>>>>>>>>>> mixcr exportClones <<<<<<<<<<<<<<<<<<<<
Running:
mixcr exportClones /projects/rpci/songyao/pnfioric/arc_project/airr_calculation/tcr_quant/results/mixcr_RS-04079696.contigs.clns /projects/rpci/songyao/pnfioric/arc_project/airr_calculation/tcr_quant/results/mixcr_RS-04079696.clones.tsv
Analysis finished successfully.
===============================
Visualize results and simplify your immune data analysis with a convenient UI.
Explore and install Platforma.bio here: https://platforma.bio
