Exporting TRB
Exporting clones: 50%
Filtered 2 of 389 clones (99.49%).
Filtered 4.0 of 751.0 reads (99.47%).
Exporting TRA
Exporting clones: 50%
Filtered 2 of 389 clones (99.49%).
Filtered 4.0 of 751.0 reads (99.47%).
Exporting IGH
Exporting clones: 1%
Filtered 101 of 389 clones (74.04%).
Filtered 177.0 of 751.0 reads (76.43%).
Exporting IGL
Exporting clones: 1.2%
Filtered 84 of 389 clones (78.41%).
Filtered 159.0 of 751.0 reads (78.83%).
Exporting IGK
Exporting clones: 1%
Filtered 200 of 389 clones (48.59%).
Filtered 407.0 of 751.0 reads (45.81%).
