WARNING: sun.reflect.Reflection.getCallerClass is not supported. This will impact performance.

>>>>>>>>>>>>>>>>>>>>>>> mixcr align <<<<<<<<<<<<<<<<<<<<<<<
Running:
mixcr align --report /projects/rpci/songyao/pnfioric/arc_project/airr_calculation/tcr_quant/results/mixcr_RS-04396704.align.report.txt --json-report /projects/rpci/songyao/pnfioric/arc_project/airr_calculation/tcr_quant/results/mixcr_RS-04396704.align.report.json --threads 12 --preset rna-seq --save-output-file-names /projects/rpci/songyao/pnfioric/arc_project/airr_calculation/tcr_quant/results/mixcr_RS-04396704.align.list.tsv --species hsa /projects/rpci/songyao/pnfioric/arc_project/airr_calculation/fastq_files/RS-04396704/RS-04396704_96-3446-5_RS-04124087_S56_R1_001.fastq.gz /projects/rpci/songyao/pnfioric/arc_project/airr_calculation/fastq_files/RS-04396704/RS-04396704_96-3446-5_RS-04124087_S56_R2_001.fastq.gz /projects/rpci/songyao/pnfioric/arc_project/airr_calculation/tcr_quant/results/mixcr_RS-04396704.alignments.vdjca
Alignment: 0%
Alignment: 3.3%  ETA: 00:58:44
Alignment: 6.6%  ETA: 00:56:07
Alignment: 9.9%  ETA: 00:54:42
Alignment: 13.2%  ETA: 00:52:42
Alignment: 16.5%  ETA: 00:50:10
Alignment: 19.9%  ETA: 00:48:10
Alignment: 23.2%  ETA: 00:46:10
Alignment: 26.4%  ETA: 00:45:42
Alignment: 29.7%  ETA: 00:42:41
Alignment: 32.9%  ETA: 00:41:39
Alignment: 36.2%  ETA: 00:39:13
Alignment: 39.4%  ETA: 00:37:09
Alignment: 42.7%  ETA: 00:35:13
Alignment: 45.9%  ETA: 00:33:13
Alignment: 49.2%  ETA: 00:30:49
Alignment: 52.5%  ETA: 00:29:12
Alignment: 55.7%  ETA: 00:27:11
Alignment: 59%  ETA: 00:25:09
Alignment: 62.2%  ETA: 00:23:27
Alignment: 65.5%  ETA: 00:20:58
Alignment: 68.8%  ETA: 00:18:56
Alignment: 72.1%  ETA: 00:16:58
Alignment: 75.4%  ETA: 00:14:56
Alignment: 78.6%  ETA: 00:13:17
Alignment: 81.9%  ETA: 00:11:07
Alignment: 85.1%  ETA: 00:09:08
Alignment: 88.4%  ETA: 00:07:07
Alignment: 91.7%  ETA: 00:05:03
Alignment: 95%  ETA: 00:03:00
Alignment: 98.3%  ETA: 00:01:00
====================== report: align ======================
Analysis time: 61.05m
Total sequencing reads: 70804077
Successfully aligned reads: 266 (0%)
Coverage (percent of successfully aligned):
  CDR3: 46 (17.29%)
  FR3_TO_FR4: 0 (0%)
  CDR2_TO_FR4: 0 (0%)
  FR2_TO_FR4: 0 (0%)
  CDR1_TO_FR4: 0 (0%)
  VDJRegion: 0 (0%)
Alignment failed: no hits (not TCR/IG?): 70208767 (99.16%)
Alignment failed: no CDR3 parts: 2777 (0%)
Alignment failed: low total score: 592267 (0.84%)
Overlapped: 42570392 (60.12%)
Overlapped and aligned: 256 (0%)
Overlapped and not aligned: 42570136 (60.12%)
Alignment-aided overlaps, percent of overlapped and aligned: 0 (0%)
Partial aligned reads, percent of successfully aligned: 220 (82.71%)
V gene chimeras: 1 (0%)
Realigned with forced non-floating bound: 56467370 (79.75%)
Realigned with forced non-floating right bound in left read: 81 (0%)
Realigned with forced non-floating left bound in right read: 81 (0%)
TRA chains: 15 (5.64%)
TRA non-functional: 0 (0%)
TRB chains: 24 (9.02%)
TRB non-functional: 0 (0%)
IGH chains: 83 (31.2%)
IGH non-functional: 0 (0%)
TRAD chains: 5 (1.88%)
TRAD non-functional: 0 (0%)
IGK chains: 69 (25.94%)
IGK non-functional: 0 (0%)
IGL chains: 70 (26.32%)
IGL non-functional: 0 (0%)
Trimming report:
  R1 reads trimmed left: 474931 (0.67%)
  R1 reads trimmed right: 487319 (0.69%)
  Average R1 nucleotides trimmed left: 0.11402874441820632
  Average R1 nucleotides trimmed right: 0.12332366115019054
  R2 reads trimmed left: 472017 (0.67%)
  R2 reads trimmed right: 479603 (0.68%)
  Average R2 nucleotides trimmed left: 0.11268424556964425
  Average R2 nucleotides trimmed right: 0.12009781583622649

>>>>>>>>>>>>>>>>>> mixcr assemblePartial <<<<<<<<<<<<<<<<<<
Running:
mixcr assemblePartial --report /projects/rpci/songyao/pnfioric/arc_project/airr_calculation/tcr_quant/results/mixcr_RS-04396704.assemblePartial.report.txt --json-report /projects/rpci/songyao/pnfioric/arc_project/airr_calculation/tcr_quant/results/mixcr_RS-04396704.assemblePartial.report.json /projects/rpci/songyao/pnfioric/arc_project/airr_calculation/tcr_quant/results/mixcr_RS-04396704.alignments.vdjca /projects/rpci/songyao/pnfioric/arc_project/airr_calculation/tcr_quant/results/mixcr_RS-04396704.passembled.1.vdjca
Building index: 0%
Searching for overlaps: 0.4%
================= report: assemblePartial =================
Analysis time: 129ms
Total alignments analysed: 266
Number of output alignments: 266 (100%)
Alignments already with CDR3 (no overlapping is performed): 46 (17.29%)
Successfully overlapped alignments: 0 (0%)
Left parts with too small N-region (failed to extract k-mer): 45 (16.92%)
Extracted k-mer diversity: 82
Dropped due to wildcard in k-mer: 0 (0%)
Dropped due to too short NRegion parts in overlap: 0 (0%)
Dropped overlaps with empty N region due to no complete NDN coverage: 0 (0%)
Number of left-side alignments: 58 (21.8%)
Number of right-side alignments: 117 (43.98%)
Complex overlaps: 0 (0%)
Over-overlaps: 0 (0%)
Partial alignments written to output: 220 (82.71%)

>>>>>>>>>>>>>>>>>> mixcr assemblePartial <<<<<<<<<<<<<<<<<<
Running:
mixcr assemblePartial --report /projects/rpci/songyao/pnfioric/arc_project/airr_calculation/tcr_quant/results/mixcr_RS-04396704.assemblePartial.report.txt --json-report /projects/rpci/songyao/pnfioric/arc_project/airr_calculation/tcr_quant/results/mixcr_RS-04396704.assemblePartial.report.json /projects/rpci/songyao/pnfioric/arc_project/airr_calculation/tcr_quant/results/mixcr_RS-04396704.passembled.1.vdjca /projects/rpci/songyao/pnfioric/arc_project/airr_calculation/tcr_quant/results/mixcr_RS-04396704.passembled.2.vdjca
Building index: 0%
Searching for overlaps: 3.8%
================= report: assemblePartial =================
Analysis time: 48ms
Total alignments analysed: 266
Number of output alignments: 266 (100%)
Alignments already with CDR3 (no overlapping is performed): 46 (17.29%)
Successfully overlapped alignments: 0 (0%)
Left parts with too small N-region (failed to extract k-mer): 45 (16.92%)
Extracted k-mer diversity: 82
Dropped due to wildcard in k-mer: 0 (0%)
Dropped due to too short NRegion parts in overlap: 0 (0%)
Dropped overlaps with empty N region due to no complete NDN coverage: 0 (0%)
Number of left-side alignments: 58 (21.8%)
Number of right-side alignments: 117 (43.98%)
Complex overlaps: 0 (0%)
Over-overlaps: 0 (0%)
Partial alignments written to output: 220 (82.71%)

>>>>>>>>>>>>>>>>>>>>>>> mixcr extend <<<<<<<<<<<<<<<<<<<<<<<
Running:
mixcr extend --report /projects/rpci/songyao/pnfioric/arc_project/airr_calculation/tcr_quant/results/mixcr_RS-04396704.extend.report.txt --json-report /projects/rpci/songyao/pnfioric/arc_project/airr_calculation/tcr_quant/results/mixcr_RS-04396704.extend.report.json --threads 12 /projects/rpci/songyao/pnfioric/arc_project/airr_calculation/tcr_quant/results/mixcr_RS-04396704.passembled.2.vdjca /projects/rpci/songyao/pnfioric/arc_project/airr_calculation/tcr_quant/results/mixcr_RS-04396704.extended.vdjca
Extending alignments: 0%
====================== report: extend ======================
Analysis time: 8ms
Extended alignments count: 0 (0%)
V extensions total: 0 (0%)
V extensions with merged targets: 0 (0%)
J extensions total: 0 (0%)
J extensions with merged targets: 0 (0%)
V+J extensions: 0 (0%)
Mean V extension length: NaN
Mean J extension length: NaN

>>>>>>>>>>>>>>>>>>>>>> mixcr assemble <<<<<<<<<<<<<<<<<<<<<<
Running:
mixcr assemble --report /projects/rpci/songyao/pnfioric/arc_project/airr_calculation/tcr_quant/results/mixcr_RS-04396704.assemble.report.txt --json-report /projects/rpci/songyao/pnfioric/arc_project/airr_calculation/tcr_quant/results/mixcr_RS-04396704.assemble.report.json /projects/rpci/songyao/pnfioric/arc_project/airr_calculation/tcr_quant/results/mixcr_RS-04396704.extended.vdjca /projects/rpci/songyao/pnfioric/arc_project/airr_calculation/tcr_quant/results/mixcr_RS-04396704.clna
Initialization: progress unknown
Initialization: progress unknown
===================== report: assemble =====================
Analysis time: 252ms
Final clonotype count: 5
Reads used in clonotypes, percent of total: 46 (0%)
Average number of reads per clonotype: 9.2
Reads dropped due to the lack of a clone sequence, percent of total: 220 (0%)
Reads dropped due to a too short clonal sequence, percent of total: 0 (0%)
Reads dropped due to low quality, percent of total: 0 (0%)
Reads dropped due to failed mapping, percent of total: 0 (0%)
Reads dropped with low quality clones, percent of total: 0 (0%)
Aligned reads processed: 46
Reads used in clonotypes before clustering, percent of total: 46 (0%)
Number of reads used as a core, percent of used: 45 (97.83%)
Mapped low quality reads, percent of used: 1 (2.17%)
Reads clustered in PCR error correction, percent of used: 0 (0%)
Reads pre-clustered due to the similar VJC-lists, percent of used: 0 (0%)
Clonotypes dropped as low quality: 0
Clonotypes eliminated by PCR error correction: 0
Clonotypes pre-clustered due to the similar VJC-lists: 0
Clones dropped in post filtering: 0 (0%)
Reads dropped in post filtering: 0.0 (0%)
Reads filtered by tag prefix: 0 (0%)
IGH chains: 2 (40%)
IGH non-functional: 0 (0%)
IGK chains: 1 (20%)
IGK non-functional: 0 (0%)
IGL chains: 2 (40%)
IGL non-functional: 0 (0%)

>>>>>>>>>>>>>>>>>> mixcr assembleContigs <<<<<<<<<<<<<<<<<<
Running:
mixcr assembleContigs --report /projects/rpci/songyao/pnfioric/arc_project/airr_calculation/tcr_quant/results/mixcr_RS-04396704.assembleContigs.report.txt --json-report /projects/rpci/songyao/pnfioric/arc_project/airr_calculation/tcr_quant/results/mixcr_RS-04396704.assembleContigs.report.json --threads 12 /projects/rpci/songyao/pnfioric/arc_project/airr_calculation/tcr_quant/results/mixcr_RS-04396704.clna /projects/rpci/songyao/pnfioric/arc_project/airr_calculation/tcr_quant/results/mixcr_RS-04396704.contigs.clns
Assembling contigs: 0%
================= report: assembleContigs =================
Analysis time: 107ms
Initial clonotype count: 5
Final clonotype count: 5 (100%)
Canceled assemblies: 0 (0%)
Clones filtered out after assemble: 0 (0%)
Number of premature termination assembly events, percent of number of initial clonotypes: 0.0 (0%)
Longest contig length: 161
Clustered variants: 0 (0%)
Reads in clustered variants: 0.0 (0%)
Reads in divided (newly created) clones: 0.0 (0%)
Clones with ambiguous letters in splitting region: 0 (0%)
Reads in clones with ambiguous letters in splitting region: 0.0 (0%)
Average number of ambiguous letters per clone with ambiguous letters in splitting region: NaN
Clones combined after clustering: 0 (0%)

>>>>>>>>>>>>>>>>>>>>>>>>> mixcr qc <<<<<<<<<<<<<<<<<<<<<<<<<
Running:
mixcr qc --print-to-stdout /projects/rpci/songyao/pnfioric/arc_project/airr_calculation/tcr_quant/results/mixcr_RS-04396704.contigs.clns /projects/rpci/songyao/pnfioric/arc_project/airr_calculation/tcr_quant/results/mixcr_RS-04396704.qc.txt /projects/rpci/songyao/pnfioric/arc_project/airr_calculation/tcr_quant/results/mixcr_RS-04396704.qc.json

  Alignments dropped due to low sequence quality: 0.0% [OK]

>>>>>>>>>>>>>>>>>>>> mixcr exportClones <<<<<<<<<<<<<<<<<<<<
Running:
mixcr exportClones /projects/rpci/songyao/pnfioric/arc_project/airr_calculation/tcr_quant/results/mixcr_RS-04396704.contigs.clns /projects/rpci/songyao/pnfioric/arc_project/airr_calculation/tcr_quant/results/mixcr_RS-04396704.clones.tsv
Analysis finished successfully.
===============================
Visualize results and simplify your immune data analysis with a convenient UI.
Explore and install Platforma.bio here: https://platforma.bio
