Exporting TRA
Exporting clones: 25%
Filtered 4 of 223 clones (98.21%).
Filtered 8.0 of 944.0 reads (99.15%).
Exporting IGH
Exporting clones: 1.8%
Filtered 56 of 223 clones (74.89%).
Filtered 160.0 of 944.0 reads (83.05%).
Exporting TRG
Exporting clones: 100%
Filtered 1 of 223 clones (99.55%).
Filtered 1.0 of 944.0 reads (99.89%).
Exporting IGL
Exporting clones: 2.2%
Filtered 46 of 223 clones (79.37%).
Filtered 199.0 of 944.0 reads (78.92%).
Exporting IGK
Exporting clones: 0.9%
Filtered 116 of 223 clones (47.98%).
Filtered 576.0 of 944.0 reads (38.98%).
