Exporting TRB
Exporting clones: 14.3%
Filtered 7 of 4421 clones (99.84%).
Filtered 10.0 of 21726.0 reads (99.95%).
Exporting TRA
Exporting clones: 10%
Filtered 10 of 4421 clones (99.77%).
Filtered 14.0 of 21726.0 reads (99.94%).
Exporting IGH
Exporting clones: 0.1%
Filtered 1535 of 4421 clones (65.28%).
Filtered 5923.0 of 21726.0 reads (72.74%).
Exporting TRG
Filtered 1 of 4421 clones (99.98%).
Filtered 1.0 of 21726.0 reads (100%).
Exporting IGL
Exporting clones: 0.1%
Filtered 968 of 4421 clones (78.1%).
Filtered 5966.0 of 21726.0 reads (72.54%).
Exporting IGK
Exporting clones: 0.2%
Filtered 1900 of 4421 clones (57.02%).
Filtered 9812.0 of 21726.0 reads (54.84%).
