Exporting TRB
Exporting clones: 100%
Filtered 1 of 385 clones (99.74%).
Filtered 2.0 of 802.0 reads (99.75%).
Exporting TRA
Exporting clones: 33.3%
Filtered 3 of 385 clones (99.22%).
Filtered 13.0 of 802.0 reads (98.38%).
Exporting IGH
Exporting clones: 1.1%
Filtered 92 of 385 clones (76.1%).
Filtered 190.0 of 802.0 reads (76.31%).
Exporting IGL
Exporting clones: 1.5%
Filtered 65 of 385 clones (83.12%).
Filtered 142.0 of 802.0 reads (82.29%).
Exporting IGK
Exporting clones: 0.4%
Filtered 224 of 385 clones (41.82%).
Filtered 455.0 of 802.0 reads (43.27%).
