Exporting TRB
Exporting clones: 12.5%
Filtered 8 of 637 clones (98.74%).
Filtered 16.0 of 2104.0 reads (99.24%).
Exporting TRA
Exporting clones: 10%
Filtered 10 of 637 clones (98.43%).
Filtered 18.0 of 2104.0 reads (99.14%).
Exporting IGH
Exporting clones: 0.6%
Filtered 176 of 637 clones (72.37%).
Filtered 459.0 of 2104.0 reads (78.18%).
Exporting TRG
Exporting clones: 20%
Filtered 5 of 637 clones (99.22%).
Filtered 13.0 of 2104.0 reads (99.38%).
Exporting IGL
Exporting clones: 0.6%
Filtered 178 of 637 clones (72.06%).
Filtered 710.0 of 2104.0 reads (66.25%).
Exporting IGK
Exporting clones: 0.4%
Filtered 260 of 637 clones (59.18%).
Filtered 888.0 of 2104.0 reads (57.79%).
