Exporting TRB
Exporting clones: 16.7%
Filtered 6 of 48 clones (87.5%).
Filtered 12.0 of 157.0 reads (92.36%).
Exporting TRA
Exporting clones: 14.3%
Filtered 7 of 48 clones (85.42%).
Filtered 18.0 of 157.0 reads (88.54%).
Exporting IGH
Exporting clones: 20%
Filtered 5 of 48 clones (89.58%).
Filtered 22.0 of 157.0 reads (85.99%).
Exporting TRG
Exporting clones: 100%
Filtered 1 of 48 clones (97.92%).
Filtered 18.0 of 157.0 reads (88.54%).
Exporting IGL
Exporting clones: 25%
Filtered 4 of 48 clones (91.67%).
Filtered 13.0 of 157.0 reads (91.72%).
Exporting IGK
Exporting clones: 4%
Filtered 25 of 48 clones (47.92%).
Filtered 74.0 of 157.0 reads (52.87%).
