Exporting TRB
Exporting clones: 10%
Filtered 10 of 339 clones (97.05%).
Filtered 16.0 of 1051.0 reads (98.48%).
Exporting TRA
Exporting clones: 20%
Filtered 5 of 339 clones (98.53%).
Filtered 8.0 of 1051.0 reads (99.24%).
Exporting IGH
Exporting clones: 1.1%
Filtered 93 of 339 clones (72.57%).
Filtered 221.0 of 1051.0 reads (78.97%).
Exporting TRG
Exporting clones: 25%
Filtered 4 of 339 clones (98.82%).
Filtered 9.0 of 1051.0 reads (99.14%).
Exporting IGL
Exporting clones: 1.9%
Filtered 54 of 339 clones (84.07%).
Filtered 222.0 of 1051.0 reads (78.88%).
Exporting IGK
Exporting clones: 0.6%
Filtered 173 of 339 clones (48.97%).
Filtered 575.0 of 1051.0 reads (45.29%).
