Exporting TRB
Exporting clones: 50%
Filtered 2 of 265 clones (99.25%).
Filtered 7.0 of 916.0 reads (99.24%).
Exporting TRA
Exporting clones: 33.3%
Filtered 3 of 265 clones (98.87%).
Filtered 3.0 of 916.0 reads (99.67%).
Exporting IGH
Exporting clones: 1.4%
Filtered 70 of 265 clones (73.58%).
Filtered 178.0 of 916.0 reads (80.57%).
Exporting TRG
Exporting clones: 50%
Filtered 2 of 265 clones (99.25%).
Filtered 12.0 of 916.0 reads (98.69%).
Exporting IGL
Exporting clones: 1.4%
Filtered 72 of 265 clones (72.83%).
Filtered 318.0 of 916.0 reads (65.28%).
Exporting IGK
Exporting clones: 0.9%
Filtered 116 of 265 clones (56.23%).
Filtered 398.0 of 916.0 reads (56.55%).
