WARNING: sun.reflect.Reflection.getCallerClass is not supported. This will impact performance.

>>>>>>>>>>>>>>>>>>>>>>> mixcr align <<<<<<<<<<<<<<<<<<<<<<<
Running:
mixcr align --report /projects/rpci/songyao/pnfioric/arc_project/airr_calculation/tcr_quant/results/mixcr_RS-04378634.align.report.txt --json-report /projects/rpci/songyao/pnfioric/arc_project/airr_calculation/tcr_quant/results/mixcr_RS-04378634.align.report.json --threads 12 --preset rna-seq --save-output-file-names /projects/rpci/songyao/pnfioric/arc_project/airr_calculation/tcr_quant/results/mixcr_RS-04378634.align.list.tsv --species hsa /projects/rpci/songyao/pnfioric/arc_project/airr_calculation/fastq_files/RS-04378634/RS-04378634_OAKS06009547-C6_RS-03726098_S27_R1_001.fastq.gz /projects/rpci/songyao/pnfioric/arc_project/airr_calculation/fastq_files/RS-04378634/RS-04378634_OAKS06009547-C6_RS-03726098_S27_R2_001.fastq.gz /projects/rpci/songyao/pnfioric/arc_project/airr_calculation/tcr_quant/results/mixcr_RS-04378634.alignments.vdjca
Alignment: 0%
Alignment: 3.1%  ETA: 01:03:09
Alignment: 6.2%  ETA: 00:59:51
Alignment: 9.3%  ETA: 00:58:28
Alignment: 12.4%  ETA: 00:55:52
Alignment: 15.5%  ETA: 00:54:27
Alignment: 18.7%  ETA: 00:51:20
Alignment: 21.9%  ETA: 00:49:21
Alignment: 25%  ETA: 00:47:20
Alignment: 28.1%  ETA: 00:46:50
Alignment: 31.3%  ETA: 00:43:52
Alignment: 34.4%  ETA: 00:41:52
Alignment: 37.5%  ETA: 00:39:52
Alignment: 40.7%  ETA: 00:37:04
Alignment: 43.9%  ETA: 00:35:49
Alignment: 47.1%  ETA: 00:33:06
Alignment: 50.1%  ETA: 00:33:14
Alignment: 53.3%  ETA: 00:29:13
Alignment: 56.4%  ETA: 00:27:31
Alignment: 59.6%  ETA: 00:25:48
Alignment: 62.7%  ETA: 00:23:32
Alignment: 65.9%  ETA: 00:21:32
Alignment: 69%  ETA: 00:19:59
Alignment: 72.2%  ETA: 00:17:34
Alignment: 75.3%  ETA: 00:15:45
Alignment: 78.4%  ETA: 00:13:45
Alignment: 81.6%  ETA: 00:11:45
Alignment: 84.7%  ETA: 00:09:38
Alignment: 87.9%  ETA: 00:07:44
Alignment: 91%  ETA: 00:05:39
Alignment: 94.2%  ETA: 00:03:36
Alignment: 97.4%  ETA: 00:01:38
====================== report: align ======================
Analysis time: 63.73m
Total sequencing reads: 65464792
Successfully aligned reads: 1510 (0%)
Coverage (percent of successfully aligned):
  CDR3: 6 (0.4%)
  FR3_TO_FR4: 0 (0%)
  CDR2_TO_FR4: 0 (0%)
  FR2_TO_FR4: 0 (0%)
  CDR1_TO_FR4: 0 (0%)
  VDJRegion: 0 (0%)
Alignment failed: no hits (not TCR/IG?): 56326710 (86.04%)
Alignment failed after alignment-aided overlap: 4 (0%)
Alignment failed: no CDR3 parts: 70899 (0.11%)
Alignment failed: low total score: 9065669 (13.85%)
Overlapped: 63363715 (96.79%)
Overlapped and aligned: 1449 (0%)
Overlapped and not aligned: 63362266 (96.79%)
Alignment-aided overlaps, percent of overlapped and aligned: 0 (0%)
No CDR3 parts alignments, percent of successfully aligned: 12 (0.79%)
Partial aligned reads, percent of successfully aligned: 1492 (98.81%)
Realigned with forced non-floating bound: 4202154 (6.42%)
Realigned with forced non-floating right bound in left read: 1360 (0%)
Realigned with forced non-floating left bound in right read: 1360 (0%)
TRA chains: 254 (16.82%)
TRA non-functional: 0 (0%)
TRB chains: 322 (21.32%)
TRB non-functional: 0 (0%)
TRG chains: 60 (3.97%)
TRG non-functional: 0 (0%)
IGH chains: 433 (28.68%)
IGH non-functional: 0 (0%)
TRAD chains: 144 (9.54%)
TRAD non-functional: 0 (0%)
IGK chains: 119 (7.88%)
IGK non-functional: 0 (0%)
IGL chains: 178 (11.79%)
IGL non-functional: 0 (0%)
Trimming report:
  R1 reads trimmed left: 708060 (1.08%)
  R1 reads trimmed right: 727683 (1.11%)
  Average R1 nucleotides trimmed left: 0.18384804460999432
  Average R1 nucleotides trimmed right: 0.1960879368561959
  R2 reads trimmed left: 700266 (1.07%)
  R2 reads trimmed right: 718419 (1.1%)
  Average R2 nucleotides trimmed left: 0.18170278460519665
  Average R2 nucleotides trimmed right: 0.1936400561694292

>>>>>>>>>>>>>>>>>> mixcr assemblePartial <<<<<<<<<<<<<<<<<<
Running:
mixcr assemblePartial --report /projects/rpci/songyao/pnfioric/arc_project/airr_calculation/tcr_quant/results/mixcr_RS-04378634.assemblePartial.report.txt --json-report /projects/rpci/songyao/pnfioric/arc_project/airr_calculation/tcr_quant/results/mixcr_RS-04378634.assemblePartial.report.json /projects/rpci/songyao/pnfioric/arc_project/airr_calculation/tcr_quant/results/mixcr_RS-04378634.alignments.vdjca /projects/rpci/songyao/pnfioric/arc_project/airr_calculation/tcr_quant/results/mixcr_RS-04378634.passembled.1.vdjca
Building index: 0%
Searching for overlaps: 0.1%
================= report: assemblePartial =================
Analysis time: 169ms
Total alignments analysed: 1510
Number of output alignments: 1510 (100%)
Alignments already with CDR3 (no overlapping is performed): 6 (0.4%)
Successfully overlapped alignments: 0 (0%)
Left parts with too small N-region (failed to extract k-mer): 303 (20.07%)
Extracted k-mer diversity: 1240
Dropped due to wildcard in k-mer: 0 (0%)
Dropped due to too short NRegion parts in overlap: 0 (0%)
Dropped overlaps with empty N region due to no complete NDN coverage: 0 (0%)
Number of left-side alignments: 542 (35.89%)
Number of right-side alignments: 657 (43.51%)
Complex overlaps: 0 (0%)
Over-overlaps: 0 (0%)
Partial alignments written to output: 1504 (99.6%)

>>>>>>>>>>>>>>>>>> mixcr assemblePartial <<<<<<<<<<<<<<<<<<
Running:
mixcr assemblePartial --report /projects/rpci/songyao/pnfioric/arc_project/airr_calculation/tcr_quant/results/mixcr_RS-04378634.assemblePartial.report.txt --json-report /projects/rpci/songyao/pnfioric/arc_project/airr_calculation/tcr_quant/results/mixcr_RS-04378634.assemblePartial.report.json /projects/rpci/songyao/pnfioric/arc_project/airr_calculation/tcr_quant/results/mixcr_RS-04378634.passembled.1.vdjca /projects/rpci/songyao/pnfioric/arc_project/airr_calculation/tcr_quant/results/mixcr_RS-04378634.passembled.2.vdjca
Building index: 0%
Searching for overlaps: 0%
================= report: assemblePartial =================
Analysis time: 115ms
Total alignments analysed: 1510
Number of output alignments: 1510 (100%)
Alignments already with CDR3 (no overlapping is performed): 6 (0.4%)
Successfully overlapped alignments: 0 (0%)
Left parts with too small N-region (failed to extract k-mer): 303 (20.07%)
Extracted k-mer diversity: 1240
Dropped due to wildcard in k-mer: 0 (0%)
Dropped due to too short NRegion parts in overlap: 0 (0%)
Dropped overlaps with empty N region due to no complete NDN coverage: 0 (0%)
Number of left-side alignments: 542 (35.89%)
Number of right-side alignments: 657 (43.51%)
Complex overlaps: 0 (0%)
Over-overlaps: 0 (0%)
Partial alignments written to output: 1504 (99.6%)

>>>>>>>>>>>>>>>>>>>>>>> mixcr extend <<<<<<<<<<<<<<<<<<<<<<<
Running:
mixcr extend --report /projects/rpci/songyao/pnfioric/arc_project/airr_calculation/tcr_quant/results/mixcr_RS-04378634.extend.report.txt --json-report /projects/rpci/songyao/pnfioric/arc_project/airr_calculation/tcr_quant/results/mixcr_RS-04378634.extend.report.json --threads 12 /projects/rpci/songyao/pnfioric/arc_project/airr_calculation/tcr_quant/results/mixcr_RS-04378634.passembled.2.vdjca /projects/rpci/songyao/pnfioric/arc_project/airr_calculation/tcr_quant/results/mixcr_RS-04378634.extended.vdjca
Extending alignments: 0%
====================== report: extend ======================
Analysis time: 24ms
Extended alignments count: 0 (0%)
V extensions total: 0 (0%)
V extensions with merged targets: 0 (0%)
J extensions total: 0 (0%)
J extensions with merged targets: 0 (0%)
V+J extensions: 0 (0%)
Mean V extension length: NaN
Mean J extension length: NaN

>>>>>>>>>>>>>>>>>>>>>> mixcr assemble <<<<<<<<<<<<<<<<<<<<<<
Running:
mixcr assemble --report /projects/rpci/songyao/pnfioric/arc_project/airr_calculation/tcr_quant/results/mixcr_RS-04378634.assemble.report.txt --json-report /projects/rpci/songyao/pnfioric/arc_project/airr_calculation/tcr_quant/results/mixcr_RS-04378634.assemble.report.json /projects/rpci/songyao/pnfioric/arc_project/airr_calculation/tcr_quant/results/mixcr_RS-04378634.extended.vdjca /projects/rpci/songyao/pnfioric/arc_project/airr_calculation/tcr_quant/results/mixcr_RS-04378634.clna
Initialization: progress unknown
Initialization: progress unknown
===================== report: assemble =====================
Analysis time: 321ms
Final clonotype count: 1
Reads used in clonotypes, percent of total: 6 (0%)
Average number of reads per clonotype: 6
Reads dropped due to the lack of a clone sequence, percent of total: 1504 (0%)
Reads dropped due to a too short clonal sequence, percent of total: 0 (0%)
Reads dropped due to low quality, percent of total: 0 (0%)
Reads dropped due to failed mapping, percent of total: 0 (0%)
Reads dropped with low quality clones, percent of total: 0 (0%)
Aligned reads processed: 6
Reads used in clonotypes before clustering, percent of total: 6 (0%)
Number of reads used as a core, percent of used: 6 (100%)
Mapped low quality reads, percent of used: 0 (0%)
Reads clustered in PCR error correction, percent of used: 0 (0%)
Reads pre-clustered due to the similar VJC-lists, percent of used: 0 (0%)
Clonotypes dropped as low quality: 0
Clonotypes eliminated by PCR error correction: 0
Clonotypes pre-clustered due to the similar VJC-lists: 0
Clones dropped in post filtering: 0 (0%)
Reads dropped in post filtering: 0.0 (0%)
Reads filtered by tag prefix: 0 (0%)
IGH chains: 1 (100%)
IGH non-functional: 0 (0%)

>>>>>>>>>>>>>>>>>> mixcr assembleContigs <<<<<<<<<<<<<<<<<<
Running:
mixcr assembleContigs --report /projects/rpci/songyao/pnfioric/arc_project/airr_calculation/tcr_quant/results/mixcr_RS-04378634.assembleContigs.report.txt --json-report /projects/rpci/songyao/pnfioric/arc_project/airr_calculation/tcr_quant/results/mixcr_RS-04378634.assembleContigs.report.json --threads 12 /projects/rpci/songyao/pnfioric/arc_project/airr_calculation/tcr_quant/results/mixcr_RS-04378634.clna /projects/rpci/songyao/pnfioric/arc_project/airr_calculation/tcr_quant/results/mixcr_RS-04378634.contigs.clns
Assembling contigs: 0%
================= report: assembleContigs =================
Analysis time: 110ms
Initial clonotype count: 1
Final clonotype count: 1 (100%)
Canceled assemblies: 0 (0%)
Clones filtered out after assemble: 0 (0%)
Number of premature termination assembly events, percent of number of initial clonotypes: 0.0 (0%)
Longest contig length: 101
Clustered variants: 0 (0%)
Reads in clustered variants: 0.0 (0%)
Reads in divided (newly created) clones: 0.0 (0%)
Clones with ambiguous letters in splitting region: 0 (0%)
Reads in clones with ambiguous letters in splitting region: 0.0 (0%)
Average number of ambiguous letters per clone with ambiguous letters in splitting region: NaN
Clones combined after clustering: 0 (0%)

>>>>>>>>>>>>>>>>>>>>>>>>> mixcr qc <<<<<<<<<<<<<<<<<<<<<<<<<
Running:
mixcr qc --print-to-stdout /projects/rpci/songyao/pnfioric/arc_project/airr_calculation/tcr_quant/results/mixcr_RS-04378634.contigs.clns /projects/rpci/songyao/pnfioric/arc_project/airr_calculation/tcr_quant/results/mixcr_RS-04378634.qc.txt /projects/rpci/songyao/pnfioric/arc_project/airr_calculation/tcr_quant/results/mixcr_RS-04378634.qc.json

  Alignments dropped due to low sequence quality: 0.0% [OK]

>>>>>>>>>>>>>>>>>>>> mixcr exportClones <<<<<<<<<<<<<<<<<<<<
Running:
mixcr exportClones /projects/rpci/songyao/pnfioric/arc_project/airr_calculation/tcr_quant/results/mixcr_RS-04378634.contigs.clns /projects/rpci/songyao/pnfioric/arc_project/airr_calculation/tcr_quant/results/mixcr_RS-04378634.clones.tsv
Analysis finished successfully.
===============================
Visualize results and simplify your immune data analysis with a convenient UI.
Explore and install Platforma.bio here: https://platforma.bio
