WARNING: sun.reflect.Reflection.getCallerClass is not supported. This will impact performance.

>>>>>>>>>>>>>>>>>>>>>>> mixcr align <<<<<<<<<<<<<<<<<<<<<<<
Running:
mixcr align --report /projects/rpci/songyao/pnfioric/arc_project/airr_calculation/tcr_quant/results/mixcr_RS-04378705.align.report.txt --json-report /projects/rpci/songyao/pnfioric/arc_project/airr_calculation/tcr_quant/results/mixcr_RS-04378705.align.report.json --threads 12 --preset rna-seq --save-output-file-names /projects/rpci/songyao/pnfioric/arc_project/airr_calculation/tcr_quant/results/mixcr_RS-04378705.align.list.tsv --species hsa /projects/rpci/songyao/pnfioric/arc_project/airr_calculation/fastq_files/RS-04378705/RS-04378705_LA29853-96-1_RS-04212077_S98_R1_001.fastq.gz /projects/rpci/songyao/pnfioric/arc_project/airr_calculation/fastq_files/RS-04378705/RS-04378705_LA29853-96-1_RS-04212077_S98_R2_001.fastq.gz /projects/rpci/songyao/pnfioric/arc_project/airr_calculation/tcr_quant/results/mixcr_RS-04378705.alignments.vdjca
Alignment: 0%
Alignment: 3.6%  ETA: 00:54:16
Alignment: 7.1%  ETA: 00:51:53
Alignment: 10.7%  ETA: 00:49:53
Alignment: 14.3%  ETA: 00:48:14
Alignment: 17.8%  ETA: 00:45:54
Alignment: 21.4%  ETA: 00:44:13
Alignment: 25%  ETA: 00:41:37
Alignment: 28.6%  ETA: 00:39:54
Alignment: 32.1%  ETA: 00:38:28
Alignment: 35.6%  ETA: 00:36:27
Alignment: 39.2%  ETA: 00:34:43
Alignment: 42.7%  ETA: 00:32:14
Alignment: 46.3%  ETA: 00:30:01
Alignment: 49.8%  ETA: 00:28:26
Alignment: 53.4%  ETA: 00:26:14
Alignment: 56.9%  ETA: 00:24:25
Alignment: 60.5%  ETA: 00:22:15
Alignment: 63.9%  ETA: 00:20:43
Alignment: 67.5%  ETA: 00:18:17
Alignment: 71%  ETA: 00:16:25
Alignment: 74.6%  ETA: 00:14:18
Alignment: 78.1%  ETA: 00:12:24
Alignment: 81.6%  ETA: 00:10:29
Alignment: 85.1%  ETA: 00:08:25
Alignment: 88.7%  ETA: 00:06:18
Alignment: 92.3%  ETA: 00:04:23
Alignment: 95.8%  ETA: 00:02:21
Alignment: 99.4%  ETA: 00:00:20
====================== report: align ======================
Analysis time: 56.4m
Total sequencing reads: 82704578
Successfully aligned reads: 3309 (0%)
Coverage (percent of successfully aligned):
  CDR3: 105 (3.17%)
  FR3_TO_FR4: 0 (0%)
  CDR2_TO_FR4: 0 (0%)
  FR2_TO_FR4: 0 (0%)
  CDR1_TO_FR4: 0 (0%)
  VDJRegion: 0 (0%)
Alignment failed: no hits (not TCR/IG?): 80575105 (97.43%)
Alignment failed: no CDR3 parts: 29696 (0.04%)
Alignment failed: low total score: 2096468 (2.53%)
Overlapped: 69070170 (83.51%)
Overlapped and aligned: 1931 (0%)
Overlapped and not aligned: 69068239 (83.51%)
Alignment-aided overlaps, percent of overlapped and aligned: 0 (0%)
No CDR3 parts alignments, percent of successfully aligned: 13 (0.39%)
Partial aligned reads, percent of successfully aligned: 3191 (96.43%)
Realigned with forced non-floating bound: 27268816 (32.97%)
Realigned with forced non-floating right bound in left read: 1198 (0%)
Realigned with forced non-floating left bound in right read: 1198 (0%)
TRA chains: 205 (6.2%)
TRA non-functional: 0 (0%)
TRB chains: 584 (17.65%)
TRB non-functional: 0 (0%)
TRG chains: 781 (23.6%)
TRG non-functional: 0 (0%)
IGH chains: 597 (18.04%)
IGH non-functional: 0 (0%)
IGK chains: 132 (3.99%)
IGK non-functional: 0 (0%)
IGL chains: 1010 (30.52%)
IGL non-functional: 0 (0%)
Trimming report:
  R1 reads trimmed left: 2475106 (2.99%)
  R1 reads trimmed right: 2542923 (3.07%)
  Average R1 nucleotides trimmed left: 0.5087427082936086
  Average R1 nucleotides trimmed right: 0.5428249570416767
  R2 reads trimmed left: 2420798 (2.93%)
  R2 reads trimmed right: 2488974 (3.01%)
  Average R2 nucleotides trimmed left: 0.49745107217643986
  Average R2 nucleotides trimmed right: 0.5307389271728102

>>>>>>>>>>>>>>>>>> mixcr assemblePartial <<<<<<<<<<<<<<<<<<
Running:
mixcr assemblePartial --report /projects/rpci/songyao/pnfioric/arc_project/airr_calculation/tcr_quant/results/mixcr_RS-04378705.assemblePartial.report.txt --json-report /projects/rpci/songyao/pnfioric/arc_project/airr_calculation/tcr_quant/results/mixcr_RS-04378705.assemblePartial.report.json /projects/rpci/songyao/pnfioric/arc_project/airr_calculation/tcr_quant/results/mixcr_RS-04378705.alignments.vdjca /projects/rpci/songyao/pnfioric/arc_project/airr_calculation/tcr_quant/results/mixcr_RS-04378705.passembled.1.vdjca
Building index: 0%
Searching for overlaps: 0%
================= report: assemblePartial =================
Analysis time: 205ms
Total alignments analysed: 3309
Number of output alignments: 3309 (100%)
Alignments already with CDR3 (no overlapping is performed): 105 (3.17%)
Successfully overlapped alignments: 0 (0%)
Left parts with too small N-region (failed to extract k-mer): 1457 (44.03%)
Extracted k-mer diversity: 85
Dropped due to wildcard in k-mer: 0 (0%)
Dropped due to too short NRegion parts in overlap: 0 (0%)
Dropped overlaps with empty N region due to no complete NDN coverage: 0 (0%)
Number of left-side alignments: 289 (8.73%)
Number of right-side alignments: 1458 (44.06%)
Complex overlaps: 0 (0%)
Over-overlaps: 0 (0%)
Partial alignments written to output: 3204 (96.83%)

>>>>>>>>>>>>>>>>>> mixcr assemblePartial <<<<<<<<<<<<<<<<<<
Running:
mixcr assemblePartial --report /projects/rpci/songyao/pnfioric/arc_project/airr_calculation/tcr_quant/results/mixcr_RS-04378705.assemblePartial.report.txt --json-report /projects/rpci/songyao/pnfioric/arc_project/airr_calculation/tcr_quant/results/mixcr_RS-04378705.assemblePartial.report.json /projects/rpci/songyao/pnfioric/arc_project/airr_calculation/tcr_quant/results/mixcr_RS-04378705.passembled.1.vdjca /projects/rpci/songyao/pnfioric/arc_project/airr_calculation/tcr_quant/results/mixcr_RS-04378705.passembled.2.vdjca
Building index: 0%
Searching for overlaps: 0%
================= report: assemblePartial =================
Analysis time: 78ms
Total alignments analysed: 3309
Number of output alignments: 3309 (100%)
Alignments already with CDR3 (no overlapping is performed): 105 (3.17%)
Successfully overlapped alignments: 0 (0%)
Left parts with too small N-region (failed to extract k-mer): 1457 (44.03%)
Extracted k-mer diversity: 85
Dropped due to wildcard in k-mer: 0 (0%)
Dropped due to too short NRegion parts in overlap: 0 (0%)
Dropped overlaps with empty N region due to no complete NDN coverage: 0 (0%)
Number of left-side alignments: 289 (8.73%)
Number of right-side alignments: 1458 (44.06%)
Complex overlaps: 0 (0%)
Over-overlaps: 0 (0%)
Partial alignments written to output: 3204 (96.83%)

>>>>>>>>>>>>>>>>>>>>>>> mixcr extend <<<<<<<<<<<<<<<<<<<<<<<
Running:
mixcr extend --report /projects/rpci/songyao/pnfioric/arc_project/airr_calculation/tcr_quant/results/mixcr_RS-04378705.extend.report.txt --json-report /projects/rpci/songyao/pnfioric/arc_project/airr_calculation/tcr_quant/results/mixcr_RS-04378705.extend.report.json --threads 12 /projects/rpci/songyao/pnfioric/arc_project/airr_calculation/tcr_quant/results/mixcr_RS-04378705.passembled.2.vdjca /projects/rpci/songyao/pnfioric/arc_project/airr_calculation/tcr_quant/results/mixcr_RS-04378705.extended.vdjca
Extending alignments: 0%
====================== report: extend ======================
Analysis time: 21ms
Extended alignments count: 0 (0%)
V extensions total: 0 (0%)
V extensions with merged targets: 0 (0%)
J extensions total: 0 (0%)
J extensions with merged targets: 0 (0%)
V+J extensions: 0 (0%)
Mean V extension length: NaN
Mean J extension length: NaN

>>>>>>>>>>>>>>>>>>>>>> mixcr assemble <<<<<<<<<<<<<<<<<<<<<<
Running:
mixcr assemble --report /projects/rpci/songyao/pnfioric/arc_project/airr_calculation/tcr_quant/results/mixcr_RS-04378705.assemble.report.txt --json-report /projects/rpci/songyao/pnfioric/arc_project/airr_calculation/tcr_quant/results/mixcr_RS-04378705.assemble.report.json /projects/rpci/songyao/pnfioric/arc_project/airr_calculation/tcr_quant/results/mixcr_RS-04378705.extended.vdjca /projects/rpci/songyao/pnfioric/arc_project/airr_calculation/tcr_quant/results/mixcr_RS-04378705.clna
Initialization: progress unknown
Initialization: progress unknown
===================== report: assemble =====================
Analysis time: 307ms
Final clonotype count: 2
Reads used in clonotypes, percent of total: 105 (0%)
Average number of reads per clonotype: 52.5
Reads dropped due to the lack of a clone sequence, percent of total: 3204 (0%)
Reads dropped due to a too short clonal sequence, percent of total: 0 (0%)
Reads dropped due to low quality, percent of total: 0 (0%)
Reads dropped due to failed mapping, percent of total: 0 (0%)
Reads dropped with low quality clones, percent of total: 0 (0%)
Aligned reads processed: 105
Reads used in clonotypes before clustering, percent of total: 105 (0%)
Number of reads used as a core, percent of used: 105 (100%)
Mapped low quality reads, percent of used: 0 (0%)
Reads clustered in PCR error correction, percent of used: 0 (0%)
Reads pre-clustered due to the similar VJC-lists, percent of used: 0 (0%)
Clonotypes dropped as low quality: 0
Clonotypes eliminated by PCR error correction: 0
Clonotypes pre-clustered due to the similar VJC-lists: 0
Clones dropped in post filtering: 0 (0%)
Reads dropped in post filtering: 0.0 (0%)
Reads filtered by tag prefix: 0 (0%)
IGK chains: 1 (50%)
IGK non-functional: 0 (0%)
IGL chains: 1 (50%)
IGL non-functional: 0 (0%)

>>>>>>>>>>>>>>>>>> mixcr assembleContigs <<<<<<<<<<<<<<<<<<
Running:
mixcr assembleContigs --report /projects/rpci/songyao/pnfioric/arc_project/airr_calculation/tcr_quant/results/mixcr_RS-04378705.assembleContigs.report.txt --json-report /projects/rpci/songyao/pnfioric/arc_project/airr_calculation/tcr_quant/results/mixcr_RS-04378705.assembleContigs.report.json --threads 12 /projects/rpci/songyao/pnfioric/arc_project/airr_calculation/tcr_quant/results/mixcr_RS-04378705.clna /projects/rpci/songyao/pnfioric/arc_project/airr_calculation/tcr_quant/results/mixcr_RS-04378705.contigs.clns
Assembling contigs: 0%
================= report: assembleContigs =================
Analysis time: 146ms
Initial clonotype count: 2
Final clonotype count: 2 (100%)
Canceled assemblies: 0 (0%)
Clones filtered out after assemble: 0 (0%)
Number of premature termination assembly events, percent of number of initial clonotypes: 0.0 (0%)
Longest contig length: 158
Clustered variants: 0 (0%)
Reads in clustered variants: 0.0 (0%)
Reads in divided (newly created) clones: 0.0 (0%)
Clones with ambiguous letters in splitting region: 0 (0%)
Reads in clones with ambiguous letters in splitting region: 0.0 (0%)
Average number of ambiguous letters per clone with ambiguous letters in splitting region: NaN
Clones combined after clustering: 0 (0%)

>>>>>>>>>>>>>>>>>>>>>>>>> mixcr qc <<<<<<<<<<<<<<<<<<<<<<<<<
Running:
mixcr qc --print-to-stdout /projects/rpci/songyao/pnfioric/arc_project/airr_calculation/tcr_quant/results/mixcr_RS-04378705.contigs.clns /projects/rpci/songyao/pnfioric/arc_project/airr_calculation/tcr_quant/results/mixcr_RS-04378705.qc.txt /projects/rpci/songyao/pnfioric/arc_project/airr_calculation/tcr_quant/results/mixcr_RS-04378705.qc.json

  Alignments dropped due to low sequence quality: 0.0% [OK]

>>>>>>>>>>>>>>>>>>>> mixcr exportClones <<<<<<<<<<<<<<<<<<<<
Running:
mixcr exportClones /projects/rpci/songyao/pnfioric/arc_project/airr_calculation/tcr_quant/results/mixcr_RS-04378705.contigs.clns /projects/rpci/songyao/pnfioric/arc_project/airr_calculation/tcr_quant/results/mixcr_RS-04378705.clones.tsv
Analysis finished successfully.
===============================
Visualize results and simplify your immune data analysis with a convenient UI.
Explore and install Platforma.bio here: https://platforma.bio
