WARNING: sun.reflect.Reflection.getCallerClass is not supported. This will impact performance.

>>>>>>>>>>>>>>>>>>>>>>> mixcr align <<<<<<<<<<<<<<<<<<<<<<<
Running:
mixcr align --report /projects/rpci/songyao/pnfioric/arc_project/airr_calculation/tcr_quant/results/mixcr_RS-04237081.align.report.txt --json-report /projects/rpci/songyao/pnfioric/arc_project/airr_calculation/tcr_quant/results/mixcr_RS-04237081.align.report.json --threads 12 --preset rna-seq --save-output-file-names /projects/rpci/songyao/pnfioric/arc_project/airr_calculation/tcr_quant/results/mixcr_RS-04237081.align.list.tsv --species hsa /projects/rpci/songyao/pnfioric/arc_project/airr_calculation/fastq_files/RS-04237081/RS-04417058_520473-1_RS-04237081_S62_R1_001.fastq.gz /projects/rpci/songyao/pnfioric/arc_project/airr_calculation/fastq_files/RS-04237081/RS-04417058_520473-1_RS-04237081_S62_R2_001.fastq.gz /projects/rpci/songyao/pnfioric/arc_project/airr_calculation/tcr_quant/results/mixcr_RS-04237081.alignments.vdjca
Alignment: 0%
Alignment: 3.4%  ETA: 00:57:40
Alignment: 6.7%  ETA: 00:55:47
Alignment: 10%  ETA: 00:53:41
Alignment: 13.4%  ETA: 00:52:24
Alignment: 16.7%  ETA: 00:49:07
Alignment: 20.2%  ETA: 00:46:34
Alignment: 23.6%  ETA: 00:45:05
Alignment: 26.9%  ETA: 00:44:13
Alignment: 30.3%  ETA: 00:41:08
Alignment: 33.6%  ETA: 00:40:10
Alignment: 37%  ETA: 00:37:11
Alignment: 40.3%  ETA: 00:35:37
Alignment: 43.7%  ETA: 00:33:41
Alignment: 47.1%  ETA: 00:30:52
Alignment: 50.5%  ETA: 00:29:13
Alignment: 53.8%  ETA: 00:27:57
Alignment: 57.2%  ETA: 00:25:16
Alignment: 60.5%  ETA: 00:23:54
Alignment: 63.8%  ETA: 00:21:54
Alignment: 67.2%  ETA: 00:19:21
Alignment: 70.6%  ETA: 00:17:21
Alignment: 73.9%  ETA: 00:15:48
Alignment: 77.2%  ETA: 00:13:37
Alignment: 80.5%  ETA: 00:11:45
Alignment: 83.9%  ETA: 00:09:29
Alignment: 87.3%  ETA: 00:07:29
Alignment: 90.7%  ETA: 00:05:29
Alignment: 94%  ETA: 00:03:33
Alignment: 97.5%  ETA: 00:01:28
====================== report: align ======================
Analysis time: 59.49m
Total sequencing reads: 64552677
Successfully aligned reads: 38 (0%)
Coverage (percent of successfully aligned):
  CDR3: 1 (2.63%)
  FR3_TO_FR4: 0 (0%)
  CDR2_TO_FR4: 0 (0%)
  FR2_TO_FR4: 0 (0%)
  CDR1_TO_FR4: 0 (0%)
  VDJRegion: 0 (0%)
Alignment failed: no hits (not TCR/IG?): 64157741 (99.39%)
Alignment failed: no CDR3 parts: 322 (0%)
Alignment failed: low total score: 394576 (0.61%)
Overlapped: 32803594 (50.82%)
Overlapped and aligned: 34 (0%)
Overlapped and not aligned: 32803560 (50.82%)
Alignment-aided overlaps, percent of overlapped and aligned: 4 (11.76%)
No CDR3 parts alignments, percent of successfully aligned: 1 (2.63%)
Partial aligned reads, percent of successfully aligned: 36 (94.74%)
V gene chimeras: 3 (0%)
Realigned with forced non-floating bound: 63498174 (98.37%)
Realigned with forced non-floating right bound in left read: 32 (0%)
Realigned with forced non-floating left bound in right read: 32 (0%)
TRA chains: 4 (10.53%)
TRA non-functional: 0 (0%)
TRB chains: 10 (26.32%)
TRB non-functional: 0 (0%)
IGH chains: 11 (28.95%)
IGH non-functional: 0 (0%)
TRAD chains: 4 (10.53%)
TRAD non-functional: 0 (0%)
IGK chains: 8 (21.05%)
IGK non-functional: 0 (0%)
IGL chains: 1 (2.63%)
IGL non-functional: 0 (0%)
Trimming report:
  R1 reads trimmed left: 91593 (0.14%)
  R1 reads trimmed right: 93054 (0.14%)
  Average R1 nucleotides trimmed left: 0.02411480162162756
  Average R1 nucleotides trimmed right: 0.02567994197978807
  R2 reads trimmed left: 90842 (0.14%)
  R2 reads trimmed right: 92705 (0.14%)
  Average R2 nucleotides trimmed left: 0.023831529093673372
  Average R2 nucleotides trimmed right: 0.025339568798982574

>>>>>>>>>>>>>>>>>> mixcr assemblePartial <<<<<<<<<<<<<<<<<<
Running:
mixcr assemblePartial --report /projects/rpci/songyao/pnfioric/arc_project/airr_calculation/tcr_quant/results/mixcr_RS-04237081.assemblePartial.report.txt --json-report /projects/rpci/songyao/pnfioric/arc_project/airr_calculation/tcr_quant/results/mixcr_RS-04237081.assemblePartial.report.json /projects/rpci/songyao/pnfioric/arc_project/airr_calculation/tcr_quant/results/mixcr_RS-04237081.alignments.vdjca /projects/rpci/songyao/pnfioric/arc_project/airr_calculation/tcr_quant/results/mixcr_RS-04237081.passembled.1.vdjca
Building index: 0%
Searching for overlaps: 2.6%
================= report: assemblePartial =================
Analysis time: 87ms
Total alignments analysed: 38
Number of output alignments: 38 (100%)
Alignments already with CDR3 (no overlapping is performed): 1 (2.63%)
Successfully overlapped alignments: 0 (0%)
Left parts with too small N-region (failed to extract k-mer): 4 (10.53%)
Extracted k-mer diversity: 392
Dropped due to wildcard in k-mer: 0 (0%)
Dropped due to too short NRegion parts in overlap: 0 (0%)
Dropped overlaps with empty N region due to no complete NDN coverage: 0 (0%)
Number of left-side alignments: 24 (63.16%)
Number of right-side alignments: 9 (23.68%)
Complex overlaps: 0 (0%)
Over-overlaps: 0 (0%)
Partial alignments written to output: 37 (97.37%)

>>>>>>>>>>>>>>>>>> mixcr assemblePartial <<<<<<<<<<<<<<<<<<
Running:
mixcr assemblePartial --report /projects/rpci/songyao/pnfioric/arc_project/airr_calculation/tcr_quant/results/mixcr_RS-04237081.assemblePartial.report.txt --json-report /projects/rpci/songyao/pnfioric/arc_project/airr_calculation/tcr_quant/results/mixcr_RS-04237081.assemblePartial.report.json /projects/rpci/songyao/pnfioric/arc_project/airr_calculation/tcr_quant/results/mixcr_RS-04237081.passembled.1.vdjca /projects/rpci/songyao/pnfioric/arc_project/airr_calculation/tcr_quant/results/mixcr_RS-04237081.passembled.2.vdjca
Building index: 0%
Searching for overlaps: 10.5%
================= report: assemblePartial =================
Analysis time: 35ms
Total alignments analysed: 38
Number of output alignments: 38 (100%)
Alignments already with CDR3 (no overlapping is performed): 1 (2.63%)
Successfully overlapped alignments: 0 (0%)
Left parts with too small N-region (failed to extract k-mer): 4 (10.53%)
Extracted k-mer diversity: 392
Dropped due to wildcard in k-mer: 0 (0%)
Dropped due to too short NRegion parts in overlap: 0 (0%)
Dropped overlaps with empty N region due to no complete NDN coverage: 0 (0%)
Number of left-side alignments: 24 (63.16%)
Number of right-side alignments: 9 (23.68%)
Complex overlaps: 0 (0%)
Over-overlaps: 0 (0%)
Partial alignments written to output: 37 (97.37%)

>>>>>>>>>>>>>>>>>>>>>>> mixcr extend <<<<<<<<<<<<<<<<<<<<<<<
Running:
mixcr extend --report /projects/rpci/songyao/pnfioric/arc_project/airr_calculation/tcr_quant/results/mixcr_RS-04237081.extend.report.txt --json-report /projects/rpci/songyao/pnfioric/arc_project/airr_calculation/tcr_quant/results/mixcr_RS-04237081.extend.report.json --threads 12 /projects/rpci/songyao/pnfioric/arc_project/airr_calculation/tcr_quant/results/mixcr_RS-04237081.passembled.2.vdjca /projects/rpci/songyao/pnfioric/arc_project/airr_calculation/tcr_quant/results/mixcr_RS-04237081.extended.vdjca
Extending alignments: 0%
====================== report: extend ======================
Analysis time: 6ms
Extended alignments count: 0 (0%)
V extensions total: 0 (0%)
V extensions with merged targets: 0 (0%)
J extensions total: 0 (0%)
J extensions with merged targets: 0 (0%)
V+J extensions: 0 (0%)
Mean V extension length: NaN
Mean J extension length: NaN

>>>>>>>>>>>>>>>>>>>>>> mixcr assemble <<<<<<<<<<<<<<<<<<<<<<
Running:
mixcr assemble --report /projects/rpci/songyao/pnfioric/arc_project/airr_calculation/tcr_quant/results/mixcr_RS-04237081.assemble.report.txt --json-report /projects/rpci/songyao/pnfioric/arc_project/airr_calculation/tcr_quant/results/mixcr_RS-04237081.assemble.report.json /projects/rpci/songyao/pnfioric/arc_project/airr_calculation/tcr_quant/results/mixcr_RS-04237081.extended.vdjca /projects/rpci/songyao/pnfioric/arc_project/airr_calculation/tcr_quant/results/mixcr_RS-04237081.clna
Initialization: progress unknown
Initialization: progress unknown
===================== report: assemble =====================
Analysis time: 185ms
Final clonotype count: 1
Reads used in clonotypes, percent of total: 1 (0%)
Average number of reads per clonotype: 1
Reads dropped due to the lack of a clone sequence, percent of total: 37 (0%)
Reads dropped due to a too short clonal sequence, percent of total: 0 (0%)
Reads dropped due to low quality, percent of total: 0 (0%)
Reads dropped due to failed mapping, percent of total: 0 (0%)
Reads dropped with low quality clones, percent of total: 0 (0%)
Aligned reads processed: 1
Reads used in clonotypes before clustering, percent of total: 1 (0%)
Number of reads used as a core, percent of used: 1 (100%)
Mapped low quality reads, percent of used: 0 (0%)
Reads clustered in PCR error correction, percent of used: 0 (0%)
Reads pre-clustered due to the similar VJC-lists, percent of used: 0 (0%)
Clonotypes dropped as low quality: 0
Clonotypes eliminated by PCR error correction: 0
Clonotypes pre-clustered due to the similar VJC-lists: 0
Clones dropped in post filtering: 0 (0%)
Reads dropped in post filtering: 0.0 (0%)
Reads filtered by tag prefix: 0 (0%)
IGK chains: 1 (100%)
IGK non-functional: 0 (0%)

>>>>>>>>>>>>>>>>>> mixcr assembleContigs <<<<<<<<<<<<<<<<<<
Running:
mixcr assembleContigs --report /projects/rpci/songyao/pnfioric/arc_project/airr_calculation/tcr_quant/results/mixcr_RS-04237081.assembleContigs.report.txt --json-report /projects/rpci/songyao/pnfioric/arc_project/airr_calculation/tcr_quant/results/mixcr_RS-04237081.assembleContigs.report.json --threads 12 /projects/rpci/songyao/pnfioric/arc_project/airr_calculation/tcr_quant/results/mixcr_RS-04237081.clna /projects/rpci/songyao/pnfioric/arc_project/airr_calculation/tcr_quant/results/mixcr_RS-04237081.contigs.clns
Assembling contigs: 0%
================= report: assembleContigs =================
Analysis time: 105ms
Initial clonotype count: 1
Final clonotype count: 1 (100%)
Canceled assemblies: 0 (0%)
Clones filtered out after assemble: 0 (0%)
Number of premature termination assembly events, percent of number of initial clonotypes: 0.0 (0%)
Longest contig length: 124
Clustered variants: 0 (0%)
Reads in clustered variants: 0.0 (0%)
Reads in divided (newly created) clones: 0.0 (0%)
Clones with ambiguous letters in splitting region: 0 (0%)
Reads in clones with ambiguous letters in splitting region: 0.0 (0%)
Average number of ambiguous letters per clone with ambiguous letters in splitting region: NaN
Clones combined after clustering: 0 (0%)

>>>>>>>>>>>>>>>>>>>>>>>>> mixcr qc <<<<<<<<<<<<<<<<<<<<<<<<<
Running:
mixcr qc --print-to-stdout /projects/rpci/songyao/pnfioric/arc_project/airr_calculation/tcr_quant/results/mixcr_RS-04237081.contigs.clns /projects/rpci/songyao/pnfioric/arc_project/airr_calculation/tcr_quant/results/mixcr_RS-04237081.qc.txt /projects/rpci/songyao/pnfioric/arc_project/airr_calculation/tcr_quant/results/mixcr_RS-04237081.qc.json

  Alignments dropped due to low sequence quality: 0.0% [OK]

>>>>>>>>>>>>>>>>>>>> mixcr exportClones <<<<<<<<<<<<<<<<<<<<
Running:
mixcr exportClones /projects/rpci/songyao/pnfioric/arc_project/airr_calculation/tcr_quant/results/mixcr_RS-04237081.contigs.clns /projects/rpci/songyao/pnfioric/arc_project/airr_calculation/tcr_quant/results/mixcr_RS-04237081.clones.tsv
Analysis finished successfully.
===============================
Visualize results and simplify your immune data analysis with a convenient UI.
Explore and install Platforma.bio here: https://platforma.bio
