WARNING: sun.reflect.Reflection.getCallerClass is not supported. This will impact performance.

>>>>>>>>>>>>>>>>>>>>>>> mixcr align <<<<<<<<<<<<<<<<<<<<<<<
Running:
mixcr align --report /projects/rpci/songyao/pnfioric/arc_project/airr_calculation/tcr_quant/results/mixcr_RS-03722465.align.report.txt --json-report /projects/rpci/songyao/pnfioric/arc_project/airr_calculation/tcr_quant/results/mixcr_RS-03722465.align.report.json --threads 12 --preset rna-seq --save-output-file-names /projects/rpci/songyao/pnfioric/arc_project/airr_calculation/tcr_quant/results/mixcr_RS-03722465.align.list.tsv --species hsa /projects/rpci/songyao/pnfioric/arc_project/airr_calculation/fastq_files/RS-03722465/RS-04417016_WCRS10017144-A3_RS-03722465_S25_R1_001.fastq.gz /projects/rpci/songyao/pnfioric/arc_project/airr_calculation/fastq_files/RS-03722465/RS-04417016_WCRS10017144-A3_RS-03722465_S25_R2_001.fastq.gz /projects/rpci/songyao/pnfioric/arc_project/airr_calculation/tcr_quant/results/mixcr_RS-03722465.alignments.vdjca
Alignment: 0%
Alignment: 5.6%  ETA: 00:33:44
Alignment: 11.3%  ETA: 00:31:21
Alignment: 16.9%  ETA: 00:29:21
Alignment: 22.7%  ETA: 00:26:51
Alignment: 28.3%  ETA: 00:25:37
Alignment: 33.9%  ETA: 00:23:28
Alignment: 39.5%  ETA: 00:21:29
Alignment: 45.2%  ETA: 00:19:14
Alignment: 50.9%  ETA: 00:17:27
Alignment: 56.5%  ETA: 00:15:27
Alignment: 62.1%  ETA: 00:13:38
Alignment: 67.7%  ETA: 00:11:19
Alignment: 73.4%  ETA: 00:09:27
Alignment: 79%  ETA: 00:07:30
Alignment: 84.6%  ETA: 00:05:28
Alignment: 90.3%  ETA: 00:03:26
Alignment: 96%  ETA: 00:01:25
====================== report: align ======================
Analysis time: 35.44m
Total sequencing reads: 59568709
Successfully aligned reads: 270 (0%)
Coverage (percent of successfully aligned):
  CDR3: 19 (7.04%)
  FR3_TO_FR4: 0 (0%)
  CDR2_TO_FR4: 0 (0%)
  FR2_TO_FR4: 0 (0%)
  CDR1_TO_FR4: 0 (0%)
  VDJRegion: 0 (0%)
Alignment failed: no hits (not TCR/IG?): 58240096 (97.77%)
Alignment failed: no CDR3 parts: 13703 (0.02%)
Alignment failed: low total score: 1314640 (2.21%)
Overlapped: 50416547 (84.64%)
Overlapped and aligned: 238 (0%)
Overlapped and not aligned: 50416309 (84.64%)
Alignment-aided overlaps, percent of overlapped and aligned: 10 (4.2%)
No CDR3 parts alignments, percent of successfully aligned: 4 (1.48%)
Partial aligned reads, percent of successfully aligned: 247 (91.48%)
Realigned with forced non-floating bound: 18304344 (30.73%)
Realigned with forced non-floating right bound in left read: 690 (0%)
Realigned with forced non-floating left bound in right read: 690 (0%)
TRA chains: 100 (37.04%)
TRA non-functional: 1 (1%)
TRB chains: 15 (5.56%)
TRB non-functional: 0 (0%)
TRG chains: 10 (3.7%)
TRG non-functional: 0 (0%)
IGH chains: 14 (5.19%)
IGH non-functional: 0 (0%)
TRAD chains: 1 (0.37%)
TRAD non-functional: 0 (0%)
IGK chains: 30 (11.11%)
IGK non-functional: 1 (3.33%)
IGL chains: 100 (37.04%)
IGL non-functional: 0 (0%)
Trimming report:
  R1 reads trimmed left: 218508 (0.37%)
  R1 reads trimmed right: 219933 (0.37%)
  Average R1 nucleotides trimmed left: 0.062349143742564575
  Average R1 nucleotides trimmed right: 0.06617173791696576
  R2 reads trimmed left: 217307 (0.36%)
  R2 reads trimmed right: 219275 (0.37%)
  Average R2 nucleotides trimmed left: 0.06191423419970374
  Average R2 nucleotides trimmed right: 0.06568411613553686

>>>>>>>>>>>>>>>>>> mixcr assemblePartial <<<<<<<<<<<<<<<<<<
Running:
mixcr assemblePartial --report /projects/rpci/songyao/pnfioric/arc_project/airr_calculation/tcr_quant/results/mixcr_RS-03722465.assemblePartial.report.txt --json-report /projects/rpci/songyao/pnfioric/arc_project/airr_calculation/tcr_quant/results/mixcr_RS-03722465.assemblePartial.report.json /projects/rpci/songyao/pnfioric/arc_project/airr_calculation/tcr_quant/results/mixcr_RS-03722465.alignments.vdjca /projects/rpci/songyao/pnfioric/arc_project/airr_calculation/tcr_quant/results/mixcr_RS-03722465.passembled.1.vdjca
Building index: 0%
Searching for overlaps: 0.4%
================= report: assemblePartial =================
Analysis time: 110ms
Total alignments analysed: 270
Number of output alignments: 270 (100%)
Alignments already with CDR3 (no overlapping is performed): 19 (7.04%)
Successfully overlapped alignments: 0 (0%)
Left parts with too small N-region (failed to extract k-mer): 64 (23.7%)
Extracted k-mer diversity: 468
Dropped due to wildcard in k-mer: 0 (0%)
Dropped due to too short NRegion parts in overlap: 0 (0%)
Dropped overlaps with empty N region due to no complete NDN coverage: 0 (0%)
Number of left-side alignments: 68 (25.19%)
Number of right-side alignments: 119 (44.07%)
Complex overlaps: 0 (0%)
Over-overlaps: 0 (0%)
Partial alignments written to output: 251 (92.96%)

>>>>>>>>>>>>>>>>>> mixcr assemblePartial <<<<<<<<<<<<<<<<<<
Running:
mixcr assemblePartial --report /projects/rpci/songyao/pnfioric/arc_project/airr_calculation/tcr_quant/results/mixcr_RS-03722465.assemblePartial.report.txt --json-report /projects/rpci/songyao/pnfioric/arc_project/airr_calculation/tcr_quant/results/mixcr_RS-03722465.assemblePartial.report.json /projects/rpci/songyao/pnfioric/arc_project/airr_calculation/tcr_quant/results/mixcr_RS-03722465.passembled.1.vdjca /projects/rpci/songyao/pnfioric/arc_project/airr_calculation/tcr_quant/results/mixcr_RS-03722465.passembled.2.vdjca
Building index: 0%
Searching for overlaps: 3.7%
================= report: assemblePartial =================
Analysis time: 39ms
Total alignments analysed: 270
Number of output alignments: 270 (100%)
Alignments already with CDR3 (no overlapping is performed): 19 (7.04%)
Successfully overlapped alignments: 0 (0%)
Left parts with too small N-region (failed to extract k-mer): 64 (23.7%)
Extracted k-mer diversity: 468
Dropped due to wildcard in k-mer: 0 (0%)
Dropped due to too short NRegion parts in overlap: 0 (0%)
Dropped overlaps with empty N region due to no complete NDN coverage: 0 (0%)
Number of left-side alignments: 68 (25.19%)
Number of right-side alignments: 119 (44.07%)
Complex overlaps: 0 (0%)
Over-overlaps: 0 (0%)
Partial alignments written to output: 251 (92.96%)

>>>>>>>>>>>>>>>>>>>>>>> mixcr extend <<<<<<<<<<<<<<<<<<<<<<<
Running:
mixcr extend --report /projects/rpci/songyao/pnfioric/arc_project/airr_calculation/tcr_quant/results/mixcr_RS-03722465.extend.report.txt --json-report /projects/rpci/songyao/pnfioric/arc_project/airr_calculation/tcr_quant/results/mixcr_RS-03722465.extend.report.json --threads 12 /projects/rpci/songyao/pnfioric/arc_project/airr_calculation/tcr_quant/results/mixcr_RS-03722465.passembled.2.vdjca /projects/rpci/songyao/pnfioric/arc_project/airr_calculation/tcr_quant/results/mixcr_RS-03722465.extended.vdjca
Extending alignments: 0%
====================== report: extend ======================
Analysis time: 6ms
Extended alignments count: 0 (0%)
V extensions total: 0 (0%)
V extensions with merged targets: 0 (0%)
J extensions total: 0 (0%)
J extensions with merged targets: 0 (0%)
V+J extensions: 0 (0%)
Mean V extension length: NaN
Mean J extension length: NaN

>>>>>>>>>>>>>>>>>>>>>> mixcr assemble <<<<<<<<<<<<<<<<<<<<<<
Running:
mixcr assemble --report /projects/rpci/songyao/pnfioric/arc_project/airr_calculation/tcr_quant/results/mixcr_RS-03722465.assemble.report.txt --json-report /projects/rpci/songyao/pnfioric/arc_project/airr_calculation/tcr_quant/results/mixcr_RS-03722465.assemble.report.json /projects/rpci/songyao/pnfioric/arc_project/airr_calculation/tcr_quant/results/mixcr_RS-03722465.extended.vdjca /projects/rpci/songyao/pnfioric/arc_project/airr_calculation/tcr_quant/results/mixcr_RS-03722465.clna
Initialization: progress unknown
Initialization: progress unknown
===================== report: assemble =====================
Analysis time: 204ms
Final clonotype count: 13
Reads used in clonotypes, percent of total: 18 (0%)
Average number of reads per clonotype: 1.38
Reads dropped due to the lack of a clone sequence, percent of total: 251 (0%)
Reads dropped due to a too short clonal sequence, percent of total: 0 (0%)
Reads dropped due to low quality, percent of total: 0 (0%)
Reads dropped due to failed mapping, percent of total: 1 (0%)
Reads dropped with low quality clones, percent of total: 0 (0%)
Aligned reads processed: 19
Reads used in clonotypes before clustering, percent of total: 18 (0%)
Number of reads used as a core, percent of used: 18 (100%)
Mapped low quality reads, percent of used: 0 (0%)
Reads clustered in PCR error correction, percent of used: 0 (0%)
Reads pre-clustered due to the similar VJC-lists, percent of used: 0 (0%)
Clonotypes dropped as low quality: 0
Clonotypes eliminated by PCR error correction: 0
Clonotypes pre-clustered due to the similar VJC-lists: 0
Clones dropped in post filtering: 0 (0%)
Reads dropped in post filtering: 0.0 (0%)
Reads filtered by tag prefix: 0 (0%)
TRA chains: 2 (15.38%)
TRA non-functional: 1 (50%)
TRB chains: 1 (7.69%)
TRB non-functional: 0 (0%)
IGH chains: 4 (30.77%)
IGH non-functional: 0 (0%)
IGK chains: 5 (38.46%)
IGK non-functional: 1 (20%)
IGL chains: 1 (7.69%)
IGL non-functional: 0 (0%)

>>>>>>>>>>>>>>>>>> mixcr assembleContigs <<<<<<<<<<<<<<<<<<
Running:
mixcr assembleContigs --report /projects/rpci/songyao/pnfioric/arc_project/airr_calculation/tcr_quant/results/mixcr_RS-03722465.assembleContigs.report.txt --json-report /projects/rpci/songyao/pnfioric/arc_project/airr_calculation/tcr_quant/results/mixcr_RS-03722465.assembleContigs.report.json --threads 12 /projects/rpci/songyao/pnfioric/arc_project/airr_calculation/tcr_quant/results/mixcr_RS-03722465.clna /projects/rpci/songyao/pnfioric/arc_project/airr_calculation/tcr_quant/results/mixcr_RS-03722465.contigs.clns
Assembling contigs: 0%
================= report: assembleContigs =================
Analysis time: 88ms
Initial clonotype count: 13
Final clonotype count: 13 (100%)
Canceled assemblies: 0 (0%)
Clones filtered out after assemble: 0 (0%)
Number of premature termination assembly events, percent of number of initial clonotypes: 0.0 (0%)
Longest contig length: 224
Clustered variants: 0 (0%)
Reads in clustered variants: 0.0 (0%)
Reads in divided (newly created) clones: 0.0 (0%)
Clones with ambiguous letters in splitting region: 0 (0%)
Reads in clones with ambiguous letters in splitting region: 0.0 (0%)
Average number of ambiguous letters per clone with ambiguous letters in splitting region: NaN
Clones combined after clustering: 0 (0%)

>>>>>>>>>>>>>>>>>>>>>>>>> mixcr qc <<<<<<<<<<<<<<<<<<<<<<<<<
Running:
mixcr qc --print-to-stdout /projects/rpci/songyao/pnfioric/arc_project/airr_calculation/tcr_quant/results/mixcr_RS-03722465.contigs.clns /projects/rpci/songyao/pnfioric/arc_project/airr_calculation/tcr_quant/results/mixcr_RS-03722465.qc.txt /projects/rpci/songyao/pnfioric/arc_project/airr_calculation/tcr_quant/results/mixcr_RS-03722465.qc.json

  Alignments dropped due to low sequence quality: 0.0% [OK]

>>>>>>>>>>>>>>>>>>>> mixcr exportClones <<<<<<<<<<<<<<<<<<<<
Running:
mixcr exportClones /projects/rpci/songyao/pnfioric/arc_project/airr_calculation/tcr_quant/results/mixcr_RS-03722465.contigs.clns /projects/rpci/songyao/pnfioric/arc_project/airr_calculation/tcr_quant/results/mixcr_RS-03722465.clones.tsv
Analysis finished successfully.
===============================
Visualize results and simplify your immune data analysis with a convenient UI.
Explore and install Platforma.bio here: https://platforma.bio
