Exporting TRB
Exporting clones: 5.3%
Filtered 19 of 2718 clones (99.3%).
Filtered 32.0 of 17781.0 reads (99.82%).
Exporting TRA
Exporting clones: 3.7%
Filtered 27 of 2718 clones (99.01%).
Filtered 37.0 of 17781.0 reads (99.79%).
Exporting IGH
Exporting clones: 0.1%
Filtered 891 of 2718 clones (67.22%).
Filtered 4207.0 of 17781.0 reads (76.34%).
Exporting TRG
Exporting clones: 25%
Filtered 8 of 2718 clones (99.71%).
Filtered 15.0 of 17781.0 reads (99.92%).
Exporting IGL
Exporting clones: 1%
Filtered 490 of 2718 clones (81.97%).
Filtered 2888.0 of 17781.0 reads (83.76%).
Exporting IGK
Exporting clones: 0.1%
Filtered 1283 of 2718 clones (52.8%).
Filtered 10602.0 of 17781.0 reads (40.37%).
