WARNING: sun.reflect.Reflection.getCallerClass is not supported. This will impact performance.

>>>>>>>>>>>>>>>>>>>>>>> mixcr align <<<<<<<<<<<<<<<<<<<<<<<
Running:
mixcr align --report /projects/rpci/songyao/pnfioric/arc_project/airr_calculation/tcr_quant/results/mixcr_RS-03779390.align.report.txt --json-report /projects/rpci/songyao/pnfioric/arc_project/airr_calculation/tcr_quant/results/mixcr_RS-03779390.align.report.json --threads 12 --preset rna-seq --save-output-file-names /projects/rpci/songyao/pnfioric/arc_project/airr_calculation/tcr_quant/results/mixcr_RS-03779390.align.list.tsv --species hsa /projects/rpci/songyao/pnfioric/arc_project/airr_calculation/fastq_files/RS-03779390/RS-04417070_HAYS09005742-A4_RS-03779390_S74_R1_001.fastq.gz /projects/rpci/songyao/pnfioric/arc_project/airr_calculation/fastq_files/RS-03779390/RS-04417070_HAYS09005742-A4_RS-03779390_S74_R2_001.fastq.gz /projects/rpci/songyao/pnfioric/arc_project/airr_calculation/tcr_quant/results/mixcr_RS-03779390.alignments.vdjca
Alignment: 0%
Alignment: 5.5%  ETA: 00:34:18
Alignment: 11.1%  ETA: 00:31:56
Alignment: 16.7%  ETA: 00:29:25
Alignment: 22.4%  ETA: 00:27:25
Alignment: 28%  ETA: 00:25:34
Alignment: 33.6%  ETA: 00:23:51
Alignment: 39.2%  ETA: 00:21:43
Alignment: 44.8%  ETA: 00:19:29
Alignment: 50.5%  ETA: 00:17:29
Alignment: 56.1%  ETA: 00:15:46
Alignment: 61.6%  ETA: 00:13:46
Alignment: 67.3%  ETA: 00:11:33
Alignment: 72.9%  ETA: 00:09:40
Alignment: 78.5%  ETA: 00:07:40
Alignment: 84.1%  ETA: 00:05:43
Alignment: 89.7%  ETA: 00:03:39
Alignment: 95.4%  ETA: 00:01:38
====================== report: align ======================
Analysis time: 35.66m
Total sequencing reads: 64518926
Successfully aligned reads: 6026 (0.01%)
Coverage (percent of successfully aligned):
  CDR3: 1030 (17.09%)
  FR3_TO_FR4: 7 (0.12%)
  CDR2_TO_FR4: 2 (0.03%)
  FR2_TO_FR4: 0 (0%)
  CDR1_TO_FR4: 0 (0%)
  VDJRegion: 0 (0%)
Alignment failed: no hits (not TCR/IG?): 62921116 (97.52%)
Alignment failed after alignment-aided overlap: 1 (0%)
Alignment failed: no CDR3 parts: 28244 (0.04%)
Alignment failed: low total score: 1563539 (2.42%)
Overlapped: 60429069 (93.66%)
Overlapped and aligned: 5830 (0.01%)
Overlapped and not aligned: 60423239 (93.65%)
Alignment-aided overlaps, percent of overlapped and aligned: 83 (1.42%)
No CDR3 parts alignments, percent of successfully aligned: 133 (2.21%)
Partial aligned reads, percent of successfully aligned: 4863 (80.7%)
J gene chimeras: 9 (0%)
Realigned with forced non-floating bound: 8179880 (12.68%)
Realigned with forced non-floating right bound in left read: 459 (0%)
Realigned with forced non-floating left bound in right read: 459 (0%)
TRA chains: 1252 (20.78%)
TRA non-functional: 6 (0.48%)
TRB chains: 330 (5.48%)
TRB non-functional: 3 (0.91%)
TRD chains: 4 (0.07%)
TRD non-functional: 0 (0%)
TRG chains: 29 (0.48%)
TRG non-functional: 0 (0%)
IGH chains: 1721 (28.56%)
IGH non-functional: 2 (0.12%)
TRAD chains: 13 (0.22%)
TRAD non-functional: 0 (0%)
IGK chains: 1314 (21.81%)
IGK non-functional: 43 (3.27%)
IGL chains: 1363 (22.62%)
IGL non-functional: 0 (0%)
Trimming report:
  R1 reads trimmed left: 86244 (0.13%)
  R1 reads trimmed right: 88982 (0.14%)
  Average R1 nucleotides trimmed left: 0.022718062603831937
  Average R1 nucleotides trimmed right: 0.02426085021936044
  R2 reads trimmed left: 85020 (0.13%)
  R2 reads trimmed right: 88319 (0.14%)
  Average R2 nucleotides trimmed left: 0.022315870540064477
  Average R2 nucleotides trimmed right: 0.023808719320591296

>>>>>>>>>>>>>>>>>> mixcr assemblePartial <<<<<<<<<<<<<<<<<<
Running:
mixcr assemblePartial --report /projects/rpci/songyao/pnfioric/arc_project/airr_calculation/tcr_quant/results/mixcr_RS-03779390.assemblePartial.report.txt --json-report /projects/rpci/songyao/pnfioric/arc_project/airr_calculation/tcr_quant/results/mixcr_RS-03779390.assemblePartial.report.json /projects/rpci/songyao/pnfioric/arc_project/airr_calculation/tcr_quant/results/mixcr_RS-03779390.alignments.vdjca /projects/rpci/songyao/pnfioric/arc_project/airr_calculation/tcr_quant/results/mixcr_RS-03779390.passembled.1.vdjca
Building index: 0%
Searching for overlaps: 0%
================= report: assemblePartial =================
Analysis time: 364ms
Total alignments analysed: 6026
Number of output alignments: 6024 (99.97%)
Alignments already with CDR3 (no overlapping is performed): 1070 (17.76%)
Successfully overlapped alignments: 2 (0.03%)
Left parts with too small N-region (failed to extract k-mer): 842 (13.97%)
Extracted k-mer diversity: 3574
Dropped due to wildcard in k-mer: 0 (0%)
Dropped due to too short NRegion parts in overlap: 8 (0.13%)
Dropped overlaps with empty N region due to no complete NDN coverage: 0 (0%)
Number of left-side alignments: 728 (12.08%)
Number of right-side alignments: 3391 (56.27%)
Complex overlaps: 0 (0%)
Over-overlaps: 0 (0%)
Partial alignments written to output: 4952 (82.18%)

>>>>>>>>>>>>>>>>>> mixcr assemblePartial <<<<<<<<<<<<<<<<<<
Running:
mixcr assemblePartial --report /projects/rpci/songyao/pnfioric/arc_project/airr_calculation/tcr_quant/results/mixcr_RS-03779390.assemblePartial.report.txt --json-report /projects/rpci/songyao/pnfioric/arc_project/airr_calculation/tcr_quant/results/mixcr_RS-03779390.assemblePartial.report.json /projects/rpci/songyao/pnfioric/arc_project/airr_calculation/tcr_quant/results/mixcr_RS-03779390.passembled.1.vdjca /projects/rpci/songyao/pnfioric/arc_project/airr_calculation/tcr_quant/results/mixcr_RS-03779390.passembled.2.vdjca
Building index: 0%
Searching for overlaps: 0%
================= report: assemblePartial =================
Analysis time: 80ms
Total alignments analysed: 6024
Number of output alignments: 6024 (100%)
Alignments already with CDR3 (no overlapping is performed): 1072 (17.8%)
Successfully overlapped alignments: 0 (0%)
Left parts with too small N-region (failed to extract k-mer): 842 (13.98%)
Extracted k-mer diversity: 3554
Dropped due to wildcard in k-mer: 0 (0%)
Dropped due to too short NRegion parts in overlap: 8 (0.13%)
Dropped overlaps with empty N region due to no complete NDN coverage: 0 (0%)
Number of left-side alignments: 726 (12.05%)
Number of right-side alignments: 3389 (56.26%)
Complex overlaps: 0 (0%)
Over-overlaps: 0 (0%)
Partial alignments written to output: 4952 (82.2%)

>>>>>>>>>>>>>>>>>>>>>>> mixcr extend <<<<<<<<<<<<<<<<<<<<<<<
Running:
mixcr extend --report /projects/rpci/songyao/pnfioric/arc_project/airr_calculation/tcr_quant/results/mixcr_RS-03779390.extend.report.txt --json-report /projects/rpci/songyao/pnfioric/arc_project/airr_calculation/tcr_quant/results/mixcr_RS-03779390.extend.report.json --threads 12 /projects/rpci/songyao/pnfioric/arc_project/airr_calculation/tcr_quant/results/mixcr_RS-03779390.passembled.2.vdjca /projects/rpci/songyao/pnfioric/arc_project/airr_calculation/tcr_quant/results/mixcr_RS-03779390.extended.vdjca
Extending alignments: 0%
====================== report: extend ======================
Analysis time: 42ms
Extended alignments count: 8 (0.13%)
V extensions total: 6 (0.1%)
V extensions with merged targets: 0 (0%)
J extensions total: 2 (0.03%)
J extensions with merged targets: 0 (0%)
V+J extensions: 0 (0%)
Mean V extension length: 1.0
Mean J extension length: 12.0

>>>>>>>>>>>>>>>>>>>>>> mixcr assemble <<<<<<<<<<<<<<<<<<<<<<
Running:
mixcr assemble --report /projects/rpci/songyao/pnfioric/arc_project/airr_calculation/tcr_quant/results/mixcr_RS-03779390.assemble.report.txt --json-report /projects/rpci/songyao/pnfioric/arc_project/airr_calculation/tcr_quant/results/mixcr_RS-03779390.assemble.report.json /projects/rpci/songyao/pnfioric/arc_project/airr_calculation/tcr_quant/results/mixcr_RS-03779390.extended.vdjca /projects/rpci/songyao/pnfioric/arc_project/airr_calculation/tcr_quant/results/mixcr_RS-03779390.clna
Initialization: progress unknown
Initialization: progress unknown
===================== report: assemble =====================
Analysis time: 715ms
Final clonotype count: 377
Reads used in clonotypes, percent of total: 1029 (0%)
Average number of reads per clonotype: 2.73
Reads dropped due to the lack of a clone sequence, percent of total: 4984 (0.01%)
Reads dropped due to a too short clonal sequence, percent of total: 0 (0%)
Reads dropped due to low quality, percent of total: 0 (0%)
Reads dropped due to failed mapping, percent of total: 13 (0%)
Reads dropped with low quality clones, percent of total: 0 (0%)
Aligned reads processed: 1042
Reads used in clonotypes before clustering, percent of total: 1029 (0%)
Number of reads used as a core, percent of used: 1028 (99.9%)
Mapped low quality reads, percent of used: 1 (0.1%)
Reads clustered in PCR error correction, percent of used: 0 (0%)
Reads pre-clustered due to the similar VJC-lists, percent of used: 0 (0%)
Clonotypes dropped as low quality: 0
Clonotypes eliminated by PCR error correction: 0
Clonotypes pre-clustered due to the similar VJC-lists: 0
Clones dropped in post filtering: 0 (0%)
Reads dropped in post filtering: 0.0 (0%)
Reads filtered by tag prefix: 0 (0%)
TRA chains: 10 (2.65%)
TRA non-functional: 3 (30%)
TRB chains: 5 (1.33%)
TRB non-functional: 3 (60%)
IGH chains: 103 (27.32%)
IGH non-functional: 1 (0.97%)
IGK chains: 189 (50.13%)
IGK non-functional: 11 (5.82%)
IGL chains: 70 (18.57%)
IGL non-functional: 0 (0%)

>>>>>>>>>>>>>>>>>> mixcr assembleContigs <<<<<<<<<<<<<<<<<<
Running:
mixcr assembleContigs --report /projects/rpci/songyao/pnfioric/arc_project/airr_calculation/tcr_quant/results/mixcr_RS-03779390.assembleContigs.report.txt --json-report /projects/rpci/songyao/pnfioric/arc_project/airr_calculation/tcr_quant/results/mixcr_RS-03779390.assembleContigs.report.json --threads 12 /projects/rpci/songyao/pnfioric/arc_project/airr_calculation/tcr_quant/results/mixcr_RS-03779390.clna /projects/rpci/songyao/pnfioric/arc_project/airr_calculation/tcr_quant/results/mixcr_RS-03779390.contigs.clns
Assembling contigs: 0%
================= report: assembleContigs =================
Analysis time: 363ms
Initial clonotype count: 377
Final clonotype count: 377 (100%)
Canceled assemblies: 0 (0%)
Clones filtered out after assemble: 0 (0%)
Number of premature termination assembly events, percent of number of initial clonotypes: 0.0 (0%)
Longest contig length: 223
Clustered variants: 0 (0%)
Reads in clustered variants: 0.0 (0%)
Reads in divided (newly created) clones: 0.0 (0%)
Clones with ambiguous letters in splitting region: 0 (0%)
Reads in clones with ambiguous letters in splitting region: 0.0 (0%)
Average number of ambiguous letters per clone with ambiguous letters in splitting region: NaN
Clones combined after clustering: 0 (0%)

>>>>>>>>>>>>>>>>>>>>>>>>> mixcr qc <<<<<<<<<<<<<<<<<<<<<<<<<
Running:
mixcr qc --print-to-stdout /projects/rpci/songyao/pnfioric/arc_project/airr_calculation/tcr_quant/results/mixcr_RS-03779390.contigs.clns /projects/rpci/songyao/pnfioric/arc_project/airr_calculation/tcr_quant/results/mixcr_RS-03779390.qc.txt /projects/rpci/songyao/pnfioric/arc_project/airr_calculation/tcr_quant/results/mixcr_RS-03779390.qc.json

  Alignments dropped due to low sequence quality: 0.0% [OK]

>>>>>>>>>>>>>>>>>>>> mixcr exportClones <<<<<<<<<<<<<<<<<<<<
Running:
mixcr exportClones /projects/rpci/songyao/pnfioric/arc_project/airr_calculation/tcr_quant/results/mixcr_RS-03779390.contigs.clns /projects/rpci/songyao/pnfioric/arc_project/airr_calculation/tcr_quant/results/mixcr_RS-03779390.clones.tsv
Analysis finished successfully.
===============================
Visualize results and simplify your immune data analysis with a convenient UI.
Explore and install Platforma.bio here: https://platforma.bio
