WARNING: sun.reflect.Reflection.getCallerClass is not supported. This will impact performance.

>>>>>>>>>>>>>>>>>>>>>>> mixcr align <<<<<<<<<<<<<<<<<<<<<<<
Running:
mixcr align --report /projects/rpci/songyao/pnfioric/arc_project/airr_calculation/tcr_quant/results/mixcr_RS-04378689.align.report.txt --json-report /projects/rpci/songyao/pnfioric/arc_project/airr_calculation/tcr_quant/results/mixcr_RS-04378689.align.report.json --threads 12 --preset rna-seq --save-output-file-names /projects/rpci/songyao/pnfioric/arc_project/airr_calculation/tcr_quant/results/mixcr_RS-04378689.align.list.tsv --species hsa /projects/rpci/songyao/pnfioric/arc_project/airr_calculation/fastq_files/RS-04378689/RS-04378689_OAKS11016736-C5_RS-03685103_S82_R1_001.fastq.gz /projects/rpci/songyao/pnfioric/arc_project/airr_calculation/fastq_files/RS-04378689/RS-04378689_OAKS11016736-C5_RS-03685103_S82_R2_001.fastq.gz /projects/rpci/songyao/pnfioric/arc_project/airr_calculation/tcr_quant/results/mixcr_RS-04378689.alignments.vdjca
Alignment: 0%
Alignment: 4.2%  ETA: 00:45:11
Alignment: 8.5%  ETA: 00:42:27
Alignment: 12.9%  ETA: 00:40:27
Alignment: 17.2%  ETA: 00:38:07
Alignment: 21.5%  ETA: 00:36:07
Alignment: 25.9%  ETA: 00:34:25
Alignment: 30.1%  ETA: 00:32:42
Alignment: 34.4%  ETA: 00:30:41
Alignment: 38.7%  ETA: 00:28:42
Alignment: 43%  ETA: 00:26:28
Alignment: 47.3%  ETA: 00:24:41
Alignment: 51.5%  ETA: 00:22:41
Alignment: 55.8%  ETA: 00:20:30
Alignment: 60.2%  ETA: 00:18:20
Alignment: 64.5%  ETA: 00:16:29
Alignment: 68.8%  ETA: 00:14:29
Alignment: 73.1%  ETA: 00:12:22
Alignment: 77.5%  ETA: 00:10:28
Alignment: 81.8%  ETA: 00:08:28
Alignment: 86.1%  ETA: 00:06:27
Alignment: 90.4%  ETA: 00:04:27
Alignment: 94.7%  ETA: 00:02:25
Alignment: 99%  ETA: 00:00:26
====================== report: align ======================
Analysis time: 46.48m
Total sequencing reads: 54836604
Successfully aligned reads: 700 (0%)
Coverage (percent of successfully aligned):
  CDR3: 108 (15.43%)
  FR3_TO_FR4: 0 (0%)
  CDR2_TO_FR4: 0 (0%)
  FR2_TO_FR4: 0 (0%)
  CDR1_TO_FR4: 0 (0%)
  VDJRegion: 0 (0%)
Alignment failed: no hits (not TCR/IG?): 53713847 (97.95%)
Alignment failed after alignment-aided overlap: 1 (0%)
Alignment failed: no CDR3 parts: 9933 (0.02%)
Alignment failed: low total score: 1112123 (2.03%)
Overlapped: 51072271 (93.14%)
Overlapped and aligned: 682 (0%)
Overlapped and not aligned: 51071589 (93.13%)
Alignment-aided overlaps, percent of overlapped and aligned: 34 (4.99%)
No CDR3 parts alignments, percent of successfully aligned: 18 (2.57%)
Partial aligned reads, percent of successfully aligned: 574 (82%)
Paired-end alignment conflicts eliminated: 1 (0%)
Realigned with forced non-floating bound: 7528734 (13.73%)
Realigned with forced non-floating right bound in left read: 207 (0%)
Realigned with forced non-floating left bound in right read: 207 (0%)
TRA chains: 146 (20.86%)
TRA non-functional: 0 (0%)
TRB chains: 53 (7.57%)
TRB non-functional: 0 (0%)
TRD chains: 10 (1.43%)
TRD non-functional: 0 (0%)
TRG chains: 33 (4.71%)
TRG non-functional: 0 (0%)
IGH chains: 168 (24%)
IGH non-functional: 0 (0%)
TRAD chains: 9 (1.29%)
TRAD non-functional: 0 (0%)
IGK chains: 106 (15.14%)
IGK non-functional: 0 (0%)
IGL chains: 175 (25%)
IGL non-functional: 0 (0%)
Trimming report:
  R1 reads trimmed left: 80434 (0.15%)
  R1 reads trimmed right: 82906 (0.15%)
  Average R1 nucleotides trimmed left: 0.024909091744631014
  Average R1 nucleotides trimmed right: 0.026686918832537477
  R2 reads trimmed left: 79344 (0.14%)
  R2 reads trimmed right: 80741 (0.15%)
  Average R2 nucleotides trimmed left: 0.024457860300758232
  Average R2 nucleotides trimmed right: 0.02604982613438279

>>>>>>>>>>>>>>>>>> mixcr assemblePartial <<<<<<<<<<<<<<<<<<
Running:
mixcr assemblePartial --report /projects/rpci/songyao/pnfioric/arc_project/airr_calculation/tcr_quant/results/mixcr_RS-04378689.assemblePartial.report.txt --json-report /projects/rpci/songyao/pnfioric/arc_project/airr_calculation/tcr_quant/results/mixcr_RS-04378689.assemblePartial.report.json /projects/rpci/songyao/pnfioric/arc_project/airr_calculation/tcr_quant/results/mixcr_RS-04378689.alignments.vdjca /projects/rpci/songyao/pnfioric/arc_project/airr_calculation/tcr_quant/results/mixcr_RS-04378689.passembled.1.vdjca
Building index: 0%
Searching for overlaps: 0.1%
================= report: assemblePartial =================
Analysis time: 135ms
Total alignments analysed: 700
Number of output alignments: 700 (100%)
Alignments already with CDR3 (no overlapping is performed): 108 (15.43%)
Successfully overlapped alignments: 0 (0%)
Left parts with too small N-region (failed to extract k-mer): 99 (14.14%)
Extracted k-mer diversity: 721
Dropped due to wildcard in k-mer: 0 (0%)
Dropped due to too short NRegion parts in overlap: 0 (0%)
Dropped overlaps with empty N region due to no complete NDN coverage: 0 (0%)
Number of left-side alignments: 153 (21.86%)
Number of right-side alignments: 340 (48.57%)
Complex overlaps: 0 (0%)
Over-overlaps: 0 (0%)
Partial alignments written to output: 592 (84.57%)

>>>>>>>>>>>>>>>>>> mixcr assemblePartial <<<<<<<<<<<<<<<<<<
Running:
mixcr assemblePartial --report /projects/rpci/songyao/pnfioric/arc_project/airr_calculation/tcr_quant/results/mixcr_RS-04378689.assemblePartial.report.txt --json-report /projects/rpci/songyao/pnfioric/arc_project/airr_calculation/tcr_quant/results/mixcr_RS-04378689.assemblePartial.report.json /projects/rpci/songyao/pnfioric/arc_project/airr_calculation/tcr_quant/results/mixcr_RS-04378689.passembled.1.vdjca /projects/rpci/songyao/pnfioric/arc_project/airr_calculation/tcr_quant/results/mixcr_RS-04378689.passembled.2.vdjca
Building index: 0%
Searching for overlaps: 1.3%
================= report: assemblePartial =================
Analysis time: 73ms
Total alignments analysed: 700
Number of output alignments: 700 (100%)
Alignments already with CDR3 (no overlapping is performed): 108 (15.43%)
Successfully overlapped alignments: 0 (0%)
Left parts with too small N-region (failed to extract k-mer): 99 (14.14%)
Extracted k-mer diversity: 721
Dropped due to wildcard in k-mer: 0 (0%)
Dropped due to too short NRegion parts in overlap: 0 (0%)
Dropped overlaps with empty N region due to no complete NDN coverage: 0 (0%)
Number of left-side alignments: 153 (21.86%)
Number of right-side alignments: 340 (48.57%)
Complex overlaps: 0 (0%)
Over-overlaps: 0 (0%)
Partial alignments written to output: 592 (84.57%)

>>>>>>>>>>>>>>>>>>>>>>> mixcr extend <<<<<<<<<<<<<<<<<<<<<<<
Running:
mixcr extend --report /projects/rpci/songyao/pnfioric/arc_project/airr_calculation/tcr_quant/results/mixcr_RS-04378689.extend.report.txt --json-report /projects/rpci/songyao/pnfioric/arc_project/airr_calculation/tcr_quant/results/mixcr_RS-04378689.extend.report.json --threads 12 /projects/rpci/songyao/pnfioric/arc_project/airr_calculation/tcr_quant/results/mixcr_RS-04378689.passembled.2.vdjca /projects/rpci/songyao/pnfioric/arc_project/airr_calculation/tcr_quant/results/mixcr_RS-04378689.extended.vdjca
Extending alignments: 0%
====================== report: extend ======================
Analysis time: 11ms
Extended alignments count: 0 (0%)
V extensions total: 0 (0%)
V extensions with merged targets: 0 (0%)
J extensions total: 0 (0%)
J extensions with merged targets: 0 (0%)
V+J extensions: 0 (0%)
Mean V extension length: NaN
Mean J extension length: NaN

>>>>>>>>>>>>>>>>>>>>>> mixcr assemble <<<<<<<<<<<<<<<<<<<<<<
Running:
mixcr assemble --report /projects/rpci/songyao/pnfioric/arc_project/airr_calculation/tcr_quant/results/mixcr_RS-04378689.assemble.report.txt --json-report /projects/rpci/songyao/pnfioric/arc_project/airr_calculation/tcr_quant/results/mixcr_RS-04378689.assemble.report.json /projects/rpci/songyao/pnfioric/arc_project/airr_calculation/tcr_quant/results/mixcr_RS-04378689.extended.vdjca /projects/rpci/songyao/pnfioric/arc_project/airr_calculation/tcr_quant/results/mixcr_RS-04378689.clna
Initialization: progress unknown
Initialization: progress unknown
===================== report: assemble =====================
Analysis time: 339ms
Final clonotype count: 33
Reads used in clonotypes, percent of total: 107 (0%)
Average number of reads per clonotype: 3.24
Reads dropped due to the lack of a clone sequence, percent of total: 592 (0%)
Reads dropped due to a too short clonal sequence, percent of total: 0 (0%)
Reads dropped due to low quality, percent of total: 0 (0%)
Reads dropped due to failed mapping, percent of total: 1 (0%)
Reads dropped with low quality clones, percent of total: 0 (0%)
Aligned reads processed: 108
Reads used in clonotypes before clustering, percent of total: 107 (0%)
Number of reads used as a core, percent of used: 106 (99.07%)
Mapped low quality reads, percent of used: 1 (0.93%)
Reads clustered in PCR error correction, percent of used: 0 (0%)
Reads pre-clustered due to the similar VJC-lists, percent of used: 0 (0%)
Clonotypes dropped as low quality: 0
Clonotypes eliminated by PCR error correction: 0
Clonotypes pre-clustered due to the similar VJC-lists: 0
Clones dropped in post filtering: 0 (0%)
Reads dropped in post filtering: 0.0 (0%)
Reads filtered by tag prefix: 0 (0%)
TRA chains: 1 (3.03%)
TRA non-functional: 0 (0%)
TRB chains: 1 (3.03%)
TRB non-functional: 0 (0%)
TRG chains: 1 (3.03%)
TRG non-functional: 0 (0%)
IGH chains: 6 (18.18%)
IGH non-functional: 0 (0%)
IGK chains: 16 (48.48%)
IGK non-functional: 0 (0%)
IGL chains: 8 (24.24%)
IGL non-functional: 0 (0%)

>>>>>>>>>>>>>>>>>> mixcr assembleContigs <<<<<<<<<<<<<<<<<<
Running:
mixcr assembleContigs --report /projects/rpci/songyao/pnfioric/arc_project/airr_calculation/tcr_quant/results/mixcr_RS-04378689.assembleContigs.report.txt --json-report /projects/rpci/songyao/pnfioric/arc_project/airr_calculation/tcr_quant/results/mixcr_RS-04378689.assembleContigs.report.json --threads 12 /projects/rpci/songyao/pnfioric/arc_project/airr_calculation/tcr_quant/results/mixcr_RS-04378689.clna /projects/rpci/songyao/pnfioric/arc_project/airr_calculation/tcr_quant/results/mixcr_RS-04378689.contigs.clns
Assembling contigs: 0%
================= report: assembleContigs =================
Analysis time: 157ms
Initial clonotype count: 33
Final clonotype count: 33 (100%)
Canceled assemblies: 0 (0%)
Clones filtered out after assemble: 0 (0%)
Number of premature termination assembly events, percent of number of initial clonotypes: 0.0 (0%)
Longest contig length: 196
Clustered variants: 0 (0%)
Reads in clustered variants: 0.0 (0%)
Reads in divided (newly created) clones: 0.0 (0%)
Clones with ambiguous letters in splitting region: 0 (0%)
Reads in clones with ambiguous letters in splitting region: 0.0 (0%)
Average number of ambiguous letters per clone with ambiguous letters in splitting region: NaN
Clones combined after clustering: 0 (0%)

>>>>>>>>>>>>>>>>>>>>>>>>> mixcr qc <<<<<<<<<<<<<<<<<<<<<<<<<
Running:
mixcr qc --print-to-stdout /projects/rpci/songyao/pnfioric/arc_project/airr_calculation/tcr_quant/results/mixcr_RS-04378689.contigs.clns /projects/rpci/songyao/pnfioric/arc_project/airr_calculation/tcr_quant/results/mixcr_RS-04378689.qc.txt /projects/rpci/songyao/pnfioric/arc_project/airr_calculation/tcr_quant/results/mixcr_RS-04378689.qc.json

  Alignments dropped due to low sequence quality: 0.0% [OK]

>>>>>>>>>>>>>>>>>>>> mixcr exportClones <<<<<<<<<<<<<<<<<<<<
Running:
mixcr exportClones /projects/rpci/songyao/pnfioric/arc_project/airr_calculation/tcr_quant/results/mixcr_RS-04378689.contigs.clns /projects/rpci/songyao/pnfioric/arc_project/airr_calculation/tcr_quant/results/mixcr_RS-04378689.clones.tsv
Analysis finished successfully.
===============================
Visualize results and simplify your immune data analysis with a convenient UI.
Explore and install Platforma.bio here: https://platforma.bio
