Exporting TRB
Exporting clones: 14.3%
Filtered 7 of 594 clones (98.82%).
Filtered 10.0 of 1319.0 reads (99.24%).
Exporting TRA
Exporting clones: 20%
Filtered 10 of 594 clones (98.32%).
Filtered 14.0 of 1319.0 reads (98.94%).
Exporting IGH
Exporting clones: 0.7%
Filtered 134 of 594 clones (77.44%).
Filtered 251.0 of 1319.0 reads (80.97%).
Exporting TRG
Exporting clones: 100%
Filtered 1 of 594 clones (99.83%).
Filtered 2.0 of 1319.0 reads (99.85%).
Exporting IGL
Exporting clones: 0.9%
Filtered 111 of 594 clones (81.31%).
Filtered 256.0 of 1319.0 reads (80.59%).
Exporting IGK
Exporting clones: 0.3%
Filtered 331 of 594 clones (44.28%).
Filtered 786.0 of 1319.0 reads (40.41%).
