Exporting TRB
Exporting clones: 7.1%
Filtered 14 of 270 clones (94.81%).
Filtered 25.0 of 831.0 reads (96.99%).
Exporting TRA
Exporting clones: 9.1%
Filtered 11 of 270 clones (95.93%).
Filtered 26.0 of 831.0 reads (96.87%).
Exporting IGH
Exporting clones: 1.6%
Filtered 64 of 270 clones (76.3%).
Filtered 212.0 of 831.0 reads (74.49%).
Exporting TRG
Exporting clones: 16.7%
Filtered 6 of 270 clones (97.78%).
Filtered 25.0 of 831.0 reads (96.99%).
Exporting IGL
Exporting clones: 2.2%
Filtered 45 of 270 clones (83.33%).
Filtered 178.0 of 831.0 reads (78.58%).
Exporting IGK
Exporting clones: 0.8%
Filtered 130 of 270 clones (51.85%).
Filtered 365.0 of 831.0 reads (56.08%).
