Exporting TRB
Exporting clones: 100%
Filtered 1 of 204 clones (99.51%).
Filtered 1.0 of 630.0 reads (99.84%).
Exporting TRA
Exporting clones: 100%
Filtered 1 of 204 clones (99.51%).
Filtered 1.0 of 630.0 reads (99.84%).
Exporting IGH
Exporting clones: 2.6%
Filtered 39 of 204 clones (80.88%).
Filtered 111.0 of 630.0 reads (82.38%).
Exporting TRG
Exporting clones: 100%
Filtered 1 of 204 clones (99.51%).
Filtered 1.0 of 630.0 reads (99.84%).
Exporting IGL
Exporting clones: 2.2%
Filtered 46 of 204 clones (77.45%).
Filtered 152.0 of 630.0 reads (75.87%).
Exporting IGK
Exporting clones: 0.9%
Filtered 116 of 204 clones (43.14%).
Filtered 364.0 of 630.0 reads (42.22%).
