WARNING: sun.reflect.Reflection.getCallerClass is not supported. This will impact performance.

>>>>>>>>>>>>>>>>>>>>>>> mixcr align <<<<<<<<<<<<<<<<<<<<<<<
Running:
mixcr align --report /projects/rpci/songyao/pnfioric/arc_project/airr_calculation/tcr_quant/results/mixcr_RS-04378723.align.report.txt --json-report /projects/rpci/songyao/pnfioric/arc_project/airr_calculation/tcr_quant/results/mixcr_RS-04378723.align.report.json --threads 12 --preset rna-seq --save-output-file-names /projects/rpci/songyao/pnfioric/arc_project/airr_calculation/tcr_quant/results/mixcr_RS-04378723.align.list.tsv --species hsa /projects/rpci/songyao/pnfioric/arc_project/airr_calculation/fastq_files/RS-04378723/RS-04378723_HAYS06009257-B1_RS-03901857_S116_R1_001.fastq.gz /projects/rpci/songyao/pnfioric/arc_project/airr_calculation/fastq_files/RS-04378723/RS-04378723_HAYS06009257-B1_RS-03901857_S116_R2_001.fastq.gz /projects/rpci/songyao/pnfioric/arc_project/airr_calculation/tcr_quant/results/mixcr_RS-04378723.alignments.vdjca
Alignment: 0%
Alignment: 2.9%  ETA: 01:06:45
Alignment: 5.8%  ETA: 01:04:08
Alignment: 8.8%  ETA: 01:02:08
Alignment: 11.6%  ETA: 01:01:55
Alignment: 14.5%  ETA: 00:59:19
Alignment: 17.4%  ETA: 00:57:19
Alignment: 20.3%  ETA: 00:54:47
Alignment: 23.2%  ETA: 00:52:16
Alignment: 26.1%  ETA: 00:51:46
Alignment: 29%  ETA: 00:49:17
Alignment: 31.9%  ETA: 00:47:17
Alignment: 34.8%  ETA: 00:44:50
Alignment: 37.7%  ETA: 00:42:25
Alignment: 40.6%  ETA: 00:40:49
Alignment: 43.6%  ETA: 00:38:26
Alignment: 46.5%  ETA: 00:36:48
Alignment: 49.4%  ETA: 00:34:48
Alignment: 52.3%  ETA: 00:32:48
Alignment: 55.2%  ETA: 00:31:06
Alignment: 58.1%  ETA: 00:29:06
Alignment: 60.9%  ETA: 00:27:06
Alignment: 63.8%  ETA: 00:24:51
Alignment: 66.7%  ETA: 00:23:05
Alignment: 69.6%  ETA: 00:20:52
Alignment: 72.5%  ETA: 00:19:04
Alignment: 75.4%  ETA: 00:16:53
Alignment: 78.3%  ETA: 00:15:13
Alignment: 81.2%  ETA: 00:13:04
Alignment: 84%  ETA: 00:11:04
Alignment: 87%  ETA: 00:08:58
Alignment: 89.8%  ETA: 00:07:03
Alignment: 92.7%  ETA: 00:05:03
Alignment: 95.6%  ETA: 00:03:06
Alignment: 98.6%  ETA: 00:00:57
====================== report: align ======================
Analysis time: 69.05m
Total sequencing reads: 71284457
Successfully aligned reads: 3045 (0%)
Coverage (percent of successfully aligned):
  CDR3: 1165 (38.26%)
  FR3_TO_FR4: 36 (1.18%)
  CDR2_TO_FR4: 2 (0.07%)
  FR2_TO_FR4: 0 (0%)
  CDR1_TO_FR4: 0 (0%)
  VDJRegion: 0 (0%)
Alignment failed: no hits (not TCR/IG?): 69584771 (97.62%)
Alignment failed: no CDR3 parts: 23848 (0.03%)
Alignment failed: low total score: 1672793 (2.35%)
Overlapped: 66675024 (93.53%)
Overlapped and aligned: 2913 (0%)
Overlapped and not aligned: 66672111 (93.53%)
Alignment-aided overlaps, percent of overlapped and aligned: 66 (2.27%)
No CDR3 parts alignments, percent of successfully aligned: 52 (1.71%)
Partial aligned reads, percent of successfully aligned: 1828 (60.03%)
Realigned with forced non-floating bound: 9218998 (12.93%)
Realigned with forced non-floating right bound in left read: 525 (0%)
Realigned with forced non-floating left bound in right read: 525 (0%)
TRA chains: 194 (6.37%)
TRA non-functional: 0 (0%)
TRB chains: 60 (1.97%)
TRB non-functional: 0 (0%)
TRG chains: 6 (0.2%)
TRG non-functional: 0 (0%)
IGH chains: 638 (20.95%)
IGH non-functional: 0 (0%)
TRAD chains: 2 (0.07%)
TRAD non-functional: 0 (0%)
IGK chains: 1576 (51.76%)
IGK non-functional: 3 (0.19%)
IGL chains: 569 (18.69%)
IGL non-functional: 0 (0%)
Trimming report:
  R1 reads trimmed left: 21356 (0.03%)
  R1 reads trimmed right: 24115 (0.03%)
  Average R1 nucleotides trimmed left: 0.005071372010310747
  Average R1 nucleotides trimmed right: 0.0056628193155767465
  R2 reads trimmed left: 21616 (0.03%)
  R2 reads trimmed right: 22811 (0.03%)
  Average R2 nucleotides trimmed left: 0.005001567171929218
  Average R2 nucleotides trimmed right: 0.005410716672780435

>>>>>>>>>>>>>>>>>> mixcr assemblePartial <<<<<<<<<<<<<<<<<<
Running:
mixcr assemblePartial --report /projects/rpci/songyao/pnfioric/arc_project/airr_calculation/tcr_quant/results/mixcr_RS-04378723.assemblePartial.report.txt --json-report /projects/rpci/songyao/pnfioric/arc_project/airr_calculation/tcr_quant/results/mixcr_RS-04378723.assemblePartial.report.json /projects/rpci/songyao/pnfioric/arc_project/airr_calculation/tcr_quant/results/mixcr_RS-04378723.alignments.vdjca /projects/rpci/songyao/pnfioric/arc_project/airr_calculation/tcr_quant/results/mixcr_RS-04378723.passembled.1.vdjca
Building index: 0%
Searching for overlaps: 0.3%
================= report: assemblePartial =================
Analysis time: 366ms
Total alignments analysed: 3045
Number of output alignments: 3040 (99.84%)
Alignments already with CDR3 (no overlapping is performed): 1189 (39.05%)
Successfully overlapped alignments: 5 (0.16%)
Left parts with too small N-region (failed to extract k-mer): 276 (9.06%)
Extracted k-mer diversity: 1070
Dropped due to wildcard in k-mer: 0 (0%)
Dropped due to too short NRegion parts in overlap: 1 (0.03%)
Dropped overlaps with empty N region due to no complete NDN coverage: 0 (0%)
Number of left-side alignments: 373 (12.25%)
Number of right-side alignments: 1203 (39.51%)
Complex overlaps: 0 (0%)
Over-overlaps: 0 (0%)
Partial alignments written to output: 1846 (60.62%)

>>>>>>>>>>>>>>>>>> mixcr assemblePartial <<<<<<<<<<<<<<<<<<
Running:
mixcr assemblePartial --report /projects/rpci/songyao/pnfioric/arc_project/airr_calculation/tcr_quant/results/mixcr_RS-04378723.assemblePartial.report.txt --json-report /projects/rpci/songyao/pnfioric/arc_project/airr_calculation/tcr_quant/results/mixcr_RS-04378723.assemblePartial.report.json /projects/rpci/songyao/pnfioric/arc_project/airr_calculation/tcr_quant/results/mixcr_RS-04378723.passembled.1.vdjca /projects/rpci/songyao/pnfioric/arc_project/airr_calculation/tcr_quant/results/mixcr_RS-04378723.passembled.2.vdjca
Building index: 0%
Searching for overlaps: 0.7%
================= report: assemblePartial =================
Analysis time: 86ms
Total alignments analysed: 3040
Number of output alignments: 3040 (100%)
Alignments already with CDR3 (no overlapping is performed): 1194 (39.28%)
Successfully overlapped alignments: 0 (0%)
Left parts with too small N-region (failed to extract k-mer): 276 (9.08%)
Extracted k-mer diversity: 995
Dropped due to wildcard in k-mer: 0 (0%)
Dropped due to too short NRegion parts in overlap: 1 (0.03%)
Dropped overlaps with empty N region due to no complete NDN coverage: 0 (0%)
Number of left-side alignments: 368 (12.11%)
Number of right-side alignments: 1198 (39.41%)
Complex overlaps: 0 (0%)
Over-overlaps: 0 (0%)
Partial alignments written to output: 1846 (60.72%)

>>>>>>>>>>>>>>>>>>>>>>> mixcr extend <<<<<<<<<<<<<<<<<<<<<<<
Running:
mixcr extend --report /projects/rpci/songyao/pnfioric/arc_project/airr_calculation/tcr_quant/results/mixcr_RS-04378723.extend.report.txt --json-report /projects/rpci/songyao/pnfioric/arc_project/airr_calculation/tcr_quant/results/mixcr_RS-04378723.extend.report.json --threads 12 /projects/rpci/songyao/pnfioric/arc_project/airr_calculation/tcr_quant/results/mixcr_RS-04378723.passembled.2.vdjca /projects/rpci/songyao/pnfioric/arc_project/airr_calculation/tcr_quant/results/mixcr_RS-04378723.extended.vdjca
Extending alignments: 0%
====================== report: extend ======================
Analysis time: 41ms
Extended alignments count: 0 (0%)
V extensions total: 0 (0%)
V extensions with merged targets: 0 (0%)
J extensions total: 0 (0%)
J extensions with merged targets: 0 (0%)
V+J extensions: 0 (0%)
Mean V extension length: NaN
Mean J extension length: NaN

>>>>>>>>>>>>>>>>>>>>>> mixcr assemble <<<<<<<<<<<<<<<<<<<<<<
Running:
mixcr assemble --report /projects/rpci/songyao/pnfioric/arc_project/airr_calculation/tcr_quant/results/mixcr_RS-04378723.assemble.report.txt --json-report /projects/rpci/songyao/pnfioric/arc_project/airr_calculation/tcr_quant/results/mixcr_RS-04378723.assemble.report.json /projects/rpci/songyao/pnfioric/arc_project/airr_calculation/tcr_quant/results/mixcr_RS-04378723.extended.vdjca /projects/rpci/songyao/pnfioric/arc_project/airr_calculation/tcr_quant/results/mixcr_RS-04378723.clna
Initialization: progress unknown
Initialization: progress unknown
===================== report: assemble =====================
Analysis time: 524ms
Final clonotype count: 102
Reads used in clonotypes, percent of total: 1158 (0%)
Average number of reads per clonotype: 11.35
Reads dropped due to the lack of a clone sequence, percent of total: 1870 (0%)
Reads dropped due to a too short clonal sequence, percent of total: 0 (0%)
Reads dropped due to low quality, percent of total: 0 (0%)
Reads dropped due to failed mapping, percent of total: 8 (0%)
Reads dropped with low quality clones, percent of total: 0 (0%)
Aligned reads processed: 1175
Reads used in clonotypes before clustering, percent of total: 1167 (0%)
Number of reads used as a core, percent of used: 1159 (99.31%)
Mapped low quality reads, percent of used: 8 (0.69%)
Reads clustered in PCR error correction, percent of used: 9 (0.77%)
Reads pre-clustered due to the similar VJC-lists, percent of used: 0 (0%)
Clonotypes dropped as low quality: 0
Clonotypes eliminated by PCR error correction: 4
Clonotypes pre-clustered due to the similar VJC-lists: 0
Clones dropped in post filtering: 0 (0%)
Reads dropped in post filtering: 0.0 (0%)
Reads filtered by tag prefix: 0 (0%)
TRA chains: 1 (0.98%)
TRA non-functional: 0 (0%)
TRB chains: 2 (1.96%)
TRB non-functional: 0 (0%)
IGH chains: 32 (31.37%)
IGH non-functional: 0 (0%)
IGK chains: 51 (50%)
IGK non-functional: 1 (1.96%)
IGL chains: 16 (15.69%)
IGL non-functional: 0 (0%)

>>>>>>>>>>>>>>>>>> mixcr assembleContigs <<<<<<<<<<<<<<<<<<
Running:
mixcr assembleContigs --report /projects/rpci/songyao/pnfioric/arc_project/airr_calculation/tcr_quant/results/mixcr_RS-04378723.assembleContigs.report.txt --json-report /projects/rpci/songyao/pnfioric/arc_project/airr_calculation/tcr_quant/results/mixcr_RS-04378723.assembleContigs.report.json --threads 12 /projects/rpci/songyao/pnfioric/arc_project/airr_calculation/tcr_quant/results/mixcr_RS-04378723.clna /projects/rpci/songyao/pnfioric/arc_project/airr_calculation/tcr_quant/results/mixcr_RS-04378723.contigs.clns
Assembling contigs: 0%
================= report: assembleContigs =================
Analysis time: 451ms
Initial clonotype count: 102
Final clonotype count: 102 (100%)
Canceled assemblies: 0 (0%)
Clones filtered out after assemble: 0 (0%)
Number of premature termination assembly events, percent of number of initial clonotypes: 0.0 (0%)
Longest contig length: 339
Clustered variants: 0 (0%)
Reads in clustered variants: 0.0 (0%)
Reads in divided (newly created) clones: 0.0 (0%)
Clones with ambiguous letters in splitting region: 0 (0%)
Reads in clones with ambiguous letters in splitting region: 0.0 (0%)
Average number of ambiguous letters per clone with ambiguous letters in splitting region: NaN
Clones combined after clustering: 0 (0%)

>>>>>>>>>>>>>>>>>>>>>>>>> mixcr qc <<<<<<<<<<<<<<<<<<<<<<<<<
Running:
mixcr qc --print-to-stdout /projects/rpci/songyao/pnfioric/arc_project/airr_calculation/tcr_quant/results/mixcr_RS-04378723.contigs.clns /projects/rpci/songyao/pnfioric/arc_project/airr_calculation/tcr_quant/results/mixcr_RS-04378723.qc.txt /projects/rpci/songyao/pnfioric/arc_project/airr_calculation/tcr_quant/results/mixcr_RS-04378723.qc.json

  Alignments dropped due to low sequence quality: 0.0% [OK]

>>>>>>>>>>>>>>>>>>>> mixcr exportClones <<<<<<<<<<<<<<<<<<<<
Running:
mixcr exportClones /projects/rpci/songyao/pnfioric/arc_project/airr_calculation/tcr_quant/results/mixcr_RS-04378723.contigs.clns /projects/rpci/songyao/pnfioric/arc_project/airr_calculation/tcr_quant/results/mixcr_RS-04378723.clones.tsv
Analysis finished successfully.
===============================
Visualize results and simplify your immune data analysis with a convenient UI.
Explore and install Platforma.bio here: https://platforma.bio
