WARNING: sun.reflect.Reflection.getCallerClass is not supported. This will impact performance.

>>>>>>>>>>>>>>>>>>>>>>> mixcr align <<<<<<<<<<<<<<<<<<<<<<<
Running:
mixcr align --report /projects/rpci/songyao/pnfioric/arc_project/airr_calculation/tcr_quant/results/mixcr_RS-04396828.align.report.txt --json-report /projects/rpci/songyao/pnfioric/arc_project/airr_calculation/tcr_quant/results/mixcr_RS-04396828.align.report.json --threads 12 --preset rna-seq --save-output-file-names /projects/rpci/songyao/pnfioric/arc_project/airr_calculation/tcr_quant/results/mixcr_RS-04396828.align.list.tsv --species hsa /projects/rpci/songyao/pnfioric/arc_project/airr_calculation/fastq_files/RS-04396828/RS-04396828_224_RS-04078914_S167_R1_001.fastq.gz /projects/rpci/songyao/pnfioric/arc_project/airr_calculation/fastq_files/RS-04396828/RS-04396828_224_RS-04078914_S167_R2_001.fastq.gz /projects/rpci/songyao/pnfioric/arc_project/airr_calculation/tcr_quant/results/mixcr_RS-04396828.alignments.vdjca
Alignment: 0%
Alignment: 2.8%  ETA: 01:09:08
Alignment: 5.7%  ETA: 01:05:12
Alignment: 8.6%  ETA: 01:03:49
Alignment: 11.4%  ETA: 01:01:49
Alignment: 14.3%  ETA: 00:59:49
Alignment: 17.2%  ETA: 00:57:15
Alignment: 20.1%  ETA: 00:54:44
Alignment: 23.1%  ETA: 00:52:13
Alignment: 26%  ETA: 00:51:12
Alignment: 28.8%  ETA: 00:50:10
Alignment: 31.6%  ETA: 00:48:10
Alignment: 34.5%  ETA: 00:46:10
Alignment: 37.3%  ETA: 00:44:10
Alignment: 40.2%  ETA: 00:41:21
Alignment: 43.1%  ETA: 00:39:44
Alignment: 46%  ETA: 00:37:22
Alignment: 48.8%  ETA: 00:35:43
Alignment: 51.7%  ETA: 00:34:03
Alignment: 54.6%  ETA: 00:31:25
Alignment: 57.4%  ETA: 00:30:19
Alignment: 60.3%  ETA: 00:27:29
Alignment: 63.1%  ETA: 00:26:00
Alignment: 66%  ETA: 00:23:31
Alignment: 68.9%  ETA: 00:21:44
Alignment: 71.8%  ETA: 00:19:20
Alignment: 74.7%  ETA: 00:17:31
Alignment: 77.5%  ETA: 00:15:51
Alignment: 80.4%  ETA: 00:13:42
Alignment: 83.2%  ETA: 00:11:50
Alignment: 86.1%  ETA: 00:09:43
Alignment: 89%  ETA: 00:07:32
Alignment: 91.9%  ETA: 00:05:28
Alignment: 94.9%  ETA: 00:03:28
Alignment: 97.8%  ETA: 00:01:28
====================== report: align ======================
Analysis time: 69.53m
Total sequencing reads: 71631136
Successfully aligned reads: 9812 (0.01%)
Coverage (percent of successfully aligned):
  CDR3: 1160 (11.82%)
  FR3_TO_FR4: 1 (0.01%)
  CDR2_TO_FR4: 0 (0%)
  FR2_TO_FR4: 0 (0%)
  CDR1_TO_FR4: 0 (0%)
  VDJRegion: 4 (0.04%)
Alignment failed: no hits (not TCR/IG?): 68952636 (96.26%)
Alignment failed: no CDR3 parts: 36001 (0.05%)
Alignment failed: low total score: 2632687 (3.68%)
Overlapped: 65464485 (91.39%)
Overlapped and aligned: 9277 (0.01%)
Overlapped and not aligned: 65455208 (91.38%)
Alignment-aided overlaps, percent of overlapped and aligned: 99 (1.07%)
No CDR3 parts alignments, percent of successfully aligned: 84 (0.86%)
Partial aligned reads, percent of successfully aligned: 8568 (87.32%)
V gene chimeras: 3 (0%)
Realigned with forced non-floating bound: 12333500 (17.22%)
Realigned with forced non-floating right bound in left read: 1360 (0%)
Realigned with forced non-floating left bound in right read: 1360 (0%)
TRA chains: 3219 (32.81%)
TRA non-functional: 6 (0.19%)
TRB chains: 841 (8.57%)
TRB non-functional: 1 (0.12%)
TRD chains: 8 (0.08%)
TRD non-functional: 0 (0%)
TRG chains: 79 (0.81%)
TRG non-functional: 9 (11.39%)
IGH chains: 2775 (28.28%)
IGH non-functional: 17 (0.61%)
TRAD chains: 73 (0.74%)
TRAD non-functional: 0 (0%)
IGK chains: 1209 (12.32%)
IGK non-functional: 54 (4.47%)
IGL chains: 1608 (16.39%)
IGL non-functional: 3 (0.19%)
Trimming report:
  R1 reads trimmed left: 157802 (0.22%)
  R1 reads trimmed right: 165406 (0.23%)
  Average R1 nucleotides trimmed left: 0.03744652325491529
  Average R1 nucleotides trimmed right: 0.041946898622409114
  R2 reads trimmed left: 158575 (0.22%)
  R2 reads trimmed right: 161468 (0.23%)
  Average R2 nucleotides trimmed left: 0.03700815243248411
  Average R2 nucleotides trimmed right: 0.03961231328231343

>>>>>>>>>>>>>>>>>> mixcr assemblePartial <<<<<<<<<<<<<<<<<<
Running:
mixcr assemblePartial --report /projects/rpci/songyao/pnfioric/arc_project/airr_calculation/tcr_quant/results/mixcr_RS-04396828.assemblePartial.report.txt --json-report /projects/rpci/songyao/pnfioric/arc_project/airr_calculation/tcr_quant/results/mixcr_RS-04396828.assemblePartial.report.json /projects/rpci/songyao/pnfioric/arc_project/airr_calculation/tcr_quant/results/mixcr_RS-04396828.alignments.vdjca /projects/rpci/songyao/pnfioric/arc_project/airr_calculation/tcr_quant/results/mixcr_RS-04396828.passembled.1.vdjca
Building index: 0%
Searching for overlaps: 0%
================= report: assemblePartial =================
Analysis time: 375ms
Total alignments analysed: 9812
Number of output alignments: 9790 (99.78%)
Alignments already with CDR3 (no overlapping is performed): 1187 (12.1%)
Successfully overlapped alignments: 22 (0.22%)
Left parts with too small N-region (failed to extract k-mer): 1509 (15.38%)
Extracted k-mer diversity: 3805
Dropped due to wildcard in k-mer: 0 (0%)
Dropped due to too short NRegion parts in overlap: 47 (0.48%)
Dropped overlaps with empty N region due to no complete NDN coverage: 3 (0.03%)
Number of left-side alignments: 1258 (12.82%)
Number of right-side alignments: 5858 (59.7%)
Complex overlaps: 0 (0%)
Over-overlaps: 0 (0%)
Partial alignments written to output: 8581 (87.45%)

>>>>>>>>>>>>>>>>>> mixcr assemblePartial <<<<<<<<<<<<<<<<<<
Running:
mixcr assemblePartial --report /projects/rpci/songyao/pnfioric/arc_project/airr_calculation/tcr_quant/results/mixcr_RS-04396828.assemblePartial.report.txt --json-report /projects/rpci/songyao/pnfioric/arc_project/airr_calculation/tcr_quant/results/mixcr_RS-04396828.assemblePartial.report.json /projects/rpci/songyao/pnfioric/arc_project/airr_calculation/tcr_quant/results/mixcr_RS-04396828.passembled.1.vdjca /projects/rpci/songyao/pnfioric/arc_project/airr_calculation/tcr_quant/results/mixcr_RS-04396828.passembled.2.vdjca
Building index: 0%
Searching for overlaps: 0%
================= report: assemblePartial =================
Analysis time: 181ms
Total alignments analysed: 9790
Number of output alignments: 9790 (100%)
Alignments already with CDR3 (no overlapping is performed): 1209 (12.35%)
Successfully overlapped alignments: 0 (0%)
Left parts with too small N-region (failed to extract k-mer): 1509 (15.41%)
Extracted k-mer diversity: 3805
Dropped due to wildcard in k-mer: 0 (0%)
Dropped due to too short NRegion parts in overlap: 34 (0.35%)
Dropped overlaps with empty N region due to no complete NDN coverage: 3 (0.03%)
Number of left-side alignments: 1236 (12.63%)
Number of right-side alignments: 5836 (59.61%)
Complex overlaps: 0 (0%)
Over-overlaps: 0 (0%)
Partial alignments written to output: 8581 (87.65%)

>>>>>>>>>>>>>>>>>>>>>>> mixcr extend <<<<<<<<<<<<<<<<<<<<<<<
Running:
mixcr extend --report /projects/rpci/songyao/pnfioric/arc_project/airr_calculation/tcr_quant/results/mixcr_RS-04396828.extend.report.txt --json-report /projects/rpci/songyao/pnfioric/arc_project/airr_calculation/tcr_quant/results/mixcr_RS-04396828.extend.report.json --threads 12 /projects/rpci/songyao/pnfioric/arc_project/airr_calculation/tcr_quant/results/mixcr_RS-04396828.passembled.2.vdjca /projects/rpci/songyao/pnfioric/arc_project/airr_calculation/tcr_quant/results/mixcr_RS-04396828.extended.vdjca
Extending alignments: 0%
====================== report: extend ======================
Analysis time: 134ms
Extended alignments count: 4 (0.04%)
V extensions total: 0 (0%)
V extensions with merged targets: 0 (0%)
J extensions total: 4 (0.04%)
J extensions with merged targets: 0 (0%)
V+J extensions: 0 (0%)
Mean V extension length: NaN
Mean J extension length: 12.0

>>>>>>>>>>>>>>>>>>>>>> mixcr assemble <<<<<<<<<<<<<<<<<<<<<<
Running:
mixcr assemble --report /projects/rpci/songyao/pnfioric/arc_project/airr_calculation/tcr_quant/results/mixcr_RS-04396828.assemble.report.txt --json-report /projects/rpci/songyao/pnfioric/arc_project/airr_calculation/tcr_quant/results/mixcr_RS-04396828.assemble.report.json /projects/rpci/songyao/pnfioric/arc_project/airr_calculation/tcr_quant/results/mixcr_RS-04396828.extended.vdjca /projects/rpci/songyao/pnfioric/arc_project/airr_calculation/tcr_quant/results/mixcr_RS-04396828.clna
Initialization: progress unknown
Initialization: progress unknown
===================== report: assemble =====================
Analysis time: 907ms
Final clonotype count: 351
Reads used in clonotypes, percent of total: 1193 (0%)
Average number of reads per clonotype: 3.4
Reads dropped due to the lack of a clone sequence, percent of total: 8604 (0.01%)
Reads dropped due to a too short clonal sequence, percent of total: 0 (0%)
Reads dropped due to low quality, percent of total: 0 (0%)
Reads dropped due to failed mapping, percent of total: 14 (0%)
Reads dropped with low quality clones, percent of total: 0 (0%)
Aligned reads processed: 1208
Reads used in clonotypes before clustering, percent of total: 1194 (0%)
Number of reads used as a core, percent of used: 1185 (99.25%)
Mapped low quality reads, percent of used: 9 (0.75%)
Reads clustered in PCR error correction, percent of used: 1 (0.08%)
Reads pre-clustered due to the similar VJC-lists, percent of used: 0 (0%)
Clonotypes dropped as low quality: 0
Clonotypes eliminated by PCR error correction: 1
Clonotypes pre-clustered due to the similar VJC-lists: 0
Clones dropped in post filtering: 0 (0%)
Reads dropped in post filtering: 0.0 (0%)
Reads filtered by tag prefix: 0 (0%)
TRA chains: 17 (4.84%)
TRA non-functional: 4 (23.53%)
TRB chains: 11 (3.13%)
TRB non-functional: 0 (0%)
TRG chains: 6 (1.71%)
TRG non-functional: 3 (50%)
IGH chains: 91 (25.93%)
IGH non-functional: 6 (6.59%)
IGK chains: 146 (41.6%)
IGK non-functional: 13 (8.9%)
IGL chains: 80 (22.79%)
IGL non-functional: 1 (1.25%)

>>>>>>>>>>>>>>>>>> mixcr assembleContigs <<<<<<<<<<<<<<<<<<
Running:
mixcr assembleContigs --report /projects/rpci/songyao/pnfioric/arc_project/airr_calculation/tcr_quant/results/mixcr_RS-04396828.assembleContigs.report.txt --json-report /projects/rpci/songyao/pnfioric/arc_project/airr_calculation/tcr_quant/results/mixcr_RS-04396828.assembleContigs.report.json --threads 12 /projects/rpci/songyao/pnfioric/arc_project/airr_calculation/tcr_quant/results/mixcr_RS-04396828.clna /projects/rpci/songyao/pnfioric/arc_project/airr_calculation/tcr_quant/results/mixcr_RS-04396828.contigs.clns
Assembling contigs: 0%
================= report: assembleContigs =================
Analysis time: 466ms
Initial clonotype count: 351
Final clonotype count: 351 (100%)
Canceled assemblies: 0 (0%)
Clones filtered out after assemble: 0 (0%)
Number of premature termination assembly events, percent of number of initial clonotypes: 0.0 (0%)
Longest contig length: 333
Clustered variants: 0 (0%)
Reads in clustered variants: 0.0 (0%)
Reads in divided (newly created) clones: 0.0 (0%)
Clones with ambiguous letters in splitting region: 0 (0%)
Reads in clones with ambiguous letters in splitting region: 0.0 (0%)
Average number of ambiguous letters per clone with ambiguous letters in splitting region: NaN
Clones combined after clustering: 0 (0%)

>>>>>>>>>>>>>>>>>>>>>>>>> mixcr qc <<<<<<<<<<<<<<<<<<<<<<<<<
Running:
mixcr qc --print-to-stdout /projects/rpci/songyao/pnfioric/arc_project/airr_calculation/tcr_quant/results/mixcr_RS-04396828.contigs.clns /projects/rpci/songyao/pnfioric/arc_project/airr_calculation/tcr_quant/results/mixcr_RS-04396828.qc.txt /projects/rpci/songyao/pnfioric/arc_project/airr_calculation/tcr_quant/results/mixcr_RS-04396828.qc.json

  Alignments dropped due to low sequence quality: 0.0% [OK]

>>>>>>>>>>>>>>>>>>>> mixcr exportClones <<<<<<<<<<<<<<<<<<<<
Running:
mixcr exportClones /projects/rpci/songyao/pnfioric/arc_project/airr_calculation/tcr_quant/results/mixcr_RS-04396828.contigs.clns /projects/rpci/songyao/pnfioric/arc_project/airr_calculation/tcr_quant/results/mixcr_RS-04396828.clones.tsv
Analysis finished successfully.
===============================
Visualize results and simplify your immune data analysis with a convenient UI.
Explore and install Platforma.bio here: https://platforma.bio
