Exporting TRB
Exporting clones: 3.6%
Filtered 28 of 1847 clones (98.48%).
Filtered 136.0 of 24333.0 reads (99.44%).
Exporting TRA
Exporting clones: 3.7%
Filtered 27 of 1847 clones (98.54%).
Filtered 102.0 of 24333.0 reads (99.58%).
Exporting IGH
Exporting clones: 0.2%
Filtered 615 of 1847 clones (66.7%).
Filtered 5923.0 of 24333.0 reads (75.66%).
Exporting TRG
Exporting clones: 100%
Filtered 2 of 1847 clones (99.89%).
Filtered 20.0 of 24333.0 reads (99.92%).
Exporting IGL
Exporting clones: 0.5%
Filtered 396 of 1847 clones (78.56%).
Filtered 6138.0 of 24333.0 reads (74.77%).
Exporting IGK
Exporting clones: 0.5%
Filtered 779 of 1847 clones (57.82%).
Filtered 12014.0 of 24333.0 reads (50.63%).
