WARNING: sun.reflect.Reflection.getCallerClass is not supported. This will impact performance.

>>>>>>>>>>>>>>>>>>>>>>> mixcr align <<<<<<<<<<<<<<<<<<<<<<<
Running:
mixcr align --report /projects/rpci/songyao/pnfioric/arc_project/airr_calculation/tcr_quant/results/mixcr_RS-04378707.align.report.txt --json-report /projects/rpci/songyao/pnfioric/arc_project/airr_calculation/tcr_quant/results/mixcr_RS-04378707.align.report.json --threads 12 --preset rna-seq --save-output-file-names /projects/rpci/songyao/pnfioric/arc_project/airr_calculation/tcr_quant/results/mixcr_RS-04378707.align.list.tsv --species hsa /projects/rpci/songyao/pnfioric/arc_project/airr_calculation/fastq_files/RS-04378707/RS-04378707_99-123-B_RS-04208813_S100_R1_001.fastq.gz /projects/rpci/songyao/pnfioric/arc_project/airr_calculation/fastq_files/RS-04378707/RS-04378707_99-123-B_RS-04208813_S100_R2_001.fastq.gz /projects/rpci/songyao/pnfioric/arc_project/airr_calculation/tcr_quant/results/mixcr_RS-04378707.alignments.vdjca
Alignment: 0%
Alignment: 3.1%  ETA: 01:02:19
Alignment: 6.2%  ETA: 01:00:19
Alignment: 9.4%  ETA: 00:57:47
Alignment: 12.5%  ETA: 00:56:18
Alignment: 15.6%  ETA: 00:54:18
Alignment: 18.6%  ETA: 00:53:49
Alignment: 21.7%  ETA: 00:51:19
Alignment: 24.7%  ETA: 00:48:51
Alignment: 27.8%  ETA: 00:47:18
Alignment: 30.8%  ETA: 00:46:39
Alignment: 33.8%  ETA: 00:44:12
Alignment: 36.8%  ETA: 00:41:47
Alignment: 39.8%  ETA: 00:39:48
Alignment: 42.8%  ETA: 00:37:48
Alignment: 45.9%  ETA: 00:35:48
Alignment: 48.9%  ETA: 00:34:08
Alignment: 51.8%  ETA: 00:32:08
Alignment: 54.9%  ETA: 00:29:50
Alignment: 57.9%  ETA: 00:28:06
Alignment: 60.9%  ETA: 00:25:51
Alignment: 63.9%  ETA: 00:23:51
Alignment: 66.9%  ETA: 00:21:51
Alignment: 70%  ETA: 00:19:51
Alignment: 73%  ETA: 00:18:02
Alignment: 76%  ETA: 00:15:52
Alignment: 79%  ETA: 00:14:01
Alignment: 82%  ETA: 00:12:01
Alignment: 85%  ETA: 00:09:48
Alignment: 88%  ETA: 00:07:59
Alignment: 91.1%  ETA: 00:05:54
Alignment: 94.1%  ETA: 00:03:57
Alignment: 97.1%  ETA: 00:01:53
====================== report: align ======================
Analysis time: 65.95m
Total sequencing reads: 74162286
Successfully aligned reads: 4624 (0.01%)
Coverage (percent of successfully aligned):
  CDR3: 89 (1.92%)
  FR3_TO_FR4: 0 (0%)
  CDR2_TO_FR4: 0 (0%)
  FR2_TO_FR4: 0 (0%)
  CDR1_TO_FR4: 0 (0%)
  VDJRegion: 0 (0%)
Alignment failed: no hits (not TCR/IG?): 69465143 (93.67%)
Alignment failed: no CDR3 parts: 60367 (0.08%)
Alignment failed: low total score: 4632152 (6.25%)
Overlapped: 56593084 (76.31%)
Overlapped and aligned: 2498 (0%)
Overlapped and not aligned: 56590586 (76.31%)
Alignment-aided overlaps, percent of overlapped and aligned: 0 (0%)
No CDR3 parts alignments, percent of successfully aligned: 72 (1.56%)
Partial aligned reads, percent of successfully aligned: 4463 (96.52%)
V gene chimeras: 232 (0%)
Realigned with forced non-floating bound: 35138404 (47.38%)
Realigned with forced non-floating right bound in left read: 3033 (0%)
Realigned with forced non-floating left bound in right read: 3033 (0%)
TRA chains: 335 (7.24%)
TRA non-functional: 0 (0%)
TRB chains: 512 (11.07%)
TRB non-functional: 0 (0%)
TRD chains: 6 (0.13%)
TRD non-functional: 0 (0%)
IGH chains: 1430 (30.93%)
IGH non-functional: 0 (0%)
TRAD chains: 515 (11.14%)
TRAD non-functional: 0 (0%)
IGK chains: 1097 (23.72%)
IGK non-functional: 0 (0%)
IGL chains: 729 (15.77%)
IGL non-functional: 0 (0%)
Trimming report:
  R1 reads trimmed left: 5291835 (7.14%)
  R1 reads trimmed right: 5396789 (7.28%)
  Average R1 nucleotides trimmed left: 1.2130160335133142
  Average R1 nucleotides trimmed right: 1.2911281618260797
  R2 reads trimmed left: 5244766 (7.07%)
  R2 reads trimmed right: 5346674 (7.21%)
  Average R2 nucleotides trimmed left: 1.2021179740872605
  Average R2 nucleotides trimmed right: 1.279369840352548

>>>>>>>>>>>>>>>>>> mixcr assemblePartial <<<<<<<<<<<<<<<<<<
Running:
mixcr assemblePartial --report /projects/rpci/songyao/pnfioric/arc_project/airr_calculation/tcr_quant/results/mixcr_RS-04378707.assemblePartial.report.txt --json-report /projects/rpci/songyao/pnfioric/arc_project/airr_calculation/tcr_quant/results/mixcr_RS-04378707.assemblePartial.report.json /projects/rpci/songyao/pnfioric/arc_project/airr_calculation/tcr_quant/results/mixcr_RS-04378707.alignments.vdjca /projects/rpci/songyao/pnfioric/arc_project/airr_calculation/tcr_quant/results/mixcr_RS-04378707.passembled.1.vdjca
Building index: 0%
Searching for overlaps: 0%
================= report: assemblePartial =================
Analysis time: 267ms
Total alignments analysed: 4624
Number of output alignments: 4624 (100%)
Alignments already with CDR3 (no overlapping is performed): 89 (1.92%)
Successfully overlapped alignments: 0 (0%)
Left parts with too small N-region (failed to extract k-mer): 1140 (24.65%)
Extracted k-mer diversity: 1991
Dropped due to wildcard in k-mer: 0 (0%)
Dropped due to too short NRegion parts in overlap: 0 (0%)
Dropped overlaps with empty N region due to no complete NDN coverage: 0 (0%)
Number of left-side alignments: 2838 (61.38%)
Number of right-side alignments: 557 (12.05%)
Complex overlaps: 0 (0%)
Over-overlaps: 0 (0%)
Partial alignments written to output: 4535 (98.08%)

>>>>>>>>>>>>>>>>>> mixcr assemblePartial <<<<<<<<<<<<<<<<<<
Running:
mixcr assemblePartial --report /projects/rpci/songyao/pnfioric/arc_project/airr_calculation/tcr_quant/results/mixcr_RS-04378707.assemblePartial.report.txt --json-report /projects/rpci/songyao/pnfioric/arc_project/airr_calculation/tcr_quant/results/mixcr_RS-04378707.assemblePartial.report.json /projects/rpci/songyao/pnfioric/arc_project/airr_calculation/tcr_quant/results/mixcr_RS-04378707.passembled.1.vdjca /projects/rpci/songyao/pnfioric/arc_project/airr_calculation/tcr_quant/results/mixcr_RS-04378707.passembled.2.vdjca
Building index: 0%
Searching for overlaps: 0.1%
================= report: assemblePartial =================
Analysis time: 183ms
Total alignments analysed: 4624
Number of output alignments: 4624 (100%)
Alignments already with CDR3 (no overlapping is performed): 89 (1.92%)
Successfully overlapped alignments: 0 (0%)
Left parts with too small N-region (failed to extract k-mer): 1140 (24.65%)
Extracted k-mer diversity: 1991
Dropped due to wildcard in k-mer: 0 (0%)
Dropped due to too short NRegion parts in overlap: 0 (0%)
Dropped overlaps with empty N region due to no complete NDN coverage: 0 (0%)
Number of left-side alignments: 2838 (61.38%)
Number of right-side alignments: 557 (12.05%)
Complex overlaps: 0 (0%)
Over-overlaps: 0 (0%)
Partial alignments written to output: 4535 (98.08%)

>>>>>>>>>>>>>>>>>>>>>>> mixcr extend <<<<<<<<<<<<<<<<<<<<<<<
Running:
mixcr extend --report /projects/rpci/songyao/pnfioric/arc_project/airr_calculation/tcr_quant/results/mixcr_RS-04378707.extend.report.txt --json-report /projects/rpci/songyao/pnfioric/arc_project/airr_calculation/tcr_quant/results/mixcr_RS-04378707.extend.report.json --threads 12 /projects/rpci/songyao/pnfioric/arc_project/airr_calculation/tcr_quant/results/mixcr_RS-04378707.passembled.2.vdjca /projects/rpci/songyao/pnfioric/arc_project/airr_calculation/tcr_quant/results/mixcr_RS-04378707.extended.vdjca
Extending alignments: 0%
====================== report: extend ======================
Analysis time: 74ms
Extended alignments count: 0 (0%)
V extensions total: 0 (0%)
V extensions with merged targets: 0 (0%)
J extensions total: 0 (0%)
J extensions with merged targets: 0 (0%)
V+J extensions: 0 (0%)
Mean V extension length: NaN
Mean J extension length: NaN

>>>>>>>>>>>>>>>>>>>>>> mixcr assemble <<<<<<<<<<<<<<<<<<<<<<
Running:
mixcr assemble --report /projects/rpci/songyao/pnfioric/arc_project/airr_calculation/tcr_quant/results/mixcr_RS-04378707.assemble.report.txt --json-report /projects/rpci/songyao/pnfioric/arc_project/airr_calculation/tcr_quant/results/mixcr_RS-04378707.assemble.report.json /projects/rpci/songyao/pnfioric/arc_project/airr_calculation/tcr_quant/results/mixcr_RS-04378707.extended.vdjca /projects/rpci/songyao/pnfioric/arc_project/airr_calculation/tcr_quant/results/mixcr_RS-04378707.clna
Initialization: progress unknown
Initialization: progress unknown
===================== report: assemble =====================
Analysis time: 414ms
Final clonotype count: 1
Reads used in clonotypes, percent of total: 89 (0%)
Average number of reads per clonotype: 89
Reads dropped due to the lack of a clone sequence, percent of total: 4535 (0.01%)
Reads dropped due to a too short clonal sequence, percent of total: 0 (0%)
Reads dropped due to low quality, percent of total: 0 (0%)
Reads dropped due to failed mapping, percent of total: 0 (0%)
Reads dropped with low quality clones, percent of total: 0 (0%)
Aligned reads processed: 89
Reads used in clonotypes before clustering, percent of total: 89 (0%)
Number of reads used as a core, percent of used: 89 (100%)
Mapped low quality reads, percent of used: 0 (0%)
Reads clustered in PCR error correction, percent of used: 0 (0%)
Reads pre-clustered due to the similar VJC-lists, percent of used: 0 (0%)
Clonotypes dropped as low quality: 0
Clonotypes eliminated by PCR error correction: 0
Clonotypes pre-clustered due to the similar VJC-lists: 0
Clones dropped in post filtering: 0 (0%)
Reads dropped in post filtering: 0.0 (0%)
Reads filtered by tag prefix: 0 (0%)
IGK chains: 1 (100%)
IGK non-functional: 0 (0%)

>>>>>>>>>>>>>>>>>> mixcr assembleContigs <<<<<<<<<<<<<<<<<<
Running:
mixcr assembleContigs --report /projects/rpci/songyao/pnfioric/arc_project/airr_calculation/tcr_quant/results/mixcr_RS-04378707.assembleContigs.report.txt --json-report /projects/rpci/songyao/pnfioric/arc_project/airr_calculation/tcr_quant/results/mixcr_RS-04378707.assembleContigs.report.json --threads 12 /projects/rpci/songyao/pnfioric/arc_project/airr_calculation/tcr_quant/results/mixcr_RS-04378707.clna /projects/rpci/songyao/pnfioric/arc_project/airr_calculation/tcr_quant/results/mixcr_RS-04378707.contigs.clns
Assembling contigs: 0%
================= report: assembleContigs =================
Analysis time: 150ms
Initial clonotype count: 1
Final clonotype count: 1 (100%)
Canceled assemblies: 0 (0%)
Clones filtered out after assemble: 0 (0%)
Number of premature termination assembly events, percent of number of initial clonotypes: 0.0 (0%)
Longest contig length: 95
Clustered variants: 0 (0%)
Reads in clustered variants: 0.0 (0%)
Reads in divided (newly created) clones: 0.0 (0%)
Clones with ambiguous letters in splitting region: 0 (0%)
Reads in clones with ambiguous letters in splitting region: 0.0 (0%)
Average number of ambiguous letters per clone with ambiguous letters in splitting region: NaN
Clones combined after clustering: 0 (0%)

>>>>>>>>>>>>>>>>>>>>>>>>> mixcr qc <<<<<<<<<<<<<<<<<<<<<<<<<
Running:
mixcr qc --print-to-stdout /projects/rpci/songyao/pnfioric/arc_project/airr_calculation/tcr_quant/results/mixcr_RS-04378707.contigs.clns /projects/rpci/songyao/pnfioric/arc_project/airr_calculation/tcr_quant/results/mixcr_RS-04378707.qc.txt /projects/rpci/songyao/pnfioric/arc_project/airr_calculation/tcr_quant/results/mixcr_RS-04378707.qc.json

  Alignments dropped due to low sequence quality: 0.0% [OK]

>>>>>>>>>>>>>>>>>>>> mixcr exportClones <<<<<<<<<<<<<<<<<<<<
Running:
mixcr exportClones /projects/rpci/songyao/pnfioric/arc_project/airr_calculation/tcr_quant/results/mixcr_RS-04378707.contigs.clns /projects/rpci/songyao/pnfioric/arc_project/airr_calculation/tcr_quant/results/mixcr_RS-04378707.clones.tsv
Analysis finished successfully.
===============================
Visualize results and simplify your immune data analysis with a convenient UI.
Explore and install Platforma.bio here: https://platforma.bio
