Exporting TRB
Exporting clones: 9.1%
Filtered 11 of 351 clones (96.87%).
Filtered 31.0 of 1193.0 reads (97.4%).
Exporting TRA
Exporting clones: 5.9%
Filtered 17 of 351 clones (95.16%).
Filtered 33.0 of 1193.0 reads (97.23%).
Exporting IGH
Exporting clones: 1.1%
Filtered 91 of 351 clones (74.07%).
Filtered 290.0 of 1193.0 reads (75.69%).
Exporting TRG
Exporting clones: 33.3%
Filtered 6 of 351 clones (98.29%).
Filtered 17.0 of 1193.0 reads (98.58%).
Exporting IGL
Exporting clones: 2.5%
Filtered 80 of 351 clones (77.21%).
Filtered 337.0 of 1193.0 reads (71.75%).
Exporting IGK
Exporting clones: 0.7%
Filtered 146 of 351 clones (58.4%).
Filtered 485.0 of 1193.0 reads (59.35%).
