Exporting TRB
Exporting clones: 14.3%
Filtered 7 of 199 clones (96.48%).
Filtered 8.0 of 354.0 reads (97.74%).
Exporting TRA
Exporting clones: 25%
Filtered 4 of 199 clones (97.99%).
Filtered 8.0 of 354.0 reads (97.74%).
Exporting IGH
Exporting clones: 1.8%
Filtered 55 of 199 clones (72.36%).
Filtered 96.0 of 354.0 reads (72.88%).
Exporting IGL
Exporting clones: 2.4%
Filtered 41 of 199 clones (79.4%).
Filtered 68.0 of 354.0 reads (80.79%).
Exporting IGK
Exporting clones: 1.1%
Filtered 92 of 199 clones (53.77%).
Filtered 174.0 of 354.0 reads (50.85%).
