WARNING: sun.reflect.Reflection.getCallerClass is not supported. This will impact performance.

>>>>>>>>>>>>>>>>>>>>>>> mixcr align <<<<<<<<<<<<<<<<<<<<<<<
Running:
mixcr align --report /projects/rpci/songyao/pnfioric/arc_project/airr_calculation/tcr_quant/results/mixcr_RS-04396760.align.report.txt --json-report /projects/rpci/songyao/pnfioric/arc_project/airr_calculation/tcr_quant/results/mixcr_RS-04396760.align.report.json --threads 12 --preset rna-seq --save-output-file-names /projects/rpci/songyao/pnfioric/arc_project/airr_calculation/tcr_quant/results/mixcr_RS-04396760.align.list.tsv --species hsa /projects/rpci/songyao/pnfioric/arc_project/airr_calculation/fastq_files/RS-04396760/RS-04396760_Vl953-96-All_RS-04178225_S99_R1_001.fastq.gz /projects/rpci/songyao/pnfioric/arc_project/airr_calculation/fastq_files/RS-04396760/RS-04396760_Vl953-96-All_RS-04178225_S99_R2_001.fastq.gz /projects/rpci/songyao/pnfioric/arc_project/airr_calculation/tcr_quant/results/mixcr_RS-04396760.alignments.vdjca
Alignment: 0%
Alignment: 5.5%  ETA: 00:34:28
Alignment: 11.1%  ETA: 00:31:56
Alignment: 16.6%  ETA: 00:29:56
Alignment: 22.2%  ETA: 00:27:42
Alignment: 27.8%  ETA: 00:26:08
Alignment: 33.2%  ETA: 00:24:20
Alignment: 38.6%  ETA: 00:22:44
Alignment: 44.2%  ETA: 00:20:01
Alignment: 49.7%  ETA: 00:18:30
Alignment: 55.1%  ETA: 00:16:21
Alignment: 60.7%  ETA: 00:14:14
Alignment: 66.2%  ETA: 00:12:13
Alignment: 71.7%  ETA: 00:10:14
Alignment: 77.3%  ETA: 00:08:09
Alignment: 82.8%  ETA: 00:06:16
Alignment: 88.2%  ETA: 00:04:20
Alignment: 93.8%  ETA: 00:02:13
Alignment: 99.3%  ETA: 00:00:14
====================== report: align ======================
Analysis time: 36.29m
Total sequencing reads: 61546945
Successfully aligned reads: 2809 (0%)
Coverage (percent of successfully aligned):
  CDR3: 283 (10.07%)
  FR3_TO_FR4: 0 (0%)
  CDR2_TO_FR4: 0 (0%)
  FR2_TO_FR4: 0 (0%)
  CDR1_TO_FR4: 0 (0%)
  VDJRegion: 0 (0%)
Alignment failed: no hits (not TCR/IG?): 60503746 (98.31%)
Alignment failed: no CDR3 parts: 10746 (0.02%)
Alignment failed: low total score: 1029644 (1.67%)
Overlapped: 26853312 (43.63%)
Overlapped and aligned: 2252 (0%)
Overlapped and not aligned: 26851060 (43.63%)
Alignment-aided overlaps, percent of overlapped and aligned: 0 (0%)
No CDR3 parts alignments, percent of successfully aligned: 131 (4.66%)
Partial aligned reads, percent of successfully aligned: 2395 (85.26%)
Realigned with forced non-floating bound: 69387266 (112.74%)
Realigned with forced non-floating right bound in left read: 531 (0%)
Realigned with forced non-floating left bound in right read: 531 (0%)
TRA chains: 107 (3.81%)
TRA non-functional: 0 (0%)
TRB chains: 131 (4.66%)
TRB non-functional: 0 (0%)
TRG chains: 108 (3.84%)
TRG non-functional: 0 (0%)
IGH chains: 1544 (54.97%)
IGH non-functional: 0 (0%)
TRAD chains: 223 (7.94%)
TRAD non-functional: 0 (0%)
IGK chains: 402 (14.31%)
IGK non-functional: 0 (0%)
IGL chains: 294 (10.47%)
IGL non-functional: 0 (0%)
Trimming report:
  R1 reads trimmed left: 21817269 (35.45%)
  R1 reads trimmed right: 21957938 (35.68%)
  Average R1 nucleotides trimmed left: 6.0261900407891895
  Average R1 nucleotides trimmed right: 6.397027439786004
  R2 reads trimmed left: 21140066 (34.35%)
  R2 reads trimmed right: 21278185 (34.57%)
  Average R2 nucleotides trimmed left: 5.83877142886621
  Average R2 nucleotides trimmed right: 6.197283553229165

>>>>>>>>>>>>>>>>>> mixcr assemblePartial <<<<<<<<<<<<<<<<<<
Running:
mixcr assemblePartial --report /projects/rpci/songyao/pnfioric/arc_project/airr_calculation/tcr_quant/results/mixcr_RS-04396760.assemblePartial.report.txt --json-report /projects/rpci/songyao/pnfioric/arc_project/airr_calculation/tcr_quant/results/mixcr_RS-04396760.assemblePartial.report.json /projects/rpci/songyao/pnfioric/arc_project/airr_calculation/tcr_quant/results/mixcr_RS-04396760.alignments.vdjca /projects/rpci/songyao/pnfioric/arc_project/airr_calculation/tcr_quant/results/mixcr_RS-04396760.passembled.1.vdjca
Building index: 0%
Searching for overlaps: 0%
================= report: assemblePartial =================
Analysis time: 260ms
Total alignments analysed: 2809
Number of output alignments: 2809 (100%)
Alignments already with CDR3 (no overlapping is performed): 283 (10.07%)
Successfully overlapped alignments: 0 (0%)
Left parts with too small N-region (failed to extract k-mer): 1045 (37.2%)
Extracted k-mer diversity: 574
Dropped due to wildcard in k-mer: 0 (0%)
Dropped due to too short NRegion parts in overlap: 0 (0%)
Dropped overlaps with empty N region due to no complete NDN coverage: 0 (0%)
Number of left-side alignments: 996 (35.46%)
Number of right-side alignments: 354 (12.6%)
Complex overlaps: 0 (0%)
Over-overlaps: 0 (0%)
Partial alignments written to output: 2526 (89.93%)

>>>>>>>>>>>>>>>>>> mixcr assemblePartial <<<<<<<<<<<<<<<<<<
Running:
mixcr assemblePartial --report /projects/rpci/songyao/pnfioric/arc_project/airr_calculation/tcr_quant/results/mixcr_RS-04396760.assemblePartial.report.txt --json-report /projects/rpci/songyao/pnfioric/arc_project/airr_calculation/tcr_quant/results/mixcr_RS-04396760.assemblePartial.report.json /projects/rpci/songyao/pnfioric/arc_project/airr_calculation/tcr_quant/results/mixcr_RS-04396760.passembled.1.vdjca /projects/rpci/songyao/pnfioric/arc_project/airr_calculation/tcr_quant/results/mixcr_RS-04396760.passembled.2.vdjca
Building index: 0%
Searching for overlaps: 0.2%
================= report: assemblePartial =================
Analysis time: 86ms
Total alignments analysed: 2809
Number of output alignments: 2809 (100%)
Alignments already with CDR3 (no overlapping is performed): 283 (10.07%)
Successfully overlapped alignments: 0 (0%)
Left parts with too small N-region (failed to extract k-mer): 1045 (37.2%)
Extracted k-mer diversity: 574
Dropped due to wildcard in k-mer: 0 (0%)
Dropped due to too short NRegion parts in overlap: 0 (0%)
Dropped overlaps with empty N region due to no complete NDN coverage: 0 (0%)
Number of left-side alignments: 996 (35.46%)
Number of right-side alignments: 354 (12.6%)
Complex overlaps: 0 (0%)
Over-overlaps: 0 (0%)
Partial alignments written to output: 2526 (89.93%)

>>>>>>>>>>>>>>>>>>>>>>> mixcr extend <<<<<<<<<<<<<<<<<<<<<<<
Running:
mixcr extend --report /projects/rpci/songyao/pnfioric/arc_project/airr_calculation/tcr_quant/results/mixcr_RS-04396760.extend.report.txt --json-report /projects/rpci/songyao/pnfioric/arc_project/airr_calculation/tcr_quant/results/mixcr_RS-04396760.extend.report.json --threads 12 /projects/rpci/songyao/pnfioric/arc_project/airr_calculation/tcr_quant/results/mixcr_RS-04396760.passembled.2.vdjca /projects/rpci/songyao/pnfioric/arc_project/airr_calculation/tcr_quant/results/mixcr_RS-04396760.extended.vdjca
Extending alignments: 0%
====================== report: extend ======================
Analysis time: 23ms
Extended alignments count: 0 (0%)
V extensions total: 0 (0%)
V extensions with merged targets: 0 (0%)
J extensions total: 0 (0%)
J extensions with merged targets: 0 (0%)
V+J extensions: 0 (0%)
Mean V extension length: NaN
Mean J extension length: NaN

>>>>>>>>>>>>>>>>>>>>>> mixcr assemble <<<<<<<<<<<<<<<<<<<<<<
Running:
mixcr assemble --report /projects/rpci/songyao/pnfioric/arc_project/airr_calculation/tcr_quant/results/mixcr_RS-04396760.assemble.report.txt --json-report /projects/rpci/songyao/pnfioric/arc_project/airr_calculation/tcr_quant/results/mixcr_RS-04396760.assemble.report.json /projects/rpci/songyao/pnfioric/arc_project/airr_calculation/tcr_quant/results/mixcr_RS-04396760.extended.vdjca /projects/rpci/songyao/pnfioric/arc_project/airr_calculation/tcr_quant/results/mixcr_RS-04396760.clna
Initialization: progress unknown
Initialization: progress unknown
===================== report: assemble =====================
Analysis time: 352ms
Final clonotype count: 5
Reads used in clonotypes, percent of total: 283 (0%)
Average number of reads per clonotype: 56.6
Reads dropped due to the lack of a clone sequence, percent of total: 2526 (0%)
Reads dropped due to a too short clonal sequence, percent of total: 0 (0%)
Reads dropped due to low quality, percent of total: 0 (0%)
Reads dropped due to failed mapping, percent of total: 0 (0%)
Reads dropped with low quality clones, percent of total: 0 (0%)
Aligned reads processed: 283
Reads used in clonotypes before clustering, percent of total: 283 (0%)
Number of reads used as a core, percent of used: 281 (99.29%)
Mapped low quality reads, percent of used: 2 (0.71%)
Reads clustered in PCR error correction, percent of used: 0 (0%)
Reads pre-clustered due to the similar VJC-lists, percent of used: 0 (0%)
Clonotypes dropped as low quality: 0
Clonotypes eliminated by PCR error correction: 0
Clonotypes pre-clustered due to the similar VJC-lists: 0
Clones dropped in post filtering: 0 (0%)
Reads dropped in post filtering: 0.0 (0%)
Reads filtered by tag prefix: 0 (0%)
IGH chains: 2 (40%)
IGH non-functional: 0 (0%)
IGK chains: 3 (60%)
IGK non-functional: 0 (0%)

>>>>>>>>>>>>>>>>>> mixcr assembleContigs <<<<<<<<<<<<<<<<<<
Running:
mixcr assembleContigs --report /projects/rpci/songyao/pnfioric/arc_project/airr_calculation/tcr_quant/results/mixcr_RS-04396760.assembleContigs.report.txt --json-report /projects/rpci/songyao/pnfioric/arc_project/airr_calculation/tcr_quant/results/mixcr_RS-04396760.assembleContigs.report.json --threads 12 /projects/rpci/songyao/pnfioric/arc_project/airr_calculation/tcr_quant/results/mixcr_RS-04396760.clna /projects/rpci/songyao/pnfioric/arc_project/airr_calculation/tcr_quant/results/mixcr_RS-04396760.contigs.clns
Assembling contigs: 0%
================= report: assembleContigs =================
Analysis time: 162ms
Initial clonotype count: 5
Final clonotype count: 5 (100%)
Canceled assemblies: 0 (0%)
Clones filtered out after assemble: 0 (0%)
Number of premature termination assembly events, percent of number of initial clonotypes: 0.0 (0%)
Longest contig length: 134
Clustered variants: 0 (0%)
Reads in clustered variants: 0.0 (0%)
Reads in divided (newly created) clones: 0.0 (0%)
Clones with ambiguous letters in splitting region: 0 (0%)
Reads in clones with ambiguous letters in splitting region: 0.0 (0%)
Average number of ambiguous letters per clone with ambiguous letters in splitting region: NaN
Clones combined after clustering: 0 (0%)

>>>>>>>>>>>>>>>>>>>>>>>>> mixcr qc <<<<<<<<<<<<<<<<<<<<<<<<<
Running:
mixcr qc --print-to-stdout /projects/rpci/songyao/pnfioric/arc_project/airr_calculation/tcr_quant/results/mixcr_RS-04396760.contigs.clns /projects/rpci/songyao/pnfioric/arc_project/airr_calculation/tcr_quant/results/mixcr_RS-04396760.qc.txt /projects/rpci/songyao/pnfioric/arc_project/airr_calculation/tcr_quant/results/mixcr_RS-04396760.qc.json

  Alignments dropped due to low sequence quality: 0.0% [OK]

>>>>>>>>>>>>>>>>>>>> mixcr exportClones <<<<<<<<<<<<<<<<<<<<
Running:
mixcr exportClones /projects/rpci/songyao/pnfioric/arc_project/airr_calculation/tcr_quant/results/mixcr_RS-04396760.contigs.clns /projects/rpci/songyao/pnfioric/arc_project/airr_calculation/tcr_quant/results/mixcr_RS-04396760.clones.tsv
Analysis finished successfully.
===============================
Visualize results and simplify your immune data analysis with a convenient UI.
Explore and install Platforma.bio here: https://platforma.bio
