Exporting TRB
Exporting clones: 7.1%
Filtered 14 of 1443 clones (99.03%).
Filtered 22.0 of 6230.0 reads (99.65%).
Exporting TRA
Exporting clones: 8.3%
Filtered 12 of 1443 clones (99.17%).
Filtered 17.0 of 6230.0 reads (99.73%).
Exporting TRD
Exporting clones: 100%
Filtered 1 of 1443 clones (99.93%).
Filtered 2.0 of 6230.0 reads (99.97%).
Exporting IGH
Exporting clones: 0.2%
Filtered 416 of 1443 clones (71.17%).
Filtered 1475.0 of 6230.0 reads (76.32%).
Exporting TRG
Filtered 2 of 1443 clones (99.86%).
Filtered 2.0 of 6230.0 reads (99.97%).
Exporting IGL
Exporting clones: 0.3%
Filtered 327 of 1443 clones (77.34%).
Filtered 1901.0 of 6230.0 reads (69.49%).
Exporting IGK
Exporting clones: 0.4%
Filtered 671 of 1443 clones (53.5%).
Filtered 2811.0 of 6230.0 reads (54.88%).
