Exporting TRB
Exporting clones: 10%
Filtered 10 of 537 clones (98.14%).
Filtered 16.0 of 9654.0 reads (99.83%).
Exporting TRA
Exporting clones: 20%
Filtered 5 of 537 clones (99.07%).
Filtered 12.0 of 9654.0 reads (99.88%).
Exporting IGH
Exporting clones: 0.6%
Filtered 168 of 537 clones (68.72%).
Filtered 4987.0 of 9654.0 reads (48.34%).
Exporting IGL
Exporting clones: 1%
Filtered 98 of 537 clones (81.75%).
Filtered 376.0 of 9654.0 reads (96.11%).
Exporting IGK
Exporting clones: 0.4%
Filtered 256 of 537 clones (52.33%).
Filtered 4263.0 of 9654.0 reads (55.84%).
