Exporting TRB
Exporting clones: 33.3%
Filtered 3 of 299 clones (99%).
Filtered 13.0 of 1853.0 reads (99.3%).
Exporting TRA
Exporting clones: 25%
Filtered 4 of 299 clones (98.66%).
Filtered 18.0 of 1853.0 reads (99.03%).
Exporting IGH
Exporting clones: 1.3%
Filtered 78 of 299 clones (73.91%).
Filtered 429.0 of 1853.0 reads (76.85%).
Exporting IGL
Exporting clones: 1.4%
Filtered 73 of 299 clones (75.59%).
Filtered 419.0 of 1853.0 reads (77.39%).
Exporting IGK
Exporting clones: 0.7%
Filtered 141 of 299 clones (52.84%).
Filtered 974.0 of 1853.0 reads (47.44%).
