WARNING: sun.reflect.Reflection.getCallerClass is not supported. This will impact performance.

>>>>>>>>>>>>>>>>>>>>>>> mixcr align <<<<<<<<<<<<<<<<<<<<<<<
Running:
mixcr align --report /projects/rpci/songyao/pnfioric/arc_project/airr_calculation/tcr_quant/results/mixcr_RS-04430865.align.report.txt --json-report /projects/rpci/songyao/pnfioric/arc_project/airr_calculation/tcr_quant/results/mixcr_RS-04430865.align.report.json --threads 12 --preset rna-seq --save-output-file-names /projects/rpci/songyao/pnfioric/arc_project/airr_calculation/tcr_quant/results/mixcr_RS-04430865.align.list.tsv --species hsa /projects/rpci/songyao/pnfioric/arc_project/airr_calculation/fastq_files/RS-04430865/RS-04430865_SSFS10009287-A1_RS-03674694_S77_R1_001.fastq.gz /projects/rpci/songyao/pnfioric/arc_project/airr_calculation/fastq_files/RS-04430865/RS-04430865_SSFS10009287-A1_RS-03674694_S77_R2_001.fastq.gz /projects/rpci/songyao/pnfioric/arc_project/airr_calculation/tcr_quant/results/mixcr_RS-04430865.alignments.vdjca
Alignment: 0%
Alignment: 4.5%  ETA: 00:42:31
Alignment: 9%  ETA: 00:40:31
Alignment: 13.5%  ETA: 00:38:11
Alignment: 18%  ETA: 00:36:49
Alignment: 22.5%  ETA: 00:34:13
Alignment: 27%  ETA: 00:32:47
Alignment: 31.5%  ETA: 00:30:00
Alignment: 36.1%  ETA: 00:27:45
Alignment: 40.7%  ETA: 00:25:45
Alignment: 45.3%  ETA: 00:24:10
Alignment: 49.9%  ETA: 00:21:47
Alignment: 54.3%  ETA: 00:20:19
Alignment: 58.8%  ETA: 00:18:19
Alignment: 63.4%  ETA: 00:16:10
Alignment: 67.8%  ETA: 00:14:26
Alignment: 72.4%  ETA: 00:12:12
Alignment: 76.8%  ETA: 00:10:18
Alignment: 81.4%  ETA: 00:08:08
Alignment: 86%  ETA: 00:06:04
Alignment: 90.6%  ETA: 00:04:07
Alignment: 95.1%  ETA: 00:02:07
Alignment: 99.7%  ETA: 00:00:06
====================== report: align ======================
Analysis time: 44.16m
Total sequencing reads: 51008243
Successfully aligned reads: 3936 (0.01%)
Coverage (percent of successfully aligned):
  CDR3: 951 (24.16%)
  FR3_TO_FR4: 51 (1.3%)
  CDR2_TO_FR4: 43 (1.09%)
  FR2_TO_FR4: 0 (0%)
  CDR1_TO_FR4: 6 (0.15%)
  VDJRegion: 0 (0%)
Alignment failed: no hits (not TCR/IG?): 49775493 (97.58%)
Alignment failed: no CDR3 parts: 17518 (0.03%)
Alignment failed: low total score: 1211296 (2.37%)
Overlapped: 47769336 (93.65%)
Overlapped and aligned: 3458 (0.01%)
Overlapped and not aligned: 47765878 (93.64%)
Alignment-aided overlaps, percent of overlapped and aligned: 45 (1.3%)
No CDR3 parts alignments, percent of successfully aligned: 98 (2.49%)
Partial aligned reads, percent of successfully aligned: 2887 (73.35%)
Realigned with forced non-floating bound: 6477904 (12.7%)
Realigned with forced non-floating right bound in left read: 366 (0%)
Realigned with forced non-floating left bound in right read: 366 (0%)
TRA chains: 355 (9.02%)
TRA non-functional: 2 (0.56%)
TRB chains: 97 (2.46%)
TRB non-functional: 0 (0%)
TRG chains: 5 (0.13%)
TRG non-functional: 0 (0%)
TRAD chains: 11 (0.28%)
TRAD non-functional: 0 (0%)
IGH chains: 1409 (35.8%)
IGH non-functional: 4 (0.28%)
IGK chains: 1219 (30.97%)
IGK non-functional: 32 (2.63%)
IGL chains: 840 (21.34%)
IGL non-functional: 0 (0%)
Trimming report:
  R1 reads trimmed left: 28700 (0.06%)
  R1 reads trimmed right: 28258 (0.06%)
  Average R1 nucleotides trimmed left: 0.00919827801165392
  Average R1 nucleotides trimmed right: 0.009779086097907744
  R2 reads trimmed left: 27322 (0.05%)
  R2 reads trimmed right: 27675 (0.05%)
  Average R2 nucleotides trimmed left: 0.009169890443001536
  Average R2 nucleotides trimmed right: 0.00958013786124725

>>>>>>>>>>>>>>>>>> mixcr assemblePartial <<<<<<<<<<<<<<<<<<
Running:
mixcr assemblePartial --report /projects/rpci/songyao/pnfioric/arc_project/airr_calculation/tcr_quant/results/mixcr_RS-04430865.assemblePartial.report.txt --json-report /projects/rpci/songyao/pnfioric/arc_project/airr_calculation/tcr_quant/results/mixcr_RS-04430865.assemblePartial.report.json /projects/rpci/songyao/pnfioric/arc_project/airr_calculation/tcr_quant/results/mixcr_RS-04430865.alignments.vdjca /projects/rpci/songyao/pnfioric/arc_project/airr_calculation/tcr_quant/results/mixcr_RS-04430865.passembled.1.vdjca
Building index: 0%
Searching for overlaps: 0%
================= report: assemblePartial =================
Analysis time: 294ms
Total alignments analysed: 3936
Number of output alignments: 3933 (99.92%)
Alignments already with CDR3 (no overlapping is performed): 1009 (25.64%)
Successfully overlapped alignments: 3 (0.08%)
Left parts with too small N-region (failed to extract k-mer): 598 (15.19%)
Extracted k-mer diversity: 2118
Dropped due to wildcard in k-mer: 0 (0%)
Dropped due to too short NRegion parts in overlap: 14 (0.36%)
Dropped overlaps with empty N region due to no complete NDN coverage: 0 (0%)
Number of left-side alignments: 305 (7.75%)
Number of right-side alignments: 2037 (51.75%)
Complex overlaps: 0 (0%)
Over-overlaps: 0 (0%)
Partial alignments written to output: 2921 (74.21%)

>>>>>>>>>>>>>>>>>> mixcr assemblePartial <<<<<<<<<<<<<<<<<<
Running:
mixcr assemblePartial --report /projects/rpci/songyao/pnfioric/arc_project/airr_calculation/tcr_quant/results/mixcr_RS-04430865.assemblePartial.report.txt --json-report /projects/rpci/songyao/pnfioric/arc_project/airr_calculation/tcr_quant/results/mixcr_RS-04430865.assemblePartial.report.json /projects/rpci/songyao/pnfioric/arc_project/airr_calculation/tcr_quant/results/mixcr_RS-04430865.passembled.1.vdjca /projects/rpci/songyao/pnfioric/arc_project/airr_calculation/tcr_quant/results/mixcr_RS-04430865.passembled.2.vdjca
Building index: 0%
Searching for overlaps: 0.3%
================= report: assemblePartial =================
Analysis time: 124ms
Total alignments analysed: 3933
Number of output alignments: 3933 (100%)
Alignments already with CDR3 (no overlapping is performed): 1012 (25.73%)
Successfully overlapped alignments: 0 (0%)
Left parts with too small N-region (failed to extract k-mer): 598 (15.2%)
Extracted k-mer diversity: 2107
Dropped due to wildcard in k-mer: 0 (0%)
Dropped due to too short NRegion parts in overlap: 14 (0.36%)
Dropped overlaps with empty N region due to no complete NDN coverage: 0 (0%)
Number of left-side alignments: 302 (7.68%)
Number of right-side alignments: 2034 (51.72%)
Complex overlaps: 0 (0%)
Over-overlaps: 0 (0%)
Partial alignments written to output: 2921 (74.27%)

>>>>>>>>>>>>>>>>>>>>>>> mixcr extend <<<<<<<<<<<<<<<<<<<<<<<
Running:
mixcr extend --report /projects/rpci/songyao/pnfioric/arc_project/airr_calculation/tcr_quant/results/mixcr_RS-04430865.extend.report.txt --json-report /projects/rpci/songyao/pnfioric/arc_project/airr_calculation/tcr_quant/results/mixcr_RS-04430865.extend.report.json --threads 12 /projects/rpci/songyao/pnfioric/arc_project/airr_calculation/tcr_quant/results/mixcr_RS-04430865.passembled.2.vdjca /projects/rpci/songyao/pnfioric/arc_project/airr_calculation/tcr_quant/results/mixcr_RS-04430865.extended.vdjca
Extending alignments: 0%
====================== report: extend ======================
Analysis time: 33ms
Extended alignments count: 0 (0%)
V extensions total: 0 (0%)
V extensions with merged targets: 0 (0%)
J extensions total: 0 (0%)
J extensions with merged targets: 0 (0%)
V+J extensions: 0 (0%)
Mean V extension length: NaN
Mean J extension length: NaN

>>>>>>>>>>>>>>>>>>>>>> mixcr assemble <<<<<<<<<<<<<<<<<<<<<<
Running:
mixcr assemble --report /projects/rpci/songyao/pnfioric/arc_project/airr_calculation/tcr_quant/results/mixcr_RS-04430865.assemble.report.txt --json-report /projects/rpci/songyao/pnfioric/arc_project/airr_calculation/tcr_quant/results/mixcr_RS-04430865.assemble.report.json /projects/rpci/songyao/pnfioric/arc_project/airr_calculation/tcr_quant/results/mixcr_RS-04430865.extended.vdjca /projects/rpci/songyao/pnfioric/arc_project/airr_calculation/tcr_quant/results/mixcr_RS-04430865.clna
Initialization: progress unknown
Initialization: progress unknown
===================== report: assemble =====================
Analysis time: 695ms
Final clonotype count: 223
Reads used in clonotypes, percent of total: 944 (0%)
Average number of reads per clonotype: 4.23
Reads dropped due to the lack of a clone sequence, percent of total: 2979 (0.01%)
Reads dropped due to a too short clonal sequence, percent of total: 0 (0%)
Reads dropped due to low quality, percent of total: 0 (0%)
Reads dropped due to failed mapping, percent of total: 13 (0%)
Reads dropped with low quality clones, percent of total: 0 (0%)
Aligned reads processed: 957
Reads used in clonotypes before clustering, percent of total: 944 (0%)
Number of reads used as a core, percent of used: 929 (98.41%)
Mapped low quality reads, percent of used: 15 (1.59%)
Reads clustered in PCR error correction, percent of used: 0 (0%)
Reads pre-clustered due to the similar VJC-lists, percent of used: 0 (0%)
Clonotypes dropped as low quality: 0
Clonotypes eliminated by PCR error correction: 0
Clonotypes pre-clustered due to the similar VJC-lists: 0
Clones dropped in post filtering: 0 (0%)
Reads dropped in post filtering: 0.0 (0%)
Reads filtered by tag prefix: 0 (0%)
TRA chains: 4 (1.79%)
TRA non-functional: 1 (25%)
TRG chains: 1 (0.45%)
TRG non-functional: 0 (0%)
IGH chains: 56 (25.11%)
IGH non-functional: 3 (5.36%)
IGK chains: 116 (52.02%)
IGK non-functional: 6 (5.17%)
IGL chains: 46 (20.63%)
IGL non-functional: 0 (0%)

>>>>>>>>>>>>>>>>>> mixcr assembleContigs <<<<<<<<<<<<<<<<<<
Running:
mixcr assembleContigs --report /projects/rpci/songyao/pnfioric/arc_project/airr_calculation/tcr_quant/results/mixcr_RS-04430865.assembleContigs.report.txt --json-report /projects/rpci/songyao/pnfioric/arc_project/airr_calculation/tcr_quant/results/mixcr_RS-04430865.assembleContigs.report.json --threads 12 /projects/rpci/songyao/pnfioric/arc_project/airr_calculation/tcr_quant/results/mixcr_RS-04430865.clna /projects/rpci/songyao/pnfioric/arc_project/airr_calculation/tcr_quant/results/mixcr_RS-04430865.contigs.clns
Assembling contigs: 0%
================= report: assembleContigs =================
Analysis time: 373ms
Initial clonotype count: 223
Final clonotype count: 223 (100%)
Canceled assemblies: 0 (0%)
Clones filtered out after assemble: 0 (0%)
Number of premature termination assembly events, percent of number of initial clonotypes: 0.0 (0%)
Longest contig length: 277
Clustered variants: 0 (0%)
Reads in clustered variants: 0.0 (0%)
Reads in divided (newly created) clones: 0.0 (0%)
Clones with ambiguous letters in splitting region: 0 (0%)
Reads in clones with ambiguous letters in splitting region: 0.0 (0%)
Average number of ambiguous letters per clone with ambiguous letters in splitting region: NaN
Clones combined after clustering: 0 (0%)

>>>>>>>>>>>>>>>>>>>>>>>>> mixcr qc <<<<<<<<<<<<<<<<<<<<<<<<<
Running:
mixcr qc --print-to-stdout /projects/rpci/songyao/pnfioric/arc_project/airr_calculation/tcr_quant/results/mixcr_RS-04430865.contigs.clns /projects/rpci/songyao/pnfioric/arc_project/airr_calculation/tcr_quant/results/mixcr_RS-04430865.qc.txt /projects/rpci/songyao/pnfioric/arc_project/airr_calculation/tcr_quant/results/mixcr_RS-04430865.qc.json

  Alignments dropped due to low sequence quality: 0.0% [OK]

>>>>>>>>>>>>>>>>>>>> mixcr exportClones <<<<<<<<<<<<<<<<<<<<
Running:
mixcr exportClones /projects/rpci/songyao/pnfioric/arc_project/airr_calculation/tcr_quant/results/mixcr_RS-04430865.contigs.clns /projects/rpci/songyao/pnfioric/arc_project/airr_calculation/tcr_quant/results/mixcr_RS-04430865.clones.tsv
Analysis finished successfully.
===============================
Visualize results and simplify your immune data analysis with a convenient UI.
Explore and install Platforma.bio here: https://platforma.bio
