Exporting TRB
Exporting clones: 20%
Filtered 5 of 376 clones (98.67%).
Filtered 28.0 of 2867.0 reads (99.02%).
Exporting TRA
Exporting clones: 16.7%
Filtered 6 of 376 clones (98.4%).
Filtered 22.0 of 2867.0 reads (99.23%).
Exporting IGH
Exporting clones: 1%
Filtered 105 of 376 clones (72.07%).
Filtered 740.0 of 2867.0 reads (74.19%).
Exporting TRG
Exporting clones: 33.3%
Filtered 3 of 376 clones (99.2%).
Filtered 12.0 of 2867.0 reads (99.58%).
Exporting IGL
Exporting clones: 0.9%
Filtered 116 of 376 clones (69.15%).
Filtered 892.0 of 2867.0 reads (68.89%).
Exporting IGK
Exporting clones: 0.7%
Filtered 141 of 376 clones (62.5%).
Filtered 1173.0 of 2867.0 reads (59.09%).
