WARNING: sun.reflect.Reflection.getCallerClass is not supported. This will impact performance.

>>>>>>>>>>>>>>>>>>>>>>> mixcr align <<<<<<<<<<<<<<<<<<<<<<<
Running:
mixcr align --report /projects/rpci/songyao/pnfioric/arc_project/airr_calculation/tcr_quant/results/mixcr_RS-04367341.align.report.txt --json-report /projects/rpci/songyao/pnfioric/arc_project/airr_calculation/tcr_quant/results/mixcr_RS-04367341.align.report.json --threads 12 --preset rna-seq --save-output-file-names /projects/rpci/songyao/pnfioric/arc_project/airr_calculation/tcr_quant/results/mixcr_RS-04367341.align.list.tsv --species hsa /projects/rpci/songyao/pnfioric/arc_project/airr_calculation/fastq_files/RS-04367341/RS-04367341_95-S-2949-3_RS-04246018_S7_R1_001.fastq.gz /projects/rpci/songyao/pnfioric/arc_project/airr_calculation/fastq_files/RS-04367341/RS-04367341_95-S-2949-3_RS-04246018_S7_R2_001.fastq.gz /projects/rpci/songyao/pnfioric/arc_project/airr_calculation/tcr_quant/results/mixcr_RS-04367341.alignments.vdjca
Alignment: 0%
Alignment: 3.1%  ETA: 01:03:20
Alignment: 6.2%  ETA: 01:00:39
Alignment: 9.3%  ETA: 00:58:39
Alignment: 12.4%  ETA: 00:54:56
Alignment: 15.5%  ETA: 00:55:46
Alignment: 18.5%  ETA: 00:53:13
Alignment: 21.7%  ETA: 00:50:08
Alignment: 24.7%  ETA: 00:49:10
Alignment: 27.8%  ETA: 00:47:40
Alignment: 30.8%  ETA: 00:45:11
Alignment: 33.9%  ETA: 00:42:43
Alignment: 37%  ETA: 00:40:42
Alignment: 40%  ETA: 00:40:01
Alignment: 43%  ETA: 00:38:25
Alignment: 46%  ETA: 00:35:15
Alignment: 49.1%  ETA: 00:33:15
Alignment: 52.1%  ETA: 00:31:57
Alignment: 55.1%  ETA: 00:29:57
Alignment: 58.1%  ETA: 00:27:37
Alignment: 61.1%  ETA: 00:25:55
Alignment: 64.1%  ETA: 00:24:11
Alignment: 67.1%  ETA: 00:21:57
Alignment: 70%  ETA: 00:20:25
Alignment: 73%  ETA: 00:18:11
Alignment: 75.9%  ETA: 00:16:24
Alignment: 78.9%  ETA: 00:14:12
Alignment: 81.9%  ETA: 00:11:55
Alignment: 85.1%  ETA: 00:09:33
Alignment: 88.2%  ETA: 00:07:39
Alignment: 91.1%  ETA: 00:05:59
Alignment: 94.1%  ETA: 00:03:58
Alignment: 97.2%  ETA: 00:01:46
====================== report: align ======================
Analysis time: 65.87m
Total sequencing reads: 75291555
Successfully aligned reads: 1478 (0%)
Coverage (percent of successfully aligned):
  CDR3: 361 (24.42%)
  FR3_TO_FR4: 0 (0%)
  CDR2_TO_FR4: 0 (0%)
  FR2_TO_FR4: 0 (0%)
  CDR1_TO_FR4: 0 (0%)
  VDJRegion: 0 (0%)
Alignment failed: no hits (not TCR/IG?): 74711778 (99.23%)
Alignment failed: no CDR3 parts: 4185 (0.01%)
Alignment failed: low total score: 574114 (0.76%)
Overlapped: 47924488 (63.65%)
Overlapped and aligned: 1460 (0%)
Overlapped and not aligned: 47923028 (63.65%)
Alignment-aided overlaps, percent of overlapped and aligned: 0 (0%)
No CDR3 parts alignments, percent of successfully aligned: 46 (3.11%)
Partial aligned reads, percent of successfully aligned: 1071 (72.46%)
Realigned with forced non-floating bound: 54734134 (72.7%)
Realigned with forced non-floating right bound in left read: 47 (0%)
Realigned with forced non-floating left bound in right read: 47 (0%)
TRA chains: 44 (2.98%)
TRA non-functional: 0 (0%)
TRB chains: 2 (0.14%)
TRB non-functional: 0 (0%)
TRG chains: 6 (0.41%)
TRG non-functional: 0 (0%)
IGH chains: 681 (46.08%)
IGH non-functional: 2 (0.29%)
IGK chains: 366 (24.76%)
IGK non-functional: 1 (0.27%)
IGL chains: 379 (25.64%)
IGL non-functional: 1 (0.26%)
Trimming report:
  R1 reads trimmed left: 19259 (0.03%)
  R1 reads trimmed right: 21624 (0.03%)
  Average R1 nucleotides trimmed left: 0.004348840982232337
  Average R1 nucleotides trimmed right: 0.004825361888195828
  R2 reads trimmed left: 21413 (0.03%)
  R2 reads trimmed right: 23264 (0.03%)
  Average R2 nucleotides trimmed left: 0.004361525007685125
  Average R2 nucleotides trimmed right: 0.005816508903289353

>>>>>>>>>>>>>>>>>> mixcr assemblePartial <<<<<<<<<<<<<<<<<<
Running:
mixcr assemblePartial --report /projects/rpci/songyao/pnfioric/arc_project/airr_calculation/tcr_quant/results/mixcr_RS-04367341.assemblePartial.report.txt --json-report /projects/rpci/songyao/pnfioric/arc_project/airr_calculation/tcr_quant/results/mixcr_RS-04367341.assemblePartial.report.json /projects/rpci/songyao/pnfioric/arc_project/airr_calculation/tcr_quant/results/mixcr_RS-04367341.alignments.vdjca /projects/rpci/songyao/pnfioric/arc_project/airr_calculation/tcr_quant/results/mixcr_RS-04367341.passembled.1.vdjca
Building index: 0%
Searching for overlaps: 0.3%
================= report: assemblePartial =================
Analysis time: 147ms
Total alignments analysed: 1478
Number of output alignments: 1478 (100%)
Alignments already with CDR3 (no overlapping is performed): 383 (25.91%)
Successfully overlapped alignments: 0 (0%)
Left parts with too small N-region (failed to extract k-mer): 223 (15.09%)
Extracted k-mer diversity: 721
Dropped due to wildcard in k-mer: 0 (0%)
Dropped due to too short NRegion parts in overlap: 0 (0%)
Dropped overlaps with empty N region due to no complete NDN coverage: 0 (0%)
Number of left-side alignments: 130 (8.8%)
Number of right-side alignments: 742 (50.2%)
Complex overlaps: 0 (0%)
Over-overlaps: 0 (0%)
Partial alignments written to output: 1095 (74.09%)

>>>>>>>>>>>>>>>>>> mixcr assemblePartial <<<<<<<<<<<<<<<<<<
Running:
mixcr assemblePartial --report /projects/rpci/songyao/pnfioric/arc_project/airr_calculation/tcr_quant/results/mixcr_RS-04367341.assemblePartial.report.txt --json-report /projects/rpci/songyao/pnfioric/arc_project/airr_calculation/tcr_quant/results/mixcr_RS-04367341.assemblePartial.report.json /projects/rpci/songyao/pnfioric/arc_project/airr_calculation/tcr_quant/results/mixcr_RS-04367341.passembled.1.vdjca /projects/rpci/songyao/pnfioric/arc_project/airr_calculation/tcr_quant/results/mixcr_RS-04367341.passembled.2.vdjca
Building index: 0%
Searching for overlaps: 0.6%
================= report: assemblePartial =================
Analysis time: 69ms
Total alignments analysed: 1478
Number of output alignments: 1478 (100%)
Alignments already with CDR3 (no overlapping is performed): 383 (25.91%)
Successfully overlapped alignments: 0 (0%)
Left parts with too small N-region (failed to extract k-mer): 223 (15.09%)
Extracted k-mer diversity: 721
Dropped due to wildcard in k-mer: 0 (0%)
Dropped due to too short NRegion parts in overlap: 0 (0%)
Dropped overlaps with empty N region due to no complete NDN coverage: 0 (0%)
Number of left-side alignments: 130 (8.8%)
Number of right-side alignments: 742 (50.2%)
Complex overlaps: 0 (0%)
Over-overlaps: 0 (0%)
Partial alignments written to output: 1095 (74.09%)

>>>>>>>>>>>>>>>>>>>>>>> mixcr extend <<<<<<<<<<<<<<<<<<<<<<<
Running:
mixcr extend --report /projects/rpci/songyao/pnfioric/arc_project/airr_calculation/tcr_quant/results/mixcr_RS-04367341.extend.report.txt --json-report /projects/rpci/songyao/pnfioric/arc_project/airr_calculation/tcr_quant/results/mixcr_RS-04367341.extend.report.json --threads 12 /projects/rpci/songyao/pnfioric/arc_project/airr_calculation/tcr_quant/results/mixcr_RS-04367341.passembled.2.vdjca /projects/rpci/songyao/pnfioric/arc_project/airr_calculation/tcr_quant/results/mixcr_RS-04367341.extended.vdjca
Extending alignments: 0%
====================== report: extend ======================
Analysis time: 16ms
Extended alignments count: 0 (0%)
V extensions total: 0 (0%)
V extensions with merged targets: 0 (0%)
J extensions total: 0 (0%)
J extensions with merged targets: 0 (0%)
V+J extensions: 0 (0%)
Mean V extension length: NaN
Mean J extension length: NaN

>>>>>>>>>>>>>>>>>>>>>> mixcr assemble <<<<<<<<<<<<<<<<<<<<<<
Running:
mixcr assemble --report /projects/rpci/songyao/pnfioric/arc_project/airr_calculation/tcr_quant/results/mixcr_RS-04367341.assemble.report.txt --json-report /projects/rpci/songyao/pnfioric/arc_project/airr_calculation/tcr_quant/results/mixcr_RS-04367341.assemble.report.json /projects/rpci/songyao/pnfioric/arc_project/airr_calculation/tcr_quant/results/mixcr_RS-04367341.extended.vdjca /projects/rpci/songyao/pnfioric/arc_project/airr_calculation/tcr_quant/results/mixcr_RS-04367341.clna
Initialization: progress unknown
Initialization: progress unknown
===================== report: assemble =====================
Analysis time: 517ms
Final clonotype count: 131
Reads used in clonotypes, percent of total: 354 (0%)
Average number of reads per clonotype: 2.7
Reads dropped due to the lack of a clone sequence, percent of total: 1117 (0%)
Reads dropped due to a too short clonal sequence, percent of total: 0 (0%)
Reads dropped due to low quality, percent of total: 0 (0%)
Reads dropped due to failed mapping, percent of total: 7 (0%)
Reads dropped with low quality clones, percent of total: 0 (0%)
Aligned reads processed: 361
Reads used in clonotypes before clustering, percent of total: 354 (0%)
Number of reads used as a core, percent of used: 353 (99.72%)
Mapped low quality reads, percent of used: 1 (0.28%)
Reads clustered in PCR error correction, percent of used: 0 (0%)
Reads pre-clustered due to the similar VJC-lists, percent of used: 0 (0%)
Clonotypes dropped as low quality: 0
Clonotypes eliminated by PCR error correction: 0
Clonotypes pre-clustered due to the similar VJC-lists: 0
Clones dropped in post filtering: 0 (0%)
Reads dropped in post filtering: 0.0 (0%)
Reads filtered by tag prefix: 0 (0%)
IGH chains: 35 (26.72%)
IGH non-functional: 1 (2.86%)
IGK chains: 66 (50.38%)
IGK non-functional: 1 (1.52%)
IGL chains: 30 (22.9%)
IGL non-functional: 0 (0%)

>>>>>>>>>>>>>>>>>> mixcr assembleContigs <<<<<<<<<<<<<<<<<<
Running:
mixcr assembleContigs --report /projects/rpci/songyao/pnfioric/arc_project/airr_calculation/tcr_quant/results/mixcr_RS-04367341.assembleContigs.report.txt --json-report /projects/rpci/songyao/pnfioric/arc_project/airr_calculation/tcr_quant/results/mixcr_RS-04367341.assembleContigs.report.json --threads 12 /projects/rpci/songyao/pnfioric/arc_project/airr_calculation/tcr_quant/results/mixcr_RS-04367341.clna /projects/rpci/songyao/pnfioric/arc_project/airr_calculation/tcr_quant/results/mixcr_RS-04367341.contigs.clns
Assembling contigs: 0%
================= report: assembleContigs =================
Analysis time: 224ms
Initial clonotype count: 131
Final clonotype count: 131 (100%)
Canceled assemblies: 0 (0%)
Clones filtered out after assemble: 0 (0%)
Number of premature termination assembly events, percent of number of initial clonotypes: 0.0 (0%)
Longest contig length: 272
Clustered variants: 0 (0%)
Reads in clustered variants: 0.0 (0%)
Reads in divided (newly created) clones: 0.0 (0%)
Clones with ambiguous letters in splitting region: 0 (0%)
Reads in clones with ambiguous letters in splitting region: 0.0 (0%)
Average number of ambiguous letters per clone with ambiguous letters in splitting region: NaN
Clones combined after clustering: 0 (0%)

>>>>>>>>>>>>>>>>>>>>>>>>> mixcr qc <<<<<<<<<<<<<<<<<<<<<<<<<
Running:
mixcr qc --print-to-stdout /projects/rpci/songyao/pnfioric/arc_project/airr_calculation/tcr_quant/results/mixcr_RS-04367341.contigs.clns /projects/rpci/songyao/pnfioric/arc_project/airr_calculation/tcr_quant/results/mixcr_RS-04367341.qc.txt /projects/rpci/songyao/pnfioric/arc_project/airr_calculation/tcr_quant/results/mixcr_RS-04367341.qc.json

  Alignments dropped due to low sequence quality: 0.0% [OK]

>>>>>>>>>>>>>>>>>>>> mixcr exportClones <<<<<<<<<<<<<<<<<<<<
Running:
mixcr exportClones /projects/rpci/songyao/pnfioric/arc_project/airr_calculation/tcr_quant/results/mixcr_RS-04367341.contigs.clns /projects/rpci/songyao/pnfioric/arc_project/airr_calculation/tcr_quant/results/mixcr_RS-04367341.clones.tsv
Analysis finished successfully.
===============================
Visualize results and simplify your immune data analysis with a convenient UI.
Explore and install Platforma.bio here: https://platforma.bio
