WARNING: sun.reflect.Reflection.getCallerClass is not supported. This will impact performance.

>>>>>>>>>>>>>>>>>>>>>>> mixcr align <<<<<<<<<<<<<<<<<<<<<<<
Running:
mixcr align --report /projects/rpci/songyao/pnfioric/arc_project/airr_calculation/tcr_quant/results/mixcr_RS-04367427.align.report.txt --json-report /projects/rpci/songyao/pnfioric/arc_project/airr_calculation/tcr_quant/results/mixcr_RS-04367427.align.report.json --threads 12 --preset rna-seq --save-output-file-names /projects/rpci/songyao/pnfioric/arc_project/airr_calculation/tcr_quant/results/mixcr_RS-04367427.align.list.tsv --species hsa /projects/rpci/songyao/pnfioric/arc_project/airr_calculation/fastq_files/RS-04367427/RS-04367427_SCHS10007774-B2_RS-03597013_S93_R1_001.fastq.gz /projects/rpci/songyao/pnfioric/arc_project/airr_calculation/fastq_files/RS-04367427/RS-04367427_SCHS10007774-B2_RS-03597013_S93_R2_001.fastq.gz /projects/rpci/songyao/pnfioric/arc_project/airr_calculation/tcr_quant/results/mixcr_RS-04367427.alignments.vdjca
Alignment: 0%
Alignment: 3.3%  ETA: 00:58:08
Alignment: 6.7%  ETA: 00:56:08
Alignment: 10%  ETA: 00:54:07
Alignment: 13.4%  ETA: 00:51:11
Alignment: 16.6%  ETA: 00:51:02
Alignment: 19.9%  ETA: 00:48:34
Alignment: 23.3%  ETA: 00:45:43
Alignment: 26.6%  ETA: 00:44:57
Alignment: 29.8%  ETA: 00:42:33
Alignment: 33.1%  ETA: 00:40:56
Alignment: 36.4%  ETA: 00:38:13
Alignment: 39.7%  ETA: 00:37:15
Alignment: 42.9%  ETA: 00:34:55
Alignment: 46.2%  ETA: 00:32:55
Alignment: 49.5%  ETA: 00:30:55
Alignment: 52.8%  ETA: 00:28:55
Alignment: 56%  ETA: 00:26:55
Alignment: 59.3%  ETA: 00:25:09
Alignment: 62.5%  ETA: 00:22:56
Alignment: 65.7%  ETA: 00:21:21
Alignment: 69%  ETA: 00:18:58
Alignment: 72.2%  ETA: 00:17:19
Alignment: 75.4%  ETA: 00:15:10
Alignment: 78.7%  ETA: 00:13:09
Alignment: 82%  ETA: 00:11:02
Alignment: 85.2%  ETA: 00:08:56
Alignment: 88.5%  ETA: 00:06:56
Alignment: 91.8%  ETA: 00:05:04
Alignment: 95.1%  ETA: 00:03:01
Alignment: 98.3%  ETA: 00:01:00
====================== report: align ======================
Analysis time: 61.05m
Total sequencing reads: 64930388
Successfully aligned reads: 5914 (0.01%)
Coverage (percent of successfully aligned):
  CDR3: 1356 (22.93%)
  FR3_TO_FR4: 9 (0.15%)
  CDR2_TO_FR4: 2 (0.03%)
  FR2_TO_FR4: 0 (0%)
  CDR1_TO_FR4: 0 (0%)
  VDJRegion: 7 (0.12%)
Alignment failed: no hits (not TCR/IG?): 63402879 (97.65%)
Alignment failed after alignment-aided overlap: 1 (0%)
Alignment failed: no CDR3 parts: 24509 (0.04%)
Alignment failed: low total score: 1497085 (2.31%)
Overlapped: 55366905 (85.27%)
Overlapped and aligned: 5322 (0.01%)
Overlapped and not aligned: 55361583 (85.26%)
Alignment-aided overlaps, percent of overlapped and aligned: 168 (3.16%)
No CDR3 parts alignments, percent of successfully aligned: 119 (2.01%)
Partial aligned reads, percent of successfully aligned: 4439 (75.06%)
V gene chimeras: 3 (0%)
J gene chimeras: 6 (0%)
Paired-end alignment conflicts eliminated: 2 (0%)
Realigned with forced non-floating bound: 19127302 (29.46%)
Realigned with forced non-floating right bound in left read: 924 (0%)
Realigned with forced non-floating left bound in right read: 924 (0%)
TRA chains: 1137 (19.23%)
TRA non-functional: 11 (0.97%)
TRB chains: 341 (5.77%)
TRB non-functional: 1 (0.29%)
TRD chains: 11 (0.19%)
TRD non-functional: 0 (0%)
TRG chains: 59 (1%)
TRG non-functional: 4 (6.78%)
IGH chains: 1572 (26.58%)
IGH non-functional: 5 (0.32%)
TRAD chains: 20 (0.34%)
TRAD non-functional: 0 (0%)
IGK chains: 1483 (25.08%)
IGK non-functional: 28 (1.89%)
IGL chains: 1291 (21.83%)
IGL non-functional: 5 (0.39%)
Trimming report:
  R1 reads trimmed left: 11033 (0.02%)
  R1 reads trimmed right: 11636 (0.02%)
  Average R1 nucleotides trimmed left: 0.0028898949441053703
  Average R1 nucleotides trimmed right: 0.0031807910958425198
  R2 reads trimmed left: 12862 (0.02%)
  R2 reads trimmed right: 13333 (0.02%)
  Average R2 nucleotides trimmed left: 0.00292443963217962
  Average R2 nucleotides trimmed right: 0.0042276044923680416

>>>>>>>>>>>>>>>>>> mixcr assemblePartial <<<<<<<<<<<<<<<<<<
Running:
mixcr assemblePartial --report /projects/rpci/songyao/pnfioric/arc_project/airr_calculation/tcr_quant/results/mixcr_RS-04367427.assemblePartial.report.txt --json-report /projects/rpci/songyao/pnfioric/arc_project/airr_calculation/tcr_quant/results/mixcr_RS-04367427.assemblePartial.report.json /projects/rpci/songyao/pnfioric/arc_project/airr_calculation/tcr_quant/results/mixcr_RS-04367427.alignments.vdjca /projects/rpci/songyao/pnfioric/arc_project/airr_calculation/tcr_quant/results/mixcr_RS-04367427.passembled.1.vdjca
Building index: 0%
Searching for overlaps: 0%
================= report: assemblePartial =================
Analysis time: 345ms
Total alignments analysed: 5914
Number of output alignments: 5900 (99.76%)
Alignments already with CDR3 (no overlapping is performed): 1390 (23.5%)
Successfully overlapped alignments: 14 (0.24%)
Left parts with too small N-region (failed to extract k-mer): 764 (12.92%)
Extracted k-mer diversity: 4642
Dropped due to wildcard in k-mer: 0 (0%)
Dropped due to too short NRegion parts in overlap: 28 (0.47%)
Dropped overlaps with empty N region due to no complete NDN coverage: 0 (0%)
Number of left-side alignments: 618 (10.45%)
Number of right-side alignments: 3163 (53.48%)
Complex overlaps: 0 (0%)
Over-overlaps: 0 (0%)
Partial alignments written to output: 4496 (76.02%)

>>>>>>>>>>>>>>>>>> mixcr assemblePartial <<<<<<<<<<<<<<<<<<
Running:
mixcr assemblePartial --report /projects/rpci/songyao/pnfioric/arc_project/airr_calculation/tcr_quant/results/mixcr_RS-04367427.assemblePartial.report.txt --json-report /projects/rpci/songyao/pnfioric/arc_project/airr_calculation/tcr_quant/results/mixcr_RS-04367427.assemblePartial.report.json /projects/rpci/songyao/pnfioric/arc_project/airr_calculation/tcr_quant/results/mixcr_RS-04367427.passembled.1.vdjca /projects/rpci/songyao/pnfioric/arc_project/airr_calculation/tcr_quant/results/mixcr_RS-04367427.passembled.2.vdjca
Building index: 0%
Searching for overlaps: 0%
================= report: assemblePartial =================
Analysis time: 176ms
Total alignments analysed: 5900
Number of output alignments: 5900 (100%)
Alignments already with CDR3 (no overlapping is performed): 1404 (23.8%)
Successfully overlapped alignments: 0 (0%)
Left parts with too small N-region (failed to extract k-mer): 764 (12.95%)
Extracted k-mer diversity: 4529
Dropped due to wildcard in k-mer: 0 (0%)
Dropped due to too short NRegion parts in overlap: 26 (0.44%)
Dropped overlaps with empty N region due to no complete NDN coverage: 0 (0%)
Number of left-side alignments: 603 (10.22%)
Number of right-side alignments: 3149 (53.37%)
Complex overlaps: 0 (0%)
Over-overlaps: 0 (0%)
Partial alignments written to output: 4496 (76.2%)

>>>>>>>>>>>>>>>>>>>>>>> mixcr extend <<<<<<<<<<<<<<<<<<<<<<<
Running:
mixcr extend --report /projects/rpci/songyao/pnfioric/arc_project/airr_calculation/tcr_quant/results/mixcr_RS-04367427.extend.report.txt --json-report /projects/rpci/songyao/pnfioric/arc_project/airr_calculation/tcr_quant/results/mixcr_RS-04367427.extend.report.json --threads 12 /projects/rpci/songyao/pnfioric/arc_project/airr_calculation/tcr_quant/results/mixcr_RS-04367427.passembled.2.vdjca /projects/rpci/songyao/pnfioric/arc_project/airr_calculation/tcr_quant/results/mixcr_RS-04367427.extended.vdjca
Extending alignments: 0%
====================== report: extend ======================
Analysis time: 71ms
Extended alignments count: 3 (0.05%)
V extensions total: 1 (0.02%)
V extensions with merged targets: 0 (0%)
J extensions total: 2 (0.03%)
J extensions with merged targets: 0 (0%)
V+J extensions: 0 (0%)
Mean V extension length: 3.0
Mean J extension length: 9.0

>>>>>>>>>>>>>>>>>>>>>> mixcr assemble <<<<<<<<<<<<<<<<<<<<<<
Running:
mixcr assemble --report /projects/rpci/songyao/pnfioric/arc_project/airr_calculation/tcr_quant/results/mixcr_RS-04367427.assemble.report.txt --json-report /projects/rpci/songyao/pnfioric/arc_project/airr_calculation/tcr_quant/results/mixcr_RS-04367427.assemble.report.json /projects/rpci/songyao/pnfioric/arc_project/airr_calculation/tcr_quant/results/mixcr_RS-04367427.extended.vdjca /projects/rpci/songyao/pnfioric/arc_project/airr_calculation/tcr_quant/results/mixcr_RS-04367427.clna
Initialization: progress unknown
Initialization: progress unknown
Writing alignments: 98.9%
===================== report: assemble =====================
Analysis time: 1.15s
Final clonotype count: 691
Reads used in clonotypes, percent of total: 1320 (0%)
Average number of reads per clonotype: 1.91
Reads dropped due to the lack of a clone sequence, percent of total: 4527 (0.01%)
Reads dropped due to a too short clonal sequence, percent of total: 0 (0%)
Reads dropped due to low quality, percent of total: 0 (0%)
Reads dropped due to failed mapping, percent of total: 67 (0%)
Reads dropped with low quality clones, percent of total: 0 (0%)
Aligned reads processed: 1387
Reads used in clonotypes before clustering, percent of total: 1320 (0%)
Number of reads used as a core, percent of used: 1309 (99.17%)
Mapped low quality reads, percent of used: 11 (0.83%)
Reads clustered in PCR error correction, percent of used: 0 (0%)
Reads pre-clustered due to the similar VJC-lists, percent of used: 0 (0%)
Clonotypes dropped as low quality: 0
Clonotypes eliminated by PCR error correction: 0
Clonotypes pre-clustered due to the similar VJC-lists: 0
Clones dropped in post filtering: 0 (0%)
Reads dropped in post filtering: 0.0 (0%)
Reads filtered by tag prefix: 0 (0%)
TRA chains: 18 (2.6%)
TRA non-functional: 5 (27.78%)
TRB chains: 15 (2.17%)
TRB non-functional: 1 (6.67%)
TRG chains: 5 (0.72%)
TRG non-functional: 2 (40%)
IGH chains: 156 (22.58%)
IGH non-functional: 3 (1.92%)
IGK chains: 367 (53.11%)
IGK non-functional: 15 (4.09%)
IGL chains: 130 (18.81%)
IGL non-functional: 2 (1.54%)

>>>>>>>>>>>>>>>>>> mixcr assembleContigs <<<<<<<<<<<<<<<<<<
Running:
mixcr assembleContigs --report /projects/rpci/songyao/pnfioric/arc_project/airr_calculation/tcr_quant/results/mixcr_RS-04367427.assembleContigs.report.txt --json-report /projects/rpci/songyao/pnfioric/arc_project/airr_calculation/tcr_quant/results/mixcr_RS-04367427.assembleContigs.report.json --threads 12 /projects/rpci/songyao/pnfioric/arc_project/airr_calculation/tcr_quant/results/mixcr_RS-04367427.clna /projects/rpci/songyao/pnfioric/arc_project/airr_calculation/tcr_quant/results/mixcr_RS-04367427.contigs.clns
Assembling contigs: 0%
================= report: assembleContigs =================
Analysis time: 518ms
Initial clonotype count: 691
Final clonotype count: 691 (100%)
Canceled assemblies: 0 (0%)
Clones filtered out after assemble: 0 (0%)
Number of premature termination assembly events, percent of number of initial clonotypes: 0.0 (0%)
Longest contig length: 317
Clustered variants: 0 (0%)
Reads in clustered variants: 0.0 (0%)
Reads in divided (newly created) clones: 0.0 (0%)
Clones with ambiguous letters in splitting region: 0 (0%)
Reads in clones with ambiguous letters in splitting region: 0.0 (0%)
Average number of ambiguous letters per clone with ambiguous letters in splitting region: NaN
Clones combined after clustering: 0 (0%)

>>>>>>>>>>>>>>>>>>>>>>>>> mixcr qc <<<<<<<<<<<<<<<<<<<<<<<<<
Running:
mixcr qc --print-to-stdout /projects/rpci/songyao/pnfioric/arc_project/airr_calculation/tcr_quant/results/mixcr_RS-04367427.contigs.clns /projects/rpci/songyao/pnfioric/arc_project/airr_calculation/tcr_quant/results/mixcr_RS-04367427.qc.txt /projects/rpci/songyao/pnfioric/arc_project/airr_calculation/tcr_quant/results/mixcr_RS-04367427.qc.json

  Alignments dropped due to low sequence quality: 0.0% [OK]

>>>>>>>>>>>>>>>>>>>> mixcr exportClones <<<<<<<<<<<<<<<<<<<<
Running:
mixcr exportClones /projects/rpci/songyao/pnfioric/arc_project/airr_calculation/tcr_quant/results/mixcr_RS-04367427.contigs.clns /projects/rpci/songyao/pnfioric/arc_project/airr_calculation/tcr_quant/results/mixcr_RS-04367427.clones.tsv
Analysis finished successfully.
===============================
Visualize results and simplify your immune data analysis with a convenient UI.
Explore and install Platforma.bio here: https://platforma.bio
