Exporting TRB
Exporting clones: 10%
Filtered 10 of 599 clones (98.33%).
Filtered 19.0 of 1736.0 reads (98.91%).
Exporting TRA
Exporting clones: 12.5%
Filtered 8 of 599 clones (98.66%).
Filtered 25.0 of 1736.0 reads (98.56%).
Exporting IGH
Exporting clones: 0.7%
Filtered 140 of 599 clones (76.63%).
Filtered 352.0 of 1736.0 reads (79.72%).
Exporting TRG
Exporting clones: 16.7%
Filtered 6 of 599 clones (99%).
Filtered 26.0 of 1736.0 reads (98.5%).
Exporting IGL
Exporting clones: 0.8%
Filtered 125 of 599 clones (79.13%).
Filtered 334.0 of 1736.0 reads (80.76%).
Exporting IGK
Exporting clones: 0.3%
Filtered 310 of 599 clones (48.25%).
Filtered 980.0 of 1736.0 reads (43.55%).
