Exporting TRB
Exporting clones: 100%
Filtered 1 of 133 clones (99.25%).
Filtered 1.0 of 240.0 reads (99.58%).
Exporting TRA
Exporting clones: 50%
Filtered 2 of 133 clones (98.5%).
Filtered 2.0 of 240.0 reads (99.17%).
Exporting IGH
Exporting clones: 2.9%
Filtered 34 of 133 clones (74.44%).
Filtered 55.0 of 240.0 reads (77.08%).
Exporting IGL
Exporting clones: 2.9%
Filtered 35 of 133 clones (73.68%).
Filtered 61.0 of 240.0 reads (74.58%).
Exporting IGK
Exporting clones: 1.6%
Filtered 61 of 133 clones (54.14%).
Filtered 121.0 of 240.0 reads (49.58%).
