Exporting TRB
Exporting clones: 33.3%
Filtered 3 of 101 clones (97.03%).
Filtered 4.0 of 385.0 reads (98.96%).
Exporting TRA
Exporting clones: 50%
Filtered 2 of 101 clones (98.02%).
Filtered 7.0 of 385.0 reads (98.18%).
Exporting IGH
Exporting clones: 2.4%
Filtered 41 of 101 clones (59.41%).
Filtered 171.0 of 385.0 reads (55.58%).
Exporting TRG
Exporting clones: 50%
Filtered 2 of 101 clones (98.02%).
Filtered 22.0 of 385.0 reads (94.29%).
Exporting IGL
Exporting clones: 22.2%
Filtered 9 of 101 clones (91.09%).
Filtered 42.0 of 385.0 reads (89.09%).
Exporting IGK
Exporting clones: 2.3%
Filtered 44 of 101 clones (56.44%).
Filtered 139.0 of 385.0 reads (63.9%).
