Exporting TRB
Exporting clones: 50%
Filtered 2 of 523 clones (99.62%).
Filtered 3.0 of 1257.0 reads (99.76%).
Exporting TRA
Exporting clones: 20%
Filtered 5 of 523 clones (99.04%).
Filtered 8.0 of 1257.0 reads (99.36%).
Exporting IGH
Exporting clones: 0.8%
Filtered 129 of 523 clones (75.33%).
Filtered 301.0 of 1257.0 reads (76.05%).
Exporting TRG
Exporting clones: 100%
Filtered 1 of 523 clones (99.81%).
Filtered 2.0 of 1257.0 reads (99.84%).
Exporting IGL
Exporting clones: 1.1%
Filtered 93 of 523 clones (82.22%).
Filtered 245.0 of 1257.0 reads (80.51%).
Exporting IGK
Exporting clones: 0.3%
Filtered 293 of 523 clones (43.98%).
Filtered 698.0 of 1257.0 reads (44.47%).
