WARNING: sun.reflect.Reflection.getCallerClass is not supported. This will impact performance.

>>>>>>>>>>>>>>>>>>>>>>> mixcr align <<<<<<<<<<<<<<<<<<<<<<<
Running:
mixcr align --report /projects/rpci/songyao/pnfioric/arc_project/airr_calculation/tcr_quant/results/mixcr_RS-04396723.align.report.txt --json-report /projects/rpci/songyao/pnfioric/arc_project/airr_calculation/tcr_quant/results/mixcr_RS-04396723.align.report.json --threads 12 --preset rna-seq --save-output-file-names /projects/rpci/songyao/pnfioric/arc_project/airr_calculation/tcr_quant/results/mixcr_RS-04396723.align.list.tsv --species hsa /projects/rpci/songyao/pnfioric/arc_project/airr_calculation/fastq_files/RS-04396723/RS-04396723_HAYS12001095-B2_RS-03845668_S75_R1_001.fastq.gz /projects/rpci/songyao/pnfioric/arc_project/airr_calculation/fastq_files/RS-04396723/RS-04396723_HAYS12001095-B2_RS-03845668_S75_R2_001.fastq.gz /projects/rpci/songyao/pnfioric/arc_project/airr_calculation/tcr_quant/results/mixcr_RS-04396723.alignments.vdjca
Alignment: 0%
Alignment: 3.2%  ETA: 00:59:59
Alignment: 6.5%  ETA: 00:56:59
Alignment: 9.8%  ETA: 00:54:59
Alignment: 13%  ETA: 00:53:55
Alignment: 16.3%  ETA: 00:51:28
Alignment: 19.5%  ETA: 00:49:28
Alignment: 22.8%  ETA: 00:47:03
Alignment: 26.1%  ETA: 00:45:27
Alignment: 29.2%  ETA: 00:44:37
Alignment: 32.4%  ETA: 00:42:14
Alignment: 35.7%  ETA: 00:39:53
Alignment: 38.8%  ETA: 00:38:33
Alignment: 42.1%  ETA: 00:35:36
Alignment: 45.3%  ETA: 00:34:12
Alignment: 48.5%  ETA: 00:31:55
Alignment: 51.7%  ETA: 00:29:54
Alignment: 54.9%  ETA: 00:28:10
Alignment: 58.1%  ETA: 00:26:10
Alignment: 61.3%  ETA: 00:24:23
Alignment: 64.6%  ETA: 00:21:47
Alignment: 67.8%  ETA: 00:19:57
Alignment: 71%  ETA: 00:17:48
Alignment: 74.3%  ETA: 00:15:48
Alignment: 77.5%  ETA: 00:14:04
Alignment: 80.7%  ETA: 00:12:03
Alignment: 83.9%  ETA: 00:10:10
Alignment: 87%  ETA: 00:08:10
Alignment: 90.3%  ETA: 00:05:57
Alignment: 93.6%  ETA: 00:03:54
Alignment: 96.8%  ETA: 00:01:58
====================== report: align ======================
Analysis time: 62.01m
Total sequencing reads: 70999032
Successfully aligned reads: 7159 (0.01%)
Coverage (percent of successfully aligned):
  CDR3: 1325 (18.51%)
  FR3_TO_FR4: 28 (0.39%)
  CDR2_TO_FR4: 0 (0%)
  FR2_TO_FR4: 0 (0%)
  CDR1_TO_FR4: 0 (0%)
  VDJRegion: 8 (0.11%)
Alignment failed: no hits (not TCR/IG?): 69110288 (97.34%)
Alignment failed after alignment-aided overlap: 3 (0%)
Alignment failed: no CDR3 parts: 35352 (0.05%)
Alignment failed: low total score: 1846230 (2.6%)
Overlapped: 65388056 (92.1%)
Overlapped and aligned: 6943 (0.01%)
Overlapped and not aligned: 65381113 (92.09%)
Alignment-aided overlaps, percent of overlapped and aligned: 68 (0.98%)
No CDR3 parts alignments, percent of successfully aligned: 204 (2.85%)
Partial aligned reads, percent of successfully aligned: 5630 (78.64%)
V gene chimeras: 1 (0%)
J gene chimeras: 2 (0%)
Realigned with forced non-floating bound: 11222088 (15.81%)
Realigned with forced non-floating right bound in left read: 750 (0%)
Realigned with forced non-floating left bound in right read: 750 (0%)
TRA chains: 699 (9.76%)
TRA non-functional: 1 (0.14%)
TRB chains: 167 (2.33%)
TRB non-functional: 3 (1.8%)
TRD chains: 1 (0.01%)
TRD non-functional: 0 (0%)
TRG chains: 26 (0.36%)
TRG non-functional: 0 (0%)
IGH chains: 2549 (35.61%)
IGH non-functional: 10 (0.39%)
TRAD chains: 18 (0.25%)
TRAD non-functional: 0 (0%)
IGK chains: 1621 (22.64%)
IGK non-functional: 35 (2.16%)
IGL chains: 2078 (29.03%)
IGL non-functional: 3 (0.14%)
Trimming report:
  R1 reads trimmed left: 52412 (0.07%)
  R1 reads trimmed right: 57086 (0.08%)
  Average R1 nucleotides trimmed left: 0.012545466817068716
  Average R1 nucleotides trimmed right: 0.015465393950723159
  R2 reads trimmed left: 54892 (0.08%)
  R2 reads trimmed right: 54873 (0.08%)
  Average R2 nucleotides trimmed left: 0.012472170043107066
  Average R2 nucleotides trimmed right: 0.013498493894959019

>>>>>>>>>>>>>>>>>> mixcr assemblePartial <<<<<<<<<<<<<<<<<<
Running:
mixcr assemblePartial --report /projects/rpci/songyao/pnfioric/arc_project/airr_calculation/tcr_quant/results/mixcr_RS-04396723.assemblePartial.report.txt --json-report /projects/rpci/songyao/pnfioric/arc_project/airr_calculation/tcr_quant/results/mixcr_RS-04396723.assemblePartial.report.json /projects/rpci/songyao/pnfioric/arc_project/airr_calculation/tcr_quant/results/mixcr_RS-04396723.alignments.vdjca /projects/rpci/songyao/pnfioric/arc_project/airr_calculation/tcr_quant/results/mixcr_RS-04396723.passembled.1.vdjca
Building index: 0%
Searching for overlaps: 0%
================= report: assemblePartial =================
Analysis time: 413ms
Total alignments analysed: 7159
Number of output alignments: 7156 (99.96%)
Alignments already with CDR3 (no overlapping is performed): 1369 (19.12%)
Successfully overlapped alignments: 3 (0.04%)
Left parts with too small N-region (failed to extract k-mer): 1295 (18.09%)
Extracted k-mer diversity: 4676
Dropped due to wildcard in k-mer: 0 (0%)
Dropped due to too short NRegion parts in overlap: 14 (0.2%)
Dropped overlaps with empty N region due to no complete NDN coverage: 0 (0%)
Number of left-side alignments: 972 (13.58%)
Number of right-side alignments: 3536 (49.39%)
Complex overlaps: 0 (0%)
Over-overlaps: 0 (0%)
Partial alignments written to output: 5784 (80.79%)

>>>>>>>>>>>>>>>>>> mixcr assemblePartial <<<<<<<<<<<<<<<<<<
Running:
mixcr assemblePartial --report /projects/rpci/songyao/pnfioric/arc_project/airr_calculation/tcr_quant/results/mixcr_RS-04396723.assemblePartial.report.txt --json-report /projects/rpci/songyao/pnfioric/arc_project/airr_calculation/tcr_quant/results/mixcr_RS-04396723.assemblePartial.report.json /projects/rpci/songyao/pnfioric/arc_project/airr_calculation/tcr_quant/results/mixcr_RS-04396723.passembled.1.vdjca /projects/rpci/songyao/pnfioric/arc_project/airr_calculation/tcr_quant/results/mixcr_RS-04396723.passembled.2.vdjca
Building index: 0%
Searching for overlaps: 0%
================= report: assemblePartial =================
Analysis time: 178ms
Total alignments analysed: 7156
Number of output alignments: 7156 (100%)
Alignments already with CDR3 (no overlapping is performed): 1372 (19.17%)
Successfully overlapped alignments: 0 (0%)
Left parts with too small N-region (failed to extract k-mer): 1295 (18.1%)
Extracted k-mer diversity: 4653
Dropped due to wildcard in k-mer: 0 (0%)
Dropped due to too short NRegion parts in overlap: 14 (0.2%)
Dropped overlaps with empty N region due to no complete NDN coverage: 0 (0%)
Number of left-side alignments: 969 (13.54%)
Number of right-side alignments: 3533 (49.37%)
Complex overlaps: 0 (0%)
Over-overlaps: 0 (0%)
Partial alignments written to output: 5784 (80.83%)

>>>>>>>>>>>>>>>>>>>>>>> mixcr extend <<<<<<<<<<<<<<<<<<<<<<<
Running:
mixcr extend --report /projects/rpci/songyao/pnfioric/arc_project/airr_calculation/tcr_quant/results/mixcr_RS-04396723.extend.report.txt --json-report /projects/rpci/songyao/pnfioric/arc_project/airr_calculation/tcr_quant/results/mixcr_RS-04396723.extend.report.json --threads 12 /projects/rpci/songyao/pnfioric/arc_project/airr_calculation/tcr_quant/results/mixcr_RS-04396723.passembled.2.vdjca /projects/rpci/songyao/pnfioric/arc_project/airr_calculation/tcr_quant/results/mixcr_RS-04396723.extended.vdjca
Extending alignments: 0%
====================== report: extend ======================
Analysis time: 57ms
Extended alignments count: 0 (0%)
V extensions total: 0 (0%)
V extensions with merged targets: 0 (0%)
J extensions total: 0 (0%)
J extensions with merged targets: 0 (0%)
V+J extensions: 0 (0%)
Mean V extension length: NaN
Mean J extension length: NaN

>>>>>>>>>>>>>>>>>>>>>> mixcr assemble <<<<<<<<<<<<<<<<<<<<<<
Running:
mixcr assemble --report /projects/rpci/songyao/pnfioric/arc_project/airr_calculation/tcr_quant/results/mixcr_RS-04396723.assemble.report.txt --json-report /projects/rpci/songyao/pnfioric/arc_project/airr_calculation/tcr_quant/results/mixcr_RS-04396723.assemble.report.json /projects/rpci/songyao/pnfioric/arc_project/airr_calculation/tcr_quant/results/mixcr_RS-04396723.extended.vdjca /projects/rpci/songyao/pnfioric/arc_project/airr_calculation/tcr_quant/results/mixcr_RS-04396723.clna
Initialization: progress unknown
Initialization: progress unknown
===================== report: assemble =====================
Analysis time: 1.05s
Final clonotype count: 494
Reads used in clonotypes, percent of total: 1299 (0%)
Average number of reads per clonotype: 2.63
Reads dropped due to the lack of a clone sequence, percent of total: 5828 (0.01%)
Reads dropped due to a too short clonal sequence, percent of total: 0 (0%)
Reads dropped due to low quality, percent of total: 0 (0%)
Reads dropped due to failed mapping, percent of total: 32 (0%)
Reads dropped with low quality clones, percent of total: 0 (0%)
Aligned reads processed: 1331
Reads used in clonotypes before clustering, percent of total: 1299 (0%)
Number of reads used as a core, percent of used: 1293 (99.54%)
Mapped low quality reads, percent of used: 6 (0.46%)
Reads clustered in PCR error correction, percent of used: 0 (0%)
Reads pre-clustered due to the similar VJC-lists, percent of used: 0 (0%)
Clonotypes dropped as low quality: 0
Clonotypes eliminated by PCR error correction: 0
Clonotypes pre-clustered due to the similar VJC-lists: 0
Clones dropped in post filtering: 0 (0%)
Reads dropped in post filtering: 0.0 (0%)
Reads filtered by tag prefix: 0 (0%)
TRA chains: 1 (0.2%)
TRA non-functional: 1 (100%)
TRB chains: 3 (0.61%)
TRB non-functional: 1 (33.33%)
IGH chains: 128 (25.91%)
IGH non-functional: 3 (2.34%)
IGK chains: 251 (50.81%)
IGK non-functional: 11 (4.38%)
IGL chains: 111 (22.47%)
IGL non-functional: 1 (0.9%)

>>>>>>>>>>>>>>>>>> mixcr assembleContigs <<<<<<<<<<<<<<<<<<
Running:
mixcr assembleContigs --report /projects/rpci/songyao/pnfioric/arc_project/airr_calculation/tcr_quant/results/mixcr_RS-04396723.assembleContigs.report.txt --json-report /projects/rpci/songyao/pnfioric/arc_project/airr_calculation/tcr_quant/results/mixcr_RS-04396723.assembleContigs.report.json --threads 12 /projects/rpci/songyao/pnfioric/arc_project/airr_calculation/tcr_quant/results/mixcr_RS-04396723.clna /projects/rpci/songyao/pnfioric/arc_project/airr_calculation/tcr_quant/results/mixcr_RS-04396723.contigs.clns
Assembling contigs: 0%
================= report: assembleContigs =================
Analysis time: 539ms
Initial clonotype count: 494
Final clonotype count: 494 (100%)
Canceled assemblies: 0 (0%)
Clones filtered out after assemble: 0 (0%)
Number of premature termination assembly events, percent of number of initial clonotypes: 0.0 (0%)
Longest contig length: 290
Clustered variants: 0 (0%)
Reads in clustered variants: 0.0 (0%)
Reads in divided (newly created) clones: 0.0 (0%)
Clones with ambiguous letters in splitting region: 0 (0%)
Reads in clones with ambiguous letters in splitting region: 0.0 (0%)
Average number of ambiguous letters per clone with ambiguous letters in splitting region: NaN
Clones combined after clustering: 0 (0%)

>>>>>>>>>>>>>>>>>>>>>>>>> mixcr qc <<<<<<<<<<<<<<<<<<<<<<<<<
Running:
mixcr qc --print-to-stdout /projects/rpci/songyao/pnfioric/arc_project/airr_calculation/tcr_quant/results/mixcr_RS-04396723.contigs.clns /projects/rpci/songyao/pnfioric/arc_project/airr_calculation/tcr_quant/results/mixcr_RS-04396723.qc.txt /projects/rpci/songyao/pnfioric/arc_project/airr_calculation/tcr_quant/results/mixcr_RS-04396723.qc.json

  Alignments dropped due to low sequence quality: 0.0% [OK]

>>>>>>>>>>>>>>>>>>>> mixcr exportClones <<<<<<<<<<<<<<<<<<<<
Running:
mixcr exportClones /projects/rpci/songyao/pnfioric/arc_project/airr_calculation/tcr_quant/results/mixcr_RS-04396723.contigs.clns /projects/rpci/songyao/pnfioric/arc_project/airr_calculation/tcr_quant/results/mixcr_RS-04396723.clones.tsv
Analysis finished successfully.
===============================
Visualize results and simplify your immune data analysis with a convenient UI.
Explore and install Platforma.bio here: https://platforma.bio
