Exporting TRB
Exporting clones: 33.3%
Filtered 3 of 434 clones (99.31%).
Filtered 4.0 of 1203.0 reads (99.67%).
Exporting TRA
Exporting clones: 8.3%
Filtered 12 of 434 clones (97.24%).
Filtered 21.0 of 1203.0 reads (98.25%).
Exporting IGH
Exporting clones: 0.9%
Filtered 112 of 434 clones (74.19%).
Filtered 261.0 of 1203.0 reads (78.3%).
Exporting TRG
Exporting clones: 100%
Filtered 1 of 434 clones (99.77%).
Filtered 5.0 of 1203.0 reads (99.58%).
Exporting IGL
Exporting clones: 1.9%
Filtered 107 of 434 clones (75.35%).
Filtered 294.0 of 1203.0 reads (75.56%).
Exporting IGK
Exporting clones: 0.5%
Filtered 199 of 434 clones (54.15%).
Filtered 618.0 of 1203.0 reads (48.63%).
