Exporting TRB
Exporting clones: 33.3%
Filtered 3 of 61 clones (95.08%).
Filtered 10.0 of 229.0 reads (95.63%).
Exporting IGH
Exporting clones: 7.1%
Filtered 14 of 61 clones (77.05%).
Filtered 42.0 of 229.0 reads (81.66%).
Exporting TRG
Exporting clones: 100%
Filtered 1 of 61 clones (98.36%).
Filtered 6.0 of 229.0 reads (97.38%).
Exporting IGL
Exporting clones: 7.7%
Filtered 13 of 61 clones (78.69%).
Filtered 60.0 of 229.0 reads (73.8%).
Exporting IGK
Exporting clones: 3.3%
Filtered 30 of 61 clones (50.82%).
Filtered 111.0 of 229.0 reads (51.53%).
