WARNING: sun.reflect.Reflection.getCallerClass is not supported. This will impact performance.

>>>>>>>>>>>>>>>>>>>>>>> mixcr align <<<<<<<<<<<<<<<<<<<<<<<
Running:
mixcr align --report /projects/rpci/songyao/pnfioric/arc_project/airr_calculation/tcr_quant/results/mixcr_RS-04396782.align.report.txt --json-report /projects/rpci/songyao/pnfioric/arc_project/airr_calculation/tcr_quant/results/mixcr_RS-04396782.align.report.json --threads 12 --preset rna-seq --save-output-file-names /projects/rpci/songyao/pnfioric/arc_project/airr_calculation/tcr_quant/results/mixcr_RS-04396782.align.list.tsv --species hsa /projects/rpci/songyao/pnfioric/arc_project/airr_calculation/fastq_files/RS-04396782/RS-04396782_SFOS10019159-B3_RS-03837509_S121_R1_001.fastq.gz /projects/rpci/songyao/pnfioric/arc_project/airr_calculation/fastq_files/RS-04396782/RS-04396782_SFOS10019159-B3_RS-03837509_S121_R2_001.fastq.gz /projects/rpci/songyao/pnfioric/arc_project/airr_calculation/tcr_quant/results/mixcr_RS-04396782.alignments.vdjca
Alignment: 0%
Alignment: 2.8%  ETA: 01:08:44
Alignment: 5.7%  ETA: 01:05:11
Alignment: 8.6%  ETA: 01:03:12
Alignment: 11.5%  ETA: 01:01:40
Alignment: 14.4%  ETA: 00:59:39
Alignment: 17.3%  ETA: 00:56:20
Alignment: 20.2%  ETA: 00:54:20
Alignment: 23.1%  ETA: 00:53:10
Alignment: 26%  ETA: 00:51:09
Alignment: 28.8%  ETA: 00:50:20
Alignment: 31.7%  ETA: 00:47:34
Alignment: 34.6%  ETA: 00:45:56
Alignment: 37.4%  ETA: 00:43:55
Alignment: 40.3%  ETA: 00:41:56
Alignment: 43.2%  ETA: 00:39:18
Alignment: 46%  ETA: 00:37:37
Alignment: 48.9%  ETA: 00:35:36
Alignment: 51.7%  ETA: 00:33:52
Alignment: 54.6%  ETA: 00:31:37
Alignment: 57.5%  ETA: 00:29:52
Alignment: 60.3%  ETA: 00:27:51
Alignment: 63.2%  ETA: 00:25:51
Alignment: 66.1%  ETA: 00:23:28
Alignment: 68.9%  ETA: 00:21:28
Alignment: 71.8%  ETA: 00:19:28
Alignment: 74.7%  ETA: 00:17:28
Alignment: 77.6%  ETA: 00:15:44
Alignment: 80.4%  ETA: 00:13:44
Alignment: 83.3%  ETA: 00:11:44
Alignment: 86.1%  ETA: 00:09:44
Alignment: 89%  ETA: 00:07:44
Alignment: 91.9%  ETA: 00:05:37
Alignment: 94.8%  ETA: 00:03:34
Alignment: 97.7%  ETA: 00:01:36
====================== report: align ======================
Analysis time: 69.66m
Total sequencing reads: 88318265
Successfully aligned reads: 14097 (0.02%)
Coverage (percent of successfully aligned):
  CDR3: 4541 (32.21%)
  FR3_TO_FR4: 29 (0.21%)
  CDR2_TO_FR4: 7 (0.05%)
  FR2_TO_FR4: 0 (0%)
  CDR1_TO_FR4: 2 (0.01%)
  VDJRegion: 2 (0.01%)
Alignment failed: no hits (not TCR/IG?): 86041950 (97.42%)
Alignment failed after alignment-aided overlap: 3 (0%)
Alignment failed: no CDR3 parts: 42141 (0.05%)
Alignment failed: low total score: 2220074 (2.51%)
Overlapped: 77479228 (87.73%)
Overlapped and aligned: 13179 (0.01%)
Overlapped and not aligned: 77466049 (87.71%)
Alignment-aided overlaps, percent of overlapped and aligned: 308 (2.34%)
No CDR3 parts alignments, percent of successfully aligned: 288 (2.04%)
Partial aligned reads, percent of successfully aligned: 9268 (65.74%)
V gene chimeras: 1 (0%)
J gene chimeras: 9 (0%)
Paired-end alignment conflicts eliminated: 2 (0%)
Realigned with forced non-floating bound: 21678690 (24.55%)
Realigned with forced non-floating right bound in left read: 1276 (0%)
Realigned with forced non-floating left bound in right read: 1276 (0%)
TRA chains: 460 (3.26%)
TRA non-functional: 6 (1.3%)
TRB chains: 174 (1.23%)
TRB non-functional: 1 (0.57%)
TRD chains: 3 (0.02%)
TRD non-functional: 0 (0%)
TRG chains: 46 (0.33%)
TRG non-functional: 15 (32.61%)
IGH chains: 4079 (28.94%)
IGH non-functional: 17 (0.42%)
TRAD chains: 23 (0.16%)
TRAD non-functional: 0 (0%)
IGK chains: 6590 (46.75%)
IGK non-functional: 101 (1.53%)
IGL chains: 2722 (19.31%)
IGL non-functional: 13 (0.48%)
Trimming report:
  R1 reads trimmed left: 82979 (0.09%)
  R1 reads trimmed right: 88830 (0.1%)
  Average R1 nucleotides trimmed left: 0.015967252074075504
  Average R1 nucleotides trimmed right: 0.019137875953518787
  R2 reads trimmed left: 85716 (0.1%)
  R2 reads trimmed right: 85693 (0.1%)
  Average R2 nucleotides trimmed left: 0.01584556716552346
  Average R2 nucleotides trimmed right: 0.017070659166594816

>>>>>>>>>>>>>>>>>> mixcr assemblePartial <<<<<<<<<<<<<<<<<<
Running:
mixcr assemblePartial --report /projects/rpci/songyao/pnfioric/arc_project/airr_calculation/tcr_quant/results/mixcr_RS-04396782.assemblePartial.report.txt --json-report /projects/rpci/songyao/pnfioric/arc_project/airr_calculation/tcr_quant/results/mixcr_RS-04396782.assemblePartial.report.json /projects/rpci/songyao/pnfioric/arc_project/airr_calculation/tcr_quant/results/mixcr_RS-04396782.alignments.vdjca /projects/rpci/songyao/pnfioric/arc_project/airr_calculation/tcr_quant/results/mixcr_RS-04396782.passembled.1.vdjca
Building index: 0%
Searching for overlaps: 0%
================= report: assemblePartial =================
Analysis time: 795ms
Total alignments analysed: 14097
Number of output alignments: 13841 (98.18%)
Alignments already with CDR3 (no overlapping is performed): 4650 (32.99%)
Successfully overlapped alignments: 256 (1.82%)
Left parts with too small N-region (failed to extract k-mer): 2322 (16.47%)
Extracted k-mer diversity: 6786
Dropped due to wildcard in k-mer: 0 (0%)
Dropped due to too short NRegion parts in overlap: 165 (1.17%)
Dropped overlaps with empty N region due to no complete NDN coverage: 2 (0.01%)
Number of left-side alignments: 1520 (10.78%)
Number of right-side alignments: 5646 (40.05%)
Complex overlaps: 0 (0%)
Over-overlaps: 0 (0%)
Partial alignments written to output: 8935 (63.38%)

>>>>>>>>>>>>>>>>>> mixcr assemblePartial <<<<<<<<<<<<<<<<<<
Running:
mixcr assemblePartial --report /projects/rpci/songyao/pnfioric/arc_project/airr_calculation/tcr_quant/results/mixcr_RS-04396782.assemblePartial.report.txt --json-report /projects/rpci/songyao/pnfioric/arc_project/airr_calculation/tcr_quant/results/mixcr_RS-04396782.assemblePartial.report.json /projects/rpci/songyao/pnfioric/arc_project/airr_calculation/tcr_quant/results/mixcr_RS-04396782.passembled.1.vdjca /projects/rpci/songyao/pnfioric/arc_project/airr_calculation/tcr_quant/results/mixcr_RS-04396782.passembled.2.vdjca
Building index: 0%
Searching for overlaps: 0%
================= report: assemblePartial =================
Analysis time: 297ms
Total alignments analysed: 13841
Number of output alignments: 13839 (99.99%)
Alignments already with CDR3 (no overlapping is performed): 4905 (35.44%)
Successfully overlapped alignments: 2 (0.01%)
Left parts with too small N-region (failed to extract k-mer): 2319 (16.75%)
Extracted k-mer diversity: 6427
Dropped due to wildcard in k-mer: 0 (0%)
Dropped due to too short NRegion parts in overlap: 113 (0.82%)
Dropped overlaps with empty N region due to no complete NDN coverage: 2 (0.01%)
Number of left-side alignments: 1265 (9.14%)
Number of right-side alignments: 5390 (38.94%)
Complex overlaps: 0 (0%)
Over-overlaps: 1 (0.01%)
Partial alignments written to output: 8932 (64.53%)

>>>>>>>>>>>>>>>>>>>>>>> mixcr extend <<<<<<<<<<<<<<<<<<<<<<<
Running:
mixcr extend --report /projects/rpci/songyao/pnfioric/arc_project/airr_calculation/tcr_quant/results/mixcr_RS-04396782.extend.report.txt --json-report /projects/rpci/songyao/pnfioric/arc_project/airr_calculation/tcr_quant/results/mixcr_RS-04396782.extend.report.json --threads 12 /projects/rpci/songyao/pnfioric/arc_project/airr_calculation/tcr_quant/results/mixcr_RS-04396782.passembled.2.vdjca /projects/rpci/songyao/pnfioric/arc_project/airr_calculation/tcr_quant/results/mixcr_RS-04396782.extended.vdjca
Extending alignments: 0%
====================== report: extend ======================
Analysis time: 132ms
Extended alignments count: 0 (0%)
V extensions total: 0 (0%)
V extensions with merged targets: 0 (0%)
J extensions total: 0 (0%)
J extensions with merged targets: 0 (0%)
V+J extensions: 0 (0%)
Mean V extension length: NaN
Mean J extension length: NaN

>>>>>>>>>>>>>>>>>>>>>> mixcr assemble <<<<<<<<<<<<<<<<<<<<<<
Running:
mixcr assemble --report /projects/rpci/songyao/pnfioric/arc_project/airr_calculation/tcr_quant/results/mixcr_RS-04396782.assemble.report.txt --json-report /projects/rpci/songyao/pnfioric/arc_project/airr_calculation/tcr_quant/results/mixcr_RS-04396782.assemble.report.json /projects/rpci/songyao/pnfioric/arc_project/airr_calculation/tcr_quant/results/mixcr_RS-04396782.extended.vdjca /projects/rpci/songyao/pnfioric/arc_project/airr_calculation/tcr_quant/results/mixcr_RS-04396782.clna
Initialization: progress unknown
Building clones: 97.1%
Initialization: progress unknown
Writing alignments: 86%
===================== report: assemble =====================
Analysis time: 1.39s
Final clonotype count: 1120
Reads used in clonotypes, percent of total: 4927 (0.01%)
Average number of reads per clonotype: 4.4
Reads dropped due to the lack of a clone sequence, percent of total: 9044 (0.01%)
Reads dropped due to a too short clonal sequence, percent of total: 0 (0%)
Reads dropped due to low quality, percent of total: 0 (0%)
Reads dropped due to failed mapping, percent of total: 71 (0%)
Reads dropped with low quality clones, percent of total: 0 (0%)
Aligned reads processed: 5053
Reads used in clonotypes before clustering, percent of total: 4982 (0.01%)
Number of reads used as a core, percent of used: 4930 (98.96%)
Mapped low quality reads, percent of used: 52 (1.04%)
Reads clustered in PCR error correction, percent of used: 55 (1.1%)
Reads pre-clustered due to the similar VJC-lists, percent of used: 0 (0%)
Clonotypes dropped as low quality: 0
Clonotypes eliminated by PCR error correction: 43
Clonotypes pre-clustered due to the similar VJC-lists: 0
Clones dropped in post filtering: 0 (0%)
Reads dropped in post filtering: 0.0 (0%)
Reads filtered by tag prefix: 0 (0%)
TRA chains: 7 (0.62%)
TRA non-functional: 4 (57.14%)
TRB chains: 7 (0.62%)
TRB non-functional: 1 (14.29%)
TRG chains: 3 (0.27%)
TRG non-functional: 3 (100%)
IGH chains: 300 (26.79%)
IGH non-functional: 6 (2%)
IGK chains: 603 (53.84%)
IGK non-functional: 50 (8.29%)
IGL chains: 200 (17.86%)
IGL non-functional: 5 (2.5%)

>>>>>>>>>>>>>>>>>> mixcr assembleContigs <<<<<<<<<<<<<<<<<<
Running:
mixcr assembleContigs --report /projects/rpci/songyao/pnfioric/arc_project/airr_calculation/tcr_quant/results/mixcr_RS-04396782.assembleContigs.report.txt --json-report /projects/rpci/songyao/pnfioric/arc_project/airr_calculation/tcr_quant/results/mixcr_RS-04396782.assembleContigs.report.json --threads 12 /projects/rpci/songyao/pnfioric/arc_project/airr_calculation/tcr_quant/results/mixcr_RS-04396782.clna /projects/rpci/songyao/pnfioric/arc_project/airr_calculation/tcr_quant/results/mixcr_RS-04396782.contigs.clns
Assembling contigs: 0%
================= report: assembleContigs =================
Analysis time: 995ms
Initial clonotype count: 1120
Final clonotype count: 1120 (100%)
Canceled assemblies: 0 (0%)
Clones filtered out after assemble: 0 (0%)
Number of premature termination assembly events, percent of number of initial clonotypes: 0.0 (0%)
Longest contig length: 392
Clustered variants: 0 (0%)
Reads in clustered variants: 0.0 (0%)
Reads in divided (newly created) clones: 0.0 (0%)
Clones with ambiguous letters in splitting region: 0 (0%)
Reads in clones with ambiguous letters in splitting region: 0.0 (0%)
Average number of ambiguous letters per clone with ambiguous letters in splitting region: NaN
Clones combined after clustering: 0 (0%)

>>>>>>>>>>>>>>>>>>>>>>>>> mixcr qc <<<<<<<<<<<<<<<<<<<<<<<<<
Running:
mixcr qc --print-to-stdout /projects/rpci/songyao/pnfioric/arc_project/airr_calculation/tcr_quant/results/mixcr_RS-04396782.contigs.clns /projects/rpci/songyao/pnfioric/arc_project/airr_calculation/tcr_quant/results/mixcr_RS-04396782.qc.txt /projects/rpci/songyao/pnfioric/arc_project/airr_calculation/tcr_quant/results/mixcr_RS-04396782.qc.json

  Alignments dropped due to low sequence quality: 0.0% [OK]

>>>>>>>>>>>>>>>>>>>> mixcr exportClones <<<<<<<<<<<<<<<<<<<<
Running:
mixcr exportClones /projects/rpci/songyao/pnfioric/arc_project/airr_calculation/tcr_quant/results/mixcr_RS-04396782.contigs.clns /projects/rpci/songyao/pnfioric/arc_project/airr_calculation/tcr_quant/results/mixcr_RS-04396782.clones.tsv
Analysis finished successfully.
===============================
Visualize results and simplify your immune data analysis with a convenient UI.
Explore and install Platforma.bio here: https://platforma.bio
