Exporting TRB
Exporting clones: 100%
Filtered 1 of 376 clones (99.73%).
Filtered 4.0 of 4812.0 reads (99.92%).
Exporting TRA
Exporting clones: 33.3%
Filtered 3 of 376 clones (99.2%).
Filtered 7.0 of 4812.0 reads (99.85%).
Exporting IGH
Exporting clones: 0.9%
Filtered 107 of 376 clones (71.54%).
Filtered 753.0 of 4812.0 reads (84.35%).
Exporting TRG
Exporting clones: 100%
Filtered 1 of 376 clones (99.73%).
Filtered 4.0 of 4812.0 reads (99.92%).
Exporting IGL
Exporting clones: 1.5%
Filtered 66 of 376 clones (82.45%).
Filtered 1038.0 of 4812.0 reads (78.43%).
Exporting IGK
Exporting clones: 0.5%
Filtered 198 of 376 clones (47.34%).
Filtered 3006.0 of 4812.0 reads (37.53%).
