WARNING: sun.reflect.Reflection.getCallerClass is not supported. This will impact performance.

>>>>>>>>>>>>>>>>>>>>>>> mixcr align <<<<<<<<<<<<<<<<<<<<<<<
Running:
mixcr align --report /projects/rpci/songyao/pnfioric/arc_project/airr_calculation/tcr_quant/results/mixcr_RS-04367337.align.report.txt --json-report /projects/rpci/songyao/pnfioric/arc_project/airr_calculation/tcr_quant/results/mixcr_RS-04367337.align.report.json --threads 12 --preset rna-seq --save-output-file-names /projects/rpci/songyao/pnfioric/arc_project/airr_calculation/tcr_quant/results/mixcr_RS-04367337.align.list.tsv --species hsa /projects/rpci/songyao/pnfioric/arc_project/airr_calculation/fastq_files/RS-04367337/RS-04367337_A674-99-S10_RS-04036671_S3_R1_001.fastq.gz /projects/rpci/songyao/pnfioric/arc_project/airr_calculation/fastq_files/RS-04367337/RS-04367337_A674-99-S10_RS-04036671_S3_R2_001.fastq.gz /projects/rpci/songyao/pnfioric/arc_project/airr_calculation/tcr_quant/results/mixcr_RS-04367337.alignments.vdjca
Alignment: 0%
Alignment: 6.5%  ETA: 00:28:36
Alignment: 13.1%  ETA: 00:26:20
Alignment: 19.7%  ETA: 00:24:20
Alignment: 26.3%  ETA: 00:22:20
Alignment: 32.8%  ETA: 00:20:46
Alignment: 39.3%  ETA: 00:18:46
Alignment: 45.8%  ETA: 00:16:35
Alignment: 52.2%  ETA: 00:14:55
Alignment: 58.6%  ETA: 00:12:55
Alignment: 65%  ETA: 00:10:55
Alignment: 71.5%  ETA: 00:08:48
Alignment: 77.9%  ETA: 00:06:54
Alignment: 84.4%  ETA: 00:04:50
Alignment: 90.9%  ETA: 00:02:47
Alignment: 97.4%  ETA: 00:00:47
====================== report: align ======================
Analysis time: 30.82m
Total sequencing reads: 31244493
Successfully aligned reads: 551 (0%)
Coverage (percent of successfully aligned):
  CDR3: 0 (0%)
  FR3_TO_FR4: 0 (0%)
  CDR2_TO_FR4: 0 (0%)
  FR2_TO_FR4: 0 (0%)
  CDR1_TO_FR4: 0 (0%)
  VDJRegion: 0 (0%)
Alignment failed: no hits (not TCR/IG?): 30421575 (97.37%)
Alignment failed: no CDR3 parts: 9497 (0.03%)
Alignment failed: low total score: 812870 (2.6%)
Overlapped: 20355516 (65.15%)
Overlapped and aligned: 461 (0%)
Overlapped and not aligned: 20355055 (65.15%)
Alignment-aided overlaps, percent of overlapped and aligned: 0 (0%)
Partial aligned reads, percent of successfully aligned: 551 (100%)
Realigned with forced non-floating bound: 21777954 (69.7%)
Realigned with forced non-floating right bound in left read: 723 (0%)
Realigned with forced non-floating left bound in right read: 723 (0%)
TRA chains: 234 (42.47%)
TRA non-functional: 0 (0%)
TRB chains: 19 (3.45%)
TRB non-functional: 0 (0%)
IGH chains: 105 (19.06%)
IGH non-functional: 0 (0%)
IGK chains: 193 (35.03%)
IGK non-functional: 0 (0%)
Trimming report:
  R1 reads trimmed left: 1084156 (3.47%)
  R1 reads trimmed right: 1095849 (3.51%)
  Average R1 nucleotides trimmed left: 0.589884335777188
  Average R1 nucleotides trimmed right: 0.626725484071705
  R2 reads trimmed left: 1071281 (3.43%)
  R2 reads trimmed right: 1082791 (3.47%)
  Average R2 nucleotides trimmed left: 0.5824365913058663
  Average R2 nucleotides trimmed right: 0.6198224755959394

>>>>>>>>>>>>>>>>>> mixcr assemblePartial <<<<<<<<<<<<<<<<<<
Running:
mixcr assemblePartial --report /projects/rpci/songyao/pnfioric/arc_project/airr_calculation/tcr_quant/results/mixcr_RS-04367337.assemblePartial.report.txt --json-report /projects/rpci/songyao/pnfioric/arc_project/airr_calculation/tcr_quant/results/mixcr_RS-04367337.assemblePartial.report.json /projects/rpci/songyao/pnfioric/arc_project/airr_calculation/tcr_quant/results/mixcr_RS-04367337.alignments.vdjca /projects/rpci/songyao/pnfioric/arc_project/airr_calculation/tcr_quant/results/mixcr_RS-04367337.passembled.1.vdjca
Building index: 0%
Searching for overlaps: 0.2%
================= report: assemblePartial =================
Analysis time: 149ms
Total alignments analysed: 551
Number of output alignments: 551 (100%)
Alignments already with CDR3 (no overlapping is performed): 0 (0%)
Successfully overlapped alignments: 0 (0%)
Left parts with too small N-region (failed to extract k-mer): 23 (4.17%)
Extracted k-mer diversity: 105
Dropped due to wildcard in k-mer: 0 (0%)
Dropped due to too short NRegion parts in overlap: 0 (0%)
Dropped overlaps with empty N region due to no complete NDN coverage: 0 (0%)
Number of left-side alignments: 129 (23.41%)
Number of right-side alignments: 399 (72.41%)
Complex overlaps: 0 (0%)
Over-overlaps: 0 (0%)
Partial alignments written to output: 551 (100%)

>>>>>>>>>>>>>>>>>> mixcr assemblePartial <<<<<<<<<<<<<<<<<<
Running:
mixcr assemblePartial --report /projects/rpci/songyao/pnfioric/arc_project/airr_calculation/tcr_quant/results/mixcr_RS-04367337.assemblePartial.report.txt --json-report /projects/rpci/songyao/pnfioric/arc_project/airr_calculation/tcr_quant/results/mixcr_RS-04367337.assemblePartial.report.json /projects/rpci/songyao/pnfioric/arc_project/airr_calculation/tcr_quant/results/mixcr_RS-04367337.passembled.1.vdjca /projects/rpci/songyao/pnfioric/arc_project/airr_calculation/tcr_quant/results/mixcr_RS-04367337.passembled.2.vdjca
Building index: 0%
Searching for overlaps: 0.5%
================= report: assemblePartial =================
Analysis time: 91ms
Total alignments analysed: 551
Number of output alignments: 551 (100%)
Alignments already with CDR3 (no overlapping is performed): 0 (0%)
Successfully overlapped alignments: 0 (0%)
Left parts with too small N-region (failed to extract k-mer): 23 (4.17%)
Extracted k-mer diversity: 105
Dropped due to wildcard in k-mer: 0 (0%)
Dropped due to too short NRegion parts in overlap: 0 (0%)
Dropped overlaps with empty N region due to no complete NDN coverage: 0 (0%)
Number of left-side alignments: 129 (23.41%)
Number of right-side alignments: 399 (72.41%)
Complex overlaps: 0 (0%)
Over-overlaps: 0 (0%)
Partial alignments written to output: 551 (100%)

>>>>>>>>>>>>>>>>>>>>>>> mixcr extend <<<<<<<<<<<<<<<<<<<<<<<
Running:
mixcr extend --report /projects/rpci/songyao/pnfioric/arc_project/airr_calculation/tcr_quant/results/mixcr_RS-04367337.extend.report.txt --json-report /projects/rpci/songyao/pnfioric/arc_project/airr_calculation/tcr_quant/results/mixcr_RS-04367337.extend.report.json --threads 12 /projects/rpci/songyao/pnfioric/arc_project/airr_calculation/tcr_quant/results/mixcr_RS-04367337.passembled.2.vdjca /projects/rpci/songyao/pnfioric/arc_project/airr_calculation/tcr_quant/results/mixcr_RS-04367337.extended.vdjca
Extending alignments: 0%
====================== report: extend ======================
Analysis time: 10ms
Extended alignments count: 0 (0%)
V extensions total: 0 (0%)
V extensions with merged targets: 0 (0%)
J extensions total: 0 (0%)
J extensions with merged targets: 0 (0%)
V+J extensions: 0 (0%)
Mean V extension length: NaN
Mean J extension length: NaN

>>>>>>>>>>>>>>>>>>>>>> mixcr assemble <<<<<<<<<<<<<<<<<<<<<<
Running:
mixcr assemble --report /projects/rpci/songyao/pnfioric/arc_project/airr_calculation/tcr_quant/results/mixcr_RS-04367337.assemble.report.txt --json-report /projects/rpci/songyao/pnfioric/arc_project/airr_calculation/tcr_quant/results/mixcr_RS-04367337.assemble.report.json /projects/rpci/songyao/pnfioric/arc_project/airr_calculation/tcr_quant/results/mixcr_RS-04367337.extended.vdjca /projects/rpci/songyao/pnfioric/arc_project/airr_calculation/tcr_quant/results/mixcr_RS-04367337.clna
Initialization: progress unknown
Initialization: progress unknown
===================== report: assemble =====================
Analysis time: 146ms
Final clonotype count: 0
Reads used in clonotypes, percent of total: 0 (0%)
Average number of reads per clonotype: NaN
Reads dropped due to the lack of a clone sequence, percent of total: 551 (0%)
Reads dropped due to a too short clonal sequence, percent of total: 0 (0%)
Reads dropped due to low quality, percent of total: 0 (0%)
Reads dropped due to failed mapping, percent of total: 0 (0%)
Reads dropped with low quality clones, percent of total: 0 (0%)
Aligned reads processed: 0
Reads used in clonotypes before clustering, percent of total: 0 (0%)
Number of reads used as a core, percent of used: 0 (NaN%)
Mapped low quality reads, percent of used: 0 (NaN%)
Reads clustered in PCR error correction, percent of used: 0 (NaN%)
Reads pre-clustered due to the similar VJC-lists, percent of used: 0 (NaN%)
Clonotypes dropped as low quality: 0
Clonotypes eliminated by PCR error correction: 0
Clonotypes pre-clustered due to the similar VJC-lists: 0
Clones dropped in post filtering: 0 (NaN%)
Reads dropped in post filtering: 0.0 (0%)
Reads filtered by tag prefix: 0 (0%)

>>>>>>>>>>>>>>>>>> mixcr assembleContigs <<<<<<<<<<<<<<<<<<
Running:
mixcr assembleContigs --report /projects/rpci/songyao/pnfioric/arc_project/airr_calculation/tcr_quant/results/mixcr_RS-04367337.assembleContigs.report.txt --json-report /projects/rpci/songyao/pnfioric/arc_project/airr_calculation/tcr_quant/results/mixcr_RS-04367337.assembleContigs.report.json --threads 12 /projects/rpci/songyao/pnfioric/arc_project/airr_calculation/tcr_quant/results/mixcr_RS-04367337.clna /projects/rpci/songyao/pnfioric/arc_project/airr_calculation/tcr_quant/results/mixcr_RS-04367337.contigs.clns
Assembling contigs: 0%
================= report: assembleContigs =================
Analysis time: 55ms
Initial clonotype count: 0
Final clonotype count: 0 (NaN%)
Canceled assemblies: 0 (NaN%)
Clones filtered out after assemble: 0 (NaN%)
Number of premature termination assembly events, percent of number of initial clonotypes: 0.0 (NaN%)
Longest contig length: 0
Clustered variants: 0 (NaN%)
Reads in clustered variants: 0.0 (NaN%)
Reads in divided (newly created) clones: 0.0 (NaN%)
Clones with ambiguous letters in splitting region: 0 (NaN%)
Reads in clones with ambiguous letters in splitting region: 0.0 (NaN%)
Average number of ambiguous letters per clone with ambiguous letters in splitting region: NaN
Clones combined after clustering: 0 (NaN%)

>>>>>>>>>>>>>>>>>>>>>>>>> mixcr qc <<<<<<<<<<<<<<<<<<<<<<<<<
Running:
mixcr qc --print-to-stdout /projects/rpci/songyao/pnfioric/arc_project/airr_calculation/tcr_quant/results/mixcr_RS-04367337.contigs.clns /projects/rpci/songyao/pnfioric/arc_project/airr_calculation/tcr_quant/results/mixcr_RS-04367337.qc.txt /projects/rpci/songyao/pnfioric/arc_project/airr_calculation/tcr_quant/results/mixcr_RS-04367337.qc.json

  Alignments dropped due to low sequence quality: 0.0% [OK]

>>>>>>>>>>>>>>>>>>>> mixcr exportClones <<<<<<<<<<<<<<<<<<<<
Running:
mixcr exportClones /projects/rpci/songyao/pnfioric/arc_project/airr_calculation/tcr_quant/results/mixcr_RS-04367337.contigs.clns /projects/rpci/songyao/pnfioric/arc_project/airr_calculation/tcr_quant/results/mixcr_RS-04367337.clones.tsv
Analysis finished successfully.
===============================
Visualize results and simplify your immune data analysis with a convenient UI.
Explore and install Platforma.bio here: https://platforma.bio
