WARNING: sun.reflect.Reflection.getCallerClass is not supported. This will impact performance.

>>>>>>>>>>>>>>>>>>>>>>> mixcr align <<<<<<<<<<<<<<<<<<<<<<<
Running:
mixcr align --report /projects/rpci/songyao/pnfioric/arc_project/airr_calculation/tcr_quant/results/mixcr_RS-04165459.align.report.txt --json-report /projects/rpci/songyao/pnfioric/arc_project/airr_calculation/tcr_quant/results/mixcr_RS-04165459.align.report.json --threads 12 --preset rna-seq --save-output-file-names /projects/rpci/songyao/pnfioric/arc_project/airr_calculation/tcr_quant/results/mixcr_RS-04165459.align.list.tsv --species hsa /projects/rpci/songyao/pnfioric/arc_project/airr_calculation/fastq_files/RS-04165459/RS-04416993_1052743-C7_RS-04165459_S2_R1_001.fastq.gz /projects/rpci/songyao/pnfioric/arc_project/airr_calculation/fastq_files/RS-04165459/RS-04416993_1052743-C7_RS-04165459_S2_R2_001.fastq.gz /projects/rpci/songyao/pnfioric/arc_project/airr_calculation/tcr_quant/results/mixcr_RS-04165459.alignments.vdjca
Alignment: 0%
Alignment: 6.1%  ETA: 00:30:35
Alignment: 12.3%  ETA: 00:28:26
Alignment: 18.6%  ETA: 00:26:02
Alignment: 24.8%  ETA: 00:24:01
Alignment: 31%  ETA: 00:22:30
Alignment: 37.1%  ETA: 00:20:29
Alignment: 43.3%  ETA: 00:18:18
Alignment: 49.5%  ETA: 00:16:12
Alignment: 55.7%  ETA: 00:14:26
Alignment: 61.8%  ETA: 00:12:26
Alignment: 68%  ETA: 00:10:23
Alignment: 74.2%  ETA: 00:08:20
Alignment: 80.3%  ETA: 00:06:25
Alignment: 86.5%  ETA: 00:04:23
Alignment: 92.7%  ETA: 00:02:22
Alignment: 98.9%  ETA: 00:00:20
====================== report: align ======================
Analysis time: 32.38m
Total sequencing reads: 69620019
Successfully aligned reads: 1045 (0%)
Coverage (percent of successfully aligned):
  CDR3: 28 (2.68%)
  FR3_TO_FR4: 0 (0%)
  CDR2_TO_FR4: 0 (0%)
  FR2_TO_FR4: 0 (0%)
  CDR1_TO_FR4: 0 (0%)
  VDJRegion: 0 (0%)
Alignment failed: no hits (not TCR/IG?): 68253436 (98.04%)
Alignment failed: no CDR3 parts: 12957 (0.02%)
Alignment failed: low total score: 1352581 (1.94%)
Overlapped: 64219778 (92.24%)
Overlapped and aligned: 1044 (0%)
Overlapped and not aligned: 64218734 (92.24%)
Alignment-aided overlaps, percent of overlapped and aligned: 0 (0%)
Partial aligned reads, percent of successfully aligned: 1017 (97.32%)
Realigned with forced non-floating bound: 10800482 (15.51%)
Realigned with forced non-floating right bound in left read: 381 (0%)
Realigned with forced non-floating left bound in right read: 381 (0%)
TRA chains: 109 (10.43%)
TRA non-functional: 0 (0%)
TRB chains: 235 (22.49%)
TRB non-functional: 0 (0%)
TRG chains: 2 (0.19%)
TRG non-functional: 0 (0%)
TRAD chains: 93 (8.9%)
TRAD non-functional: 0 (0%)
IGH chains: 110 (10.53%)
IGH non-functional: 0 (0%)
IGK chains: 148 (14.16%)
IGK non-functional: 0 (0%)
IGL chains: 348 (33.3%)
IGL non-functional: 1 (0.29%)
Trimming report:
  R1 reads trimmed left: 2438125 (3.5%)
  R1 reads trimmed right: 2476796 (3.56%)
  Average R1 nucleotides trimmed left: 0.5953377720278991
  Average R1 nucleotides trimmed right: 0.6329054865670175
  R2 reads trimmed left: 2408527 (3.46%)
  R2 reads trimmed right: 2446857 (3.51%)
  Average R2 nucleotides trimmed left: 0.5880226490601791
  Average R2 nucleotides trimmed right: 0.6250680425697672

>>>>>>>>>>>>>>>>>> mixcr assemblePartial <<<<<<<<<<<<<<<<<<
Running:
mixcr assemblePartial --report /projects/rpci/songyao/pnfioric/arc_project/airr_calculation/tcr_quant/results/mixcr_RS-04165459.assemblePartial.report.txt --json-report /projects/rpci/songyao/pnfioric/arc_project/airr_calculation/tcr_quant/results/mixcr_RS-04165459.assemblePartial.report.json /projects/rpci/songyao/pnfioric/arc_project/airr_calculation/tcr_quant/results/mixcr_RS-04165459.alignments.vdjca /projects/rpci/songyao/pnfioric/arc_project/airr_calculation/tcr_quant/results/mixcr_RS-04165459.passembled.1.vdjca
Building index: 0%
Searching for overlaps: 0.1%
================= report: assemblePartial =================
Analysis time: 166ms
Total alignments analysed: 1045
Number of output alignments: 1045 (100%)
Alignments already with CDR3 (no overlapping is performed): 28 (2.68%)
Successfully overlapped alignments: 0 (0%)
Left parts with too small N-region (failed to extract k-mer): 355 (33.97%)
Extracted k-mer diversity: 397
Dropped due to wildcard in k-mer: 0 (0%)
Dropped due to too short NRegion parts in overlap: 0 (0%)
Dropped overlaps with empty N region due to no complete NDN coverage: 0 (0%)
Number of left-side alignments: 350 (33.49%)
Number of right-side alignments: 312 (29.86%)
Complex overlaps: 0 (0%)
Over-overlaps: 0 (0%)
Partial alignments written to output: 1017 (97.32%)

>>>>>>>>>>>>>>>>>> mixcr assemblePartial <<<<<<<<<<<<<<<<<<
Running:
mixcr assemblePartial --report /projects/rpci/songyao/pnfioric/arc_project/airr_calculation/tcr_quant/results/mixcr_RS-04165459.assemblePartial.report.txt --json-report /projects/rpci/songyao/pnfioric/arc_project/airr_calculation/tcr_quant/results/mixcr_RS-04165459.assemblePartial.report.json /projects/rpci/songyao/pnfioric/arc_project/airr_calculation/tcr_quant/results/mixcr_RS-04165459.passembled.1.vdjca /projects/rpci/songyao/pnfioric/arc_project/airr_calculation/tcr_quant/results/mixcr_RS-04165459.passembled.2.vdjca
Building index: 0%
Searching for overlaps: 1.6%
================= report: assemblePartial =================
Analysis time: 67ms
Total alignments analysed: 1045
Number of output alignments: 1045 (100%)
Alignments already with CDR3 (no overlapping is performed): 28 (2.68%)
Successfully overlapped alignments: 0 (0%)
Left parts with too small N-region (failed to extract k-mer): 355 (33.97%)
Extracted k-mer diversity: 397
Dropped due to wildcard in k-mer: 0 (0%)
Dropped due to too short NRegion parts in overlap: 0 (0%)
Dropped overlaps with empty N region due to no complete NDN coverage: 0 (0%)
Number of left-side alignments: 350 (33.49%)
Number of right-side alignments: 312 (29.86%)
Complex overlaps: 0 (0%)
Over-overlaps: 0 (0%)
Partial alignments written to output: 1017 (97.32%)

>>>>>>>>>>>>>>>>>>>>>>> mixcr extend <<<<<<<<<<<<<<<<<<<<<<<
Running:
mixcr extend --report /projects/rpci/songyao/pnfioric/arc_project/airr_calculation/tcr_quant/results/mixcr_RS-04165459.extend.report.txt --json-report /projects/rpci/songyao/pnfioric/arc_project/airr_calculation/tcr_quant/results/mixcr_RS-04165459.extend.report.json --threads 12 /projects/rpci/songyao/pnfioric/arc_project/airr_calculation/tcr_quant/results/mixcr_RS-04165459.passembled.2.vdjca /projects/rpci/songyao/pnfioric/arc_project/airr_calculation/tcr_quant/results/mixcr_RS-04165459.extended.vdjca
Extending alignments: 0%
====================== report: extend ======================
Analysis time: 10ms
Extended alignments count: 0 (0%)
V extensions total: 0 (0%)
V extensions with merged targets: 0 (0%)
J extensions total: 0 (0%)
J extensions with merged targets: 0 (0%)
V+J extensions: 0 (0%)
Mean V extension length: NaN
Mean J extension length: NaN

>>>>>>>>>>>>>>>>>>>>>> mixcr assemble <<<<<<<<<<<<<<<<<<<<<<
Running:
mixcr assemble --report /projects/rpci/songyao/pnfioric/arc_project/airr_calculation/tcr_quant/results/mixcr_RS-04165459.assemble.report.txt --json-report /projects/rpci/songyao/pnfioric/arc_project/airr_calculation/tcr_quant/results/mixcr_RS-04165459.assemble.report.json /projects/rpci/songyao/pnfioric/arc_project/airr_calculation/tcr_quant/results/mixcr_RS-04165459.extended.vdjca /projects/rpci/songyao/pnfioric/arc_project/airr_calculation/tcr_quant/results/mixcr_RS-04165459.clna
Initialization: progress unknown
Initialization: progress unknown
===================== report: assemble =====================
Analysis time: 190ms
Final clonotype count: 2
Reads used in clonotypes, percent of total: 27 (0%)
Average number of reads per clonotype: 13.5
Reads dropped due to the lack of a clone sequence, percent of total: 1017 (0%)
Reads dropped due to a too short clonal sequence, percent of total: 0 (0%)
Reads dropped due to low quality, percent of total: 0 (0%)
Reads dropped due to failed mapping, percent of total: 1 (0%)
Reads dropped with low quality clones, percent of total: 0 (0%)
Aligned reads processed: 28
Reads used in clonotypes before clustering, percent of total: 27 (0%)
Number of reads used as a core, percent of used: 26 (96.3%)
Mapped low quality reads, percent of used: 1 (3.7%)
Reads clustered in PCR error correction, percent of used: 0 (0%)
Reads pre-clustered due to the similar VJC-lists, percent of used: 0 (0%)
Clonotypes dropped as low quality: 0
Clonotypes eliminated by PCR error correction: 0
Clonotypes pre-clustered due to the similar VJC-lists: 0
Clones dropped in post filtering: 0 (0%)
Reads dropped in post filtering: 0.0 (0%)
Reads filtered by tag prefix: 0 (0%)
IGK chains: 1 (50%)
IGK non-functional: 0 (0%)
IGL chains: 1 (50%)
IGL non-functional: 0 (0%)

>>>>>>>>>>>>>>>>>> mixcr assembleContigs <<<<<<<<<<<<<<<<<<
Running:
mixcr assembleContigs --report /projects/rpci/songyao/pnfioric/arc_project/airr_calculation/tcr_quant/results/mixcr_RS-04165459.assembleContigs.report.txt --json-report /projects/rpci/songyao/pnfioric/arc_project/airr_calculation/tcr_quant/results/mixcr_RS-04165459.assembleContigs.report.json --threads 12 /projects/rpci/songyao/pnfioric/arc_project/airr_calculation/tcr_quant/results/mixcr_RS-04165459.clna /projects/rpci/songyao/pnfioric/arc_project/airr_calculation/tcr_quant/results/mixcr_RS-04165459.contigs.clns
Assembling contigs: 0%
================= report: assembleContigs =================
Analysis time: 100ms
Initial clonotype count: 2
Final clonotype count: 2 (100%)
Canceled assemblies: 0 (0%)
Clones filtered out after assemble: 0 (0%)
Number of premature termination assembly events, percent of number of initial clonotypes: 0.0 (0%)
Longest contig length: 123
Clustered variants: 0 (0%)
Reads in clustered variants: 0.0 (0%)
Reads in divided (newly created) clones: 0.0 (0%)
Clones with ambiguous letters in splitting region: 0 (0%)
Reads in clones with ambiguous letters in splitting region: 0.0 (0%)
Average number of ambiguous letters per clone with ambiguous letters in splitting region: NaN
Clones combined after clustering: 0 (0%)

>>>>>>>>>>>>>>>>>>>>>>>>> mixcr qc <<<<<<<<<<<<<<<<<<<<<<<<<
Running:
mixcr qc --print-to-stdout /projects/rpci/songyao/pnfioric/arc_project/airr_calculation/tcr_quant/results/mixcr_RS-04165459.contigs.clns /projects/rpci/songyao/pnfioric/arc_project/airr_calculation/tcr_quant/results/mixcr_RS-04165459.qc.txt /projects/rpci/songyao/pnfioric/arc_project/airr_calculation/tcr_quant/results/mixcr_RS-04165459.qc.json

  Alignments dropped due to low sequence quality: 0.0% [OK]

>>>>>>>>>>>>>>>>>>>> mixcr exportClones <<<<<<<<<<<<<<<<<<<<
Running:
mixcr exportClones /projects/rpci/songyao/pnfioric/arc_project/airr_calculation/tcr_quant/results/mixcr_RS-04165459.contigs.clns /projects/rpci/songyao/pnfioric/arc_project/airr_calculation/tcr_quant/results/mixcr_RS-04165459.clones.tsv
Analysis finished successfully.
===============================
Visualize results and simplify your immune data analysis with a convenient UI.
Explore and install Platforma.bio here: https://platforma.bio
