WARNING: sun.reflect.Reflection.getCallerClass is not supported. This will impact performance.

>>>>>>>>>>>>>>>>>>>>>>> mixcr align <<<<<<<<<<<<<<<<<<<<<<<
Running:
mixcr align --report /projects/rpci/songyao/pnfioric/arc_project/airr_calculation/tcr_quant/results/mixcr_RS-03754774.align.report.txt --json-report /projects/rpci/songyao/pnfioric/arc_project/airr_calculation/tcr_quant/results/mixcr_RS-03754774.align.report.json --threads 12 --preset rna-seq --save-output-file-names /projects/rpci/songyao/pnfioric/arc_project/airr_calculation/tcr_quant/results/mixcr_RS-03754774.align.list.tsv --species hsa /projects/rpci/songyao/pnfioric/arc_project/airr_calculation/fastq_files/RS-03754774/RS-04417157_WCRS07020943-B8_RS-03754774_S136_R1_001.fastq.gz /projects/rpci/songyao/pnfioric/arc_project/airr_calculation/fastq_files/RS-03754774/RS-04417157_WCRS07020943-B8_RS-03754774_S136_R2_001.fastq.gz /projects/rpci/songyao/pnfioric/arc_project/airr_calculation/tcr_quant/results/mixcr_RS-03754774.alignments.vdjca
Alignment: 0%
Alignment: 3.3%  ETA: 00:59:21
Alignment: 6.6%  ETA: 00:56:20
Alignment: 9.9%  ETA: 00:54:49
Alignment: 13.2%  ETA: 00:52:48
Alignment: 16.5%  ETA: 00:49:55
Alignment: 19.8%  ETA: 00:47:55
Alignment: 23.2%  ETA: 00:46:20
Alignment: 26.5%  ETA: 00:44:44
Alignment: 29.7%  ETA: 00:42:44
Alignment: 33%  ETA: 00:40:43
Alignment: 36.3%  ETA: 00:38:23
Alignment: 39.6%  ETA: 00:36:43
Alignment: 43%  ETA: 00:34:24
Alignment: 46.3%  ETA: 00:32:06
Alignment: 49.6%  ETA: 00:30:23
Alignment: 52.9%  ETA: 00:28:38
Alignment: 56.2%  ETA: 00:26:38
Alignment: 59.5%  ETA: 00:24:52
Alignment: 62.7%  ETA: 00:22:39
Alignment: 66.1%  ETA: 00:20:28
Alignment: 69.4%  ETA: 00:18:17
Alignment: 72.7%  ETA: 00:16:36
Alignment: 76%  ETA: 00:14:36
Alignment: 79.3%  ETA: 00:12:36
Alignment: 82.6%  ETA: 00:10:36
Alignment: 85.8%  ETA: 00:08:36
Alignment: 89.2%  ETA: 00:06:32
Alignment: 92.5%  ETA: 00:04:32
Alignment: 95.8%  ETA: 00:02:29
Alignment: 99.2%  ETA: 00:00:29
====================== report: align ======================
Analysis time: 60.53m
Total sequencing reads: 69230549
Successfully aligned reads: 3648 (0.01%)
Coverage (percent of successfully aligned):
  CDR3: 797 (21.85%)
  FR3_TO_FR4: 1 (0.03%)
  CDR2_TO_FR4: 1 (0.03%)
  FR2_TO_FR4: 0 (0%)
  CDR1_TO_FR4: 0 (0%)
  VDJRegion: 3 (0.08%)
Alignment failed: no hits (not TCR/IG?): 67732068 (97.84%)
Alignment failed after alignment-aided overlap: 1 (0%)
Alignment failed: no CDR3 parts: 18158 (0.03%)
Alignment failed: low total score: 1476674 (2.13%)
Overlapped: 62284114 (89.97%)
Overlapped and aligned: 3403 (0%)
Overlapped and not aligned: 62280711 (89.96%)
Alignment-aided overlaps, percent of overlapped and aligned: 72 (2.12%)
No CDR3 parts alignments, percent of successfully aligned: 44 (1.21%)
Partial aligned reads, percent of successfully aligned: 2807 (76.95%)
V gene chimeras: 1 (0%)
Realigned with forced non-floating bound: 13893014 (20.07%)
Realigned with forced non-floating right bound in left read: 709 (0%)
Realigned with forced non-floating left bound in right read: 709 (0%)
TRA chains: 483 (13.24%)
TRA non-functional: 1 (0.21%)
TRB chains: 143 (3.92%)
TRB non-functional: 0 (0%)
TRD chains: 14 (0.38%)
TRD non-functional: 0 (0%)
TRG chains: 26 (0.71%)
TRG non-functional: 1 (3.85%)
IGH chains: 1199 (32.87%)
IGH non-functional: 3 (0.25%)
TRAD chains: 22 (0.6%)
TRAD non-functional: 0 (0%)
IGK chains: 858 (23.52%)
IGK non-functional: 18 (2.1%)
IGL chains: 903 (24.75%)
IGL non-functional: 4 (0.44%)
Trimming report:
  R1 reads trimmed left: 236083 (0.34%)
  R1 reads trimmed right: 239338 (0.35%)
  Average R1 nucleotides trimmed left: 0.057964338835446765
  Average R1 nucleotides trimmed right: 0.061606690422171866
  R2 reads trimmed left: 232305 (0.34%)
  R2 reads trimmed right: 236116 (0.34%)
  Average R2 nucleotides trimmed left: 0.05694701337699922
  Average R2 nucleotides trimmed right: 0.06050584692026637

>>>>>>>>>>>>>>>>>> mixcr assemblePartial <<<<<<<<<<<<<<<<<<
Running:
mixcr assemblePartial --report /projects/rpci/songyao/pnfioric/arc_project/airr_calculation/tcr_quant/results/mixcr_RS-03754774.assemblePartial.report.txt --json-report /projects/rpci/songyao/pnfioric/arc_project/airr_calculation/tcr_quant/results/mixcr_RS-03754774.assemblePartial.report.json /projects/rpci/songyao/pnfioric/arc_project/airr_calculation/tcr_quant/results/mixcr_RS-03754774.alignments.vdjca /projects/rpci/songyao/pnfioric/arc_project/airr_calculation/tcr_quant/results/mixcr_RS-03754774.passembled.1.vdjca
Building index: 0%
Searching for overlaps: 0%
================= report: assemblePartial =================
Analysis time: 266ms
Total alignments analysed: 3648
Number of output alignments: 3644 (99.89%)
Alignments already with CDR3 (no overlapping is performed): 844 (23.14%)
Successfully overlapped alignments: 4 (0.11%)
Left parts with too small N-region (failed to extract k-mer): 721 (19.76%)
Extracted k-mer diversity: 2290
Dropped due to wildcard in k-mer: 0 (0%)
Dropped due to too short NRegion parts in overlap: 38 (1.04%)
Dropped overlaps with empty N region due to no complete NDN coverage: 0 (0%)
Number of left-side alignments: 412 (11.29%)
Number of right-side alignments: 1686 (46.22%)
Complex overlaps: 0 (0%)
Over-overlaps: 0 (0%)
Partial alignments written to output: 2796 (76.64%)

>>>>>>>>>>>>>>>>>> mixcr assemblePartial <<<<<<<<<<<<<<<<<<
Running:
mixcr assemblePartial --report /projects/rpci/songyao/pnfioric/arc_project/airr_calculation/tcr_quant/results/mixcr_RS-03754774.assemblePartial.report.txt --json-report /projects/rpci/songyao/pnfioric/arc_project/airr_calculation/tcr_quant/results/mixcr_RS-03754774.assemblePartial.report.json /projects/rpci/songyao/pnfioric/arc_project/airr_calculation/tcr_quant/results/mixcr_RS-03754774.passembled.1.vdjca /projects/rpci/songyao/pnfioric/arc_project/airr_calculation/tcr_quant/results/mixcr_RS-03754774.passembled.2.vdjca
Building index: 0%
Searching for overlaps: 0.7%
================= report: assemblePartial =================
Analysis time: 127ms
Total alignments analysed: 3644
Number of output alignments: 3644 (100%)
Alignments already with CDR3 (no overlapping is performed): 848 (23.27%)
Successfully overlapped alignments: 0 (0%)
Left parts with too small N-region (failed to extract k-mer): 721 (19.79%)
Extracted k-mer diversity: 2265
Dropped due to wildcard in k-mer: 0 (0%)
Dropped due to too short NRegion parts in overlap: 38 (1.04%)
Dropped overlaps with empty N region due to no complete NDN coverage: 0 (0%)
Number of left-side alignments: 408 (11.2%)
Number of right-side alignments: 1682 (46.16%)
Complex overlaps: 0 (0%)
Over-overlaps: 0 (0%)
Partial alignments written to output: 2796 (76.73%)

>>>>>>>>>>>>>>>>>>>>>>> mixcr extend <<<<<<<<<<<<<<<<<<<<<<<
Running:
mixcr extend --report /projects/rpci/songyao/pnfioric/arc_project/airr_calculation/tcr_quant/results/mixcr_RS-03754774.extend.report.txt --json-report /projects/rpci/songyao/pnfioric/arc_project/airr_calculation/tcr_quant/results/mixcr_RS-03754774.extend.report.json --threads 12 /projects/rpci/songyao/pnfioric/arc_project/airr_calculation/tcr_quant/results/mixcr_RS-03754774.passembled.2.vdjca /projects/rpci/songyao/pnfioric/arc_project/airr_calculation/tcr_quant/results/mixcr_RS-03754774.extended.vdjca
Extending alignments: 0%
====================== report: extend ======================
Analysis time: 36ms
Extended alignments count: 2 (0.05%)
V extensions total: 0 (0%)
V extensions with merged targets: 0 (0%)
J extensions total: 2 (0.05%)
J extensions with merged targets: 0 (0%)
V+J extensions: 0 (0%)
Mean V extension length: NaN
Mean J extension length: 12.0

>>>>>>>>>>>>>>>>>>>>>> mixcr assemble <<<<<<<<<<<<<<<<<<<<<<
Running:
mixcr assemble --report /projects/rpci/songyao/pnfioric/arc_project/airr_calculation/tcr_quant/results/mixcr_RS-03754774.assemble.report.txt --json-report /projects/rpci/songyao/pnfioric/arc_project/airr_calculation/tcr_quant/results/mixcr_RS-03754774.assemble.report.json /projects/rpci/songyao/pnfioric/arc_project/airr_calculation/tcr_quant/results/mixcr_RS-03754774.extended.vdjca /projects/rpci/songyao/pnfioric/arc_project/airr_calculation/tcr_quant/results/mixcr_RS-03754774.clna
Initialization: progress unknown
Initialization: progress unknown
===================== report: assemble =====================
Analysis time: 832ms
Final clonotype count: 273
Reads used in clonotypes, percent of total: 778 (0%)
Average number of reads per clonotype: 2.85
Reads dropped due to the lack of a clone sequence, percent of total: 2841 (0%)
Reads dropped due to a too short clonal sequence, percent of total: 0 (0%)
Reads dropped due to low quality, percent of total: 0 (0%)
Reads dropped due to failed mapping, percent of total: 27 (0%)
Reads dropped with low quality clones, percent of total: 0 (0%)
Aligned reads processed: 807
Reads used in clonotypes before clustering, percent of total: 780 (0%)
Number of reads used as a core, percent of used: 776 (99.49%)
Mapped low quality reads, percent of used: 4 (0.51%)
Reads clustered in PCR error correction, percent of used: 2 (0.26%)
Reads pre-clustered due to the similar VJC-lists, percent of used: 0 (0%)
Clonotypes dropped as low quality: 0
Clonotypes eliminated by PCR error correction: 2
Clonotypes pre-clustered due to the similar VJC-lists: 0
Clones dropped in post filtering: 0 (0%)
Reads dropped in post filtering: 0.0 (0%)
Reads filtered by tag prefix: 0 (0%)
TRA chains: 6 (2.2%)
TRA non-functional: 1 (16.67%)
TRB chains: 3 (1.1%)
TRB non-functional: 0 (0%)
TRG chains: 2 (0.73%)
TRG non-functional: 1 (50%)
IGH chains: 88 (32.23%)
IGH non-functional: 2 (2.27%)
IGK chains: 124 (45.42%)
IGK non-functional: 9 (7.26%)
IGL chains: 50 (18.32%)
IGL non-functional: 1 (2%)

>>>>>>>>>>>>>>>>>> mixcr assembleContigs <<<<<<<<<<<<<<<<<<
Running:
mixcr assembleContigs --report /projects/rpci/songyao/pnfioric/arc_project/airr_calculation/tcr_quant/results/mixcr_RS-03754774.assembleContigs.report.txt --json-report /projects/rpci/songyao/pnfioric/arc_project/airr_calculation/tcr_quant/results/mixcr_RS-03754774.assembleContigs.report.json --threads 12 /projects/rpci/songyao/pnfioric/arc_project/airr_calculation/tcr_quant/results/mixcr_RS-03754774.clna /projects/rpci/songyao/pnfioric/arc_project/airr_calculation/tcr_quant/results/mixcr_RS-03754774.contigs.clns
Assembling contigs: 0%
================= report: assembleContigs =================
Analysis time: 366ms
Initial clonotype count: 273
Final clonotype count: 273 (100%)
Canceled assemblies: 0 (0%)
Clones filtered out after assemble: 0 (0%)
Number of premature termination assembly events, percent of number of initial clonotypes: 0.0 (0%)
Longest contig length: 324
Clustered variants: 0 (0%)
Reads in clustered variants: 0.0 (0%)
Reads in divided (newly created) clones: 0.0 (0%)
Clones with ambiguous letters in splitting region: 0 (0%)
Reads in clones with ambiguous letters in splitting region: 0.0 (0%)
Average number of ambiguous letters per clone with ambiguous letters in splitting region: NaN
Clones combined after clustering: 0 (0%)

>>>>>>>>>>>>>>>>>>>>>>>>> mixcr qc <<<<<<<<<<<<<<<<<<<<<<<<<
Running:
mixcr qc --print-to-stdout /projects/rpci/songyao/pnfioric/arc_project/airr_calculation/tcr_quant/results/mixcr_RS-03754774.contigs.clns /projects/rpci/songyao/pnfioric/arc_project/airr_calculation/tcr_quant/results/mixcr_RS-03754774.qc.txt /projects/rpci/songyao/pnfioric/arc_project/airr_calculation/tcr_quant/results/mixcr_RS-03754774.qc.json

  Alignments dropped due to low sequence quality: 0.0% [OK]

>>>>>>>>>>>>>>>>>>>> mixcr exportClones <<<<<<<<<<<<<<<<<<<<
Running:
mixcr exportClones /projects/rpci/songyao/pnfioric/arc_project/airr_calculation/tcr_quant/results/mixcr_RS-03754774.contigs.clns /projects/rpci/songyao/pnfioric/arc_project/airr_calculation/tcr_quant/results/mixcr_RS-03754774.clones.tsv
Analysis finished successfully.
===============================
Visualize results and simplify your immune data analysis with a convenient UI.
Explore and install Platforma.bio here: https://platforma.bio
