Exporting TRB
Exporting clones: 25%
Filtered 4 of 489 clones (99.18%).
Filtered 8.0 of 1760.0 reads (99.55%).
Exporting TRA
Exporting clones: 25%
Filtered 4 of 489 clones (99.18%).
Filtered 7.0 of 1760.0 reads (99.6%).
Exporting TRD
Exporting clones: 100%
Filtered 1 of 489 clones (99.8%).
Filtered 1.0 of 1760.0 reads (99.94%).
Exporting IGH
Exporting clones: 0.7%
Filtered 134 of 489 clones (72.6%).
Filtered 569.0 of 1760.0 reads (67.67%).
Exporting TRG
Exporting clones: 100%
Filtered 1 of 489 clones (99.8%).
Filtered 1.0 of 1760.0 reads (99.94%).
Exporting IGL
Exporting clones: 0.8%
Filtered 121 of 489 clones (75.26%).
Filtered 671.0 of 1760.0 reads (61.88%).
Exporting IGK
Exporting clones: 0.9%
Filtered 224 of 489 clones (54.19%).
Filtered 503.0 of 1760.0 reads (71.42%).
