Exporting TRB
Exporting clones: 10%
Filtered 10 of 339 clones (97.05%).
Filtered 29.0 of 1907.0 reads (98.48%).
Exporting TRA
Exporting clones: 10%
Filtered 10 of 339 clones (97.05%).
Filtered 30.0 of 1907.0 reads (98.43%).
Exporting IGH
Exporting clones: 1%
Filtered 96 of 339 clones (71.68%).
Filtered 415.0 of 1907.0 reads (78.24%).
Exporting IGL
Exporting clones: 1.3%
Filtered 79 of 339 clones (76.7%).
Filtered 515.0 of 1907.0 reads (72.99%).
Exporting IGK
Exporting clones: 1.4%
Filtered 144 of 339 clones (57.52%).
Filtered 918.0 of 1907.0 reads (51.86%).
