Exporting TRB
Exporting clones: 100%
Filtered 1 of 36 clones (97.22%).
Filtered 4.0 of 87.0 reads (95.4%).
Exporting TRA
Exporting clones: 100%
Filtered 1 of 36 clones (97.22%).
Filtered 1.0 of 87.0 reads (98.85%).
Exporting IGH
Exporting clones: 10%
Filtered 10 of 36 clones (72.22%).
Filtered 21.0 of 87.0 reads (75.86%).
Exporting TRG
Exporting clones: 100%
Filtered 1 of 36 clones (97.22%).
Filtered 1.0 of 87.0 reads (98.85%).
Exporting IGL
Exporting clones: 10%
Filtered 10 of 36 clones (72.22%).
Filtered 18.0 of 87.0 reads (79.31%).
Exporting IGK
Exporting clones: 7.7%
Filtered 13 of 36 clones (63.89%).
Filtered 42.0 of 87.0 reads (51.72%).
