WARNING: sun.reflect.Reflection.getCallerClass is not supported. This will impact performance.

>>>>>>>>>>>>>>>>>>>>>>> mixcr align <<<<<<<<<<<<<<<<<<<<<<<
Running:
mixcr align --report /projects/rpci/songyao/pnfioric/arc_project/airr_calculation/tcr_quant/results/mixcr_RS-04218231.align.report.txt --json-report /projects/rpci/songyao/pnfioric/arc_project/airr_calculation/tcr_quant/results/mixcr_RS-04218231.align.report.json --threads 12 --preset rna-seq --save-output-file-names /projects/rpci/songyao/pnfioric/arc_project/airr_calculation/tcr_quant/results/mixcr_RS-04218231.align.list.tsv --species hsa /projects/rpci/songyao/pnfioric/arc_project/airr_calculation/fastq_files/RS-04218231/RS-04417131_97-2567-B_RS-04218231_S110_R1_001.fastq.gz /projects/rpci/songyao/pnfioric/arc_project/airr_calculation/fastq_files/RS-04218231/RS-04417131_97-2567-B_RS-04218231_S110_R2_001.fastq.gz /projects/rpci/songyao/pnfioric/arc_project/airr_calculation/tcr_quant/results/mixcr_RS-04218231.alignments.vdjca
Alignment: 0%
Alignment: 2.8%  ETA: 01:09:36
Alignment: 5.6%  ETA: 01:08:29
Alignment: 8.3%  ETA: 01:07:15
Alignment: 11%  ETA: 01:04:30
Alignment: 13.8%  ETA: 01:03:14
Alignment: 16.5%  ETA: 01:00:31
Alignment: 19.3%  ETA: 00:57:51
Alignment: 22.1%  ETA: 00:56:30
Alignment: 24.8%  ETA: 00:54:30
Alignment: 27.6%  ETA: 00:53:07
Alignment: 30.3%  ETA: 00:51:49
Alignment: 33%  ETA: 00:49:08
Alignment: 35.7%  ETA: 00:46:36
Alignment: 38.5%  ETA: 00:45:07
Alignment: 41.2%  ETA: 00:43:07
Alignment: 44%  ETA: 00:40:10
Alignment: 46.7%  ETA: 00:38:37
Alignment: 49.5%  ETA: 00:36:37
Alignment: 52.2%  ETA: 00:35:05
Alignment: 54.9%  ETA: 00:33:02
Alignment: 57.7%  ETA: 00:31:02
Alignment: 60.4%  ETA: 00:29:02
Alignment: 63.1%  ETA: 00:27:24
Alignment: 65.8%  ETA: 00:25:03
Alignment: 68.5%  ETA: 00:23:06
Alignment: 71.3%  ETA: 00:20:48
Alignment: 74%  ETA: 00:19:04
Alignment: 76.8%  ETA: 00:17:02
Alignment: 79.5%  ETA: 00:15:02
Alignment: 82.2%  ETA: 00:13:02
Alignment: 84.9%  ETA: 00:11:02
Alignment: 87.7%  ETA: 00:08:55
Alignment: 90.5%  ETA: 00:06:55
Alignment: 93.2%  ETA: 00:05:00
Alignment: 96%  ETA: 00:02:52
Alignment: 98.8%  ETA: 00:00:53
====================== report: align ======================
Analysis time: 72.9m
Total sequencing reads: 76670717
Successfully aligned reads: 930 (0%)
Coverage (percent of successfully aligned):
  CDR3: 59 (6.34%)
  FR3_TO_FR4: 0 (0%)
  CDR2_TO_FR4: 0 (0%)
  FR2_TO_FR4: 0 (0%)
  CDR1_TO_FR4: 0 (0%)
  VDJRegion: 0 (0%)
Alignment failed: no hits (not TCR/IG?): 76029181 (99.16%)
Alignment failed: no CDR3 parts: 6418 (0.01%)
Alignment failed: low total score: 634188 (0.83%)
Overlapped: 39904516 (52.05%)
Overlapped and aligned: 600 (0%)
Overlapped and not aligned: 39903916 (52.05%)
Alignment-aided overlaps, percent of overlapped and aligned: 0 (0%)
No CDR3 parts alignments, percent of successfully aligned: 81 (8.71%)
Partial aligned reads, percent of successfully aligned: 790 (84.95%)
V gene chimeras: 3 (0%)
Realigned with forced non-floating bound: 73532402 (95.91%)
Realigned with forced non-floating right bound in left read: 234 (0%)
Realigned with forced non-floating left bound in right read: 234 (0%)
TRA chains: 82 (8.82%)
TRA non-functional: 0 (0%)
TRB chains: 48 (5.16%)
TRB non-functional: 0 (0%)
IGH chains: 389 (41.83%)
IGH non-functional: 0 (0%)
TRAD chains: 61 (6.56%)
TRAD non-functional: 0 (0%)
IGK chains: 169 (18.17%)
IGK non-functional: 0 (0%)
IGL chains: 181 (19.46%)
IGL non-functional: 0 (0%)
Trimming report:
  R1 reads trimmed left: 475802 (0.62%)
  R1 reads trimmed right: 483672 (0.63%)
  Average R1 nucleotides trimmed left: 0.10549408322345544
  Average R1 nucleotides trimmed right: 0.11227842045614364
  R2 reads trimmed left: 469893 (0.61%)
  R2 reads trimmed right: 478157 (0.62%)
  Average R2 nucleotides trimmed left: 0.10410511747268517
  Average R2 nucleotides trimmed right: 0.11077735193215944

>>>>>>>>>>>>>>>>>> mixcr assemblePartial <<<<<<<<<<<<<<<<<<
Running:
mixcr assemblePartial --report /projects/rpci/songyao/pnfioric/arc_project/airr_calculation/tcr_quant/results/mixcr_RS-04218231.assemblePartial.report.txt --json-report /projects/rpci/songyao/pnfioric/arc_project/airr_calculation/tcr_quant/results/mixcr_RS-04218231.assemblePartial.report.json /projects/rpci/songyao/pnfioric/arc_project/airr_calculation/tcr_quant/results/mixcr_RS-04218231.alignments.vdjca /projects/rpci/songyao/pnfioric/arc_project/airr_calculation/tcr_quant/results/mixcr_RS-04218231.passembled.1.vdjca
Building index: 0%
Searching for overlaps: 0.1%
================= report: assemblePartial =================
Analysis time: 187ms
Total alignments analysed: 930
Number of output alignments: 930 (100%)
Alignments already with CDR3 (no overlapping is performed): 59 (6.34%)
Successfully overlapped alignments: 0 (0%)
Left parts with too small N-region (failed to extract k-mer): 199 (21.4%)
Extracted k-mer diversity: 907
Dropped due to wildcard in k-mer: 0 (0%)
Dropped due to too short NRegion parts in overlap: 0 (0%)
Dropped overlaps with empty N region due to no complete NDN coverage: 0 (0%)
Number of left-side alignments: 289 (31.08%)
Number of right-side alignments: 348 (37.42%)
Complex overlaps: 0 (0%)
Over-overlaps: 0 (0%)
Partial alignments written to output: 871 (93.66%)

>>>>>>>>>>>>>>>>>> mixcr assemblePartial <<<<<<<<<<<<<<<<<<
Running:
mixcr assemblePartial --report /projects/rpci/songyao/pnfioric/arc_project/airr_calculation/tcr_quant/results/mixcr_RS-04218231.assemblePartial.report.txt --json-report /projects/rpci/songyao/pnfioric/arc_project/airr_calculation/tcr_quant/results/mixcr_RS-04218231.assemblePartial.report.json /projects/rpci/songyao/pnfioric/arc_project/airr_calculation/tcr_quant/results/mixcr_RS-04218231.passembled.1.vdjca /projects/rpci/songyao/pnfioric/arc_project/airr_calculation/tcr_quant/results/mixcr_RS-04218231.passembled.2.vdjca
Building index: 0%
Searching for overlaps: 1%
================= report: assemblePartial =================
Analysis time: 105ms
Total alignments analysed: 930
Number of output alignments: 930 (100%)
Alignments already with CDR3 (no overlapping is performed): 59 (6.34%)
Successfully overlapped alignments: 0 (0%)
Left parts with too small N-region (failed to extract k-mer): 199 (21.4%)
Extracted k-mer diversity: 907
Dropped due to wildcard in k-mer: 0 (0%)
Dropped due to too short NRegion parts in overlap: 0 (0%)
Dropped overlaps with empty N region due to no complete NDN coverage: 0 (0%)
Number of left-side alignments: 289 (31.08%)
Number of right-side alignments: 348 (37.42%)
Complex overlaps: 0 (0%)
Over-overlaps: 0 (0%)
Partial alignments written to output: 871 (93.66%)

>>>>>>>>>>>>>>>>>>>>>>> mixcr extend <<<<<<<<<<<<<<<<<<<<<<<
Running:
mixcr extend --report /projects/rpci/songyao/pnfioric/arc_project/airr_calculation/tcr_quant/results/mixcr_RS-04218231.extend.report.txt --json-report /projects/rpci/songyao/pnfioric/arc_project/airr_calculation/tcr_quant/results/mixcr_RS-04218231.extend.report.json --threads 12 /projects/rpci/songyao/pnfioric/arc_project/airr_calculation/tcr_quant/results/mixcr_RS-04218231.passembled.2.vdjca /projects/rpci/songyao/pnfioric/arc_project/airr_calculation/tcr_quant/results/mixcr_RS-04218231.extended.vdjca
Extending alignments: 0%
====================== report: extend ======================
Analysis time: 11ms
Extended alignments count: 0 (0%)
V extensions total: 0 (0%)
V extensions with merged targets: 0 (0%)
J extensions total: 0 (0%)
J extensions with merged targets: 0 (0%)
V+J extensions: 0 (0%)
Mean V extension length: NaN
Mean J extension length: NaN

>>>>>>>>>>>>>>>>>>>>>> mixcr assemble <<<<<<<<<<<<<<<<<<<<<<
Running:
mixcr assemble --report /projects/rpci/songyao/pnfioric/arc_project/airr_calculation/tcr_quant/results/mixcr_RS-04218231.assemble.report.txt --json-report /projects/rpci/songyao/pnfioric/arc_project/airr_calculation/tcr_quant/results/mixcr_RS-04218231.assemble.report.json /projects/rpci/songyao/pnfioric/arc_project/airr_calculation/tcr_quant/results/mixcr_RS-04218231.extended.vdjca /projects/rpci/songyao/pnfioric/arc_project/airr_calculation/tcr_quant/results/mixcr_RS-04218231.clna
Initialization: progress unknown
Initialization: progress unknown
===================== report: assemble =====================
Analysis time: 238ms
Final clonotype count: 6
Reads used in clonotypes, percent of total: 59 (0%)
Average number of reads per clonotype: 9.83
Reads dropped due to the lack of a clone sequence, percent of total: 871 (0%)
Reads dropped due to a too short clonal sequence, percent of total: 0 (0%)
Reads dropped due to low quality, percent of total: 0 (0%)
Reads dropped due to failed mapping, percent of total: 0 (0%)
Reads dropped with low quality clones, percent of total: 0 (0%)
Aligned reads processed: 59
Reads used in clonotypes before clustering, percent of total: 59 (0%)
Number of reads used as a core, percent of used: 59 (100%)
Mapped low quality reads, percent of used: 0 (0%)
Reads clustered in PCR error correction, percent of used: 0 (0%)
Reads pre-clustered due to the similar VJC-lists, percent of used: 0 (0%)
Clonotypes dropped as low quality: 0
Clonotypes eliminated by PCR error correction: 0
Clonotypes pre-clustered due to the similar VJC-lists: 0
Clones dropped in post filtering: 0 (0%)
Reads dropped in post filtering: 0.0 (0%)
Reads filtered by tag prefix: 0 (0%)
IGK chains: 6 (100%)
IGK non-functional: 0 (0%)

>>>>>>>>>>>>>>>>>> mixcr assembleContigs <<<<<<<<<<<<<<<<<<
Running:
mixcr assembleContigs --report /projects/rpci/songyao/pnfioric/arc_project/airr_calculation/tcr_quant/results/mixcr_RS-04218231.assembleContigs.report.txt --json-report /projects/rpci/songyao/pnfioric/arc_project/airr_calculation/tcr_quant/results/mixcr_RS-04218231.assembleContigs.report.json --threads 12 /projects/rpci/songyao/pnfioric/arc_project/airr_calculation/tcr_quant/results/mixcr_RS-04218231.clna /projects/rpci/songyao/pnfioric/arc_project/airr_calculation/tcr_quant/results/mixcr_RS-04218231.contigs.clns
Assembling contigs: 0%
================= report: assembleContigs =================
Analysis time: 110ms
Initial clonotype count: 6
Final clonotype count: 6 (100%)
Canceled assemblies: 0 (0%)
Clones filtered out after assemble: 0 (0%)
Number of premature termination assembly events, percent of number of initial clonotypes: 0.0 (0%)
Longest contig length: 124
Clustered variants: 0 (0%)
Reads in clustered variants: 0.0 (0%)
Reads in divided (newly created) clones: 0.0 (0%)
Clones with ambiguous letters in splitting region: 0 (0%)
Reads in clones with ambiguous letters in splitting region: 0.0 (0%)
Average number of ambiguous letters per clone with ambiguous letters in splitting region: NaN
Clones combined after clustering: 0 (0%)

>>>>>>>>>>>>>>>>>>>>>>>>> mixcr qc <<<<<<<<<<<<<<<<<<<<<<<<<
Running:
mixcr qc --print-to-stdout /projects/rpci/songyao/pnfioric/arc_project/airr_calculation/tcr_quant/results/mixcr_RS-04218231.contigs.clns /projects/rpci/songyao/pnfioric/arc_project/airr_calculation/tcr_quant/results/mixcr_RS-04218231.qc.txt /projects/rpci/songyao/pnfioric/arc_project/airr_calculation/tcr_quant/results/mixcr_RS-04218231.qc.json

  Alignments dropped due to low sequence quality: 0.0% [OK]

>>>>>>>>>>>>>>>>>>>> mixcr exportClones <<<<<<<<<<<<<<<<<<<<
Running:
mixcr exportClones /projects/rpci/songyao/pnfioric/arc_project/airr_calculation/tcr_quant/results/mixcr_RS-04218231.contigs.clns /projects/rpci/songyao/pnfioric/arc_project/airr_calculation/tcr_quant/results/mixcr_RS-04218231.clones.tsv
Analysis finished successfully.
===============================
Visualize results and simplify your immune data analysis with a convenient UI.
Explore and install Platforma.bio here: https://platforma.bio
