WARNING: sun.reflect.Reflection.getCallerClass is not supported. This will impact performance.

>>>>>>>>>>>>>>>>>>>>>>> mixcr align <<<<<<<<<<<<<<<<<<<<<<<
Running:
mixcr align --report /projects/rpci/songyao/pnfioric/arc_project/airr_calculation/tcr_quant/results/mixcr_RS-04367455.align.report.txt --json-report /projects/rpci/songyao/pnfioric/arc_project/airr_calculation/tcr_quant/results/mixcr_RS-04367455.align.report.json --threads 12 --preset rna-seq --save-output-file-names /projects/rpci/songyao/pnfioric/arc_project/airr_calculation/tcr_quant/results/mixcr_RS-04367455.align.list.tsv --species hsa /projects/rpci/songyao/pnfioric/arc_project/airr_calculation/fastq_files/RS-04367455/RS-04367455_RCHS07005603-A2_RS-03857993_S121_R1_001.fastq.gz /projects/rpci/songyao/pnfioric/arc_project/airr_calculation/fastq_files/RS-04367455/RS-04367455_RCHS07005603-A2_RS-03857993_S121_R2_001.fastq.gz /projects/rpci/songyao/pnfioric/arc_project/airr_calculation/tcr_quant/results/mixcr_RS-04367455.alignments.vdjca
Alignment: 0%
Alignment: 2.8%  ETA: 01:09:21
Alignment: 5.6%  ETA: 01:06:51
Alignment: 8.4%  ETA: 01:04:51
Alignment: 11.3%  ETA: 01:02:22
Alignment: 14.1%  ETA: 01:01:18
Alignment: 16.9%  ETA: 00:59:18
Alignment: 19.7%  ETA: 00:57:45
Alignment: 22.5%  ETA: 00:55:19
Alignment: 25.3%  ETA: 00:52:55
Alignment: 28.1%  ETA: 00:52:06
Alignment: 30.9%  ETA: 00:49:43
Alignment: 33.7%  ETA: 00:46:58
Alignment: 36.5%  ETA: 00:44:59
Alignment: 39.3%  ETA: 00:43:39
Alignment: 42.1%  ETA: 00:41:39
Alignment: 44.8%  ETA: 00:39:39
Alignment: 47.6%  ETA: 00:37:22
Alignment: 50.4%  ETA: 00:35:38
Alignment: 53.2%  ETA: 00:33:54
Alignment: 56%  ETA: 00:31:24
Alignment: 58.8%  ETA: 00:29:52
Alignment: 61.5%  ETA: 00:27:39
Alignment: 64.3%  ETA: 00:25:51
Alignment: 67.1%  ETA: 00:23:51
Alignment: 69.8%  ETA: 00:21:51
Alignment: 72.6%  ETA: 00:20:01
Alignment: 75.3%  ETA: 00:18:01
Alignment: 78.1%  ETA: 00:15:45
Alignment: 80.9%  ETA: 00:13:45
Alignment: 83.6%  ETA: 00:11:45
Alignment: 86.5%  ETA: 00:09:30
Alignment: 89.3%  ETA: 00:07:47
Alignment: 92%  ETA: 00:05:43
Alignment: 94.8%  ETA: 00:03:43
Alignment: 97.6%  ETA: 00:01:41
====================== report: align ======================
Analysis time: 71.73m
Total sequencing reads: 94812111
Successfully aligned reads: 9063 (0.01%)
Coverage (percent of successfully aligned):
  CDR3: 2220 (24.5%)
  FR3_TO_FR4: 0 (0%)
  CDR2_TO_FR4: 0 (0%)
  FR2_TO_FR4: 0 (0%)
  CDR1_TO_FR4: 0 (0%)
  VDJRegion: 0 (0%)
Alignment failed: no hits (not TCR/IG?): 93009318 (98.1%)
Alignment failed: no CDR3 parts: 30931 (0.03%)
Alignment failed: low total score: 1762799 (1.86%)
Overlapped: 91358809 (96.36%)
Overlapped and aligned: 8827 (0.01%)
Overlapped and not aligned: 91349982 (96.35%)
Alignment-aided overlaps, percent of overlapped and aligned: 52 (0.59%)
No CDR3 parts alignments, percent of successfully aligned: 297 (3.28%)
Partial aligned reads, percent of successfully aligned: 6546 (72.23%)
Realigned with forced non-floating bound: 6906708 (7.28%)
Realigned with forced non-floating right bound in left read: 213 (0%)
Realigned with forced non-floating left bound in right read: 213 (0%)
TRA chains: 899 (9.92%)
TRA non-functional: 0 (0%)
TRB chains: 330 (3.64%)
TRB non-functional: 0 (0%)
IGH chains: 2318 (25.58%)
IGH non-functional: 0 (0%)
TRAD chains: 124 (1.37%)
TRAD non-functional: 0 (0%)
IGK chains: 2851 (31.46%)
IGK non-functional: 117 (4.1%)
IGL chains: 2541 (28.04%)
IGL non-functional: 22 (0.87%)
Trimming report:
  R1 reads trimmed left: 998563 (1.05%)
  R1 reads trimmed right: 1012183 (1.07%)
  Average R1 nucleotides trimmed left: 0.17904480578435808
  Average R1 nucleotides trimmed right: 0.19050010393714364
  R2 reads trimmed left: 981591 (1.04%)
  R2 reads trimmed right: 994975 (1.05%)
  Average R2 nucleotides trimmed left: 0.1755416351820286
  Average R2 nucleotides trimmed right: 0.18783003365466674

>>>>>>>>>>>>>>>>>> mixcr assemblePartial <<<<<<<<<<<<<<<<<<
Running:
mixcr assemblePartial --report /projects/rpci/songyao/pnfioric/arc_project/airr_calculation/tcr_quant/results/mixcr_RS-04367455.assemblePartial.report.txt --json-report /projects/rpci/songyao/pnfioric/arc_project/airr_calculation/tcr_quant/results/mixcr_RS-04367455.assemblePartial.report.json /projects/rpci/songyao/pnfioric/arc_project/airr_calculation/tcr_quant/results/mixcr_RS-04367455.alignments.vdjca /projects/rpci/songyao/pnfioric/arc_project/airr_calculation/tcr_quant/results/mixcr_RS-04367455.passembled.1.vdjca
Building index: 0%
Searching for overlaps: 0%
================= report: assemblePartial =================
Analysis time: 331ms
Total alignments analysed: 9063
Number of output alignments: 9063 (100%)
Alignments already with CDR3 (no overlapping is performed): 2364 (26.08%)
Successfully overlapped alignments: 0 (0%)
Left parts with too small N-region (failed to extract k-mer): 992 (10.95%)
Extracted k-mer diversity: 1930
Dropped due to wildcard in k-mer: 0 (0%)
Dropped due to too short NRegion parts in overlap: 0 (0%)
Dropped overlaps with empty N region due to no complete NDN coverage: 0 (0%)
Number of left-side alignments: 1196 (13.2%)
Number of right-side alignments: 4499 (49.64%)
Complex overlaps: 0 (0%)
Over-overlaps: 0 (0%)
Partial alignments written to output: 6699 (73.92%)

>>>>>>>>>>>>>>>>>> mixcr assemblePartial <<<<<<<<<<<<<<<<<<
Running:
mixcr assemblePartial --report /projects/rpci/songyao/pnfioric/arc_project/airr_calculation/tcr_quant/results/mixcr_RS-04367455.assemblePartial.report.txt --json-report /projects/rpci/songyao/pnfioric/arc_project/airr_calculation/tcr_quant/results/mixcr_RS-04367455.assemblePartial.report.json /projects/rpci/songyao/pnfioric/arc_project/airr_calculation/tcr_quant/results/mixcr_RS-04367455.passembled.1.vdjca /projects/rpci/songyao/pnfioric/arc_project/airr_calculation/tcr_quant/results/mixcr_RS-04367455.passembled.2.vdjca
Building index: 0%
Searching for overlaps: 0%
================= report: assemblePartial =================
Analysis time: 120ms
Total alignments analysed: 9063
Number of output alignments: 9063 (100%)
Alignments already with CDR3 (no overlapping is performed): 2364 (26.08%)
Successfully overlapped alignments: 0 (0%)
Left parts with too small N-region (failed to extract k-mer): 992 (10.95%)
Extracted k-mer diversity: 1930
Dropped due to wildcard in k-mer: 0 (0%)
Dropped due to too short NRegion parts in overlap: 0 (0%)
Dropped overlaps with empty N region due to no complete NDN coverage: 0 (0%)
Number of left-side alignments: 1196 (13.2%)
Number of right-side alignments: 4499 (49.64%)
Complex overlaps: 0 (0%)
Over-overlaps: 0 (0%)
Partial alignments written to output: 6699 (73.92%)

>>>>>>>>>>>>>>>>>>>>>>> mixcr extend <<<<<<<<<<<<<<<<<<<<<<<
Running:
mixcr extend --report /projects/rpci/songyao/pnfioric/arc_project/airr_calculation/tcr_quant/results/mixcr_RS-04367455.extend.report.txt --json-report /projects/rpci/songyao/pnfioric/arc_project/airr_calculation/tcr_quant/results/mixcr_RS-04367455.extend.report.json --threads 12 /projects/rpci/songyao/pnfioric/arc_project/airr_calculation/tcr_quant/results/mixcr_RS-04367455.passembled.2.vdjca /projects/rpci/songyao/pnfioric/arc_project/airr_calculation/tcr_quant/results/mixcr_RS-04367455.extended.vdjca
Extending alignments: 0%
====================== report: extend ======================
Analysis time: 107ms
Extended alignments count: 0 (0%)
V extensions total: 0 (0%)
V extensions with merged targets: 0 (0%)
J extensions total: 0 (0%)
J extensions with merged targets: 0 (0%)
V+J extensions: 0 (0%)
Mean V extension length: NaN
Mean J extension length: NaN

>>>>>>>>>>>>>>>>>>>>>> mixcr assemble <<<<<<<<<<<<<<<<<<<<<<
Running:
mixcr assemble --report /projects/rpci/songyao/pnfioric/arc_project/airr_calculation/tcr_quant/results/mixcr_RS-04367455.assemble.report.txt --json-report /projects/rpci/songyao/pnfioric/arc_project/airr_calculation/tcr_quant/results/mixcr_RS-04367455.assemble.report.json /projects/rpci/songyao/pnfioric/arc_project/airr_calculation/tcr_quant/results/mixcr_RS-04367455.extended.vdjca /projects/rpci/songyao/pnfioric/arc_project/airr_calculation/tcr_quant/results/mixcr_RS-04367455.clna
Initialization: progress unknown
Initialization: progress unknown
===================== report: assemble =====================
Analysis time: 644ms
Final clonotype count: 111
Reads used in clonotypes, percent of total: 2211 (0%)
Average number of reads per clonotype: 19.92
Reads dropped due to the lack of a clone sequence, percent of total: 6843 (0.01%)
Reads dropped due to a too short clonal sequence, percent of total: 0 (0%)
Reads dropped due to low quality, percent of total: 0 (0%)
Reads dropped due to failed mapping, percent of total: 7 (0%)
Reads dropped with low quality clones, percent of total: 0 (0%)
Aligned reads processed: 2220
Reads used in clonotypes before clustering, percent of total: 2213 (0%)
Number of reads used as a core, percent of used: 2195 (99.19%)
Mapped low quality reads, percent of used: 18 (0.81%)
Reads clustered in PCR error correction, percent of used: 2 (0.09%)
Reads pre-clustered due to the similar VJC-lists, percent of used: 0 (0%)
Clonotypes dropped as low quality: 0
Clonotypes eliminated by PCR error correction: 2
Clonotypes pre-clustered due to the similar VJC-lists: 0
Clones dropped in post filtering: 0 (0%)
Reads dropped in post filtering: 0.0 (0%)
Reads filtered by tag prefix: 0 (0%)
IGH chains: 18 (16.22%)
IGH non-functional: 0 (0%)
IGK chains: 61 (54.95%)
IGK non-functional: 4 (6.56%)
IGL chains: 32 (28.83%)
IGL non-functional: 1 (3.12%)

>>>>>>>>>>>>>>>>>> mixcr assembleContigs <<<<<<<<<<<<<<<<<<
Running:
mixcr assembleContigs --report /projects/rpci/songyao/pnfioric/arc_project/airr_calculation/tcr_quant/results/mixcr_RS-04367455.assembleContigs.report.txt --json-report /projects/rpci/songyao/pnfioric/arc_project/airr_calculation/tcr_quant/results/mixcr_RS-04367455.assembleContigs.report.json --threads 12 /projects/rpci/songyao/pnfioric/arc_project/airr_calculation/tcr_quant/results/mixcr_RS-04367455.clna /projects/rpci/songyao/pnfioric/arc_project/airr_calculation/tcr_quant/results/mixcr_RS-04367455.contigs.clns
Assembling contigs: 0%
================= report: assembleContigs =================
Analysis time: 384ms
Initial clonotype count: 111
Final clonotype count: 111 (100%)
Canceled assemblies: 0 (0%)
Clones filtered out after assemble: 0 (0%)
Number of premature termination assembly events, percent of number of initial clonotypes: 0.0 (0%)
Longest contig length: 197
Clustered variants: 0 (0%)
Reads in clustered variants: 0.0 (0%)
Reads in divided (newly created) clones: 0.0 (0%)
Clones with ambiguous letters in splitting region: 0 (0%)
Reads in clones with ambiguous letters in splitting region: 0.0 (0%)
Average number of ambiguous letters per clone with ambiguous letters in splitting region: NaN
Clones combined after clustering: 0 (0%)

>>>>>>>>>>>>>>>>>>>>>>>>> mixcr qc <<<<<<<<<<<<<<<<<<<<<<<<<
Running:
mixcr qc --print-to-stdout /projects/rpci/songyao/pnfioric/arc_project/airr_calculation/tcr_quant/results/mixcr_RS-04367455.contigs.clns /projects/rpci/songyao/pnfioric/arc_project/airr_calculation/tcr_quant/results/mixcr_RS-04367455.qc.txt /projects/rpci/songyao/pnfioric/arc_project/airr_calculation/tcr_quant/results/mixcr_RS-04367455.qc.json

  Alignments dropped due to low sequence quality: 0.0% [OK]

>>>>>>>>>>>>>>>>>>>> mixcr exportClones <<<<<<<<<<<<<<<<<<<<
Running:
mixcr exportClones /projects/rpci/songyao/pnfioric/arc_project/airr_calculation/tcr_quant/results/mixcr_RS-04367455.contigs.clns /projects/rpci/songyao/pnfioric/arc_project/airr_calculation/tcr_quant/results/mixcr_RS-04367455.clones.tsv
Analysis finished successfully.
===============================
Visualize results and simplify your immune data analysis with a convenient UI.
Explore and install Platforma.bio here: https://platforma.bio
