Exporting TRB
Exporting clones: 20%
Filtered 5 of 845 clones (99.41%).
Filtered 22.0 of 7863.0 reads (99.72%).
Exporting TRA
Exporting clones: 33.3%
Filtered 3 of 845 clones (99.64%).
Filtered 8.0 of 7863.0 reads (99.9%).
Exporting IGH
Exporting clones: 0.3%
Filtered 297 of 845 clones (64.85%).
Filtered 2451.0 of 7863.0 reads (68.83%).
Exporting IGL
Exporting clones: 1.1%
Filtered 184 of 845 clones (78.22%).
Filtered 1799.0 of 7863.0 reads (77.12%).
Exporting IGK
Exporting clones: 0.6%
Filtered 356 of 845 clones (57.87%).
Filtered 3583.0 of 7863.0 reads (54.43%).
