Exporting TRB
Exporting clones: 6.2%
Filtered 16 of 2863 clones (99.44%).
Filtered 23.0 of 5629.0 reads (99.59%).
Exporting TRA
Exporting clones: 5%
Filtered 20 of 2863 clones (99.3%).
Filtered 30.0 of 5629.0 reads (99.47%).
Exporting IGH
Exporting clones: 0.1%
Filtered 815 of 2863 clones (71.53%).
Filtered 1460.0 of 5629.0 reads (74.06%).
Exporting TRG
Exporting clones: 80%
Filtered 5 of 2863 clones (99.83%).
Filtered 14.0 of 5629.0 reads (99.75%).
Exporting IGL
Exporting clones: 0.6%
Filtered 636 of 2863 clones (77.79%).
Filtered 1143.0 of 5629.0 reads (79.69%).
Exporting IGK
Exporting clones: 0.1%
Filtered 1371 of 2863 clones (52.11%).
Filtered 2959.0 of 5629.0 reads (47.43%).
