Exporting TRB
Exporting clones: 8.3%
Filtered 12 of 449 clones (97.33%).
Filtered 33.0 of 1901.0 reads (98.26%).
Exporting TRA
Exporting clones: 11.1%
Filtered 9 of 449 clones (98%).
Filtered 22.0 of 1901.0 reads (98.84%).
Exporting IGH
Exporting clones: 0.7%
Filtered 148 of 449 clones (67.04%).
Filtered 639.0 of 1901.0 reads (66.39%).
Exporting TRG
Exporting clones: 40%
Filtered 5 of 449 clones (98.89%).
Filtered 17.0 of 1901.0 reads (99.11%).
Exporting IGL
Exporting clones: 1%
Filtered 99 of 449 clones (77.95%).
Filtered 465.0 of 1901.0 reads (75.54%).
Exporting IGK
Exporting clones: 0.6%
Filtered 176 of 449 clones (60.8%).
Filtered 725.0 of 1901.0 reads (61.86%).
