WARNING: sun.reflect.Reflection.getCallerClass is not supported. This will impact performance.

>>>>>>>>>>>>>>>>>>>>>>> mixcr align <<<<<<<<<<<<<<<<<<<<<<<
Running:
mixcr align --report /projects/rpci/songyao/pnfioric/arc_project/airr_calculation/tcr_quant/results/mixcr_RS-04378743.align.report.txt --json-report /projects/rpci/songyao/pnfioric/arc_project/airr_calculation/tcr_quant/results/mixcr_RS-04378743.align.report.json --threads 12 --preset rna-seq --save-output-file-names /projects/rpci/songyao/pnfioric/arc_project/airr_calculation/tcr_quant/results/mixcr_RS-04378743.align.list.tsv --species hsa /projects/rpci/songyao/pnfioric/arc_project/airr_calculation/fastq_files/RS-04378743/RS-04378743_RWCS10011806-B4_RS-04251301_S136_R1_001.fastq.gz /projects/rpci/songyao/pnfioric/arc_project/airr_calculation/fastq_files/RS-04378743/RS-04378743_RWCS10011806-B4_RS-04251301_S136_R2_001.fastq.gz /projects/rpci/songyao/pnfioric/arc_project/airr_calculation/tcr_quant/results/mixcr_RS-04378743.alignments.vdjca
Alignment: 0%
Alignment: 3.2%  ETA: 01:00:30
Alignment: 6.4%  ETA: 00:57:57
Alignment: 9.7%  ETA: 00:55:57
Alignment: 12.9%  ETA: 00:54:27
Alignment: 16.1%  ETA: 00:51:29
Alignment: 19.4%  ETA: 00:49:29
Alignment: 22.7%  ETA: 00:47:03
Alignment: 25.9%  ETA: 00:45:54
Alignment: 29.1%  ETA: 00:44:19
Alignment: 32.3%  ETA: 00:42:19
Alignment: 35.5%  ETA: 00:40:42
Alignment: 38.6%  ETA: 00:38:43
Alignment: 41.9%  ETA: 00:36:00
Alignment: 45.1%  ETA: 00:34:20
Alignment: 48.3%  ETA: 00:32:01
Alignment: 51.4%  ETA: 00:30:55
Alignment: 54.6%  ETA: 00:28:21
Alignment: 57.9%  ETA: 00:26:05
Alignment: 61.1%  ETA: 00:24:20
Alignment: 64.2%  ETA: 00:22:33
Alignment: 67.5%  ETA: 00:20:09
Alignment: 70.7%  ETA: 00:18:20
Alignment: 73.9%  ETA: 00:16:20
Alignment: 77.1%  ETA: 00:14:20
Alignment: 80.2%  ETA: 00:12:28
Alignment: 83.4%  ETA: 00:10:21
Alignment: 86.6%  ETA: 00:08:21
Alignment: 89.8%  ETA: 00:06:21
Alignment: 93%  ETA: 00:04:21
Alignment: 96.3%  ETA: 00:02:18
Alignment: 99.5%  ETA: 00:00:20
====================== report: align ======================
Analysis time: 62.38m
Total sequencing reads: 65850105
Successfully aligned reads: 7291 (0.01%)
Coverage (percent of successfully aligned):
  CDR3: 913 (12.52%)
  FR3_TO_FR4: 2 (0.03%)
  CDR2_TO_FR4: 0 (0%)
  FR2_TO_FR4: 0 (0%)
  CDR1_TO_FR4: 0 (0%)
  VDJRegion: 0 (0%)
Alignment failed: no hits (not TCR/IG?): 64033466 (97.24%)
Alignment failed: no CDR3 parts: 25280 (0.04%)
Alignment failed: low total score: 1784068 (2.71%)
Overlapped: 61941258 (94.06%)
Overlapped and aligned: 7017 (0.01%)
Overlapped and not aligned: 61934241 (94.05%)
Alignment-aided overlaps, percent of overlapped and aligned: 73 (1.04%)
No CDR3 parts alignments, percent of successfully aligned: 83 (1.14%)
Partial aligned reads, percent of successfully aligned: 6295 (86.34%)
Paired-end alignment conflicts eliminated: 1 (0%)
Realigned with forced non-floating bound: 7817840 (11.87%)
Realigned with forced non-floating right bound in left read: 530 (0%)
Realigned with forced non-floating left bound in right read: 530 (0%)
TRA chains: 2528 (34.67%)
TRA non-functional: 10 (0.4%)
TRB chains: 635 (8.71%)
TRB non-functional: 0 (0%)
TRD chains: 11 (0.15%)
TRD non-functional: 0 (0%)
TRG chains: 88 (1.21%)
TRG non-functional: 5 (5.68%)
IGH chains: 1723 (23.63%)
IGH non-functional: 9 (0.52%)
TRAD chains: 36 (0.49%)
TRAD non-functional: 0 (0%)
IGK chains: 661 (9.07%)
IGK non-functional: 11 (1.66%)
IGL chains: 1609 (22.07%)
IGL non-functional: 6 (0.37%)
Trimming report:
  R1 reads trimmed left: 52316 (0.08%)
  R1 reads trimmed right: 55154 (0.08%)
  Average R1 nucleotides trimmed left: 0.013485278421348
  Average R1 nucleotides trimmed right: 0.014556529560583086
  R2 reads trimmed left: 51181 (0.08%)
  R2 reads trimmed right: 52675 (0.08%)
  Average R2 nucleotides trimmed left: 0.01306263672624364
  Average R2 nucleotides trimmed right: 0.01394924123507472

>>>>>>>>>>>>>>>>>> mixcr assemblePartial <<<<<<<<<<<<<<<<<<
Running:
mixcr assemblePartial --report /projects/rpci/songyao/pnfioric/arc_project/airr_calculation/tcr_quant/results/mixcr_RS-04378743.assemblePartial.report.txt --json-report /projects/rpci/songyao/pnfioric/arc_project/airr_calculation/tcr_quant/results/mixcr_RS-04378743.assemblePartial.report.json /projects/rpci/songyao/pnfioric/arc_project/airr_calculation/tcr_quant/results/mixcr_RS-04378743.alignments.vdjca /projects/rpci/songyao/pnfioric/arc_project/airr_calculation/tcr_quant/results/mixcr_RS-04378743.passembled.1.vdjca
Building index: 0%
Searching for overlaps: 0%
================= report: assemblePartial =================
Analysis time: 423ms
Total alignments analysed: 7291
Number of output alignments: 7258 (99.55%)
Alignments already with CDR3 (no overlapping is performed): 1004 (13.77%)
Successfully overlapped alignments: 33 (0.45%)
Left parts with too small N-region (failed to extract k-mer): 960 (13.17%)
Extracted k-mer diversity: 3057
Dropped due to wildcard in k-mer: 0 (0%)
Dropped due to too short NRegion parts in overlap: 56 (0.77%)
Dropped overlaps with empty N region due to no complete NDN coverage: 0 (0%)
Number of left-side alignments: 813 (11.15%)
Number of right-side alignments: 4542 (62.3%)
Complex overlaps: 0 (0%)
Over-overlaps: 0 (0%)
Partial alignments written to output: 6221 (85.32%)

>>>>>>>>>>>>>>>>>> mixcr assemblePartial <<<<<<<<<<<<<<<<<<
Running:
mixcr assemblePartial --report /projects/rpci/songyao/pnfioric/arc_project/airr_calculation/tcr_quant/results/mixcr_RS-04378743.assemblePartial.report.txt --json-report /projects/rpci/songyao/pnfioric/arc_project/airr_calculation/tcr_quant/results/mixcr_RS-04378743.assemblePartial.report.json /projects/rpci/songyao/pnfioric/arc_project/airr_calculation/tcr_quant/results/mixcr_RS-04378743.passembled.1.vdjca /projects/rpci/songyao/pnfioric/arc_project/airr_calculation/tcr_quant/results/mixcr_RS-04378743.passembled.2.vdjca
Building index: 0%
Searching for overlaps: 0%
================= report: assemblePartial =================
Analysis time: 270ms
Total alignments analysed: 7258
Number of output alignments: 7258 (100%)
Alignments already with CDR3 (no overlapping is performed): 1037 (14.29%)
Successfully overlapped alignments: 0 (0%)
Left parts with too small N-region (failed to extract k-mer): 960 (13.23%)
Extracted k-mer diversity: 2962
Dropped due to wildcard in k-mer: 0 (0%)
Dropped due to too short NRegion parts in overlap: 53 (0.73%)
Dropped overlaps with empty N region due to no complete NDN coverage: 0 (0%)
Number of left-side alignments: 780 (10.75%)
Number of right-side alignments: 4509 (62.12%)
Complex overlaps: 0 (0%)
Over-overlaps: 0 (0%)
Partial alignments written to output: 6221 (85.71%)

>>>>>>>>>>>>>>>>>>>>>>> mixcr extend <<<<<<<<<<<<<<<<<<<<<<<
Running:
mixcr extend --report /projects/rpci/songyao/pnfioric/arc_project/airr_calculation/tcr_quant/results/mixcr_RS-04378743.extend.report.txt --json-report /projects/rpci/songyao/pnfioric/arc_project/airr_calculation/tcr_quant/results/mixcr_RS-04378743.extend.report.json --threads 12 /projects/rpci/songyao/pnfioric/arc_project/airr_calculation/tcr_quant/results/mixcr_RS-04378743.passembled.2.vdjca /projects/rpci/songyao/pnfioric/arc_project/airr_calculation/tcr_quant/results/mixcr_RS-04378743.extended.vdjca
Extending alignments: 0%
====================== report: extend ======================
Analysis time: 124ms
Extended alignments count: 16 (0.22%)
V extensions total: 13 (0.18%)
V extensions with merged targets: 0 (0%)
J extensions total: 3 (0.04%)
J extensions with merged targets: 0 (0%)
V+J extensions: 0 (0%)
Mean V extension length: 4.153846153846154
Mean J extension length: 8.0

>>>>>>>>>>>>>>>>>>>>>> mixcr assemble <<<<<<<<<<<<<<<<<<<<<<
Running:
mixcr assemble --report /projects/rpci/songyao/pnfioric/arc_project/airr_calculation/tcr_quant/results/mixcr_RS-04378743.assemble.report.txt --json-report /projects/rpci/songyao/pnfioric/arc_project/airr_calculation/tcr_quant/results/mixcr_RS-04378743.assemble.report.json /projects/rpci/songyao/pnfioric/arc_project/airr_calculation/tcr_quant/results/mixcr_RS-04378743.extended.vdjca /projects/rpci/songyao/pnfioric/arc_project/airr_calculation/tcr_quant/results/mixcr_RS-04378743.clna
Initialization: progress unknown
Initialization: progress unknown
===================== report: assemble =====================
Analysis time: 850ms
Final clonotype count: 235
Reads used in clonotypes, percent of total: 984 (0%)
Average number of reads per clonotype: 4.19
Reads dropped due to the lack of a clone sequence, percent of total: 6296 (0.01%)
Reads dropped due to a too short clonal sequence, percent of total: 0 (0%)
Reads dropped due to low quality, percent of total: 0 (0%)
Reads dropped due to failed mapping, percent of total: 6 (0%)
Reads dropped with low quality clones, percent of total: 0 (0%)
Aligned reads processed: 995
Reads used in clonotypes before clustering, percent of total: 989 (0%)
Number of reads used as a core, percent of used: 979 (98.99%)
Mapped low quality reads, percent of used: 10 (1.01%)
Reads clustered in PCR error correction, percent of used: 5 (0.51%)
Reads pre-clustered due to the similar VJC-lists, percent of used: 0 (0%)
Clonotypes dropped as low quality: 0
Clonotypes eliminated by PCR error correction: 5
Clonotypes pre-clustered due to the similar VJC-lists: 0
Clones dropped in post filtering: 0 (0%)
Reads dropped in post filtering: 0.0 (0%)
Reads filtered by tag prefix: 0 (0%)
TRA chains: 13 (5.53%)
TRA non-functional: 5 (38.46%)
TRB chains: 7 (2.98%)
TRB non-functional: 0 (0%)
TRD chains: 1 (0.43%)
TRD non-functional: 0 (0%)
TRG chains: 6 (2.55%)
TRG non-functional: 2 (33.33%)
IGH chains: 74 (31.49%)
IGH non-functional: 4 (5.41%)
IGK chains: 74 (31.49%)
IGK non-functional: 6 (8.11%)
IGL chains: 60 (25.53%)
IGL non-functional: 2 (3.33%)

>>>>>>>>>>>>>>>>>> mixcr assembleContigs <<<<<<<<<<<<<<<<<<
Running:
mixcr assembleContigs --report /projects/rpci/songyao/pnfioric/arc_project/airr_calculation/tcr_quant/results/mixcr_RS-04378743.assembleContigs.report.txt --json-report /projects/rpci/songyao/pnfioric/arc_project/airr_calculation/tcr_quant/results/mixcr_RS-04378743.assembleContigs.report.json --threads 12 /projects/rpci/songyao/pnfioric/arc_project/airr_calculation/tcr_quant/results/mixcr_RS-04378743.clna /projects/rpci/songyao/pnfioric/arc_project/airr_calculation/tcr_quant/results/mixcr_RS-04378743.contigs.clns
Assembling contigs: 0%
================= report: assembleContigs =================
Analysis time: 359ms
Initial clonotype count: 235
Final clonotype count: 235 (100%)
Canceled assemblies: 0 (0%)
Clones filtered out after assemble: 0 (0%)
Number of premature termination assembly events, percent of number of initial clonotypes: 0.0 (0%)
Longest contig length: 303
Clustered variants: 0 (0%)
Reads in clustered variants: 0.0 (0%)
Reads in divided (newly created) clones: 0.0 (0%)
Clones with ambiguous letters in splitting region: 0 (0%)
Reads in clones with ambiguous letters in splitting region: 0.0 (0%)
Average number of ambiguous letters per clone with ambiguous letters in splitting region: NaN
Clones combined after clustering: 0 (0%)

>>>>>>>>>>>>>>>>>>>>>>>>> mixcr qc <<<<<<<<<<<<<<<<<<<<<<<<<
Running:
mixcr qc --print-to-stdout /projects/rpci/songyao/pnfioric/arc_project/airr_calculation/tcr_quant/results/mixcr_RS-04378743.contigs.clns /projects/rpci/songyao/pnfioric/arc_project/airr_calculation/tcr_quant/results/mixcr_RS-04378743.qc.txt /projects/rpci/songyao/pnfioric/arc_project/airr_calculation/tcr_quant/results/mixcr_RS-04378743.qc.json

  Alignments dropped due to low sequence quality: 0.0% [OK]

>>>>>>>>>>>>>>>>>>>> mixcr exportClones <<<<<<<<<<<<<<<<<<<<
Running:
mixcr exportClones /projects/rpci/songyao/pnfioric/arc_project/airr_calculation/tcr_quant/results/mixcr_RS-04378743.contigs.clns /projects/rpci/songyao/pnfioric/arc_project/airr_calculation/tcr_quant/results/mixcr_RS-04378743.clones.tsv
Analysis finished successfully.
===============================
Visualize results and simplify your immune data analysis with a convenient UI.
Explore and install Platforma.bio here: https://platforma.bio
