WARNING: sun.reflect.Reflection.getCallerClass is not supported. This will impact performance.

>>>>>>>>>>>>>>>>>>>>>>> mixcr align <<<<<<<<<<<<<<<<<<<<<<<
Running:
mixcr align --report /projects/rpci/songyao/pnfioric/arc_project/airr_calculation/tcr_quant/results/mixcr_RS-04396671.align.report.txt --json-report /projects/rpci/songyao/pnfioric/arc_project/airr_calculation/tcr_quant/results/mixcr_RS-04396671.align.report.json --threads 12 --preset rna-seq --save-output-file-names /projects/rpci/songyao/pnfioric/arc_project/airr_calculation/tcr_quant/results/mixcr_RS-04396671.align.list.tsv --species hsa /projects/rpci/songyao/pnfioric/arc_project/airr_calculation/fastq_files/RS-04396671/RS-04396671_SSFS11012986-E8_RS-03890643_S41_R1_001.fastq.gz /projects/rpci/songyao/pnfioric/arc_project/airr_calculation/fastq_files/RS-04396671/RS-04396671_SSFS11012986-E8_RS-03890643_S41_R2_001.fastq.gz /projects/rpci/songyao/pnfioric/arc_project/airr_calculation/tcr_quant/results/mixcr_RS-04396671.alignments.vdjca
Alignment: 0%
Alignment: 4.4%  ETA: 00:43:49
Alignment: 8.8%  ETA: 00:41:30
Alignment: 13.1%  ETA: 00:39:48
Alignment: 17.5%  ETA: 00:37:30
Alignment: 22%  ETA: 00:34:57
Alignment: 26.4%  ETA: 00:33:45
Alignment: 30.7%  ETA: 00:31:45
Alignment: 35%  ETA: 00:30:14
Alignment: 39.3%  ETA: 00:28:00
Alignment: 43.7%  ETA: 00:25:47
Alignment: 48.1%  ETA: 00:23:36
Alignment: 52.4%  ETA: 00:21:58
Alignment: 56.8%  ETA: 00:19:47
Alignment: 61.1%  ETA: 00:18:06
Alignment: 65.5%  ETA: 00:15:49
Alignment: 69.8%  ETA: 00:13:49
Alignment: 74.3%  ETA: 00:11:37
Alignment: 78.6%  ETA: 00:09:53
Alignment: 82.9%  ETA: 00:07:53
Alignment: 87.2%  ETA: 00:05:56
Alignment: 91.6%  ETA: 00:03:48
Alignment: 96%  ETA: 00:01:48
====================== report: align ======================
Analysis time: 45.85m
Total sequencing reads: 58563586
Successfully aligned reads: 4871 (0.01%)
Coverage (percent of successfully aligned):
  CDR3: 35 (0.72%)
  FR3_TO_FR4: 0 (0%)
  CDR2_TO_FR4: 0 (0%)
  FR2_TO_FR4: 0 (0%)
  CDR1_TO_FR4: 0 (0%)
  VDJRegion: 0 (0%)
Alignment failed: no hits (not TCR/IG?): 54457918 (92.99%)
Alignment failed: no CDR3 parts: 46721 (0.08%)
Alignment failed: low total score: 4054076 (6.92%)
Overlapped: 55270154 (94.38%)
Overlapped and aligned: 4670 (0.01%)
Overlapped and not aligned: 55265484 (94.37%)
Alignment-aided overlaps, percent of overlapped and aligned: 37 (0.79%)
No CDR3 parts alignments, percent of successfully aligned: 85 (1.75%)
Partial aligned reads, percent of successfully aligned: 4751 (97.54%)
V gene chimeras: 3 (0%)
J gene chimeras: 1 (0%)
Realigned with forced non-floating bound: 6586938 (11.25%)
Realigned with forced non-floating right bound in left read: 2332 (0%)
Realigned with forced non-floating left bound in right read: 2332 (0%)
TRA chains: 1050 (21.56%)
TRA non-functional: 3 (0.29%)
TRB chains: 677 (13.9%)
TRB non-functional: 0 (0%)
TRD chains: 46 (0.94%)
TRD non-functional: 0 (0%)
TRG chains: 160 (3.28%)
TRG non-functional: 0 (0%)
IGH chains: 1227 (25.19%)
IGH non-functional: 0 (0%)
TRAD chains: 219 (4.5%)
TRAD non-functional: 0 (0%)
IGK chains: 284 (5.83%)
IGK non-functional: 0 (0%)
IGL chains: 1208 (24.8%)
IGL non-functional: 0 (0%)
Trimming report:
  R1 reads trimmed left: 35166 (0.06%)
  R1 reads trimmed right: 40090 (0.07%)
  Average R1 nucleotides trimmed left: 0.010203729669149699
  Average R1 nucleotides trimmed right: 0.013172024677587196
  R2 reads trimmed left: 36875 (0.06%)
  R2 reads trimmed right: 37476 (0.06%)
  Average R2 nucleotides trimmed left: 0.009967576097542934
  Average R2 nucleotides trimmed right: 0.010904028315479179

>>>>>>>>>>>>>>>>>> mixcr assemblePartial <<<<<<<<<<<<<<<<<<
Running:
mixcr assemblePartial --report /projects/rpci/songyao/pnfioric/arc_project/airr_calculation/tcr_quant/results/mixcr_RS-04396671.assemblePartial.report.txt --json-report /projects/rpci/songyao/pnfioric/arc_project/airr_calculation/tcr_quant/results/mixcr_RS-04396671.assemblePartial.report.json /projects/rpci/songyao/pnfioric/arc_project/airr_calculation/tcr_quant/results/mixcr_RS-04396671.alignments.vdjca /projects/rpci/songyao/pnfioric/arc_project/airr_calculation/tcr_quant/results/mixcr_RS-04396671.passembled.1.vdjca
Building index: 0%
Searching for overlaps: 0%
================= report: assemblePartial =================
Analysis time: 313ms
Total alignments analysed: 4871
Number of output alignments: 4871 (100%)
Alignments already with CDR3 (no overlapping is performed): 38 (0.78%)
Successfully overlapped alignments: 0 (0%)
Left parts with too small N-region (failed to extract k-mer): 1132 (23.24%)
Extracted k-mer diversity: 8328
Dropped due to wildcard in k-mer: 0 (0%)
Dropped due to too short NRegion parts in overlap: 0 (0%)
Dropped overlaps with empty N region due to no complete NDN coverage: 0 (0%)
Number of left-side alignments: 1461 (29.99%)
Number of right-side alignments: 2244 (46.07%)
Complex overlaps: 0 (0%)
Over-overlaps: 0 (0%)
Partial alignments written to output: 4833 (99.22%)

>>>>>>>>>>>>>>>>>> mixcr assemblePartial <<<<<<<<<<<<<<<<<<
Running:
mixcr assemblePartial --report /projects/rpci/songyao/pnfioric/arc_project/airr_calculation/tcr_quant/results/mixcr_RS-04396671.assemblePartial.report.txt --json-report /projects/rpci/songyao/pnfioric/arc_project/airr_calculation/tcr_quant/results/mixcr_RS-04396671.assemblePartial.report.json /projects/rpci/songyao/pnfioric/arc_project/airr_calculation/tcr_quant/results/mixcr_RS-04396671.passembled.1.vdjca /projects/rpci/songyao/pnfioric/arc_project/airr_calculation/tcr_quant/results/mixcr_RS-04396671.passembled.2.vdjca
Building index: 0%
Searching for overlaps: 0.1%
================= report: assemblePartial =================
Analysis time: 79ms
Total alignments analysed: 4871
Number of output alignments: 4871 (100%)
Alignments already with CDR3 (no overlapping is performed): 38 (0.78%)
Successfully overlapped alignments: 0 (0%)
Left parts with too small N-region (failed to extract k-mer): 1132 (23.24%)
Extracted k-mer diversity: 8328
Dropped due to wildcard in k-mer: 0 (0%)
Dropped due to too short NRegion parts in overlap: 0 (0%)
Dropped overlaps with empty N region due to no complete NDN coverage: 0 (0%)
Number of left-side alignments: 1461 (29.99%)
Number of right-side alignments: 2244 (46.07%)
Complex overlaps: 0 (0%)
Over-overlaps: 0 (0%)
Partial alignments written to output: 4833 (99.22%)

>>>>>>>>>>>>>>>>>>>>>>> mixcr extend <<<<<<<<<<<<<<<<<<<<<<<
Running:
mixcr extend --report /projects/rpci/songyao/pnfioric/arc_project/airr_calculation/tcr_quant/results/mixcr_RS-04396671.extend.report.txt --json-report /projects/rpci/songyao/pnfioric/arc_project/airr_calculation/tcr_quant/results/mixcr_RS-04396671.extend.report.json --threads 12 /projects/rpci/songyao/pnfioric/arc_project/airr_calculation/tcr_quant/results/mixcr_RS-04396671.passembled.2.vdjca /projects/rpci/songyao/pnfioric/arc_project/airr_calculation/tcr_quant/results/mixcr_RS-04396671.extended.vdjca
Extending alignments: 0%
====================== report: extend ======================
Analysis time: 36ms
Extended alignments count: 0 (0%)
V extensions total: 0 (0%)
V extensions with merged targets: 0 (0%)
J extensions total: 0 (0%)
J extensions with merged targets: 0 (0%)
V+J extensions: 0 (0%)
Mean V extension length: NaN
Mean J extension length: NaN

>>>>>>>>>>>>>>>>>>>>>> mixcr assemble <<<<<<<<<<<<<<<<<<<<<<
Running:
mixcr assemble --report /projects/rpci/songyao/pnfioric/arc_project/airr_calculation/tcr_quant/results/mixcr_RS-04396671.assemble.report.txt --json-report /projects/rpci/songyao/pnfioric/arc_project/airr_calculation/tcr_quant/results/mixcr_RS-04396671.assemble.report.json /projects/rpci/songyao/pnfioric/arc_project/airr_calculation/tcr_quant/results/mixcr_RS-04396671.extended.vdjca /projects/rpci/songyao/pnfioric/arc_project/airr_calculation/tcr_quant/results/mixcr_RS-04396671.clna
Initialization: progress unknown
Initialization: progress unknown
===================== report: assemble =====================
Analysis time: 409ms
Final clonotype count: 19
Reads used in clonotypes, percent of total: 34 (0%)
Average number of reads per clonotype: 1.79
Reads dropped due to the lack of a clone sequence, percent of total: 4836 (0.01%)
Reads dropped due to a too short clonal sequence, percent of total: 0 (0%)
Reads dropped due to low quality, percent of total: 0 (0%)
Reads dropped due to failed mapping, percent of total: 1 (0%)
Reads dropped with low quality clones, percent of total: 0 (0%)
Aligned reads processed: 35
Reads used in clonotypes before clustering, percent of total: 34 (0%)
Number of reads used as a core, percent of used: 34 (100%)
Mapped low quality reads, percent of used: 0 (0%)
Reads clustered in PCR error correction, percent of used: 0 (0%)
Reads pre-clustered due to the similar VJC-lists, percent of used: 0 (0%)
Clonotypes dropped as low quality: 0
Clonotypes eliminated by PCR error correction: 0
Clonotypes pre-clustered due to the similar VJC-lists: 0
Clones dropped in post filtering: 0 (0%)
Reads dropped in post filtering: 0.0 (0%)
Reads filtered by tag prefix: 0 (0%)
TRA chains: 1 (5.26%)
TRA non-functional: 1 (100%)
TRB chains: 1 (5.26%)
TRB non-functional: 0 (0%)
IGH chains: 4 (21.05%)
IGH non-functional: 0 (0%)
IGK chains: 9 (47.37%)
IGK non-functional: 0 (0%)
IGL chains: 4 (21.05%)
IGL non-functional: 0 (0%)

>>>>>>>>>>>>>>>>>> mixcr assembleContigs <<<<<<<<<<<<<<<<<<
Running:
mixcr assembleContigs --report /projects/rpci/songyao/pnfioric/arc_project/airr_calculation/tcr_quant/results/mixcr_RS-04396671.assembleContigs.report.txt --json-report /projects/rpci/songyao/pnfioric/arc_project/airr_calculation/tcr_quant/results/mixcr_RS-04396671.assembleContigs.report.json --threads 12 /projects/rpci/songyao/pnfioric/arc_project/airr_calculation/tcr_quant/results/mixcr_RS-04396671.clna /projects/rpci/songyao/pnfioric/arc_project/airr_calculation/tcr_quant/results/mixcr_RS-04396671.contigs.clns
Assembling contigs: 0%
================= report: assembleContigs =================
Analysis time: 131ms
Initial clonotype count: 19
Final clonotype count: 19 (100%)
Canceled assemblies: 0 (0%)
Clones filtered out after assemble: 0 (0%)
Number of premature termination assembly events, percent of number of initial clonotypes: 0.0 (0%)
Longest contig length: 149
Clustered variants: 0 (0%)
Reads in clustered variants: 0.0 (0%)
Reads in divided (newly created) clones: 0.0 (0%)
Clones with ambiguous letters in splitting region: 0 (0%)
Reads in clones with ambiguous letters in splitting region: 0.0 (0%)
Average number of ambiguous letters per clone with ambiguous letters in splitting region: NaN
Clones combined after clustering: 0 (0%)

>>>>>>>>>>>>>>>>>>>>>>>>> mixcr qc <<<<<<<<<<<<<<<<<<<<<<<<<
Running:
mixcr qc --print-to-stdout /projects/rpci/songyao/pnfioric/arc_project/airr_calculation/tcr_quant/results/mixcr_RS-04396671.contigs.clns /projects/rpci/songyao/pnfioric/arc_project/airr_calculation/tcr_quant/results/mixcr_RS-04396671.qc.txt /projects/rpci/songyao/pnfioric/arc_project/airr_calculation/tcr_quant/results/mixcr_RS-04396671.qc.json

  Alignments dropped due to low sequence quality: 0.0% [OK]

>>>>>>>>>>>>>>>>>>>> mixcr exportClones <<<<<<<<<<<<<<<<<<<<
Running:
mixcr exportClones /projects/rpci/songyao/pnfioric/arc_project/airr_calculation/tcr_quant/results/mixcr_RS-04396671.contigs.clns /projects/rpci/songyao/pnfioric/arc_project/airr_calculation/tcr_quant/results/mixcr_RS-04396671.clones.tsv
Analysis finished successfully.
===============================
Visualize results and simplify your immune data analysis with a convenient UI.
Explore and install Platforma.bio here: https://platforma.bio
