WARNING: sun.reflect.Reflection.getCallerClass is not supported. This will impact performance.

>>>>>>>>>>>>>>>>>>>>>>> mixcr align <<<<<<<<<<<<<<<<<<<<<<<
Running:
mixcr align --report /projects/rpci/songyao/pnfioric/arc_project/airr_calculation/tcr_quant/results/mixcr_RS-04396638.align.report.txt --json-report /projects/rpci/songyao/pnfioric/arc_project/airr_calculation/tcr_quant/results/mixcr_RS-04396638.align.report.json --threads 12 --preset rna-seq --save-output-file-names /projects/rpci/songyao/pnfioric/arc_project/airr_calculation/tcr_quant/results/mixcr_RS-04396638.align.list.tsv --species hsa /projects/rpci/songyao/pnfioric/arc_project/airr_calculation/fastq_files/RS-04396638/RS-04396638_S03-2928-A_RS-04238135_S8_R1_001.fastq.gz /projects/rpci/songyao/pnfioric/arc_project/airr_calculation/fastq_files/RS-04396638/RS-04396638_S03-2928-A_RS-04238135_S8_R2_001.fastq.gz /projects/rpci/songyao/pnfioric/arc_project/airr_calculation/tcr_quant/results/mixcr_RS-04396638.alignments.vdjca
Alignment: 0%
Alignment: 2.4%  ETA: 01:22:41
Alignment: 4.7%  ETA: 01:19:55
Alignment: 7.1%  ETA: 01:17:55
Alignment: 9.5%  ETA: 01:15:55
Alignment: 11.9%  ETA: 01:13:50
Alignment: 14.3%  ETA: 01:11:55
Alignment: 16.7%  ETA: 01:09:55
Alignment: 19.1%  ETA: 01:07:17
Alignment: 21.5%  ETA: 01:05:54
Alignment: 23.8%  ETA: 01:03:54
Alignment: 26.2%  ETA: 01:01:54
Alignment: 28.6%  ETA: 01:00:28
Alignment: 30.9%  ETA: 00:58:28
Alignment: 33.3%  ETA: 00:57:05
Alignment: 35.6%  ETA: 00:54:29
Alignment: 38%  ETA: 00:52:29
Alignment: 40.3%  ETA: 00:51:02
Alignment: 42.7%  ETA: 00:48:03
Alignment: 45.1%  ETA: 00:46:29
Alignment: 47.5%  ETA: 00:44:32
Alignment: 49.8%  ETA: 00:42:30
Alignment: 52.2%  ETA: 00:40:56
Alignment: 54.5%  ETA: 00:38:09
Alignment: 56.9%  ETA: 00:36:54
Alignment: 59.2%  ETA: 00:34:51
Alignment: 61.6%  ETA: 00:32:32
Alignment: 63.9%  ETA: 00:30:34
Alignment: 66.3%  ETA: 00:28:32
Alignment: 68.7%  ETA: 00:26:16
Alignment: 71.1%  ETA: 00:24:16
Alignment: 73.4%  ETA: 00:22:16
Alignment: 75.8%  ETA: 00:20:43
Alignment: 78.1%  ETA: 00:18:30
Alignment: 80.5%  ETA: 00:16:41
Alignment: 82.8%  ETA: 00:14:31
Alignment: 85.2%  ETA: 00:12:31
Alignment: 87.6%  ETA: 00:10:31
Alignment: 90%  ETA: 00:08:25
Alignment: 92.3%  ETA: 00:06:30
Alignment: 94.7%  ETA: 00:04:26
Alignment: 97.1%  ETA: 00:02:24
Alignment: 99.5%  ETA: 00:00:27
====================== report: align ======================
Analysis time: 84.48m
Total sequencing reads: 92616609
Successfully aligned reads: 1909 (0%)
Coverage (percent of successfully aligned):
  CDR3: 0 (0%)
  FR3_TO_FR4: 0 (0%)
  CDR2_TO_FR4: 0 (0%)
  FR2_TO_FR4: 0 (0%)
  CDR1_TO_FR4: 0 (0%)
  VDJRegion: 0 (0%)
Alignment failed: no hits (not TCR/IG?): 90762058 (98%)
Alignment failed: no CDR3 parts: 22677 (0.02%)
Alignment failed: low total score: 1829965 (1.98%)
Overlapped: 33945521 (36.65%)
Overlapped and aligned: 514 (0%)
Overlapped and not aligned: 33945007 (36.65%)
Alignment-aided overlaps, percent of overlapped and aligned: 116 (22.57%)
No CDR3 parts alignments, percent of successfully aligned: 1 (0.05%)
Partial aligned reads, percent of successfully aligned: 1908 (99.95%)
Realigned with forced non-floating bound: 117342408 (126.7%)
Realigned with forced non-floating right bound in left read: 2274 (0%)
Realigned with forced non-floating left bound in right read: 2274 (0%)
TRA chains: 257 (13.46%)
TRA non-functional: 0 (0%)
TRB chains: 508 (26.61%)
TRB non-functional: 0 (0%)
TRG chains: 5 (0.26%)
TRG non-functional: 0 (0%)
IGH chains: 792 (41.49%)
IGH non-functional: 0 (0%)
IGK chains: 213 (11.16%)
IGK non-functional: 0 (0%)
IGL chains: 134 (7.02%)
IGL non-functional: 0 (0%)
Trimming report:
  R1 reads trimmed left: 4992432 (5.39%)
  R1 reads trimmed right: 5056765 (5.46%)
  Average R1 nucleotides trimmed left: 0.9163708962827607
  Average R1 nucleotides trimmed right: 0.9762022166024239
  R2 reads trimmed left: 4936045 (5.33%)
  R2 reads trimmed right: 4992145 (5.39%)
  Average R2 nucleotides trimmed left: 0.9053477762287756
  Average R2 nucleotides trimmed right: 0.962417032564861

>>>>>>>>>>>>>>>>>> mixcr assemblePartial <<<<<<<<<<<<<<<<<<
Running:
mixcr assemblePartial --report /projects/rpci/songyao/pnfioric/arc_project/airr_calculation/tcr_quant/results/mixcr_RS-04396638.assemblePartial.report.txt --json-report /projects/rpci/songyao/pnfioric/arc_project/airr_calculation/tcr_quant/results/mixcr_RS-04396638.assemblePartial.report.json /projects/rpci/songyao/pnfioric/arc_project/airr_calculation/tcr_quant/results/mixcr_RS-04396638.alignments.vdjca /projects/rpci/songyao/pnfioric/arc_project/airr_calculation/tcr_quant/results/mixcr_RS-04396638.passembled.1.vdjca
Building index: 0%
Searching for overlaps: 0.1%
================= report: assemblePartial =================
Analysis time: 272ms
Total alignments analysed: 1909
Number of output alignments: 1909 (100%)
Alignments already with CDR3 (no overlapping is performed): 0 (0%)
Successfully overlapped alignments: 0 (0%)
Left parts with too small N-region (failed to extract k-mer): 204 (10.69%)
Extracted k-mer diversity: 1376
Dropped due to wildcard in k-mer: 0 (0%)
Dropped due to too short NRegion parts in overlap: 0 (0%)
Dropped overlaps with empty N region due to no complete NDN coverage: 0 (0%)
Number of left-side alignments: 1442 (75.54%)
Number of right-side alignments: 262 (13.72%)
Complex overlaps: 0 (0%)
Over-overlaps: 0 (0%)
Partial alignments written to output: 1909 (100%)

>>>>>>>>>>>>>>>>>> mixcr assemblePartial <<<<<<<<<<<<<<<<<<
Running:
mixcr assemblePartial --report /projects/rpci/songyao/pnfioric/arc_project/airr_calculation/tcr_quant/results/mixcr_RS-04396638.assemblePartial.report.txt --json-report /projects/rpci/songyao/pnfioric/arc_project/airr_calculation/tcr_quant/results/mixcr_RS-04396638.assemblePartial.report.json /projects/rpci/songyao/pnfioric/arc_project/airr_calculation/tcr_quant/results/mixcr_RS-04396638.passembled.1.vdjca /projects/rpci/songyao/pnfioric/arc_project/airr_calculation/tcr_quant/results/mixcr_RS-04396638.passembled.2.vdjca
Building index: 0%
Searching for overlaps: 1.3%
================= report: assemblePartial =================
Analysis time: 76ms
Total alignments analysed: 1909
Number of output alignments: 1909 (100%)
Alignments already with CDR3 (no overlapping is performed): 0 (0%)
Successfully overlapped alignments: 0 (0%)
Left parts with too small N-region (failed to extract k-mer): 204 (10.69%)
Extracted k-mer diversity: 1376
Dropped due to wildcard in k-mer: 0 (0%)
Dropped due to too short NRegion parts in overlap: 0 (0%)
Dropped overlaps with empty N region due to no complete NDN coverage: 0 (0%)
Number of left-side alignments: 1442 (75.54%)
Number of right-side alignments: 262 (13.72%)
Complex overlaps: 0 (0%)
Over-overlaps: 0 (0%)
Partial alignments written to output: 1909 (100%)

>>>>>>>>>>>>>>>>>>>>>>> mixcr extend <<<<<<<<<<<<<<<<<<<<<<<
Running:
mixcr extend --report /projects/rpci/songyao/pnfioric/arc_project/airr_calculation/tcr_quant/results/mixcr_RS-04396638.extend.report.txt --json-report /projects/rpci/songyao/pnfioric/arc_project/airr_calculation/tcr_quant/results/mixcr_RS-04396638.extend.report.json --threads 12 /projects/rpci/songyao/pnfioric/arc_project/airr_calculation/tcr_quant/results/mixcr_RS-04396638.passembled.2.vdjca /projects/rpci/songyao/pnfioric/arc_project/airr_calculation/tcr_quant/results/mixcr_RS-04396638.extended.vdjca
Extending alignments: 0%
====================== report: extend ======================
Analysis time: 27ms
Extended alignments count: 0 (0%)
V extensions total: 0 (0%)
V extensions with merged targets: 0 (0%)
J extensions total: 0 (0%)
J extensions with merged targets: 0 (0%)
V+J extensions: 0 (0%)
Mean V extension length: NaN
Mean J extension length: NaN

>>>>>>>>>>>>>>>>>>>>>> mixcr assemble <<<<<<<<<<<<<<<<<<<<<<
Running:
mixcr assemble --report /projects/rpci/songyao/pnfioric/arc_project/airr_calculation/tcr_quant/results/mixcr_RS-04396638.assemble.report.txt --json-report /projects/rpci/songyao/pnfioric/arc_project/airr_calculation/tcr_quant/results/mixcr_RS-04396638.assemble.report.json /projects/rpci/songyao/pnfioric/arc_project/airr_calculation/tcr_quant/results/mixcr_RS-04396638.extended.vdjca /projects/rpci/songyao/pnfioric/arc_project/airr_calculation/tcr_quant/results/mixcr_RS-04396638.clna
Initialization: progress unknown
Initialization: progress unknown
===================== report: assemble =====================
Analysis time: 173ms
Final clonotype count: 0
Reads used in clonotypes, percent of total: 0 (0%)
Average number of reads per clonotype: NaN
Reads dropped due to the lack of a clone sequence, percent of total: 1909 (0%)
Reads dropped due to a too short clonal sequence, percent of total: 0 (0%)
Reads dropped due to low quality, percent of total: 0 (0%)
Reads dropped due to failed mapping, percent of total: 0 (0%)
Reads dropped with low quality clones, percent of total: 0 (0%)
Aligned reads processed: 0
Reads used in clonotypes before clustering, percent of total: 0 (0%)
Number of reads used as a core, percent of used: 0 (NaN%)
Mapped low quality reads, percent of used: 0 (NaN%)
Reads clustered in PCR error correction, percent of used: 0 (NaN%)
Reads pre-clustered due to the similar VJC-lists, percent of used: 0 (NaN%)
Clonotypes dropped as low quality: 0
Clonotypes eliminated by PCR error correction: 0
Clonotypes pre-clustered due to the similar VJC-lists: 0
Clones dropped in post filtering: 0 (NaN%)
Reads dropped in post filtering: 0.0 (0%)
Reads filtered by tag prefix: 0 (0%)

>>>>>>>>>>>>>>>>>> mixcr assembleContigs <<<<<<<<<<<<<<<<<<
Running:
mixcr assembleContigs --report /projects/rpci/songyao/pnfioric/arc_project/airr_calculation/tcr_quant/results/mixcr_RS-04396638.assembleContigs.report.txt --json-report /projects/rpci/songyao/pnfioric/arc_project/airr_calculation/tcr_quant/results/mixcr_RS-04396638.assembleContigs.report.json --threads 12 /projects/rpci/songyao/pnfioric/arc_project/airr_calculation/tcr_quant/results/mixcr_RS-04396638.clna /projects/rpci/songyao/pnfioric/arc_project/airr_calculation/tcr_quant/results/mixcr_RS-04396638.contigs.clns
Assembling contigs: 0%
================= report: assembleContigs =================
Analysis time: 58ms
Initial clonotype count: 0
Final clonotype count: 0 (NaN%)
Canceled assemblies: 0 (NaN%)
Clones filtered out after assemble: 0 (NaN%)
Number of premature termination assembly events, percent of number of initial clonotypes: 0.0 (NaN%)
Longest contig length: 0
Clustered variants: 0 (NaN%)
Reads in clustered variants: 0.0 (NaN%)
Reads in divided (newly created) clones: 0.0 (NaN%)
Clones with ambiguous letters in splitting region: 0 (NaN%)
Reads in clones with ambiguous letters in splitting region: 0.0 (NaN%)
Average number of ambiguous letters per clone with ambiguous letters in splitting region: NaN
Clones combined after clustering: 0 (NaN%)

>>>>>>>>>>>>>>>>>>>>>>>>> mixcr qc <<<<<<<<<<<<<<<<<<<<<<<<<
Running:
mixcr qc --print-to-stdout /projects/rpci/songyao/pnfioric/arc_project/airr_calculation/tcr_quant/results/mixcr_RS-04396638.contigs.clns /projects/rpci/songyao/pnfioric/arc_project/airr_calculation/tcr_quant/results/mixcr_RS-04396638.qc.txt /projects/rpci/songyao/pnfioric/arc_project/airr_calculation/tcr_quant/results/mixcr_RS-04396638.qc.json

  Alignments dropped due to low sequence quality: 0.0% [OK]

>>>>>>>>>>>>>>>>>>>> mixcr exportClones <<<<<<<<<<<<<<<<<<<<
Running:
mixcr exportClones /projects/rpci/songyao/pnfioric/arc_project/airr_calculation/tcr_quant/results/mixcr_RS-04396638.contigs.clns /projects/rpci/songyao/pnfioric/arc_project/airr_calculation/tcr_quant/results/mixcr_RS-04396638.clones.tsv
Analysis finished successfully.
===============================
Visualize results and simplify your immune data analysis with a convenient UI.
Explore and install Platforma.bio here: https://platforma.bio
