Exporting TRB
Exporting clones: 9.1%
Filtered 11 of 558 clones (98.03%).
Filtered 21.0 of 1487.0 reads (98.59%).
Exporting TRA
Exporting clones: 12.5%
Filtered 8 of 558 clones (98.57%).
Filtered 12.0 of 1487.0 reads (99.19%).
Exporting IGH
Exporting clones: 0.7%
Filtered 152 of 558 clones (72.76%).
Filtered 360.0 of 1487.0 reads (75.79%).
Exporting TRG
Exporting clones: 50%
Filtered 2 of 558 clones (99.64%).
Filtered 3.0 of 1487.0 reads (99.8%).
Exporting IGL
Exporting clones: 1%
Filtered 98 of 558 clones (82.44%).
Filtered 219.0 of 1487.0 reads (85.27%).
Exporting IGK
Exporting clones: 0.3%
Filtered 287 of 558 clones (48.57%).
Filtered 872.0 of 1487.0 reads (41.36%).
