Exporting TRB
Exporting clones: 100%
Filtered 1 of 694 clones (99.86%).
Filtered 2.0 of 1657.0 reads (99.88%).
Exporting TRA
Exporting clones: 100%
Filtered 1 of 694 clones (99.86%).
Filtered 1.0 of 1657.0 reads (99.94%).
Exporting IGH
Exporting clones: 0.6%
Filtered 181 of 694 clones (73.92%).
Filtered 445.0 of 1657.0 reads (73.14%).
Exporting IGL
Exporting clones: 0.7%
Filtered 141 of 694 clones (79.68%).
Filtered 331.0 of 1657.0 reads (80.02%).
Exporting IGK
Exporting clones: 0.5%
Filtered 370 of 694 clones (46.69%).
Filtered 878.0 of 1657.0 reads (47.01%).
