WARNING: sun.reflect.Reflection.getCallerClass is not supported. This will impact performance.

>>>>>>>>>>>>>>>>>>>>>>> mixcr align <<<<<<<<<<<<<<<<<<<<<<<
Running:
mixcr align --report /projects/rpci/songyao/pnfioric/arc_project/airr_calculation/tcr_quant/results/mixcr_RS-03779394.align.report.txt --json-report /projects/rpci/songyao/pnfioric/arc_project/airr_calculation/tcr_quant/results/mixcr_RS-03779394.align.report.json --threads 12 --preset rna-seq --save-output-file-names /projects/rpci/songyao/pnfioric/arc_project/airr_calculation/tcr_quant/results/mixcr_RS-03779394.align.list.tsv --species hsa /projects/rpci/songyao/pnfioric/arc_project/airr_calculation/fastq_files/RS-03779394/RS-04417221_SSFS09004408-A1_RS-03779394_S185_R1_001.fastq.gz /projects/rpci/songyao/pnfioric/arc_project/airr_calculation/fastq_files/RS-03779394/RS-04417221_SSFS09004408-A1_RS-03779394_S185_R2_001.fastq.gz /projects/rpci/songyao/pnfioric/arc_project/airr_calculation/tcr_quant/results/mixcr_RS-03779394.alignments.vdjca
Alignment: 0%
Alignment: 3.2%  ETA: 01:00:28
Alignment: 6.5%  ETA: 00:57:26
Alignment: 9.7%  ETA: 00:55:26
Alignment: 13%  ETA: 00:53:26
Alignment: 16.3%  ETA: 00:51:00
Alignment: 19.5%  ETA: 00:49:25
Alignment: 22.8%  ETA: 00:46:36
Alignment: 26.1%  ETA: 00:45:47
Alignment: 29.3%  ETA: 00:43:47
Alignment: 32.5%  ETA: 00:41:25
Alignment: 35.8%  ETA: 00:39:46
Alignment: 39%  ETA: 00:37:26
Alignment: 42.3%  ETA: 00:35:26
Alignment: 45.6%  ETA: 00:33:08
Alignment: 48.8%  ETA: 00:31:25
Alignment: 52.1%  ETA: 00:29:25
Alignment: 55.3%  ETA: 00:27:40
Alignment: 58.6%  ETA: 00:25:26
Alignment: 61.8%  ETA: 00:23:52
Alignment: 65%  ETA: 00:21:28
Alignment: 68.3%  ETA: 00:19:28
Alignment: 71.5%  ETA: 00:17:28
Alignment: 74.8%  ETA: 00:15:37
Alignment: 78%  ETA: 00:13:29
Alignment: 81.3%  ETA: 00:11:36
Alignment: 84.5%  ETA: 00:09:30
Alignment: 87.8%  ETA: 00:07:35
Alignment: 91.1%  ETA: 00:05:23
Alignment: 94.3%  ETA: 00:03:29
Alignment: 97.6%  ETA: 00:01:27
====================== report: align ======================
Analysis time: 61.49m
Total sequencing reads: 71908698
Successfully aligned reads: 7278 (0.01%)
Coverage (percent of successfully aligned):
  CDR3: 839 (11.53%)
  FR3_TO_FR4: 3 (0.04%)
  CDR2_TO_FR4: 0 (0%)
  FR2_TO_FR4: 3 (0.04%)
  CDR1_TO_FR4: 0 (0%)
  VDJRegion: 0 (0%)
Alignment failed: no hits (not TCR/IG?): 68740154 (95.59%)
Alignment failed: no CDR3 parts: 47487 (0.07%)
Alignment failed: low total score: 3113779 (4.33%)
Overlapped: 68542681 (95.32%)
Overlapped and aligned: 7151 (0.01%)
Overlapped and not aligned: 68535530 (95.31%)
Alignment-aided overlaps, percent of overlapped and aligned: 35 (0.49%)
No CDR3 parts alignments, percent of successfully aligned: 157 (2.16%)
Partial aligned reads, percent of successfully aligned: 6282 (86.31%)
Realigned with forced non-floating bound: 6732104 (9.36%)
Realigned with forced non-floating right bound in left read: 1596 (0%)
Realigned with forced non-floating left bound in right read: 1596 (0%)
TRA chains: 1032 (14.18%)
TRA non-functional: 0 (0%)
TRB chains: 488 (6.71%)
TRB non-functional: 10 (2.05%)
TRD chains: 14 (0.19%)
TRD non-functional: 0 (0%)
TRG chains: 65 (0.89%)
TRG non-functional: 1 (1.54%)
IGH chains: 2843 (39.06%)
IGH non-functional: 0 (0%)
TRAD chains: 148 (2.03%)
TRAD non-functional: 0 (0%)
IGK chains: 1043 (14.33%)
IGK non-functional: 1 (0.1%)
IGL chains: 1645 (22.6%)
IGL non-functional: 6 (0.36%)
Trimming report:
  R1 reads trimmed left: 205040 (0.29%)
  R1 reads trimmed right: 213243 (0.3%)
  Average R1 nucleotides trimmed left: 0.0484675164053172
  Average R1 nucleotides trimmed right: 0.051809045409221564
  R2 reads trimmed left: 201751 (0.28%)
  R2 reads trimmed right: 210561 (0.29%)
  Average R2 nucleotides trimmed left: 0.047603392846856996
  Average R2 nucleotides trimmed right: 0.05087840694876717

>>>>>>>>>>>>>>>>>> mixcr assemblePartial <<<<<<<<<<<<<<<<<<
Running:
mixcr assemblePartial --report /projects/rpci/songyao/pnfioric/arc_project/airr_calculation/tcr_quant/results/mixcr_RS-03779394.assemblePartial.report.txt --json-report /projects/rpci/songyao/pnfioric/arc_project/airr_calculation/tcr_quant/results/mixcr_RS-03779394.assemblePartial.report.json /projects/rpci/songyao/pnfioric/arc_project/airr_calculation/tcr_quant/results/mixcr_RS-03779394.alignments.vdjca /projects/rpci/songyao/pnfioric/arc_project/airr_calculation/tcr_quant/results/mixcr_RS-03779394.passembled.1.vdjca
Building index: 0%
Searching for overlaps: 0%
================= report: assemblePartial =================
Analysis time: 465ms
Total alignments analysed: 7278
Number of output alignments: 7276 (99.97%)
Alignments already with CDR3 (no overlapping is performed): 862 (11.84%)
Successfully overlapped alignments: 2 (0.03%)
Left parts with too small N-region (failed to extract k-mer): 1494 (20.53%)
Extracted k-mer diversity: 5274
Dropped due to wildcard in k-mer: 0 (0%)
Dropped due to too short NRegion parts in overlap: 0 (0%)
Dropped overlaps with empty N region due to no complete NDN coverage: 8 (0.11%)
Number of left-side alignments: 1221 (16.78%)
Number of right-side alignments: 3709 (50.96%)
Complex overlaps: 0 (0%)
Over-overlaps: 0 (0%)
Partial alignments written to output: 6412 (88.1%)

>>>>>>>>>>>>>>>>>> mixcr assemblePartial <<<<<<<<<<<<<<<<<<
Running:
mixcr assemblePartial --report /projects/rpci/songyao/pnfioric/arc_project/airr_calculation/tcr_quant/results/mixcr_RS-03779394.assemblePartial.report.txt --json-report /projects/rpci/songyao/pnfioric/arc_project/airr_calculation/tcr_quant/results/mixcr_RS-03779394.assemblePartial.report.json /projects/rpci/songyao/pnfioric/arc_project/airr_calculation/tcr_quant/results/mixcr_RS-03779394.passembled.1.vdjca /projects/rpci/songyao/pnfioric/arc_project/airr_calculation/tcr_quant/results/mixcr_RS-03779394.passembled.2.vdjca
Building index: 0%
Searching for overlaps: 0%
================= report: assemblePartial =================
Analysis time: 132ms
Total alignments analysed: 7276
Number of output alignments: 7276 (100%)
Alignments already with CDR3 (no overlapping is performed): 864 (11.87%)
Successfully overlapped alignments: 0 (0%)
Left parts with too small N-region (failed to extract k-mer): 1494 (20.53%)
Extracted k-mer diversity: 5269
Dropped due to wildcard in k-mer: 0 (0%)
Dropped due to too short NRegion parts in overlap: 0 (0%)
Dropped overlaps with empty N region due to no complete NDN coverage: 8 (0.11%)
Number of left-side alignments: 1219 (16.75%)
Number of right-side alignments: 3707 (50.95%)
Complex overlaps: 0 (0%)
Over-overlaps: 0 (0%)
Partial alignments written to output: 6412 (88.13%)

>>>>>>>>>>>>>>>>>>>>>>> mixcr extend <<<<<<<<<<<<<<<<<<<<<<<
Running:
mixcr extend --report /projects/rpci/songyao/pnfioric/arc_project/airr_calculation/tcr_quant/results/mixcr_RS-03779394.extend.report.txt --json-report /projects/rpci/songyao/pnfioric/arc_project/airr_calculation/tcr_quant/results/mixcr_RS-03779394.extend.report.json --threads 12 /projects/rpci/songyao/pnfioric/arc_project/airr_calculation/tcr_quant/results/mixcr_RS-03779394.passembled.2.vdjca /projects/rpci/songyao/pnfioric/arc_project/airr_calculation/tcr_quant/results/mixcr_RS-03779394.extended.vdjca
Extending alignments: 0%
====================== report: extend ======================
Analysis time: 73ms
Extended alignments count: 0 (0%)
V extensions total: 0 (0%)
V extensions with merged targets: 0 (0%)
J extensions total: 0 (0%)
J extensions with merged targets: 0 (0%)
V+J extensions: 0 (0%)
Mean V extension length: NaN
Mean J extension length: NaN

>>>>>>>>>>>>>>>>>>>>>> mixcr assemble <<<<<<<<<<<<<<<<<<<<<<
Running:
mixcr assemble --report /projects/rpci/songyao/pnfioric/arc_project/airr_calculation/tcr_quant/results/mixcr_RS-03779394.assemble.report.txt --json-report /projects/rpci/songyao/pnfioric/arc_project/airr_calculation/tcr_quant/results/mixcr_RS-03779394.assemble.report.json /projects/rpci/songyao/pnfioric/arc_project/airr_calculation/tcr_quant/results/mixcr_RS-03779394.extended.vdjca /projects/rpci/songyao/pnfioric/arc_project/airr_calculation/tcr_quant/results/mixcr_RS-03779394.clna
Initialization: progress unknown
Initialization: progress unknown
===================== report: assemble =====================
Analysis time: 642ms
Final clonotype count: 177
Reads used in clonotypes, percent of total: 836 (0%)
Average number of reads per clonotype: 4.72
Reads dropped due to the lack of a clone sequence, percent of total: 6435 (0.01%)
Reads dropped due to a too short clonal sequence, percent of total: 0 (0%)
Reads dropped due to low quality, percent of total: 0 (0%)
Reads dropped due to failed mapping, percent of total: 7 (0%)
Reads dropped with low quality clones, percent of total: 0 (0%)
Aligned reads processed: 843
Reads used in clonotypes before clustering, percent of total: 836 (0%)
Number of reads used as a core, percent of used: 834 (99.76%)
Mapped low quality reads, percent of used: 2 (0.24%)
Reads clustered in PCR error correction, percent of used: 0 (0%)
Reads pre-clustered due to the similar VJC-lists, percent of used: 0 (0%)
Clonotypes dropped as low quality: 0
Clonotypes eliminated by PCR error correction: 0
Clonotypes pre-clustered due to the similar VJC-lists: 0
Clones dropped in post filtering: 0 (0%)
Reads dropped in post filtering: 0.0 (0%)
Reads filtered by tag prefix: 0 (0%)
TRB chains: 1 (0.56%)
TRB non-functional: 1 (100%)
IGH chains: 51 (28.81%)
IGH non-functional: 0 (0%)
IGK chains: 80 (45.2%)
IGK non-functional: 1 (1.25%)
IGL chains: 45 (25.42%)
IGL non-functional: 1 (2.22%)

>>>>>>>>>>>>>>>>>> mixcr assembleContigs <<<<<<<<<<<<<<<<<<
Running:
mixcr assembleContigs --report /projects/rpci/songyao/pnfioric/arc_project/airr_calculation/tcr_quant/results/mixcr_RS-03779394.assembleContigs.report.txt --json-report /projects/rpci/songyao/pnfioric/arc_project/airr_calculation/tcr_quant/results/mixcr_RS-03779394.assembleContigs.report.json --threads 12 /projects/rpci/songyao/pnfioric/arc_project/airr_calculation/tcr_quant/results/mixcr_RS-03779394.clna /projects/rpci/songyao/pnfioric/arc_project/airr_calculation/tcr_quant/results/mixcr_RS-03779394.contigs.clns
Assembling contigs: 0%
================= report: assembleContigs =================
Analysis time: 289ms
Initial clonotype count: 177
Final clonotype count: 177 (100%)
Canceled assemblies: 0 (0%)
Clones filtered out after assemble: 0 (0%)
Number of premature termination assembly events, percent of number of initial clonotypes: 0.0 (0%)
Longest contig length: 236
Clustered variants: 0 (0%)
Reads in clustered variants: 0.0 (0%)
Reads in divided (newly created) clones: 0.0 (0%)
Clones with ambiguous letters in splitting region: 0 (0%)
Reads in clones with ambiguous letters in splitting region: 0.0 (0%)
Average number of ambiguous letters per clone with ambiguous letters in splitting region: NaN
Clones combined after clustering: 0 (0%)

>>>>>>>>>>>>>>>>>>>>>>>>> mixcr qc <<<<<<<<<<<<<<<<<<<<<<<<<
Running:
mixcr qc --print-to-stdout /projects/rpci/songyao/pnfioric/arc_project/airr_calculation/tcr_quant/results/mixcr_RS-03779394.contigs.clns /projects/rpci/songyao/pnfioric/arc_project/airr_calculation/tcr_quant/results/mixcr_RS-03779394.qc.txt /projects/rpci/songyao/pnfioric/arc_project/airr_calculation/tcr_quant/results/mixcr_RS-03779394.qc.json

  Alignments dropped due to low sequence quality: 0.0% [OK]

>>>>>>>>>>>>>>>>>>>> mixcr exportClones <<<<<<<<<<<<<<<<<<<<
Running:
mixcr exportClones /projects/rpci/songyao/pnfioric/arc_project/airr_calculation/tcr_quant/results/mixcr_RS-03779394.contigs.clns /projects/rpci/songyao/pnfioric/arc_project/airr_calculation/tcr_quant/results/mixcr_RS-03779394.clones.tsv
Analysis finished successfully.
===============================
Visualize results and simplify your immune data analysis with a convenient UI.
Explore and install Platforma.bio here: https://platforma.bio
