WARNING: sun.reflect.Reflection.getCallerClass is not supported. This will impact performance.

>>>>>>>>>>>>>>>>>>>>>>> mixcr align <<<<<<<<<<<<<<<<<<<<<<<
Running:
mixcr align --report /projects/rpci/songyao/pnfioric/arc_project/airr_calculation/tcr_quant/results/mixcr_RS-04367381.align.report.txt --json-report /projects/rpci/songyao/pnfioric/arc_project/airr_calculation/tcr_quant/results/mixcr_RS-04367381.align.report.json --threads 12 --preset rna-seq --save-output-file-names /projects/rpci/songyao/pnfioric/arc_project/airr_calculation/tcr_quant/results/mixcr_RS-04367381.align.list.tsv --species hsa /projects/rpci/songyao/pnfioric/arc_project/airr_calculation/fastq_files/RS-04367381/RS-04367381_OAKS07017680-C16_RS-03635039_S47_R1_001.fastq.gz /projects/rpci/songyao/pnfioric/arc_project/airr_calculation/fastq_files/RS-04367381/RS-04367381_OAKS07017680-C16_RS-03635039_S47_R2_001.fastq.gz /projects/rpci/songyao/pnfioric/arc_project/airr_calculation/tcr_quant/results/mixcr_RS-04367381.alignments.vdjca
Alignment: 0%
Alignment: 4.1%  ETA: 00:46:26
Alignment: 8.4%  ETA: 00:43:16
Alignment: 12.6%  ETA: 00:41:38
Alignment: 16.7%  ETA: 00:40:22
Alignment: 20.9%  ETA: 00:38:01
Alignment: 25%  ETA: 00:36:00
Alignment: 29.1%  ETA: 00:34:58
Alignment: 33.2%  ETA: 00:32:21
Alignment: 37.3%  ETA: 00:30:21
Alignment: 41.4%  ETA: 00:28:37
Alignment: 45.5%  ETA: 00:26:52
Alignment: 49.5%  ETA: 00:24:52
Alignment: 53.6%  ETA: 00:22:39
Alignment: 57.7%  ETA: 00:20:51
Alignment: 61.8%  ETA: 00:18:29
Alignment: 65.8%  ETA: 00:16:59
Alignment: 69.9%  ETA: 00:14:50
Alignment: 74%  ETA: 00:12:50
Alignment: 78%  ETA: 00:10:57
Alignment: 82%  ETA: 00:08:57
Alignment: 86.1%  ETA: 00:06:52
Alignment: 90.1%  ETA: 00:04:52
Alignment: 94.1%  ETA: 00:02:55
Alignment: 98.2%  ETA: 00:00:53
====================== report: align ======================
Analysis time: 48.94m
Total sequencing reads: 53780852
Successfully aligned reads: 4087 (0.01%)
Coverage (percent of successfully aligned):
  CDR3: 1162 (28.43%)
  FR3_TO_FR4: 2 (0.05%)
  CDR2_TO_FR4: 2 (0.05%)
  FR2_TO_FR4: 0 (0%)
  CDR1_TO_FR4: 0 (0%)
  VDJRegion: 1 (0.02%)
Alignment failed: no hits (not TCR/IG?): 52377098 (97.39%)
Alignment failed: no CDR3 parts: 21361 (0.04%)
Alignment failed: low total score: 1378306 (2.56%)
Overlapped: 49701656 (92.42%)
Overlapped and aligned: 3962 (0.01%)
Overlapped and not aligned: 49697694 (92.41%)
Alignment-aided overlaps, percent of overlapped and aligned: 69 (1.74%)
No CDR3 parts alignments, percent of successfully aligned: 62 (1.52%)
Partial aligned reads, percent of successfully aligned: 2863 (70.05%)
J gene chimeras: 5 (0%)
Realigned with forced non-floating bound: 8158530 (15.17%)
Realigned with forced non-floating right bound in left read: 600 (0%)
Realigned with forced non-floating left bound in right read: 600 (0%)
TRA chains: 250 (6.12%)
TRA non-functional: 2 (0.8%)
TRB chains: 123 (3.01%)
TRB non-functional: 0 (0%)
TRD chains: 4 (0.1%)
TRD non-functional: 0 (0%)
TRG chains: 17 (0.42%)
TRG non-functional: 2 (11.76%)
IGH chains: 1245 (30.46%)
IGH non-functional: 7 (0.56%)
TRAD chains: 9 (0.22%)
TRAD non-functional: 0 (0%)
IGK chains: 1338 (32.74%)
IGK non-functional: 22 (1.64%)
IGL chains: 1101 (26.94%)
IGL non-functional: 3 (0.27%)
Trimming report:
  R1 reads trimmed left: 13496 (0.03%)
  R1 reads trimmed right: 14383 (0.03%)
  Average R1 nucleotides trimmed left: 0.0042657189588591864
  Average R1 nucleotides trimmed right: 0.00467740823444002
  R2 reads trimmed left: 14930 (0.03%)
  R2 reads trimmed right: 15559 (0.03%)
  Average R2 nucleotides trimmed left: 0.004252256918503262
  Average R2 nucleotides trimmed right: 0.005619936999138653

>>>>>>>>>>>>>>>>>> mixcr assemblePartial <<<<<<<<<<<<<<<<<<
Running:
mixcr assemblePartial --report /projects/rpci/songyao/pnfioric/arc_project/airr_calculation/tcr_quant/results/mixcr_RS-04367381.assemblePartial.report.txt --json-report /projects/rpci/songyao/pnfioric/arc_project/airr_calculation/tcr_quant/results/mixcr_RS-04367381.assemblePartial.report.json /projects/rpci/songyao/pnfioric/arc_project/airr_calculation/tcr_quant/results/mixcr_RS-04367381.alignments.vdjca /projects/rpci/songyao/pnfioric/arc_project/airr_calculation/tcr_quant/results/mixcr_RS-04367381.passembled.1.vdjca
Building index: 0%
Searching for overlaps: 0%
================= report: assemblePartial =================
Analysis time: 286ms
Total alignments analysed: 4087
Number of output alignments: 4066 (99.49%)
Alignments already with CDR3 (no overlapping is performed): 1195 (29.24%)
Successfully overlapped alignments: 21 (0.51%)
Left parts with too small N-region (failed to extract k-mer): 837 (20.48%)
Extracted k-mer diversity: 3327
Dropped due to wildcard in k-mer: 0 (0%)
Dropped due to too short NRegion parts in overlap: 2 (0.05%)
Dropped overlaps with empty N region due to no complete NDN coverage: 0 (0%)
Number of left-side alignments: 545 (13.33%)
Number of right-side alignments: 1514 (37.04%)
Complex overlaps: 0 (0%)
Over-overlaps: 0 (0%)
Partial alignments written to output: 2850 (69.73%)

>>>>>>>>>>>>>>>>>> mixcr assemblePartial <<<<<<<<<<<<<<<<<<
Running:
mixcr assemblePartial --report /projects/rpci/songyao/pnfioric/arc_project/airr_calculation/tcr_quant/results/mixcr_RS-04367381.assemblePartial.report.txt --json-report /projects/rpci/songyao/pnfioric/arc_project/airr_calculation/tcr_quant/results/mixcr_RS-04367381.assemblePartial.report.json /projects/rpci/songyao/pnfioric/arc_project/airr_calculation/tcr_quant/results/mixcr_RS-04367381.passembled.1.vdjca /projects/rpci/songyao/pnfioric/arc_project/airr_calculation/tcr_quant/results/mixcr_RS-04367381.passembled.2.vdjca
Building index: 0%
Searching for overlaps: 0.5%
================= report: assemblePartial =================
Analysis time: 93ms
Total alignments analysed: 4066
Number of output alignments: 4066 (100%)
Alignments already with CDR3 (no overlapping is performed): 1216 (29.91%)
Successfully overlapped alignments: 0 (0%)
Left parts with too small N-region (failed to extract k-mer): 837 (20.59%)
Extracted k-mer diversity: 3299
Dropped due to wildcard in k-mer: 0 (0%)
Dropped due to too short NRegion parts in overlap: 2 (0.05%)
Dropped overlaps with empty N region due to no complete NDN coverage: 0 (0%)
Number of left-side alignments: 524 (12.89%)
Number of right-side alignments: 1493 (36.72%)
Complex overlaps: 0 (0%)
Over-overlaps: 0 (0%)
Partial alignments written to output: 2850 (70.09%)

>>>>>>>>>>>>>>>>>>>>>>> mixcr extend <<<<<<<<<<<<<<<<<<<<<<<
Running:
mixcr extend --report /projects/rpci/songyao/pnfioric/arc_project/airr_calculation/tcr_quant/results/mixcr_RS-04367381.extend.report.txt --json-report /projects/rpci/songyao/pnfioric/arc_project/airr_calculation/tcr_quant/results/mixcr_RS-04367381.extend.report.json --threads 12 /projects/rpci/songyao/pnfioric/arc_project/airr_calculation/tcr_quant/results/mixcr_RS-04367381.passembled.2.vdjca /projects/rpci/songyao/pnfioric/arc_project/airr_calculation/tcr_quant/results/mixcr_RS-04367381.extended.vdjca
Extending alignments: 0%
====================== report: extend ======================
Analysis time: 35ms
Extended alignments count: 0 (0%)
V extensions total: 0 (0%)
V extensions with merged targets: 0 (0%)
J extensions total: 0 (0%)
J extensions with merged targets: 0 (0%)
V+J extensions: 0 (0%)
Mean V extension length: NaN
Mean J extension length: NaN

>>>>>>>>>>>>>>>>>>>>>> mixcr assemble <<<<<<<<<<<<<<<<<<<<<<
Running:
mixcr assemble --report /projects/rpci/songyao/pnfioric/arc_project/airr_calculation/tcr_quant/results/mixcr_RS-04367381.assemble.report.txt --json-report /projects/rpci/songyao/pnfioric/arc_project/airr_calculation/tcr_quant/results/mixcr_RS-04367381.assemble.report.json /projects/rpci/songyao/pnfioric/arc_project/airr_calculation/tcr_quant/results/mixcr_RS-04367381.extended.vdjca /projects/rpci/songyao/pnfioric/arc_project/airr_calculation/tcr_quant/results/mixcr_RS-04367381.clna
Initialization: progress unknown
Initialization: progress unknown
===================== report: assemble =====================
Analysis time: 851ms
Final clonotype count: 384
Reads used in clonotypes, percent of total: 1174 (0%)
Average number of reads per clonotype: 3.06
Reads dropped due to the lack of a clone sequence, percent of total: 2883 (0.01%)
Reads dropped due to a too short clonal sequence, percent of total: 0 (0%)
Reads dropped due to low quality, percent of total: 0 (0%)
Reads dropped due to failed mapping, percent of total: 25 (0%)
Reads dropped with low quality clones, percent of total: 0 (0%)
Aligned reads processed: 1204
Reads used in clonotypes before clustering, percent of total: 1179 (0%)
Number of reads used as a core, percent of used: 1171 (99.32%)
Mapped low quality reads, percent of used: 8 (0.68%)
Reads clustered in PCR error correction, percent of used: 5 (0.42%)
Reads pre-clustered due to the similar VJC-lists, percent of used: 0 (0%)
Clonotypes dropped as low quality: 0
Clonotypes eliminated by PCR error correction: 4
Clonotypes pre-clustered due to the similar VJC-lists: 0
Clones dropped in post filtering: 0 (0%)
Reads dropped in post filtering: 0.0 (0%)
Reads filtered by tag prefix: 0 (0%)
TRA chains: 3 (0.78%)
TRA non-functional: 2 (66.67%)
TRB chains: 2 (0.52%)
TRB non-functional: 0 (0%)
TRG chains: 1 (0.26%)
TRG non-functional: 1 (100%)
IGH chains: 84 (21.88%)
IGH non-functional: 3 (3.57%)
IGK chains: 213 (55.47%)
IGK non-functional: 12 (5.63%)
IGL chains: 81 (21.09%)
IGL non-functional: 2 (2.47%)

>>>>>>>>>>>>>>>>>> mixcr assembleContigs <<<<<<<<<<<<<<<<<<
Running:
mixcr assembleContigs --report /projects/rpci/songyao/pnfioric/arc_project/airr_calculation/tcr_quant/results/mixcr_RS-04367381.assembleContigs.report.txt --json-report /projects/rpci/songyao/pnfioric/arc_project/airr_calculation/tcr_quant/results/mixcr_RS-04367381.assembleContigs.report.json --threads 12 /projects/rpci/songyao/pnfioric/arc_project/airr_calculation/tcr_quant/results/mixcr_RS-04367381.clna /projects/rpci/songyao/pnfioric/arc_project/airr_calculation/tcr_quant/results/mixcr_RS-04367381.contigs.clns
Assembling contigs: 0%
================= report: assembleContigs =================
Analysis time: 454ms
Initial clonotype count: 384
Final clonotype count: 384 (100%)
Canceled assemblies: 0 (0%)
Clones filtered out after assemble: 0 (0%)
Number of premature termination assembly events, percent of number of initial clonotypes: 0.0 (0%)
Longest contig length: 341
Clustered variants: 0 (0%)
Reads in clustered variants: 0.0 (0%)
Reads in divided (newly created) clones: 0.0 (0%)
Clones with ambiguous letters in splitting region: 0 (0%)
Reads in clones with ambiguous letters in splitting region: 0.0 (0%)
Average number of ambiguous letters per clone with ambiguous letters in splitting region: NaN
Clones combined after clustering: 0 (0%)

>>>>>>>>>>>>>>>>>>>>>>>>> mixcr qc <<<<<<<<<<<<<<<<<<<<<<<<<
Running:
mixcr qc --print-to-stdout /projects/rpci/songyao/pnfioric/arc_project/airr_calculation/tcr_quant/results/mixcr_RS-04367381.contigs.clns /projects/rpci/songyao/pnfioric/arc_project/airr_calculation/tcr_quant/results/mixcr_RS-04367381.qc.txt /projects/rpci/songyao/pnfioric/arc_project/airr_calculation/tcr_quant/results/mixcr_RS-04367381.qc.json

  Alignments dropped due to low sequence quality: 0.0% [OK]

>>>>>>>>>>>>>>>>>>>> mixcr exportClones <<<<<<<<<<<<<<<<<<<<
Running:
mixcr exportClones /projects/rpci/songyao/pnfioric/arc_project/airr_calculation/tcr_quant/results/mixcr_RS-04367381.contigs.clns /projects/rpci/songyao/pnfioric/arc_project/airr_calculation/tcr_quant/results/mixcr_RS-04367381.clones.tsv
Analysis finished successfully.
===============================
Visualize results and simplify your immune data analysis with a convenient UI.
Explore and install Platforma.bio here: https://platforma.bio
