Exporting TRB
Exporting clones: 9.1%
Filtered 11 of 1375 clones (99.2%).
Filtered 27.0 of 3940.0 reads (99.31%).
Exporting TRA
Exporting clones: 5.3%
Filtered 19 of 1375 clones (98.62%).
Filtered 47.0 of 3940.0 reads (98.81%).
Exporting IGH
Exporting clones: 0.3%
Filtered 347 of 1375 clones (74.76%).
Filtered 892.0 of 3940.0 reads (77.36%).
Exporting TRG
Exporting clones: 16.7%
Filtered 6 of 1375 clones (99.56%).
Filtered 15.0 of 3940.0 reads (99.62%).
Exporting IGL
Exporting clones: 0.2%
Filtered 428 of 1375 clones (68.87%).
Filtered 1306.0 of 3940.0 reads (66.85%).
Exporting IGK
Exporting clones: 0.2%
Filtered 564 of 1375 clones (58.98%).
Filtered 1653.0 of 3940.0 reads (58.05%).
