WARNING: sun.reflect.Reflection.getCallerClass is not supported. This will impact performance.

>>>>>>>>>>>>>>>>>>>>>>> mixcr align <<<<<<<<<<<<<<<<<<<<<<<
Running:
mixcr align --report /projects/rpci/songyao/pnfioric/arc_project/airr_calculation/tcr_quant/results/mixcr_RS-04378730.align.report.txt --json-report /projects/rpci/songyao/pnfioric/arc_project/airr_calculation/tcr_quant/results/mixcr_RS-04378730.align.report.json --threads 12 --preset rna-seq --save-output-file-names /projects/rpci/songyao/pnfioric/arc_project/airr_calculation/tcr_quant/results/mixcr_RS-04378730.align.list.tsv --species hsa /projects/rpci/songyao/pnfioric/arc_project/airr_calculation/fastq_files/RS-04378730/RS-04378730_SSFS12014519-A1_RS-04262475_S123_R1_001.fastq.gz /projects/rpci/songyao/pnfioric/arc_project/airr_calculation/fastq_files/RS-04378730/RS-04378730_SSFS12014519-A1_RS-04262475_S123_R2_001.fastq.gz /projects/rpci/songyao/pnfioric/arc_project/airr_calculation/tcr_quant/results/mixcr_RS-04378730.alignments.vdjca
Alignment: 0%
Alignment: 3.8%  ETA: 00:50:22
Alignment: 7.7%  ETA: 00:47:57
Alignment: 11.6%  ETA: 00:45:33
Alignment: 15.4%  ETA: 00:44:19
Alignment: 19.2%  ETA: 00:41:57
Alignment: 23.1%  ETA: 00:39:36
Alignment: 27%  ETA: 00:37:36
Alignment: 30.9%  ETA: 00:34:59
Alignment: 34.9%  ETA: 00:32:42
Alignment: 38.9%  ETA: 00:30:58
Alignment: 42.9%  ETA: 00:28:29
Alignment: 46.8%  ETA: 00:26:56
Alignment: 50.8%  ETA: 00:24:56
Alignment: 54.7%  ETA: 00:22:56
Alignment: 58.7%  ETA: 00:20:56
Alignment: 62.6%  ETA: 00:19:07
Alignment: 66.6%  ETA: 00:16:39
Alignment: 70.5%  ETA: 00:14:55
Alignment: 74.6%  ETA: 00:12:41
Alignment: 78.5%  ETA: 00:11:00
Alignment: 82.4%  ETA: 00:08:54
Alignment: 86.4%  ETA: 00:06:54
Alignment: 90.3%  ETA: 00:04:54
Alignment: 94.3%  ETA: 00:02:54
Alignment: 98.3%  ETA: 00:00:51
====================== report: align ======================
Analysis time: 50.92m
Total sequencing reads: 60648068
Successfully aligned reads: 3150 (0.01%)
Coverage (percent of successfully aligned):
  CDR3: 591 (18.76%)
  FR3_TO_FR4: 0 (0%)
  CDR2_TO_FR4: 0 (0%)
  FR2_TO_FR4: 0 (0%)
  CDR1_TO_FR4: 0 (0%)
  VDJRegion: 0 (0%)
Alignment failed: no hits (not TCR/IG?): 59167290 (97.56%)
Alignment failed: no CDR3 parts: 20244 (0.03%)
Alignment failed: low total score: 1457384 (2.4%)
Overlapped: 57922796 (95.51%)
Overlapped and aligned: 3083 (0.01%)
Overlapped and not aligned: 57919713 (95.5%)
Alignment-aided overlaps, percent of overlapped and aligned: 62 (2.01%)
No CDR3 parts alignments, percent of successfully aligned: 66 (2.1%)
Partial aligned reads, percent of successfully aligned: 2493 (79.14%)
Realigned with forced non-floating bound: 5450668 (8.99%)
Realigned with forced non-floating right bound in left read: 325 (0%)
Realigned with forced non-floating left bound in right read: 325 (0%)
TRA chains: 683 (21.68%)
TRA non-functional: 5 (0.73%)
TRB chains: 76 (2.41%)
TRB non-functional: 0 (0%)
TRG chains: 20 (0.63%)
TRG non-functional: 0 (0%)
IGH chains: 948 (30.1%)
IGH non-functional: 0 (0%)
TRAD chains: 40 (1.27%)
TRAD non-functional: 0 (0%)
IGK chains: 540 (17.14%)
IGK non-functional: 7 (1.3%)
IGL chains: 843 (26.76%)
IGL non-functional: 0 (0%)
Trimming report:
  R1 reads trimmed left: 206030 (0.34%)
  R1 reads trimmed right: 212356 (0.35%)
  Average R1 nucleotides trimmed left: 0.057728566060834784
  Average R1 nucleotides trimmed right: 0.06168638381028065
  R2 reads trimmed left: 202094 (0.33%)
  R2 reads trimmed right: 207192 (0.34%)
  Average R2 nucleotides trimmed left: 0.056488147322351634
  Average R2 nucleotides trimmed right: 0.06021512507207979

>>>>>>>>>>>>>>>>>> mixcr assemblePartial <<<<<<<<<<<<<<<<<<
Running:
mixcr assemblePartial --report /projects/rpci/songyao/pnfioric/arc_project/airr_calculation/tcr_quant/results/mixcr_RS-04378730.assemblePartial.report.txt --json-report /projects/rpci/songyao/pnfioric/arc_project/airr_calculation/tcr_quant/results/mixcr_RS-04378730.assemblePartial.report.json /projects/rpci/songyao/pnfioric/arc_project/airr_calculation/tcr_quant/results/mixcr_RS-04378730.alignments.vdjca /projects/rpci/songyao/pnfioric/arc_project/airr_calculation/tcr_quant/results/mixcr_RS-04378730.passembled.1.vdjca
Building index: 0%
Searching for overlaps: 0%
================= report: assemblePartial =================
Analysis time: 311ms
Total alignments analysed: 3150
Number of output alignments: 3148 (99.94%)
Alignments already with CDR3 (no overlapping is performed): 620 (19.68%)
Successfully overlapped alignments: 2 (0.06%)
Left parts with too small N-region (failed to extract k-mer): 451 (14.32%)
Extracted k-mer diversity: 1319
Dropped due to wildcard in k-mer: 0 (0%)
Dropped due to too short NRegion parts in overlap: 0 (0%)
Dropped overlaps with empty N region due to no complete NDN coverage: 0 (0%)
Number of left-side alignments: 563 (17.87%)
Number of right-side alignments: 1516 (48.13%)
Complex overlaps: 0 (0%)
Over-overlaps: 0 (0%)
Partial alignments written to output: 2526 (80.19%)

>>>>>>>>>>>>>>>>>> mixcr assemblePartial <<<<<<<<<<<<<<<<<<
Running:
mixcr assemblePartial --report /projects/rpci/songyao/pnfioric/arc_project/airr_calculation/tcr_quant/results/mixcr_RS-04378730.assemblePartial.report.txt --json-report /projects/rpci/songyao/pnfioric/arc_project/airr_calculation/tcr_quant/results/mixcr_RS-04378730.assemblePartial.report.json /projects/rpci/songyao/pnfioric/arc_project/airr_calculation/tcr_quant/results/mixcr_RS-04378730.passembled.1.vdjca /projects/rpci/songyao/pnfioric/arc_project/airr_calculation/tcr_quant/results/mixcr_RS-04378730.passembled.2.vdjca
Building index: 0%
Searching for overlaps: 0.1%
================= report: assemblePartial =================
Analysis time: 98ms
Total alignments analysed: 3148
Number of output alignments: 3148 (100%)
Alignments already with CDR3 (no overlapping is performed): 622 (19.76%)
Successfully overlapped alignments: 0 (0%)
Left parts with too small N-region (failed to extract k-mer): 451 (14.33%)
Extracted k-mer diversity: 1293
Dropped due to wildcard in k-mer: 0 (0%)
Dropped due to too short NRegion parts in overlap: 0 (0%)
Dropped overlaps with empty N region due to no complete NDN coverage: 0 (0%)
Number of left-side alignments: 561 (17.82%)
Number of right-side alignments: 1514 (48.09%)
Complex overlaps: 0 (0%)
Over-overlaps: 0 (0%)
Partial alignments written to output: 2526 (80.24%)

>>>>>>>>>>>>>>>>>>>>>>> mixcr extend <<<<<<<<<<<<<<<<<<<<<<<
Running:
mixcr extend --report /projects/rpci/songyao/pnfioric/arc_project/airr_calculation/tcr_quant/results/mixcr_RS-04378730.extend.report.txt --json-report /projects/rpci/songyao/pnfioric/arc_project/airr_calculation/tcr_quant/results/mixcr_RS-04378730.extend.report.json --threads 12 /projects/rpci/songyao/pnfioric/arc_project/airr_calculation/tcr_quant/results/mixcr_RS-04378730.passembled.2.vdjca /projects/rpci/songyao/pnfioric/arc_project/airr_calculation/tcr_quant/results/mixcr_RS-04378730.extended.vdjca
Extending alignments: 0%
====================== report: extend ======================
Analysis time: 29ms
Extended alignments count: 0 (0%)
V extensions total: 0 (0%)
V extensions with merged targets: 0 (0%)
J extensions total: 0 (0%)
J extensions with merged targets: 0 (0%)
V+J extensions: 0 (0%)
Mean V extension length: NaN
Mean J extension length: NaN

>>>>>>>>>>>>>>>>>>>>>> mixcr assemble <<<<<<<<<<<<<<<<<<<<<<
Running:
mixcr assemble --report /projects/rpci/songyao/pnfioric/arc_project/airr_calculation/tcr_quant/results/mixcr_RS-04378730.assemble.report.txt --json-report /projects/rpci/songyao/pnfioric/arc_project/airr_calculation/tcr_quant/results/mixcr_RS-04378730.assemble.report.json /projects/rpci/songyao/pnfioric/arc_project/airr_calculation/tcr_quant/results/mixcr_RS-04378730.extended.vdjca /projects/rpci/songyao/pnfioric/arc_project/airr_calculation/tcr_quant/results/mixcr_RS-04378730.clna
Initialization: progress unknown
Initialization: progress unknown
===================== report: assemble =====================
Analysis time: 479ms
Final clonotype count: 93
Reads used in clonotypes, percent of total: 592 (0%)
Average number of reads per clonotype: 6.37
Reads dropped due to the lack of a clone sequence, percent of total: 2555 (0%)
Reads dropped due to a too short clonal sequence, percent of total: 0 (0%)
Reads dropped due to low quality, percent of total: 0 (0%)
Reads dropped due to failed mapping, percent of total: 3 (0%)
Reads dropped with low quality clones, percent of total: 0 (0%)
Aligned reads processed: 595
Reads used in clonotypes before clustering, percent of total: 592 (0%)
Number of reads used as a core, percent of used: 586 (98.99%)
Mapped low quality reads, percent of used: 6 (1.01%)
Reads clustered in PCR error correction, percent of used: 0 (0%)
Reads pre-clustered due to the similar VJC-lists, percent of used: 0 (0%)
Clonotypes dropped as low quality: 0
Clonotypes eliminated by PCR error correction: 0
Clonotypes pre-clustered due to the similar VJC-lists: 0
Clones dropped in post filtering: 0 (0%)
Reads dropped in post filtering: 0.0 (0%)
Reads filtered by tag prefix: 0 (0%)
TRA chains: 1 (1.08%)
TRA non-functional: 1 (100%)
IGH chains: 25 (26.88%)
IGH non-functional: 0 (0%)
IGK chains: 39 (41.94%)
IGK non-functional: 1 (2.56%)
IGL chains: 28 (30.11%)
IGL non-functional: 0 (0%)

>>>>>>>>>>>>>>>>>> mixcr assembleContigs <<<<<<<<<<<<<<<<<<
Running:
mixcr assembleContigs --report /projects/rpci/songyao/pnfioric/arc_project/airr_calculation/tcr_quant/results/mixcr_RS-04378730.assembleContigs.report.txt --json-report /projects/rpci/songyao/pnfioric/arc_project/airr_calculation/tcr_quant/results/mixcr_RS-04378730.assembleContigs.report.json --threads 12 /projects/rpci/songyao/pnfioric/arc_project/airr_calculation/tcr_quant/results/mixcr_RS-04378730.clna /projects/rpci/songyao/pnfioric/arc_project/airr_calculation/tcr_quant/results/mixcr_RS-04378730.contigs.clns
Assembling contigs: 0%
================= report: assembleContigs =================
Analysis time: 232ms
Initial clonotype count: 93
Final clonotype count: 93 (100%)
Canceled assemblies: 0 (0%)
Clones filtered out after assemble: 0 (0%)
Number of premature termination assembly events, percent of number of initial clonotypes: 0.0 (0%)
Longest contig length: 247
Clustered variants: 0 (0%)
Reads in clustered variants: 0.0 (0%)
Reads in divided (newly created) clones: 0.0 (0%)
Clones with ambiguous letters in splitting region: 0 (0%)
Reads in clones with ambiguous letters in splitting region: 0.0 (0%)
Average number of ambiguous letters per clone with ambiguous letters in splitting region: NaN
Clones combined after clustering: 0 (0%)

>>>>>>>>>>>>>>>>>>>>>>>>> mixcr qc <<<<<<<<<<<<<<<<<<<<<<<<<
Running:
mixcr qc --print-to-stdout /projects/rpci/songyao/pnfioric/arc_project/airr_calculation/tcr_quant/results/mixcr_RS-04378730.contigs.clns /projects/rpci/songyao/pnfioric/arc_project/airr_calculation/tcr_quant/results/mixcr_RS-04378730.qc.txt /projects/rpci/songyao/pnfioric/arc_project/airr_calculation/tcr_quant/results/mixcr_RS-04378730.qc.json

  Alignments dropped due to low sequence quality: 0.0% [OK]

>>>>>>>>>>>>>>>>>>>> mixcr exportClones <<<<<<<<<<<<<<<<<<<<
Running:
mixcr exportClones /projects/rpci/songyao/pnfioric/arc_project/airr_calculation/tcr_quant/results/mixcr_RS-04378730.contigs.clns /projects/rpci/songyao/pnfioric/arc_project/airr_calculation/tcr_quant/results/mixcr_RS-04378730.clones.tsv
Analysis finished successfully.
===============================
Visualize results and simplify your immune data analysis with a convenient UI.
Explore and install Platforma.bio here: https://platforma.bio
