Exporting TRB
Exporting clones: 50%
Filtered 2 of 606 clones (99.67%).
Filtered 9.0 of 4435.0 reads (99.8%).
Exporting TRA
Exporting clones: 8.3%
Filtered 12 of 606 clones (98.02%).
Filtered 30.0 of 4435.0 reads (99.32%).
Exporting TRD
Exporting clones: 100%
Filtered 1 of 606 clones (99.83%).
Filtered 2.0 of 4435.0 reads (99.95%).
Exporting IGH
Exporting clones: 0.5%
Filtered 207 of 606 clones (65.84%).
Filtered 1339.0 of 4435.0 reads (69.81%).
Exporting IGL
Exporting clones: 0.9%
Filtered 111 of 606 clones (81.68%).
Filtered 806.0 of 4435.0 reads (81.83%).
Exporting IGK
Exporting clones: 0.7%
Filtered 273 of 606 clones (54.95%).
Filtered 2249.0 of 4435.0 reads (49.29%).
