Exporting TRB
Exporting clones: 50%
Filtered 2 of 39 clones (94.87%).
Filtered 4.0 of 471.0 reads (99.15%).
Exporting TRA
Exporting clones: 100%
Filtered 1 of 39 clones (97.44%).
Filtered 7.0 of 471.0 reads (98.51%).
Exporting IGH
Exporting clones: 7.7%
Filtered 13 of 39 clones (66.67%).
Filtered 158.0 of 471.0 reads (66.45%).
Exporting IGL
Exporting clones: 9.1%
Filtered 11 of 39 clones (71.79%).
Filtered 225.0 of 471.0 reads (52.23%).
Exporting IGK
Exporting clones: 8.3%
Filtered 12 of 39 clones (69.23%).
Filtered 77.0 of 471.0 reads (83.65%).
