WARNING: sun.reflect.Reflection.getCallerClass is not supported. This will impact performance.

>>>>>>>>>>>>>>>>>>>>>>> mixcr align <<<<<<<<<<<<<<<<<<<<<<<
Running:
mixcr align --report /projects/rpci/songyao/pnfioric/arc_project/airr_calculation/tcr_quant/results/mixcr_RS-04378627.align.report.txt --json-report /projects/rpci/songyao/pnfioric/arc_project/airr_calculation/tcr_quant/results/mixcr_RS-04378627.align.report.json --threads 12 --preset rna-seq --save-output-file-names /projects/rpci/songyao/pnfioric/arc_project/airr_calculation/tcr_quant/results/mixcr_RS-04378627.align.list.tsv --species hsa /projects/rpci/songyao/pnfioric/arc_project/airr_calculation/fastq_files/RS-04378627/RS-04378627_175_RS-04075011_S20_R1_001.fastq.gz /projects/rpci/songyao/pnfioric/arc_project/airr_calculation/fastq_files/RS-04378627/RS-04378627_175_RS-04075011_S20_R2_001.fastq.gz /projects/rpci/songyao/pnfioric/arc_project/airr_calculation/tcr_quant/results/mixcr_RS-04378627.alignments.vdjca
Alignment: 0%
Alignment: 4.2%  ETA: 00:45:38
Alignment: 8.5%  ETA: 00:42:32
Alignment: 12.8%  ETA: 00:40:53
Alignment: 17.1%  ETA: 00:38:13
Alignment: 21.4%  ETA: 00:36:32
Alignment: 25.7%  ETA: 00:34:14
Alignment: 29.9%  ETA: 00:33:22
Alignment: 34.2%  ETA: 00:31:06
Alignment: 38.4%  ETA: 00:29:06
Alignment: 42.7%  ETA: 00:26:38
Alignment: 47%  ETA: 00:24:38
Alignment: 51.2%  ETA: 00:23:02
Alignment: 55.4%  ETA: 00:21:13
Alignment: 59.7%  ETA: 00:18:53
Alignment: 64%  ETA: 00:16:52
Alignment: 68.2%  ETA: 00:14:53
Alignment: 72.5%  ETA: 00:12:45
Alignment: 76.8%  ETA: 00:10:58
Alignment: 81%  ETA: 00:08:52
Alignment: 85.3%  ETA: 00:06:57
Alignment: 89.6%  ETA: 00:04:53
Alignment: 93.8%  ETA: 00:02:53
Alignment: 98.1%  ETA: 00:00:52
====================== report: align ======================
Analysis time: 46.93m
Total sequencing reads: 62785236
Successfully aligned reads: 971 (0%)
Coverage (percent of successfully aligned):
  CDR3: 84 (8.65%)
  FR3_TO_FR4: 0 (0%)
  CDR2_TO_FR4: 0 (0%)
  FR2_TO_FR4: 0 (0%)
  CDR1_TO_FR4: 0 (0%)
  VDJRegion: 0 (0%)
Alignment failed: no hits (not TCR/IG?): 61765872 (98.38%)
Alignment failed: no CDR3 parts: 7317 (0.01%)
Alignment failed: low total score: 1011076 (1.61%)
Overlapped: 59879483 (95.37%)
Overlapped and aligned: 914 (0%)
Overlapped and not aligned: 59878569 (95.37%)
Alignment-aided overlaps, percent of overlapped and aligned: 0 (0%)
No CDR3 parts alignments, percent of successfully aligned: 12 (1.24%)
Partial aligned reads, percent of successfully aligned: 875 (90.11%)
Realigned with forced non-floating bound: 5811506 (9.26%)
Realigned with forced non-floating right bound in left read: 186 (0%)
Realigned with forced non-floating left bound in right read: 186 (0%)
TRA chains: 290 (29.87%)
TRA non-functional: 0 (0%)
TRB chains: 31 (3.19%)
TRB non-functional: 0 (0%)
TRG chains: 18 (1.85%)
TRG non-functional: 0 (0%)
IGH chains: 251 (25.85%)
IGH non-functional: 0 (0%)
IGK chains: 168 (17.3%)
IGK non-functional: 5 (2.98%)
IGL chains: 213 (21.94%)
IGL non-functional: 0 (0%)
Trimming report:
  R1 reads trimmed left: 965102 (1.54%)
  R1 reads trimmed right: 974498 (1.55%)
  Average R1 nucleotides trimmed left: 0.2612896127363446
  Average R1 nucleotides trimmed right: 0.2774171462857924
  R2 reads trimmed left: 958220 (1.53%)
  R2 reads trimmed right: 966254 (1.54%)
  Average R2 nucleotides trimmed left: 0.2593030469774773
  Average R2 nucleotides trimmed right: 0.27514976610106234

>>>>>>>>>>>>>>>>>> mixcr assemblePartial <<<<<<<<<<<<<<<<<<
Running:
mixcr assemblePartial --report /projects/rpci/songyao/pnfioric/arc_project/airr_calculation/tcr_quant/results/mixcr_RS-04378627.assemblePartial.report.txt --json-report /projects/rpci/songyao/pnfioric/arc_project/airr_calculation/tcr_quant/results/mixcr_RS-04378627.assemblePartial.report.json /projects/rpci/songyao/pnfioric/arc_project/airr_calculation/tcr_quant/results/mixcr_RS-04378627.alignments.vdjca /projects/rpci/songyao/pnfioric/arc_project/airr_calculation/tcr_quant/results/mixcr_RS-04378627.passembled.1.vdjca
Building index: 0%
Searching for overlaps: 0.1%
================= report: assemblePartial =================
Analysis time: 189ms
Total alignments analysed: 971
Number of output alignments: 971 (100%)
Alignments already with CDR3 (no overlapping is performed): 84 (8.65%)
Successfully overlapped alignments: 0 (0%)
Left parts with too small N-region (failed to extract k-mer): 170 (17.51%)
Extracted k-mer diversity: 237
Dropped due to wildcard in k-mer: 0 (0%)
Dropped due to too short NRegion parts in overlap: 0 (0%)
Dropped overlaps with empty N region due to no complete NDN coverage: 0 (0%)
Number of left-side alignments: 121 (12.46%)
Number of right-side alignments: 596 (61.38%)
Complex overlaps: 0 (0%)
Over-overlaps: 0 (0%)
Partial alignments written to output: 887 (91.35%)

>>>>>>>>>>>>>>>>>> mixcr assemblePartial <<<<<<<<<<<<<<<<<<
Running:
mixcr assemblePartial --report /projects/rpci/songyao/pnfioric/arc_project/airr_calculation/tcr_quant/results/mixcr_RS-04378627.assemblePartial.report.txt --json-report /projects/rpci/songyao/pnfioric/arc_project/airr_calculation/tcr_quant/results/mixcr_RS-04378627.assemblePartial.report.json /projects/rpci/songyao/pnfioric/arc_project/airr_calculation/tcr_quant/results/mixcr_RS-04378627.passembled.1.vdjca /projects/rpci/songyao/pnfioric/arc_project/airr_calculation/tcr_quant/results/mixcr_RS-04378627.passembled.2.vdjca
Building index: 0%
Searching for overlaps: 0.4%
================= report: assemblePartial =================
Analysis time: 88ms
Total alignments analysed: 971
Number of output alignments: 971 (100%)
Alignments already with CDR3 (no overlapping is performed): 84 (8.65%)
Successfully overlapped alignments: 0 (0%)
Left parts with too small N-region (failed to extract k-mer): 170 (17.51%)
Extracted k-mer diversity: 237
Dropped due to wildcard in k-mer: 0 (0%)
Dropped due to too short NRegion parts in overlap: 0 (0%)
Dropped overlaps with empty N region due to no complete NDN coverage: 0 (0%)
Number of left-side alignments: 121 (12.46%)
Number of right-side alignments: 596 (61.38%)
Complex overlaps: 0 (0%)
Over-overlaps: 0 (0%)
Partial alignments written to output: 887 (91.35%)

>>>>>>>>>>>>>>>>>>>>>>> mixcr extend <<<<<<<<<<<<<<<<<<<<<<<
Running:
mixcr extend --report /projects/rpci/songyao/pnfioric/arc_project/airr_calculation/tcr_quant/results/mixcr_RS-04378627.extend.report.txt --json-report /projects/rpci/songyao/pnfioric/arc_project/airr_calculation/tcr_quant/results/mixcr_RS-04378627.extend.report.json --threads 12 /projects/rpci/songyao/pnfioric/arc_project/airr_calculation/tcr_quant/results/mixcr_RS-04378627.passembled.2.vdjca /projects/rpci/songyao/pnfioric/arc_project/airr_calculation/tcr_quant/results/mixcr_RS-04378627.extended.vdjca
Extending alignments: 0%
====================== report: extend ======================
Analysis time: 15ms
Extended alignments count: 0 (0%)
V extensions total: 0 (0%)
V extensions with merged targets: 0 (0%)
J extensions total: 0 (0%)
J extensions with merged targets: 0 (0%)
V+J extensions: 0 (0%)
Mean V extension length: NaN
Mean J extension length: NaN

>>>>>>>>>>>>>>>>>>>>>> mixcr assemble <<<<<<<<<<<<<<<<<<<<<<
Running:
mixcr assemble --report /projects/rpci/songyao/pnfioric/arc_project/airr_calculation/tcr_quant/results/mixcr_RS-04378627.assemble.report.txt --json-report /projects/rpci/songyao/pnfioric/arc_project/airr_calculation/tcr_quant/results/mixcr_RS-04378627.assemble.report.json /projects/rpci/songyao/pnfioric/arc_project/airr_calculation/tcr_quant/results/mixcr_RS-04378627.extended.vdjca /projects/rpci/songyao/pnfioric/arc_project/airr_calculation/tcr_quant/results/mixcr_RS-04378627.clna
Initialization: progress unknown
Initialization: progress unknown
===================== report: assemble =====================
Analysis time: 262ms
Final clonotype count: 10
Reads used in clonotypes, percent of total: 83 (0%)
Average number of reads per clonotype: 8.3
Reads dropped due to the lack of a clone sequence, percent of total: 887 (0%)
Reads dropped due to a too short clonal sequence, percent of total: 0 (0%)
Reads dropped due to low quality, percent of total: 0 (0%)
Reads dropped due to failed mapping, percent of total: 1 (0%)
Reads dropped with low quality clones, percent of total: 0 (0%)
Aligned reads processed: 84
Reads used in clonotypes before clustering, percent of total: 83 (0%)
Number of reads used as a core, percent of used: 83 (100%)
Mapped low quality reads, percent of used: 0 (0%)
Reads clustered in PCR error correction, percent of used: 0 (0%)
Reads pre-clustered due to the similar VJC-lists, percent of used: 0 (0%)
Clonotypes dropped as low quality: 0
Clonotypes eliminated by PCR error correction: 0
Clonotypes pre-clustered due to the similar VJC-lists: 0
Clones dropped in post filtering: 0 (0%)
Reads dropped in post filtering: 0.0 (0%)
Reads filtered by tag prefix: 0 (0%)
IGH chains: 4 (40%)
IGH non-functional: 0 (0%)
IGK chains: 4 (40%)
IGK non-functional: 1 (25%)
IGL chains: 2 (20%)
IGL non-functional: 0 (0%)

>>>>>>>>>>>>>>>>>> mixcr assembleContigs <<<<<<<<<<<<<<<<<<
Running:
mixcr assembleContigs --report /projects/rpci/songyao/pnfioric/arc_project/airr_calculation/tcr_quant/results/mixcr_RS-04378627.assembleContigs.report.txt --json-report /projects/rpci/songyao/pnfioric/arc_project/airr_calculation/tcr_quant/results/mixcr_RS-04378627.assembleContigs.report.json --threads 12 /projects/rpci/songyao/pnfioric/arc_project/airr_calculation/tcr_quant/results/mixcr_RS-04378627.clna /projects/rpci/songyao/pnfioric/arc_project/airr_calculation/tcr_quant/results/mixcr_RS-04378627.contigs.clns
Assembling contigs: 0%
================= report: assembleContigs =================
Analysis time: 126ms
Initial clonotype count: 10
Final clonotype count: 10 (100%)
Canceled assemblies: 0 (0%)
Clones filtered out after assemble: 0 (0%)
Number of premature termination assembly events, percent of number of initial clonotypes: 0.0 (0%)
Longest contig length: 178
Clustered variants: 0 (0%)
Reads in clustered variants: 0.0 (0%)
Reads in divided (newly created) clones: 0.0 (0%)
Clones with ambiguous letters in splitting region: 0 (0%)
Reads in clones with ambiguous letters in splitting region: 0.0 (0%)
Average number of ambiguous letters per clone with ambiguous letters in splitting region: NaN
Clones combined after clustering: 0 (0%)

>>>>>>>>>>>>>>>>>>>>>>>>> mixcr qc <<<<<<<<<<<<<<<<<<<<<<<<<
Running:
mixcr qc --print-to-stdout /projects/rpci/songyao/pnfioric/arc_project/airr_calculation/tcr_quant/results/mixcr_RS-04378627.contigs.clns /projects/rpci/songyao/pnfioric/arc_project/airr_calculation/tcr_quant/results/mixcr_RS-04378627.qc.txt /projects/rpci/songyao/pnfioric/arc_project/airr_calculation/tcr_quant/results/mixcr_RS-04378627.qc.json

  Alignments dropped due to low sequence quality: 0.0% [OK]

>>>>>>>>>>>>>>>>>>>> mixcr exportClones <<<<<<<<<<<<<<<<<<<<
Running:
mixcr exportClones /projects/rpci/songyao/pnfioric/arc_project/airr_calculation/tcr_quant/results/mixcr_RS-04378627.contigs.clns /projects/rpci/songyao/pnfioric/arc_project/airr_calculation/tcr_quant/results/mixcr_RS-04378627.clones.tsv
Analysis finished successfully.
===============================
Visualize results and simplify your immune data analysis with a convenient UI.
Explore and install Platforma.bio here: https://platforma.bio
