Exporting TRB
Exporting clones: 20%
Filtered 5 of 204 clones (97.55%).
Filtered 15.0 of 615.0 reads (97.56%).
Exporting TRA
Exporting clones: 16.7%
Filtered 6 of 204 clones (97.06%).
Filtered 10.0 of 615.0 reads (98.37%).
Exporting IGH
Exporting clones: 2.1%
Filtered 48 of 204 clones (76.47%).
Filtered 143.0 of 615.0 reads (76.75%).
Exporting IGL
Exporting clones: 4.2%
Filtered 24 of 204 clones (88.24%).
Filtered 78.0 of 615.0 reads (87.32%).
Exporting IGK
Exporting clones: 0.8%
Filtered 121 of 204 clones (40.69%).
Filtered 369.0 of 615.0 reads (40%).
