Exporting TRB
Exporting clones: 14.3%
Filtered 7 of 44 clones (84.09%).
Filtered 28.0 of 293.0 reads (90.44%).
Exporting TRA
Exporting clones: 33.3%
Filtered 3 of 44 clones (93.18%).
Filtered 11.0 of 293.0 reads (96.25%).
Exporting IGH
Exporting clones: 12.5%
Filtered 8 of 44 clones (81.82%).
Filtered 41.0 of 293.0 reads (86.01%).
Exporting IGL
Exporting clones: 16.7%
Filtered 6 of 44 clones (86.36%).
Filtered 47.0 of 293.0 reads (83.96%).
Exporting IGK
Exporting clones: 5%
Filtered 20 of 44 clones (54.55%).
Filtered 166.0 of 293.0 reads (43.34%).
