Exporting TRB
Exporting clones: 25%
Filtered 4 of 117 clones (96.58%).
Filtered 10.0 of 348.0 reads (97.13%).
Exporting TRA
Exporting clones: 50%
Filtered 2 of 117 clones (98.29%).
Filtered 6.0 of 348.0 reads (98.28%).
Exporting IGH
Exporting clones: 3.6%
Filtered 28 of 117 clones (76.07%).
Filtered 71.0 of 348.0 reads (79.6%).
Exporting IGL
Exporting clones: 5.9%
Filtered 17 of 117 clones (85.47%).
Filtered 46.0 of 348.0 reads (86.78%).
Exporting IGK
Exporting clones: 1.5%
Filtered 66 of 117 clones (43.59%).
Filtered 215.0 of 348.0 reads (38.22%).
