WARNING: sun.reflect.Reflection.getCallerClass is not supported. This will impact performance.

>>>>>>>>>>>>>>>>>>>>>>> mixcr align <<<<<<<<<<<<<<<<<<<<<<<
Running:
mixcr align --report /projects/rpci/songyao/pnfioric/arc_project/airr_calculation/tcr_quant/results/mixcr_RS-04378706.align.report.txt --json-report /projects/rpci/songyao/pnfioric/arc_project/airr_calculation/tcr_quant/results/mixcr_RS-04378706.align.report.json --threads 12 --preset rna-seq --save-output-file-names /projects/rpci/songyao/pnfioric/arc_project/airr_calculation/tcr_quant/results/mixcr_RS-04378706.align.list.tsv --species hsa /projects/rpci/songyao/pnfioric/arc_project/airr_calculation/fastq_files/RS-04378706/RS-04378706_PCS-95-04357-11_RS-04082211_S99_R1_001.fastq.gz /projects/rpci/songyao/pnfioric/arc_project/airr_calculation/fastq_files/RS-04378706/RS-04378706_PCS-95-04357-11_RS-04082211_S99_R2_001.fastq.gz /projects/rpci/songyao/pnfioric/arc_project/airr_calculation/tcr_quant/results/mixcr_RS-04378706.alignments.vdjca
Alignment: 0%
Alignment: 3.1%  ETA: 01:01:42
Alignment: 6.4%  ETA: 00:58:05
Alignment: 9.6%  ETA: 00:56:05
Alignment: 12.8%  ETA: 00:55:04
Alignment: 16%  ETA: 00:52:36
Alignment: 19.2%  ETA: 00:50:08
Alignment: 22.3%  ETA: 00:49:29
Alignment: 25.5%  ETA: 00:46:11
Alignment: 28.7%  ETA: 00:45:25
Alignment: 31.9%  ETA: 00:43:01
Alignment: 35%  ETA: 00:41:47
Alignment: 38.2%  ETA: 00:38:42
Alignment: 41.4%  ETA: 00:36:42
Alignment: 44.5%  ETA: 00:35:00
Alignment: 47.7%  ETA: 00:33:19
Alignment: 50.8%  ETA: 00:31:20
Alignment: 54%  ETA: 00:29:20
Alignment: 57.1%  ETA: 00:27:19
Alignment: 60.3%  ETA: 00:25:05
Alignment: 63.4%  ETA: 00:23:18
Alignment: 66.5%  ETA: 00:21:18
Alignment: 69.7%  ETA: 00:19:18
Alignment: 72.9%  ETA: 00:17:08
Alignment: 76%  ETA: 00:15:08
Alignment: 79.1%  ETA: 00:13:24
Alignment: 82.2%  ETA: 00:11:31
Alignment: 85.4%  ETA: 00:09:13
Alignment: 88.5%  ETA: 00:07:23
Alignment: 91.6%  ETA: 00:05:19
Alignment: 94.8%  ETA: 00:03:19
Alignment: 98%  ETA: 00:01:17
====================== report: align ======================
Analysis time: 63.34m
Total sequencing reads: 75453775
Successfully aligned reads: 1485 (0%)
Coverage (percent of successfully aligned):
  CDR3: 325 (21.89%)
  FR3_TO_FR4: 0 (0%)
  CDR2_TO_FR4: 0 (0%)
  FR2_TO_FR4: 0 (0%)
  CDR1_TO_FR4: 0 (0%)
  VDJRegion: 0 (0%)
Alignment failed: no hits (not TCR/IG?): 73689692 (97.66%)
Alignment failed: no CDR3 parts: 20428 (0.03%)
Alignment failed: low total score: 1742170 (2.31%)
Overlapped: 51758120 (68.6%)
Overlapped and aligned: 1396 (0%)
Overlapped and not aligned: 51756724 (68.59%)
Alignment-aided overlaps, percent of overlapped and aligned: 4 (0.29%)
Partial aligned reads, percent of successfully aligned: 1160 (78.11%)
Realigned with forced non-floating bound: 47391318 (62.81%)
Realigned with forced non-floating right bound in left read: 1386 (0%)
Realigned with forced non-floating left bound in right read: 1386 (0%)
TRA chains: 154 (10.37%)
TRA non-functional: 0 (0%)
TRB chains: 582 (39.19%)
TRB non-functional: 0 (0%)
IGH chains: 251 (16.9%)
IGH non-functional: 0 (0%)
IGK chains: 356 (23.97%)
IGK non-functional: 0 (0%)
IGL chains: 142 (9.56%)
IGL non-functional: 0 (0%)
Trimming report:
  R1 reads trimmed left: 4939790 (6.55%)
  R1 reads trimmed right: 5029353 (6.67%)
  Average R1 nucleotides trimmed left: 1.112933116997791
  Average R1 nucleotides trimmed right: 1.1845553784419667
  R2 reads trimmed left: 4876740 (6.46%)
  R2 reads trimmed right: 4963843 (6.58%)
  Average R2 nucleotides trimmed left: 1.0985984730386253
  Average R2 nucleotides trimmed right: 1.1691755515214448

>>>>>>>>>>>>>>>>>> mixcr assemblePartial <<<<<<<<<<<<<<<<<<
Running:
mixcr assemblePartial --report /projects/rpci/songyao/pnfioric/arc_project/airr_calculation/tcr_quant/results/mixcr_RS-04378706.assemblePartial.report.txt --json-report /projects/rpci/songyao/pnfioric/arc_project/airr_calculation/tcr_quant/results/mixcr_RS-04378706.assemblePartial.report.json /projects/rpci/songyao/pnfioric/arc_project/airr_calculation/tcr_quant/results/mixcr_RS-04378706.alignments.vdjca /projects/rpci/songyao/pnfioric/arc_project/airr_calculation/tcr_quant/results/mixcr_RS-04378706.passembled.1.vdjca
Building index: 0%
Searching for overlaps: 0.1%
================= report: assemblePartial =================
Analysis time: 170ms
Total alignments analysed: 1485
Number of output alignments: 1485 (100%)
Alignments already with CDR3 (no overlapping is performed): 325 (21.89%)
Successfully overlapped alignments: 0 (0%)
Left parts with too small N-region (failed to extract k-mer): 30 (2.02%)
Extracted k-mer diversity: 270
Dropped due to wildcard in k-mer: 0 (0%)
Dropped due to too short NRegion parts in overlap: 0 (0%)
Dropped overlaps with empty N region due to no complete NDN coverage: 0 (0%)
Number of left-side alignments: 557 (37.51%)
Number of right-side alignments: 573 (38.59%)
Complex overlaps: 0 (0%)
Over-overlaps: 0 (0%)
Partial alignments written to output: 1160 (78.11%)

>>>>>>>>>>>>>>>>>> mixcr assemblePartial <<<<<<<<<<<<<<<<<<
Running:
mixcr assemblePartial --report /projects/rpci/songyao/pnfioric/arc_project/airr_calculation/tcr_quant/results/mixcr_RS-04378706.assemblePartial.report.txt --json-report /projects/rpci/songyao/pnfioric/arc_project/airr_calculation/tcr_quant/results/mixcr_RS-04378706.assemblePartial.report.json /projects/rpci/songyao/pnfioric/arc_project/airr_calculation/tcr_quant/results/mixcr_RS-04378706.passembled.1.vdjca /projects/rpci/songyao/pnfioric/arc_project/airr_calculation/tcr_quant/results/mixcr_RS-04378706.passembled.2.vdjca
Building index: 0%
Searching for overlaps: 0.3%
================= report: assemblePartial =================
Analysis time: 93ms
Total alignments analysed: 1485
Number of output alignments: 1485 (100%)
Alignments already with CDR3 (no overlapping is performed): 325 (21.89%)
Successfully overlapped alignments: 0 (0%)
Left parts with too small N-region (failed to extract k-mer): 30 (2.02%)
Extracted k-mer diversity: 270
Dropped due to wildcard in k-mer: 0 (0%)
Dropped due to too short NRegion parts in overlap: 0 (0%)
Dropped overlaps with empty N region due to no complete NDN coverage: 0 (0%)
Number of left-side alignments: 557 (37.51%)
Number of right-side alignments: 573 (38.59%)
Complex overlaps: 0 (0%)
Over-overlaps: 0 (0%)
Partial alignments written to output: 1160 (78.11%)

>>>>>>>>>>>>>>>>>>>>>>> mixcr extend <<<<<<<<<<<<<<<<<<<<<<<
Running:
mixcr extend --report /projects/rpci/songyao/pnfioric/arc_project/airr_calculation/tcr_quant/results/mixcr_RS-04378706.extend.report.txt --json-report /projects/rpci/songyao/pnfioric/arc_project/airr_calculation/tcr_quant/results/mixcr_RS-04378706.extend.report.json --threads 12 /projects/rpci/songyao/pnfioric/arc_project/airr_calculation/tcr_quant/results/mixcr_RS-04378706.passembled.2.vdjca /projects/rpci/songyao/pnfioric/arc_project/airr_calculation/tcr_quant/results/mixcr_RS-04378706.extended.vdjca
Extending alignments: 0%
====================== report: extend ======================
Analysis time: 16ms
Extended alignments count: 0 (0%)
V extensions total: 0 (0%)
V extensions with merged targets: 0 (0%)
J extensions total: 0 (0%)
J extensions with merged targets: 0 (0%)
V+J extensions: 0 (0%)
Mean V extension length: NaN
Mean J extension length: NaN

>>>>>>>>>>>>>>>>>>>>>> mixcr assemble <<<<<<<<<<<<<<<<<<<<<<
Running:
mixcr assemble --report /projects/rpci/songyao/pnfioric/arc_project/airr_calculation/tcr_quant/results/mixcr_RS-04378706.assemble.report.txt --json-report /projects/rpci/songyao/pnfioric/arc_project/airr_calculation/tcr_quant/results/mixcr_RS-04378706.assemble.report.json /projects/rpci/songyao/pnfioric/arc_project/airr_calculation/tcr_quant/results/mixcr_RS-04378706.extended.vdjca /projects/rpci/songyao/pnfioric/arc_project/airr_calculation/tcr_quant/results/mixcr_RS-04378706.clna
Initialization: progress unknown
Initialization: progress unknown
===================== report: assemble =====================
Analysis time: 304ms
Final clonotype count: 2
Reads used in clonotypes, percent of total: 322 (0%)
Average number of reads per clonotype: 161
Reads dropped due to the lack of a clone sequence, percent of total: 1160 (0%)
Reads dropped due to a too short clonal sequence, percent of total: 0 (0%)
Reads dropped due to low quality, percent of total: 0 (0%)
Reads dropped due to failed mapping, percent of total: 1 (0%)
Reads dropped with low quality clones, percent of total: 0 (0%)
Aligned reads processed: 325
Reads used in clonotypes before clustering, percent of total: 324 (0%)
Number of reads used as a core, percent of used: 323 (99.69%)
Mapped low quality reads, percent of used: 1 (0.31%)
Reads clustered in PCR error correction, percent of used: 2 (0.62%)
Reads pre-clustered due to the similar VJC-lists, percent of used: 0 (0%)
Clonotypes dropped as low quality: 0
Clonotypes eliminated by PCR error correction: 2
Clonotypes pre-clustered due to the similar VJC-lists: 0
Clones dropped in post filtering: 0 (0%)
Reads dropped in post filtering: 0.0 (0%)
Reads filtered by tag prefix: 0 (0%)
IGK chains: 2 (100%)
IGK non-functional: 0 (0%)

>>>>>>>>>>>>>>>>>> mixcr assembleContigs <<<<<<<<<<<<<<<<<<
Running:
mixcr assembleContigs --report /projects/rpci/songyao/pnfioric/arc_project/airr_calculation/tcr_quant/results/mixcr_RS-04378706.assembleContigs.report.txt --json-report /projects/rpci/songyao/pnfioric/arc_project/airr_calculation/tcr_quant/results/mixcr_RS-04378706.assembleContigs.report.json --threads 12 /projects/rpci/songyao/pnfioric/arc_project/airr_calculation/tcr_quant/results/mixcr_RS-04378706.clna /projects/rpci/songyao/pnfioric/arc_project/airr_calculation/tcr_quant/results/mixcr_RS-04378706.contigs.clns
Assembling contigs: 0%
================= report: assembleContigs =================
Analysis time: 221ms
Initial clonotype count: 2
Final clonotype count: 2 (100%)
Canceled assemblies: 0 (0%)
Clones filtered out after assemble: 0 (0%)
Number of premature termination assembly events, percent of number of initial clonotypes: 0.0 (0%)
Longest contig length: 110
Clustered variants: 0 (0%)
Reads in clustered variants: 0.0 (0%)
Reads in divided (newly created) clones: 0.0 (0%)
Clones with ambiguous letters in splitting region: 0 (0%)
Reads in clones with ambiguous letters in splitting region: 0.0 (0%)
Average number of ambiguous letters per clone with ambiguous letters in splitting region: NaN
Clones combined after clustering: 0 (0%)

>>>>>>>>>>>>>>>>>>>>>>>>> mixcr qc <<<<<<<<<<<<<<<<<<<<<<<<<
Running:
mixcr qc --print-to-stdout /projects/rpci/songyao/pnfioric/arc_project/airr_calculation/tcr_quant/results/mixcr_RS-04378706.contigs.clns /projects/rpci/songyao/pnfioric/arc_project/airr_calculation/tcr_quant/results/mixcr_RS-04378706.qc.txt /projects/rpci/songyao/pnfioric/arc_project/airr_calculation/tcr_quant/results/mixcr_RS-04378706.qc.json

  Alignments dropped due to low sequence quality: 0.0% [OK]

>>>>>>>>>>>>>>>>>>>> mixcr exportClones <<<<<<<<<<<<<<<<<<<<
Running:
mixcr exportClones /projects/rpci/songyao/pnfioric/arc_project/airr_calculation/tcr_quant/results/mixcr_RS-04378706.contigs.clns /projects/rpci/songyao/pnfioric/arc_project/airr_calculation/tcr_quant/results/mixcr_RS-04378706.clones.tsv
Analysis finished successfully.
===============================
Visualize results and simplify your immune data analysis with a convenient UI.
Explore and install Platforma.bio here: https://platforma.bio
