Exporting TRB
Exporting clones: 50%
Filtered 2 of 35 clones (94.29%).
Filtered 5.0 of 100.0 reads (95%).
Exporting TRA
Exporting clones: 33.3%
Filtered 3 of 35 clones (91.43%).
Filtered 6.0 of 100.0 reads (94%).
Exporting IGH
Exporting clones: 14.3%
Filtered 7 of 35 clones (80%).
Filtered 19.0 of 100.0 reads (81%).
Exporting IGL
Exporting clones: 14.3%
Filtered 7 of 35 clones (80%).
Filtered 15.0 of 100.0 reads (85%).
Exporting IGK
Exporting clones: 6.2%
Filtered 16 of 35 clones (54.29%).
Filtered 55.0 of 100.0 reads (45%).
