Exporting TRB
Exporting clones: 10%
Filtered 10 of 574 clones (98.26%).
Filtered 15.0 of 1790.0 reads (99.16%).
Exporting TRA
Exporting clones: 5.3%
Filtered 19 of 574 clones (96.69%).
Filtered 30.0 of 1790.0 reads (98.32%).
Exporting IGH
Exporting clones: 0.5%
Filtered 186 of 574 clones (67.6%).
Filtered 476.0 of 1790.0 reads (73.41%).
Exporting TRG
Exporting clones: 40%
Filtered 5 of 574 clones (99.13%).
Filtered 11.0 of 1790.0 reads (99.39%).
Exporting IGL
Exporting clones: 1.6%
Filtered 127 of 574 clones (77.87%).
Filtered 374.0 of 1790.0 reads (79.11%).
Exporting IGK
Exporting clones: 1.3%
Filtered 227 of 574 clones (60.45%).
Filtered 884.0 of 1790.0 reads (50.61%).
