Exporting TRB
Exporting clones: 10%
Filtered 10 of 1067 clones (99.06%).
Filtered 22.0 of 5878.0 reads (99.63%).
Exporting TRA
Exporting clones: 11.1%
Filtered 9 of 1067 clones (99.16%).
Filtered 14.0 of 5878.0 reads (99.76%).
Exporting IGH
Exporting clones: 0.3%
Filtered 321 of 1067 clones (69.92%).
Filtered 1927.0 of 5878.0 reads (67.22%).
Exporting TRG
Exporting clones: 100%
Filtered 1 of 1067 clones (99.91%).
Filtered 2.0 of 5878.0 reads (99.97%).
Exporting IGL
Exporting clones: 1.2%
Filtered 244 of 1067 clones (77.13%).
Filtered 1889.0 of 5878.0 reads (67.86%).
Exporting IGK
Exporting clones: 0.2%
Filtered 482 of 1067 clones (54.83%).
Filtered 2024.0 of 5878.0 reads (65.57%).
