Exporting TRB
Exporting clones: 25%
Filtered 4 of 314 clones (98.73%).
Filtered 5.0 of 770.0 reads (99.35%).
Exporting TRA
Exporting clones: 50%
Filtered 2 of 314 clones (99.36%).
Filtered 3.0 of 770.0 reads (99.61%).
Exporting IGH
Exporting clones: 1.3%
Filtered 79 of 314 clones (74.84%).
Filtered 196.0 of 770.0 reads (74.55%).
Exporting TRG
Exporting clones: 50%
Filtered 2 of 314 clones (99.36%).
Filtered 2.0 of 770.0 reads (99.74%).
Exporting IGL
Exporting clones: 3.5%
Filtered 57 of 314 clones (81.85%).
Filtered 144.0 of 770.0 reads (81.3%).
Exporting IGK
Exporting clones: 0.6%
Filtered 170 of 314 clones (45.86%).
Filtered 420.0 of 770.0 reads (45.45%).
