Exporting TRB
Exporting clones: 100%
Filtered 1 of 385 clones (99.74%).
Filtered 1.0 of 3163.0 reads (99.97%).
Exporting TRA
Exporting clones: 25%
Filtered 4 of 385 clones (98.96%).
Filtered 19.0 of 3163.0 reads (99.4%).
Exporting IGH
Exporting clones: 0.8%
Filtered 120 of 385 clones (68.83%).
Filtered 1027.0 of 3163.0 reads (67.53%).
Exporting TRG
Exporting clones: 50%
Filtered 2 of 385 clones (99.48%).
Filtered 9.0 of 3163.0 reads (99.72%).
Exporting IGL
Exporting clones: 1.1%
Filtered 88 of 385 clones (77.14%).
Filtered 765.0 of 3163.0 reads (75.81%).
Exporting IGK
Exporting clones: 1.2%
Filtered 170 of 385 clones (55.84%).
Filtered 1342.0 of 3163.0 reads (57.57%).
