Exporting TRB
Exporting clones: 4.3%
Filtered 23 of 1970 clones (98.83%).
Filtered 49.0 of 19939.0 reads (99.75%).
Exporting TRA
Exporting clones: 3.3%
Filtered 30 of 1970 clones (98.48%).
Filtered 45.0 of 19939.0 reads (99.77%).
Exporting IGH
Exporting clones: 0.2%
Filtered 655 of 1970 clones (66.75%).
Filtered 4006.0 of 19939.0 reads (79.91%).
Exporting TRG
Exporting clones: 42.9%
Filtered 7 of 1970 clones (99.64%).
Filtered 17.0 of 19939.0 reads (99.91%).
Exporting IGL
Exporting clones: 0.4%
Filtered 540 of 1970 clones (72.59%).
Filtered 5679.0 of 19939.0 reads (71.52%).
Exporting IGK
Exporting clones: 0.3%
Filtered 715 of 1970 clones (63.71%).
Filtered 10143.0 of 19939.0 reads (49.13%).
