WARNING: sun.reflect.Reflection.getCallerClass is not supported. This will impact performance.

>>>>>>>>>>>>>>>>>>>>>>> mixcr align <<<<<<<<<<<<<<<<<<<<<<<
Running:
mixcr align --report /projects/rpci/songyao/pnfioric/arc_project/airr_calculation/tcr_quant/results/mixcr_RS-04378629.align.report.txt --json-report /projects/rpci/songyao/pnfioric/arc_project/airr_calculation/tcr_quant/results/mixcr_RS-04378629.align.report.json --threads 12 --preset rna-seq --save-output-file-names /projects/rpci/songyao/pnfioric/arc_project/airr_calculation/tcr_quant/results/mixcr_RS-04378629.align.list.tsv --species hsa /projects/rpci/songyao/pnfioric/arc_project/airr_calculation/fastq_files/RS-04378629/RS-04378629_SSFS13001660-B4_RS-03695639_S22_R1_001.fastq.gz /projects/rpci/songyao/pnfioric/arc_project/airr_calculation/fastq_files/RS-04378629/RS-04378629_SSFS13001660-B4_RS-03695639_S22_R2_001.fastq.gz /projects/rpci/songyao/pnfioric/arc_project/airr_calculation/tcr_quant/results/mixcr_RS-04378629.alignments.vdjca
Alignment: 0%
Alignment: 3.6%  ETA: 00:53:09
Alignment: 7.3%  ETA: 00:51:09
Alignment: 10.9%  ETA: 00:49:09
Alignment: 14.5%  ETA: 00:47:08
Alignment: 18.2%  ETA: 00:44:46
Alignment: 21.8%  ETA: 00:42:46
Alignment: 25.5%  ETA: 00:40:45
Alignment: 29.1%  ETA: 00:39:26
Alignment: 32.7%  ETA: 00:37:26
Alignment: 36.2%  ETA: 00:35:45
Alignment: 39.8%  ETA: 00:33:27
Alignment: 43.5%  ETA: 00:30:54
Alignment: 47.1%  ETA: 00:29:09
Alignment: 50.7%  ETA: 00:27:54
Alignment: 54.2%  ETA: 00:25:40
Alignment: 57.8%  ETA: 00:23:27
Alignment: 61.4%  ETA: 00:21:39
Alignment: 65%  ETA: 00:19:39
Alignment: 68.5%  ETA: 00:17:29
Alignment: 72.1%  ETA: 00:15:29
Alignment: 75.7%  ETA: 00:13:37
Alignment: 79.3%  ETA: 00:11:37
Alignment: 82.8%  ETA: 00:09:37
Alignment: 86.4%  ETA: 00:07:37
Alignment: 90%  ETA: 00:05:37
Alignment: 93.6%  ETA: 00:03:34
Alignment: 97.2%  ETA: 00:01:32
====================== report: align ======================
Analysis time: 55.61m
Total sequencing reads: 64488512
Successfully aligned reads: 15524 (0.02%)
Coverage (percent of successfully aligned):
  CDR3: 5028 (32.39%)
  FR3_TO_FR4: 4 (0.03%)
  CDR2_TO_FR4: 4 (0.03%)
  FR2_TO_FR4: 0 (0%)
  CDR1_TO_FR4: 0 (0%)
  VDJRegion: 0 (0%)
Alignment failed: no hits (not TCR/IG?): 63013478 (97.71%)
Alignment failed: no CDR3 parts: 37136 (0.06%)
Alignment failed: low total score: 1422374 (2.21%)
Overlapped: 59311190 (91.97%)
Overlapped and aligned: 15032 (0.02%)
Overlapped and not aligned: 59296158 (91.95%)
Alignment-aided overlaps, percent of overlapped and aligned: 215 (1.43%)
No CDR3 parts alignments, percent of successfully aligned: 352 (2.27%)
Partial aligned reads, percent of successfully aligned: 10144 (65.34%)
J gene chimeras: 16 (0%)
Realigned with forced non-floating bound: 10355074 (16.06%)
Realigned with forced non-floating right bound in left read: 579 (0%)
Realigned with forced non-floating left bound in right read: 579 (0%)
TRA chains: 720 (4.64%)
TRA non-functional: 0 (0%)
TRB chains: 360 (2.32%)
TRB non-functional: 1 (0.28%)
TRD chains: 28 (0.18%)
TRD non-functional: 0 (0%)
TRG chains: 38 (0.24%)
TRG non-functional: 0 (0%)
IGH chains: 4650 (29.95%)
IGH non-functional: 13 (0.28%)
TRAD chains: 11 (0.07%)
TRAD non-functional: 0 (0%)
IGK chains: 5660 (36.46%)
IGK non-functional: 54 (0.95%)
IGL chains: 4057 (26.13%)
IGL non-functional: 29 (0.71%)
Trimming report:
  R1 reads trimmed left: 166106 (0.26%)
  R1 reads trimmed right: 170115 (0.26%)
  Average R1 nucleotides trimmed left: 0.04376874132248547
  Average R1 nucleotides trimmed right: 0.046715669296261635
  R2 reads trimmed left: 164092 (0.25%)
  R2 reads trimmed right: 166805 (0.26%)
  Average R2 nucleotides trimmed left: 0.04311299662178591
  Average R2 nucleotides trimmed right: 0.04586396721326118

>>>>>>>>>>>>>>>>>> mixcr assemblePartial <<<<<<<<<<<<<<<<<<
Running:
mixcr assemblePartial --report /projects/rpci/songyao/pnfioric/arc_project/airr_calculation/tcr_quant/results/mixcr_RS-04378629.assemblePartial.report.txt --json-report /projects/rpci/songyao/pnfioric/arc_project/airr_calculation/tcr_quant/results/mixcr_RS-04378629.assemblePartial.report.json /projects/rpci/songyao/pnfioric/arc_project/airr_calculation/tcr_quant/results/mixcr_RS-04378629.alignments.vdjca /projects/rpci/songyao/pnfioric/arc_project/airr_calculation/tcr_quant/results/mixcr_RS-04378629.passembled.1.vdjca
Building index: 0%
Searching for overlaps: 0%
================= report: assemblePartial =================
Analysis time: 743ms
Total alignments analysed: 15524
Number of output alignments: 15398 (99.19%)
Alignments already with CDR3 (no overlapping is performed): 5187 (33.41%)
Successfully overlapped alignments: 126 (0.81%)
Left parts with too small N-region (failed to extract k-mer): 3086 (19.88%)
Extracted k-mer diversity: 4156
Dropped due to wildcard in k-mer: 0 (0%)
Dropped due to too short NRegion parts in overlap: 97 (0.62%)
Dropped overlaps with empty N region due to no complete NDN coverage: 7 (0.05%)
Number of left-side alignments: 1517 (9.77%)
Number of right-side alignments: 5742 (36.99%)
Complex overlaps: 0 (0%)
Over-overlaps: 0 (0%)
Partial alignments written to output: 10085 (64.96%)

>>>>>>>>>>>>>>>>>> mixcr assemblePartial <<<<<<<<<<<<<<<<<<
Running:
mixcr assemblePartial --report /projects/rpci/songyao/pnfioric/arc_project/airr_calculation/tcr_quant/results/mixcr_RS-04378629.assemblePartial.report.txt --json-report /projects/rpci/songyao/pnfioric/arc_project/airr_calculation/tcr_quant/results/mixcr_RS-04378629.assemblePartial.report.json /projects/rpci/songyao/pnfioric/arc_project/airr_calculation/tcr_quant/results/mixcr_RS-04378629.passembled.1.vdjca /projects/rpci/songyao/pnfioric/arc_project/airr_calculation/tcr_quant/results/mixcr_RS-04378629.passembled.2.vdjca
Building index: 0%
Searching for overlaps: 0%
================= report: assemblePartial =================
Analysis time: 355ms
Total alignments analysed: 15398
Number of output alignments: 15398 (100%)
Alignments already with CDR3 (no overlapping is performed): 5313 (34.5%)
Successfully overlapped alignments: 0 (0%)
Left parts with too small N-region (failed to extract k-mer): 3086 (20.04%)
Extracted k-mer diversity: 4062
Dropped due to wildcard in k-mer: 0 (0%)
Dropped due to too short NRegion parts in overlap: 90 (0.58%)
Dropped overlaps with empty N region due to no complete NDN coverage: 7 (0.05%)
Number of left-side alignments: 1391 (9.03%)
Number of right-side alignments: 5615 (36.47%)
Complex overlaps: 0 (0%)
Over-overlaps: 0 (0%)
Partial alignments written to output: 10085 (65.5%)

>>>>>>>>>>>>>>>>>>>>>>> mixcr extend <<<<<<<<<<<<<<<<<<<<<<<
Running:
mixcr extend --report /projects/rpci/songyao/pnfioric/arc_project/airr_calculation/tcr_quant/results/mixcr_RS-04378629.extend.report.txt --json-report /projects/rpci/songyao/pnfioric/arc_project/airr_calculation/tcr_quant/results/mixcr_RS-04378629.extend.report.json --threads 12 /projects/rpci/songyao/pnfioric/arc_project/airr_calculation/tcr_quant/results/mixcr_RS-04378629.passembled.2.vdjca /projects/rpci/songyao/pnfioric/arc_project/airr_calculation/tcr_quant/results/mixcr_RS-04378629.extended.vdjca
Extending alignments: 0%
====================== report: extend ======================
Analysis time: 219ms
Extended alignments count: 5 (0.03%)
V extensions total: 0 (0%)
V extensions with merged targets: 0 (0%)
J extensions total: 5 (0.03%)
J extensions with merged targets: 0 (0%)
V+J extensions: 0 (0%)
Mean V extension length: NaN
Mean J extension length: 13.2

>>>>>>>>>>>>>>>>>>>>>> mixcr assemble <<<<<<<<<<<<<<<<<<<<<<
Running:
mixcr assemble --report /projects/rpci/songyao/pnfioric/arc_project/airr_calculation/tcr_quant/results/mixcr_RS-04378629.assemble.report.txt --json-report /projects/rpci/songyao/pnfioric/arc_project/airr_calculation/tcr_quant/results/mixcr_RS-04378629.assemble.report.json /projects/rpci/songyao/pnfioric/arc_project/airr_calculation/tcr_quant/results/mixcr_RS-04378629.extended.vdjca /projects/rpci/songyao/pnfioric/arc_project/airr_calculation/tcr_quant/results/mixcr_RS-04378629.clna
Initialization: progress unknown
Initialization: progress unknown
Writing alignments: 82.9%
===================== report: assemble =====================
Analysis time: 1.27s
Final clonotype count: 748
Reads used in clonotypes, percent of total: 5218 (0.01%)
Average number of reads per clonotype: 6.98
Reads dropped due to the lack of a clone sequence, percent of total: 10239 (0.02%)
Reads dropped due to a too short clonal sequence, percent of total: 0 (0%)
Reads dropped due to low quality, percent of total: 0 (0%)
Reads dropped due to failed mapping, percent of total: 50 (0%)
Reads dropped with low quality clones, percent of total: 0 (0%)
Aligned reads processed: 5285
Reads used in clonotypes before clustering, percent of total: 5235 (0.01%)
Number of reads used as a core, percent of used: 5191 (99.16%)
Mapped low quality reads, percent of used: 44 (0.84%)
Reads clustered in PCR error correction, percent of used: 17 (0.32%)
Reads pre-clustered due to the similar VJC-lists, percent of used: 0 (0%)
Clonotypes dropped as low quality: 0
Clonotypes eliminated by PCR error correction: 14
Clonotypes pre-clustered due to the similar VJC-lists: 0
Clones dropped in post filtering: 0 (0%)
Reads dropped in post filtering: 0.0 (0%)
Reads filtered by tag prefix: 0 (0%)
TRA chains: 19 (2.54%)
TRA non-functional: 1 (5.26%)
TRB chains: 13 (1.74%)
TRB non-functional: 1 (7.69%)
IGH chains: 171 (22.86%)
IGH non-functional: 2 (1.17%)
IGK chains: 413 (55.21%)
IGK non-functional: 18 (4.36%)
IGL chains: 132 (17.65%)
IGL non-functional: 3 (2.27%)

>>>>>>>>>>>>>>>>>> mixcr assembleContigs <<<<<<<<<<<<<<<<<<
Running:
mixcr assembleContigs --report /projects/rpci/songyao/pnfioric/arc_project/airr_calculation/tcr_quant/results/mixcr_RS-04378629.assembleContigs.report.txt --json-report /projects/rpci/songyao/pnfioric/arc_project/airr_calculation/tcr_quant/results/mixcr_RS-04378629.assembleContigs.report.json --threads 12 /projects/rpci/songyao/pnfioric/arc_project/airr_calculation/tcr_quant/results/mixcr_RS-04378629.clna /projects/rpci/songyao/pnfioric/arc_project/airr_calculation/tcr_quant/results/mixcr_RS-04378629.contigs.clns
Assembling contigs: 0%
================= report: assembleContigs =================
Analysis time: 705ms
Initial clonotype count: 748
Final clonotype count: 748 (100%)
Canceled assemblies: 0 (0%)
Clones filtered out after assemble: 0 (0%)
Number of premature termination assembly events, percent of number of initial clonotypes: 0.0 (0%)
Longest contig length: 381
Clustered variants: 0 (0%)
Reads in clustered variants: 0.0 (0%)
Reads in divided (newly created) clones: 0.0 (0%)
Clones with ambiguous letters in splitting region: 0 (0%)
Reads in clones with ambiguous letters in splitting region: 0.0 (0%)
Average number of ambiguous letters per clone with ambiguous letters in splitting region: NaN
Clones combined after clustering: 0 (0%)

>>>>>>>>>>>>>>>>>>>>>>>>> mixcr qc <<<<<<<<<<<<<<<<<<<<<<<<<
Running:
mixcr qc --print-to-stdout /projects/rpci/songyao/pnfioric/arc_project/airr_calculation/tcr_quant/results/mixcr_RS-04378629.contigs.clns /projects/rpci/songyao/pnfioric/arc_project/airr_calculation/tcr_quant/results/mixcr_RS-04378629.qc.txt /projects/rpci/songyao/pnfioric/arc_project/airr_calculation/tcr_quant/results/mixcr_RS-04378629.qc.json

  Alignments dropped due to low sequence quality: 0.0% [OK]

>>>>>>>>>>>>>>>>>>>> mixcr exportClones <<<<<<<<<<<<<<<<<<<<
Running:
mixcr exportClones /projects/rpci/songyao/pnfioric/arc_project/airr_calculation/tcr_quant/results/mixcr_RS-04378629.contigs.clns /projects/rpci/songyao/pnfioric/arc_project/airr_calculation/tcr_quant/results/mixcr_RS-04378629.clones.tsv
Analysis finished successfully.
===============================
Visualize results and simplify your immune data analysis with a convenient UI.
Explore and install Platforma.bio here: https://platforma.bio
