Exporting TRB
Exporting clones: 7.7%
Filtered 13 of 1172 clones (98.89%).
Filtered 23.0 of 4828.0 reads (99.52%).
Exporting TRA
Exporting clones: 4%
Filtered 25 of 1172 clones (97.87%).
Filtered 50.0 of 4828.0 reads (98.96%).
Exporting TRD
Exporting clones: 100%
Filtered 1 of 1172 clones (99.91%).
Filtered 1.0 of 4828.0 reads (99.98%).
Exporting IGH
Exporting clones: 0.3%
Filtered 346 of 1172 clones (70.48%).
Filtered 958.0 of 4828.0 reads (80.16%).
Exporting TRG
Exporting clones: 50%
Filtered 6 of 1172 clones (99.49%).
Filtered 18.0 of 4828.0 reads (99.63%).
Exporting IGL
Exporting clones: 1%
Filtered 209 of 1172 clones (82.17%).
Filtered 987.0 of 4828.0 reads (79.56%).
Exporting IGK
Exporting clones: 0.2%
Filtered 572 of 1172 clones (51.19%).
Filtered 2791.0 of 4828.0 reads (42.19%).
