WARNING: sun.reflect.Reflection.getCallerClass is not supported. This will impact performance.

>>>>>>>>>>>>>>>>>>>>>>> mixcr align <<<<<<<<<<<<<<<<<<<<<<<
Running:
mixcr align --report /projects/rpci/songyao/pnfioric/arc_project/airr_calculation/tcr_quant/results/mixcr_RS-04088945.align.report.txt --json-report /projects/rpci/songyao/pnfioric/arc_project/airr_calculation/tcr_quant/results/mixcr_RS-04088945.align.report.json --threads 12 --preset rna-seq --save-output-file-names /projects/rpci/songyao/pnfioric/arc_project/airr_calculation/tcr_quant/results/mixcr_RS-04088945.align.list.tsv --species hsa /projects/rpci/songyao/pnfioric/arc_project/airr_calculation/fastq_files/RS-04088945/RS-04417053_F-97-08148-B_RS-04088945_S57_R1_001.fastq.gz /projects/rpci/songyao/pnfioric/arc_project/airr_calculation/fastq_files/RS-04088945/RS-04417053_F-97-08148-B_RS-04088945_S57_R2_001.fastq.gz /projects/rpci/songyao/pnfioric/arc_project/airr_calculation/tcr_quant/results/mixcr_RS-04088945.alignments.vdjca
Alignment: 0%
Alignment: 6.5%  ETA: 00:28:50
Alignment: 13%  ETA: 00:26:41
Alignment: 19.6%  ETA: 00:24:32
Alignment: 26.1%  ETA: 00:22:32
Alignment: 32.6%  ETA: 00:20:54
Alignment: 39.1%  ETA: 00:18:41
Alignment: 45.6%  ETA: 00:16:41
Alignment: 52.1%  ETA: 00:14:41
Alignment: 58.6%  ETA: 00:12:45
Alignment: 65.1%  ETA: 00:10:45
Alignment: 71.6%  ETA: 00:08:42
Alignment: 78.1%  ETA: 00:06:47
Alignment: 84.6%  ETA: 00:04:43
Alignment: 91.2%  ETA: 00:02:42
Alignment: 97.7%  ETA: 00:00:42
====================== report: align ======================
Analysis time: 30.72m
Total sequencing reads: 65109067
Successfully aligned reads: 1258 (0%)
Coverage (percent of successfully aligned):
  CDR3: 0 (0%)
  FR3_TO_FR4: 0 (0%)
  CDR2_TO_FR4: 0 (0%)
  FR2_TO_FR4: 0 (0%)
  CDR1_TO_FR4: 0 (0%)
  VDJRegion: 0 (0%)
Alignment failed: no hits (not TCR/IG?): 60003081 (92.16%)
Alignment failed: no CDR3 parts: 25255 (0.04%)
Alignment failed: low total score: 5079473 (7.8%)
Overlapped: 60417994 (92.8%)
Overlapped and aligned: 948 (0%)
Overlapped and not aligned: 60417046 (92.79%)
Alignment-aided overlaps, percent of overlapped and aligned: 0 (0%)
No CDR3 parts alignments, percent of successfully aligned: 64 (5.09%)
Partial aligned reads, percent of successfully aligned: 1194 (94.91%)
V gene chimeras: 8 (0%)
Realigned with forced non-floating bound: 9382146 (14.41%)
Realigned with forced non-floating right bound in left read: 539 (0%)
Realigned with forced non-floating left bound in right read: 539 (0%)
TRA chains: 154 (12.24%)
TRA non-functional: 0 (0%)
TRB chains: 245 (19.48%)
TRB non-functional: 0 (0%)
TRG chains: 31 (2.46%)
TRG non-functional: 0 (0%)
IGH chains: 270 (21.46%)
IGH non-functional: 0 (0%)
TRAD chains: 98 (7.79%)
TRAD non-functional: 0 (0%)
IGK chains: 296 (23.53%)
IGK non-functional: 0 (0%)
IGL chains: 164 (13.04%)
IGL non-functional: 0 (0%)
Trimming report:
  R1 reads trimmed left: 2564154 (3.94%)
  R1 reads trimmed right: 2620137 (4.02%)
  Average R1 nucleotides trimmed left: 0.6694935745277997
  Average R1 nucleotides trimmed right: 0.7126230667688727
  R2 reads trimmed left: 2473666 (3.8%)
  R2 reads trimmed right: 2532782 (3.89%)
  Average R2 nucleotides trimmed left: 0.6457901785015595
  Average R2 nucleotides trimmed right: 0.6875108193456374

>>>>>>>>>>>>>>>>>> mixcr assemblePartial <<<<<<<<<<<<<<<<<<
Running:
mixcr assemblePartial --report /projects/rpci/songyao/pnfioric/arc_project/airr_calculation/tcr_quant/results/mixcr_RS-04088945.assemblePartial.report.txt --json-report /projects/rpci/songyao/pnfioric/arc_project/airr_calculation/tcr_quant/results/mixcr_RS-04088945.assemblePartial.report.json /projects/rpci/songyao/pnfioric/arc_project/airr_calculation/tcr_quant/results/mixcr_RS-04088945.alignments.vdjca /projects/rpci/songyao/pnfioric/arc_project/airr_calculation/tcr_quant/results/mixcr_RS-04088945.passembled.1.vdjca
Building index: 0%
Searching for overlaps: 0.1%
================= report: assemblePartial =================
Analysis time: 174ms
Total alignments analysed: 1258
Number of output alignments: 1258 (100%)
Alignments already with CDR3 (no overlapping is performed): 0 (0%)
Successfully overlapped alignments: 0 (0%)
Left parts with too small N-region (failed to extract k-mer): 274 (21.78%)
Extracted k-mer diversity: 852
Dropped due to wildcard in k-mer: 0 (0%)
Dropped due to too short NRegion parts in overlap: 0 (0%)
Dropped overlaps with empty N region due to no complete NDN coverage: 0 (0%)
Number of left-side alignments: 675 (53.66%)
Number of right-side alignments: 309 (24.56%)
Complex overlaps: 0 (0%)
Over-overlaps: 0 (0%)
Partial alignments written to output: 1258 (100%)

>>>>>>>>>>>>>>>>>> mixcr assemblePartial <<<<<<<<<<<<<<<<<<
Running:
mixcr assemblePartial --report /projects/rpci/songyao/pnfioric/arc_project/airr_calculation/tcr_quant/results/mixcr_RS-04088945.assemblePartial.report.txt --json-report /projects/rpci/songyao/pnfioric/arc_project/airr_calculation/tcr_quant/results/mixcr_RS-04088945.assemblePartial.report.json /projects/rpci/songyao/pnfioric/arc_project/airr_calculation/tcr_quant/results/mixcr_RS-04088945.passembled.1.vdjca /projects/rpci/songyao/pnfioric/arc_project/airr_calculation/tcr_quant/results/mixcr_RS-04088945.passembled.2.vdjca
Building index: 0%
Searching for overlaps: 1.6%
================= report: assemblePartial =================
Analysis time: 63ms
Total alignments analysed: 1258
Number of output alignments: 1258 (100%)
Alignments already with CDR3 (no overlapping is performed): 0 (0%)
Successfully overlapped alignments: 0 (0%)
Left parts with too small N-region (failed to extract k-mer): 274 (21.78%)
Extracted k-mer diversity: 852
Dropped due to wildcard in k-mer: 0 (0%)
Dropped due to too short NRegion parts in overlap: 0 (0%)
Dropped overlaps with empty N region due to no complete NDN coverage: 0 (0%)
Number of left-side alignments: 675 (53.66%)
Number of right-side alignments: 309 (24.56%)
Complex overlaps: 0 (0%)
Over-overlaps: 0 (0%)
Partial alignments written to output: 1258 (100%)

>>>>>>>>>>>>>>>>>>>>>>> mixcr extend <<<<<<<<<<<<<<<<<<<<<<<
Running:
mixcr extend --report /projects/rpci/songyao/pnfioric/arc_project/airr_calculation/tcr_quant/results/mixcr_RS-04088945.extend.report.txt --json-report /projects/rpci/songyao/pnfioric/arc_project/airr_calculation/tcr_quant/results/mixcr_RS-04088945.extend.report.json --threads 12 /projects/rpci/songyao/pnfioric/arc_project/airr_calculation/tcr_quant/results/mixcr_RS-04088945.passembled.2.vdjca /projects/rpci/songyao/pnfioric/arc_project/airr_calculation/tcr_quant/results/mixcr_RS-04088945.extended.vdjca
Extending alignments: 0%
====================== report: extend ======================
Analysis time: 12ms
Extended alignments count: 0 (0%)
V extensions total: 0 (0%)
V extensions with merged targets: 0 (0%)
J extensions total: 0 (0%)
J extensions with merged targets: 0 (0%)
V+J extensions: 0 (0%)
Mean V extension length: NaN
Mean J extension length: NaN

>>>>>>>>>>>>>>>>>>>>>> mixcr assemble <<<<<<<<<<<<<<<<<<<<<<
Running:
mixcr assemble --report /projects/rpci/songyao/pnfioric/arc_project/airr_calculation/tcr_quant/results/mixcr_RS-04088945.assemble.report.txt --json-report /projects/rpci/songyao/pnfioric/arc_project/airr_calculation/tcr_quant/results/mixcr_RS-04088945.assemble.report.json /projects/rpci/songyao/pnfioric/arc_project/airr_calculation/tcr_quant/results/mixcr_RS-04088945.extended.vdjca /projects/rpci/songyao/pnfioric/arc_project/airr_calculation/tcr_quant/results/mixcr_RS-04088945.clna
Initialization: progress unknown
Initialization: progress unknown
===================== report: assemble =====================
Analysis time: 150ms
Final clonotype count: 0
Reads used in clonotypes, percent of total: 0 (0%)
Average number of reads per clonotype: NaN
Reads dropped due to the lack of a clone sequence, percent of total: 1258 (0%)
Reads dropped due to a too short clonal sequence, percent of total: 0 (0%)
Reads dropped due to low quality, percent of total: 0 (0%)
Reads dropped due to failed mapping, percent of total: 0 (0%)
Reads dropped with low quality clones, percent of total: 0 (0%)
Aligned reads processed: 0
Reads used in clonotypes before clustering, percent of total: 0 (0%)
Number of reads used as a core, percent of used: 0 (NaN%)
Mapped low quality reads, percent of used: 0 (NaN%)
Reads clustered in PCR error correction, percent of used: 0 (NaN%)
Reads pre-clustered due to the similar VJC-lists, percent of used: 0 (NaN%)
Clonotypes dropped as low quality: 0
Clonotypes eliminated by PCR error correction: 0
Clonotypes pre-clustered due to the similar VJC-lists: 0
Clones dropped in post filtering: 0 (NaN%)
Reads dropped in post filtering: 0.0 (0%)
Reads filtered by tag prefix: 0 (0%)

>>>>>>>>>>>>>>>>>> mixcr assembleContigs <<<<<<<<<<<<<<<<<<
Running:
mixcr assembleContigs --report /projects/rpci/songyao/pnfioric/arc_project/airr_calculation/tcr_quant/results/mixcr_RS-04088945.assembleContigs.report.txt --json-report /projects/rpci/songyao/pnfioric/arc_project/airr_calculation/tcr_quant/results/mixcr_RS-04088945.assembleContigs.report.json --threads 12 /projects/rpci/songyao/pnfioric/arc_project/airr_calculation/tcr_quant/results/mixcr_RS-04088945.clna /projects/rpci/songyao/pnfioric/arc_project/airr_calculation/tcr_quant/results/mixcr_RS-04088945.contigs.clns
Assembling contigs: 0%
================= report: assembleContigs =================
Analysis time: 46ms
Initial clonotype count: 0
Final clonotype count: 0 (NaN%)
Canceled assemblies: 0 (NaN%)
Clones filtered out after assemble: 0 (NaN%)
Number of premature termination assembly events, percent of number of initial clonotypes: 0.0 (NaN%)
Longest contig length: 0
Clustered variants: 0 (NaN%)
Reads in clustered variants: 0.0 (NaN%)
Reads in divided (newly created) clones: 0.0 (NaN%)
Clones with ambiguous letters in splitting region: 0 (NaN%)
Reads in clones with ambiguous letters in splitting region: 0.0 (NaN%)
Average number of ambiguous letters per clone with ambiguous letters in splitting region: NaN
Clones combined after clustering: 0 (NaN%)

>>>>>>>>>>>>>>>>>>>>>>>>> mixcr qc <<<<<<<<<<<<<<<<<<<<<<<<<
Running:
mixcr qc --print-to-stdout /projects/rpci/songyao/pnfioric/arc_project/airr_calculation/tcr_quant/results/mixcr_RS-04088945.contigs.clns /projects/rpci/songyao/pnfioric/arc_project/airr_calculation/tcr_quant/results/mixcr_RS-04088945.qc.txt /projects/rpci/songyao/pnfioric/arc_project/airr_calculation/tcr_quant/results/mixcr_RS-04088945.qc.json

  Alignments dropped due to low sequence quality: 0.0% [OK]

>>>>>>>>>>>>>>>>>>>> mixcr exportClones <<<<<<<<<<<<<<<<<<<<
Running:
mixcr exportClones /projects/rpci/songyao/pnfioric/arc_project/airr_calculation/tcr_quant/results/mixcr_RS-04088945.contigs.clns /projects/rpci/songyao/pnfioric/arc_project/airr_calculation/tcr_quant/results/mixcr_RS-04088945.clones.tsv
Analysis finished successfully.
===============================
Visualize results and simplify your immune data analysis with a convenient UI.
Explore and install Platforma.bio here: https://platforma.bio
