WARNING: sun.reflect.Reflection.getCallerClass is not supported. This will impact performance.

>>>>>>>>>>>>>>>>>>>>>>> mixcr align <<<<<<<<<<<<<<<<<<<<<<<
Running:
mixcr align --report /projects/rpci/songyao/pnfioric/arc_project/airr_calculation/tcr_quant/results/mixcr_RS-04056909.align.report.txt --json-report /projects/rpci/songyao/pnfioric/arc_project/airr_calculation/tcr_quant/results/mixcr_RS-04056909.align.report.json --threads 12 --preset rna-seq --save-output-file-names /projects/rpci/songyao/pnfioric/arc_project/airr_calculation/tcr_quant/results/mixcr_RS-04056909.align.list.tsv --species hsa /projects/rpci/songyao/pnfioric/arc_project/airr_calculation/fastq_files/RS-04056909/RS-04417011_64_RS-04056909_S20_R1_001.fastq.gz /projects/rpci/songyao/pnfioric/arc_project/airr_calculation/fastq_files/RS-04056909/RS-04417011_64_RS-04056909_S20_R2_001.fastq.gz /projects/rpci/songyao/pnfioric/arc_project/airr_calculation/tcr_quant/results/mixcr_RS-04056909.alignments.vdjca
Alignment: 0%
Alignment: 4.1%  ETA: 00:46:30
Alignment: 8.3%  ETA: 00:43:30
Alignment: 12.6%  ETA: 00:41:30
Alignment: 16.8%  ETA: 00:39:12
Alignment: 21%  ETA: 00:37:12
Alignment: 25.3%  ETA: 00:34:56
Alignment: 29.5%  ETA: 00:33:57
Alignment: 33.7%  ETA: 00:31:28
Alignment: 37.9%  ETA: 00:29:42
Alignment: 42.1%  ETA: 00:27:29
Alignment: 46.4%  ETA: 00:25:06
Alignment: 50.6%  ETA: 00:23:16
Alignment: 54.8%  ETA: 00:21:47
Alignment: 58.9%  ETA: 00:19:37
Alignment: 63.1%  ETA: 00:17:37
Alignment: 67.4%  ETA: 00:15:22
Alignment: 71.6%  ETA: 00:13:36
Alignment: 75.8%  ETA: 00:11:30
Alignment: 80%  ETA: 00:09:35
Alignment: 84.1%  ETA: 00:07:35
Alignment: 88.3%  ETA: 00:05:31
Alignment: 92.6%  ETA: 00:03:31
Alignment: 96.8%  ETA: 00:01:28
====================== report: align ======================
Analysis time: 47.52m
Total sequencing reads: 70188907
Successfully aligned reads: 1376 (0%)
Coverage (percent of successfully aligned):
  CDR3: 12 (0.87%)
  FR3_TO_FR4: 0 (0%)
  CDR2_TO_FR4: 0 (0%)
  FR2_TO_FR4: 0 (0%)
  CDR1_TO_FR4: 0 (0%)
  VDJRegion: 0 (0%)
Alignment failed: no hits (not TCR/IG?): 68511101 (97.61%)
Alignment failed: no CDR3 parts: 15734 (0.02%)
Alignment failed: low total score: 1660696 (2.37%)
Overlapped: 63440990 (90.39%)
Overlapped and aligned: 1180 (0%)
Overlapped and not aligned: 63439810 (90.38%)
Alignment-aided overlaps, percent of overlapped and aligned: 62 (5.25%)
No CDR3 parts alignments, percent of successfully aligned: 116 (8.43%)
Partial aligned reads, percent of successfully aligned: 1248 (90.7%)
Realigned with forced non-floating bound: 13495958 (19.23%)
Realigned with forced non-floating right bound in left read: 1067 (0%)
Realigned with forced non-floating left bound in right read: 1067 (0%)
TRA chains: 641 (46.58%)
TRA non-functional: 0 (0%)
TRB chains: 131 (9.52%)
TRB non-functional: 0 (0%)
TRG chains: 9 (0.65%)
TRG non-functional: 0 (0%)
IGH chains: 210 (15.26%)
IGH non-functional: 0 (0%)
TRAD chains: 11 (0.8%)
TRAD non-functional: 0 (0%)
IGK chains: 264 (19.19%)
IGK non-functional: 0 (0%)
IGL chains: 110 (7.99%)
IGL non-functional: 0 (0%)
Trimming report:
  R1 reads trimmed left: 3900270 (5.56%)
  R1 reads trimmed right: 3936630 (5.61%)
  Average R1 nucleotides trimmed left: 0.9446523223391982
  Average R1 nucleotides trimmed right: 1.0028855129486487
  R2 reads trimmed left: 3864059 (5.51%)
  R2 reads trimmed right: 3900091 (5.56%)
  Average R2 nucleotides trimmed left: 0.9357995986459797
  Average R2 nucleotides trimmed right: 0.9934568292964014

>>>>>>>>>>>>>>>>>> mixcr assemblePartial <<<<<<<<<<<<<<<<<<
Running:
mixcr assemblePartial --report /projects/rpci/songyao/pnfioric/arc_project/airr_calculation/tcr_quant/results/mixcr_RS-04056909.assemblePartial.report.txt --json-report /projects/rpci/songyao/pnfioric/arc_project/airr_calculation/tcr_quant/results/mixcr_RS-04056909.assemblePartial.report.json /projects/rpci/songyao/pnfioric/arc_project/airr_calculation/tcr_quant/results/mixcr_RS-04056909.alignments.vdjca /projects/rpci/songyao/pnfioric/arc_project/airr_calculation/tcr_quant/results/mixcr_RS-04056909.passembled.1.vdjca
Building index: 0%
Searching for overlaps: 0.1%
================= report: assemblePartial =================
Analysis time: 154ms
Total alignments analysed: 1376
Number of output alignments: 1376 (100%)
Alignments already with CDR3 (no overlapping is performed): 12 (0.87%)
Successfully overlapped alignments: 0 (0%)
Left parts with too small N-region (failed to extract k-mer): 366 (26.6%)
Extracted k-mer diversity: 258
Dropped due to wildcard in k-mer: 0 (0%)
Dropped due to too short NRegion parts in overlap: 0 (0%)
Dropped overlaps with empty N region due to no complete NDN coverage: 0 (0%)
Number of left-side alignments: 214 (15.55%)
Number of right-side alignments: 762 (55.38%)
Complex overlaps: 0 (0%)
Over-overlaps: 0 (0%)
Partial alignments written to output: 1364 (99.13%)

>>>>>>>>>>>>>>>>>> mixcr assemblePartial <<<<<<<<<<<<<<<<<<
Running:
mixcr assemblePartial --report /projects/rpci/songyao/pnfioric/arc_project/airr_calculation/tcr_quant/results/mixcr_RS-04056909.assemblePartial.report.txt --json-report /projects/rpci/songyao/pnfioric/arc_project/airr_calculation/tcr_quant/results/mixcr_RS-04056909.assemblePartial.report.json /projects/rpci/songyao/pnfioric/arc_project/airr_calculation/tcr_quant/results/mixcr_RS-04056909.passembled.1.vdjca /projects/rpci/songyao/pnfioric/arc_project/airr_calculation/tcr_quant/results/mixcr_RS-04056909.passembled.2.vdjca
Building index: 0%
Searching for overlaps: 0.2%
================= report: assemblePartial =================
Analysis time: 98ms
Total alignments analysed: 1376
Number of output alignments: 1376 (100%)
Alignments already with CDR3 (no overlapping is performed): 12 (0.87%)
Successfully overlapped alignments: 0 (0%)
Left parts with too small N-region (failed to extract k-mer): 366 (26.6%)
Extracted k-mer diversity: 258
Dropped due to wildcard in k-mer: 0 (0%)
Dropped due to too short NRegion parts in overlap: 0 (0%)
Dropped overlaps with empty N region due to no complete NDN coverage: 0 (0%)
Number of left-side alignments: 214 (15.55%)
Number of right-side alignments: 762 (55.38%)
Complex overlaps: 0 (0%)
Over-overlaps: 0 (0%)
Partial alignments written to output: 1364 (99.13%)

>>>>>>>>>>>>>>>>>>>>>>> mixcr extend <<<<<<<<<<<<<<<<<<<<<<<
Running:
mixcr extend --report /projects/rpci/songyao/pnfioric/arc_project/airr_calculation/tcr_quant/results/mixcr_RS-04056909.extend.report.txt --json-report /projects/rpci/songyao/pnfioric/arc_project/airr_calculation/tcr_quant/results/mixcr_RS-04056909.extend.report.json --threads 12 /projects/rpci/songyao/pnfioric/arc_project/airr_calculation/tcr_quant/results/mixcr_RS-04056909.passembled.2.vdjca /projects/rpci/songyao/pnfioric/arc_project/airr_calculation/tcr_quant/results/mixcr_RS-04056909.extended.vdjca
Extending alignments: 0%
====================== report: extend ======================
Analysis time: 15ms
Extended alignments count: 0 (0%)
V extensions total: 0 (0%)
V extensions with merged targets: 0 (0%)
J extensions total: 0 (0%)
J extensions with merged targets: 0 (0%)
V+J extensions: 0 (0%)
Mean V extension length: NaN
Mean J extension length: NaN

>>>>>>>>>>>>>>>>>>>>>> mixcr assemble <<<<<<<<<<<<<<<<<<<<<<
Running:
mixcr assemble --report /projects/rpci/songyao/pnfioric/arc_project/airr_calculation/tcr_quant/results/mixcr_RS-04056909.assemble.report.txt --json-report /projects/rpci/songyao/pnfioric/arc_project/airr_calculation/tcr_quant/results/mixcr_RS-04056909.assemble.report.json /projects/rpci/songyao/pnfioric/arc_project/airr_calculation/tcr_quant/results/mixcr_RS-04056909.extended.vdjca /projects/rpci/songyao/pnfioric/arc_project/airr_calculation/tcr_quant/results/mixcr_RS-04056909.clna
Initialization: progress unknown
Initialization: progress unknown
===================== report: assemble =====================
Analysis time: 301ms
Final clonotype count: 1
Reads used in clonotypes, percent of total: 12 (0%)
Average number of reads per clonotype: 12
Reads dropped due to the lack of a clone sequence, percent of total: 1364 (0%)
Reads dropped due to a too short clonal sequence, percent of total: 0 (0%)
Reads dropped due to low quality, percent of total: 0 (0%)
Reads dropped due to failed mapping, percent of total: 0 (0%)
Reads dropped with low quality clones, percent of total: 0 (0%)
Aligned reads processed: 12
Reads used in clonotypes before clustering, percent of total: 12 (0%)
Number of reads used as a core, percent of used: 12 (100%)
Mapped low quality reads, percent of used: 0 (0%)
Reads clustered in PCR error correction, percent of used: 0 (0%)
Reads pre-clustered due to the similar VJC-lists, percent of used: 0 (0%)
Clonotypes dropped as low quality: 0
Clonotypes eliminated by PCR error correction: 0
Clonotypes pre-clustered due to the similar VJC-lists: 0
Clones dropped in post filtering: 0 (0%)
Reads dropped in post filtering: 0.0 (0%)
Reads filtered by tag prefix: 0 (0%)
TRB chains: 1 (100%)
TRB non-functional: 0 (0%)

>>>>>>>>>>>>>>>>>> mixcr assembleContigs <<<<<<<<<<<<<<<<<<
Running:
mixcr assembleContigs --report /projects/rpci/songyao/pnfioric/arc_project/airr_calculation/tcr_quant/results/mixcr_RS-04056909.assembleContigs.report.txt --json-report /projects/rpci/songyao/pnfioric/arc_project/airr_calculation/tcr_quant/results/mixcr_RS-04056909.assembleContigs.report.json --threads 12 /projects/rpci/songyao/pnfioric/arc_project/airr_calculation/tcr_quant/results/mixcr_RS-04056909.clna /projects/rpci/songyao/pnfioric/arc_project/airr_calculation/tcr_quant/results/mixcr_RS-04056909.contigs.clns
Assembling contigs: 0%
================= report: assembleContigs =================
Analysis time: 111ms
Initial clonotype count: 1
Final clonotype count: 1 (100%)
Canceled assemblies: 0 (0%)
Clones filtered out after assemble: 0 (0%)
Number of premature termination assembly events, percent of number of initial clonotypes: 0.0 (0%)
Longest contig length: 79
Clustered variants: 0 (0%)
Reads in clustered variants: 0.0 (0%)
Reads in divided (newly created) clones: 0.0 (0%)
Clones with ambiguous letters in splitting region: 0 (0%)
Reads in clones with ambiguous letters in splitting region: 0.0 (0%)
Average number of ambiguous letters per clone with ambiguous letters in splitting region: NaN
Clones combined after clustering: 0 (0%)

>>>>>>>>>>>>>>>>>>>>>>>>> mixcr qc <<<<<<<<<<<<<<<<<<<<<<<<<
Running:
mixcr qc --print-to-stdout /projects/rpci/songyao/pnfioric/arc_project/airr_calculation/tcr_quant/results/mixcr_RS-04056909.contigs.clns /projects/rpci/songyao/pnfioric/arc_project/airr_calculation/tcr_quant/results/mixcr_RS-04056909.qc.txt /projects/rpci/songyao/pnfioric/arc_project/airr_calculation/tcr_quant/results/mixcr_RS-04056909.qc.json

  Alignments dropped due to low sequence quality: 0.0% [OK]

>>>>>>>>>>>>>>>>>>>> mixcr exportClones <<<<<<<<<<<<<<<<<<<<
Running:
mixcr exportClones /projects/rpci/songyao/pnfioric/arc_project/airr_calculation/tcr_quant/results/mixcr_RS-04056909.contigs.clns /projects/rpci/songyao/pnfioric/arc_project/airr_calculation/tcr_quant/results/mixcr_RS-04056909.clones.tsv
Analysis finished successfully.
===============================
Visualize results and simplify your immune data analysis with a convenient UI.
Explore and install Platforma.bio here: https://platforma.bio
