Exporting TRB
Exporting clones: 20%
Filtered 5 of 248 clones (97.98%).
Filtered 17.0 of 674.0 reads (97.48%).
Exporting TRA
Exporting clones: 33.3%
Filtered 3 of 248 clones (98.79%).
Filtered 5.0 of 674.0 reads (99.26%).
Exporting IGH
Exporting clones: 1.5%
Filtered 66 of 248 clones (73.39%).
Filtered 155.0 of 674.0 reads (77%).
Exporting TRG
Exporting clones: 33.3%
Filtered 3 of 248 clones (98.79%).
Filtered 11.0 of 674.0 reads (98.37%).
Exporting IGL
Exporting clones: 1.6%
Filtered 62 of 248 clones (75%).
Filtered 173.0 of 674.0 reads (74.33%).
Exporting IGK
Exporting clones: 0.9%
Filtered 109 of 248 clones (56.05%).
Filtered 313.0 of 674.0 reads (53.56%).
