WARNING: sun.reflect.Reflection.getCallerClass is not supported. This will impact performance.

>>>>>>>>>>>>>>>>>>>>>>> mixcr align <<<<<<<<<<<<<<<<<<<<<<<
Running:
mixcr align --report /projects/rpci/songyao/pnfioric/arc_project/airr_calculation/tcr_quant/results/mixcr_RS-04430824.align.report.txt --json-report /projects/rpci/songyao/pnfioric/arc_project/airr_calculation/tcr_quant/results/mixcr_RS-04430824.align.report.json --threads 12 --preset rna-seq --save-output-file-names /projects/rpci/songyao/pnfioric/arc_project/airr_calculation/tcr_quant/results/mixcr_RS-04430824.align.list.tsv --species hsa /projects/rpci/songyao/pnfioric/arc_project/airr_calculation/fastq_files/RS-04430824/RS-04430824_WCRS08019506-A2_RS-03769226_S36_R1_001.fastq.gz /projects/rpci/songyao/pnfioric/arc_project/airr_calculation/fastq_files/RS-04430824/RS-04430824_WCRS08019506-A2_RS-03769226_S36_R2_001.fastq.gz /projects/rpci/songyao/pnfioric/arc_project/airr_calculation/tcr_quant/results/mixcr_RS-04430824.alignments.vdjca
Alignment: 0%
Alignment: 5.1%  ETA: 00:37:20
Alignment: 10.1%  ETA: 00:35:58
Alignment: 15%  ETA: 00:34:17
Alignment: 20.1%  ETA: 00:31:42
Alignment: 25.1%  ETA: 00:29:58
Alignment: 30.1%  ETA: 00:27:58
Alignment: 35.2%  ETA: 00:25:17
Alignment: 40.3%  ETA: 00:23:29
Alignment: 45.4%  ETA: 00:21:18
Alignment: 50.5%  ETA: 00:19:28
Alignment: 55.5%  ETA: 00:17:48
Alignment: 60.5%  ETA: 00:15:48
Alignment: 65.5%  ETA: 00:13:40
Alignment: 70.5%  ETA: 00:11:47
Alignment: 75.5%  ETA: 00:09:47
Alignment: 80.6%  ETA: 00:07:37
Alignment: 85.7%  ETA: 00:05:33
Alignment: 90.8%  ETA: 00:03:36
Alignment: 95.9%  ETA: 00:01:36
====================== report: align ======================
Analysis time: 39.64m
Total sequencing reads: 43507804
Successfully aligned reads: 2298 (0.01%)
Coverage (percent of successfully aligned):
  CDR3: 654 (28.46%)
  FR3_TO_FR4: 0 (0%)
  CDR2_TO_FR4: 0 (0%)
  FR2_TO_FR4: 0 (0%)
  CDR1_TO_FR4: 0 (0%)
  VDJRegion: 0 (0%)
Alignment failed: no hits (not TCR/IG?): 42531067 (97.76%)
Alignment failed: no CDR3 parts: 15302 (0.04%)
Alignment failed: low total score: 959137 (2.2%)
Overlapped: 38554089 (88.61%)
Overlapped and aligned: 2191 (0.01%)
Overlapped and not aligned: 38551898 (88.61%)
Alignment-aided overlaps, percent of overlapped and aligned: 66 (3.01%)
No CDR3 parts alignments, percent of successfully aligned: 27 (1.17%)
Partial aligned reads, percent of successfully aligned: 1617 (70.37%)
J gene chimeras: 1 (0%)
Realigned with forced non-floating bound: 9907562 (22.77%)
Realigned with forced non-floating right bound in left read: 406 (0%)
Realigned with forced non-floating left bound in right read: 406 (0%)
TRA chains: 255 (11.1%)
TRA non-functional: 0 (0%)
TRB chains: 76 (3.31%)
TRB non-functional: 0 (0%)
TRG chains: 7 (0.3%)
TRG non-functional: 0 (0%)
IGH chains: 649 (28.24%)
IGH non-functional: 5 (0.77%)
TRAD chains: 9 (0.39%)
TRAD non-functional: 0 (0%)
IGK chains: 736 (32.03%)
IGK non-functional: 23 (3.12%)
IGL chains: 566 (24.63%)
IGL non-functional: 0 (0%)
Trimming report:
  R1 reads trimmed left: 20178 (0.05%)
  R1 reads trimmed right: 19645 (0.05%)
  Average R1 nucleotides trimmed left: 0.00754933528706712
  Average R1 nucleotides trimmed right: 0.008004357103383108
  R2 reads trimmed left: 19309 (0.04%)
  R2 reads trimmed right: 19385 (0.04%)
  Average R2 nucleotides trimmed left: 0.007606796242807383
  Average R2 nucleotides trimmed right: 0.007898743866732507

>>>>>>>>>>>>>>>>>> mixcr assemblePartial <<<<<<<<<<<<<<<<<<
Running:
mixcr assemblePartial --report /projects/rpci/songyao/pnfioric/arc_project/airr_calculation/tcr_quant/results/mixcr_RS-04430824.assemblePartial.report.txt --json-report /projects/rpci/songyao/pnfioric/arc_project/airr_calculation/tcr_quant/results/mixcr_RS-04430824.assemblePartial.report.json /projects/rpci/songyao/pnfioric/arc_project/airr_calculation/tcr_quant/results/mixcr_RS-04430824.alignments.vdjca /projects/rpci/songyao/pnfioric/arc_project/airr_calculation/tcr_quant/results/mixcr_RS-04430824.passembled.1.vdjca
Building index: 0%
Searching for overlaps: 0.1%
================= report: assemblePartial =================
Analysis time: 289ms
Total alignments analysed: 2298
Number of output alignments: 2294 (99.83%)
Alignments already with CDR3 (no overlapping is performed): 681 (29.63%)
Successfully overlapped alignments: 4 (0.17%)
Left parts with too small N-region (failed to extract k-mer): 401 (17.45%)
Extracted k-mer diversity: 1841
Dropped due to wildcard in k-mer: 0 (0%)
Dropped due to too short NRegion parts in overlap: 4 (0.17%)
Dropped overlaps with empty N region due to no complete NDN coverage: 0 (0%)
Number of left-side alignments: 308 (13.4%)
Number of right-side alignments: 911 (39.64%)
Complex overlaps: 0 (0%)
Over-overlaps: 0 (0%)
Partial alignments written to output: 1609 (70.02%)

>>>>>>>>>>>>>>>>>> mixcr assemblePartial <<<<<<<<<<<<<<<<<<
Running:
mixcr assemblePartial --report /projects/rpci/songyao/pnfioric/arc_project/airr_calculation/tcr_quant/results/mixcr_RS-04430824.assemblePartial.report.txt --json-report /projects/rpci/songyao/pnfioric/arc_project/airr_calculation/tcr_quant/results/mixcr_RS-04430824.assemblePartial.report.json /projects/rpci/songyao/pnfioric/arc_project/airr_calculation/tcr_quant/results/mixcr_RS-04430824.passembled.1.vdjca /projects/rpci/songyao/pnfioric/arc_project/airr_calculation/tcr_quant/results/mixcr_RS-04430824.passembled.2.vdjca
Building index: 0%
Searching for overlaps: 0.3%
================= report: assemblePartial =================
Analysis time: 83ms
Total alignments analysed: 2294
Number of output alignments: 2294 (100%)
Alignments already with CDR3 (no overlapping is performed): 685 (29.86%)
Successfully overlapped alignments: 0 (0%)
Left parts with too small N-region (failed to extract k-mer): 401 (17.48%)
Extracted k-mer diversity: 1840
Dropped due to wildcard in k-mer: 0 (0%)
Dropped due to too short NRegion parts in overlap: 4 (0.17%)
Dropped overlaps with empty N region due to no complete NDN coverage: 0 (0%)
Number of left-side alignments: 304 (13.25%)
Number of right-side alignments: 907 (39.54%)
Complex overlaps: 0 (0%)
Over-overlaps: 0 (0%)
Partial alignments written to output: 1609 (70.14%)

>>>>>>>>>>>>>>>>>>>>>>> mixcr extend <<<<<<<<<<<<<<<<<<<<<<<
Running:
mixcr extend --report /projects/rpci/songyao/pnfioric/arc_project/airr_calculation/tcr_quant/results/mixcr_RS-04430824.extend.report.txt --json-report /projects/rpci/songyao/pnfioric/arc_project/airr_calculation/tcr_quant/results/mixcr_RS-04430824.extend.report.json --threads 12 /projects/rpci/songyao/pnfioric/arc_project/airr_calculation/tcr_quant/results/mixcr_RS-04430824.passembled.2.vdjca /projects/rpci/songyao/pnfioric/arc_project/airr_calculation/tcr_quant/results/mixcr_RS-04430824.extended.vdjca
Extending alignments: 0%
====================== report: extend ======================
Analysis time: 24ms
Extended alignments count: 1 (0.04%)
V extensions total: 1 (0.04%)
V extensions with merged targets: 0 (0%)
J extensions total: 0 (0%)
J extensions with merged targets: 0 (0%)
V+J extensions: 0 (0%)
Mean V extension length: 7.0
Mean J extension length: NaN

>>>>>>>>>>>>>>>>>>>>>> mixcr assemble <<<<<<<<<<<<<<<<<<<<<<
Running:
mixcr assemble --report /projects/rpci/songyao/pnfioric/arc_project/airr_calculation/tcr_quant/results/mixcr_RS-04430824.assemble.report.txt --json-report /projects/rpci/songyao/pnfioric/arc_project/airr_calculation/tcr_quant/results/mixcr_RS-04430824.assemble.report.json /projects/rpci/songyao/pnfioric/arc_project/airr_calculation/tcr_quant/results/mixcr_RS-04430824.extended.vdjca /projects/rpci/songyao/pnfioric/arc_project/airr_calculation/tcr_quant/results/mixcr_RS-04430824.clna
Initialization: progress unknown
Initialization: progress unknown
===================== report: assemble =====================
Analysis time: 621ms
Final clonotype count: 204
Reads used in clonotypes, percent of total: 630 (0%)
Average number of reads per clonotype: 3.09
Reads dropped due to the lack of a clone sequence, percent of total: 1635 (0%)
Reads dropped due to a too short clonal sequence, percent of total: 0 (0%)
Reads dropped due to low quality, percent of total: 0 (0%)
Reads dropped due to failed mapping, percent of total: 31 (0%)
Reads dropped with low quality clones, percent of total: 0 (0%)
Aligned reads processed: 663
Reads used in clonotypes before clustering, percent of total: 632 (0%)
Number of reads used as a core, percent of used: 622 (98.42%)
Mapped low quality reads, percent of used: 10 (1.58%)
Reads clustered in PCR error correction, percent of used: 2 (0.32%)
Reads pre-clustered due to the similar VJC-lists, percent of used: 0 (0%)
Clonotypes dropped as low quality: 0
Clonotypes eliminated by PCR error correction: 2
Clonotypes pre-clustered due to the similar VJC-lists: 0
Clones dropped in post filtering: 0 (0%)
Reads dropped in post filtering: 0.0 (0%)
Reads filtered by tag prefix: 0 (0%)
TRA chains: 1 (0.49%)
TRA non-functional: 0 (0%)
TRB chains: 1 (0.49%)
TRB non-functional: 0 (0%)
TRG chains: 1 (0.49%)
TRG non-functional: 0 (0%)
IGH chains: 39 (19.12%)
IGH non-functional: 2 (5.13%)
IGK chains: 116 (56.86%)
IGK non-functional: 9 (7.76%)
IGL chains: 46 (22.55%)
IGL non-functional: 0 (0%)

>>>>>>>>>>>>>>>>>> mixcr assembleContigs <<<<<<<<<<<<<<<<<<
Running:
mixcr assembleContigs --report /projects/rpci/songyao/pnfioric/arc_project/airr_calculation/tcr_quant/results/mixcr_RS-04430824.assembleContigs.report.txt --json-report /projects/rpci/songyao/pnfioric/arc_project/airr_calculation/tcr_quant/results/mixcr_RS-04430824.assembleContigs.report.json --threads 12 /projects/rpci/songyao/pnfioric/arc_project/airr_calculation/tcr_quant/results/mixcr_RS-04430824.clna /projects/rpci/songyao/pnfioric/arc_project/airr_calculation/tcr_quant/results/mixcr_RS-04430824.contigs.clns
Assembling contigs: 0%
================= report: assembleContigs =================
Analysis time: 297ms
Initial clonotype count: 204
Final clonotype count: 204 (100%)
Canceled assemblies: 0 (0%)
Clones filtered out after assemble: 0 (0%)
Number of premature termination assembly events, percent of number of initial clonotypes: 0.0 (0%)
Longest contig length: 340
Clustered variants: 0 (0%)
Reads in clustered variants: 0.0 (0%)
Reads in divided (newly created) clones: 0.0 (0%)
Clones with ambiguous letters in splitting region: 0 (0%)
Reads in clones with ambiguous letters in splitting region: 0.0 (0%)
Average number of ambiguous letters per clone with ambiguous letters in splitting region: NaN
Clones combined after clustering: 0 (0%)

>>>>>>>>>>>>>>>>>>>>>>>>> mixcr qc <<<<<<<<<<<<<<<<<<<<<<<<<
Running:
mixcr qc --print-to-stdout /projects/rpci/songyao/pnfioric/arc_project/airr_calculation/tcr_quant/results/mixcr_RS-04430824.contigs.clns /projects/rpci/songyao/pnfioric/arc_project/airr_calculation/tcr_quant/results/mixcr_RS-04430824.qc.txt /projects/rpci/songyao/pnfioric/arc_project/airr_calculation/tcr_quant/results/mixcr_RS-04430824.qc.json

  Alignments dropped due to low sequence quality: 0.0% [OK]

>>>>>>>>>>>>>>>>>>>> mixcr exportClones <<<<<<<<<<<<<<<<<<<<
Running:
mixcr exportClones /projects/rpci/songyao/pnfioric/arc_project/airr_calculation/tcr_quant/results/mixcr_RS-04430824.contigs.clns /projects/rpci/songyao/pnfioric/arc_project/airr_calculation/tcr_quant/results/mixcr_RS-04430824.clones.tsv
Analysis finished successfully.
===============================
Visualize results and simplify your immune data analysis with a convenient UI.
Explore and install Platforma.bio here: https://platforma.bio
