Exporting TRB
Exporting clones: 100%
Filtered 1 of 277 clones (99.64%).
Filtered 2.0 of 2357.0 reads (99.92%).
Exporting TRA
Exporting clones: 100%
Filtered 1 of 277 clones (99.64%).
Filtered 6.0 of 2357.0 reads (99.75%).
Exporting IGH
Exporting clones: 1.6%
Filtered 64 of 277 clones (76.9%).
Filtered 595.0 of 2357.0 reads (74.76%).
Exporting IGL
Exporting clones: 1.6%
Filtered 62 of 277 clones (77.62%).
Filtered 656.0 of 2357.0 reads (72.17%).
Exporting IGK
Exporting clones: 0.7%
Filtered 149 of 277 clones (46.21%).
Filtered 1098.0 of 2357.0 reads (53.42%).
