Exporting TRB
Exporting clones: 12.5%
Filtered 8 of 586 clones (98.63%).
Filtered 13.0 of 1873.0 reads (99.31%).
Exporting TRA
Exporting clones: 6.2%
Filtered 16 of 586 clones (97.27%).
Filtered 39.0 of 1873.0 reads (97.92%).
Exporting IGH
Exporting clones: 0.7%
Filtered 135 of 586 clones (76.96%).
Filtered 382.0 of 1873.0 reads (79.6%).
Exporting TRG
Exporting clones: 33.3%
Filtered 3 of 586 clones (99.49%).
Filtered 5.0 of 1873.0 reads (99.73%).
Exporting IGL
Exporting clones: 1.7%
Filtered 118 of 586 clones (79.86%).
Filtered 378.0 of 1873.0 reads (79.82%).
Exporting IGK
Exporting clones: 1%
Filtered 306 of 586 clones (47.78%).
Filtered 1056.0 of 1873.0 reads (43.62%).
