Exporting TRB
Exporting clones: 33.3%
Filtered 3 of 30 clones (90%).
Filtered 8.0 of 92.0 reads (91.3%).
Exporting TRA
Exporting clones: 100%
Filtered 1 of 30 clones (96.67%).
Filtered 6.0 of 92.0 reads (93.48%).
Exporting IGH
Exporting clones: 20%
Filtered 5 of 30 clones (83.33%).
Filtered 16.0 of 92.0 reads (82.61%).
Exporting IGL
Exporting clones: 14.3%
Filtered 7 of 30 clones (76.67%).
Filtered 22.0 of 92.0 reads (76.09%).
Exporting IGK
Exporting clones: 7.1%
Filtered 14 of 30 clones (53.33%).
Filtered 40.0 of 92.0 reads (56.52%).
