WARNING: sun.reflect.Reflection.getCallerClass is not supported. This will impact performance.

>>>>>>>>>>>>>>>>>>>>>>> mixcr align <<<<<<<<<<<<<<<<<<<<<<<
Running:
mixcr align --report /projects/rpci/songyao/pnfioric/arc_project/airr_calculation/tcr_quant/results/mixcr_RS-04367464.align.report.txt --json-report /projects/rpci/songyao/pnfioric/arc_project/airr_calculation/tcr_quant/results/mixcr_RS-04367464.align.report.json --threads 12 --preset rna-seq --save-output-file-names /projects/rpci/songyao/pnfioric/arc_project/airr_calculation/tcr_quant/results/mixcr_RS-04367464.align.list.tsv --species hsa /projects/rpci/songyao/pnfioric/arc_project/airr_calculation/fastq_files/RS-04367464/RS-04367464_HAYS10011926-A5_RS-03827255_S130_R1_001.fastq.gz /projects/rpci/songyao/pnfioric/arc_project/airr_calculation/fastq_files/RS-04367464/RS-04367464_HAYS10011926-A5_RS-03827255_S130_R2_001.fastq.gz /projects/rpci/songyao/pnfioric/arc_project/airr_calculation/tcr_quant/results/mixcr_RS-04367464.alignments.vdjca
Alignment: 0%
Alignment: 4.9%  ETA: 00:38:54
Alignment: 9.8%  ETA: 00:36:36
Alignment: 14.8%  ETA: 00:34:20
Alignment: 19.7%  ETA: 00:32:51
Alignment: 24.6%  ETA: 00:30:22
Alignment: 29.5%  ETA: 00:29:17
Alignment: 34.4%  ETA: 00:26:38
Alignment: 39.2%  ETA: 00:25:14
Alignment: 44%  ETA: 00:23:14
Alignment: 48.9%  ETA: 00:21:04
Alignment: 53.7%  ETA: 00:19:04
Alignment: 58.5%  ETA: 00:17:12
Alignment: 63.4%  ETA: 00:15:05
Alignment: 68.2%  ETA: 00:13:19
Alignment: 73%  ETA: 00:11:18
Alignment: 77.8%  ETA: 00:09:13
Alignment: 82.6%  ETA: 00:07:13
Alignment: 87.5%  ETA: 00:05:07
Alignment: 92.3%  ETA: 00:03:11
Alignment: 97.1%  ETA: 00:01:11
====================== report: align ======================
Analysis time: 41.22m
Total sequencing reads: 52023229
Successfully aligned reads: 42681 (0.08%)
Coverage (percent of successfully aligned):
  CDR3: 16938 (39.69%)
  FR3_TO_FR4: 111 (0.26%)
  CDR2_TO_FR4: 46 (0.11%)
  FR2_TO_FR4: 0 (0%)
  CDR1_TO_FR4: 1 (0%)
  VDJRegion: 1 (0%)
Alignment failed: no hits (not TCR/IG?): 50615942 (97.29%)
Alignment failed after alignment-aided overlap: 1 (0%)
Alignment failed: no CDR3 parts: 101193 (0.19%)
Alignment failed: low total score: 1263412 (2.43%)
Overlapped: 45489572 (87.44%)
Overlapped and aligned: 40446 (0.08%)
Overlapped and not aligned: 45449126 (87.36%)
Alignment-aided overlaps, percent of overlapped and aligned: 863 (2.13%)
No CDR3 parts alignments, percent of successfully aligned: 627 (1.47%)
Partial aligned reads, percent of successfully aligned: 25116 (58.85%)
V gene chimeras: 23 (0%)
J gene chimeras: 5 (0%)
Paired-end alignment conflicts eliminated: 3 (0%)
Realigned with forced non-floating bound: 13069040 (25.12%)
Realigned with forced non-floating right bound in left read: 1053 (0%)
Realigned with forced non-floating left bound in right read: 1053 (0%)
TRA chains: 1550 (3.63%)
TRA non-functional: 8 (0.52%)
TRB chains: 484 (1.13%)
TRB non-functional: 7 (1.45%)
TRD chains: 26 (0.06%)
TRD non-functional: 0 (0%)
TRG chains: 75 (0.18%)
TRG non-functional: 4 (5.33%)
IGH chains: 15409 (36.1%)
IGH non-functional: 69 (0.45%)
TRAD chains: 43 (0.1%)
TRAD non-functional: 0 (0%)
IGK chains: 17080 (40.02%)
IGK non-functional: 428 (2.51%)
IGL chains: 8014 (18.78%)
IGL non-functional: 45 (0.56%)
Trimming report:
  R1 reads trimmed left: 19421 (0.04%)
  R1 reads trimmed right: 20379 (0.04%)
  Average R1 nucleotides trimmed left: 0.006347760535971345
  Average R1 nucleotides trimmed right: 0.006889114860594294
  R2 reads trimmed left: 20648 (0.04%)
  R2 reads trimmed right: 21504 (0.04%)
  Average R2 nucleotides trimmed left: 0.006302953628656922
  Average R2 nucleotides trimmed right: 0.007890475233669175

>>>>>>>>>>>>>>>>>> mixcr assemblePartial <<<<<<<<<<<<<<<<<<
Running:
mixcr assemblePartial --report /projects/rpci/songyao/pnfioric/arc_project/airr_calculation/tcr_quant/results/mixcr_RS-04367464.assemblePartial.report.txt --json-report /projects/rpci/songyao/pnfioric/arc_project/airr_calculation/tcr_quant/results/mixcr_RS-04367464.assemblePartial.report.json /projects/rpci/songyao/pnfioric/arc_project/airr_calculation/tcr_quant/results/mixcr_RS-04367464.alignments.vdjca /projects/rpci/songyao/pnfioric/arc_project/airr_calculation/tcr_quant/results/mixcr_RS-04367464.passembled.1.vdjca
Building index: 0%
Searching for overlaps: 0%
Searching for overlaps: 43.9%  ETA: 00:00:01
Searching for overlaps: 91.7%  ETA: 00:00:00
================= report: assemblePartial =================
Analysis time: 2.55s
Total alignments analysed: 42681
Number of output alignments: 41978 (98.35%)
Alignments already with CDR3 (no overlapping is performed): 17527 (41.07%)
Successfully overlapped alignments: 703 (1.65%)
Left parts with too small N-region (failed to extract k-mer): 8497 (19.91%)
Extracted k-mer diversity: 18413
Dropped due to wildcard in k-mer: 0 (0%)
Dropped due to too short NRegion parts in overlap: 639 (1.5%)
Dropped overlaps with empty N region due to no complete NDN coverage: 28 (0.07%)
Number of left-side alignments: 5286 (12.38%)
Number of right-side alignments: 11499 (26.94%)
Complex overlaps: 0 (0%)
Over-overlaps: 0 (0%)
Partial alignments written to output: 23748 (55.64%)

>>>>>>>>>>>>>>>>>> mixcr assemblePartial <<<<<<<<<<<<<<<<<<
Running:
mixcr assemblePartial --report /projects/rpci/songyao/pnfioric/arc_project/airr_calculation/tcr_quant/results/mixcr_RS-04367464.assemblePartial.report.txt --json-report /projects/rpci/songyao/pnfioric/arc_project/airr_calculation/tcr_quant/results/mixcr_RS-04367464.assemblePartial.report.json /projects/rpci/songyao/pnfioric/arc_project/airr_calculation/tcr_quant/results/mixcr_RS-04367464.passembled.1.vdjca /projects/rpci/songyao/pnfioric/arc_project/airr_calculation/tcr_quant/results/mixcr_RS-04367464.passembled.2.vdjca
Building index: 0%
Searching for overlaps: 0%
================= report: assemblePartial =================
Analysis time: 1.01s
Total alignments analysed: 41978
Number of output alignments: 41976 (100%)
Alignments already with CDR3 (no overlapping is performed): 18230 (43.43%)
Successfully overlapped alignments: 2 (0%)
Left parts with too small N-region (failed to extract k-mer): 8489 (20.22%)
Extracted k-mer diversity: 17505
Dropped due to wildcard in k-mer: 0 (0%)
Dropped due to too short NRegion parts in overlap: 512 (1.22%)
Dropped overlaps with empty N region due to no complete NDN coverage: 25 (0.06%)
Number of left-side alignments: 4579 (10.91%)
Number of right-side alignments: 10786 (25.69%)
Complex overlaps: 0 (0%)
Over-overlaps: 0 (0%)
Partial alignments written to output: 23744 (56.56%)

>>>>>>>>>>>>>>>>>>>>>>> mixcr extend <<<<<<<<<<<<<<<<<<<<<<<
Running:
mixcr extend --report /projects/rpci/songyao/pnfioric/arc_project/airr_calculation/tcr_quant/results/mixcr_RS-04367464.extend.report.txt --json-report /projects/rpci/songyao/pnfioric/arc_project/airr_calculation/tcr_quant/results/mixcr_RS-04367464.extend.report.json --threads 12 /projects/rpci/songyao/pnfioric/arc_project/airr_calculation/tcr_quant/results/mixcr_RS-04367464.passembled.2.vdjca /projects/rpci/songyao/pnfioric/arc_project/airr_calculation/tcr_quant/results/mixcr_RS-04367464.extended.vdjca
Extending alignments: 0%
====================== report: extend ======================
Analysis time: 397ms
Extended alignments count: 5 (0.01%)
V extensions total: 2 (0%)
V extensions with merged targets: 0 (0%)
J extensions total: 3 (0.01%)
J extensions with merged targets: 0 (0%)
V+J extensions: 0 (0%)
Mean V extension length: 3.0
Mean J extension length: 11.333333333333334

>>>>>>>>>>>>>>>>>>>>>> mixcr assemble <<<<<<<<<<<<<<<<<<<<<<
Running:
mixcr assemble --report /projects/rpci/songyao/pnfioric/arc_project/airr_calculation/tcr_quant/results/mixcr_RS-04367464.assemble.report.txt --json-report /projects/rpci/songyao/pnfioric/arc_project/airr_calculation/tcr_quant/results/mixcr_RS-04367464.assemble.report.json /projects/rpci/songyao/pnfioric/arc_project/airr_calculation/tcr_quant/results/mixcr_RS-04367464.extended.vdjca /projects/rpci/songyao/pnfioric/arc_project/airr_calculation/tcr_quant/results/mixcr_RS-04367464.clna
Initialization: progress unknown
Building clones: 5.3%
Building clones: 69.1%  ETA: 00:00:00
Initialization: progress unknown
Writing alignments: 3.9%
Writing alignments: 75.6%  ETA: 00:00:00
Writing alignments: 88.7%  ETA: 00:00:00
===================== report: assemble =====================
Analysis time: 2.93s
Final clonotype count: 2718
Reads used in clonotypes, percent of total: 17781 (0.03%)
Average number of reads per clonotype: 6.54
Reads dropped due to the lack of a clone sequence, percent of total: 24328 (0.05%)
Reads dropped due to a too short clonal sequence, percent of total: 0 (0%)
Reads dropped due to low quality, percent of total: 0 (0%)
Reads dropped due to failed mapping, percent of total: 229 (0%)
Reads dropped with low quality clones, percent of total: 0 (0%)
Aligned reads processed: 18353
Reads used in clonotypes before clustering, percent of total: 18124 (0.03%)
Number of reads used as a core, percent of used: 17936 (98.96%)
Mapped low quality reads, percent of used: 188 (1.04%)
Reads clustered in PCR error correction, percent of used: 343 (1.89%)
Reads pre-clustered due to the similar VJC-lists, percent of used: 0 (0%)
Clonotypes dropped as low quality: 0
Clonotypes eliminated by PCR error correction: 273
Clonotypes pre-clustered due to the similar VJC-lists: 0
Clones dropped in post filtering: 0 (0%)
Reads dropped in post filtering: 0.0 (0%)
Reads filtered by tag prefix: 0 (0%)
TRA chains: 27 (0.99%)
TRA non-functional: 6 (22.22%)
TRB chains: 19 (0.7%)
TRB non-functional: 3 (15.79%)
TRG chains: 8 (0.29%)
TRG non-functional: 3 (37.5%)
IGH chains: 891 (32.78%)
IGH non-functional: 31 (3.48%)
IGK chains: 1283 (47.2%)
IGK non-functional: 153 (11.93%)
IGL chains: 490 (18.03%)
IGL non-functional: 17 (3.47%)

>>>>>>>>>>>>>>>>>> mixcr assembleContigs <<<<<<<<<<<<<<<<<<
Running:
mixcr assembleContigs --report /projects/rpci/songyao/pnfioric/arc_project/airr_calculation/tcr_quant/results/mixcr_RS-04367464.assembleContigs.report.txt --json-report /projects/rpci/songyao/pnfioric/arc_project/airr_calculation/tcr_quant/results/mixcr_RS-04367464.assembleContigs.report.json --threads 12 /projects/rpci/songyao/pnfioric/arc_project/airr_calculation/tcr_quant/results/mixcr_RS-04367464.clna /projects/rpci/songyao/pnfioric/arc_project/airr_calculation/tcr_quant/results/mixcr_RS-04367464.contigs.clns
Assembling contigs: 0%
Assembling contigs: 39.1%  ETA: 00:00:01
================= report: assembleContigs =================
Analysis time: 1.4s
Initial clonotype count: 2718
Final clonotype count: 2718 (100%)
Canceled assemblies: 0 (0%)
Clones filtered out after assemble: 0 (0%)
Number of premature termination assembly events, percent of number of initial clonotypes: 0.0 (0%)
Longest contig length: 454
Clustered variants: 0 (0%)
Reads in clustered variants: 0.0 (0%)
Reads in divided (newly created) clones: 0.0 (0%)
Clones with ambiguous letters in splitting region: 0 (0%)
Reads in clones with ambiguous letters in splitting region: 0.0 (0%)
Average number of ambiguous letters per clone with ambiguous letters in splitting region: NaN
Clones combined after clustering: 0 (0%)

>>>>>>>>>>>>>>>>>>>>>>>>> mixcr qc <<<<<<<<<<<<<<<<<<<<<<<<<
Running:
mixcr qc --print-to-stdout /projects/rpci/songyao/pnfioric/arc_project/airr_calculation/tcr_quant/results/mixcr_RS-04367464.contigs.clns /projects/rpci/songyao/pnfioric/arc_project/airr_calculation/tcr_quant/results/mixcr_RS-04367464.qc.txt /projects/rpci/songyao/pnfioric/arc_project/airr_calculation/tcr_quant/results/mixcr_RS-04367464.qc.json

  Alignments dropped due to low sequence quality: 0.0% [OK]

>>>>>>>>>>>>>>>>>>>> mixcr exportClones <<<<<<<<<<<<<<<<<<<<
Running:
mixcr exportClones /projects/rpci/songyao/pnfioric/arc_project/airr_calculation/tcr_quant/results/mixcr_RS-04367464.contigs.clns /projects/rpci/songyao/pnfioric/arc_project/airr_calculation/tcr_quant/results/mixcr_RS-04367464.clones.tsv
Analysis finished successfully.
===============================
Visualize results and simplify your immune data analysis with a convenient UI.
Explore and install Platforma.bio here: https://platforma.bio
