WARNING: sun.reflect.Reflection.getCallerClass is not supported. This will impact performance.

>>>>>>>>>>>>>>>>>>>>>>> mixcr align <<<<<<<<<<<<<<<<<<<<<<<
Running:
mixcr align --report /projects/rpci/songyao/pnfioric/arc_project/airr_calculation/tcr_quant/results/mixcr_RS-04396786.align.report.txt --json-report /projects/rpci/songyao/pnfioric/arc_project/airr_calculation/tcr_quant/results/mixcr_RS-04396786.align.report.json --threads 12 --preset rna-seq --save-output-file-names /projects/rpci/songyao/pnfioric/arc_project/airr_calculation/tcr_quant/results/mixcr_RS-04396786.align.list.tsv --species hsa /projects/rpci/songyao/pnfioric/arc_project/airr_calculation/fastq_files/RS-04396786/RS-04396786_WCRS11024836-C5_RS-04262926_S125_R1_001.fastq.gz /projects/rpci/songyao/pnfioric/arc_project/airr_calculation/fastq_files/RS-04396786/RS-04396786_WCRS11024836-C5_RS-04262926_S125_R2_001.fastq.gz /projects/rpci/songyao/pnfioric/arc_project/airr_calculation/tcr_quant/results/mixcr_RS-04396786.alignments.vdjca
Alignment: 0%
Alignment: 4.7%  ETA: 00:40:08
Alignment: 9.5%  ETA: 00:38:08
Alignment: 14.3%  ETA: 00:35:49
Alignment: 19.1%  ETA: 00:33:33
Alignment: 23.9%  ETA: 00:31:33
Alignment: 28.7%  ETA: 00:30:03
Alignment: 33.4%  ETA: 00:28:03
Alignment: 38.1%  ETA: 00:26:31
Alignment: 42.9%  ETA: 00:23:40
Alignment: 47.7%  ETA: 00:21:41
Alignment: 52.5%  ETA: 00:19:50
Alignment: 57.3%  ETA: 00:18:00
Alignment: 62%  ETA: 00:16:00
Alignment: 66.8%  ETA: 00:13:45
Alignment: 71.6%  ETA: 00:11:45
Alignment: 76.5%  ETA: 00:09:45
Alignment: 81.2%  ETA: 00:07:59
Alignment: 85.9%  ETA: 00:05:55
Alignment: 90.8%  ETA: 00:03:50
Alignment: 95.6%  ETA: 00:01:48
====================== report: align ======================
Analysis time: 41.87m
Total sequencing reads: 50432504
Successfully aligned reads: 4151 (0.01%)
Coverage (percent of successfully aligned):
  CDR3: 1031 (24.84%)
  FR3_TO_FR4: 5 (0.12%)
  CDR2_TO_FR4: 0 (0%)
  FR2_TO_FR4: 0 (0%)
  CDR1_TO_FR4: 0 (0%)
  VDJRegion: 0 (0%)
Alignment failed: no hits (not TCR/IG?): 49036648 (97.23%)
Alignment failed: no CDR3 parts: 21244 (0.04%)
Alignment failed: low total score: 1370461 (2.72%)
Overlapped: 47213118 (93.62%)
Overlapped and aligned: 4073 (0.01%)
Overlapped and not aligned: 47209045 (93.61%)
Alignment-aided overlaps, percent of overlapped and aligned: 18 (0.44%)
No CDR3 parts alignments, percent of successfully aligned: 60 (1.45%)
Partial aligned reads, percent of successfully aligned: 3060 (73.72%)
V gene chimeras: 2 (0%)
Realigned with forced non-floating bound: 6438808 (12.77%)
Realigned with forced non-floating right bound in left read: 412 (0%)
Realigned with forced non-floating left bound in right read: 412 (0%)
TRA chains: 472 (11.37%)
TRA non-functional: 0 (0%)
TRB chains: 150 (3.61%)
TRB non-functional: 0 (0%)
TRG chains: 16 (0.39%)
TRG non-functional: 0 (0%)
IGH chains: 1172 (28.23%)
IGH non-functional: 4 (0.34%)
TRAD chains: 17 (0.41%)
TRAD non-functional: 0 (0%)
IGK chains: 1358 (32.72%)
IGK non-functional: 43 (3.17%)
IGL chains: 966 (23.27%)
IGL non-functional: 0 (0%)
Trimming report:
  R1 reads trimmed left: 148631 (0.29%)
  R1 reads trimmed right: 154273 (0.31%)
  Average R1 nucleotides trimmed left: 0.050099891926841465
  Average R1 nucleotides trimmed right: 0.05540180991211541
  R2 reads trimmed left: 148854 (0.3%)
  R2 reads trimmed right: 151021 (0.3%)
  Average R2 nucleotides trimmed left: 0.049494250771288294
  Average R2 nucleotides trimmed right: 0.052873460338197766

>>>>>>>>>>>>>>>>>> mixcr assemblePartial <<<<<<<<<<<<<<<<<<
Running:
mixcr assemblePartial --report /projects/rpci/songyao/pnfioric/arc_project/airr_calculation/tcr_quant/results/mixcr_RS-04396786.assemblePartial.report.txt --json-report /projects/rpci/songyao/pnfioric/arc_project/airr_calculation/tcr_quant/results/mixcr_RS-04396786.assemblePartial.report.json /projects/rpci/songyao/pnfioric/arc_project/airr_calculation/tcr_quant/results/mixcr_RS-04396786.alignments.vdjca /projects/rpci/songyao/pnfioric/arc_project/airr_calculation/tcr_quant/results/mixcr_RS-04396786.passembled.1.vdjca
Building index: 0%
Searching for overlaps: 0.1%
================= report: assemblePartial =================
Analysis time: 295ms
Total alignments analysed: 4151
Number of output alignments: 4150 (99.98%)
Alignments already with CDR3 (no overlapping is performed): 1116 (26.89%)
Successfully overlapped alignments: 1 (0.02%)
Left parts with too small N-region (failed to extract k-mer): 793 (19.1%)
Extracted k-mer diversity: 2198
Dropped due to wildcard in k-mer: 0 (0%)
Dropped due to too short NRegion parts in overlap: 0 (0%)
Dropped overlaps with empty N region due to no complete NDN coverage: 0 (0%)
Number of left-side alignments: 595 (14.33%)
Number of right-side alignments: 1652 (39.8%)
Complex overlaps: 0 (0%)
Over-overlaps: 0 (0%)
Partial alignments written to output: 3033 (73.07%)

>>>>>>>>>>>>>>>>>> mixcr assemblePartial <<<<<<<<<<<<<<<<<<
Running:
mixcr assemblePartial --report /projects/rpci/songyao/pnfioric/arc_project/airr_calculation/tcr_quant/results/mixcr_RS-04396786.assemblePartial.report.txt --json-report /projects/rpci/songyao/pnfioric/arc_project/airr_calculation/tcr_quant/results/mixcr_RS-04396786.assemblePartial.report.json /projects/rpci/songyao/pnfioric/arc_project/airr_calculation/tcr_quant/results/mixcr_RS-04396786.passembled.1.vdjca /projects/rpci/songyao/pnfioric/arc_project/airr_calculation/tcr_quant/results/mixcr_RS-04396786.passembled.2.vdjca
Building index: 0%
Searching for overlaps: 0.4%
================= report: assemblePartial =================
Analysis time: 108ms
Total alignments analysed: 4150
Number of output alignments: 4150 (100%)
Alignments already with CDR3 (no overlapping is performed): 1117 (26.92%)
Successfully overlapped alignments: 0 (0%)
Left parts with too small N-region (failed to extract k-mer): 793 (19.11%)
Extracted k-mer diversity: 2193
Dropped due to wildcard in k-mer: 0 (0%)
Dropped due to too short NRegion parts in overlap: 0 (0%)
Dropped overlaps with empty N region due to no complete NDN coverage: 0 (0%)
Number of left-side alignments: 594 (14.31%)
Number of right-side alignments: 1651 (39.78%)
Complex overlaps: 0 (0%)
Over-overlaps: 0 (0%)
Partial alignments written to output: 3033 (73.08%)

>>>>>>>>>>>>>>>>>>>>>>> mixcr extend <<<<<<<<<<<<<<<<<<<<<<<
Running:
mixcr extend --report /projects/rpci/songyao/pnfioric/arc_project/airr_calculation/tcr_quant/results/mixcr_RS-04396786.extend.report.txt --json-report /projects/rpci/songyao/pnfioric/arc_project/airr_calculation/tcr_quant/results/mixcr_RS-04396786.extend.report.json --threads 12 /projects/rpci/songyao/pnfioric/arc_project/airr_calculation/tcr_quant/results/mixcr_RS-04396786.passembled.2.vdjca /projects/rpci/songyao/pnfioric/arc_project/airr_calculation/tcr_quant/results/mixcr_RS-04396786.extended.vdjca
Extending alignments: 0%
====================== report: extend ======================
Analysis time: 46ms
Extended alignments count: 0 (0%)
V extensions total: 0 (0%)
V extensions with merged targets: 0 (0%)
J extensions total: 0 (0%)
J extensions with merged targets: 0 (0%)
V+J extensions: 0 (0%)
Mean V extension length: NaN
Mean J extension length: NaN

>>>>>>>>>>>>>>>>>>>>>> mixcr assemble <<<<<<<<<<<<<<<<<<<<<<
Running:
mixcr assemble --report /projects/rpci/songyao/pnfioric/arc_project/airr_calculation/tcr_quant/results/mixcr_RS-04396786.assemble.report.txt --json-report /projects/rpci/songyao/pnfioric/arc_project/airr_calculation/tcr_quant/results/mixcr_RS-04396786.assemble.report.json /projects/rpci/songyao/pnfioric/arc_project/airr_calculation/tcr_quant/results/mixcr_RS-04396786.extended.vdjca /projects/rpci/songyao/pnfioric/arc_project/airr_calculation/tcr_quant/results/mixcr_RS-04396786.clna
Initialization: progress unknown
Initialization: progress unknown
===================== report: assemble =====================
Analysis time: 849ms
Final clonotype count: 344
Reads used in clonotypes, percent of total: 1020 (0%)
Average number of reads per clonotype: 2.97
Reads dropped due to the lack of a clone sequence, percent of total: 3118 (0.01%)
Reads dropped due to a too short clonal sequence, percent of total: 0 (0%)
Reads dropped due to low quality, percent of total: 0 (0%)
Reads dropped due to failed mapping, percent of total: 13 (0%)
Reads dropped with low quality clones, percent of total: 0 (0%)
Aligned reads processed: 1033
Reads used in clonotypes before clustering, percent of total: 1020 (0%)
Number of reads used as a core, percent of used: 1016 (99.61%)
Mapped low quality reads, percent of used: 4 (0.39%)
Reads clustered in PCR error correction, percent of used: 0 (0%)
Reads pre-clustered due to the similar VJC-lists, percent of used: 0 (0%)
Clonotypes dropped as low quality: 0
Clonotypes eliminated by PCR error correction: 0
Clonotypes pre-clustered due to the similar VJC-lists: 0
Clones dropped in post filtering: 0 (0%)
Reads dropped in post filtering: 0.0 (0%)
Reads filtered by tag prefix: 0 (0%)
TRB chains: 1 (0.29%)
TRB non-functional: 0 (0%)
IGH chains: 69 (20.06%)
IGH non-functional: 3 (4.35%)
IGK chains: 216 (62.79%)
IGK non-functional: 13 (6.02%)
IGL chains: 58 (16.86%)
IGL non-functional: 0 (0%)

>>>>>>>>>>>>>>>>>> mixcr assembleContigs <<<<<<<<<<<<<<<<<<
Running:
mixcr assembleContigs --report /projects/rpci/songyao/pnfioric/arc_project/airr_calculation/tcr_quant/results/mixcr_RS-04396786.assembleContigs.report.txt --json-report /projects/rpci/songyao/pnfioric/arc_project/airr_calculation/tcr_quant/results/mixcr_RS-04396786.assembleContigs.report.json --threads 12 /projects/rpci/songyao/pnfioric/arc_project/airr_calculation/tcr_quant/results/mixcr_RS-04396786.clna /projects/rpci/songyao/pnfioric/arc_project/airr_calculation/tcr_quant/results/mixcr_RS-04396786.contigs.clns
Assembling contigs: 0%
================= report: assembleContigs =================
Analysis time: 460ms
Initial clonotype count: 344
Final clonotype count: 344 (100%)
Canceled assemblies: 0 (0%)
Clones filtered out after assemble: 0 (0%)
Number of premature termination assembly events, percent of number of initial clonotypes: 0.0 (0%)
Longest contig length: 197
Clustered variants: 0 (0%)
Reads in clustered variants: 0.0 (0%)
Reads in divided (newly created) clones: 0.0 (0%)
Clones with ambiguous letters in splitting region: 0 (0%)
Reads in clones with ambiguous letters in splitting region: 0.0 (0%)
Average number of ambiguous letters per clone with ambiguous letters in splitting region: NaN
Clones combined after clustering: 0 (0%)

>>>>>>>>>>>>>>>>>>>>>>>>> mixcr qc <<<<<<<<<<<<<<<<<<<<<<<<<
Running:
mixcr qc --print-to-stdout /projects/rpci/songyao/pnfioric/arc_project/airr_calculation/tcr_quant/results/mixcr_RS-04396786.contigs.clns /projects/rpci/songyao/pnfioric/arc_project/airr_calculation/tcr_quant/results/mixcr_RS-04396786.qc.txt /projects/rpci/songyao/pnfioric/arc_project/airr_calculation/tcr_quant/results/mixcr_RS-04396786.qc.json

  Alignments dropped due to low sequence quality: 0.0% [OK]

>>>>>>>>>>>>>>>>>>>> mixcr exportClones <<<<<<<<<<<<<<<<<<<<
Running:
mixcr exportClones /projects/rpci/songyao/pnfioric/arc_project/airr_calculation/tcr_quant/results/mixcr_RS-04396786.contigs.clns /projects/rpci/songyao/pnfioric/arc_project/airr_calculation/tcr_quant/results/mixcr_RS-04396786.clones.tsv
Analysis finished successfully.
===============================
Visualize results and simplify your immune data analysis with a convenient UI.
Explore and install Platforma.bio here: https://platforma.bio
