WARNING: sun.reflect.Reflection.getCallerClass is not supported. This will impact performance.

>>>>>>>>>>>>>>>>>>>>>>> mixcr align <<<<<<<<<<<<<<<<<<<<<<<
Running:
mixcr align --report /projects/rpci/songyao/pnfioric/arc_project/airr_calculation/tcr_quant/results/mixcr_RS-04396845.align.report.txt --json-report /projects/rpci/songyao/pnfioric/arc_project/airr_calculation/tcr_quant/results/mixcr_RS-04396845.align.report.json --threads 12 --preset rna-seq --save-output-file-names /projects/rpci/songyao/pnfioric/arc_project/airr_calculation/tcr_quant/results/mixcr_RS-04396845.align.list.tsv --species hsa /projects/rpci/songyao/pnfioric/arc_project/airr_calculation/fastq_files/RS-04396845/RS-04396845_SSCS08010616-B8_RS-04147925_S184_R1_001.fastq.gz /projects/rpci/songyao/pnfioric/arc_project/airr_calculation/fastq_files/RS-04396845/RS-04396845_SSCS08010616-B8_RS-04147925_S184_R2_001.fastq.gz /projects/rpci/songyao/pnfioric/arc_project/airr_calculation/tcr_quant/results/mixcr_RS-04396845.alignments.vdjca
Alignment: 0%
Alignment: 3.4%  ETA: 00:56:12
Alignment: 6.9%  ETA: 00:53:14
Alignment: 10.4%  ETA: 00:51:41
Alignment: 13.8%  ETA: 00:50:08
Alignment: 17.4%  ETA: 00:46:28
Alignment: 20.9%  ETA: 00:44:52
Alignment: 24.4%  ETA: 00:43:14
Alignment: 27.9%  ETA: 00:41:37
Alignment: 31.3%  ETA: 00:39:57
Alignment: 34.8%  ETA: 00:37:58
Alignment: 38.2%  ETA: 00:35:58
Alignment: 41.6%  ETA: 00:33:58
Alignment: 45.1%  ETA: 00:31:23
Alignment: 48.6%  ETA: 00:29:40
Alignment: 52%  ETA: 00:28:10
Alignment: 55.4%  ETA: 00:25:56
Alignment: 58.9%  ETA: 00:23:56
Alignment: 62.3%  ETA: 00:21:43
Alignment: 65.8%  ETA: 00:19:55
Alignment: 69.2%  ETA: 00:17:45
Alignment: 72.8%  ETA: 00:15:27
Alignment: 76.2%  ETA: 00:13:42
Alignment: 79.7%  ETA: 00:11:50
Alignment: 83%  ETA: 00:10:02
Alignment: 86.5%  ETA: 00:07:57
Alignment: 89.9%  ETA: 00:05:45
Alignment: 93.4%  ETA: 00:03:48
Alignment: 96.9%  ETA: 00:01:44
====================== report: align ======================
Analysis time: 57.8m
Total sequencing reads: 65195594
Successfully aligned reads: 9010 (0.01%)
Coverage (percent of successfully aligned):
  CDR3: 2645 (29.36%)
  FR3_TO_FR4: 21 (0.23%)
  CDR2_TO_FR4: 7 (0.08%)
  FR2_TO_FR4: 0 (0%)
  CDR1_TO_FR4: 3 (0.03%)
  VDJRegion: 3 (0.03%)
Alignment failed: no hits (not TCR/IG?): 63470121 (97.35%)
Alignment failed after alignment-aided overlap: 3 (0%)
Alignment failed: no CDR3 parts: 32801 (0.05%)
Alignment failed: low total score: 1683659 (2.58%)
Overlapped: 58268469 (89.37%)
Overlapped and aligned: 8638 (0.01%)
Overlapped and not aligned: 58259831 (89.36%)
Alignment-aided overlaps, percent of overlapped and aligned: 169 (1.96%)
No CDR3 parts alignments, percent of successfully aligned: 177 (1.96%)
Partial aligned reads, percent of successfully aligned: 6188 (68.68%)
V gene chimeras: 3 (0%)
Realigned with forced non-floating bound: 13854588 (21.25%)
Realigned with forced non-floating right bound in left read: 669 (0%)
Realigned with forced non-floating left bound in right read: 669 (0%)
TRA chains: 673 (7.47%)
TRA non-functional: 2 (0.3%)
TRB chains: 279 (3.1%)
TRB non-functional: 0 (0%)
TRD chains: 1 (0.01%)
TRD non-functional: 0 (0%)
TRG chains: 38 (0.42%)
TRG non-functional: 0 (0%)
IGH chains: 3180 (35.29%)
IGH non-functional: 16 (0.5%)
TRAD chains: 23 (0.26%)
TRAD non-functional: 0 (0%)
IGK chains: 2475 (27.47%)
IGK non-functional: 51 (2.06%)
IGL chains: 2341 (25.98%)
IGL non-functional: 12 (0.51%)
Trimming report:
  R1 reads trimmed left: 184724 (0.28%)
  R1 reads trimmed right: 191782 (0.29%)
  Average R1 nucleotides trimmed left: 0.04816012566738789
  Average R1 nucleotides trimmed right: 0.05356208580598253
  R2 reads trimmed left: 186162 (0.29%)
  R2 reads trimmed right: 188249 (0.29%)
  Average R2 nucleotides trimmed left: 0.04780988727551129
  Average R2 nucleotides trimmed right: 0.05105973879155085

>>>>>>>>>>>>>>>>>> mixcr assemblePartial <<<<<<<<<<<<<<<<<<
Running:
mixcr assemblePartial --report /projects/rpci/songyao/pnfioric/arc_project/airr_calculation/tcr_quant/results/mixcr_RS-04396845.assemblePartial.report.txt --json-report /projects/rpci/songyao/pnfioric/arc_project/airr_calculation/tcr_quant/results/mixcr_RS-04396845.assemblePartial.report.json /projects/rpci/songyao/pnfioric/arc_project/airr_calculation/tcr_quant/results/mixcr_RS-04396845.alignments.vdjca /projects/rpci/songyao/pnfioric/arc_project/airr_calculation/tcr_quant/results/mixcr_RS-04396845.passembled.1.vdjca
Building index: 0%
Searching for overlaps: 0%
================= report: assemblePartial =================
Analysis time: 508ms
Total alignments analysed: 9010
Number of output alignments: 8954 (99.38%)
Alignments already with CDR3 (no overlapping is performed): 2765 (30.69%)
Successfully overlapped alignments: 56 (0.62%)
Left parts with too small N-region (failed to extract k-mer): 1370 (15.21%)
Extracted k-mer diversity: 5269
Dropped due to wildcard in k-mer: 0 (0%)
Dropped due to too short NRegion parts in overlap: 41 (0.46%)
Dropped overlaps with empty N region due to no complete NDN coverage: 0 (0%)
Number of left-side alignments: 1142 (12.67%)
Number of right-side alignments: 3756 (41.69%)
Complex overlaps: 0 (0%)
Over-overlaps: 0 (0%)
Partial alignments written to output: 6133 (68.07%)

>>>>>>>>>>>>>>>>>> mixcr assemblePartial <<<<<<<<<<<<<<<<<<
Running:
mixcr assemblePartial --report /projects/rpci/songyao/pnfioric/arc_project/airr_calculation/tcr_quant/results/mixcr_RS-04396845.assemblePartial.report.txt --json-report /projects/rpci/songyao/pnfioric/arc_project/airr_calculation/tcr_quant/results/mixcr_RS-04396845.assemblePartial.report.json /projects/rpci/songyao/pnfioric/arc_project/airr_calculation/tcr_quant/results/mixcr_RS-04396845.passembled.1.vdjca /projects/rpci/songyao/pnfioric/arc_project/airr_calculation/tcr_quant/results/mixcr_RS-04396845.passembled.2.vdjca
Building index: 0%
Searching for overlaps: 0.1%
================= report: assemblePartial =================
Analysis time: 159ms
Total alignments analysed: 8954
Number of output alignments: 8954 (100%)
Alignments already with CDR3 (no overlapping is performed): 2821 (31.51%)
Successfully overlapped alignments: 0 (0%)
Left parts with too small N-region (failed to extract k-mer): 1370 (15.3%)
Extracted k-mer diversity: 5160
Dropped due to wildcard in k-mer: 0 (0%)
Dropped due to too short NRegion parts in overlap: 39 (0.44%)
Dropped overlaps with empty N region due to no complete NDN coverage: 0 (0%)
Number of left-side alignments: 1086 (12.13%)
Number of right-side alignments: 3700 (41.32%)
Complex overlaps: 0 (0%)
Over-overlaps: 0 (0%)
Partial alignments written to output: 6133 (68.49%)

>>>>>>>>>>>>>>>>>>>>>>> mixcr extend <<<<<<<<<<<<<<<<<<<<<<<
Running:
mixcr extend --report /projects/rpci/songyao/pnfioric/arc_project/airr_calculation/tcr_quant/results/mixcr_RS-04396845.extend.report.txt --json-report /projects/rpci/songyao/pnfioric/arc_project/airr_calculation/tcr_quant/results/mixcr_RS-04396845.extend.report.json --threads 12 /projects/rpci/songyao/pnfioric/arc_project/airr_calculation/tcr_quant/results/mixcr_RS-04396845.passembled.2.vdjca /projects/rpci/songyao/pnfioric/arc_project/airr_calculation/tcr_quant/results/mixcr_RS-04396845.extended.vdjca
Extending alignments: 0%
====================== report: extend ======================
Analysis time: 119ms
Extended alignments count: 9 (0.1%)
V extensions total: 3 (0.03%)
V extensions with merged targets: 0 (0%)
J extensions total: 6 (0.07%)
J extensions with merged targets: 0 (0%)
V+J extensions: 0 (0%)
Mean V extension length: 10.0
Mean J extension length: 14.0

>>>>>>>>>>>>>>>>>>>>>> mixcr assemble <<<<<<<<<<<<<<<<<<<<<<
Running:
mixcr assemble --report /projects/rpci/songyao/pnfioric/arc_project/airr_calculation/tcr_quant/results/mixcr_RS-04396845.assemble.report.txt --json-report /projects/rpci/songyao/pnfioric/arc_project/airr_calculation/tcr_quant/results/mixcr_RS-04396845.assemble.report.json /projects/rpci/songyao/pnfioric/arc_project/airr_calculation/tcr_quant/results/mixcr_RS-04396845.extended.vdjca /projects/rpci/songyao/pnfioric/arc_project/airr_calculation/tcr_quant/results/mixcr_RS-04396845.clna
Initialization: progress unknown
Building clones: 99.1%
Initialization: progress unknown
Writing alignments: 93%
===================== report: assemble =====================
Analysis time: 1.37s
Final clonotype count: 784
Reads used in clonotypes, percent of total: 2716 (0%)
Average number of reads per clonotype: 3.46
Reads dropped due to the lack of a clone sequence, percent of total: 6244 (0.01%)
Reads dropped due to a too short clonal sequence, percent of total: 0 (0%)
Reads dropped due to low quality, percent of total: 0 (0%)
Reads dropped due to failed mapping, percent of total: 45 (0%)
Reads dropped with low quality clones, percent of total: 0 (0%)
Aligned reads processed: 2766
Reads used in clonotypes before clustering, percent of total: 2721 (0%)
Number of reads used as a core, percent of used: 2707 (99.49%)
Mapped low quality reads, percent of used: 14 (0.51%)
Reads clustered in PCR error correction, percent of used: 5 (0.18%)
Reads pre-clustered due to the similar VJC-lists, percent of used: 0 (0%)
Clonotypes dropped as low quality: 0
Clonotypes eliminated by PCR error correction: 5
Clonotypes pre-clustered due to the similar VJC-lists: 0
Clones dropped in post filtering: 0 (0%)
Reads dropped in post filtering: 0.0 (0%)
Reads filtered by tag prefix: 0 (0%)
TRA chains: 16 (2.04%)
TRA non-functional: 2 (12.5%)
TRB chains: 2 (0.26%)
TRB non-functional: 0 (0%)
TRG chains: 5 (0.64%)
TRG non-functional: 1 (20%)
IGH chains: 229 (29.21%)
IGH non-functional: 6 (2.62%)
IGK chains: 364 (46.43%)
IGK non-functional: 18 (4.95%)
IGL chains: 168 (21.43%)
IGL non-functional: 3 (1.79%)

>>>>>>>>>>>>>>>>>> mixcr assembleContigs <<<<<<<<<<<<<<<<<<
Running:
mixcr assembleContigs --report /projects/rpci/songyao/pnfioric/arc_project/airr_calculation/tcr_quant/results/mixcr_RS-04396845.assembleContigs.report.txt --json-report /projects/rpci/songyao/pnfioric/arc_project/airr_calculation/tcr_quant/results/mixcr_RS-04396845.assembleContigs.report.json --threads 12 /projects/rpci/songyao/pnfioric/arc_project/airr_calculation/tcr_quant/results/mixcr_RS-04396845.clna /projects/rpci/songyao/pnfioric/arc_project/airr_calculation/tcr_quant/results/mixcr_RS-04396845.contigs.clns
Assembling contigs: 0%
================= report: assembleContigs =================
Analysis time: 691ms
Initial clonotype count: 784
Final clonotype count: 784 (100%)
Canceled assemblies: 0 (0%)
Clones filtered out after assemble: 0 (0%)
Number of premature termination assembly events, percent of number of initial clonotypes: 0.0 (0%)
Longest contig length: 330
Clustered variants: 0 (0%)
Reads in clustered variants: 0.0 (0%)
Reads in divided (newly created) clones: 0.0 (0%)
Clones with ambiguous letters in splitting region: 0 (0%)
Reads in clones with ambiguous letters in splitting region: 0.0 (0%)
Average number of ambiguous letters per clone with ambiguous letters in splitting region: NaN
Clones combined after clustering: 0 (0%)

>>>>>>>>>>>>>>>>>>>>>>>>> mixcr qc <<<<<<<<<<<<<<<<<<<<<<<<<
Running:
mixcr qc --print-to-stdout /projects/rpci/songyao/pnfioric/arc_project/airr_calculation/tcr_quant/results/mixcr_RS-04396845.contigs.clns /projects/rpci/songyao/pnfioric/arc_project/airr_calculation/tcr_quant/results/mixcr_RS-04396845.qc.txt /projects/rpci/songyao/pnfioric/arc_project/airr_calculation/tcr_quant/results/mixcr_RS-04396845.qc.json

  Alignments dropped due to low sequence quality: 0.0% [OK]

>>>>>>>>>>>>>>>>>>>> mixcr exportClones <<<<<<<<<<<<<<<<<<<<
Running:
mixcr exportClones /projects/rpci/songyao/pnfioric/arc_project/airr_calculation/tcr_quant/results/mixcr_RS-04396845.contigs.clns /projects/rpci/songyao/pnfioric/arc_project/airr_calculation/tcr_quant/results/mixcr_RS-04396845.clones.tsv
Analysis finished successfully.
===============================
Visualize results and simplify your immune data analysis with a convenient UI.
Explore and install Platforma.bio here: https://platforma.bio
