Exporting TRB
Exporting clones: 7.7%
Filtered 13 of 476 clones (97.27%).
Filtered 20.0 of 1492.0 reads (98.66%).
Exporting TRA
Exporting clones: 4.8%
Filtered 21 of 476 clones (95.59%).
Filtered 34.0 of 1492.0 reads (97.72%).
Exporting IGH
Exporting clones: 0.9%
Filtered 116 of 476 clones (75.63%).
Filtered 352.0 of 1492.0 reads (76.41%).
Exporting TRG
Exporting clones: 16.7%
Filtered 6 of 476 clones (98.74%).
Filtered 19.0 of 1492.0 reads (98.73%).
Exporting IGL
Exporting clones: 2.5%
Filtered 80 of 476 clones (83.19%).
Filtered 258.0 of 1492.0 reads (82.71%).
Exporting IGK
Exporting clones: 0.4%
Filtered 240 of 476 clones (49.58%).
Filtered 809.0 of 1492.0 reads (45.78%).
