WARNING: sun.reflect.Reflection.getCallerClass is not supported. This will impact performance.

>>>>>>>>>>>>>>>>>>>>>>> mixcr align <<<<<<<<<<<<<<<<<<<<<<<
Running:
mixcr align --report /projects/rpci/songyao/pnfioric/arc_project/airr_calculation/tcr_quant/results/mixcr_RS-04396659.align.report.txt --json-report /projects/rpci/songyao/pnfioric/arc_project/airr_calculation/tcr_quant/results/mixcr_RS-04396659.align.report.json --threads 12 --preset rna-seq --save-output-file-names /projects/rpci/songyao/pnfioric/arc_project/airr_calculation/tcr_quant/results/mixcr_RS-04396659.align.list.tsv --species hsa /projects/rpci/songyao/pnfioric/arc_project/airr_calculation/fastq_files/RS-04396659/RS-04396659_VALS12010028-D4_RS-03898408_S29_R1_001.fastq.gz /projects/rpci/songyao/pnfioric/arc_project/airr_calculation/fastq_files/RS-04396659/RS-04396659_VALS12010028-D4_RS-03898408_S29_R2_001.fastq.gz /projects/rpci/songyao/pnfioric/arc_project/airr_calculation/tcr_quant/results/mixcr_RS-04396659.alignments.vdjca
Alignment: 0%
Alignment: 4.2%  ETA: 00:45:19
Alignment: 8.5%  ETA: 00:42:19
Alignment: 12.8%  ETA: 00:40:38
Alignment: 17.2%  ETA: 00:38:20
Alignment: 21.5%  ETA: 00:35:47
Alignment: 25.9%  ETA: 00:34:02
Alignment: 30.1%  ETA: 00:33:19
Alignment: 34.3%  ETA: 00:31:19
Alignment: 38.5%  ETA: 00:29:05
Alignment: 42.8%  ETA: 00:26:52
Alignment: 47%  ETA: 00:25:04
Alignment: 51.2%  ETA: 00:23:04
Alignment: 55.5%  ETA: 00:21:04
Alignment: 59.7%  ETA: 00:19:14
Alignment: 63.9%  ETA: 00:17:05
Alignment: 68.1%  ETA: 00:14:58
Alignment: 72.4%  ETA: 00:12:58
Alignment: 76.7%  ETA: 00:10:52
Alignment: 80.9%  ETA: 00:09:06
Alignment: 85.1%  ETA: 00:07:06
Alignment: 89.3%  ETA: 00:05:03
Alignment: 93.6%  ETA: 00:03:01
Alignment: 97.9%  ETA: 00:01:00
====================== report: align ======================
Analysis time: 47.06m
Total sequencing reads: 61124157
Successfully aligned reads: 3004 (0%)
Coverage (percent of successfully aligned):
  CDR3: 590 (19.64%)
  FR3_TO_FR4: 1 (0.03%)
  CDR2_TO_FR4: 0 (0%)
  FR2_TO_FR4: 0 (0%)
  CDR1_TO_FR4: 3 (0.1%)
  VDJRegion: 10 (0.33%)
Alignment failed: no hits (not TCR/IG?): 59129308 (96.74%)
Alignment failed after alignment-aided overlap: 2 (0%)
Alignment failed: no CDR3 parts: 20622 (0.03%)
Alignment failed: low total score: 1971221 (3.22%)
Overlapped: 53315242 (87.22%)
Overlapped and aligned: 2762 (0%)
Overlapped and not aligned: 53312480 (87.22%)
Alignment-aided overlaps, percent of overlapped and aligned: 58 (2.1%)
No CDR3 parts alignments, percent of successfully aligned: 51 (1.7%)
Partial aligned reads, percent of successfully aligned: 2363 (78.66%)
Realigned with forced non-floating bound: 15617946 (25.55%)
Realigned with forced non-floating right bound in left read: 819 (0%)
Realigned with forced non-floating left bound in right read: 819 (0%)
TRA chains: 625 (20.81%)
TRA non-functional: 0 (0%)
TRB chains: 171 (5.69%)
TRB non-functional: 1 (0.58%)
TRG chains: 38 (1.26%)
TRG non-functional: 10 (26.32%)
IGH chains: 864 (28.76%)
IGH non-functional: 1 (0.12%)
TRAD chains: 25 (0.83%)
TRAD non-functional: 0 (0%)
IGK chains: 800 (26.63%)
IGK non-functional: 17 (2.12%)
IGL chains: 481 (16.01%)
IGL non-functional: 0 (0%)
Trimming report:
  R1 reads trimmed left: 121416 (0.2%)
  R1 reads trimmed right: 126900 (0.21%)
  Average R1 nucleotides trimmed left: 0.033759892999424106
  Average R1 nucleotides trimmed right: 0.038299456628906964
  R2 reads trimmed left: 120171 (0.2%)
  R2 reads trimmed right: 120942 (0.2%)
  Average R2 nucleotides trimmed left: 0.03267181255358663
  Average R2 nucleotides trimmed right: 0.03496025311236603

>>>>>>>>>>>>>>>>>> mixcr assemblePartial <<<<<<<<<<<<<<<<<<
Running:
mixcr assemblePartial --report /projects/rpci/songyao/pnfioric/arc_project/airr_calculation/tcr_quant/results/mixcr_RS-04396659.assemblePartial.report.txt --json-report /projects/rpci/songyao/pnfioric/arc_project/airr_calculation/tcr_quant/results/mixcr_RS-04396659.assemblePartial.report.json /projects/rpci/songyao/pnfioric/arc_project/airr_calculation/tcr_quant/results/mixcr_RS-04396659.alignments.vdjca /projects/rpci/songyao/pnfioric/arc_project/airr_calculation/tcr_quant/results/mixcr_RS-04396659.passembled.1.vdjca
Building index: 0%
Searching for overlaps: 0.1%
================= report: assemblePartial =================
Analysis time: 256ms
Total alignments analysed: 3004
Number of output alignments: 2998 (99.8%)
Alignments already with CDR3 (no overlapping is performed): 626 (20.84%)
Successfully overlapped alignments: 6 (0.2%)
Left parts with too small N-region (failed to extract k-mer): 449 (14.95%)
Extracted k-mer diversity: 2381
Dropped due to wildcard in k-mer: 0 (0%)
Dropped due to too short NRegion parts in overlap: 15 (0.5%)
Dropped overlaps with empty N region due to no complete NDN coverage: 0 (0%)
Number of left-side alignments: 351 (11.68%)
Number of right-side alignments: 1596 (53.13%)
Complex overlaps: 0 (0%)
Over-overlaps: 0 (0%)
Partial alignments written to output: 2366 (78.76%)

>>>>>>>>>>>>>>>>>> mixcr assemblePartial <<<<<<<<<<<<<<<<<<
Running:
mixcr assemblePartial --report /projects/rpci/songyao/pnfioric/arc_project/airr_calculation/tcr_quant/results/mixcr_RS-04396659.assemblePartial.report.txt --json-report /projects/rpci/songyao/pnfioric/arc_project/airr_calculation/tcr_quant/results/mixcr_RS-04396659.assemblePartial.report.json /projects/rpci/songyao/pnfioric/arc_project/airr_calculation/tcr_quant/results/mixcr_RS-04396659.passembled.1.vdjca /projects/rpci/songyao/pnfioric/arc_project/airr_calculation/tcr_quant/results/mixcr_RS-04396659.passembled.2.vdjca
Building index: 0%
Searching for overlaps: 0.9%
================= report: assemblePartial =================
Analysis time: 78ms
Total alignments analysed: 2998
Number of output alignments: 2998 (100%)
Alignments already with CDR3 (no overlapping is performed): 632 (21.08%)
Successfully overlapped alignments: 0 (0%)
Left parts with too small N-region (failed to extract k-mer): 449 (14.98%)
Extracted k-mer diversity: 2374
Dropped due to wildcard in k-mer: 0 (0%)
Dropped due to too short NRegion parts in overlap: 15 (0.5%)
Dropped overlaps with empty N region due to no complete NDN coverage: 0 (0%)
Number of left-side alignments: 345 (11.51%)
Number of right-side alignments: 1588 (52.97%)
Complex overlaps: 0 (0%)
Over-overlaps: 0 (0%)
Partial alignments written to output: 2366 (78.92%)

>>>>>>>>>>>>>>>>>>>>>>> mixcr extend <<<<<<<<<<<<<<<<<<<<<<<
Running:
mixcr extend --report /projects/rpci/songyao/pnfioric/arc_project/airr_calculation/tcr_quant/results/mixcr_RS-04396659.extend.report.txt --json-report /projects/rpci/songyao/pnfioric/arc_project/airr_calculation/tcr_quant/results/mixcr_RS-04396659.extend.report.json --threads 12 /projects/rpci/songyao/pnfioric/arc_project/airr_calculation/tcr_quant/results/mixcr_RS-04396659.passembled.2.vdjca /projects/rpci/songyao/pnfioric/arc_project/airr_calculation/tcr_quant/results/mixcr_RS-04396659.extended.vdjca
Extending alignments: 0%
====================== report: extend ======================
Analysis time: 36ms
Extended alignments count: 5 (0.17%)
V extensions total: 5 (0.17%)
V extensions with merged targets: 0 (0%)
J extensions total: 0 (0%)
J extensions with merged targets: 0 (0%)
V+J extensions: 0 (0%)
Mean V extension length: 8.0
Mean J extension length: NaN

>>>>>>>>>>>>>>>>>>>>>> mixcr assemble <<<<<<<<<<<<<<<<<<<<<<
Running:
mixcr assemble --report /projects/rpci/songyao/pnfioric/arc_project/airr_calculation/tcr_quant/results/mixcr_RS-04396659.assemble.report.txt --json-report /projects/rpci/songyao/pnfioric/arc_project/airr_calculation/tcr_quant/results/mixcr_RS-04396659.assemble.report.json /projects/rpci/songyao/pnfioric/arc_project/airr_calculation/tcr_quant/results/mixcr_RS-04396659.extended.vdjca /projects/rpci/songyao/pnfioric/arc_project/airr_calculation/tcr_quant/results/mixcr_RS-04396659.clna
Initialization: progress unknown
Initialization: progress unknown
===================== report: assemble =====================
Analysis time: 501ms
Final clonotype count: 220
Reads used in clonotypes, percent of total: 589 (0%)
Average number of reads per clonotype: 2.68
Reads dropped due to the lack of a clone sequence, percent of total: 2397 (0%)
Reads dropped due to a too short clonal sequence, percent of total: 0 (0%)
Reads dropped due to low quality, percent of total: 0 (0%)
Reads dropped due to failed mapping, percent of total: 18 (0%)
Reads dropped with low quality clones, percent of total: 0 (0%)
Aligned reads processed: 607
Reads used in clonotypes before clustering, percent of total: 589 (0%)
Number of reads used as a core, percent of used: 588 (99.83%)
Mapped low quality reads, percent of used: 1 (0.17%)
Reads clustered in PCR error correction, percent of used: 0 (0%)
Reads pre-clustered due to the similar VJC-lists, percent of used: 0 (0%)
Clonotypes dropped as low quality: 0
Clonotypes eliminated by PCR error correction: 0
Clonotypes pre-clustered due to the similar VJC-lists: 0
Clones dropped in post filtering: 0 (0%)
Reads dropped in post filtering: 0.0 (0%)
Reads filtered by tag prefix: 0 (0%)
TRA chains: 4 (1.82%)
TRA non-functional: 0 (0%)
TRB chains: 3 (1.36%)
TRB non-functional: 1 (33.33%)
TRG chains: 3 (1.36%)
TRG non-functional: 3 (100%)
IGH chains: 52 (23.64%)
IGH non-functional: 1 (1.92%)
IGK chains: 112 (50.91%)
IGK non-functional: 5 (4.46%)
IGL chains: 46 (20.91%)
IGL non-functional: 0 (0%)

>>>>>>>>>>>>>>>>>> mixcr assembleContigs <<<<<<<<<<<<<<<<<<
Running:
mixcr assembleContigs --report /projects/rpci/songyao/pnfioric/arc_project/airr_calculation/tcr_quant/results/mixcr_RS-04396659.assembleContigs.report.txt --json-report /projects/rpci/songyao/pnfioric/arc_project/airr_calculation/tcr_quant/results/mixcr_RS-04396659.assembleContigs.report.json --threads 12 /projects/rpci/songyao/pnfioric/arc_project/airr_calculation/tcr_quant/results/mixcr_RS-04396659.clna /projects/rpci/songyao/pnfioric/arc_project/airr_calculation/tcr_quant/results/mixcr_RS-04396659.contigs.clns
Assembling contigs: 0%
================= report: assembleContigs =================
Analysis time: 354ms
Initial clonotype count: 220
Final clonotype count: 220 (100%)
Canceled assemblies: 0 (0%)
Clones filtered out after assemble: 0 (0%)
Number of premature termination assembly events, percent of number of initial clonotypes: 0.0 (0%)
Longest contig length: 377
Clustered variants: 0 (0%)
Reads in clustered variants: 0.0 (0%)
Reads in divided (newly created) clones: 0.0 (0%)
Clones with ambiguous letters in splitting region: 0 (0%)
Reads in clones with ambiguous letters in splitting region: 0.0 (0%)
Average number of ambiguous letters per clone with ambiguous letters in splitting region: NaN
Clones combined after clustering: 0 (0%)

>>>>>>>>>>>>>>>>>>>>>>>>> mixcr qc <<<<<<<<<<<<<<<<<<<<<<<<<
Running:
mixcr qc --print-to-stdout /projects/rpci/songyao/pnfioric/arc_project/airr_calculation/tcr_quant/results/mixcr_RS-04396659.contigs.clns /projects/rpci/songyao/pnfioric/arc_project/airr_calculation/tcr_quant/results/mixcr_RS-04396659.qc.txt /projects/rpci/songyao/pnfioric/arc_project/airr_calculation/tcr_quant/results/mixcr_RS-04396659.qc.json

  Alignments dropped due to low sequence quality: 0.0% [OK]

>>>>>>>>>>>>>>>>>>>> mixcr exportClones <<<<<<<<<<<<<<<<<<<<
Running:
mixcr exportClones /projects/rpci/songyao/pnfioric/arc_project/airr_calculation/tcr_quant/results/mixcr_RS-04396659.contigs.clns /projects/rpci/songyao/pnfioric/arc_project/airr_calculation/tcr_quant/results/mixcr_RS-04396659.clones.tsv
Analysis finished successfully.
===============================
Visualize results and simplify your immune data analysis with a convenient UI.
Explore and install Platforma.bio here: https://platforma.bio
