Exporting TRB
Exporting clones: 25%
Filtered 4 of 270 clones (98.52%).
Filtered 12.0 of 1056.0 reads (98.86%).
Exporting TRA
Exporting clones: 12.5%
Filtered 8 of 270 clones (97.04%).
Filtered 25.0 of 1056.0 reads (97.63%).
Exporting IGH
Exporting clones: 1.5%
Filtered 66 of 270 clones (75.56%).
Filtered 217.0 of 1056.0 reads (79.45%).
Exporting TRG
Exporting clones: 50%
Filtered 2 of 270 clones (99.26%).
Filtered 35.0 of 1056.0 reads (96.69%).
Exporting IGL
Exporting clones: 1.6%
Filtered 62 of 270 clones (77.04%).
Filtered 245.0 of 1056.0 reads (76.8%).
Exporting IGK
Exporting clones: 0.8%
Filtered 128 of 270 clones (52.59%).
Filtered 522.0 of 1056.0 reads (50.57%).
