Exporting TRB
Exporting clones: 100%
Filtered 1 of 135 clones (99.26%).
Filtered 1.0 of 438.0 reads (99.77%).
Exporting TRA
Exporting clones: 25%
Filtered 4 of 135 clones (97.04%).
Filtered 5.0 of 438.0 reads (98.86%).
Exporting IGH
Exporting clones: 2.4%
Filtered 41 of 135 clones (69.63%).
Filtered 132.0 of 438.0 reads (69.86%).
Exporting TRG
Exporting clones: 100%
Filtered 1 of 135 clones (99.26%).
Filtered 1.0 of 438.0 reads (99.77%).
Exporting IGL
Exporting clones: 4%
Filtered 25 of 135 clones (81.48%).
Filtered 83.0 of 438.0 reads (81.05%).
Exporting IGK
Exporting clones: 1.6%
Filtered 63 of 135 clones (53.33%).
Filtered 216.0 of 438.0 reads (50.68%).
