WARNING: sun.reflect.Reflection.getCallerClass is not supported. This will impact performance.

>>>>>>>>>>>>>>>>>>>>>>> mixcr align <<<<<<<<<<<<<<<<<<<<<<<
Running:
mixcr align --report /projects/rpci/songyao/pnfioric/arc_project/airr_calculation/tcr_quant/results/mixcr_RS-04378756.align.report.txt --json-report /projects/rpci/songyao/pnfioric/arc_project/airr_calculation/tcr_quant/results/mixcr_RS-04378756.align.report.json --threads 12 --preset rna-seq --save-output-file-names /projects/rpci/songyao/pnfioric/arc_project/airr_calculation/tcr_quant/results/mixcr_RS-04378756.align.list.tsv --species hsa /projects/rpci/songyao/pnfioric/arc_project/airr_calculation/fastq_files/RS-04378756/RS-04378756_SH1367-95_RS-04203208_S149_R1_001.fastq.gz /projects/rpci/songyao/pnfioric/arc_project/airr_calculation/fastq_files/RS-04378756/RS-04378756_SH1367-95_RS-04203208_S149_R2_001.fastq.gz /projects/rpci/songyao/pnfioric/arc_project/airr_calculation/tcr_quant/results/mixcr_RS-04378756.alignments.vdjca
Alignment: 0%
Alignment: 2.5%  ETA: 01:17:34
Alignment: 5.1%  ETA: 01:14:51
Alignment: 7.6%  ETA: 01:12:51
Alignment: 10.1%  ETA: 01:10:49
Alignment: 12.7%  ETA: 01:08:50
Alignment: 15.2%  ETA: 01:07:29
Alignment: 17.7%  ETA: 01:04:52
Alignment: 20.2%  ETA: 01:03:28
Alignment: 22.8%  ETA: 01:00:53
Alignment: 25.3%  ETA: 00:58:51
Alignment: 27.8%  ETA: 00:56:53
Alignment: 30.3%  ETA: 00:55:59
Alignment: 32.8%  ETA: 00:53:26
Alignment: 35.4%  ETA: 00:51:26
Alignment: 37.8%  ETA: 00:49:56
Alignment: 40.4%  ETA: 00:46:59
Alignment: 42.9%  ETA: 00:45:26
Alignment: 45.4%  ETA: 00:43:53
Alignment: 47.9%  ETA: 00:41:27
Alignment: 50.4%  ETA: 00:39:52
Alignment: 52.9%  ETA: 00:37:52
Alignment: 55.4%  ETA: 00:35:29
Alignment: 57.9%  ETA: 00:33:50
Alignment: 60.4%  ETA: 00:31:11
Alignment: 62.9%  ETA: 00:29:48
Alignment: 65.4%  ETA: 00:27:48
Alignment: 67.9%  ETA: 00:25:32
Alignment: 70.4%  ETA: 00:23:32
Alignment: 72.9%  ETA: 00:21:46
Alignment: 75.4%  ETA: 00:19:33
Alignment: 77.9%  ETA: 00:17:44
Alignment: 80.4%  ETA: 00:15:44
Alignment: 82.9%  ETA: 00:13:26
Alignment: 85.5%  ETA: 00:11:26
Alignment: 88%  ETA: 00:09:26
Alignment: 90.6%  ETA: 00:07:26
Alignment: 93.1%  ETA: 00:05:26
Alignment: 95.6%  ETA: 00:03:26
Alignment: 98.2%  ETA: 00:01:24
====================== report: align ======================
Analysis time: 79.47m
Total sequencing reads: 84648986
Successfully aligned reads: 14124 (0.02%)
Coverage (percent of successfully aligned):
  CDR3: 0 (0%)
  FR3_TO_FR4: 0 (0%)
  CDR2_TO_FR4: 0 (0%)
  FR2_TO_FR4: 0 (0%)
  CDR1_TO_FR4: 0 (0%)
  VDJRegion: 0 (0%)
Alignment failed: no hits (not TCR/IG?): 82402080 (97.35%)
Alignment failed: no CDR3 parts: 31664 (0.04%)
Alignment failed: low total score: 2201118 (2.6%)
Overlapped: 46191366 (54.57%)
Overlapped and aligned: 12428 (0.01%)
Overlapped and not aligned: 46178938 (54.55%)
Alignment-aided overlaps, percent of overlapped and aligned: 60 (0.48%)
No CDR3 parts alignments, percent of successfully aligned: 1 (0.01%)
Partial aligned reads, percent of successfully aligned: 14123 (99.99%)
Realigned with forced non-floating bound: 76915360 (90.86%)
Realigned with forced non-floating right bound in left read: 1533 (0%)
Realigned with forced non-floating left bound in right read: 1533 (0%)
TRA chains: 445 (3.15%)
TRA non-functional: 0 (0%)
TRB chains: 275 (1.95%)
TRB non-functional: 0 (0%)
TRD chains: 27 (0.19%)
TRD non-functional: 0 (0%)
IGH chains: 11138 (78.86%)
IGH non-functional: 0 (0%)
TRAD chains: 163 (1.15%)
TRAD non-functional: 0 (0%)
IGK chains: 469 (3.32%)
IGK non-functional: 0 (0%)
IGL chains: 1607 (11.38%)
IGL non-functional: 0 (0%)
Trimming report:
  R1 reads trimmed left: 5042656 (5.96%)
  R1 reads trimmed right: 5103417 (6.03%)
  Average R1 nucleotides trimmed left: 1.0126955448704371
  Average R1 nucleotides trimmed right: 1.0766282894398758
  R2 reads trimmed left: 4954955 (5.85%)
  R2 reads trimmed right: 5014414 (5.92%)
  Average R2 nucleotides trimmed left: 0.9949629048125869
  Average R2 nucleotides trimmed right: 1.0576879916789552

>>>>>>>>>>>>>>>>>> mixcr assemblePartial <<<<<<<<<<<<<<<<<<
Running:
mixcr assemblePartial --report /projects/rpci/songyao/pnfioric/arc_project/airr_calculation/tcr_quant/results/mixcr_RS-04378756.assemblePartial.report.txt --json-report /projects/rpci/songyao/pnfioric/arc_project/airr_calculation/tcr_quant/results/mixcr_RS-04378756.assemblePartial.report.json /projects/rpci/songyao/pnfioric/arc_project/airr_calculation/tcr_quant/results/mixcr_RS-04378756.alignments.vdjca /projects/rpci/songyao/pnfioric/arc_project/airr_calculation/tcr_quant/results/mixcr_RS-04378756.passembled.1.vdjca
Building index: 0%
Searching for overlaps: 0%
================= report: assemblePartial =================
Analysis time: 386ms
Total alignments analysed: 14124
Number of output alignments: 14124 (100%)
Alignments already with CDR3 (no overlapping is performed): 0 (0%)
Successfully overlapped alignments: 0 (0%)
Left parts with too small N-region (failed to extract k-mer): 2238 (15.85%)
Extracted k-mer diversity: 299
Dropped due to wildcard in k-mer: 0 (0%)
Dropped due to too short NRegion parts in overlap: 0 (0%)
Dropped overlaps with empty N region due to no complete NDN coverage: 0 (0%)
Number of left-side alignments: 350 (2.48%)
Number of right-side alignments: 11535 (81.67%)
Complex overlaps: 0 (0%)
Over-overlaps: 0 (0%)
Partial alignments written to output: 14124 (100%)

>>>>>>>>>>>>>>>>>> mixcr assemblePartial <<<<<<<<<<<<<<<<<<
Running:
mixcr assemblePartial --report /projects/rpci/songyao/pnfioric/arc_project/airr_calculation/tcr_quant/results/mixcr_RS-04378756.assemblePartial.report.txt --json-report /projects/rpci/songyao/pnfioric/arc_project/airr_calculation/tcr_quant/results/mixcr_RS-04378756.assemblePartial.report.json /projects/rpci/songyao/pnfioric/arc_project/airr_calculation/tcr_quant/results/mixcr_RS-04378756.passembled.1.vdjca /projects/rpci/songyao/pnfioric/arc_project/airr_calculation/tcr_quant/results/mixcr_RS-04378756.passembled.2.vdjca
Building index: 0%
Searching for overlaps: 0%
================= report: assemblePartial =================
Analysis time: 208ms
Total alignments analysed: 14124
Number of output alignments: 14124 (100%)
Alignments already with CDR3 (no overlapping is performed): 0 (0%)
Successfully overlapped alignments: 0 (0%)
Left parts with too small N-region (failed to extract k-mer): 2238 (15.85%)
Extracted k-mer diversity: 299
Dropped due to wildcard in k-mer: 0 (0%)
Dropped due to too short NRegion parts in overlap: 0 (0%)
Dropped overlaps with empty N region due to no complete NDN coverage: 0 (0%)
Number of left-side alignments: 350 (2.48%)
Number of right-side alignments: 11535 (81.67%)
Complex overlaps: 0 (0%)
Over-overlaps: 0 (0%)
Partial alignments written to output: 14124 (100%)

>>>>>>>>>>>>>>>>>>>>>>> mixcr extend <<<<<<<<<<<<<<<<<<<<<<<
Running:
mixcr extend --report /projects/rpci/songyao/pnfioric/arc_project/airr_calculation/tcr_quant/results/mixcr_RS-04378756.extend.report.txt --json-report /projects/rpci/songyao/pnfioric/arc_project/airr_calculation/tcr_quant/results/mixcr_RS-04378756.extend.report.json --threads 12 /projects/rpci/songyao/pnfioric/arc_project/airr_calculation/tcr_quant/results/mixcr_RS-04378756.passembled.2.vdjca /projects/rpci/songyao/pnfioric/arc_project/airr_calculation/tcr_quant/results/mixcr_RS-04378756.extended.vdjca
Extending alignments: 0%
====================== report: extend ======================
Analysis time: 106ms
Extended alignments count: 0 (0%)
V extensions total: 0 (0%)
V extensions with merged targets: 0 (0%)
J extensions total: 0 (0%)
J extensions with merged targets: 0 (0%)
V+J extensions: 0 (0%)
Mean V extension length: NaN
Mean J extension length: NaN

>>>>>>>>>>>>>>>>>>>>>> mixcr assemble <<<<<<<<<<<<<<<<<<<<<<
Running:
mixcr assemble --report /projects/rpci/songyao/pnfioric/arc_project/airr_calculation/tcr_quant/results/mixcr_RS-04378756.assemble.report.txt --json-report /projects/rpci/songyao/pnfioric/arc_project/airr_calculation/tcr_quant/results/mixcr_RS-04378756.assemble.report.json /projects/rpci/songyao/pnfioric/arc_project/airr_calculation/tcr_quant/results/mixcr_RS-04378756.extended.vdjca /projects/rpci/songyao/pnfioric/arc_project/airr_calculation/tcr_quant/results/mixcr_RS-04378756.clna
Initialization: progress unknown
Initialization: progress unknown
===================== report: assemble =====================
Analysis time: 378ms
Final clonotype count: 0
Reads used in clonotypes, percent of total: 0 (0%)
Average number of reads per clonotype: NaN
Reads dropped due to the lack of a clone sequence, percent of total: 14124 (0.02%)
Reads dropped due to a too short clonal sequence, percent of total: 0 (0%)
Reads dropped due to low quality, percent of total: 0 (0%)
Reads dropped due to failed mapping, percent of total: 0 (0%)
Reads dropped with low quality clones, percent of total: 0 (0%)
Aligned reads processed: 0
Reads used in clonotypes before clustering, percent of total: 0 (0%)
Number of reads used as a core, percent of used: 0 (NaN%)
Mapped low quality reads, percent of used: 0 (NaN%)
Reads clustered in PCR error correction, percent of used: 0 (NaN%)
Reads pre-clustered due to the similar VJC-lists, percent of used: 0 (NaN%)
Clonotypes dropped as low quality: 0
Clonotypes eliminated by PCR error correction: 0
Clonotypes pre-clustered due to the similar VJC-lists: 0
Clones dropped in post filtering: 0 (NaN%)
Reads dropped in post filtering: 0.0 (0%)
Reads filtered by tag prefix: 0 (0%)

>>>>>>>>>>>>>>>>>> mixcr assembleContigs <<<<<<<<<<<<<<<<<<
Running:
mixcr assembleContigs --report /projects/rpci/songyao/pnfioric/arc_project/airr_calculation/tcr_quant/results/mixcr_RS-04378756.assembleContigs.report.txt --json-report /projects/rpci/songyao/pnfioric/arc_project/airr_calculation/tcr_quant/results/mixcr_RS-04378756.assembleContigs.report.json --threads 12 /projects/rpci/songyao/pnfioric/arc_project/airr_calculation/tcr_quant/results/mixcr_RS-04378756.clna /projects/rpci/songyao/pnfioric/arc_project/airr_calculation/tcr_quant/results/mixcr_RS-04378756.contigs.clns
Assembling contigs: 0%
================= report: assembleContigs =================
Analysis time: 58ms
Initial clonotype count: 0
Final clonotype count: 0 (NaN%)
Canceled assemblies: 0 (NaN%)
Clones filtered out after assemble: 0 (NaN%)
Number of premature termination assembly events, percent of number of initial clonotypes: 0.0 (NaN%)
Longest contig length: 0
Clustered variants: 0 (NaN%)
Reads in clustered variants: 0.0 (NaN%)
Reads in divided (newly created) clones: 0.0 (NaN%)
Clones with ambiguous letters in splitting region: 0 (NaN%)
Reads in clones with ambiguous letters in splitting region: 0.0 (NaN%)
Average number of ambiguous letters per clone with ambiguous letters in splitting region: NaN
Clones combined after clustering: 0 (NaN%)

>>>>>>>>>>>>>>>>>>>>>>>>> mixcr qc <<<<<<<<<<<<<<<<<<<<<<<<<
Running:
mixcr qc --print-to-stdout /projects/rpci/songyao/pnfioric/arc_project/airr_calculation/tcr_quant/results/mixcr_RS-04378756.contigs.clns /projects/rpci/songyao/pnfioric/arc_project/airr_calculation/tcr_quant/results/mixcr_RS-04378756.qc.txt /projects/rpci/songyao/pnfioric/arc_project/airr_calculation/tcr_quant/results/mixcr_RS-04378756.qc.json

  Alignments dropped due to low sequence quality: 0.0% [OK]

>>>>>>>>>>>>>>>>>>>> mixcr exportClones <<<<<<<<<<<<<<<<<<<<
Running:
mixcr exportClones /projects/rpci/songyao/pnfioric/arc_project/airr_calculation/tcr_quant/results/mixcr_RS-04378756.contigs.clns /projects/rpci/songyao/pnfioric/arc_project/airr_calculation/tcr_quant/results/mixcr_RS-04378756.clones.tsv
Analysis finished successfully.
===============================
Visualize results and simplify your immune data analysis with a convenient UI.
Explore and install Platforma.bio here: https://platforma.bio
