WARNING: sun.reflect.Reflection.getCallerClass is not supported. This will impact performance.

>>>>>>>>>>>>>>>>>>>>>>> mixcr align <<<<<<<<<<<<<<<<<<<<<<<
Running:
mixcr align --report /projects/rpci/songyao/pnfioric/arc_project/airr_calculation/tcr_quant/results/mixcr_RS-04430864.align.report.txt --json-report /projects/rpci/songyao/pnfioric/arc_project/airr_calculation/tcr_quant/results/mixcr_RS-04430864.align.report.json --threads 12 --preset rna-seq --save-output-file-names /projects/rpci/songyao/pnfioric/arc_project/airr_calculation/tcr_quant/results/mixcr_RS-04430864.align.list.tsv --species hsa /projects/rpci/songyao/pnfioric/arc_project/airr_calculation/fastq_files/RS-04430864/RS-04430864_VALS12018301-A1_RS-03694125_S76_R1_001.fastq.gz /projects/rpci/songyao/pnfioric/arc_project/airr_calculation/fastq_files/RS-04430864/RS-04430864_VALS12018301-A1_RS-03694125_S76_R2_001.fastq.gz /projects/rpci/songyao/pnfioric/arc_project/airr_calculation/tcr_quant/results/mixcr_RS-04430864.alignments.vdjca
Alignment: 0%
Alignment: 4.5%  ETA: 00:42:44
Alignment: 9%  ETA: 00:40:23
Alignment: 13.5%  ETA: 00:38:22
Alignment: 18%  ETA: 00:36:22
Alignment: 22.5%  ETA: 00:34:41
Alignment: 27%  ETA: 00:32:23
Alignment: 31.6%  ETA: 00:29:51
Alignment: 36.1%  ETA: 00:27:51
Alignment: 40.8%  ETA: 00:25:37
Alignment: 45.4%  ETA: 00:23:50
Alignment: 49.9%  ETA: 00:22:02
Alignment: 54.4%  ETA: 00:20:13
Alignment: 58.9%  ETA: 00:18:13
Alignment: 63.4%  ETA: 00:16:13
Alignment: 67.9%  ETA: 00:14:21
Alignment: 72.4%  ETA: 00:12:07
Alignment: 77%  ETA: 00:10:07
Alignment: 81.6%  ETA: 00:07:57
Alignment: 86.2%  ETA: 00:06:01
Alignment: 90.8%  ETA: 00:04:01
Alignment: 95.4%  ETA: 00:02:01
Alignment: 99.9%  ETA: 00:00:03
====================== report: align ======================
Analysis time: 44.09m
Total sequencing reads: 49056340
Successfully aligned reads: 15783 (0.03%)
Coverage (percent of successfully aligned):
  CDR3: 3570 (22.62%)
  FR3_TO_FR4: 4 (0.03%)
  CDR2_TO_FR4: 4 (0.03%)
  FR2_TO_FR4: 0 (0%)
  CDR1_TO_FR4: 0 (0%)
  VDJRegion: 8 (0.05%)
Alignment failed: no hits (not TCR/IG?): 47807942 (97.46%)
Alignment failed: no CDR3 parts: 34214 (0.07%)
Alignment failed: low total score: 1198401 (2.44%)
Overlapped: 44225920 (90.15%)
Overlapped and aligned: 15009 (0.03%)
Overlapped and not aligned: 44210911 (90.12%)
Alignment-aided overlaps, percent of overlapped and aligned: 200 (1.33%)
No CDR3 parts alignments, percent of successfully aligned: 309 (1.96%)
Partial aligned reads, percent of successfully aligned: 11904 (75.42%)
V gene chimeras: 5 (0%)
J gene chimeras: 4 (0%)
Paired-end alignment conflicts eliminated: 5 (0%)
Realigned with forced non-floating bound: 9661240 (19.69%)
Realigned with forced non-floating right bound in left read: 698 (0%)
Realigned with forced non-floating left bound in right read: 698 (0%)
TRA chains: 952 (6.03%)
TRA non-functional: 7 (0.74%)
TRB chains: 478 (3.03%)
TRB non-functional: 2 (0.42%)
TRD chains: 2 (0.01%)
TRD non-functional: 0 (0%)
TRG chains: 68 (0.43%)
TRG non-functional: 0 (0%)
IGH chains: 5851 (37.07%)
IGH non-functional: 6 (0.1%)
TRAD chains: 53 (0.34%)
TRAD non-functional: 0 (0%)
IGK chains: 3420 (21.67%)
IGK non-functional: 44 (1.29%)
IGL chains: 4959 (31.42%)
IGL non-functional: 36 (0.73%)
Trimming report:
  R1 reads trimmed left: 30620 (0.06%)
  R1 reads trimmed right: 30324 (0.06%)
  Average R1 nucleotides trimmed left: 0.010281566052420544
  Average R1 nucleotides trimmed right: 0.010925254513483884
  R2 reads trimmed left: 29523 (0.06%)
  R2 reads trimmed right: 29861 (0.06%)
  Average R2 nucleotides trimmed left: 0.010293042652590878
  Average R2 nucleotides trimmed right: 0.010760525550825847

>>>>>>>>>>>>>>>>>> mixcr assemblePartial <<<<<<<<<<<<<<<<<<
Running:
mixcr assemblePartial --report /projects/rpci/songyao/pnfioric/arc_project/airr_calculation/tcr_quant/results/mixcr_RS-04430864.assemblePartial.report.txt --json-report /projects/rpci/songyao/pnfioric/arc_project/airr_calculation/tcr_quant/results/mixcr_RS-04430864.assemblePartial.report.json /projects/rpci/songyao/pnfioric/arc_project/airr_calculation/tcr_quant/results/mixcr_RS-04430864.alignments.vdjca /projects/rpci/songyao/pnfioric/arc_project/airr_calculation/tcr_quant/results/mixcr_RS-04430864.passembled.1.vdjca
Building index: 0%
Searching for overlaps: 0%
================= report: assemblePartial =================
Analysis time: 1.14s
Total alignments analysed: 15783
Number of output alignments: 15657 (99.2%)
Alignments already with CDR3 (no overlapping is performed): 3688 (23.37%)
Successfully overlapped alignments: 126 (0.8%)
Left parts with too small N-region (failed to extract k-mer): 3526 (22.34%)
Extracted k-mer diversity: 7738
Dropped due to wildcard in k-mer: 0 (0%)
Dropped due to too short NRegion parts in overlap: 117 (0.74%)
Dropped overlaps with empty N region due to no complete NDN coverage: 2 (0.01%)
Number of left-side alignments: 3056 (19.36%)
Number of right-side alignments: 5548 (35.15%)
Complex overlaps: 0 (0%)
Over-overlaps: 0 (0%)
Partial alignments written to output: 11843 (75.04%)

>>>>>>>>>>>>>>>>>> mixcr assemblePartial <<<<<<<<<<<<<<<<<<
Running:
mixcr assemblePartial --report /projects/rpci/songyao/pnfioric/arc_project/airr_calculation/tcr_quant/results/mixcr_RS-04430864.assemblePartial.report.txt --json-report /projects/rpci/songyao/pnfioric/arc_project/airr_calculation/tcr_quant/results/mixcr_RS-04430864.assemblePartial.report.json /projects/rpci/songyao/pnfioric/arc_project/airr_calculation/tcr_quant/results/mixcr_RS-04430864.passembled.1.vdjca /projects/rpci/songyao/pnfioric/arc_project/airr_calculation/tcr_quant/results/mixcr_RS-04430864.passembled.2.vdjca
Building index: 0%
Searching for overlaps: 0%
================= report: assemblePartial =================
Analysis time: 554ms
Total alignments analysed: 15657
Number of output alignments: 15656 (99.99%)
Alignments already with CDR3 (no overlapping is performed): 3814 (24.36%)
Successfully overlapped alignments: 1 (0.01%)
Left parts with too small N-region (failed to extract k-mer): 3524 (22.51%)
Extracted k-mer diversity: 7653
Dropped due to wildcard in k-mer: 0 (0%)
Dropped due to too short NRegion parts in overlap: 99 (0.63%)
Dropped overlaps with empty N region due to no complete NDN coverage: 2 (0.01%)
Number of left-side alignments: 2925 (18.68%)
Number of right-side alignments: 5422 (34.63%)
Complex overlaps: 0 (0%)
Over-overlaps: 0 (0%)
Partial alignments written to output: 11841 (75.63%)

>>>>>>>>>>>>>>>>>>>>>>> mixcr extend <<<<<<<<<<<<<<<<<<<<<<<
Running:
mixcr extend --report /projects/rpci/songyao/pnfioric/arc_project/airr_calculation/tcr_quant/results/mixcr_RS-04430864.extend.report.txt --json-report /projects/rpci/songyao/pnfioric/arc_project/airr_calculation/tcr_quant/results/mixcr_RS-04430864.extend.report.json --threads 12 /projects/rpci/songyao/pnfioric/arc_project/airr_calculation/tcr_quant/results/mixcr_RS-04430864.passembled.2.vdjca /projects/rpci/songyao/pnfioric/arc_project/airr_calculation/tcr_quant/results/mixcr_RS-04430864.extended.vdjca
Extending alignments: 0%
====================== report: extend ======================
Analysis time: 222ms
Extended alignments count: 12 (0.08%)
V extensions total: 0 (0%)
V extensions with merged targets: 0 (0%)
J extensions total: 12 (0.08%)
J extensions with merged targets: 0 (0%)
V+J extensions: 0 (0%)
Mean V extension length: NaN
Mean J extension length: 13.5

>>>>>>>>>>>>>>>>>>>>>> mixcr assemble <<<<<<<<<<<<<<<<<<<<<<
Running:
mixcr assemble --report /projects/rpci/songyao/pnfioric/arc_project/airr_calculation/tcr_quant/results/mixcr_RS-04430864.assemble.report.txt --json-report /projects/rpci/songyao/pnfioric/arc_project/airr_calculation/tcr_quant/results/mixcr_RS-04430864.assemble.report.json /projects/rpci/songyao/pnfioric/arc_project/airr_calculation/tcr_quant/results/mixcr_RS-04430864.extended.vdjca /projects/rpci/songyao/pnfioric/arc_project/airr_calculation/tcr_quant/results/mixcr_RS-04430864.clna
Initialization: progress unknown
Building clones: 65.9%
Initialization: progress unknown
Writing alignments: 85.9%
===================== report: assemble =====================
Analysis time: 1.62s
Final clonotype count: 1023
Reads used in clonotypes, percent of total: 3703 (0.01%)
Average number of reads per clonotype: 3.62
Reads dropped due to the lack of a clone sequence, percent of total: 11949 (0.02%)
Reads dropped due to a too short clonal sequence, percent of total: 0 (0%)
Reads dropped due to low quality, percent of total: 0 (0%)
Reads dropped due to failed mapping, percent of total: 122 (0%)
Reads dropped with low quality clones, percent of total: 0 (0%)
Aligned reads processed: 3834
Reads used in clonotypes before clustering, percent of total: 3712 (0.01%)
Number of reads used as a core, percent of used: 3660 (98.6%)
Mapped low quality reads, percent of used: 52 (1.4%)
Reads clustered in PCR error correction, percent of used: 9 (0.24%)
Reads pre-clustered due to the similar VJC-lists, percent of used: 0 (0%)
Clonotypes dropped as low quality: 0
Clonotypes eliminated by PCR error correction: 7
Clonotypes pre-clustered due to the similar VJC-lists: 0
Clones dropped in post filtering: 0 (0%)
Reads dropped in post filtering: 0.0 (0%)
Reads filtered by tag prefix: 0 (0%)
TRA chains: 18 (1.76%)
TRA non-functional: 5 (27.78%)
TRB chains: 13 (1.27%)
TRB non-functional: 1 (7.69%)
TRD chains: 1 (0.1%)
TRD non-functional: 0 (0%)
TRG chains: 1 (0.1%)
TRG non-functional: 0 (0%)
IGH chains: 266 (26%)
IGH non-functional: 3 (1.13%)
IGK chains: 506 (49.46%)
IGK non-functional: 23 (4.55%)
IGL chains: 218 (21.31%)
IGL non-functional: 7 (3.21%)

>>>>>>>>>>>>>>>>>> mixcr assembleContigs <<<<<<<<<<<<<<<<<<
Running:
mixcr assembleContigs --report /projects/rpci/songyao/pnfioric/arc_project/airr_calculation/tcr_quant/results/mixcr_RS-04430864.assembleContigs.report.txt --json-report /projects/rpci/songyao/pnfioric/arc_project/airr_calculation/tcr_quant/results/mixcr_RS-04430864.assembleContigs.report.json --threads 12 /projects/rpci/songyao/pnfioric/arc_project/airr_calculation/tcr_quant/results/mixcr_RS-04430864.clna /projects/rpci/songyao/pnfioric/arc_project/airr_calculation/tcr_quant/results/mixcr_RS-04430864.contigs.clns
Assembling contigs: 0%
Assembling contigs: 21.2%  ETA: 00:00:03
================= report: assembleContigs =================
Analysis time: 1.37s
Initial clonotype count: 1023
Final clonotype count: 1023 (100%)
Canceled assemblies: 0 (0%)
Clones filtered out after assemble: 0 (0%)
Number of premature termination assembly events, percent of number of initial clonotypes: 0.0 (0%)
Longest contig length: 394
Clustered variants: 0 (0%)
Reads in clustered variants: 0.0 (0%)
Reads in divided (newly created) clones: 0.0 (0%)
Clones with ambiguous letters in splitting region: 0 (0%)
Reads in clones with ambiguous letters in splitting region: 0.0 (0%)
Average number of ambiguous letters per clone with ambiguous letters in splitting region: NaN
Clones combined after clustering: 0 (0%)

>>>>>>>>>>>>>>>>>>>>>>>>> mixcr qc <<<<<<<<<<<<<<<<<<<<<<<<<
Running:
mixcr qc --print-to-stdout /projects/rpci/songyao/pnfioric/arc_project/airr_calculation/tcr_quant/results/mixcr_RS-04430864.contigs.clns /projects/rpci/songyao/pnfioric/arc_project/airr_calculation/tcr_quant/results/mixcr_RS-04430864.qc.txt /projects/rpci/songyao/pnfioric/arc_project/airr_calculation/tcr_quant/results/mixcr_RS-04430864.qc.json

  Alignments dropped due to low sequence quality: 0.0% [OK]

>>>>>>>>>>>>>>>>>>>> mixcr exportClones <<<<<<<<<<<<<<<<<<<<
Running:
mixcr exportClones /projects/rpci/songyao/pnfioric/arc_project/airr_calculation/tcr_quant/results/mixcr_RS-04430864.contigs.clns /projects/rpci/songyao/pnfioric/arc_project/airr_calculation/tcr_quant/results/mixcr_RS-04430864.clones.tsv
Analysis finished successfully.
===============================
Visualize results and simplify your immune data analysis with a convenient UI.
Explore and install Platforma.bio here: https://platforma.bio
