WARNING: sun.reflect.Reflection.getCallerClass is not supported. This will impact performance.

>>>>>>>>>>>>>>>>>>>>>>> mixcr align <<<<<<<<<<<<<<<<<<<<<<<
Running:
mixcr align --report /projects/rpci/songyao/pnfioric/arc_project/airr_calculation/tcr_quant/results/mixcr_RS-04036669.align.report.txt --json-report /projects/rpci/songyao/pnfioric/arc_project/airr_calculation/tcr_quant/results/mixcr_RS-04036669.align.report.json --threads 12 --preset rna-seq --save-output-file-names /projects/rpci/songyao/pnfioric/arc_project/airr_calculation/tcr_quant/results/mixcr_RS-04036669.align.list.tsv --species hsa /projects/rpci/songyao/pnfioric/arc_project/airr_calculation/fastq_files/RS-04036669/RS-04417120_IS4533-97-A_RS-04036669_S99_R1_001.fastq.gz /projects/rpci/songyao/pnfioric/arc_project/airr_calculation/fastq_files/RS-04036669/RS-04417120_IS4533-97-A_RS-04036669_S99_R2_001.fastq.gz /projects/rpci/songyao/pnfioric/arc_project/airr_calculation/tcr_quant/results/mixcr_RS-04036669.alignments.vdjca
Alignment: 0%
Alignment: 3.2%  ETA: 01:00:32
Alignment: 6.4%  ETA: 00:58:04
Alignment: 9.6%  ETA: 00:56:31
Alignment: 12.8%  ETA: 00:54:05
Alignment: 16.1%  ETA: 00:51:41
Alignment: 19.3%  ETA: 00:49:42
Alignment: 22.6%  ETA: 00:47:41
Alignment: 25.8%  ETA: 00:46:02
Alignment: 29%  ETA: 00:44:23
Alignment: 32.2%  ETA: 00:42:23
Alignment: 35.4%  ETA: 00:40:04
Alignment: 38.6%  ETA: 00:38:22
Alignment: 41.8%  ETA: 00:36:05
Alignment: 45.1%  ETA: 00:33:49
Alignment: 48.3%  ETA: 00:32:04
Alignment: 51.6%  ETA: 00:29:50
Alignment: 54.7%  ETA: 00:28:31
Alignment: 57.9%  ETA: 00:26:18
Alignment: 61.1%  ETA: 00:24:18
Alignment: 64.3%  ETA: 00:22:18
Alignment: 67.6%  ETA: 00:20:08
Alignment: 70.8%  ETA: 00:18:08
Alignment: 74%  ETA: 00:16:08
Alignment: 77.2%  ETA: 00:14:15
Alignment: 80.4%  ETA: 00:12:15
Alignment: 83.6%  ETA: 00:10:09
Alignment: 86.9%  ETA: 00:08:05
Alignment: 90.1%  ETA: 00:06:05
Alignment: 93.3%  ETA: 00:04:08
Alignment: 96.6%  ETA: 00:02:06
Alignment: 99.9%  ETA: 00:00:04
====================== report: align ======================
Analysis time: 62.12m
Total sequencing reads: 87601050
Successfully aligned reads: 7688 (0.01%)
Coverage (percent of successfully aligned):
  CDR3: 891 (11.59%)
  FR3_TO_FR4: 0 (0%)
  CDR2_TO_FR4: 0 (0%)
  FR2_TO_FR4: 0 (0%)
  CDR1_TO_FR4: 0 (0%)
  VDJRegion: 0 (0%)
Alignment failed: no hits (not TCR/IG?): 85032938 (97.07%)
Alignment failed: no CDR3 parts: 30165 (0.03%)
Alignment failed: low total score: 2530259 (2.89%)
Overlapped: 80251470 (91.61%)
Overlapped and aligned: 7538 (0.01%)
Overlapped and not aligned: 80243932 (91.6%)
Alignment-aided overlaps, percent of overlapped and aligned: 1 (0.01%)
No CDR3 parts alignments, percent of successfully aligned: 96 (1.25%)
Partial aligned reads, percent of successfully aligned: 6701 (87.16%)
Realigned with forced non-floating bound: 14699162 (16.78%)
Realigned with forced non-floating right bound in left read: 562 (0%)
Realigned with forced non-floating left bound in right read: 562 (0%)
TRA chains: 2195 (28.55%)
TRA non-functional: 20 (0.91%)
TRB chains: 690 (8.98%)
TRB non-functional: 0 (0%)
TRG chains: 96 (1.25%)
TRG non-functional: 0 (0%)
IGH chains: 1200 (15.61%)
IGH non-functional: 2 (0.17%)
TRAD chains: 19 (0.25%)
TRAD non-functional: 0 (0%)
IGK chains: 1104 (14.36%)
IGK non-functional: 0 (0%)
IGL chains: 2384 (31.01%)
IGL non-functional: 0 (0%)
Trimming report:
  R1 reads trimmed left: 2846244 (3.25%)
  R1 reads trimmed right: 2930455 (3.35%)
  Average R1 nucleotides trimmed left: 0.5523380484594648
  Average R1 nucleotides trimmed right: 0.5892205858263114
  R2 reads trimmed left: 2813091 (3.21%)
  R2 reads trimmed right: 2896049 (3.31%)
  Average R2 nucleotides trimmed left: 0.5458161974085927
  Average R2 nucleotides trimmed right: 0.5822132611424178

>>>>>>>>>>>>>>>>>> mixcr assemblePartial <<<<<<<<<<<<<<<<<<
Running:
mixcr assemblePartial --report /projects/rpci/songyao/pnfioric/arc_project/airr_calculation/tcr_quant/results/mixcr_RS-04036669.assemblePartial.report.txt --json-report /projects/rpci/songyao/pnfioric/arc_project/airr_calculation/tcr_quant/results/mixcr_RS-04036669.assemblePartial.report.json /projects/rpci/songyao/pnfioric/arc_project/airr_calculation/tcr_quant/results/mixcr_RS-04036669.alignments.vdjca /projects/rpci/songyao/pnfioric/arc_project/airr_calculation/tcr_quant/results/mixcr_RS-04036669.passembled.1.vdjca
Building index: 0%
Searching for overlaps: 0%
================= report: assemblePartial =================
Analysis time: 229ms
Total alignments analysed: 7688
Number of output alignments: 7688 (100%)
Alignments already with CDR3 (no overlapping is performed): 933 (12.14%)
Successfully overlapped alignments: 0 (0%)
Left parts with too small N-region (failed to extract k-mer): 1644 (21.38%)
Extracted k-mer diversity: 868
Dropped due to wildcard in k-mer: 0 (0%)
Dropped due to too short NRegion parts in overlap: 0 (0%)
Dropped overlaps with empty N region due to no complete NDN coverage: 0 (0%)
Number of left-side alignments: 1020 (13.27%)
Number of right-side alignments: 4091 (53.21%)
Complex overlaps: 0 (0%)
Over-overlaps: 0 (0%)
Partial alignments written to output: 6755 (87.86%)

>>>>>>>>>>>>>>>>>> mixcr assemblePartial <<<<<<<<<<<<<<<<<<
Running:
mixcr assemblePartial --report /projects/rpci/songyao/pnfioric/arc_project/airr_calculation/tcr_quant/results/mixcr_RS-04036669.assemblePartial.report.txt --json-report /projects/rpci/songyao/pnfioric/arc_project/airr_calculation/tcr_quant/results/mixcr_RS-04036669.assemblePartial.report.json /projects/rpci/songyao/pnfioric/arc_project/airr_calculation/tcr_quant/results/mixcr_RS-04036669.passembled.1.vdjca /projects/rpci/songyao/pnfioric/arc_project/airr_calculation/tcr_quant/results/mixcr_RS-04036669.passembled.2.vdjca
Building index: 0%
Searching for overlaps: 0%
================= report: assemblePartial =================
Analysis time: 122ms
Total alignments analysed: 7688
Number of output alignments: 7688 (100%)
Alignments already with CDR3 (no overlapping is performed): 933 (12.14%)
Successfully overlapped alignments: 0 (0%)
Left parts with too small N-region (failed to extract k-mer): 1644 (21.38%)
Extracted k-mer diversity: 868
Dropped due to wildcard in k-mer: 0 (0%)
Dropped due to too short NRegion parts in overlap: 0 (0%)
Dropped overlaps with empty N region due to no complete NDN coverage: 0 (0%)
Number of left-side alignments: 1020 (13.27%)
Number of right-side alignments: 4091 (53.21%)
Complex overlaps: 0 (0%)
Over-overlaps: 0 (0%)
Partial alignments written to output: 6755 (87.86%)

>>>>>>>>>>>>>>>>>>>>>>> mixcr extend <<<<<<<<<<<<<<<<<<<<<<<
Running:
mixcr extend --report /projects/rpci/songyao/pnfioric/arc_project/airr_calculation/tcr_quant/results/mixcr_RS-04036669.extend.report.txt --json-report /projects/rpci/songyao/pnfioric/arc_project/airr_calculation/tcr_quant/results/mixcr_RS-04036669.extend.report.json --threads 12 /projects/rpci/songyao/pnfioric/arc_project/airr_calculation/tcr_quant/results/mixcr_RS-04036669.passembled.2.vdjca /projects/rpci/songyao/pnfioric/arc_project/airr_calculation/tcr_quant/results/mixcr_RS-04036669.extended.vdjca
Extending alignments: 0%
====================== report: extend ======================
Analysis time: 95ms
Extended alignments count: 0 (0%)
V extensions total: 0 (0%)
V extensions with merged targets: 0 (0%)
J extensions total: 0 (0%)
J extensions with merged targets: 0 (0%)
V+J extensions: 0 (0%)
Mean V extension length: NaN
Mean J extension length: NaN

>>>>>>>>>>>>>>>>>>>>>> mixcr assemble <<<<<<<<<<<<<<<<<<<<<<
Running:
mixcr assemble --report /projects/rpci/songyao/pnfioric/arc_project/airr_calculation/tcr_quant/results/mixcr_RS-04036669.assemble.report.txt --json-report /projects/rpci/songyao/pnfioric/arc_project/airr_calculation/tcr_quant/results/mixcr_RS-04036669.assemble.report.json /projects/rpci/songyao/pnfioric/arc_project/airr_calculation/tcr_quant/results/mixcr_RS-04036669.extended.vdjca /projects/rpci/songyao/pnfioric/arc_project/airr_calculation/tcr_quant/results/mixcr_RS-04036669.clna
Initialization: progress unknown
Initialization: progress unknown
===================== report: assemble =====================
Analysis time: 483ms
Final clonotype count: 20
Reads used in clonotypes, percent of total: 889 (0%)
Average number of reads per clonotype: 44.45
Reads dropped due to the lack of a clone sequence, percent of total: 6797 (0.01%)
Reads dropped due to a too short clonal sequence, percent of total: 0 (0%)
Reads dropped due to low quality, percent of total: 0 (0%)
Reads dropped due to failed mapping, percent of total: 1 (0%)
Reads dropped with low quality clones, percent of total: 0 (0%)
Aligned reads processed: 891
Reads used in clonotypes before clustering, percent of total: 890 (0%)
Number of reads used as a core, percent of used: 888 (99.78%)
Mapped low quality reads, percent of used: 2 (0.22%)
Reads clustered in PCR error correction, percent of used: 1 (0.11%)
Reads pre-clustered due to the similar VJC-lists, percent of used: 0 (0%)
Clonotypes dropped as low quality: 0
Clonotypes eliminated by PCR error correction: 1
Clonotypes pre-clustered due to the similar VJC-lists: 0
Clones dropped in post filtering: 0 (0%)
Reads dropped in post filtering: 0.0 (0%)
Reads filtered by tag prefix: 0 (0%)
TRA chains: 3 (15%)
TRA non-functional: 2 (66.67%)
IGH chains: 9 (45%)
IGH non-functional: 1 (11.11%)
IGK chains: 2 (10%)
IGK non-functional: 0 (0%)
IGL chains: 6 (30%)
IGL non-functional: 0 (0%)

>>>>>>>>>>>>>>>>>> mixcr assembleContigs <<<<<<<<<<<<<<<<<<
Running:
mixcr assembleContigs --report /projects/rpci/songyao/pnfioric/arc_project/airr_calculation/tcr_quant/results/mixcr_RS-04036669.assembleContigs.report.txt --json-report /projects/rpci/songyao/pnfioric/arc_project/airr_calculation/tcr_quant/results/mixcr_RS-04036669.assembleContigs.report.json --threads 12 /projects/rpci/songyao/pnfioric/arc_project/airr_calculation/tcr_quant/results/mixcr_RS-04036669.clna /projects/rpci/songyao/pnfioric/arc_project/airr_calculation/tcr_quant/results/mixcr_RS-04036669.contigs.clns
Assembling contigs: 0%
================= report: assembleContigs =================
Analysis time: 290ms
Initial clonotype count: 20
Final clonotype count: 20 (100%)
Canceled assemblies: 0 (0%)
Clones filtered out after assemble: 0 (0%)
Number of premature termination assembly events, percent of number of initial clonotypes: 0.0 (0%)
Longest contig length: 145
Clustered variants: 0 (0%)
Reads in clustered variants: 0.0 (0%)
Reads in divided (newly created) clones: 0.0 (0%)
Clones with ambiguous letters in splitting region: 0 (0%)
Reads in clones with ambiguous letters in splitting region: 0.0 (0%)
Average number of ambiguous letters per clone with ambiguous letters in splitting region: NaN
Clones combined after clustering: 0 (0%)

>>>>>>>>>>>>>>>>>>>>>>>>> mixcr qc <<<<<<<<<<<<<<<<<<<<<<<<<
Running:
mixcr qc --print-to-stdout /projects/rpci/songyao/pnfioric/arc_project/airr_calculation/tcr_quant/results/mixcr_RS-04036669.contigs.clns /projects/rpci/songyao/pnfioric/arc_project/airr_calculation/tcr_quant/results/mixcr_RS-04036669.qc.txt /projects/rpci/songyao/pnfioric/arc_project/airr_calculation/tcr_quant/results/mixcr_RS-04036669.qc.json

  Alignments dropped due to low sequence quality: 0.0% [OK]

>>>>>>>>>>>>>>>>>>>> mixcr exportClones <<<<<<<<<<<<<<<<<<<<
Running:
mixcr exportClones /projects/rpci/songyao/pnfioric/arc_project/airr_calculation/tcr_quant/results/mixcr_RS-04036669.contigs.clns /projects/rpci/songyao/pnfioric/arc_project/airr_calculation/tcr_quant/results/mixcr_RS-04036669.clones.tsv
Analysis finished successfully.
===============================
Visualize results and simplify your immune data analysis with a convenient UI.
Explore and install Platforma.bio here: https://platforma.bio
