Exporting TRB
Exporting clones: 3%
Filtered 33 of 2611 clones (98.74%).
Filtered 57.0 of 18426.0 reads (99.69%).
Exporting TRA
Exporting clones: 2.2%
Filtered 46 of 2611 clones (98.24%).
Filtered 78.0 of 18426.0 reads (99.58%).
Exporting IGH
Exporting clones: 0.1%
Filtered 919 of 2611 clones (64.8%).
Filtered 6002.0 of 18426.0 reads (67.43%).
Exporting TRG
Exporting clones: 100%
Filtered 5 of 2611 clones (99.81%).
Filtered 7.0 of 18426.0 reads (99.96%).
Exporting IGL
Exporting clones: 0.7%
Filtered 573 of 2611 clones (78.05%).
Filtered 3777.0 of 18426.0 reads (79.5%).
Exporting IGK
Exporting clones: 0.1%
Filtered 1035 of 2611 clones (60.36%).
Filtered 8505.0 of 18426.0 reads (53.84%).
