Exporting TRA
Exporting clones: 25%
Filtered 4 of 232 clones (98.28%).
Filtered 9.0 of 574.0 reads (98.43%).
Exporting IGH
Exporting clones: 1.6%
Filtered 61 of 232 clones (73.71%).
Filtered 153.0 of 574.0 reads (73.34%).
Exporting TRG
Exporting clones: 100%
Filtered 1 of 232 clones (99.57%).
Filtered 3.0 of 574.0 reads (99.48%).
Exporting IGL
Exporting clones: 1.9%
Filtered 54 of 232 clones (76.72%).
Filtered 131.0 of 574.0 reads (77.18%).
Exporting IGK
Exporting clones: 0.9%
Filtered 112 of 232 clones (51.72%).
Filtered 278.0 of 574.0 reads (51.57%).
