Exporting TRB
Exporting clones: 100%
Filtered 1 of 272 clones (99.63%).
Filtered 3.0 of 795.0 reads (99.62%).
Exporting TRA
Exporting clones: 100%
Filtered 1 of 272 clones (99.63%).
Filtered 3.0 of 795.0 reads (99.62%).
Exporting IGH
Exporting clones: 1.3%
Filtered 78 of 272 clones (71.32%).
Filtered 218.0 of 795.0 reads (72.58%).
Exporting TRG
Exporting clones: 50%
Filtered 2 of 272 clones (99.26%).
Filtered 13.0 of 795.0 reads (98.36%).
Exporting IGL
Exporting clones: 1.4%
Filtered 74 of 272 clones (72.79%).
Filtered 241.0 of 795.0 reads (69.69%).
Exporting IGK
Exporting clones: 0.9%
Filtered 116 of 272 clones (57.35%).
Filtered 317.0 of 795.0 reads (60.13%).
