Exporting TRB
Exporting clones: 50%
Filtered 2 of 156 clones (98.72%).
Filtered 6.0 of 794.0 reads (99.24%).
Exporting TRA
Exporting clones: 33.3%
Filtered 3 of 156 clones (98.08%).
Filtered 6.0 of 794.0 reads (99.24%).
Exporting IGH
Exporting clones: 2.3%
Filtered 43 of 156 clones (72.44%).
Filtered 221.0 of 794.0 reads (72.17%).
Exporting TRG
Exporting clones: 50%
Filtered 2 of 156 clones (98.72%).
Filtered 40.0 of 794.0 reads (94.96%).
Exporting IGL
Exporting clones: 4.8%
Filtered 21 of 156 clones (86.54%).
Filtered 92.0 of 794.0 reads (88.41%).
Exporting IGK
Exporting clones: 1.2%
Filtered 85 of 156 clones (45.51%).
Filtered 429.0 of 794.0 reads (45.97%).
