Exporting TRB
Exporting clones: 11.1%
Filtered 9 of 311 clones (97.11%).
Filtered 17.0 of 897.0 reads (98.1%).
Exporting TRA
Exporting clones: 33.3%
Filtered 3 of 311 clones (99.04%).
Filtered 5.0 of 897.0 reads (99.44%).
Exporting IGH
Exporting clones: 1.2%
Filtered 86 of 311 clones (72.35%).
Filtered 213.0 of 897.0 reads (76.25%).
Exporting TRG
Exporting clones: 50%
Filtered 2 of 311 clones (99.36%).
Filtered 5.0 of 897.0 reads (99.44%).
Exporting IGL
Exporting clones: 1.3%
Filtered 76 of 311 clones (75.56%).
Filtered 244.0 of 897.0 reads (72.8%).
Exporting IGK
Exporting clones: 0.7%
Filtered 135 of 311 clones (56.59%).
Filtered 413.0 of 897.0 reads (53.96%).
