WARNING: sun.reflect.Reflection.getCallerClass is not supported. This will impact performance.

>>>>>>>>>>>>>>>>>>>>>>> mixcr align <<<<<<<<<<<<<<<<<<<<<<<
Running:
mixcr align --report /projects/rpci/songyao/pnfioric/arc_project/airr_calculation/tcr_quant/results/mixcr_RS-04378617.align.report.txt --json-report /projects/rpci/songyao/pnfioric/arc_project/airr_calculation/tcr_quant/results/mixcr_RS-04378617.align.report.json --threads 12 --preset rna-seq --save-output-file-names /projects/rpci/songyao/pnfioric/arc_project/airr_calculation/tcr_quant/results/mixcr_RS-04378617.align.list.tsv --species hsa /projects/rpci/songyao/pnfioric/arc_project/airr_calculation/fastq_files/RS-04378617/RS-04378617_PS01-2230-G_RS-04234184_S10_R1_001.fastq.gz /projects/rpci/songyao/pnfioric/arc_project/airr_calculation/fastq_files/RS-04378617/RS-04378617_PS01-2230-G_RS-04234184_S10_R2_001.fastq.gz /projects/rpci/songyao/pnfioric/arc_project/airr_calculation/tcr_quant/results/mixcr_RS-04378617.alignments.vdjca
Alignment: 0%
Alignment: 3.1%  ETA: 01:01:48
Alignment: 6.3%  ETA: 00:59:15
Alignment: 9.5%  ETA: 00:57:15
Alignment: 12.7%  ETA: 00:54:44
Alignment: 15.8%  ETA: 00:53:14
Alignment: 19%  ETA: 00:50:45
Alignment: 22.2%  ETA: 00:49:13
Alignment: 25.3%  ETA: 00:47:13
Alignment: 28.5%  ETA: 00:45:38
Alignment: 31.6%  ETA: 00:43:14
Alignment: 34.8%  ETA: 00:41:36
Alignment: 37.9%  ETA: 00:39:59
Alignment: 41%  ETA: 00:37:17
Alignment: 44.2%  ETA: 00:35:17
Alignment: 47.3%  ETA: 00:33:35
Alignment: 50.4%  ETA: 00:31:54
Alignment: 53.6%  ETA: 00:29:37
Alignment: 56.7%  ETA: 00:27:37
Alignment: 59.8%  ETA: 00:25:36
Alignment: 63%  ETA: 00:23:51
Alignment: 66.1%  ETA: 00:21:25
Alignment: 69.3%  ETA: 00:19:37
Alignment: 72.4%  ETA: 00:17:26
Alignment: 75.5%  ETA: 00:15:35
Alignment: 78.7%  ETA: 00:13:44
Alignment: 81.8%  ETA: 00:11:44
Alignment: 84.9%  ETA: 00:09:38
Alignment: 88.1%  ETA: 00:07:33
Alignment: 91.2%  ETA: 00:05:37
Alignment: 94.4%  ETA: 00:03:34
Alignment: 97.5%  ETA: 00:01:34
====================== report: align ======================
Analysis time: 63.62m
Total sequencing reads: 71970372
Successfully aligned reads: 988 (0%)
Coverage (percent of successfully aligned):
  CDR3: 148 (14.98%)
  FR3_TO_FR4: 0 (0%)
  CDR2_TO_FR4: 0 (0%)
  FR2_TO_FR4: 0 (0%)
  CDR1_TO_FR4: 0 (0%)
  VDJRegion: 0 (0%)
Alignment failed: no hits (not TCR/IG?): 70648736 (98.16%)
Alignment failed: no CDR3 parts: 8510 (0.01%)
Alignment failed: low total score: 1312138 (1.82%)
Overlapped: 56598569 (78.64%)
Overlapped and aligned: 968 (0%)
Overlapped and not aligned: 56597601 (78.64%)
Alignment-aided overlaps, percent of overlapped and aligned: 4 (0.41%)
No CDR3 parts alignments, percent of successfully aligned: 37 (3.74%)
Partial aligned reads, percent of successfully aligned: 803 (81.28%)
Realigned with forced non-floating bound: 30743614 (42.72%)
Realigned with forced non-floating right bound in left read: 241 (0%)
Realigned with forced non-floating left bound in right read: 241 (0%)
TRA chains: 264 (26.72%)
TRA non-functional: 0 (0%)
TRB chains: 91 (9.21%)
TRB non-functional: 0 (0%)
TRD chains: 9 (0.91%)
TRD non-functional: 0 (0%)
TRG chains: 13 (1.32%)
TRG non-functional: 0 (0%)
IGH chains: 180 (18.22%)
IGH non-functional: 0 (0%)
TRAD chains: 4 (0.4%)
TRAD non-functional: 0 (0%)
IGK chains: 171 (17.31%)
IGK non-functional: 0 (0%)
IGL chains: 256 (25.91%)
IGL non-functional: 0 (0%)
Trimming report:
  R1 reads trimmed left: 257791 (0.36%)
  R1 reads trimmed right: 263063 (0.37%)
  Average R1 nucleotides trimmed left: 0.060875091766928756
  Average R1 nucleotides trimmed right: 0.06490261020187585
  R2 reads trimmed left: 253165 (0.35%)
  R2 reads trimmed right: 257116 (0.36%)
  Average R2 nucleotides trimmed left: 0.05965986948073577
  Average R2 nucleotides trimmed right: 0.06345904395214186

>>>>>>>>>>>>>>>>>> mixcr assemblePartial <<<<<<<<<<<<<<<<<<
Running:
mixcr assemblePartial --report /projects/rpci/songyao/pnfioric/arc_project/airr_calculation/tcr_quant/results/mixcr_RS-04378617.assemblePartial.report.txt --json-report /projects/rpci/songyao/pnfioric/arc_project/airr_calculation/tcr_quant/results/mixcr_RS-04378617.assemblePartial.report.json /projects/rpci/songyao/pnfioric/arc_project/airr_calculation/tcr_quant/results/mixcr_RS-04378617.alignments.vdjca /projects/rpci/songyao/pnfioric/arc_project/airr_calculation/tcr_quant/results/mixcr_RS-04378617.passembled.1.vdjca
Building index: 0%
Searching for overlaps: 0.1%
================= report: assemblePartial =================
Analysis time: 188ms
Total alignments analysed: 988
Number of output alignments: 988 (100%)
Alignments already with CDR3 (no overlapping is performed): 170 (17.21%)
Successfully overlapped alignments: 0 (0%)
Left parts with too small N-region (failed to extract k-mer): 160 (16.19%)
Extracted k-mer diversity: 232
Dropped due to wildcard in k-mer: 0 (0%)
Dropped due to too short NRegion parts in overlap: 0 (0%)
Dropped overlaps with empty N region due to no complete NDN coverage: 0 (0%)
Number of left-side alignments: 49 (4.96%)
Number of right-side alignments: 609 (61.64%)
Complex overlaps: 0 (0%)
Over-overlaps: 0 (0%)
Partial alignments written to output: 818 (82.79%)

>>>>>>>>>>>>>>>>>> mixcr assemblePartial <<<<<<<<<<<<<<<<<<
Running:
mixcr assemblePartial --report /projects/rpci/songyao/pnfioric/arc_project/airr_calculation/tcr_quant/results/mixcr_RS-04378617.assemblePartial.report.txt --json-report /projects/rpci/songyao/pnfioric/arc_project/airr_calculation/tcr_quant/results/mixcr_RS-04378617.assemblePartial.report.json /projects/rpci/songyao/pnfioric/arc_project/airr_calculation/tcr_quant/results/mixcr_RS-04378617.passembled.1.vdjca /projects/rpci/songyao/pnfioric/arc_project/airr_calculation/tcr_quant/results/mixcr_RS-04378617.passembled.2.vdjca
Building index: 0%
Searching for overlaps: 0.9%
================= report: assemblePartial =================
Analysis time: 92ms
Total alignments analysed: 988
Number of output alignments: 988 (100%)
Alignments already with CDR3 (no overlapping is performed): 170 (17.21%)
Successfully overlapped alignments: 0 (0%)
Left parts with too small N-region (failed to extract k-mer): 160 (16.19%)
Extracted k-mer diversity: 232
Dropped due to wildcard in k-mer: 0 (0%)
Dropped due to too short NRegion parts in overlap: 0 (0%)
Dropped overlaps with empty N region due to no complete NDN coverage: 0 (0%)
Number of left-side alignments: 49 (4.96%)
Number of right-side alignments: 609 (61.64%)
Complex overlaps: 0 (0%)
Over-overlaps: 0 (0%)
Partial alignments written to output: 818 (82.79%)

>>>>>>>>>>>>>>>>>>>>>>> mixcr extend <<<<<<<<<<<<<<<<<<<<<<<
Running:
mixcr extend --report /projects/rpci/songyao/pnfioric/arc_project/airr_calculation/tcr_quant/results/mixcr_RS-04378617.extend.report.txt --json-report /projects/rpci/songyao/pnfioric/arc_project/airr_calculation/tcr_quant/results/mixcr_RS-04378617.extend.report.json --threads 12 /projects/rpci/songyao/pnfioric/arc_project/airr_calculation/tcr_quant/results/mixcr_RS-04378617.passembled.2.vdjca /projects/rpci/songyao/pnfioric/arc_project/airr_calculation/tcr_quant/results/mixcr_RS-04378617.extended.vdjca
Extending alignments: 0%
====================== report: extend ======================
Analysis time: 12ms
Extended alignments count: 0 (0%)
V extensions total: 0 (0%)
V extensions with merged targets: 0 (0%)
J extensions total: 0 (0%)
J extensions with merged targets: 0 (0%)
V+J extensions: 0 (0%)
Mean V extension length: NaN
Mean J extension length: NaN

>>>>>>>>>>>>>>>>>>>>>> mixcr assemble <<<<<<<<<<<<<<<<<<<<<<
Running:
mixcr assemble --report /projects/rpci/songyao/pnfioric/arc_project/airr_calculation/tcr_quant/results/mixcr_RS-04378617.assemble.report.txt --json-report /projects/rpci/songyao/pnfioric/arc_project/airr_calculation/tcr_quant/results/mixcr_RS-04378617.assemble.report.json /projects/rpci/songyao/pnfioric/arc_project/airr_calculation/tcr_quant/results/mixcr_RS-04378617.extended.vdjca /projects/rpci/songyao/pnfioric/arc_project/airr_calculation/tcr_quant/results/mixcr_RS-04378617.clna
Initialization: progress unknown
Initialization: progress unknown
===================== report: assemble =====================
Analysis time: 298ms
Final clonotype count: 20
Reads used in clonotypes, percent of total: 148 (0%)
Average number of reads per clonotype: 7.4
Reads dropped due to the lack of a clone sequence, percent of total: 840 (0%)
Reads dropped due to a too short clonal sequence, percent of total: 0 (0%)
Reads dropped due to low quality, percent of total: 0 (0%)
Reads dropped due to failed mapping, percent of total: 0 (0%)
Reads dropped with low quality clones, percent of total: 0 (0%)
Aligned reads processed: 148
Reads used in clonotypes before clustering, percent of total: 148 (0%)
Number of reads used as a core, percent of used: 145 (97.97%)
Mapped low quality reads, percent of used: 3 (2.03%)
Reads clustered in PCR error correction, percent of used: 0 (0%)
Reads pre-clustered due to the similar VJC-lists, percent of used: 0 (0%)
Clonotypes dropped as low quality: 0
Clonotypes eliminated by PCR error correction: 0
Clonotypes pre-clustered due to the similar VJC-lists: 0
Clones dropped in post filtering: 0 (0%)
Reads dropped in post filtering: 0.0 (0%)
Reads filtered by tag prefix: 0 (0%)
TRG chains: 1 (5%)
TRG non-functional: 0 (0%)
IGH chains: 9 (45%)
IGH non-functional: 0 (0%)
IGK chains: 7 (35%)
IGK non-functional: 0 (0%)
IGL chains: 3 (15%)
IGL non-functional: 0 (0%)

>>>>>>>>>>>>>>>>>> mixcr assembleContigs <<<<<<<<<<<<<<<<<<
Running:
mixcr assembleContigs --report /projects/rpci/songyao/pnfioric/arc_project/airr_calculation/tcr_quant/results/mixcr_RS-04378617.assembleContigs.report.txt --json-report /projects/rpci/songyao/pnfioric/arc_project/airr_calculation/tcr_quant/results/mixcr_RS-04378617.assembleContigs.report.json --threads 12 /projects/rpci/songyao/pnfioric/arc_project/airr_calculation/tcr_quant/results/mixcr_RS-04378617.clna /projects/rpci/songyao/pnfioric/arc_project/airr_calculation/tcr_quant/results/mixcr_RS-04378617.contigs.clns
Assembling contigs: 0%
================= report: assembleContigs =================
Analysis time: 137ms
Initial clonotype count: 20
Final clonotype count: 20 (100%)
Canceled assemblies: 0 (0%)
Clones filtered out after assemble: 0 (0%)
Number of premature termination assembly events, percent of number of initial clonotypes: 0.0 (0%)
Longest contig length: 185
Clustered variants: 0 (0%)
Reads in clustered variants: 0.0 (0%)
Reads in divided (newly created) clones: 0.0 (0%)
Clones with ambiguous letters in splitting region: 0 (0%)
Reads in clones with ambiguous letters in splitting region: 0.0 (0%)
Average number of ambiguous letters per clone with ambiguous letters in splitting region: NaN
Clones combined after clustering: 0 (0%)

>>>>>>>>>>>>>>>>>>>>>>>>> mixcr qc <<<<<<<<<<<<<<<<<<<<<<<<<
Running:
mixcr qc --print-to-stdout /projects/rpci/songyao/pnfioric/arc_project/airr_calculation/tcr_quant/results/mixcr_RS-04378617.contigs.clns /projects/rpci/songyao/pnfioric/arc_project/airr_calculation/tcr_quant/results/mixcr_RS-04378617.qc.txt /projects/rpci/songyao/pnfioric/arc_project/airr_calculation/tcr_quant/results/mixcr_RS-04378617.qc.json

  Alignments dropped due to low sequence quality: 0.0% [OK]

>>>>>>>>>>>>>>>>>>>> mixcr exportClones <<<<<<<<<<<<<<<<<<<<
Running:
mixcr exportClones /projects/rpci/songyao/pnfioric/arc_project/airr_calculation/tcr_quant/results/mixcr_RS-04378617.contigs.clns /projects/rpci/songyao/pnfioric/arc_project/airr_calculation/tcr_quant/results/mixcr_RS-04378617.clones.tsv
Analysis finished successfully.
===============================
Visualize results and simplify your immune data analysis with a convenient UI.
Explore and install Platforma.bio here: https://platforma.bio
