Exporting TRB
Exporting clones: 50%
Filtered 2 of 303 clones (99.34%).
Filtered 21.0 of 3514.0 reads (99.4%).
Exporting TRA
Exporting clones: 66.7%
Filtered 3 of 303 clones (99.01%).
Filtered 17.0 of 3514.0 reads (99.52%).
Exporting IGH
Exporting clones: 1.2%
Filtered 81 of 303 clones (73.27%).
Filtered 611.0 of 3514.0 reads (82.61%).
Exporting TRG
Filtered 1 of 303 clones (99.67%).
Filtered 3.0 of 3514.0 reads (99.91%).
Exporting IGL
Exporting clones: 3.7%
Filtered 54 of 303 clones (82.18%).
Filtered 773.0 of 3514.0 reads (78%).
Exporting IGK
Exporting clones: 0.6%
Filtered 162 of 303 clones (46.53%).
Filtered 2089.0 of 3514.0 reads (40.55%).
