Exporting TRB
Exporting clones: 100%
Filtered 1 of 75 clones (98.67%).
Filtered 2.0 of 149.0 reads (98.66%).
Exporting TRA
Exporting clones: 25%
Filtered 4 of 75 clones (94.67%).
Filtered 7.0 of 149.0 reads (95.3%).
Exporting IGH
Exporting clones: 11.1%
Filtered 9 of 75 clones (88%).
Filtered 22.0 of 149.0 reads (85.23%).
Exporting IGL
Exporting clones: 5.3%
Filtered 19 of 75 clones (74.67%).
Filtered 42.0 of 149.0 reads (71.81%).
Exporting IGK
Exporting clones: 2.4%
Filtered 42 of 75 clones (44%).
Filtered 76.0 of 149.0 reads (48.99%).
