WARNING: sun.reflect.Reflection.getCallerClass is not supported. This will impact performance.

>>>>>>>>>>>>>>>>>>>>>>> mixcr align <<<<<<<<<<<<<<<<<<<<<<<
Running:
mixcr align --report /projects/rpci/songyao/pnfioric/arc_project/airr_calculation/tcr_quant/results/mixcr_RS-04378751.align.report.txt --json-report /projects/rpci/songyao/pnfioric/arc_project/airr_calculation/tcr_quant/results/mixcr_RS-04378751.align.report.json --threads 12 --preset rna-seq --save-output-file-names /projects/rpci/songyao/pnfioric/arc_project/airr_calculation/tcr_quant/results/mixcr_RS-04378751.align.list.tsv --species hsa /projects/rpci/songyao/pnfioric/arc_project/airr_calculation/fastq_files/RS-04378751/RS-04378751_SF-12-00686-B5_RS-02735294_S144_R1_001.fastq.gz /projects/rpci/songyao/pnfioric/arc_project/airr_calculation/fastq_files/RS-04378751/RS-04378751_SF-12-00686-B5_RS-02735294_S144_R2_001.fastq.gz /projects/rpci/songyao/pnfioric/arc_project/airr_calculation/tcr_quant/results/mixcr_RS-04378751.alignments.vdjca
Alignment: 0%
Alignment: 4.3%  ETA: 00:44:55
Alignment: 8.6%  ETA: 00:42:34
Alignment: 12.8%  ETA: 00:40:54
Alignment: 17.1%  ETA: 00:38:17
Alignment: 21.5%  ETA: 00:36:17
Alignment: 25.8%  ETA: 00:34:17
Alignment: 30%  ETA: 00:33:04
Alignment: 34.3%  ETA: 00:31:04
Alignment: 38.5%  ETA: 00:28:50
Alignment: 42.8%  ETA: 00:26:37
Alignment: 47.1%  ETA: 00:24:49
Alignment: 51.3%  ETA: 00:23:00
Alignment: 55.6%  ETA: 00:21:00
Alignment: 59.8%  ETA: 00:18:51
Alignment: 64%  ETA: 00:17:08
Alignment: 68.3%  ETA: 00:14:53
Alignment: 72.6%  ETA: 00:12:46
Alignment: 76.8%  ETA: 00:10:57
Alignment: 81%  ETA: 00:08:57
Alignment: 85.3%  ETA: 00:06:57
Alignment: 89.5%  ETA: 00:04:54
Alignment: 93.8%  ETA: 00:02:54
Alignment: 98.1%  ETA: 00:00:53
====================== report: align ======================
Analysis time: 46.95m
Total sequencing reads: 59904285
Successfully aligned reads: 23833 (0.04%)
Coverage (percent of successfully aligned):
  CDR3: 8714 (36.56%)
  FR3_TO_FR4: 79 (0.33%)
  CDR2_TO_FR4: 29 (0.12%)
  FR2_TO_FR4: 1 (0%)
  CDR1_TO_FR4: 3 (0.01%)
  VDJRegion: 3 (0.01%)
Alignment failed: no hits (not TCR/IG?): 58605137 (97.83%)
Alignment failed: no CDR3 parts: 46049 (0.08%)
Alignment failed: low total score: 1229266 (2.05%)
Overlapped: 53873060 (89.93%)
Overlapped and aligned: 22789 (0.04%)
Overlapped and not aligned: 53850271 (89.89%)
Alignment-aided overlaps, percent of overlapped and aligned: 483 (2.12%)
No CDR3 parts alignments, percent of successfully aligned: 284 (1.19%)
Partial aligned reads, percent of successfully aligned: 14835 (62.25%)
V gene chimeras: 5 (0%)
Paired-end alignment conflicts eliminated: 1 (0%)
Realigned with forced non-floating bound: 12063416 (20.14%)
Realigned with forced non-floating right bound in left read: 539 (0%)
Realigned with forced non-floating left bound in right read: 539 (0%)
TRA chains: 549 (2.3%)
TRA non-functional: 5 (0.91%)
TRB chains: 265 (1.11%)
TRB non-functional: 2 (0.75%)
TRD chains: 4 (0.02%)
TRD non-functional: 0 (0%)
TRG chains: 51 (0.21%)
TRG non-functional: 12 (23.53%)
IGH chains: 7944 (33.33%)
IGH non-functional: 15 (0.19%)
TRAD chains: 43 (0.18%)
TRAD non-functional: 0 (0%)
IGK chains: 7012 (29.42%)
IGK non-functional: 146 (2.08%)
IGL chains: 7965 (33.42%)
IGL non-functional: 5 (0.06%)
Trimming report:
  R1 reads trimmed left: 32833 (0.05%)
  R1 reads trimmed right: 34643 (0.06%)
  Average R1 nucleotides trimmed left: 0.009298166233016552
  Average R1 nucleotides trimmed right: 0.010077142227805574
  R2 reads trimmed left: 32906 (0.05%)
  R2 reads trimmed right: 33428 (0.06%)
  Average R2 nucleotides trimmed left: 0.00919059462941591
  Average R2 nucleotides trimmed right: 0.00979582679269104

>>>>>>>>>>>>>>>>>> mixcr assemblePartial <<<<<<<<<<<<<<<<<<
Running:
mixcr assemblePartial --report /projects/rpci/songyao/pnfioric/arc_project/airr_calculation/tcr_quant/results/mixcr_RS-04378751.assemblePartial.report.txt --json-report /projects/rpci/songyao/pnfioric/arc_project/airr_calculation/tcr_quant/results/mixcr_RS-04378751.assemblePartial.report.json /projects/rpci/songyao/pnfioric/arc_project/airr_calculation/tcr_quant/results/mixcr_RS-04378751.alignments.vdjca /projects/rpci/songyao/pnfioric/arc_project/airr_calculation/tcr_quant/results/mixcr_RS-04378751.passembled.1.vdjca
Building index: 0%
Searching for overlaps: 0%
================= report: assemblePartial =================
Analysis time: 980ms
Total alignments analysed: 23833
Number of output alignments: 23580 (98.94%)
Alignments already with CDR3 (no overlapping is performed): 9084 (38.12%)
Successfully overlapped alignments: 253 (1.06%)
Left parts with too small N-region (failed to extract k-mer): 6303 (26.45%)
Extracted k-mer diversity: 8864
Dropped due to wildcard in k-mer: 0 (0%)
Dropped due to too short NRegion parts in overlap: 274 (1.15%)
Dropped overlaps with empty N region due to no complete NDN coverage: 10 (0.04%)
Number of left-side alignments: 2329 (9.77%)
Number of right-side alignments: 6193 (25.98%)
Complex overlaps: 0 (0%)
Over-overlaps: 0 (0%)
Partial alignments written to output: 14243 (59.76%)

>>>>>>>>>>>>>>>>>> mixcr assemblePartial <<<<<<<<<<<<<<<<<<
Running:
mixcr assemblePartial --report /projects/rpci/songyao/pnfioric/arc_project/airr_calculation/tcr_quant/results/mixcr_RS-04378751.assemblePartial.report.txt --json-report /projects/rpci/songyao/pnfioric/arc_project/airr_calculation/tcr_quant/results/mixcr_RS-04378751.assemblePartial.report.json /projects/rpci/songyao/pnfioric/arc_project/airr_calculation/tcr_quant/results/mixcr_RS-04378751.passembled.1.vdjca /projects/rpci/songyao/pnfioric/arc_project/airr_calculation/tcr_quant/results/mixcr_RS-04378751.passembled.2.vdjca
Building index: 0%
Searching for overlaps: 0%
================= report: assemblePartial =================
Analysis time: 505ms
Total alignments analysed: 23580
Number of output alignments: 23580 (100%)
Alignments already with CDR3 (no overlapping is performed): 9337 (39.6%)
Successfully overlapped alignments: 0 (0%)
Left parts with too small N-region (failed to extract k-mer): 6296 (26.7%)
Extracted k-mer diversity: 8454
Dropped due to wildcard in k-mer: 0 (0%)
Dropped due to too short NRegion parts in overlap: 247 (1.05%)
Dropped overlaps with empty N region due to no complete NDN coverage: 10 (0.04%)
Number of left-side alignments: 2074 (8.8%)
Number of right-side alignments: 5940 (25.19%)
Complex overlaps: 0 (0%)
Over-overlaps: 0 (0%)
Partial alignments written to output: 14243 (60.4%)

>>>>>>>>>>>>>>>>>>>>>>> mixcr extend <<<<<<<<<<<<<<<<<<<<<<<
Running:
mixcr extend --report /projects/rpci/songyao/pnfioric/arc_project/airr_calculation/tcr_quant/results/mixcr_RS-04378751.extend.report.txt --json-report /projects/rpci/songyao/pnfioric/arc_project/airr_calculation/tcr_quant/results/mixcr_RS-04378751.extend.report.json --threads 12 /projects/rpci/songyao/pnfioric/arc_project/airr_calculation/tcr_quant/results/mixcr_RS-04378751.passembled.2.vdjca /projects/rpci/songyao/pnfioric/arc_project/airr_calculation/tcr_quant/results/mixcr_RS-04378751.extended.vdjca
Extending alignments: 0%
====================== report: extend ======================
Analysis time: 257ms
Extended alignments count: 10 (0.04%)
V extensions total: 0 (0%)
V extensions with merged targets: 0 (0%)
J extensions total: 10 (0.04%)
J extensions with merged targets: 0 (0%)
V+J extensions: 0 (0%)
Mean V extension length: NaN
Mean J extension length: 15.0

>>>>>>>>>>>>>>>>>>>>>> mixcr assemble <<<<<<<<<<<<<<<<<<<<<<
Running:
mixcr assemble --report /projects/rpci/songyao/pnfioric/arc_project/airr_calculation/tcr_quant/results/mixcr_RS-04378751.assemble.report.txt --json-report /projects/rpci/songyao/pnfioric/arc_project/airr_calculation/tcr_quant/results/mixcr_RS-04378751.assemble.report.json /projects/rpci/songyao/pnfioric/arc_project/airr_calculation/tcr_quant/results/mixcr_RS-04378751.extended.vdjca /projects/rpci/songyao/pnfioric/arc_project/airr_calculation/tcr_quant/results/mixcr_RS-04378751.clna
Initialization: progress unknown
Building clones: 62.9%
Initialization: progress unknown
Writing alignments: 78.7%
===================== report: assemble =====================
Analysis time: 1.69s
Final clonotype count: 1311
Reads used in clonotypes, percent of total: 8999 (0.02%)
Average number of reads per clonotype: 6.86
Reads dropped due to the lack of a clone sequence, percent of total: 14603 (0.02%)
Reads dropped due to a too short clonal sequence, percent of total: 0 (0%)
Reads dropped due to low quality, percent of total: 0 (0%)
Reads dropped due to failed mapping, percent of total: 102 (0%)
Reads dropped with low quality clones, percent of total: 0 (0%)
Aligned reads processed: 9230
Reads used in clonotypes before clustering, percent of total: 9128 (0.02%)
Number of reads used as a core, percent of used: 9058 (99.23%)
Mapped low quality reads, percent of used: 70 (0.77%)
Reads clustered in PCR error correction, percent of used: 129 (1.41%)
Reads pre-clustered due to the similar VJC-lists, percent of used: 0 (0%)
Clonotypes dropped as low quality: 0
Clonotypes eliminated by PCR error correction: 91
Clonotypes pre-clustered due to the similar VJC-lists: 0
Clones dropped in post filtering: 0 (0%)
Reads dropped in post filtering: 0.0 (0%)
Reads filtered by tag prefix: 0 (0%)
TRA chains: 17 (1.3%)
TRA non-functional: 3 (17.65%)
TRB chains: 22 (1.68%)
TRB non-functional: 1 (4.55%)
TRG chains: 5 (0.38%)
TRG non-functional: 4 (80%)
IGH chains: 462 (35.24%)
IGH non-functional: 7 (1.52%)
IGK chains: 561 (42.79%)
IGK non-functional: 55 (9.8%)
IGL chains: 244 (18.61%)
IGL non-functional: 5 (2.05%)

>>>>>>>>>>>>>>>>>> mixcr assembleContigs <<<<<<<<<<<<<<<<<<
Running:
mixcr assembleContigs --report /projects/rpci/songyao/pnfioric/arc_project/airr_calculation/tcr_quant/results/mixcr_RS-04378751.assembleContigs.report.txt --json-report /projects/rpci/songyao/pnfioric/arc_project/airr_calculation/tcr_quant/results/mixcr_RS-04378751.assembleContigs.report.json --threads 12 /projects/rpci/songyao/pnfioric/arc_project/airr_calculation/tcr_quant/results/mixcr_RS-04378751.clna /projects/rpci/songyao/pnfioric/arc_project/airr_calculation/tcr_quant/results/mixcr_RS-04378751.contigs.clns
Assembling contigs: 0%
================= report: assembleContigs =================
Analysis time: 943ms
Initial clonotype count: 1311
Final clonotype count: 1311 (100%)
Canceled assemblies: 0 (0%)
Clones filtered out after assemble: 0 (0%)
Number of premature termination assembly events, percent of number of initial clonotypes: 0.0 (0%)
Longest contig length: 421
Clustered variants: 0 (0%)
Reads in clustered variants: 0.0 (0%)
Reads in divided (newly created) clones: 0.0 (0%)
Clones with ambiguous letters in splitting region: 0 (0%)
Reads in clones with ambiguous letters in splitting region: 0.0 (0%)
Average number of ambiguous letters per clone with ambiguous letters in splitting region: NaN
Clones combined after clustering: 0 (0%)

>>>>>>>>>>>>>>>>>>>>>>>>> mixcr qc <<<<<<<<<<<<<<<<<<<<<<<<<
Running:
mixcr qc --print-to-stdout /projects/rpci/songyao/pnfioric/arc_project/airr_calculation/tcr_quant/results/mixcr_RS-04378751.contigs.clns /projects/rpci/songyao/pnfioric/arc_project/airr_calculation/tcr_quant/results/mixcr_RS-04378751.qc.txt /projects/rpci/songyao/pnfioric/arc_project/airr_calculation/tcr_quant/results/mixcr_RS-04378751.qc.json

  Alignments dropped due to low sequence quality: 0.0% [OK]

>>>>>>>>>>>>>>>>>>>> mixcr exportClones <<<<<<<<<<<<<<<<<<<<
Running:
mixcr exportClones /projects/rpci/songyao/pnfioric/arc_project/airr_calculation/tcr_quant/results/mixcr_RS-04378751.contigs.clns /projects/rpci/songyao/pnfioric/arc_project/airr_calculation/tcr_quant/results/mixcr_RS-04378751.clones.tsv
Analysis finished successfully.
===============================
Visualize results and simplify your immune data analysis with a convenient UI.
Explore and install Platforma.bio here: https://platforma.bio
