WARNING: sun.reflect.Reflection.getCallerClass is not supported. This will impact performance.

>>>>>>>>>>>>>>>>>>>>>>> mixcr align <<<<<<<<<<<<<<<<<<<<<<<
Running:
mixcr align --report /projects/rpci/songyao/pnfioric/arc_project/airr_calculation/tcr_quant/results/mixcr_RS-04367439.align.report.txt --json-report /projects/rpci/songyao/pnfioric/arc_project/airr_calculation/tcr_quant/results/mixcr_RS-04367439.align.report.json --threads 12 --preset rna-seq --save-output-file-names /projects/rpci/songyao/pnfioric/arc_project/airr_calculation/tcr_quant/results/mixcr_RS-04367439.align.list.tsv --species hsa /projects/rpci/songyao/pnfioric/arc_project/airr_calculation/fastq_files/RS-04367439/RS-04367439_95-13922-4_RS-04128335_S105_R1_001.fastq.gz /projects/rpci/songyao/pnfioric/arc_project/airr_calculation/fastq_files/RS-04367439/RS-04367439_95-13922-4_RS-04128335_S105_R2_001.fastq.gz /projects/rpci/songyao/pnfioric/arc_project/airr_calculation/tcr_quant/results/mixcr_RS-04367439.alignments.vdjca
Alignment: 0%
Alignment: 3.2%  ETA: 01:00:18
Alignment: 6.4%  ETA: 00:58:49
Alignment: 9.6%  ETA: 00:56:19
Alignment: 12.8%  ETA: 00:53:49
Alignment: 16%  ETA: 00:52:46
Alignment: 19.2%  ETA: 00:50:45
Alignment: 22.4%  ETA: 00:48:20
Alignment: 25.6%  ETA: 00:46:44
Alignment: 28.8%  ETA: 00:45:09
Alignment: 31.9%  ETA: 00:43:09
Alignment: 35.1%  ETA: 00:40:25
Alignment: 38.3%  ETA: 00:39:29
Alignment: 41.4%  ETA: 00:37:08
Alignment: 44.5%  ETA: 00:35:28
Alignment: 47.7%  ETA: 00:32:51
Alignment: 50.8%  ETA: 00:31:26
Alignment: 54%  ETA: 00:29:26
Alignment: 57.1%  ETA: 00:27:26
Alignment: 60.2%  ETA: 00:25:25
Alignment: 63.3%  ETA: 00:23:39
Alignment: 66.4%  ETA: 00:21:39
Alignment: 69.6%  ETA: 00:19:16
Alignment: 72.6%  ETA: 00:17:59
Alignment: 75.8%  ETA: 00:15:30
Alignment: 78.9%  ETA: 00:13:38
Alignment: 82%  ETA: 00:11:24
Alignment: 85.2%  ETA: 00:09:18
Alignment: 88.4%  ETA: 00:07:18
Alignment: 91.4%  ETA: 00:05:34
Alignment: 94.6%  ETA: 00:03:25
Alignment: 97.8%  ETA: 00:01:21
====================== report: align ======================
Analysis time: 63.42m
Total sequencing reads: 70441116
Successfully aligned reads: 2421 (0%)
Coverage (percent of successfully aligned):
  CDR3: 197 (8.14%)
  FR3_TO_FR4: 7 (0.29%)
  CDR2_TO_FR4: 0 (0%)
  FR2_TO_FR4: 0 (0%)
  CDR1_TO_FR4: 0 (0%)
  VDJRegion: 2 (0.08%)
Alignment failed: no hits (not TCR/IG?): 68964388 (97.9%)
Alignment failed: no CDR3 parts: 14910 (0.02%)
Alignment failed: low total score: 1459397 (2.07%)
Overlapped: 58611148 (83.21%)
Overlapped and aligned: 2263 (0%)
Overlapped and not aligned: 58608885 (83.2%)
Alignment-aided overlaps, percent of overlapped and aligned: 25 (1.1%)
No CDR3 parts alignments, percent of successfully aligned: 36 (1.49%)
Partial aligned reads, percent of successfully aligned: 2188 (90.38%)
Realigned with forced non-floating bound: 23659986 (33.59%)
Realigned with forced non-floating right bound in left read: 538 (0%)
Realigned with forced non-floating left bound in right read: 538 (0%)
TRA chains: 1134 (46.84%)
TRA non-functional: 0 (0%)
TRB chains: 190 (7.85%)
TRB non-functional: 1 (0.53%)
TRD chains: 5 (0.21%)
TRD non-functional: 0 (0%)
TRG chains: 38 (1.57%)
TRG non-functional: 0 (0%)
IGH chains: 277 (11.44%)
IGH non-functional: 2 (0.72%)
IGK chains: 221 (9.13%)
IGK non-functional: 2 (0.9%)
IGL chains: 556 (22.97%)
IGL non-functional: 3 (0.54%)
Trimming report:
  R1 reads trimmed left: 69886 (0.1%)
  R1 reads trimmed right: 72686 (0.1%)
  Average R1 nucleotides trimmed left: 0.016865902578829105
  Average R1 nucleotides trimmed right: 0.018112603440297567
  R2 reads trimmed left: 71458 (0.1%)
  R2 reads trimmed right: 73971 (0.11%)
  Average R2 nucleotides trimmed left: 0.016794140513049224
  Average R2 nucleotides trimmed right: 0.019075478588385795

>>>>>>>>>>>>>>>>>> mixcr assemblePartial <<<<<<<<<<<<<<<<<<
Running:
mixcr assemblePartial --report /projects/rpci/songyao/pnfioric/arc_project/airr_calculation/tcr_quant/results/mixcr_RS-04367439.assemblePartial.report.txt --json-report /projects/rpci/songyao/pnfioric/arc_project/airr_calculation/tcr_quant/results/mixcr_RS-04367439.assemblePartial.report.json /projects/rpci/songyao/pnfioric/arc_project/airr_calculation/tcr_quant/results/mixcr_RS-04367439.alignments.vdjca /projects/rpci/songyao/pnfioric/arc_project/airr_calculation/tcr_quant/results/mixcr_RS-04367439.passembled.1.vdjca
Building index: 0%
Searching for overlaps: 0%
================= report: assemblePartial =================
Analysis time: 233ms
Total alignments analysed: 2421
Number of output alignments: 2420 (99.96%)
Alignments already with CDR3 (no overlapping is performed): 215 (8.88%)
Successfully overlapped alignments: 1 (0.04%)
Left parts with too small N-region (failed to extract k-mer): 315 (13.01%)
Extracted k-mer diversity: 1471
Dropped due to wildcard in k-mer: 0 (0%)
Dropped due to too short NRegion parts in overlap: 0 (0%)
Dropped overlaps with empty N region due to no complete NDN coverage: 0 (0%)
Number of left-side alignments: 300 (12.39%)
Number of right-side alignments: 1591 (65.72%)
Complex overlaps: 0 (0%)
Over-overlaps: 0 (0%)
Partial alignments written to output: 2204 (91.04%)

>>>>>>>>>>>>>>>>>> mixcr assemblePartial <<<<<<<<<<<<<<<<<<
Running:
mixcr assemblePartial --report /projects/rpci/songyao/pnfioric/arc_project/airr_calculation/tcr_quant/results/mixcr_RS-04367439.assemblePartial.report.txt --json-report /projects/rpci/songyao/pnfioric/arc_project/airr_calculation/tcr_quant/results/mixcr_RS-04367439.assemblePartial.report.json /projects/rpci/songyao/pnfioric/arc_project/airr_calculation/tcr_quant/results/mixcr_RS-04367439.passembled.1.vdjca /projects/rpci/songyao/pnfioric/arc_project/airr_calculation/tcr_quant/results/mixcr_RS-04367439.passembled.2.vdjca
Building index: 0%
Searching for overlaps: 0%
================= report: assemblePartial =================
Analysis time: 82ms
Total alignments analysed: 2420
Number of output alignments: 2420 (100%)
Alignments already with CDR3 (no overlapping is performed): 216 (8.93%)
Successfully overlapped alignments: 0 (0%)
Left parts with too small N-region (failed to extract k-mer): 315 (13.02%)
Extracted k-mer diversity: 1465
Dropped due to wildcard in k-mer: 0 (0%)
Dropped due to too short NRegion parts in overlap: 0 (0%)
Dropped overlaps with empty N region due to no complete NDN coverage: 0 (0%)
Number of left-side alignments: 299 (12.36%)
Number of right-side alignments: 1590 (65.7%)
Complex overlaps: 0 (0%)
Over-overlaps: 0 (0%)
Partial alignments written to output: 2204 (91.07%)

>>>>>>>>>>>>>>>>>>>>>>> mixcr extend <<<<<<<<<<<<<<<<<<<<<<<
Running:
mixcr extend --report /projects/rpci/songyao/pnfioric/arc_project/airr_calculation/tcr_quant/results/mixcr_RS-04367439.extend.report.txt --json-report /projects/rpci/songyao/pnfioric/arc_project/airr_calculation/tcr_quant/results/mixcr_RS-04367439.extend.report.json --threads 12 /projects/rpci/songyao/pnfioric/arc_project/airr_calculation/tcr_quant/results/mixcr_RS-04367439.passembled.2.vdjca /projects/rpci/songyao/pnfioric/arc_project/airr_calculation/tcr_quant/results/mixcr_RS-04367439.extended.vdjca
Extending alignments: 0%
====================== report: extend ======================
Analysis time: 25ms
Extended alignments count: 7 (0.29%)
V extensions total: 0 (0%)
V extensions with merged targets: 0 (0%)
J extensions total: 7 (0.29%)
J extensions with merged targets: 0 (0%)
V+J extensions: 0 (0%)
Mean V extension length: NaN
Mean J extension length: 11.428571428571429

>>>>>>>>>>>>>>>>>>>>>> mixcr assemble <<<<<<<<<<<<<<<<<<<<<<
Running:
mixcr assemble --report /projects/rpci/songyao/pnfioric/arc_project/airr_calculation/tcr_quant/results/mixcr_RS-04367439.assemble.report.txt --json-report /projects/rpci/songyao/pnfioric/arc_project/airr_calculation/tcr_quant/results/mixcr_RS-04367439.assemble.report.json /projects/rpci/songyao/pnfioric/arc_project/airr_calculation/tcr_quant/results/mixcr_RS-04367439.extended.vdjca /projects/rpci/songyao/pnfioric/arc_project/airr_calculation/tcr_quant/results/mixcr_RS-04367439.clna
Initialization: progress unknown
Initialization: progress unknown
===================== report: assemble =====================
Analysis time: 431ms
Final clonotype count: 92
Reads used in clonotypes, percent of total: 204 (0%)
Average number of reads per clonotype: 2.22
Reads dropped due to the lack of a clone sequence, percent of total: 2215 (0%)
Reads dropped due to a too short clonal sequence, percent of total: 0 (0%)
Reads dropped due to low quality, percent of total: 0 (0%)
Reads dropped due to failed mapping, percent of total: 2 (0%)
Reads dropped with low quality clones, percent of total: 0 (0%)
Aligned reads processed: 206
Reads used in clonotypes before clustering, percent of total: 204 (0%)
Number of reads used as a core, percent of used: 204 (100%)
Mapped low quality reads, percent of used: 0 (0%)
Reads clustered in PCR error correction, percent of used: 0 (0%)
Reads pre-clustered due to the similar VJC-lists, percent of used: 0 (0%)
Clonotypes dropped as low quality: 0
Clonotypes eliminated by PCR error correction: 0
Clonotypes pre-clustered due to the similar VJC-lists: 0
Clones dropped in post filtering: 0 (0%)
Reads dropped in post filtering: 0.0 (0%)
Reads filtered by tag prefix: 0 (0%)
TRA chains: 8 (8.7%)
TRA non-functional: 1 (12.5%)
TRB chains: 4 (4.35%)
TRB non-functional: 1 (25%)
TRG chains: 2 (2.17%)
TRG non-functional: 0 (0%)
IGH chains: 17 (18.48%)
IGH non-functional: 1 (5.88%)
IGK chains: 35 (38.04%)
IGK non-functional: 2 (5.71%)
IGL chains: 26 (28.26%)
IGL non-functional: 1 (3.85%)

>>>>>>>>>>>>>>>>>> mixcr assembleContigs <<<<<<<<<<<<<<<<<<
Running:
mixcr assembleContigs --report /projects/rpci/songyao/pnfioric/arc_project/airr_calculation/tcr_quant/results/mixcr_RS-04367439.assembleContigs.report.txt --json-report /projects/rpci/songyao/pnfioric/arc_project/airr_calculation/tcr_quant/results/mixcr_RS-04367439.assembleContigs.report.json --threads 12 /projects/rpci/songyao/pnfioric/arc_project/airr_calculation/tcr_quant/results/mixcr_RS-04367439.clna /projects/rpci/songyao/pnfioric/arc_project/airr_calculation/tcr_quant/results/mixcr_RS-04367439.contigs.clns
Assembling contigs: 0%
================= report: assembleContigs =================
Analysis time: 200ms
Initial clonotype count: 92
Final clonotype count: 92 (100%)
Canceled assemblies: 0 (0%)
Clones filtered out after assemble: 0 (0%)
Number of premature termination assembly events, percent of number of initial clonotypes: 0.0 (0%)
Longest contig length: 305
Clustered variants: 0 (0%)
Reads in clustered variants: 0.0 (0%)
Reads in divided (newly created) clones: 0.0 (0%)
Clones with ambiguous letters in splitting region: 0 (0%)
Reads in clones with ambiguous letters in splitting region: 0.0 (0%)
Average number of ambiguous letters per clone with ambiguous letters in splitting region: NaN
Clones combined after clustering: 0 (0%)

>>>>>>>>>>>>>>>>>>>>>>>>> mixcr qc <<<<<<<<<<<<<<<<<<<<<<<<<
Running:
mixcr qc --print-to-stdout /projects/rpci/songyao/pnfioric/arc_project/airr_calculation/tcr_quant/results/mixcr_RS-04367439.contigs.clns /projects/rpci/songyao/pnfioric/arc_project/airr_calculation/tcr_quant/results/mixcr_RS-04367439.qc.txt /projects/rpci/songyao/pnfioric/arc_project/airr_calculation/tcr_quant/results/mixcr_RS-04367439.qc.json

  Alignments dropped due to low sequence quality: 0.0% [OK]

>>>>>>>>>>>>>>>>>>>> mixcr exportClones <<<<<<<<<<<<<<<<<<<<
Running:
mixcr exportClones /projects/rpci/songyao/pnfioric/arc_project/airr_calculation/tcr_quant/results/mixcr_RS-04367439.contigs.clns /projects/rpci/songyao/pnfioric/arc_project/airr_calculation/tcr_quant/results/mixcr_RS-04367439.clones.tsv
Analysis finished successfully.
===============================
Visualize results and simplify your immune data analysis with a convenient UI.
Explore and install Platforma.bio here: https://platforma.bio
