Exporting TRB
Exporting clones: 20%
Filtered 5 of 394 clones (98.73%).
Filtered 7.0 of 901.0 reads (99.22%).
Exporting TRA
Exporting clones: 50%
Filtered 2 of 394 clones (99.49%).
Filtered 2.0 of 901.0 reads (99.78%).
Exporting IGH
Exporting clones: 1.1%
Filtered 87 of 394 clones (77.92%).
Filtered 186.0 of 901.0 reads (79.36%).
Exporting TRG
Exporting clones: 100%
Filtered 1 of 394 clones (99.75%).
Filtered 2.0 of 901.0 reads (99.78%).
Exporting IGL
Exporting clones: 1.1%
Filtered 94 of 394 clones (76.14%).
Filtered 225.0 of 901.0 reads (75.03%).
Exporting IGK
Exporting clones: 0.5%
Filtered 205 of 394 clones (47.97%).
Filtered 479.0 of 901.0 reads (46.84%).
