Exporting TRB
Exporting clones: 100%
Filtered 1 of 324 clones (99.69%).
Filtered 2.0 of 665.0 reads (99.7%).
Exporting TRA
Exporting clones: 33.3%
Filtered 3 of 324 clones (99.07%).
Filtered 5.0 of 665.0 reads (99.25%).
Exporting IGH
Exporting clones: 1.1%
Filtered 89 of 324 clones (72.53%).
Filtered 171.0 of 665.0 reads (74.29%).
Exporting TRG
Exporting clones: 100%
Filtered 1 of 324 clones (99.69%).
Filtered 1.0 of 665.0 reads (99.85%).
Exporting IGL
Exporting clones: 1.2%
Filtered 86 of 324 clones (73.46%).
Filtered 175.0 of 665.0 reads (73.68%).
Exporting IGK
Exporting clones: 0.7%
Filtered 144 of 324 clones (55.56%).
Filtered 311.0 of 665.0 reads (53.23%).
