WARNING: sun.reflect.Reflection.getCallerClass is not supported. This will impact performance.

>>>>>>>>>>>>>>>>>>>>>>> mixcr align <<<<<<<<<<<<<<<<<<<<<<<
Running:
mixcr align --report /projects/rpci/songyao/pnfioric/arc_project/airr_calculation/tcr_quant/results/mixcr_RS-04396796.align.report.txt --json-report /projects/rpci/songyao/pnfioric/arc_project/airr_calculation/tcr_quant/results/mixcr_RS-04396796.align.report.json --threads 12 --preset rna-seq --save-output-file-names /projects/rpci/songyao/pnfioric/arc_project/airr_calculation/tcr_quant/results/mixcr_RS-04396796.align.list.tsv --species hsa /projects/rpci/songyao/pnfioric/arc_project/airr_calculation/fastq_files/RS-04396796/RS-04396796_SCHS11016192-B1_RS-03709096_S135_R1_001.fastq.gz /projects/rpci/songyao/pnfioric/arc_project/airr_calculation/fastq_files/RS-04396796/RS-04396796_SCHS11016192-B1_RS-03709096_S135_R2_001.fastq.gz /projects/rpci/songyao/pnfioric/arc_project/airr_calculation/tcr_quant/results/mixcr_RS-04396796.alignments.vdjca
Alignment: 0%
Alignment: 3.3%  ETA: 00:58:35
Alignment: 6.6%  ETA: 00:56:35
Alignment: 9.9%  ETA: 00:54:35
Alignment: 13.2%  ETA: 00:52:35
Alignment: 16.5%  ETA: 00:50:35
Alignment: 19.8%  ETA: 00:48:08
Alignment: 23.2%  ETA: 00:45:42
Alignment: 26.5%  ETA: 00:44:57
Alignment: 29.7%  ETA: 00:43:22
Alignment: 33%  ETA: 00:41:22
Alignment: 36.2%  ETA: 00:39:21
Alignment: 39.5%  ETA: 00:37:00
Alignment: 42.8%  ETA: 00:34:40
Alignment: 46%  ETA: 00:32:59
Alignment: 49.3%  ETA: 00:30:41
Alignment: 52.6%  ETA: 00:29:15
Alignment: 55.9%  ETA: 00:26:59
Alignment: 59.1%  ETA: 00:24:58
Alignment: 62.4%  ETA: 00:23:13
Alignment: 65.7%  ETA: 00:20:47
Alignment: 69%  ETA: 00:18:36
Alignment: 72.3%  ETA: 00:16:46
Alignment: 75.6%  ETA: 00:14:37
Alignment: 78.9%  ETA: 00:13:01
Alignment: 82.2%  ETA: 00:10:54
Alignment: 85.4%  ETA: 00:09:00
Alignment: 88.7%  ETA: 00:06:50
Alignment: 92%  ETA: 00:04:47
Alignment: 95.4%  ETA: 00:02:44
Alignment: 98.7%  ETA: 00:00:47
====================== report: align ======================
Analysis time: 60.84m
Total sequencing reads: 63646163
Successfully aligned reads: 7687 (0.01%)
Coverage (percent of successfully aligned):
  CDR3: 2094 (27.24%)
  FR3_TO_FR4: 3 (0.04%)
  CDR2_TO_FR4: 3 (0.04%)
  FR2_TO_FR4: 0 (0%)
  CDR1_TO_FR4: 0 (0%)
  VDJRegion: 1 (0.01%)
Alignment failed: no hits (not TCR/IG?): 62063022 (97.51%)
Alignment failed after alignment-aided overlap: 3 (0%)
Alignment failed: no CDR3 parts: 27853 (0.04%)
Alignment failed: low total score: 1547598 (2.43%)
Overlapped: 56551470 (88.85%)
Overlapped and aligned: 7134 (0.01%)
Overlapped and not aligned: 56544336 (88.84%)
Alignment-aided overlaps, percent of overlapped and aligned: 254 (3.56%)
No CDR3 parts alignments, percent of successfully aligned: 213 (2.77%)
Partial aligned reads, percent of successfully aligned: 5380 (69.99%)
V gene chimeras: 8 (0%)
J gene chimeras: 15 (0%)
Realigned with forced non-floating bound: 14189894 (22.29%)
Realigned with forced non-floating right bound in left read: 830 (0%)
Realigned with forced non-floating left bound in right read: 830 (0%)
TRA chains: 810 (10.54%)
TRA non-functional: 2 (0.25%)
TRB chains: 290 (3.77%)
TRB non-functional: 0 (0%)
TRD chains: 3 (0.04%)
TRD non-functional: 0 (0%)
TRG chains: 53 (0.69%)
TRG non-functional: 7 (13.21%)
IGH chains: 2378 (30.94%)
IGH non-functional: 11 (0.46%)
TRAD chains: 16 (0.21%)
TRAD non-functional: 0 (0%)
IGK chains: 1820 (23.68%)
IGK non-functional: 17 (0.93%)
IGL chains: 2317 (30.14%)
IGL non-functional: 13 (0.56%)
Trimming report:
  R1 reads trimmed left: 124852 (0.2%)
  R1 reads trimmed right: 129489 (0.2%)
  Average R1 nucleotides trimmed left: 0.03334414676341133
  Average R1 nucleotides trimmed right: 0.03775786138121162
  R2 reads trimmed left: 125627 (0.2%)
  R2 reads trimmed right: 125601 (0.2%)
  Average R2 nucleotides trimmed left: 0.032837140551583606
  Average R2 nucleotides trimmed right: 0.03508583856029153

>>>>>>>>>>>>>>>>>> mixcr assemblePartial <<<<<<<<<<<<<<<<<<
Running:
mixcr assemblePartial --report /projects/rpci/songyao/pnfioric/arc_project/airr_calculation/tcr_quant/results/mixcr_RS-04396796.assemblePartial.report.txt --json-report /projects/rpci/songyao/pnfioric/arc_project/airr_calculation/tcr_quant/results/mixcr_RS-04396796.assemblePartial.report.json /projects/rpci/songyao/pnfioric/arc_project/airr_calculation/tcr_quant/results/mixcr_RS-04396796.alignments.vdjca /projects/rpci/songyao/pnfioric/arc_project/airr_calculation/tcr_quant/results/mixcr_RS-04396796.passembled.1.vdjca
Building index: 0%
Searching for overlaps: 0%
================= report: assemblePartial =================
Analysis time: 428ms
Total alignments analysed: 7687
Number of output alignments: 7656 (99.6%)
Alignments already with CDR3 (no overlapping is performed): 2182 (28.39%)
Successfully overlapped alignments: 31 (0.4%)
Left parts with too small N-region (failed to extract k-mer): 1120 (14.57%)
Extracted k-mer diversity: 4089
Dropped due to wildcard in k-mer: 0 (0%)
Dropped due to too short NRegion parts in overlap: 73 (0.95%)
Dropped overlaps with empty N region due to no complete NDN coverage: 1 (0.01%)
Number of left-side alignments: 795 (10.34%)
Number of right-side alignments: 3600 (46.83%)
Complex overlaps: 0 (0%)
Over-overlaps: 0 (0%)
Partial alignments written to output: 5443 (70.81%)

>>>>>>>>>>>>>>>>>> mixcr assemblePartial <<<<<<<<<<<<<<<<<<
Running:
mixcr assemblePartial --report /projects/rpci/songyao/pnfioric/arc_project/airr_calculation/tcr_quant/results/mixcr_RS-04396796.assemblePartial.report.txt --json-report /projects/rpci/songyao/pnfioric/arc_project/airr_calculation/tcr_quant/results/mixcr_RS-04396796.assemblePartial.report.json /projects/rpci/songyao/pnfioric/arc_project/airr_calculation/tcr_quant/results/mixcr_RS-04396796.passembled.1.vdjca /projects/rpci/songyao/pnfioric/arc_project/airr_calculation/tcr_quant/results/mixcr_RS-04396796.passembled.2.vdjca
Building index: 0%
Searching for overlaps: 0%
================= report: assemblePartial =================
Analysis time: 190ms
Total alignments analysed: 7656
Number of output alignments: 7656 (100%)
Alignments already with CDR3 (no overlapping is performed): 2213 (28.91%)
Successfully overlapped alignments: 0 (0%)
Left parts with too small N-region (failed to extract k-mer): 1120 (14.63%)
Extracted k-mer diversity: 3954
Dropped due to wildcard in k-mer: 0 (0%)
Dropped due to too short NRegion parts in overlap: 72 (0.94%)
Dropped overlaps with empty N region due to no complete NDN coverage: 1 (0.01%)
Number of left-side alignments: 764 (9.98%)
Number of right-side alignments: 3567 (46.59%)
Complex overlaps: 0 (0%)
Over-overlaps: 0 (0%)
Partial alignments written to output: 5443 (71.09%)

>>>>>>>>>>>>>>>>>>>>>>> mixcr extend <<<<<<<<<<<<<<<<<<<<<<<
Running:
mixcr extend --report /projects/rpci/songyao/pnfioric/arc_project/airr_calculation/tcr_quant/results/mixcr_RS-04396796.extend.report.txt --json-report /projects/rpci/songyao/pnfioric/arc_project/airr_calculation/tcr_quant/results/mixcr_RS-04396796.extend.report.json --threads 12 /projects/rpci/songyao/pnfioric/arc_project/airr_calculation/tcr_quant/results/mixcr_RS-04396796.passembled.2.vdjca /projects/rpci/songyao/pnfioric/arc_project/airr_calculation/tcr_quant/results/mixcr_RS-04396796.extended.vdjca
Extending alignments: 0%
====================== report: extend ======================
Analysis time: 87ms
Extended alignments count: 2 (0.03%)
V extensions total: 1 (0.01%)
V extensions with merged targets: 0 (0%)
J extensions total: 1 (0.01%)
J extensions with merged targets: 0 (0%)
V+J extensions: 0 (0%)
Mean V extension length: 1.0
Mean J extension length: 15.0

>>>>>>>>>>>>>>>>>>>>>> mixcr assemble <<<<<<<<<<<<<<<<<<<<<<
Running:
mixcr assemble --report /projects/rpci/songyao/pnfioric/arc_project/airr_calculation/tcr_quant/results/mixcr_RS-04396796.assemble.report.txt --json-report /projects/rpci/songyao/pnfioric/arc_project/airr_calculation/tcr_quant/results/mixcr_RS-04396796.assemble.report.json /projects/rpci/songyao/pnfioric/arc_project/airr_calculation/tcr_quant/results/mixcr_RS-04396796.extended.vdjca /projects/rpci/songyao/pnfioric/arc_project/airr_calculation/tcr_quant/results/mixcr_RS-04396796.clna
Initialization: progress unknown
Initialization: progress unknown
===================== report: assemble =====================
Analysis time: 1.15s
Final clonotype count: 637
Reads used in clonotypes, percent of total: 2104 (0%)
Average number of reads per clonotype: 3.3
Reads dropped due to the lack of a clone sequence, percent of total: 5529 (0.01%)
Reads dropped due to a too short clonal sequence, percent of total: 0 (0%)
Reads dropped due to low quality, percent of total: 0 (0%)
Reads dropped due to failed mapping, percent of total: 52 (0%)
Reads dropped with low quality clones, percent of total: 0 (0%)
Aligned reads processed: 2158
Reads used in clonotypes before clustering, percent of total: 2106 (0%)
Number of reads used as a core, percent of used: 2085 (99%)
Mapped low quality reads, percent of used: 21 (1%)
Reads clustered in PCR error correction, percent of used: 2 (0.09%)
Reads pre-clustered due to the similar VJC-lists, percent of used: 0 (0%)
Clonotypes dropped as low quality: 0
Clonotypes eliminated by PCR error correction: 2
Clonotypes pre-clustered due to the similar VJC-lists: 0
Clones dropped in post filtering: 0 (0%)
Reads dropped in post filtering: 0.0 (0%)
Reads filtered by tag prefix: 0 (0%)
TRA chains: 10 (1.57%)
TRA non-functional: 2 (20%)
TRB chains: 8 (1.26%)
TRB non-functional: 0 (0%)
TRG chains: 5 (0.78%)
TRG non-functional: 3 (60%)
IGH chains: 176 (27.63%)
IGH non-functional: 3 (1.7%)
IGK chains: 260 (40.82%)
IGK non-functional: 9 (3.46%)
IGL chains: 178 (27.94%)
IGL non-functional: 4 (2.25%)

>>>>>>>>>>>>>>>>>> mixcr assembleContigs <<<<<<<<<<<<<<<<<<
Running:
mixcr assembleContigs --report /projects/rpci/songyao/pnfioric/arc_project/airr_calculation/tcr_quant/results/mixcr_RS-04396796.assembleContigs.report.txt --json-report /projects/rpci/songyao/pnfioric/arc_project/airr_calculation/tcr_quant/results/mixcr_RS-04396796.assembleContigs.report.json --threads 12 /projects/rpci/songyao/pnfioric/arc_project/airr_calculation/tcr_quant/results/mixcr_RS-04396796.clna /projects/rpci/songyao/pnfioric/arc_project/airr_calculation/tcr_quant/results/mixcr_RS-04396796.contigs.clns
Assembling contigs: 0%
================= report: assembleContigs =================
Analysis time: 654ms
Initial clonotype count: 637
Final clonotype count: 637 (100%)
Canceled assemblies: 0 (0%)
Clones filtered out after assemble: 0 (0%)
Number of premature termination assembly events, percent of number of initial clonotypes: 0.0 (0%)
Longest contig length: 344
Clustered variants: 0 (0%)
Reads in clustered variants: 0.0 (0%)
Reads in divided (newly created) clones: 0.0 (0%)
Clones with ambiguous letters in splitting region: 0 (0%)
Reads in clones with ambiguous letters in splitting region: 0.0 (0%)
Average number of ambiguous letters per clone with ambiguous letters in splitting region: NaN
Clones combined after clustering: 0 (0%)

>>>>>>>>>>>>>>>>>>>>>>>>> mixcr qc <<<<<<<<<<<<<<<<<<<<<<<<<
Running:
mixcr qc --print-to-stdout /projects/rpci/songyao/pnfioric/arc_project/airr_calculation/tcr_quant/results/mixcr_RS-04396796.contigs.clns /projects/rpci/songyao/pnfioric/arc_project/airr_calculation/tcr_quant/results/mixcr_RS-04396796.qc.txt /projects/rpci/songyao/pnfioric/arc_project/airr_calculation/tcr_quant/results/mixcr_RS-04396796.qc.json

  Alignments dropped due to low sequence quality: 0.0% [OK]

>>>>>>>>>>>>>>>>>>>> mixcr exportClones <<<<<<<<<<<<<<<<<<<<
Running:
mixcr exportClones /projects/rpci/songyao/pnfioric/arc_project/airr_calculation/tcr_quant/results/mixcr_RS-04396796.contigs.clns /projects/rpci/songyao/pnfioric/arc_project/airr_calculation/tcr_quant/results/mixcr_RS-04396796.clones.tsv
Analysis finished successfully.
===============================
Visualize results and simplify your immune data analysis with a convenient UI.
Explore and install Platforma.bio here: https://platforma.bio
