Exporting TRB
Exporting clones: 6.2%
Filtered 16 of 1734 clones (99.08%).
Filtered 44.0 of 15768.0 reads (99.72%).
Exporting TRA
Exporting clones: 5.6%
Filtered 18 of 1734 clones (98.96%).
Filtered 39.0 of 15768.0 reads (99.75%).
Exporting IGH
Exporting clones: 0.2%
Filtered 551 of 1734 clones (68.22%).
Filtered 5189.0 of 15768.0 reads (67.09%).
Exporting TRG
Exporting clones: 100%
Filtered 4 of 1734 clones (99.77%).
Filtered 9.0 of 15768.0 reads (99.94%).
Exporting IGL
Exporting clones: 0.7%
Filtered 455 of 1734 clones (73.76%).
Filtered 6186.0 of 15768.0 reads (60.77%).
Exporting IGK
Exporting clones: 0.4%
Filtered 690 of 1734 clones (60.21%).
Filtered 4301.0 of 15768.0 reads (72.72%).
