Exporting TRB
Exporting clones: 14.3%
Filtered 7 of 95 clones (92.63%).
Filtered 24.0 of 1142.0 reads (97.9%).
Exporting TRA
Exporting clones: 16.7%
Filtered 6 of 95 clones (93.68%).
Filtered 42.0 of 1142.0 reads (96.32%).
Exporting IGH
Exporting clones: 3.6%
Filtered 28 of 95 clones (70.53%).
Filtered 177.0 of 1142.0 reads (84.5%).
Exporting TRG
Exporting clones: 50%
Filtered 2 of 95 clones (97.89%).
Filtered 13.0 of 1142.0 reads (98.86%).
Exporting IGL
Exporting clones: 6.7%
Filtered 15 of 95 clones (84.21%).
Filtered 299.0 of 1142.0 reads (73.82%).
Exporting IGK
Exporting clones: 2.7%
Filtered 37 of 95 clones (61.05%).
Filtered 587.0 of 1142.0 reads (48.6%).
