Exporting TRB
Exporting clones: 33.3%
Filtered 3 of 360 clones (99.17%).
Filtered 8.0 of 1488.0 reads (99.46%).
Exporting TRA
Exporting clones: 50%
Filtered 2 of 360 clones (99.44%).
Filtered 13.0 of 1488.0 reads (99.13%).
Exporting IGH
Exporting clones: 1.1%
Filtered 90 of 360 clones (75%).
Filtered 303.0 of 1488.0 reads (79.64%).
Exporting TRG
Exporting clones: 100%
Filtered 1 of 360 clones (99.72%).
Filtered 28.0 of 1488.0 reads (98.12%).
Exporting IGL
Exporting clones: 1.1%
Filtered 88 of 360 clones (75.56%).
Filtered 383.0 of 1488.0 reads (74.26%).
Exporting IGK
Exporting clones: 0.6%
Filtered 176 of 360 clones (51.11%).
Filtered 753.0 of 1488.0 reads (49.4%).
