Exporting TRB
Exporting clones: 7.1%
Filtered 14 of 1746 clones (99.2%).
Filtered 17.0 of 3263.0 reads (99.48%).
Exporting TRA
Exporting clones: 5.3%
Filtered 19 of 1746 clones (98.91%).
Filtered 34.0 of 3263.0 reads (98.96%).
Exporting IGH
Exporting clones: 0.3%
Filtered 397 of 1746 clones (77.26%).
Filtered 727.0 of 3263.0 reads (77.72%).
Exporting TRG
Exporting clones: 50%
Filtered 6 of 1746 clones (99.66%).
Filtered 21.0 of 3263.0 reads (99.36%).
Exporting IGL
Exporting clones: 0.6%
Filtered 468 of 1746 clones (73.2%).
Filtered 901.0 of 3263.0 reads (72.39%).
Exporting IGK
Exporting clones: 0.4%
Filtered 842 of 1746 clones (51.78%).
Filtered 1563.0 of 3263.0 reads (52.1%).
