WARNING: sun.reflect.Reflection.getCallerClass is not supported. This will impact performance.

>>>>>>>>>>>>>>>>>>>>>>> mixcr align <<<<<<<<<<<<<<<<<<<<<<<
Running:
mixcr align --report /projects/rpci/songyao/pnfioric/arc_project/airr_calculation/tcr_quant/results/mixcr_RS-03885248.align.report.txt --json-report /projects/rpci/songyao/pnfioric/arc_project/airr_calculation/tcr_quant/results/mixcr_RS-03885248.align.report.json --threads 12 --preset rna-seq --save-output-file-names /projects/rpci/songyao/pnfioric/arc_project/airr_calculation/tcr_quant/results/mixcr_RS-03885248.align.list.tsv --species hsa /projects/rpci/songyao/pnfioric/arc_project/airr_calculation/fastq_files/RS-03885248/RS-04417155_SSCS10009241-B3_RS-03885248_S134_R1_001.fastq.gz /projects/rpci/songyao/pnfioric/arc_project/airr_calculation/fastq_files/RS-03885248/RS-04417155_SSCS10009241-B3_RS-03885248_S134_R2_001.fastq.gz /projects/rpci/songyao/pnfioric/arc_project/airr_calculation/tcr_quant/results/mixcr_RS-03885248.alignments.vdjca
Alignment: 0%
Alignment: 2.7%  ETA: 01:12:24
Alignment: 5.5%  ETA: 01:07:48
Alignment: 8.3%  ETA: 01:05:48
Alignment: 11%  ETA: 01:04:23
Alignment: 13.8%  ETA: 01:02:23
Alignment: 16.6%  ETA: 00:59:17
Alignment: 19.4%  ETA: 00:57:49
Alignment: 22.2%  ETA: 00:55:18
Alignment: 25%  ETA: 00:53:47
Alignment: 27.7%  ETA: 00:52:47
Alignment: 30.5%  ETA: 00:50:17
Alignment: 33.3%  ETA: 00:48:18
Alignment: 36%  ETA: 00:46:18
Alignment: 38.8%  ETA: 00:44:17
Alignment: 41.6%  ETA: 00:41:53
Alignment: 44.4%  ETA: 00:39:31
Alignment: 47.2%  ETA: 00:37:53
Alignment: 50%  ETA: 00:35:53
Alignment: 52.7%  ETA: 00:34:12
Alignment: 55.5%  ETA: 00:32:30
Alignment: 58.3%  ETA: 00:29:56
Alignment: 61%  ETA: 00:28:12
Alignment: 63.8%  ETA: 00:25:56
Alignment: 66.6%  ETA: 00:23:56
Alignment: 69.4%  ETA: 00:22:10
Alignment: 72.2%  ETA: 00:19:57
Alignment: 75%  ETA: 00:17:57
Alignment: 77.7%  ETA: 00:15:57
Alignment: 80.5%  ETA: 00:14:15
Alignment: 83.2%  ETA: 00:12:07
Alignment: 86%  ETA: 00:10:01
Alignment: 88.8%  ETA: 00:08:12
Alignment: 91.6%  ETA: 00:06:03
Alignment: 94.4%  ETA: 00:04:03
Alignment: 97.1%  ETA: 00:02:05
Alignment: 99.9%  ETA: 00:00:02
====================== report: align ======================
Analysis time: 72.11m
Total sequencing reads: 77644804
Successfully aligned reads: 7975 (0.01%)
Coverage (percent of successfully aligned):
  CDR3: 1837 (23.03%)
  FR3_TO_FR4: 7 (0.09%)
  CDR2_TO_FR4: 2 (0.03%)
  FR2_TO_FR4: 0 (0%)
  CDR1_TO_FR4: 0 (0%)
  VDJRegion: 0 (0%)
Alignment failed: no hits (not TCR/IG?): 75737059 (97.54%)
Alignment failed: no CDR3 parts: 31928 (0.04%)
Alignment failed: low total score: 1867842 (2.41%)
Overlapped: 71006560 (91.45%)
Overlapped and aligned: 7586 (0.01%)
Overlapped and not aligned: 70998974 (91.44%)
Alignment-aided overlaps, percent of overlapped and aligned: 155 (2.04%)
No CDR3 parts alignments, percent of successfully aligned: 167 (2.09%)
Partial aligned reads, percent of successfully aligned: 5971 (74.87%)
J gene chimeras: 1 (0%)
Paired-end alignment conflicts eliminated: 3 (0%)
Realigned with forced non-floating bound: 13276798 (17.1%)
Realigned with forced non-floating right bound in left read: 787 (0%)
Realigned with forced non-floating left bound in right read: 787 (0%)
TRA chains: 751 (9.42%)
TRA non-functional: 2 (0.27%)
TRB chains: 372 (4.66%)
TRB non-functional: 6 (1.61%)
TRG chains: 41 (0.51%)
TRG non-functional: 11 (26.83%)
IGH chains: 3038 (38.09%)
IGH non-functional: 3 (0.1%)
TRAD chains: 42 (0.53%)
TRAD non-functional: 0 (0%)
IGK chains: 1624 (20.36%)
IGK non-functional: 27 (1.66%)
IGL chains: 2107 (26.42%)
IGL non-functional: 10 (0.47%)
Trimming report:
  R1 reads trimmed left: 140641 (0.18%)
  R1 reads trimmed right: 143294 (0.18%)
  Average R1 nucleotides trimmed left: 0.030785060646170218
  Average R1 nucleotides trimmed right: 0.03276740836386167
  R2 reads trimmed left: 140420 (0.18%)
  R2 reads trimmed right: 143841 (0.19%)
  Average R2 nucleotides trimmed left: 0.030644523231715542
  Average R2 nucleotides trimmed right: 0.032593951811637004

>>>>>>>>>>>>>>>>>> mixcr assemblePartial <<<<<<<<<<<<<<<<<<
Running:
mixcr assemblePartial --report /projects/rpci/songyao/pnfioric/arc_project/airr_calculation/tcr_quant/results/mixcr_RS-03885248.assemblePartial.report.txt --json-report /projects/rpci/songyao/pnfioric/arc_project/airr_calculation/tcr_quant/results/mixcr_RS-03885248.assemblePartial.report.json /projects/rpci/songyao/pnfioric/arc_project/airr_calculation/tcr_quant/results/mixcr_RS-03885248.alignments.vdjca /projects/rpci/songyao/pnfioric/arc_project/airr_calculation/tcr_quant/results/mixcr_RS-03885248.passembled.1.vdjca
Building index: 0%
Searching for overlaps: 0%
================= report: assemblePartial =================
Analysis time: 517ms
Total alignments analysed: 7975
Number of output alignments: 7921 (99.32%)
Alignments already with CDR3 (no overlapping is performed): 1934 (24.25%)
Successfully overlapped alignments: 49 (0.61%)
Left parts with too small N-region (failed to extract k-mer): 1369 (17.17%)
Extracted k-mer diversity: 4623
Dropped due to wildcard in k-mer: 0 (0%)
Dropped due to too short NRegion parts in overlap: 129 (1.62%)
Dropped overlaps with empty N region due to no complete NDN coverage: 0 (0%)
Number of left-side alignments: 952 (11.94%)
Number of right-side alignments: 3733 (46.81%)
Complex overlaps: 0 (0%)
Over-overlaps: 0 (0%)
Partial alignments written to output: 5938 (74.46%)

>>>>>>>>>>>>>>>>>> mixcr assemblePartial <<<<<<<<<<<<<<<<<<
Running:
mixcr assemblePartial --report /projects/rpci/songyao/pnfioric/arc_project/airr_calculation/tcr_quant/results/mixcr_RS-03885248.assemblePartial.report.txt --json-report /projects/rpci/songyao/pnfioric/arc_project/airr_calculation/tcr_quant/results/mixcr_RS-03885248.assemblePartial.report.json /projects/rpci/songyao/pnfioric/arc_project/airr_calculation/tcr_quant/results/mixcr_RS-03885248.passembled.1.vdjca /projects/rpci/songyao/pnfioric/arc_project/airr_calculation/tcr_quant/results/mixcr_RS-03885248.passembled.2.vdjca
Building index: 0%
Searching for overlaps: 0%
================= report: assemblePartial =================
Analysis time: 243ms
Total alignments analysed: 7921
Number of output alignments: 7921 (100%)
Alignments already with CDR3 (no overlapping is performed): 1983 (25.03%)
Successfully overlapped alignments: 0 (0%)
Left parts with too small N-region (failed to extract k-mer): 1369 (17.28%)
Extracted k-mer diversity: 4452
Dropped due to wildcard in k-mer: 0 (0%)
Dropped due to too short NRegion parts in overlap: 129 (1.63%)
Dropped overlaps with empty N region due to no complete NDN coverage: 0 (0%)
Number of left-side alignments: 898 (11.34%)
Number of right-side alignments: 3679 (46.45%)
Complex overlaps: 0 (0%)
Over-overlaps: 0 (0%)
Partial alignments written to output: 5938 (74.97%)

>>>>>>>>>>>>>>>>>>>>>>> mixcr extend <<<<<<<<<<<<<<<<<<<<<<<
Running:
mixcr extend --report /projects/rpci/songyao/pnfioric/arc_project/airr_calculation/tcr_quant/results/mixcr_RS-03885248.extend.report.txt --json-report /projects/rpci/songyao/pnfioric/arc_project/airr_calculation/tcr_quant/results/mixcr_RS-03885248.extend.report.json --threads 12 /projects/rpci/songyao/pnfioric/arc_project/airr_calculation/tcr_quant/results/mixcr_RS-03885248.passembled.2.vdjca /projects/rpci/songyao/pnfioric/arc_project/airr_calculation/tcr_quant/results/mixcr_RS-03885248.extended.vdjca
Extending alignments: 0%
====================== report: extend ======================
Analysis time: 99ms
Extended alignments count: 11 (0.14%)
V extensions total: 0 (0%)
V extensions with merged targets: 0 (0%)
J extensions total: 11 (0.14%)
J extensions with merged targets: 0 (0%)
V+J extensions: 0 (0%)
Mean V extension length: NaN
Mean J extension length: 16.636363636363637

>>>>>>>>>>>>>>>>>>>>>> mixcr assemble <<<<<<<<<<<<<<<<<<<<<<
Running:
mixcr assemble --report /projects/rpci/songyao/pnfioric/arc_project/airr_calculation/tcr_quant/results/mixcr_RS-03885248.assemble.report.txt --json-report /projects/rpci/songyao/pnfioric/arc_project/airr_calculation/tcr_quant/results/mixcr_RS-03885248.assemble.report.json /projects/rpci/songyao/pnfioric/arc_project/airr_calculation/tcr_quant/results/mixcr_RS-03885248.extended.vdjca /projects/rpci/songyao/pnfioric/arc_project/airr_calculation/tcr_quant/results/mixcr_RS-03885248.clna
Initialization: progress unknown
Initialization: progress unknown
===================== report: assemble =====================
Analysis time: 1.02s
Final clonotype count: 449
Reads used in clonotypes, percent of total: 1901 (0%)
Average number of reads per clonotype: 4.23
Reads dropped due to the lack of a clone sequence, percent of total: 6026 (0.01%)
Reads dropped due to a too short clonal sequence, percent of total: 0 (0%)
Reads dropped due to low quality, percent of total: 0 (0%)
Reads dropped due to failed mapping, percent of total: 28 (0%)
Reads dropped with low quality clones, percent of total: 0 (0%)
Aligned reads processed: 1944
Reads used in clonotypes before clustering, percent of total: 1916 (0%)
Number of reads used as a core, percent of used: 1903 (99.32%)
Mapped low quality reads, percent of used: 13 (0.68%)
Reads clustered in PCR error correction, percent of used: 15 (0.78%)
Reads pre-clustered due to the similar VJC-lists, percent of used: 0 (0%)
Clonotypes dropped as low quality: 0
Clonotypes eliminated by PCR error correction: 11
Clonotypes pre-clustered due to the similar VJC-lists: 0
Clones dropped in post filtering: 0 (0%)
Reads dropped in post filtering: 0.0 (0%)
Reads filtered by tag prefix: 0 (0%)
TRA chains: 9 (2%)
TRA non-functional: 1 (11.11%)
TRB chains: 12 (2.67%)
TRB non-functional: 3 (25%)
TRG chains: 5 (1.11%)
TRG non-functional: 3 (60%)
IGH chains: 148 (32.96%)
IGH non-functional: 1 (0.68%)
IGK chains: 176 (39.2%)
IGK non-functional: 8 (4.55%)
IGL chains: 99 (22.05%)
IGL non-functional: 2 (2.02%)

>>>>>>>>>>>>>>>>>> mixcr assembleContigs <<<<<<<<<<<<<<<<<<
Running:
mixcr assembleContigs --report /projects/rpci/songyao/pnfioric/arc_project/airr_calculation/tcr_quant/results/mixcr_RS-03885248.assembleContigs.report.txt --json-report /projects/rpci/songyao/pnfioric/arc_project/airr_calculation/tcr_quant/results/mixcr_RS-03885248.assembleContigs.report.json --threads 12 /projects/rpci/songyao/pnfioric/arc_project/airr_calculation/tcr_quant/results/mixcr_RS-03885248.clna /projects/rpci/songyao/pnfioric/arc_project/airr_calculation/tcr_quant/results/mixcr_RS-03885248.contigs.clns
Assembling contigs: 0%
================= report: assembleContigs =================
Analysis time: 670ms
Initial clonotype count: 449
Final clonotype count: 449 (100%)
Canceled assemblies: 0 (0%)
Clones filtered out after assemble: 0 (0%)
Number of premature termination assembly events, percent of number of initial clonotypes: 0.0 (0%)
Longest contig length: 379
Clustered variants: 0 (0%)
Reads in clustered variants: 0.0 (0%)
Reads in divided (newly created) clones: 0.0 (0%)
Clones with ambiguous letters in splitting region: 0 (0%)
Reads in clones with ambiguous letters in splitting region: 0.0 (0%)
Average number of ambiguous letters per clone with ambiguous letters in splitting region: NaN
Clones combined after clustering: 0 (0%)

>>>>>>>>>>>>>>>>>>>>>>>>> mixcr qc <<<<<<<<<<<<<<<<<<<<<<<<<
Running:
mixcr qc --print-to-stdout /projects/rpci/songyao/pnfioric/arc_project/airr_calculation/tcr_quant/results/mixcr_RS-03885248.contigs.clns /projects/rpci/songyao/pnfioric/arc_project/airr_calculation/tcr_quant/results/mixcr_RS-03885248.qc.txt /projects/rpci/songyao/pnfioric/arc_project/airr_calculation/tcr_quant/results/mixcr_RS-03885248.qc.json

  Alignments dropped due to low sequence quality: 0.0% [OK]

>>>>>>>>>>>>>>>>>>>> mixcr exportClones <<<<<<<<<<<<<<<<<<<<
Running:
mixcr exportClones /projects/rpci/songyao/pnfioric/arc_project/airr_calculation/tcr_quant/results/mixcr_RS-03885248.contigs.clns /projects/rpci/songyao/pnfioric/arc_project/airr_calculation/tcr_quant/results/mixcr_RS-03885248.clones.tsv
Analysis finished successfully.
===============================
Visualize results and simplify your immune data analysis with a convenient UI.
Explore and install Platforma.bio here: https://platforma.bio
