Exporting TRB
Exporting clones: 11.1%
Filtered 9 of 692 clones (98.7%).
Filtered 22.0 of 3665.0 reads (99.4%).
Exporting TRA
Exporting clones: 8.3%
Filtered 12 of 692 clones (98.27%).
Filtered 29.0 of 3665.0 reads (99.21%).
Exporting IGH
Exporting clones: 0.5%
Filtered 203 of 692 clones (70.66%).
Filtered 824.0 of 3665.0 reads (77.52%).
Exporting TRG
Exporting clones: 100%
Filtered 2 of 692 clones (99.71%).
Filtered 4.0 of 3665.0 reads (99.89%).
Exporting IGL
Exporting clones: 0.7%
Filtered 139 of 692 clones (79.91%).
Filtered 676.0 of 3665.0 reads (81.56%).
Exporting IGK
Exporting clones: 0.6%
Filtered 327 of 692 clones (52.75%).
Filtered 2110.0 of 3665.0 reads (42.43%).
