Exporting TRB
Exporting clones: 14.3%
Filtered 7 of 243 clones (97.12%).
Filtered 14.0 of 460.0 reads (96.96%).
Exporting TRA
Exporting clones: 20%
Filtered 5 of 243 clones (97.94%).
Filtered 9.0 of 460.0 reads (98.04%).
Exporting IGH
Exporting clones: 1.9%
Filtered 52 of 243 clones (78.6%).
Filtered 71.0 of 460.0 reads (84.57%).
Exporting TRG
Exporting clones: 25%
Filtered 4 of 243 clones (98.35%).
Filtered 8.0 of 460.0 reads (98.26%).
Exporting IGL
Exporting clones: 3%
Filtered 67 of 243 clones (72.43%).
Filtered 134.0 of 460.0 reads (70.87%).
Exporting IGK
Exporting clones: 0.9%
Filtered 108 of 243 clones (55.56%).
Filtered 224.0 of 460.0 reads (51.3%).
