Exporting TRB
Exporting clones: 100%
Filtered 1 of 501 clones (99.8%).
Filtered 7.0 of 8067.0 reads (99.91%).
Exporting TRA
Exporting clones: 100%
Filtered 1 of 501 clones (99.8%).
Filtered 5.0 of 8067.0 reads (99.94%).
Exporting IGH
Exporting clones: 0.6%
Filtered 166 of 501 clones (66.87%).
Filtered 1676.0 of 8067.0 reads (79.22%).
Exporting IGL
Exporting clones: 1%
Filtered 103 of 501 clones (79.44%).
Filtered 1487.0 of 8067.0 reads (81.57%).
Exporting IGK
Exporting clones: 0.4%
Filtered 230 of 501 clones (54.09%).
Filtered 4892.0 of 8067.0 reads (39.36%).
