Exporting TRB
Exporting clones: 33.3%
Filtered 3 of 227 clones (98.68%).
Filtered 9.0 of 539.0 reads (98.33%).
Exporting TRA
Exporting clones: 8.3%
Filtered 12 of 227 clones (94.71%).
Filtered 20.0 of 539.0 reads (96.29%).
Exporting IGH
Exporting clones: 1.3%
Filtered 79 of 227 clones (65.2%).
Filtered 193.0 of 539.0 reads (64.19%).
Exporting TRG
Exporting clones: 50%
Filtered 2 of 227 clones (99.12%).
Filtered 3.0 of 539.0 reads (99.44%).
Exporting IGL
Exporting clones: 2.2%
Filtered 45 of 227 clones (80.18%).
Filtered 120.0 of 539.0 reads (77.74%).
Exporting IGK
Exporting clones: 1.2%
Filtered 86 of 227 clones (62.11%).
Filtered 194.0 of 539.0 reads (64.01%).
