Exporting TRB
Exporting clones: 8.3%
Filtered 12 of 3941 clones (99.7%).
Filtered 22.0 of 20011.0 reads (99.89%).
Exporting TRA
Exporting clones: 7.7%
Filtered 13 of 3941 clones (99.67%).
Filtered 20.0 of 20011.0 reads (99.9%).
Exporting IGH
Exporting clones: 0.1%
Filtered 1250 of 3941 clones (68.28%).
Filtered 5129.0 of 20011.0 reads (74.37%).
Exporting TRG
Filtered 1 of 3941 clones (99.97%).
Filtered 1.0 of 20011.0 reads (100%).
Exporting IGL
Exporting clones: 0.3%
Filtered 949 of 3941 clones (75.92%).
Filtered 5209.0 of 20011.0 reads (73.97%).
Exporting IGK
Exporting clones: 0.1%
Filtered 1716 of 3941 clones (56.46%).
Filtered 9630.0 of 20011.0 reads (51.88%).
