Exporting TRB
Exporting clones: 100%
Filtered 1 of 338 clones (99.7%).
Filtered 2.0 of 3702.0 reads (99.95%).
Exporting TRA
Exporting clones: 11.1%
Filtered 9 of 338 clones (97.34%).
Filtered 29.0 of 3702.0 reads (99.22%).
Exporting IGH
Exporting clones: 1.3%
Filtered 76 of 338 clones (77.51%).
Filtered 670.0 of 3702.0 reads (81.9%).
Exporting IGL
Exporting clones: 1.4%
Filtered 71 of 338 clones (78.99%).
Filtered 833.0 of 3702.0 reads (77.5%).
Exporting IGK
Exporting clones: 0.6%
Filtered 181 of 338 clones (46.45%).
Filtered 2168.0 of 3702.0 reads (41.44%).
