Exporting TRB
Exporting clones: 25%
Filtered 4 of 2559 clones (99.84%).
Filtered 5.0 of 17967.0 reads (99.97%).
Exporting TRA
Exporting clones: 12.5%
Filtered 8 of 2559 clones (99.69%).
Filtered 13.0 of 17967.0 reads (99.93%).
Exporting IGH
Exporting clones: 0.1%
Filtered 860 of 2559 clones (66.39%).
Filtered 4283.0 of 17967.0 reads (76.16%).
Exporting TRG
Exporting clones: 75%
Filtered 4 of 2559 clones (99.84%).
Filtered 10.0 of 17967.0 reads (99.94%).
Exporting IGL
Exporting clones: 0.1%
Filtered 701 of 2559 clones (72.61%).
Filtered 6760.0 of 17967.0 reads (62.38%).
Exporting IGK
Exporting clones: 0.1%
Filtered 982 of 2559 clones (61.63%).
Filtered 6896.0 of 17967.0 reads (61.62%).
