Exporting TRB
Exporting clones: 2.8%
Filtered 36 of 2368 clones (98.48%).
Filtered 65.0 of 29498.0 reads (99.78%).
Exporting TRA
Exporting clones: 2.2%
Filtered 45 of 2368 clones (98.1%).
Filtered 74.0 of 29498.0 reads (99.75%).
Exporting TRD
Exporting clones: 100%
Filtered 1 of 2368 clones (99.96%).
Filtered 2.0 of 29498.0 reads (99.99%).
Exporting IGH
Exporting clones: 0.1%
Filtered 757 of 2368 clones (68.03%).
Filtered 6472.0 of 29498.0 reads (78.06%).
Exporting TRG
Exporting clones: 16.7%
Filtered 18 of 2368 clones (99.24%).
Filtered 42.0 of 29498.0 reads (99.86%).
Exporting IGL
Exporting clones: 0.6%
Filtered 656 of 2368 clones (72.3%).
Filtered 8049.0 of 29498.0 reads (72.71%).
Exporting IGK
Exporting clones: 0.4%
Filtered 855 of 2368 clones (63.89%).
Filtered 14794.0 of 29498.0 reads (49.85%).
