Exporting TRA
Exporting clones: 25%
Filtered 4 of 322 clones (98.76%).
Filtered 15.0 of 1230.0 reads (98.78%).
Exporting IGH
Exporting clones: 1.2%
Filtered 84 of 322 clones (73.91%).
Filtered 250.0 of 1230.0 reads (79.67%).
Exporting TRG
Exporting clones: 100%
Filtered 1 of 322 clones (99.69%).
Filtered 3.0 of 1230.0 reads (99.76%).
Exporting IGL
Exporting clones: 1.4%
Filtered 70 of 322 clones (78.26%).
Filtered 346.0 of 1230.0 reads (71.87%).
Exporting IGK
Exporting clones: 0.6%
Filtered 163 of 322 clones (49.38%).
Filtered 616.0 of 1230.0 reads (49.92%).
