Exporting TRB
Exporting clones: 100%
Filtered 1 of 32 clones (96.88%).
Filtered 2.0 of 106.0 reads (98.11%).
Exporting IGH
Exporting clones: 11.1%
Filtered 9 of 32 clones (71.88%).
Filtered 21.0 of 106.0 reads (80.19%).
Exporting TRG
Exporting clones: 100%
Filtered 1 of 32 clones (96.88%).
Filtered 6.0 of 106.0 reads (94.34%).
Exporting IGL
Exporting clones: 10%
Filtered 10 of 32 clones (68.75%).
Filtered 49.0 of 106.0 reads (53.77%).
Exporting IGK
Exporting clones: 9.1%
Filtered 11 of 32 clones (65.62%).
Filtered 28.0 of 106.0 reads (73.58%).
