Exporting TRB
Exporting clones: 10%
Filtered 10 of 1149 clones (99.13%).
Filtered 18.0 of 2509.0 reads (99.28%).
Exporting TRA
Exporting clones: 5.9%
Filtered 17 of 1149 clones (98.52%).
Filtered 34.0 of 2509.0 reads (98.64%).
Exporting IGH
Exporting clones: 0.3%
Filtered 304 of 1149 clones (73.54%).
Filtered 633.0 of 2509.0 reads (74.77%).
Exporting TRG
Exporting clones: 25%
Filtered 4 of 1149 clones (99.65%).
Filtered 9.0 of 2509.0 reads (99.64%).
Exporting IGL
Exporting clones: 0.4%
Filtered 261 of 1149 clones (77.28%).
Filtered 588.0 of 2509.0 reads (76.56%).
Exporting IGK
Exporting clones: 0.4%
Filtered 553 of 1149 clones (51.87%).
Filtered 1227.0 of 2509.0 reads (51.1%).
