Exporting TRB
Exporting clones: 4.8%
Filtered 21 of 565 clones (96.28%).
Filtered 56.0 of 2018.0 reads (97.22%).
Exporting TRA
Exporting clones: 7.7%
Filtered 13 of 565 clones (97.7%).
Filtered 32.0 of 2018.0 reads (98.41%).
Exporting IGH
Exporting clones: 0.7%
Filtered 149 of 565 clones (73.63%).
Filtered 526.0 of 2018.0 reads (73.93%).
Exporting IGL
Exporting clones: 0.9%
Filtered 115 of 565 clones (79.65%).
Filtered 411.0 of 2018.0 reads (79.63%).
Exporting IGK
Exporting clones: 0.7%
Filtered 267 of 565 clones (52.74%).
Filtered 993.0 of 2018.0 reads (50.79%).
