Exporting TRB
Exporting clones: 14.3%
Filtered 7 of 1390 clones (99.5%).
Filtered 14.0 of 2425.0 reads (99.42%).
Exporting TRA
Exporting clones: 14.3%
Filtered 7 of 1390 clones (99.5%).
Filtered 11.0 of 2425.0 reads (99.55%).
Exporting IGH
Exporting clones: 0.2%
Filtered 442 of 1390 clones (68.2%).
Filtered 766.0 of 2425.0 reads (68.41%).
Exporting TRG
Exporting clones: 16.7%
Filtered 6 of 1390 clones (99.57%).
Filtered 11.0 of 2425.0 reads (99.55%).
Exporting IGL
Exporting clones: 1.4%
Filtered 288 of 1390 clones (79.28%).
Filtered 486.0 of 2425.0 reads (79.96%).
Exporting IGK
Exporting clones: 0.3%
Filtered 640 of 1390 clones (53.96%).
Filtered 1137.0 of 2425.0 reads (53.11%).
