Exporting TRB
Exporting clones: 50%
Filtered 2 of 823 clones (99.76%).
Filtered 4.0 of 2170.0 reads (99.82%).
Exporting TRA
Exporting clones: 50%
Filtered 2 of 823 clones (99.76%).
Filtered 5.0 of 2170.0 reads (99.77%).
Exporting IGH
Exporting clones: 0.5%
Filtered 220 of 823 clones (73.27%).
Filtered 510.0 of 2170.0 reads (76.5%).
Exporting TRG
Exporting clones: 100%
Filtered 1 of 823 clones (99.88%).
Filtered 2.0 of 2170.0 reads (99.91%).
Exporting IGL
Exporting clones: 0.8%
Filtered 238 of 823 clones (71.08%).
Filtered 826.0 of 2170.0 reads (61.94%).
Exporting IGK
Exporting clones: 0.3%
Filtered 360 of 823 clones (56.26%).
Filtered 823.0 of 2170.0 reads (62.07%).
