WARNING: sun.reflect.Reflection.getCallerClass is not supported. This will impact performance.

>>>>>>>>>>>>>>>>>>>>>>> mixcr align <<<<<<<<<<<<<<<<<<<<<<<
Running:
mixcr align --report /projects/rpci/songyao/pnfioric/arc_project/airr_calculation/tcr_quant/results/mixcr_RS-04396844.align.report.txt --json-report /projects/rpci/songyao/pnfioric/arc_project/airr_calculation/tcr_quant/results/mixcr_RS-04396844.align.report.json --threads 12 --preset rna-seq --save-output-file-names /projects/rpci/songyao/pnfioric/arc_project/airr_calculation/tcr_quant/results/mixcr_RS-04396844.align.list.tsv --species hsa /projects/rpci/songyao/pnfioric/arc_project/airr_calculation/fastq_files/RS-04396844/RS-04396844_STKS08008010-B9_RS-03710640_S183_R1_001.fastq.gz /projects/rpci/songyao/pnfioric/arc_project/airr_calculation/fastq_files/RS-04396844/RS-04396844_STKS08008010-B9_RS-03710640_S183_R2_001.fastq.gz /projects/rpci/songyao/pnfioric/arc_project/airr_calculation/tcr_quant/results/mixcr_RS-04396844.alignments.vdjca
Alignment: 0%
Alignment: 2.8%  ETA: 01:08:53
Alignment: 5.7%  ETA: 01:05:10
Alignment: 8.6%  ETA: 01:03:43
Alignment: 11.5%  ETA: 01:01:43
Alignment: 14.3%  ETA: 00:59:42
Alignment: 17.2%  ETA: 00:57:14
Alignment: 20.1%  ETA: 00:55:14
Alignment: 23%  ETA: 00:52:46
Alignment: 25.9%  ETA: 00:51:39
Alignment: 28.7%  ETA: 00:50:05
Alignment: 31.6%  ETA: 00:48:05
Alignment: 34.4%  ETA: 00:46:29
Alignment: 37.3%  ETA: 00:43:43
Alignment: 40.1%  ETA: 00:42:05
Alignment: 43%  ETA: 00:39:44
Alignment: 45.9%  ETA: 00:37:44
Alignment: 48.7%  ETA: 00:36:03
Alignment: 51.6%  ETA: 00:34:03
Alignment: 54.4%  ETA: 00:32:20
Alignment: 57.2%  ETA: 00:29:48
Alignment: 60.1%  ETA: 00:28:03
Alignment: 62.9%  ETA: 00:26:17
Alignment: 65.8%  ETA: 00:23:51
Alignment: 68.6%  ETA: 00:21:51
Alignment: 71.5%  ETA: 00:19:40
Alignment: 74.4%  ETA: 00:17:50
Alignment: 77.3%  ETA: 00:15:59
Alignment: 80.1%  ETA: 00:13:59
Alignment: 82.9%  ETA: 00:12:06
Alignment: 85.8%  ETA: 00:10:00
Alignment: 88.6%  ETA: 00:07:55
Alignment: 91.5%  ETA: 00:05:55
Alignment: 94.4%  ETA: 00:03:52
Alignment: 97.3%  ETA: 00:01:52
====================== report: align ======================
Analysis time: 69.93m
Total sequencing reads: 82851640
Successfully aligned reads: 27433 (0.03%)
Coverage (percent of successfully aligned):
  CDR3: 7232 (26.36%)
  FR3_TO_FR4: 102 (0.37%)
  CDR2_TO_FR4: 77 (0.28%)
  FR2_TO_FR4: 0 (0%)
  CDR1_TO_FR4: 0 (0%)
  VDJRegion: 0 (0%)
Alignment failed: no hits (not TCR/IG?): 81159982 (97.96%)
Alignment failed: no CDR3 parts: 59526 (0.07%)
Alignment failed: low total score: 1604699 (1.94%)
Overlapped: 75219525 (90.79%)
Overlapped and aligned: 25339 (0.03%)
Overlapped and not aligned: 75194186 (90.76%)
Alignment-aided overlaps, percent of overlapped and aligned: 578 (2.28%)
No CDR3 parts alignments, percent of successfully aligned: 823 (3%)
Partial aligned reads, percent of successfully aligned: 19378 (70.64%)
V gene chimeras: 5 (0%)
Realigned with forced non-floating bound: 15265386 (18.42%)
Realigned with forced non-floating right bound in left read: 925 (0%)
Realigned with forced non-floating left bound in right read: 925 (0%)
TRA chains: 802 (2.92%)
TRA non-functional: 8 (1%)
TRB chains: 461 (1.68%)
TRB non-functional: 0 (0%)
TRG chains: 36 (0.13%)
TRG non-functional: 4 (11.11%)
IGH chains: 9717 (35.42%)
IGH non-functional: 31 (0.32%)
TRAD chains: 25 (0.09%)
TRAD non-functional: 0 (0%)
IGK chains: 7668 (27.95%)
IGK non-functional: 131 (1.71%)
IGL chains: 8724 (31.8%)
IGL non-functional: 27 (0.31%)
Trimming report:
  R1 reads trimmed left: 196649 (0.24%)
  R1 reads trimmed right: 205696 (0.25%)
  Average R1 nucleotides trimmed left: 0.04034599677206148
  Average R1 nucleotides trimmed right: 0.045124936573373804
  R2 reads trimmed left: 195315 (0.24%)
  R2 reads trimmed right: 198813 (0.24%)
  Average R2 nucleotides trimmed left: 0.039404084216075864
  Average R2 nucleotides trimmed right: 0.04223321348859238

>>>>>>>>>>>>>>>>>> mixcr assemblePartial <<<<<<<<<<<<<<<<<<
Running:
mixcr assemblePartial --report /projects/rpci/songyao/pnfioric/arc_project/airr_calculation/tcr_quant/results/mixcr_RS-04396844.assemblePartial.report.txt --json-report /projects/rpci/songyao/pnfioric/arc_project/airr_calculation/tcr_quant/results/mixcr_RS-04396844.assemblePartial.report.json /projects/rpci/songyao/pnfioric/arc_project/airr_calculation/tcr_quant/results/mixcr_RS-04396844.alignments.vdjca /projects/rpci/songyao/pnfioric/arc_project/airr_calculation/tcr_quant/results/mixcr_RS-04396844.passembled.1.vdjca
Building index: 0%
Searching for overlaps: 0%
================= report: assemblePartial =================
Analysis time: 1.01s
Total alignments analysed: 27433
Number of output alignments: 27367 (99.76%)
Alignments already with CDR3 (no overlapping is performed): 7509 (27.37%)
Successfully overlapped alignments: 66 (0.24%)
Left parts with too small N-region (failed to extract k-mer): 3616 (13.18%)
Extracted k-mer diversity: 9470
Dropped due to wildcard in k-mer: 0 (0%)
Dropped due to too short NRegion parts in overlap: 180 (0.66%)
Dropped overlaps with empty N region due to no complete NDN coverage: 7 (0.03%)
Number of left-side alignments: 3131 (11.41%)
Number of right-side alignments: 13317 (48.54%)
Complex overlaps: 0 (0%)
Over-overlaps: 0 (0%)
Partial alignments written to output: 19792 (72.15%)

>>>>>>>>>>>>>>>>>> mixcr assemblePartial <<<<<<<<<<<<<<<<<<
Running:
mixcr assemblePartial --report /projects/rpci/songyao/pnfioric/arc_project/airr_calculation/tcr_quant/results/mixcr_RS-04396844.assemblePartial.report.txt --json-report /projects/rpci/songyao/pnfioric/arc_project/airr_calculation/tcr_quant/results/mixcr_RS-04396844.assemblePartial.report.json /projects/rpci/songyao/pnfioric/arc_project/airr_calculation/tcr_quant/results/mixcr_RS-04396844.passembled.1.vdjca /projects/rpci/songyao/pnfioric/arc_project/airr_calculation/tcr_quant/results/mixcr_RS-04396844.passembled.2.vdjca
Building index: 0%
Searching for overlaps: 0%
================= report: assemblePartial =================
Analysis time: 543ms
Total alignments analysed: 27367
Number of output alignments: 27367 (100%)
Alignments already with CDR3 (no overlapping is performed): 7575 (27.68%)
Successfully overlapped alignments: 0 (0%)
Left parts with too small N-region (failed to extract k-mer): 3616 (13.21%)
Extracted k-mer diversity: 9429
Dropped due to wildcard in k-mer: 0 (0%)
Dropped due to too short NRegion parts in overlap: 177 (0.65%)
Dropped overlaps with empty N region due to no complete NDN coverage: 10 (0.04%)
Number of left-side alignments: 3065 (11.2%)
Number of right-side alignments: 13248 (48.41%)
Complex overlaps: 0 (0%)
Over-overlaps: 0 (0%)
Partial alignments written to output: 19792 (72.32%)

>>>>>>>>>>>>>>>>>>>>>>> mixcr extend <<<<<<<<<<<<<<<<<<<<<<<
Running:
mixcr extend --report /projects/rpci/songyao/pnfioric/arc_project/airr_calculation/tcr_quant/results/mixcr_RS-04396844.extend.report.txt --json-report /projects/rpci/songyao/pnfioric/arc_project/airr_calculation/tcr_quant/results/mixcr_RS-04396844.extend.report.json --threads 12 /projects/rpci/songyao/pnfioric/arc_project/airr_calculation/tcr_quant/results/mixcr_RS-04396844.passembled.2.vdjca /projects/rpci/songyao/pnfioric/arc_project/airr_calculation/tcr_quant/results/mixcr_RS-04396844.extended.vdjca
Extending alignments: 0%
====================== report: extend ======================
Analysis time: 393ms
Extended alignments count: 2 (0.01%)
V extensions total: 0 (0%)
V extensions with merged targets: 0 (0%)
J extensions total: 2 (0.01%)
J extensions with merged targets: 0 (0%)
V+J extensions: 0 (0%)
Mean V extension length: NaN
Mean J extension length: 17.0

>>>>>>>>>>>>>>>>>>>>>> mixcr assemble <<<<<<<<<<<<<<<<<<<<<<
Running:
mixcr assemble --report /projects/rpci/songyao/pnfioric/arc_project/airr_calculation/tcr_quant/results/mixcr_RS-04396844.assemble.report.txt --json-report /projects/rpci/songyao/pnfioric/arc_project/airr_calculation/tcr_quant/results/mixcr_RS-04396844.assemble.report.json /projects/rpci/songyao/pnfioric/arc_project/airr_calculation/tcr_quant/results/mixcr_RS-04396844.extended.vdjca /projects/rpci/songyao/pnfioric/arc_project/airr_calculation/tcr_quant/results/mixcr_RS-04396844.clna
Initialization: progress unknown
Building clones: 46.2%
Initialization: progress unknown
Writing alignments: 76.3%
Writing alignments: 94.2%  ETA: 00:00:00
===================== report: assemble =====================
Analysis time: 2.07s
Final clonotype count: 1397
Reads used in clonotypes, percent of total: 7280 (0.01%)
Average number of reads per clonotype: 5.21
Reads dropped due to the lack of a clone sequence, percent of total: 20067 (0.02%)
Reads dropped due to a too short clonal sequence, percent of total: 0 (0%)
Reads dropped due to low quality, percent of total: 0 (0%)
Reads dropped due to failed mapping, percent of total: 85 (0%)
Reads dropped with low quality clones, percent of total: 0 (0%)
Aligned reads processed: 7366
Reads used in clonotypes before clustering, percent of total: 7281 (0.01%)
Number of reads used as a core, percent of used: 7227 (99.26%)
Mapped low quality reads, percent of used: 54 (0.74%)
Reads clustered in PCR error correction, percent of used: 1 (0.01%)
Reads pre-clustered due to the similar VJC-lists, percent of used: 0 (0%)
Clonotypes dropped as low quality: 0
Clonotypes eliminated by PCR error correction: 1
Clonotypes pre-clustered due to the similar VJC-lists: 0
Clones dropped in post filtering: 0 (0%)
Reads dropped in post filtering: 0.0 (0%)
Reads filtered by tag prefix: 0 (0%)
TRA chains: 10 (0.72%)
TRA non-functional: 4 (40%)
TRB chains: 4 (0.29%)
TRB non-functional: 0 (0%)
TRG chains: 2 (0.14%)
TRG non-functional: 1 (50%)
IGH chains: 423 (30.28%)
IGH non-functional: 4 (0.95%)
IGK chains: 612 (43.81%)
IGK non-functional: 23 (3.76%)
IGL chains: 346 (24.77%)
IGL non-functional: 5 (1.45%)

>>>>>>>>>>>>>>>>>> mixcr assembleContigs <<<<<<<<<<<<<<<<<<
Running:
mixcr assembleContigs --report /projects/rpci/songyao/pnfioric/arc_project/airr_calculation/tcr_quant/results/mixcr_RS-04396844.assembleContigs.report.txt --json-report /projects/rpci/songyao/pnfioric/arc_project/airr_calculation/tcr_quant/results/mixcr_RS-04396844.assembleContigs.report.json --threads 12 /projects/rpci/songyao/pnfioric/arc_project/airr_calculation/tcr_quant/results/mixcr_RS-04396844.clna /projects/rpci/songyao/pnfioric/arc_project/airr_calculation/tcr_quant/results/mixcr_RS-04396844.contigs.clns
Assembling contigs: 0%
================= report: assembleContigs =================
Analysis time: 1.14s
Initial clonotype count: 1397
Final clonotype count: 1397 (100%)
Canceled assemblies: 0 (0%)
Clones filtered out after assemble: 0 (0%)
Number of premature termination assembly events, percent of number of initial clonotypes: 0.0 (0%)
Longest contig length: 294
Clustered variants: 0 (0%)
Reads in clustered variants: 0.0 (0%)
Reads in divided (newly created) clones: 0.0 (0%)
Clones with ambiguous letters in splitting region: 0 (0%)
Reads in clones with ambiguous letters in splitting region: 0.0 (0%)
Average number of ambiguous letters per clone with ambiguous letters in splitting region: NaN
Clones combined after clustering: 0 (0%)

>>>>>>>>>>>>>>>>>>>>>>>>> mixcr qc <<<<<<<<<<<<<<<<<<<<<<<<<
Running:
mixcr qc --print-to-stdout /projects/rpci/songyao/pnfioric/arc_project/airr_calculation/tcr_quant/results/mixcr_RS-04396844.contigs.clns /projects/rpci/songyao/pnfioric/arc_project/airr_calculation/tcr_quant/results/mixcr_RS-04396844.qc.txt /projects/rpci/songyao/pnfioric/arc_project/airr_calculation/tcr_quant/results/mixcr_RS-04396844.qc.json

  Alignments dropped due to low sequence quality: 0.0% [OK]

>>>>>>>>>>>>>>>>>>>> mixcr exportClones <<<<<<<<<<<<<<<<<<<<
Running:
mixcr exportClones /projects/rpci/songyao/pnfioric/arc_project/airr_calculation/tcr_quant/results/mixcr_RS-04396844.contigs.clns /projects/rpci/songyao/pnfioric/arc_project/airr_calculation/tcr_quant/results/mixcr_RS-04396844.clones.tsv
Analysis finished successfully.
===============================
Visualize results and simplify your immune data analysis with a convenient UI.
Explore and install Platforma.bio here: https://platforma.bio
