Exporting TRB
Exporting clones: 100%
Filtered 1 of 1440 clones (99.93%).
Filtered 2.0 of 14197.0 reads (99.99%).
Exporting TRA
Exporting clones: 50%
Filtered 2 of 1440 clones (99.86%).
Filtered 4.0 of 14197.0 reads (99.97%).
Exporting IGH
Exporting clones: 0.2%
Filtered 547 of 1440 clones (62.01%).
Filtered 4005.0 of 14197.0 reads (71.79%).
Exporting IGL
Exporting clones: 0.3%
Filtered 303 of 1440 clones (78.96%).
Filtered 2440.0 of 14197.0 reads (82.81%).
Exporting IGK
Exporting clones: 0.7%
Filtered 587 of 1440 clones (59.24%).
Filtered 7746.0 of 14197.0 reads (45.44%).
