Exporting TRB
Exporting clones: 16.7%
Filtered 6 of 946 clones (99.37%).
Filtered 11.0 of 1846.0 reads (99.4%).
Exporting TRA
Exporting clones: 10%
Filtered 10 of 946 clones (98.94%).
Filtered 17.0 of 1846.0 reads (99.08%).
Exporting IGH
Exporting clones: 0.4%
Filtered 279 of 946 clones (70.51%).
Filtered 550.0 of 1846.0 reads (70.21%).
Exporting TRG
Exporting clones: 66.7%
Filtered 3 of 946 clones (99.68%).
Filtered 5.0 of 1846.0 reads (99.73%).
Exporting IGL
Exporting clones: 0.5%
Filtered 214 of 946 clones (77.38%).
Filtered 401.0 of 1846.0 reads (78.28%).
Exporting IGK
Exporting clones: 0.2%
Filtered 434 of 946 clones (54.12%).
Filtered 862.0 of 1846.0 reads (53.3%).
