Exporting TRB
Exporting clones: 14.3%
Filtered 7 of 141 clones (95.04%).
Filtered 42.0 of 1034.0 reads (95.94%).
Exporting TRA
Exporting clones: 14.3%
Filtered 7 of 141 clones (95.04%).
Filtered 30.0 of 1034.0 reads (97.1%).
Exporting IGH
Exporting clones: 2.3%
Filtered 44 of 141 clones (68.79%).
Filtered 241.0 of 1034.0 reads (76.69%).
Exporting TRG
Exporting clones: 100%
Filtered 1 of 141 clones (99.29%).
Filtered 6.0 of 1034.0 reads (99.42%).
Exporting IGL
Exporting clones: 2.8%
Filtered 36 of 141 clones (74.47%).
Filtered 271.0 of 1034.0 reads (73.79%).
Exporting IGK
Exporting clones: 2.2%
Filtered 46 of 141 clones (67.38%).
Filtered 444.0 of 1034.0 reads (57.06%).
