Exporting TRB
Exporting clones: 10%
Filtered 10 of 373 clones (97.32%).
Filtered 14.0 of 1030.0 reads (98.64%).
Exporting TRA
Exporting clones: 12.5%
Filtered 8 of 373 clones (97.86%).
Filtered 10.0 of 1030.0 reads (99.03%).
Exporting IGH
Exporting clones: 0.9%
Filtered 106 of 373 clones (71.58%).
Filtered 278.0 of 1030.0 reads (73.01%).
Exporting TRG
Exporting clones: 33.3%
Filtered 3 of 373 clones (99.2%).
Filtered 4.0 of 1030.0 reads (99.61%).
Exporting IGL
Exporting clones: 1.6%
Filtered 64 of 373 clones (82.84%).
Filtered 175.0 of 1030.0 reads (83.01%).
Exporting IGK
Exporting clones: 0.5%
Filtered 182 of 373 clones (51.21%).
Filtered 549.0 of 1030.0 reads (46.7%).
