Exporting TRB
Exporting clones: 16.7%
Filtered 6 of 2900 clones (99.79%).
Filtered 14.0 of 11395.0 reads (99.88%).
Exporting TRA
Exporting clones: 25%
Filtered 4 of 2900 clones (99.86%).
Filtered 5.0 of 11395.0 reads (99.96%).
Exporting IGH
Exporting clones: 0.1%
Filtered 881 of 2900 clones (69.62%).
Filtered 3039.0 of 11395.0 reads (73.33%).
Exporting TRG
Exporting clones: 100%
Filtered 2 of 2900 clones (99.93%).
Filtered 9.0 of 11395.0 reads (99.92%).
Exporting IGL
Exporting clones: 0.6%
Filtered 727 of 2900 clones (74.93%).
Filtered 3019.0 of 11395.0 reads (73.51%).
Exporting IGK
Exporting clones: 0.1%
Filtered 1280 of 2900 clones (55.86%).
Filtered 5309.0 of 11395.0 reads (53.41%).
