WARNING: sun.reflect.Reflection.getCallerClass is not supported. This will impact performance.

>>>>>>>>>>>>>>>>>>>>>>> mixcr align <<<<<<<<<<<<<<<<<<<<<<<
Running:
mixcr align --report /projects/rpci/songyao/pnfioric/arc_project/airr_calculation/tcr_quant/results/mixcr_RS-04396848.align.report.txt --json-report /projects/rpci/songyao/pnfioric/arc_project/airr_calculation/tcr_quant/results/mixcr_RS-04396848.align.report.json --threads 12 --preset rna-seq --save-output-file-names /projects/rpci/songyao/pnfioric/arc_project/airr_calculation/tcr_quant/results/mixcr_RS-04396848.align.list.tsv --species hsa /projects/rpci/songyao/pnfioric/arc_project/airr_calculation/fastq_files/RS-04396848/RS-04396848_VALS06011027-J_RS-03722225_S187_R1_001.fastq.gz /projects/rpci/songyao/pnfioric/arc_project/airr_calculation/fastq_files/RS-04396848/RS-04396848_VALS06011027-J_RS-03722225_S187_R2_001.fastq.gz /projects/rpci/songyao/pnfioric/arc_project/airr_calculation/tcr_quant/results/mixcr_RS-04396848.alignments.vdjca
Alignment: 0%
Alignment: 3%  ETA: 01:03:57
Alignment: 6.1%  ETA: 01:00:49
Alignment: 9.2%  ETA: 00:59:21
Alignment: 12.3%  ETA: 00:56:50
Alignment: 15.4%  ETA: 00:54:50
Alignment: 18.5%  ETA: 00:51:54
Alignment: 21.6%  ETA: 00:50:21
Alignment: 24.7%  ETA: 00:49:14
Alignment: 27.7%  ETA: 00:47:14
Alignment: 30.8%  ETA: 00:45:14
Alignment: 33.8%  ETA: 00:43:38
Alignment: 36.9%  ETA: 00:41:38
Alignment: 39.9%  ETA: 00:39:16
Alignment: 43%  ETA: 00:36:55
Alignment: 46.1%  ETA: 00:35:15
Alignment: 49.1%  ETA: 00:32:57
Alignment: 52.2%  ETA: 00:31:32
Alignment: 55.2%  ETA: 00:29:15
Alignment: 58.3%  ETA: 00:27:31
Alignment: 61.3%  ETA: 00:25:31
Alignment: 64.4%  ETA: 00:23:17
Alignment: 67.5%  ETA: 00:20:53
Alignment: 70.5%  ETA: 00:19:15
Alignment: 73.6%  ETA: 00:17:05
Alignment: 76.7%  ETA: 00:15:05
Alignment: 79.7%  ETA: 00:13:21
Alignment: 82.8%  ETA: 00:11:21
Alignment: 85.8%  ETA: 00:09:21
Alignment: 88.9%  ETA: 00:07:11
Alignment: 92%  ETA: 00:05:15
Alignment: 95%  ETA: 00:03:12
Alignment: 98.2%  ETA: 00:01:10
====================== report: align ======================
Analysis time: 65.24m
Total sequencing reads: 72102214
Successfully aligned reads: 4021 (0.01%)
Coverage (percent of successfully aligned):
  CDR3: 791 (19.67%)
  FR3_TO_FR4: 6 (0.15%)
  CDR2_TO_FR4: 5 (0.12%)
  FR2_TO_FR4: 0 (0%)
  CDR1_TO_FR4: 0 (0%)
  VDJRegion: 2 (0.05%)
Alignment failed: no hits (not TCR/IG?): 70524072 (97.81%)
Alignment failed: no CDR3 parts: 15736 (0.02%)
Alignment failed: low total score: 1558385 (2.16%)
Overlapped: 63127431 (87.55%)
Overlapped and aligned: 3673 (0.01%)
Overlapped and not aligned: 63123758 (87.55%)
Alignment-aided overlaps, percent of overlapped and aligned: 96 (2.61%)
No CDR3 parts alignments, percent of successfully aligned: 91 (2.26%)
Partial aligned reads, percent of successfully aligned: 3139 (78.07%)
J gene chimeras: 6 (0%)
Realigned with forced non-floating bound: 17949758 (24.89%)
Realigned with forced non-floating right bound in left read: 738 (0%)
Realigned with forced non-floating left bound in right read: 738 (0%)
TRA chains: 350 (8.7%)
TRA non-functional: 1 (0.29%)
TRB chains: 199 (4.95%)
TRB non-functional: 6 (3.02%)
TRD chains: 25 (0.62%)
TRD non-functional: 0 (0%)
TRG chains: 13 (0.32%)
TRG non-functional: 3 (23.08%)
IGH chains: 1439 (35.79%)
IGH non-functional: 2 (0.14%)
TRAD chains: 11 (0.27%)
TRAD non-functional: 0 (0%)
IGK chains: 825 (20.52%)
IGK non-functional: 19 (2.3%)
IGL chains: 1159 (28.82%)
IGL non-functional: 1 (0.09%)
Trimming report:
  R1 reads trimmed left: 178479 (0.25%)
  R1 reads trimmed right: 184916 (0.26%)
  Average R1 nucleotides trimmed left: 0.04207844435955878
  Average R1 nucleotides trimmed right: 0.04694749040577312
  R2 reads trimmed left: 178624 (0.25%)
  R2 reads trimmed right: 180131 (0.25%)
  Average R2 nucleotides trimmed left: 0.04145763124555371
  Average R2 nucleotides trimmed right: 0.04428547783567367

>>>>>>>>>>>>>>>>>> mixcr assemblePartial <<<<<<<<<<<<<<<<<<
Running:
mixcr assemblePartial --report /projects/rpci/songyao/pnfioric/arc_project/airr_calculation/tcr_quant/results/mixcr_RS-04396848.assemblePartial.report.txt --json-report /projects/rpci/songyao/pnfioric/arc_project/airr_calculation/tcr_quant/results/mixcr_RS-04396848.assemblePartial.report.json /projects/rpci/songyao/pnfioric/arc_project/airr_calculation/tcr_quant/results/mixcr_RS-04396848.alignments.vdjca /projects/rpci/songyao/pnfioric/arc_project/airr_calculation/tcr_quant/results/mixcr_RS-04396848.passembled.1.vdjca
Building index: 0%
Searching for overlaps: 0%
================= report: assemblePartial =================
Analysis time: 239ms
Total alignments analysed: 4021
Number of output alignments: 4015 (99.85%)
Alignments already with CDR3 (no overlapping is performed): 859 (21.36%)
Successfully overlapped alignments: 6 (0.15%)
Left parts with too small N-region (failed to extract k-mer): 731 (18.18%)
Extracted k-mer diversity: 3340
Dropped due to wildcard in k-mer: 0 (0%)
Dropped due to too short NRegion parts in overlap: 16 (0.4%)
Dropped overlaps with empty N region due to no complete NDN coverage: 0 (0%)
Number of left-side alignments: 568 (14.13%)
Number of right-side alignments: 1870 (46.51%)
Complex overlaps: 0 (0%)
Over-overlaps: 0 (0%)
Partial alignments written to output: 3150 (78.34%)

>>>>>>>>>>>>>>>>>> mixcr assemblePartial <<<<<<<<<<<<<<<<<<
Running:
mixcr assemblePartial --report /projects/rpci/songyao/pnfioric/arc_project/airr_calculation/tcr_quant/results/mixcr_RS-04396848.assemblePartial.report.txt --json-report /projects/rpci/songyao/pnfioric/arc_project/airr_calculation/tcr_quant/results/mixcr_RS-04396848.assemblePartial.report.json /projects/rpci/songyao/pnfioric/arc_project/airr_calculation/tcr_quant/results/mixcr_RS-04396848.passembled.1.vdjca /projects/rpci/songyao/pnfioric/arc_project/airr_calculation/tcr_quant/results/mixcr_RS-04396848.passembled.2.vdjca
Building index: 0%
Searching for overlaps: 0.2%
================= report: assemblePartial =================
Analysis time: 97ms
Total alignments analysed: 4015
Number of output alignments: 4015 (100%)
Alignments already with CDR3 (no overlapping is performed): 865 (21.54%)
Successfully overlapped alignments: 0 (0%)
Left parts with too small N-region (failed to extract k-mer): 731 (18.21%)
Extracted k-mer diversity: 3332
Dropped due to wildcard in k-mer: 0 (0%)
Dropped due to too short NRegion parts in overlap: 16 (0.4%)
Dropped overlaps with empty N region due to no complete NDN coverage: 0 (0%)
Number of left-side alignments: 562 (14%)
Number of right-side alignments: 1864 (46.43%)
Complex overlaps: 0 (0%)
Over-overlaps: 0 (0%)
Partial alignments written to output: 3150 (78.46%)

>>>>>>>>>>>>>>>>>>>>>>> mixcr extend <<<<<<<<<<<<<<<<<<<<<<<
Running:
mixcr extend --report /projects/rpci/songyao/pnfioric/arc_project/airr_calculation/tcr_quant/results/mixcr_RS-04396848.extend.report.txt --json-report /projects/rpci/songyao/pnfioric/arc_project/airr_calculation/tcr_quant/results/mixcr_RS-04396848.extend.report.json --threads 12 /projects/rpci/songyao/pnfioric/arc_project/airr_calculation/tcr_quant/results/mixcr_RS-04396848.passembled.2.vdjca /projects/rpci/songyao/pnfioric/arc_project/airr_calculation/tcr_quant/results/mixcr_RS-04396848.extended.vdjca
Extending alignments: 0%
====================== report: extend ======================
Analysis time: 35ms
Extended alignments count: 5 (0.12%)
V extensions total: 0 (0%)
V extensions with merged targets: 0 (0%)
J extensions total: 5 (0.12%)
J extensions with merged targets: 1 (0.02%)
V+J extensions: 0 (0%)
Mean V extension length: NaN
Mean J extension length: 2.4

>>>>>>>>>>>>>>>>>>>>>> mixcr assemble <<<<<<<<<<<<<<<<<<<<<<
Running:
mixcr assemble --report /projects/rpci/songyao/pnfioric/arc_project/airr_calculation/tcr_quant/results/mixcr_RS-04396848.assemble.report.txt --json-report /projects/rpci/songyao/pnfioric/arc_project/airr_calculation/tcr_quant/results/mixcr_RS-04396848.assemble.report.json /projects/rpci/songyao/pnfioric/arc_project/airr_calculation/tcr_quant/results/mixcr_RS-04396848.extended.vdjca /projects/rpci/songyao/pnfioric/arc_project/airr_calculation/tcr_quant/results/mixcr_RS-04396848.clna
Initialization: progress unknown
Initialization: progress unknown
===================== report: assemble =====================
Analysis time: 840ms
Final clonotype count: 336
Reads used in clonotypes, percent of total: 773 (0%)
Average number of reads per clonotype: 2.3
Reads dropped due to the lack of a clone sequence, percent of total: 3213 (0%)
Reads dropped due to a too short clonal sequence, percent of total: 0 (0%)
Reads dropped due to low quality, percent of total: 0 (0%)
Reads dropped due to failed mapping, percent of total: 35 (0%)
Reads dropped with low quality clones, percent of total: 0 (0%)
Aligned reads processed: 808
Reads used in clonotypes before clustering, percent of total: 773 (0%)
Number of reads used as a core, percent of used: 766 (99.09%)
Mapped low quality reads, percent of used: 7 (0.91%)
Reads clustered in PCR error correction, percent of used: 0 (0%)
Reads pre-clustered due to the similar VJC-lists, percent of used: 0 (0%)
Clonotypes dropped as low quality: 0
Clonotypes eliminated by PCR error correction: 0
Clonotypes pre-clustered due to the similar VJC-lists: 0
Clones dropped in post filtering: 0 (0%)
Reads dropped in post filtering: 0.0 (0%)
Reads filtered by tag prefix: 0 (0%)
TRA chains: 1 (0.3%)
TRA non-functional: 1 (100%)
TRB chains: 9 (2.68%)
TRB non-functional: 2 (22.22%)
TRG chains: 1 (0.3%)
TRG non-functional: 1 (100%)
IGH chains: 95 (28.27%)
IGH non-functional: 2 (2.11%)
IGK chains: 151 (44.94%)
IGK non-functional: 9 (5.96%)
IGL chains: 79 (23.51%)
IGL non-functional: 1 (1.27%)

>>>>>>>>>>>>>>>>>> mixcr assembleContigs <<<<<<<<<<<<<<<<<<
Running:
mixcr assembleContigs --report /projects/rpci/songyao/pnfioric/arc_project/airr_calculation/tcr_quant/results/mixcr_RS-04396848.assembleContigs.report.txt --json-report /projects/rpci/songyao/pnfioric/arc_project/airr_calculation/tcr_quant/results/mixcr_RS-04396848.assembleContigs.report.json --threads 12 /projects/rpci/songyao/pnfioric/arc_project/airr_calculation/tcr_quant/results/mixcr_RS-04396848.clna /projects/rpci/songyao/pnfioric/arc_project/airr_calculation/tcr_quant/results/mixcr_RS-04396848.contigs.clns
Assembling contigs: 0%
================= report: assembleContigs =================
Analysis time: 640ms
Initial clonotype count: 336
Final clonotype count: 336 (100%)
Canceled assemblies: 0 (0%)
Clones filtered out after assemble: 0 (0%)
Number of premature termination assembly events, percent of number of initial clonotypes: 0.0 (0%)
Longest contig length: 329
Clustered variants: 0 (0%)
Reads in clustered variants: 0.0 (0%)
Reads in divided (newly created) clones: 0.0 (0%)
Clones with ambiguous letters in splitting region: 0 (0%)
Reads in clones with ambiguous letters in splitting region: 0.0 (0%)
Average number of ambiguous letters per clone with ambiguous letters in splitting region: NaN
Clones combined after clustering: 0 (0%)

>>>>>>>>>>>>>>>>>>>>>>>>> mixcr qc <<<<<<<<<<<<<<<<<<<<<<<<<
Running:
mixcr qc --print-to-stdout /projects/rpci/songyao/pnfioric/arc_project/airr_calculation/tcr_quant/results/mixcr_RS-04396848.contigs.clns /projects/rpci/songyao/pnfioric/arc_project/airr_calculation/tcr_quant/results/mixcr_RS-04396848.qc.txt /projects/rpci/songyao/pnfioric/arc_project/airr_calculation/tcr_quant/results/mixcr_RS-04396848.qc.json

  Alignments dropped due to low sequence quality: 0.0% [OK]

>>>>>>>>>>>>>>>>>>>> mixcr exportClones <<<<<<<<<<<<<<<<<<<<
Running:
mixcr exportClones /projects/rpci/songyao/pnfioric/arc_project/airr_calculation/tcr_quant/results/mixcr_RS-04396848.contigs.clns /projects/rpci/songyao/pnfioric/arc_project/airr_calculation/tcr_quant/results/mixcr_RS-04396848.clones.tsv
Analysis finished successfully.
===============================
Visualize results and simplify your immune data analysis with a convenient UI.
Explore and install Platforma.bio here: https://platforma.bio
