WARNING: sun.reflect.Reflection.getCallerClass is not supported. This will impact performance.

>>>>>>>>>>>>>>>>>>>>>>> mixcr align <<<<<<<<<<<<<<<<<<<<<<<
Running:
mixcr align --report /projects/rpci/songyao/pnfioric/arc_project/airr_calculation/tcr_quant/results/mixcr_RS-04367508.align.report.txt --json-report /projects/rpci/songyao/pnfioric/arc_project/airr_calculation/tcr_quant/results/mixcr_RS-04367508.align.report.json --threads 12 --preset rna-seq --save-output-file-names /projects/rpci/songyao/pnfioric/arc_project/airr_calculation/tcr_quant/results/mixcr_RS-04367508.align.list.tsv --species hsa /projects/rpci/songyao/pnfioric/arc_project/airr_calculation/fastq_files/RS-04367508/RS-04367508_RWCS06004106-G_RS-03767742_S174_R1_001.fastq.gz /projects/rpci/songyao/pnfioric/arc_project/airr_calculation/fastq_files/RS-04367508/RS-04367508_RWCS06004106-G_RS-03767742_S174_R2_001.fastq.gz /projects/rpci/songyao/pnfioric/arc_project/airr_calculation/tcr_quant/results/mixcr_RS-04367508.alignments.vdjca
Alignment: 0%
Alignment: 3.2%  ETA: 01:00:23
Alignment: 6.4%  ETA: 00:58:23
Alignment: 9.7%  ETA: 00:54:50
Alignment: 12.9%  ETA: 00:53:49
Alignment: 16.1%  ETA: 00:52:48
Alignment: 19.3%  ETA: 00:50:48
Alignment: 22.5%  ETA: 00:47:53
Alignment: 25.7%  ETA: 00:46:19
Alignment: 28.9%  ETA: 00:45:10
Alignment: 32.1%  ETA: 00:42:45
Alignment: 35.3%  ETA: 00:40:22
Alignment: 38.4%  ETA: 00:39:07
Alignment: 41.6%  ETA: 00:37:07
Alignment: 44.7%  ETA: 00:34:46
Alignment: 47.9%  ETA: 00:32:47
Alignment: 51.1%  ETA: 00:30:46
Alignment: 54.3%  ETA: 00:28:30
Alignment: 57.5%  ETA: 00:26:30
Alignment: 60.7%  ETA: 00:24:16
Alignment: 63.9%  ETA: 00:22:56
Alignment: 67.1%  ETA: 00:20:43
Alignment: 70.3%  ETA: 00:18:43
Alignment: 73.4%  ETA: 00:16:43
Alignment: 76.6%  ETA: 00:14:52
Alignment: 79.8%  ETA: 00:12:36
Alignment: 83%  ETA: 00:10:36
Alignment: 86.2%  ETA: 00:08:30
Alignment: 89.4%  ETA: 00:06:35
Alignment: 92.6%  ETA: 00:04:35
Alignment: 95.8%  ETA: 00:02:35
Alignment: 99.1%  ETA: 00:00:34
====================== report: align ======================
Analysis time: 62.62m
Total sequencing reads: 66561542
Successfully aligned reads: 54819 (0.08%)
Coverage (percent of successfully aligned):
  CDR3: 16149 (29.46%)
  FR3_TO_FR4: 115 (0.21%)
  CDR2_TO_FR4: 38 (0.07%)
  FR2_TO_FR4: 4 (0.01%)
  CDR1_TO_FR4: 3 (0.01%)
  VDJRegion: 11 (0.02%)
Alignment failed: no hits (not TCR/IG?): 64734138 (97.25%)
Alignment failed after alignment-aided overlap: 11 (0%)
Alignment failed: no CDR3 parts: 98041 (0.15%)
Alignment failed: low total score: 1674533 (2.52%)
Overlapped: 59175565 (88.9%)
Overlapped and aligned: 52536 (0.08%)
Overlapped and not aligned: 59123029 (88.82%)
Alignment-aided overlaps, percent of overlapped and aligned: 875 (1.67%)
No CDR3 parts alignments, percent of successfully aligned: 810 (1.48%)
Partial aligned reads, percent of successfully aligned: 37860 (69.06%)
V gene chimeras: 6 (0%)
J gene chimeras: 18 (0%)
Paired-end alignment conflicts eliminated: 2 (0%)
Realigned with forced non-floating bound: 14773704 (22.2%)
Realigned with forced non-floating right bound in left read: 1009 (0%)
Realigned with forced non-floating left bound in right read: 1009 (0%)
TRA chains: 4402 (8.03%)
TRA non-functional: 13 (0.3%)
TRB chains: 1168 (2.13%)
TRB non-functional: 4 (0.34%)
TRD chains: 41 (0.07%)
TRD non-functional: 0 (0%)
TRG chains: 190 (0.35%)
TRG non-functional: 24 (12.63%)
IGH chains: 18879 (34.44%)
IGH non-functional: 76 (0.4%)
TRAD chains: 87 (0.16%)
TRAD non-functional: 0 (0%)
IGK chains: 12467 (22.74%)
IGK non-functional: 264 (2.12%)
IGL chains: 17585 (32.08%)
IGL non-functional: 95 (0.54%)
Trimming report:
  R1 reads trimmed left: 27425 (0.04%)
  R1 reads trimmed right: 28694 (0.04%)
  Average R1 nucleotides trimmed left: 0.007003759017481897
  Average R1 nucleotides trimmed right: 0.0075800978288634
  R2 reads trimmed left: 28981 (0.04%)
  R2 reads trimmed right: 30020 (0.05%)
  Average R2 nucleotides trimmed left: 0.00695365500997558
  Average R2 nucleotides trimmed right: 0.008598193232963262

>>>>>>>>>>>>>>>>>> mixcr assemblePartial <<<<<<<<<<<<<<<<<<
Running:
mixcr assemblePartial --report /projects/rpci/songyao/pnfioric/arc_project/airr_calculation/tcr_quant/results/mixcr_RS-04367508.assemblePartial.report.txt --json-report /projects/rpci/songyao/pnfioric/arc_project/airr_calculation/tcr_quant/results/mixcr_RS-04367508.assemblePartial.report.json /projects/rpci/songyao/pnfioric/arc_project/airr_calculation/tcr_quant/results/mixcr_RS-04367508.alignments.vdjca /projects/rpci/songyao/pnfioric/arc_project/airr_calculation/tcr_quant/results/mixcr_RS-04367508.passembled.1.vdjca
Building index: 0%
Searching for overlaps: 0%
Searching for overlaps: 31.2%  ETA: 00:00:02
Searching for overlaps: 62.5%  ETA: 00:00:01
Searching for overlaps: 93.7%  ETA: 00:00:00
================= report: assemblePartial =================
Analysis time: 3.77s
Total alignments analysed: 54819
Number of output alignments: 54254 (98.97%)
Alignments already with CDR3 (no overlapping is performed): 16895 (30.82%)
Successfully overlapped alignments: 565 (1.03%)
Left parts with too small N-region (failed to extract k-mer): 14873 (27.13%)
Extracted k-mer diversity: 19955
Dropped due to wildcard in k-mer: 0 (0%)
Dropped due to too short NRegion parts in overlap: 482 (0.88%)
Dropped overlaps with empty N region due to no complete NDN coverage: 13 (0.02%)
Number of left-side alignments: 6400 (11.67%)
Number of right-side alignments: 16777 (30.6%)
Complex overlaps: 0 (0%)
Over-overlaps: 0 (0%)
Partial alignments written to output: 36794 (67.12%)

>>>>>>>>>>>>>>>>>> mixcr assemblePartial <<<<<<<<<<<<<<<<<<
Running:
mixcr assemblePartial --report /projects/rpci/songyao/pnfioric/arc_project/airr_calculation/tcr_quant/results/mixcr_RS-04367508.assemblePartial.report.txt --json-report /projects/rpci/songyao/pnfioric/arc_project/airr_calculation/tcr_quant/results/mixcr_RS-04367508.assemblePartial.report.json /projects/rpci/songyao/pnfioric/arc_project/airr_calculation/tcr_quant/results/mixcr_RS-04367508.passembled.1.vdjca /projects/rpci/songyao/pnfioric/arc_project/airr_calculation/tcr_quant/results/mixcr_RS-04367508.passembled.2.vdjca
Building index: 0%
Searching for overlaps: 0%
================= report: assemblePartial =================
Analysis time: 1.21s
Total alignments analysed: 54254
Number of output alignments: 54252 (100%)
Alignments already with CDR3 (no overlapping is performed): 17460 (32.18%)
Successfully overlapped alignments: 2 (0%)
Left parts with too small N-region (failed to extract k-mer): 14866 (27.4%)
Extracted k-mer diversity: 19257
Dropped due to wildcard in k-mer: 0 (0%)
Dropped due to too short NRegion parts in overlap: 440 (0.81%)
Dropped overlaps with empty N region due to no complete NDN coverage: 12 (0.02%)
Number of left-side alignments: 5833 (10.75%)
Number of right-side alignments: 16208 (29.87%)
Complex overlaps: 0 (0%)
Over-overlaps: 0 (0%)
Partial alignments written to output: 36790 (67.81%)

>>>>>>>>>>>>>>>>>>>>>>> mixcr extend <<<<<<<<<<<<<<<<<<<<<<<
Running:
mixcr extend --report /projects/rpci/songyao/pnfioric/arc_project/airr_calculation/tcr_quant/results/mixcr_RS-04367508.extend.report.txt --json-report /projects/rpci/songyao/pnfioric/arc_project/airr_calculation/tcr_quant/results/mixcr_RS-04367508.extend.report.json --threads 12 /projects/rpci/songyao/pnfioric/arc_project/airr_calculation/tcr_quant/results/mixcr_RS-04367508.passembled.2.vdjca /projects/rpci/songyao/pnfioric/arc_project/airr_calculation/tcr_quant/results/mixcr_RS-04367508.extended.vdjca
Extending alignments: 0%
====================== report: extend ======================
Analysis time: 605ms
Extended alignments count: 18 (0.03%)
V extensions total: 0 (0%)
V extensions with merged targets: 0 (0%)
J extensions total: 18 (0.03%)
J extensions with merged targets: 3 (0.01%)
V+J extensions: 0 (0%)
Mean V extension length: NaN
Mean J extension length: 10.0

>>>>>>>>>>>>>>>>>>>>>> mixcr assemble <<<<<<<<<<<<<<<<<<<<<<
Running:
mixcr assemble --report /projects/rpci/songyao/pnfioric/arc_project/airr_calculation/tcr_quant/results/mixcr_RS-04367508.assemble.report.txt --json-report /projects/rpci/songyao/pnfioric/arc_project/airr_calculation/tcr_quant/results/mixcr_RS-04367508.assemble.report.json /projects/rpci/songyao/pnfioric/arc_project/airr_calculation/tcr_quant/results/mixcr_RS-04367508.extended.vdjca /projects/rpci/songyao/pnfioric/arc_project/airr_calculation/tcr_quant/results/mixcr_RS-04367508.clna
Initialization: progress unknown
Building clones: 0.2%
Building clones: 77.5%  ETA: 00:00:00
Initialization: progress unknown
Writing alignments: 0.3%
Writing alignments: 75.2%  ETA: 00:00:00
Writing alignments: 85.9%  ETA: 00:00:01
Writing alignments: 96%  ETA: 00:00:00
===================== report: assemble =====================
Analysis time: 3.45s
Final clonotype count: 2817
Reads used in clonotypes, percent of total: 16809 (0.03%)
Average number of reads per clonotype: 5.97
Reads dropped due to the lack of a clone sequence, percent of total: 37520 (0.06%)
Reads dropped due to a too short clonal sequence, percent of total: 2 (0%)
Reads dropped due to low quality, percent of total: 0 (0%)
Reads dropped due to failed mapping, percent of total: 223 (0%)
Reads dropped with low quality clones, percent of total: 0 (0%)
Aligned reads processed: 17299
Reads used in clonotypes before clustering, percent of total: 17074 (0.03%)
Number of reads used as a core, percent of used: 16909 (99.03%)
Mapped low quality reads, percent of used: 165 (0.97%)
Reads clustered in PCR error correction, percent of used: 265 (1.55%)
Reads pre-clustered due to the similar VJC-lists, percent of used: 0 (0%)
Clonotypes dropped as low quality: 0
Clonotypes eliminated by PCR error correction: 208
Clonotypes pre-clustered due to the similar VJC-lists: 0
Clones dropped in post filtering: 0 (0%)
Reads dropped in post filtering: 0.0 (0%)
Reads filtered by tag prefix: 0 (0%)
TRA chains: 48 (1.7%)
TRA non-functional: 9 (18.75%)
TRB chains: 33 (1.17%)
TRB non-functional: 2 (6.06%)
TRG chains: 18 (0.64%)
TRG non-functional: 8 (44.44%)
IGH chains: 939 (33.33%)
IGH non-functional: 24 (2.56%)
IGK chains: 1101 (39.08%)
IGK non-functional: 101 (9.17%)
IGL chains: 678 (24.07%)
IGL non-functional: 34 (5.01%)

>>>>>>>>>>>>>>>>>> mixcr assembleContigs <<<<<<<<<<<<<<<<<<
Running:
mixcr assembleContigs --report /projects/rpci/songyao/pnfioric/arc_project/airr_calculation/tcr_quant/results/mixcr_RS-04367508.assembleContigs.report.txt --json-report /projects/rpci/songyao/pnfioric/arc_project/airr_calculation/tcr_quant/results/mixcr_RS-04367508.assembleContigs.report.json --threads 12 /projects/rpci/songyao/pnfioric/arc_project/airr_calculation/tcr_quant/results/mixcr_RS-04367508.clna /projects/rpci/songyao/pnfioric/arc_project/airr_calculation/tcr_quant/results/mixcr_RS-04367508.contigs.clns
Assembling contigs: 0%
Assembling contigs: 21.7%  ETA: 00:00:03
================= report: assembleContigs =================
Analysis time: 1.74s
Initial clonotype count: 2817
Final clonotype count: 2817 (100%)
Canceled assemblies: 0 (0%)
Clones filtered out after assemble: 0 (0%)
Number of premature termination assembly events, percent of number of initial clonotypes: 0.0 (0%)
Longest contig length: 390
Clustered variants: 0 (0%)
Reads in clustered variants: 0.0 (0%)
Reads in divided (newly created) clones: 0.0 (0%)
Clones with ambiguous letters in splitting region: 0 (0%)
Reads in clones with ambiguous letters in splitting region: 0.0 (0%)
Average number of ambiguous letters per clone with ambiguous letters in splitting region: NaN
Clones combined after clustering: 0 (0%)

>>>>>>>>>>>>>>>>>>>>>>>>> mixcr qc <<<<<<<<<<<<<<<<<<<<<<<<<
Running:
mixcr qc --print-to-stdout /projects/rpci/songyao/pnfioric/arc_project/airr_calculation/tcr_quant/results/mixcr_RS-04367508.contigs.clns /projects/rpci/songyao/pnfioric/arc_project/airr_calculation/tcr_quant/results/mixcr_RS-04367508.qc.txt /projects/rpci/songyao/pnfioric/arc_project/airr_calculation/tcr_quant/results/mixcr_RS-04367508.qc.json

  Alignments dropped due to low sequence quality: 0.0% [OK]

>>>>>>>>>>>>>>>>>>>> mixcr exportClones <<<<<<<<<<<<<<<<<<<<
Running:
mixcr exportClones /projects/rpci/songyao/pnfioric/arc_project/airr_calculation/tcr_quant/results/mixcr_RS-04367508.contigs.clns /projects/rpci/songyao/pnfioric/arc_project/airr_calculation/tcr_quant/results/mixcr_RS-04367508.clones.tsv
Analysis finished successfully.
===============================
Visualize results and simplify your immune data analysis with a convenient UI.
Explore and install Platforma.bio here: https://platforma.bio
