WARNING: sun.reflect.Reflection.getCallerClass is not supported. This will impact performance.

>>>>>>>>>>>>>>>>>>>>>>> mixcr align <<<<<<<<<<<<<<<<<<<<<<<
Running:
mixcr align --report /projects/rpci/songyao/pnfioric/arc_project/airr_calculation/tcr_quant/results/mixcr_RS-04378711.align.report.txt --json-report /projects/rpci/songyao/pnfioric/arc_project/airr_calculation/tcr_quant/results/mixcr_RS-04378711.align.report.json --threads 12 --preset rna-seq --save-output-file-names /projects/rpci/songyao/pnfioric/arc_project/airr_calculation/tcr_quant/results/mixcr_RS-04378711.align.list.tsv --species hsa /projects/rpci/songyao/pnfioric/arc_project/airr_calculation/fastq_files/RS-04378711/RS-04378711_SP99-8305-A_RS-04240728_S104_R1_001.fastq.gz /projects/rpci/songyao/pnfioric/arc_project/airr_calculation/fastq_files/RS-04378711/RS-04378711_SP99-8305-A_RS-04240728_S104_R2_001.fastq.gz /projects/rpci/songyao/pnfioric/arc_project/airr_calculation/tcr_quant/results/mixcr_RS-04378711.alignments.vdjca
Alignment: 0%
Alignment: 3.1%  ETA: 01:01:48
Alignment: 6.3%  ETA: 00:59:11
Alignment: 9.5%  ETA: 00:56:31
Alignment: 12.7%  ETA: 00:55:09
Alignment: 15.8%  ETA: 00:53:43
Alignment: 19%  ETA: 00:50:35
Alignment: 22.2%  ETA: 00:49:09
Alignment: 25.4%  ETA: 00:46:08
Alignment: 28.5%  ETA: 00:45:35
Alignment: 31.6%  ETA: 00:44:07
Alignment: 34.8%  ETA: 00:41:37
Alignment: 37.9%  ETA: 00:40:06
Alignment: 41.1%  ETA: 00:36:48
Alignment: 44.2%  ETA: 00:35:38
Alignment: 47.3%  ETA: 00:33:36
Alignment: 50.4%  ETA: 00:31:59
Alignment: 53.6%  ETA: 00:29:37
Alignment: 56.7%  ETA: 00:27:19
Alignment: 59.8%  ETA: 00:25:55
Alignment: 63%  ETA: 00:23:37
Alignment: 66.1%  ETA: 00:21:37
Alignment: 69.3%  ETA: 00:19:24
Alignment: 72.4%  ETA: 00:17:36
Alignment: 75.5%  ETA: 00:15:36
Alignment: 78.6%  ETA: 00:13:47
Alignment: 81.8%  ETA: 00:11:37
Alignment: 85%  ETA: 00:09:16
Alignment: 88.2%  ETA: 00:07:28
Alignment: 91.3%  ETA: 00:05:28
Alignment: 94.5%  ETA: 00:03:24
Alignment: 97.8%  ETA: 00:01:22
====================== report: align ======================
Analysis time: 63.43m
Total sequencing reads: 71640909
Successfully aligned reads: 444 (0%)
Coverage (percent of successfully aligned):
  CDR3: 71 (15.99%)
  FR3_TO_FR4: 0 (0%)
  CDR2_TO_FR4: 0 (0%)
  FR2_TO_FR4: 0 (0%)
  CDR1_TO_FR4: 0 (0%)
  VDJRegion: 0 (0%)
Alignment failed: no hits (not TCR/IG?): 71111944 (99.26%)
Alignment failed: no CDR3 parts: 2198 (0%)
Alignment failed: low total score: 526323 (0.73%)
Overlapped: 48588900 (67.82%)
Overlapped and aligned: 439 (0%)
Overlapped and not aligned: 48588461 (67.82%)
Alignment-aided overlaps, percent of overlapped and aligned: 4 (0.91%)
No CDR3 parts alignments, percent of successfully aligned: 12 (2.7%)
Partial aligned reads, percent of successfully aligned: 361 (81.31%)
Realigned with forced non-floating bound: 46104026 (64.35%)
Realigned with forced non-floating right bound in left read: 50 (0%)
Realigned with forced non-floating left bound in right read: 50 (0%)
TRA chains: 20 (4.5%)
TRA non-functional: 0 (0%)
IGH chains: 113 (25.45%)
IGH non-functional: 0 (0%)
TRAD chains: 2 (0.45%)
TRAD non-functional: 0 (0%)
IGK chains: 135 (30.41%)
IGK non-functional: 6 (4.44%)
IGL chains: 174 (39.19%)
IGL non-functional: 0 (0%)
Trimming report:
  R1 reads trimmed left: 138920 (0.19%)
  R1 reads trimmed right: 143049 (0.2%)
  Average R1 nucleotides trimmed left: 0.0329457712492174
  Average R1 nucleotides trimmed right: 0.03521733650811159
  R2 reads trimmed left: 137806 (0.19%)
  R2 reads trimmed right: 140694 (0.2%)
  Average R2 nucleotides trimmed left: 0.032542468158800165
  Average R2 nucleotides trimmed right: 0.03467139145317098

>>>>>>>>>>>>>>>>>> mixcr assemblePartial <<<<<<<<<<<<<<<<<<
Running:
mixcr assemblePartial --report /projects/rpci/songyao/pnfioric/arc_project/airr_calculation/tcr_quant/results/mixcr_RS-04378711.assemblePartial.report.txt --json-report /projects/rpci/songyao/pnfioric/arc_project/airr_calculation/tcr_quant/results/mixcr_RS-04378711.assemblePartial.report.json /projects/rpci/songyao/pnfioric/arc_project/airr_calculation/tcr_quant/results/mixcr_RS-04378711.alignments.vdjca /projects/rpci/songyao/pnfioric/arc_project/airr_calculation/tcr_quant/results/mixcr_RS-04378711.passembled.1.vdjca
Building index: 0%
Searching for overlaps: 0.2%
================= report: assemblePartial =================
Analysis time: 172ms
Total alignments analysed: 444
Number of output alignments: 444 (100%)
Alignments already with CDR3 (no overlapping is performed): 71 (15.99%)
Successfully overlapped alignments: 0 (0%)
Left parts with too small N-region (failed to extract k-mer): 108 (24.32%)
Extracted k-mer diversity: 318
Dropped due to wildcard in k-mer: 0 (0%)
Dropped due to too short NRegion parts in overlap: 0 (0%)
Dropped overlaps with empty N region due to no complete NDN coverage: 0 (0%)
Number of left-side alignments: 94 (21.17%)
Number of right-side alignments: 171 (38.51%)
Complex overlaps: 0 (0%)
Over-overlaps: 0 (0%)
Partial alignments written to output: 373 (84.01%)

>>>>>>>>>>>>>>>>>> mixcr assemblePartial <<<<<<<<<<<<<<<<<<
Running:
mixcr assemblePartial --report /projects/rpci/songyao/pnfioric/arc_project/airr_calculation/tcr_quant/results/mixcr_RS-04378711.assemblePartial.report.txt --json-report /projects/rpci/songyao/pnfioric/arc_project/airr_calculation/tcr_quant/results/mixcr_RS-04378711.assemblePartial.report.json /projects/rpci/songyao/pnfioric/arc_project/airr_calculation/tcr_quant/results/mixcr_RS-04378711.passembled.1.vdjca /projects/rpci/songyao/pnfioric/arc_project/airr_calculation/tcr_quant/results/mixcr_RS-04378711.passembled.2.vdjca
Building index: 0%
Searching for overlaps: 2.3%
================= report: assemblePartial =================
Analysis time: 73ms
Total alignments analysed: 444
Number of output alignments: 444 (100%)
Alignments already with CDR3 (no overlapping is performed): 71 (15.99%)
Successfully overlapped alignments: 0 (0%)
Left parts with too small N-region (failed to extract k-mer): 108 (24.32%)
Extracted k-mer diversity: 318
Dropped due to wildcard in k-mer: 0 (0%)
Dropped due to too short NRegion parts in overlap: 0 (0%)
Dropped overlaps with empty N region due to no complete NDN coverage: 0 (0%)
Number of left-side alignments: 94 (21.17%)
Number of right-side alignments: 171 (38.51%)
Complex overlaps: 0 (0%)
Over-overlaps: 0 (0%)
Partial alignments written to output: 373 (84.01%)

>>>>>>>>>>>>>>>>>>>>>>> mixcr extend <<<<<<<<<<<<<<<<<<<<<<<
Running:
mixcr extend --report /projects/rpci/songyao/pnfioric/arc_project/airr_calculation/tcr_quant/results/mixcr_RS-04378711.extend.report.txt --json-report /projects/rpci/songyao/pnfioric/arc_project/airr_calculation/tcr_quant/results/mixcr_RS-04378711.extend.report.json --threads 12 /projects/rpci/songyao/pnfioric/arc_project/airr_calculation/tcr_quant/results/mixcr_RS-04378711.passembled.2.vdjca /projects/rpci/songyao/pnfioric/arc_project/airr_calculation/tcr_quant/results/mixcr_RS-04378711.extended.vdjca
Extending alignments: 0%
====================== report: extend ======================
Analysis time: 8ms
Extended alignments count: 0 (0%)
V extensions total: 0 (0%)
V extensions with merged targets: 0 (0%)
J extensions total: 0 (0%)
J extensions with merged targets: 0 (0%)
V+J extensions: 0 (0%)
Mean V extension length: NaN
Mean J extension length: NaN

>>>>>>>>>>>>>>>>>>>>>> mixcr assemble <<<<<<<<<<<<<<<<<<<<<<
Running:
mixcr assemble --report /projects/rpci/songyao/pnfioric/arc_project/airr_calculation/tcr_quant/results/mixcr_RS-04378711.assemble.report.txt --json-report /projects/rpci/songyao/pnfioric/arc_project/airr_calculation/tcr_quant/results/mixcr_RS-04378711.assemble.report.json /projects/rpci/songyao/pnfioric/arc_project/airr_calculation/tcr_quant/results/mixcr_RS-04378711.extended.vdjca /projects/rpci/songyao/pnfioric/arc_project/airr_calculation/tcr_quant/results/mixcr_RS-04378711.clna
Initialization: progress unknown
Initialization: progress unknown
===================== report: assemble =====================
Analysis time: 271ms
Final clonotype count: 25
Reads used in clonotypes, percent of total: 69 (0%)
Average number of reads per clonotype: 2.76
Reads dropped due to the lack of a clone sequence, percent of total: 373 (0%)
Reads dropped due to a too short clonal sequence, percent of total: 0 (0%)
Reads dropped due to low quality, percent of total: 0 (0%)
Reads dropped due to failed mapping, percent of total: 2 (0%)
Reads dropped with low quality clones, percent of total: 0 (0%)
Aligned reads processed: 71
Reads used in clonotypes before clustering, percent of total: 69 (0%)
Number of reads used as a core, percent of used: 67 (97.1%)
Mapped low quality reads, percent of used: 2 (2.9%)
Reads clustered in PCR error correction, percent of used: 0 (0%)
Reads pre-clustered due to the similar VJC-lists, percent of used: 0 (0%)
Clonotypes dropped as low quality: 0
Clonotypes eliminated by PCR error correction: 0
Clonotypes pre-clustered due to the similar VJC-lists: 0
Clones dropped in post filtering: 0 (0%)
Reads dropped in post filtering: 0.0 (0%)
Reads filtered by tag prefix: 0 (0%)
IGH chains: 8 (32%)
IGH non-functional: 0 (0%)
IGK chains: 15 (60%)
IGK non-functional: 1 (6.67%)
IGL chains: 2 (8%)
IGL non-functional: 0 (0%)

>>>>>>>>>>>>>>>>>> mixcr assembleContigs <<<<<<<<<<<<<<<<<<
Running:
mixcr assembleContigs --report /projects/rpci/songyao/pnfioric/arc_project/airr_calculation/tcr_quant/results/mixcr_RS-04378711.assembleContigs.report.txt --json-report /projects/rpci/songyao/pnfioric/arc_project/airr_calculation/tcr_quant/results/mixcr_RS-04378711.assembleContigs.report.json --threads 12 /projects/rpci/songyao/pnfioric/arc_project/airr_calculation/tcr_quant/results/mixcr_RS-04378711.clna /projects/rpci/songyao/pnfioric/arc_project/airr_calculation/tcr_quant/results/mixcr_RS-04378711.contigs.clns
Assembling contigs: 0%
================= report: assembleContigs =================
Analysis time: 127ms
Initial clonotype count: 25
Final clonotype count: 25 (100%)
Canceled assemblies: 0 (0%)
Clones filtered out after assemble: 0 (0%)
Number of premature termination assembly events, percent of number of initial clonotypes: 0.0 (0%)
Longest contig length: 189
Clustered variants: 0 (0%)
Reads in clustered variants: 0.0 (0%)
Reads in divided (newly created) clones: 0.0 (0%)
Clones with ambiguous letters in splitting region: 0 (0%)
Reads in clones with ambiguous letters in splitting region: 0.0 (0%)
Average number of ambiguous letters per clone with ambiguous letters in splitting region: NaN
Clones combined after clustering: 0 (0%)

>>>>>>>>>>>>>>>>>>>>>>>>> mixcr qc <<<<<<<<<<<<<<<<<<<<<<<<<
Running:
mixcr qc --print-to-stdout /projects/rpci/songyao/pnfioric/arc_project/airr_calculation/tcr_quant/results/mixcr_RS-04378711.contigs.clns /projects/rpci/songyao/pnfioric/arc_project/airr_calculation/tcr_quant/results/mixcr_RS-04378711.qc.txt /projects/rpci/songyao/pnfioric/arc_project/airr_calculation/tcr_quant/results/mixcr_RS-04378711.qc.json

  Alignments dropped due to low sequence quality: 0.0% [OK]

>>>>>>>>>>>>>>>>>>>> mixcr exportClones <<<<<<<<<<<<<<<<<<<<
Running:
mixcr exportClones /projects/rpci/songyao/pnfioric/arc_project/airr_calculation/tcr_quant/results/mixcr_RS-04378711.contigs.clns /projects/rpci/songyao/pnfioric/arc_project/airr_calculation/tcr_quant/results/mixcr_RS-04378711.clones.tsv
Analysis finished successfully.
===============================
Visualize results and simplify your immune data analysis with a convenient UI.
Explore and install Platforma.bio here: https://platforma.bio
