WARNING: sun.reflect.Reflection.getCallerClass is not supported. This will impact performance.

>>>>>>>>>>>>>>>>>>>>>>> mixcr align <<<<<<<<<<<<<<<<<<<<<<<
Running:
mixcr align --report /projects/rpci/songyao/pnfioric/arc_project/airr_calculation/tcr_quant/results/mixcr_RS-04367470.align.report.txt --json-report /projects/rpci/songyao/pnfioric/arc_project/airr_calculation/tcr_quant/results/mixcr_RS-04367470.align.report.json --threads 12 --preset rna-seq --save-output-file-names /projects/rpci/songyao/pnfioric/arc_project/airr_calculation/tcr_quant/results/mixcr_RS-04367470.align.list.tsv --species hsa /projects/rpci/songyao/pnfioric/arc_project/airr_calculation/fastq_files/RS-04367470/RS-04367470_SSCS06015367-C5_RS-03879230_S136_R1_001.fastq.gz /projects/rpci/songyao/pnfioric/arc_project/airr_calculation/fastq_files/RS-04367470/RS-04367470_SSCS06015367-C5_RS-03879230_S136_R2_001.fastq.gz /projects/rpci/songyao/pnfioric/arc_project/airr_calculation/tcr_quant/results/mixcr_RS-04367470.alignments.vdjca
Alignment: 0%
Alignment: 3.5%  ETA: 00:55:16
Alignment: 7%  ETA: 00:52:49
Alignment: 10.5%  ETA: 00:50:49
Alignment: 14.1%  ETA: 00:48:23
Alignment: 17.5%  ETA: 00:47:38
Alignment: 21%  ETA: 00:45:13
Alignment: 24.6%  ETA: 00:42:50
Alignment: 28%  ETA: 00:41:35
Alignment: 31.5%  ETA: 00:39:56
Alignment: 35%  ETA: 00:36:55
Alignment: 38.4%  ETA: 00:35:53
Alignment: 41.9%  ETA: 00:33:35
Alignment: 45.3%  ETA: 00:31:52
Alignment: 48.8%  ETA: 00:29:36
Alignment: 52.2%  ETA: 00:28:07
Alignment: 55.6%  ETA: 00:25:38
Alignment: 59.1%  ETA: 00:23:51
Alignment: 62.5%  ETA: 00:21:51
Alignment: 65.9%  ETA: 00:20:02
Alignment: 69.3%  ETA: 00:18:02
Alignment: 72.7%  ETA: 00:16:02
Alignment: 76.1%  ETA: 00:14:02
Alignment: 79.5%  ETA: 00:12:02
Alignment: 83%  ETA: 00:09:44
Alignment: 86.5%  ETA: 00:07:49
Alignment: 89.9%  ETA: 00:05:49
Alignment: 93.3%  ETA: 00:03:55
Alignment: 96.8%  ETA: 00:01:51
====================== report: align ======================
Analysis time: 57.89m
Total sequencing reads: 65319927
Successfully aligned reads: 112190 (0.17%)
Coverage (percent of successfully aligned):
  CDR3: 38599 (34.41%)
  FR3_TO_FR4: 402 (0.36%)
  CDR2_TO_FR4: 173 (0.15%)
  FR2_TO_FR4: 0 (0%)
  CDR1_TO_FR4: 0 (0%)
  VDJRegion: 4 (0%)
Alignment failed: no hits (not TCR/IG?): 63741351 (97.58%)
Alignment failed after alignment-aided overlap: 5 (0%)
Alignment failed: no CDR3 parts: 227290 (0.35%)
Alignment failed: low total score: 1239091 (1.9%)
Overlapped: 58400477 (89.41%)
Overlapped and aligned: 105290 (0.16%)
Overlapped and not aligned: 58295187 (89.25%)
Alignment-aided overlaps, percent of overlapped and aligned: 3297 (3.13%)
No CDR3 parts alignments, percent of successfully aligned: 2162 (1.93%)
Partial aligned reads, percent of successfully aligned: 71429 (63.67%)
V gene chimeras: 20 (0%)
J gene chimeras: 5 (0%)
Paired-end alignment conflicts eliminated: 7 (0%)
Realigned with forced non-floating bound: 13845494 (21.2%)
Realigned with forced non-floating right bound in left read: 2084 (0%)
Realigned with forced non-floating left bound in right read: 2084 (0%)
TRA chains: 1024 (0.91%)
TRA non-functional: 6 (0.59%)
TRB chains: 371 (0.33%)
TRB non-functional: 7 (1.89%)
TRD chains: 15 (0.01%)
TRD non-functional: 0 (0%)
TRG chains: 50 (0.04%)
TRG non-functional: 1 (2%)
IGH chains: 37405 (33.34%)
IGH non-functional: 182 (0.49%)
TRAD chains: 45 (0.04%)
TRAD non-functional: 0 (0%)
IGK chains: 44521 (39.68%)
IGK non-functional: 1398 (3.14%)
IGL chains: 28759 (25.63%)
IGL non-functional: 79 (0.27%)
Trimming report:
  R1 reads trimmed left: 79908 (0.12%)
  R1 reads trimmed right: 82904 (0.13%)
  Average R1 nucleotides trimmed left: 0.020797665618946574
  Average R1 nucleotides trimmed right: 0.02229739172856087
  R2 reads trimmed left: 81184 (0.12%)
  R2 reads trimmed right: 83840 (0.13%)
  Average R2 nucleotides trimmed left: 0.020653375806742712
  Average R2 nucleotides trimmed right: 0.02316637616572964

>>>>>>>>>>>>>>>>>> mixcr assemblePartial <<<<<<<<<<<<<<<<<<
Running:
mixcr assemblePartial --report /projects/rpci/songyao/pnfioric/arc_project/airr_calculation/tcr_quant/results/mixcr_RS-04367470.assemblePartial.report.txt --json-report /projects/rpci/songyao/pnfioric/arc_project/airr_calculation/tcr_quant/results/mixcr_RS-04367470.assemblePartial.report.json /projects/rpci/songyao/pnfioric/arc_project/airr_calculation/tcr_quant/results/mixcr_RS-04367470.alignments.vdjca /projects/rpci/songyao/pnfioric/arc_project/airr_calculation/tcr_quant/results/mixcr_RS-04367470.passembled.1.vdjca
Building index: 0%
Searching for overlaps: 0%
Searching for overlaps: 13.9%  ETA: 00:00:12
Searching for overlaps: 28.3%  ETA: 00:00:09
Searching for overlaps: 44.6%  ETA: 00:00:03
Searching for overlaps: 60.7%  ETA: 00:00:02
Searching for overlaps: 77.5%  ETA: 00:00:01
Searching for overlaps: 96%  ETA: 00:00:00
================= report: assemblePartial =================
Analysis time: 8.74s
Total alignments analysed: 112190
Number of output alignments: 110210 (98.24%)
Alignments already with CDR3 (no overlapping is performed): 40370 (35.98%)
Successfully overlapped alignments: 1980 (1.76%)
Left parts with too small N-region (failed to extract k-mer): 28768 (25.64%)
Extracted k-mer diversity: 19324
Dropped due to wildcard in k-mer: 0 (0%)
Dropped due to too short NRegion parts in overlap: 2448 (2.18%)
Dropped overlaps with empty N region due to no complete NDN coverage: 307 (0.27%)
Number of left-side alignments: 10639 (9.48%)
Number of right-side alignments: 32733 (29.18%)
Complex overlaps: 0 (0%)
Over-overlaps: 0 (0%)
Partial alignments written to output: 67860 (60.49%)

>>>>>>>>>>>>>>>>>> mixcr assemblePartial <<<<<<<<<<<<<<<<<<
Running:
mixcr assemblePartial --report /projects/rpci/songyao/pnfioric/arc_project/airr_calculation/tcr_quant/results/mixcr_RS-04367470.assemblePartial.report.txt --json-report /projects/rpci/songyao/pnfioric/arc_project/airr_calculation/tcr_quant/results/mixcr_RS-04367470.assemblePartial.report.json /projects/rpci/songyao/pnfioric/arc_project/airr_calculation/tcr_quant/results/mixcr_RS-04367470.passembled.1.vdjca /projects/rpci/songyao/pnfioric/arc_project/airr_calculation/tcr_quant/results/mixcr_RS-04367470.passembled.2.vdjca
Building index: 0%
Searching for overlaps: 0%
Searching for overlaps: 22.2%  ETA: 00:00:03
Searching for overlaps: 44.1%  ETA: 00:00:02
Searching for overlaps: 69.9%  ETA: 00:00:01
Searching for overlaps: 91.2%  ETA: 00:00:00
================= report: assemblePartial =================
Analysis time: 4.51s
Total alignments analysed: 110210
Number of output alignments: 110206 (100%)
Alignments already with CDR3 (no overlapping is performed): 42349 (38.43%)
Successfully overlapped alignments: 4 (0%)
Left parts with too small N-region (failed to extract k-mer): 28732 (26.07%)
Extracted k-mer diversity: 18351
Dropped due to wildcard in k-mer: 0 (0%)
Dropped due to too short NRegion parts in overlap: 2135 (1.94%)
Dropped overlaps with empty N region due to no complete NDN coverage: 310 (0.28%)
Number of left-side alignments: 8655 (7.85%)
Number of right-side alignments: 30730 (27.88%)
Complex overlaps: 0 (0%)
Over-overlaps: 0 (0%)
Partial alignments written to output: 67853 (61.57%)

>>>>>>>>>>>>>>>>>>>>>>> mixcr extend <<<<<<<<<<<<<<<<<<<<<<<
Running:
mixcr extend --report /projects/rpci/songyao/pnfioric/arc_project/airr_calculation/tcr_quant/results/mixcr_RS-04367470.extend.report.txt --json-report /projects/rpci/songyao/pnfioric/arc_project/airr_calculation/tcr_quant/results/mixcr_RS-04367470.extend.report.json --threads 12 /projects/rpci/songyao/pnfioric/arc_project/airr_calculation/tcr_quant/results/mixcr_RS-04367470.passembled.2.vdjca /projects/rpci/songyao/pnfioric/arc_project/airr_calculation/tcr_quant/results/mixcr_RS-04367470.extended.vdjca
Extending alignments: 0%
Extending alignments: 88.7%  ETA: 00:00:00
====================== report: extend ======================
Analysis time: 1.09s
Extended alignments count: 9 (0.01%)
V extensions total: 0 (0%)
V extensions with merged targets: 0 (0%)
J extensions total: 9 (0.01%)
J extensions with merged targets: 8 (0.01%)
V+J extensions: 0 (0%)
Mean V extension length: NaN
Mean J extension length: 1.8888888888888888

>>>>>>>>>>>>>>>>>>>>>> mixcr assemble <<<<<<<<<<<<<<<<<<<<<<
Running:
mixcr assemble --report /projects/rpci/songyao/pnfioric/arc_project/airr_calculation/tcr_quant/results/mixcr_RS-04367470.assemble.report.txt --json-report /projects/rpci/songyao/pnfioric/arc_project/airr_calculation/tcr_quant/results/mixcr_RS-04367470.assemble.report.json /projects/rpci/songyao/pnfioric/arc_project/airr_calculation/tcr_quant/results/mixcr_RS-04367470.extended.vdjca /projects/rpci/songyao/pnfioric/arc_project/airr_calculation/tcr_quant/results/mixcr_RS-04367470.clna
Initialization: progress unknown
Clustering: 5.7%
Building clones: 26.3%  ETA: 00:00:03
Initialization: progress unknown
Sorting alignments: 63.1%
Writing alignments: 1.5%
Writing alignments: 68%  ETA: 00:00:00
Writing alignments: 78.4%  ETA: 00:00:02
Writing alignments: 90.6%  ETA: 00:00:01
===================== report: assemble =====================
Analysis time: 4.36s
Final clonotype count: 3241
Reads used in clonotypes, percent of total: 41653 (0.06%)
Average number of reads per clonotype: 12.85
Reads dropped due to the lack of a clone sequence, percent of total: 69616 (0.11%)
Reads dropped due to a too short clonal sequence, percent of total: 1 (0%)
Reads dropped due to low quality, percent of total: 0 (0%)
Reads dropped due to failed mapping, percent of total: 337 (0%)
Reads dropped with low quality clones, percent of total: 0 (0%)
Aligned reads processed: 42574
Reads used in clonotypes before clustering, percent of total: 42236 (0.06%)
Number of reads used as a core, percent of used: 41830 (99.04%)
Mapped low quality reads, percent of used: 406 (0.96%)
Reads clustered in PCR error correction, percent of used: 583 (1.38%)
Reads pre-clustered due to the similar VJC-lists, percent of used: 0 (0%)
Clonotypes dropped as low quality: 0
Clonotypes eliminated by PCR error correction: 381
Clonotypes pre-clustered due to the similar VJC-lists: 0
Clones dropped in post filtering: 0 (0%)
Reads dropped in post filtering: 0.0 (0%)
Reads filtered by tag prefix: 0 (0%)
TRA chains: 17 (0.52%)
TRA non-functional: 3 (17.65%)
TRB chains: 13 (0.4%)
TRB non-functional: 2 (15.38%)
TRG chains: 3 (0.09%)
TRG non-functional: 1 (33.33%)
IGH chains: 974 (30.05%)
IGH non-functional: 54 (5.54%)
IGK chains: 1603 (49.46%)
IGK non-functional: 240 (14.97%)
IGL chains: 631 (19.47%)
IGL non-functional: 26 (4.12%)

>>>>>>>>>>>>>>>>>> mixcr assembleContigs <<<<<<<<<<<<<<<<<<
Running:
mixcr assembleContigs --report /projects/rpci/songyao/pnfioric/arc_project/airr_calculation/tcr_quant/results/mixcr_RS-04367470.assembleContigs.report.txt --json-report /projects/rpci/songyao/pnfioric/arc_project/airr_calculation/tcr_quant/results/mixcr_RS-04367470.assembleContigs.report.json --threads 12 /projects/rpci/songyao/pnfioric/arc_project/airr_calculation/tcr_quant/results/mixcr_RS-04367470.clna /projects/rpci/songyao/pnfioric/arc_project/airr_calculation/tcr_quant/results/mixcr_RS-04367470.contigs.clns
Assembling contigs: 0%
Assembling contigs: 16.3%  ETA: 00:00:05
Assembling contigs: 32.7%  ETA: 00:00:04
================= report: assembleContigs =================
Analysis time: 2.62s
Initial clonotype count: 3241
Final clonotype count: 3241 (100%)
Canceled assemblies: 0 (0%)
Clones filtered out after assemble: 0 (0%)
Number of premature termination assembly events, percent of number of initial clonotypes: 0.0 (0%)
Longest contig length: 436
Clustered variants: 0 (0%)
Reads in clustered variants: 0.0 (0%)
Reads in divided (newly created) clones: 0.0 (0%)
Clones with ambiguous letters in splitting region: 0 (0%)
Reads in clones with ambiguous letters in splitting region: 0.0 (0%)
Average number of ambiguous letters per clone with ambiguous letters in splitting region: NaN
Clones combined after clustering: 0 (0%)

>>>>>>>>>>>>>>>>>>>>>>>>> mixcr qc <<<<<<<<<<<<<<<<<<<<<<<<<
Running:
mixcr qc --print-to-stdout /projects/rpci/songyao/pnfioric/arc_project/airr_calculation/tcr_quant/results/mixcr_RS-04367470.contigs.clns /projects/rpci/songyao/pnfioric/arc_project/airr_calculation/tcr_quant/results/mixcr_RS-04367470.qc.txt /projects/rpci/songyao/pnfioric/arc_project/airr_calculation/tcr_quant/results/mixcr_RS-04367470.qc.json

  Alignments dropped due to low sequence quality: 0.0% [OK]

>>>>>>>>>>>>>>>>>>>> mixcr exportClones <<<<<<<<<<<<<<<<<<<<
Running:
mixcr exportClones /projects/rpci/songyao/pnfioric/arc_project/airr_calculation/tcr_quant/results/mixcr_RS-04367470.contigs.clns /projects/rpci/songyao/pnfioric/arc_project/airr_calculation/tcr_quant/results/mixcr_RS-04367470.clones.tsv
Analysis finished successfully.
===============================
Visualize results and simplify your immune data analysis with a convenient UI.
Explore and install Platforma.bio here: https://platforma.bio
