Exporting TRB
Exporting clones: 100%
Filtered 1 of 245 clones (99.59%).
Filtered 3.0 of 732.0 reads (99.59%).
Exporting TRA
Exporting clones: 33.3%
Filtered 3 of 245 clones (98.78%).
Filtered 8.0 of 732.0 reads (98.91%).
Exporting IGH
Exporting clones: 2.1%
Filtered 47 of 245 clones (80.82%).
Filtered 93.0 of 732.0 reads (87.3%).
Exporting IGL
Exporting clones: 1.4%
Filtered 69 of 245 clones (71.84%).
Filtered 206.0 of 732.0 reads (71.86%).
Exporting IGK
Exporting clones: 0.8%
Filtered 125 of 245 clones (48.98%).
Filtered 422.0 of 732.0 reads (42.35%).
