Exporting TRB
Exporting clones: 2.5%
Filtered 40 of 2265 clones (98.23%).
Filtered 79.0 of 13123.0 reads (99.4%).
Exporting TRA
Exporting clones: 2.2%
Filtered 46 of 2265 clones (97.97%).
Filtered 87.0 of 13123.0 reads (99.34%).
Exporting TRD
Exporting clones: 50%
Filtered 2 of 2265 clones (99.91%).
Filtered 3.0 of 13123.0 reads (99.98%).
Exporting IGH
Exporting clones: 0.1%
Filtered 728 of 2265 clones (67.86%).
Filtered 4257.0 of 13123.0 reads (67.56%).
Exporting TRG
Exporting clones: 26.3%
Filtered 19 of 2265 clones (99.16%).
Filtered 56.0 of 13123.0 reads (99.57%).
Exporting IGL
Exporting clones: 0.8%
Filtered 484 of 2265 clones (78.63%).
Filtered 3259.0 of 13123.0 reads (75.17%).
Exporting IGK
Exporting clones: 0.4%
Filtered 946 of 2265 clones (58.23%).
Filtered 5382.0 of 13123.0 reads (58.99%).
