Exporting TRB
Exporting clones: 100%
Filtered 1 of 174 clones (99.43%).
Filtered 2.0 of 440.0 reads (99.55%).
Exporting TRA
Exporting clones: 14.3%
Filtered 7 of 174 clones (95.98%).
Filtered 17.0 of 440.0 reads (96.14%).
Exporting TRD
Exporting clones: 50%
Filtered 2 of 174 clones (98.85%).
Filtered 3.0 of 440.0 reads (99.32%).
Exporting IGH
Exporting clones: 3.3%
Filtered 30 of 174 clones (82.76%).
Filtered 56.0 of 440.0 reads (87.27%).
Exporting TRG
Exporting clones: 33.3%
Filtered 3 of 174 clones (98.28%).
Filtered 8.0 of 440.0 reads (98.18%).
Exporting IGL
Exporting clones: 3.7%
Filtered 27 of 174 clones (84.48%).
Filtered 71.0 of 440.0 reads (83.86%).
Exporting IGK
Exporting clones: 1%
Filtered 104 of 174 clones (40.23%).
Filtered 283.0 of 440.0 reads (35.68%).
