WARNING: sun.reflect.Reflection.getCallerClass is not supported. This will impact performance.

>>>>>>>>>>>>>>>>>>>>>>> mixcr align <<<<<<<<<<<<<<<<<<<<<<<
Running:
mixcr align --report /projects/rpci/songyao/pnfioric/arc_project/airr_calculation/tcr_quant/results/mixcr_RS-04396829.align.report.txt --json-report /projects/rpci/songyao/pnfioric/arc_project/airr_calculation/tcr_quant/results/mixcr_RS-04396829.align.report.json --threads 12 --preset rna-seq --save-output-file-names /projects/rpci/songyao/pnfioric/arc_project/airr_calculation/tcr_quant/results/mixcr_RS-04396829.align.list.tsv --species hsa /projects/rpci/songyao/pnfioric/arc_project/airr_calculation/fastq_files/RS-04396829/RS-04396829_OAKS07015877-B6_RS-04252129_S168_R1_001.fastq.gz /projects/rpci/songyao/pnfioric/arc_project/airr_calculation/fastq_files/RS-04396829/RS-04396829_OAKS07015877-B6_RS-04252129_S168_R2_001.fastq.gz /projects/rpci/songyao/pnfioric/arc_project/airr_calculation/tcr_quant/results/mixcr_RS-04396829.alignments.vdjca
Alignment: 0%
Alignment: 4%  ETA: 00:47:31
Alignment: 8.1%  ETA: 00:45:08
Alignment: 12.2%  ETA: 00:43:08
Alignment: 16.3%  ETA: 00:41:08
Alignment: 20.4%  ETA: 00:38:30
Alignment: 24.5%  ETA: 00:36:48
Alignment: 28.5%  ETA: 00:35:41
Alignment: 32.6%  ETA: 00:33:07
Alignment: 36.5%  ETA: 00:31:55
Alignment: 40.6%  ETA: 00:29:25
Alignment: 44.6%  ETA: 00:27:25
Alignment: 48.7%  ETA: 00:25:12
Alignment: 52.7%  ETA: 00:23:36
Alignment: 56.7%  ETA: 00:21:36
Alignment: 60.8%  ETA: 00:19:15
Alignment: 64.8%  ETA: 00:17:34
Alignment: 68.9%  ETA: 00:15:17
Alignment: 73%  ETA: 00:13:10
Alignment: 77%  ETA: 00:11:29
Alignment: 81%  ETA: 00:09:29
Alignment: 85%  ETA: 00:07:29
Alignment: 89%  ETA: 00:05:33
Alignment: 93%  ETA: 00:03:27
Alignment: 97.1%  ETA: 00:01:26
====================== report: align ======================
Analysis time: 49.5m
Total sequencing reads: 60942389
Successfully aligned reads: 54238 (0.09%)
Coverage (percent of successfully aligned):
  CDR3: 17559 (32.37%)
  FR3_TO_FR4: 95 (0.18%)
  CDR2_TO_FR4: 33 (0.06%)
  FR2_TO_FR4: 8 (0.01%)
  CDR1_TO_FR4: 0 (0%)
  VDJRegion: 2 (0%)
Alignment failed: no hits (not TCR/IG?): 59314963 (97.33%)
Alignment failed after alignment-aided overlap: 9 (0%)
Alignment failed: no CDR3 parts: 119205 (0.2%)
Alignment failed: low total score: 1453974 (2.39%)
Overlapped: 56219661 (92.25%)
Overlapped and aligned: 52522 (0.09%)
Overlapped and not aligned: 56167139 (92.16%)
Alignment-aided overlaps, percent of overlapped and aligned: 743 (1.41%)
No CDR3 parts alignments, percent of successfully aligned: 896 (1.65%)
Partial aligned reads, percent of successfully aligned: 35783 (65.97%)
V gene chimeras: 3 (0%)
Paired-end alignment conflicts eliminated: 2 (0%)
Realigned with forced non-floating bound: 9446942 (15.5%)
Realigned with forced non-floating right bound in left read: 777 (0%)
Realigned with forced non-floating left bound in right read: 777 (0%)
TRA chains: 1541 (2.84%)
TRA non-functional: 16 (1.04%)
TRB chains: 573 (1.06%)
TRB non-functional: 0 (0%)
TRD chains: 15 (0.03%)
TRD non-functional: 0 (0%)
TRG chains: 123 (0.23%)
TRG non-functional: 6 (4.88%)
IGH chains: 22507 (41.5%)
IGH non-functional: 110 (0.49%)
TRAD chains: 46 (0.08%)
TRAD non-functional: 0 (0%)
IGK chains: 15290 (28.19%)
IGK non-functional: 521 (3.41%)
IGL chains: 14143 (26.08%)
IGL non-functional: 91 (0.64%)
Trimming report:
  R1 reads trimmed left: 112230 (0.18%)
  R1 reads trimmed right: 119139 (0.2%)
  Average R1 nucleotides trimmed left: 0.03130238297681438
  Average R1 nucleotides trimmed right: 0.03571781539447034
  R2 reads trimmed left: 110338 (0.18%)
  R2 reads trimmed right: 112914 (0.19%)
  Average R2 nucleotides trimmed left: 0.030077619700796435
  Average R2 nucleotides trimmed right: 0.03233470220538942

>>>>>>>>>>>>>>>>>> mixcr assemblePartial <<<<<<<<<<<<<<<<<<
Running:
mixcr assemblePartial --report /projects/rpci/songyao/pnfioric/arc_project/airr_calculation/tcr_quant/results/mixcr_RS-04396829.assemblePartial.report.txt --json-report /projects/rpci/songyao/pnfioric/arc_project/airr_calculation/tcr_quant/results/mixcr_RS-04396829.assemblePartial.report.json /projects/rpci/songyao/pnfioric/arc_project/airr_calculation/tcr_quant/results/mixcr_RS-04396829.alignments.vdjca /projects/rpci/songyao/pnfioric/arc_project/airr_calculation/tcr_quant/results/mixcr_RS-04396829.passembled.1.vdjca
Building index: 0%
Searching for overlaps: 0%
Searching for overlaps: 26.7%  ETA: 00:00:02
Searching for overlaps: 68.6%  ETA: 00:00:00
================= report: assemblePartial =================
Analysis time: 3.31s
Total alignments analysed: 54238
Number of output alignments: 53641 (98.9%)
Alignments already with CDR3 (no overlapping is performed): 18275 (33.69%)
Successfully overlapped alignments: 597 (1.1%)
Left parts with too small N-region (failed to extract k-mer): 11007 (20.29%)
Extracted k-mer diversity: 19591
Dropped due to wildcard in k-mer: 0 (0%)
Dropped due to too short NRegion parts in overlap: 642 (1.18%)
Dropped overlaps with empty N region due to no complete NDN coverage: 65 (0.12%)
Number of left-side alignments: 8150 (15.03%)
Number of right-side alignments: 16918 (31.19%)
Complex overlaps: 0 (0%)
Over-overlaps: 0 (0%)
Partial alignments written to output: 34769 (64.1%)

>>>>>>>>>>>>>>>>>> mixcr assemblePartial <<<<<<<<<<<<<<<<<<
Running:
mixcr assemblePartial --report /projects/rpci/songyao/pnfioric/arc_project/airr_calculation/tcr_quant/results/mixcr_RS-04396829.assemblePartial.report.txt --json-report /projects/rpci/songyao/pnfioric/arc_project/airr_calculation/tcr_quant/results/mixcr_RS-04396829.assemblePartial.report.json /projects/rpci/songyao/pnfioric/arc_project/airr_calculation/tcr_quant/results/mixcr_RS-04396829.passembled.1.vdjca /projects/rpci/songyao/pnfioric/arc_project/airr_calculation/tcr_quant/results/mixcr_RS-04396829.passembled.2.vdjca
Building index: 0%
Searching for overlaps: 0%
Searching for overlaps: 45.6%  ETA: 00:00:01
================= report: assemblePartial =================
Analysis time: 2.19s
Total alignments analysed: 53641
Number of output alignments: 53640 (100%)
Alignments already with CDR3 (no overlapping is performed): 18872 (35.18%)
Successfully overlapped alignments: 1 (0%)
Left parts with too small N-region (failed to extract k-mer): 11007 (20.52%)
Extracted k-mer diversity: 18900
Dropped due to wildcard in k-mer: 0 (0%)
Dropped due to too short NRegion parts in overlap: 564 (1.05%)
Dropped overlaps with empty N region due to no complete NDN coverage: 49 (0.09%)
Number of left-side alignments: 7551 (14.08%)
Number of right-side alignments: 16321 (30.43%)
Complex overlaps: 0 (0%)
Over-overlaps: 0 (0%)
Partial alignments written to output: 34767 (64.81%)

>>>>>>>>>>>>>>>>>>>>>>> mixcr extend <<<<<<<<<<<<<<<<<<<<<<<
Running:
mixcr extend --report /projects/rpci/songyao/pnfioric/arc_project/airr_calculation/tcr_quant/results/mixcr_RS-04396829.extend.report.txt --json-report /projects/rpci/songyao/pnfioric/arc_project/airr_calculation/tcr_quant/results/mixcr_RS-04396829.extend.report.json --threads 12 /projects/rpci/songyao/pnfioric/arc_project/airr_calculation/tcr_quant/results/mixcr_RS-04396829.passembled.2.vdjca /projects/rpci/songyao/pnfioric/arc_project/airr_calculation/tcr_quant/results/mixcr_RS-04396829.extended.vdjca
Extending alignments: 0%
====================== report: extend ======================
Analysis time: 756ms
Extended alignments count: 4 (0.01%)
V extensions total: 1 (0%)
V extensions with merged targets: 0 (0%)
J extensions total: 3 (0.01%)
J extensions with merged targets: 0 (0%)
V+J extensions: 0 (0%)
Mean V extension length: 2.0
Mean J extension length: 12.0

>>>>>>>>>>>>>>>>>>>>>> mixcr assemble <<<<<<<<<<<<<<<<<<<<<<
Running:
mixcr assemble --report /projects/rpci/songyao/pnfioric/arc_project/airr_calculation/tcr_quant/results/mixcr_RS-04396829.assemble.report.txt --json-report /projects/rpci/songyao/pnfioric/arc_project/airr_calculation/tcr_quant/results/mixcr_RS-04396829.assemble.report.json /projects/rpci/songyao/pnfioric/arc_project/airr_calculation/tcr_quant/results/mixcr_RS-04396829.extended.vdjca /projects/rpci/songyao/pnfioric/arc_project/airr_calculation/tcr_quant/results/mixcr_RS-04396829.clna
Initialization: progress unknown
Building clones: 1.3%
Building clones: 68.4%  ETA: 00:00:00
Initialization: progress unknown
Writing alignments: 0.6%
Writing alignments: 75.8%  ETA: 00:00:00
Writing alignments: 87%  ETA: 00:00:01
===================== report: assemble =====================
Analysis time: 3.3s
Final clonotype count: 2543
Reads used in clonotypes, percent of total: 18371 (0.03%)
Average number of reads per clonotype: 7.22
Reads dropped due to the lack of a clone sequence, percent of total: 35483 (0.06%)
Reads dropped due to a too short clonal sequence, percent of total: 6 (0%)
Reads dropped due to low quality, percent of total: 0 (0%)
Reads dropped due to failed mapping, percent of total: 150 (0%)
Reads dropped with low quality clones, percent of total: 0 (0%)
Aligned reads processed: 18755
Reads used in clonotypes before clustering, percent of total: 18599 (0.03%)
Number of reads used as a core, percent of used: 18475 (99.33%)
Mapped low quality reads, percent of used: 124 (0.67%)
Reads clustered in PCR error correction, percent of used: 228 (1.23%)
Reads pre-clustered due to the similar VJC-lists, percent of used: 0 (0%)
Clonotypes dropped as low quality: 0
Clonotypes eliminated by PCR error correction: 180
Clonotypes pre-clustered due to the similar VJC-lists: 0
Clones dropped in post filtering: 0 (0%)
Reads dropped in post filtering: 0.0 (0%)
Reads filtered by tag prefix: 0 (0%)
TRA chains: 23 (0.9%)
TRA non-functional: 7 (30.43%)
TRB chains: 16 (0.63%)
TRB non-functional: 0 (0%)
TRD chains: 1 (0.04%)
TRD non-functional: 0 (0%)
TRG chains: 6 (0.24%)
TRG non-functional: 2 (33.33%)
IGH chains: 832 (32.72%)
IGH non-functional: 26 (3.12%)
IGK chains: 1082 (42.55%)
IGK non-functional: 151 (13.96%)
IGL chains: 583 (22.93%)
IGL non-functional: 27 (4.63%)

>>>>>>>>>>>>>>>>>> mixcr assembleContigs <<<<<<<<<<<<<<<<<<
Running:
mixcr assembleContigs --report /projects/rpci/songyao/pnfioric/arc_project/airr_calculation/tcr_quant/results/mixcr_RS-04396829.assembleContigs.report.txt --json-report /projects/rpci/songyao/pnfioric/arc_project/airr_calculation/tcr_quant/results/mixcr_RS-04396829.assembleContigs.report.json --threads 12 /projects/rpci/songyao/pnfioric/arc_project/airr_calculation/tcr_quant/results/mixcr_RS-04396829.clna /projects/rpci/songyao/pnfioric/arc_project/airr_calculation/tcr_quant/results/mixcr_RS-04396829.contigs.clns
Assembling contigs: 0%
Assembling contigs: 19.9%  ETA: 00:00:04
================= report: assembleContigs =================
Analysis time: 2.09s
Initial clonotype count: 2543
Final clonotype count: 2543 (100%)
Canceled assemblies: 0 (0%)
Clones filtered out after assemble: 0 (0%)
Number of premature termination assembly events, percent of number of initial clonotypes: 0.0 (0%)
Longest contig length: 343
Clustered variants: 0 (0%)
Reads in clustered variants: 0.0 (0%)
Reads in divided (newly created) clones: 0.0 (0%)
Clones with ambiguous letters in splitting region: 0 (0%)
Reads in clones with ambiguous letters in splitting region: 0.0 (0%)
Average number of ambiguous letters per clone with ambiguous letters in splitting region: NaN
Clones combined after clustering: 0 (0%)

>>>>>>>>>>>>>>>>>>>>>>>>> mixcr qc <<<<<<<<<<<<<<<<<<<<<<<<<
Running:
mixcr qc --print-to-stdout /projects/rpci/songyao/pnfioric/arc_project/airr_calculation/tcr_quant/results/mixcr_RS-04396829.contigs.clns /projects/rpci/songyao/pnfioric/arc_project/airr_calculation/tcr_quant/results/mixcr_RS-04396829.qc.txt /projects/rpci/songyao/pnfioric/arc_project/airr_calculation/tcr_quant/results/mixcr_RS-04396829.qc.json

  Alignments dropped due to low sequence quality: 0.0% [OK]

>>>>>>>>>>>>>>>>>>>> mixcr exportClones <<<<<<<<<<<<<<<<<<<<
Running:
mixcr exportClones /projects/rpci/songyao/pnfioric/arc_project/airr_calculation/tcr_quant/results/mixcr_RS-04396829.contigs.clns /projects/rpci/songyao/pnfioric/arc_project/airr_calculation/tcr_quant/results/mixcr_RS-04396829.clones.tsv
Analysis finished successfully.
===============================
Visualize results and simplify your immune data analysis with a convenient UI.
Explore and install Platforma.bio here: https://platforma.bio
