Exporting TRB
Exporting clones: 25%
Filtered 4 of 49 clones (91.84%).
Filtered 25.0 of 196.0 reads (87.24%).
Exporting TRA
Exporting clones: 33.3%
Filtered 3 of 49 clones (93.88%).
Filtered 23.0 of 196.0 reads (88.27%).
Exporting IGH
Exporting clones: 12.5%
Filtered 8 of 49 clones (83.67%).
Filtered 24.0 of 196.0 reads (87.76%).
Exporting TRG
Exporting clones: 50%
Filtered 2 of 49 clones (95.92%).
Filtered 12.0 of 196.0 reads (93.88%).
Exporting IGL
Exporting clones: 16.7%
Filtered 6 of 49 clones (87.76%).
Filtered 17.0 of 196.0 reads (91.33%).
Exporting IGK
Exporting clones: 3.8%
Filtered 26 of 49 clones (46.94%).
Filtered 95.0 of 196.0 reads (51.53%).
