WARNING: sun.reflect.Reflection.getCallerClass is not supported. This will impact performance.

>>>>>>>>>>>>>>>>>>>>>>> mixcr align <<<<<<<<<<<<<<<<<<<<<<<
Running:
mixcr align --report /projects/rpci/songyao/pnfioric/arc_project/airr_calculation/tcr_quant/results/mixcr_RS-04396654.align.report.txt --json-report /projects/rpci/songyao/pnfioric/arc_project/airr_calculation/tcr_quant/results/mixcr_RS-04396654.align.report.json --threads 12 --preset rna-seq --save-output-file-names /projects/rpci/songyao/pnfioric/arc_project/airr_calculation/tcr_quant/results/mixcr_RS-04396654.align.list.tsv --species hsa /projects/rpci/songyao/pnfioric/arc_project/airr_calculation/fastq_files/RS-04396654/RS-04396654_HAYS07015056-B1_RS-03747922_S24_R1_001.fastq.gz /projects/rpci/songyao/pnfioric/arc_project/airr_calculation/fastq_files/RS-04396654/RS-04396654_HAYS07015056-B1_RS-03747922_S24_R2_001.fastq.gz /projects/rpci/songyao/pnfioric/arc_project/airr_calculation/tcr_quant/results/mixcr_RS-04396654.alignments.vdjca
Alignment: 0%
Alignment: 3.3%  ETA: 00:58:30
Alignment: 6.6%  ETA: 00:55:58
Alignment: 10%  ETA: 00:53:29
Alignment: 13.3%  ETA: 00:52:25
Alignment: 16.7%  ETA: 00:49:04
Alignment: 20.1%  ETA: 00:47:30
Alignment: 23.5%  ETA: 00:44:41
Alignment: 26.9%  ETA: 00:43:28
Alignment: 30.2%  ETA: 00:41:50
Alignment: 33.6%  ETA: 00:39:07
Alignment: 36.9%  ETA: 00:38:10
Alignment: 40.3%  ETA: 00:35:30
Alignment: 43.7%  ETA: 00:33:11
Alignment: 47.1%  ETA: 00:31:11
Alignment: 50.4%  ETA: 00:29:28
Alignment: 53.8%  ETA: 00:27:43
Alignment: 57.1%  ETA: 00:25:43
Alignment: 60.5%  ETA: 00:23:30
Alignment: 63.8%  ETA: 00:21:42
Alignment: 67.2%  ETA: 00:19:08
Alignment: 70.6%  ETA: 00:17:28
Alignment: 74%  ETA: 00:15:19
Alignment: 77.4%  ETA: 00:13:19
Alignment: 80.7%  ETA: 00:11:33
Alignment: 84.1%  ETA: 00:09:33
Alignment: 87.4%  ETA: 00:07:28
Alignment: 90.8%  ETA: 00:05:28
Alignment: 94.2%  ETA: 00:03:23
Alignment: 97.6%  ETA: 00:01:24
====================== report: align ======================
Analysis time: 59.46m
Total sequencing reads: 65705934
Successfully aligned reads: 1962 (0%)
Coverage (percent of successfully aligned):
  CDR3: 439 (22.38%)
  FR3_TO_FR4: 11 (0.56%)
  CDR2_TO_FR4: 10 (0.51%)
  FR2_TO_FR4: 0 (0%)
  CDR1_TO_FR4: 0 (0%)
  VDJRegion: 0 (0%)
Alignment failed: no hits (not TCR/IG?): 64056730 (97.49%)
Alignment failed: no CDR3 parts: 19429 (0.03%)
Alignment failed: low total score: 1627813 (2.48%)
Overlapped: 59018224 (89.82%)
Overlapped and aligned: 1840 (0%)
Overlapped and not aligned: 59016384 (89.82%)
Alignment-aided overlaps, percent of overlapped and aligned: 46 (2.5%)
No CDR3 parts alignments, percent of successfully aligned: 48 (2.45%)
Partial aligned reads, percent of successfully aligned: 1475 (75.18%)
J gene chimeras: 3 (0%)
Realigned with forced non-floating bound: 13375512 (20.36%)
Realigned with forced non-floating right bound in left read: 889 (0%)
Realigned with forced non-floating left bound in right read: 889 (0%)
TRA chains: 223 (11.37%)
TRA non-functional: 1 (0.45%)
TRB chains: 121 (6.17%)
TRB non-functional: 0 (0%)
TRD chains: 4 (0.2%)
TRD non-functional: 0 (0%)
TRG chains: 10 (0.51%)
TRG non-functional: 0 (0%)
IGH chains: 493 (25.13%)
IGH non-functional: 0 (0%)
TRAD chains: 3 (0.15%)
TRAD non-functional: 0 (0%)
IGK chains: 452 (23.04%)
IGK non-functional: 4 (0.88%)
IGL chains: 656 (33.44%)
IGL non-functional: 5 (0.76%)
Trimming report:
  R1 reads trimmed left: 118010 (0.18%)
  R1 reads trimmed right: 123773 (0.19%)
  Average R1 nucleotides trimmed left: 0.03052916042560174
  Average R1 nucleotides trimmed right: 0.034479016765822094
  R2 reads trimmed left: 119771 (0.18%)
  R2 reads trimmed right: 121135 (0.18%)
  Average R2 nucleotides trimmed left: 0.03032334948621231
  Average R2 nucleotides trimmed right: 0.03246723499889675

>>>>>>>>>>>>>>>>>> mixcr assemblePartial <<<<<<<<<<<<<<<<<<
Running:
mixcr assemblePartial --report /projects/rpci/songyao/pnfioric/arc_project/airr_calculation/tcr_quant/results/mixcr_RS-04396654.assemblePartial.report.txt --json-report /projects/rpci/songyao/pnfioric/arc_project/airr_calculation/tcr_quant/results/mixcr_RS-04396654.assemblePartial.report.json /projects/rpci/songyao/pnfioric/arc_project/airr_calculation/tcr_quant/results/mixcr_RS-04396654.alignments.vdjca /projects/rpci/songyao/pnfioric/arc_project/airr_calculation/tcr_quant/results/mixcr_RS-04396654.passembled.1.vdjca
Building index: 0%
Searching for overlaps: 0.1%
================= report: assemblePartial =================
Analysis time: 232ms
Total alignments analysed: 1962
Number of output alignments: 1962 (100%)
Alignments already with CDR3 (no overlapping is performed): 448 (22.83%)
Successfully overlapped alignments: 0 (0%)
Left parts with too small N-region (failed to extract k-mer): 315 (16.06%)
Extracted k-mer diversity: 1429
Dropped due to wildcard in k-mer: 0 (0%)
Dropped due to too short NRegion parts in overlap: 2 (0.1%)
Dropped overlaps with empty N region due to no complete NDN coverage: 0 (0%)
Number of left-side alignments: 305 (15.55%)
Number of right-side alignments: 902 (45.97%)
Complex overlaps: 0 (0%)
Over-overlaps: 0 (0%)
Partial alignments written to output: 1514 (77.17%)

>>>>>>>>>>>>>>>>>> mixcr assemblePartial <<<<<<<<<<<<<<<<<<
Running:
mixcr assemblePartial --report /projects/rpci/songyao/pnfioric/arc_project/airr_calculation/tcr_quant/results/mixcr_RS-04396654.assemblePartial.report.txt --json-report /projects/rpci/songyao/pnfioric/arc_project/airr_calculation/tcr_quant/results/mixcr_RS-04396654.assemblePartial.report.json /projects/rpci/songyao/pnfioric/arc_project/airr_calculation/tcr_quant/results/mixcr_RS-04396654.passembled.1.vdjca /projects/rpci/songyao/pnfioric/arc_project/airr_calculation/tcr_quant/results/mixcr_RS-04396654.passembled.2.vdjca
Building index: 0%
Searching for overlaps: 0.2%
================= report: assemblePartial =================
Analysis time: 99ms
Total alignments analysed: 1962
Number of output alignments: 1962 (100%)
Alignments already with CDR3 (no overlapping is performed): 448 (22.83%)
Successfully overlapped alignments: 0 (0%)
Left parts with too small N-region (failed to extract k-mer): 315 (16.06%)
Extracted k-mer diversity: 1429
Dropped due to wildcard in k-mer: 0 (0%)
Dropped due to too short NRegion parts in overlap: 2 (0.1%)
Dropped overlaps with empty N region due to no complete NDN coverage: 0 (0%)
Number of left-side alignments: 305 (15.55%)
Number of right-side alignments: 902 (45.97%)
Complex overlaps: 0 (0%)
Over-overlaps: 0 (0%)
Partial alignments written to output: 1514 (77.17%)

>>>>>>>>>>>>>>>>>>>>>>> mixcr extend <<<<<<<<<<<<<<<<<<<<<<<
Running:
mixcr extend --report /projects/rpci/songyao/pnfioric/arc_project/airr_calculation/tcr_quant/results/mixcr_RS-04396654.extend.report.txt --json-report /projects/rpci/songyao/pnfioric/arc_project/airr_calculation/tcr_quant/results/mixcr_RS-04396654.extend.report.json --threads 12 /projects/rpci/songyao/pnfioric/arc_project/airr_calculation/tcr_quant/results/mixcr_RS-04396654.passembled.2.vdjca /projects/rpci/songyao/pnfioric/arc_project/airr_calculation/tcr_quant/results/mixcr_RS-04396654.extended.vdjca
Extending alignments: 0%
====================== report: extend ======================
Analysis time: 19ms
Extended alignments count: 0 (0%)
V extensions total: 0 (0%)
V extensions with merged targets: 0 (0%)
J extensions total: 0 (0%)
J extensions with merged targets: 0 (0%)
V+J extensions: 0 (0%)
Mean V extension length: NaN
Mean J extension length: NaN

>>>>>>>>>>>>>>>>>>>>>> mixcr assemble <<<<<<<<<<<<<<<<<<<<<<
Running:
mixcr assemble --report /projects/rpci/songyao/pnfioric/arc_project/airr_calculation/tcr_quant/results/mixcr_RS-04396654.assemble.report.txt --json-report /projects/rpci/songyao/pnfioric/arc_project/airr_calculation/tcr_quant/results/mixcr_RS-04396654.assemble.report.json /projects/rpci/songyao/pnfioric/arc_project/airr_calculation/tcr_quant/results/mixcr_RS-04396654.extended.vdjca /projects/rpci/songyao/pnfioric/arc_project/airr_calculation/tcr_quant/results/mixcr_RS-04396654.clna
Initialization: progress unknown
Initialization: progress unknown
===================== report: assemble =====================
Analysis time: 555ms
Final clonotype count: 168
Reads used in clonotypes, percent of total: 428 (0%)
Average number of reads per clonotype: 2.55
Reads dropped due to the lack of a clone sequence, percent of total: 1523 (0%)
Reads dropped due to a too short clonal sequence, percent of total: 0 (0%)
Reads dropped due to low quality, percent of total: 0 (0%)
Reads dropped due to failed mapping, percent of total: 11 (0%)
Reads dropped with low quality clones, percent of total: 0 (0%)
Aligned reads processed: 439
Reads used in clonotypes before clustering, percent of total: 428 (0%)
Number of reads used as a core, percent of used: 426 (99.53%)
Mapped low quality reads, percent of used: 2 (0.47%)
Reads clustered in PCR error correction, percent of used: 0 (0%)
Reads pre-clustered due to the similar VJC-lists, percent of used: 0 (0%)
Clonotypes dropped as low quality: 0
Clonotypes eliminated by PCR error correction: 0
Clonotypes pre-clustered due to the similar VJC-lists: 0
Clones dropped in post filtering: 0 (0%)
Reads dropped in post filtering: 0.0 (0%)
Reads filtered by tag prefix: 0 (0%)
TRA chains: 1 (0.6%)
TRA non-functional: 1 (100%)
TRB chains: 3 (1.79%)
TRB non-functional: 0 (0%)
IGH chains: 35 (20.83%)
IGH non-functional: 0 (0%)
IGK chains: 86 (51.19%)
IGK non-functional: 2 (2.33%)
IGL chains: 43 (25.6%)
IGL non-functional: 2 (4.65%)

>>>>>>>>>>>>>>>>>> mixcr assembleContigs <<<<<<<<<<<<<<<<<<
Running:
mixcr assembleContigs --report /projects/rpci/songyao/pnfioric/arc_project/airr_calculation/tcr_quant/results/mixcr_RS-04396654.assembleContigs.report.txt --json-report /projects/rpci/songyao/pnfioric/arc_project/airr_calculation/tcr_quant/results/mixcr_RS-04396654.assembleContigs.report.json --threads 12 /projects/rpci/songyao/pnfioric/arc_project/airr_calculation/tcr_quant/results/mixcr_RS-04396654.clna /projects/rpci/songyao/pnfioric/arc_project/airr_calculation/tcr_quant/results/mixcr_RS-04396654.contigs.clns
Assembling contigs: 0%
================= report: assembleContigs =================
Analysis time: 284ms
Initial clonotype count: 168
Final clonotype count: 168 (100%)
Canceled assemblies: 0 (0%)
Clones filtered out after assemble: 0 (0%)
Number of premature termination assembly events, percent of number of initial clonotypes: 0.0 (0%)
Longest contig length: 202
Clustered variants: 0 (0%)
Reads in clustered variants: 0.0 (0%)
Reads in divided (newly created) clones: 0.0 (0%)
Clones with ambiguous letters in splitting region: 0 (0%)
Reads in clones with ambiguous letters in splitting region: 0.0 (0%)
Average number of ambiguous letters per clone with ambiguous letters in splitting region: NaN
Clones combined after clustering: 0 (0%)

>>>>>>>>>>>>>>>>>>>>>>>>> mixcr qc <<<<<<<<<<<<<<<<<<<<<<<<<
Running:
mixcr qc --print-to-stdout /projects/rpci/songyao/pnfioric/arc_project/airr_calculation/tcr_quant/results/mixcr_RS-04396654.contigs.clns /projects/rpci/songyao/pnfioric/arc_project/airr_calculation/tcr_quant/results/mixcr_RS-04396654.qc.txt /projects/rpci/songyao/pnfioric/arc_project/airr_calculation/tcr_quant/results/mixcr_RS-04396654.qc.json

  Alignments dropped due to low sequence quality: 0.0% [OK]

>>>>>>>>>>>>>>>>>>>> mixcr exportClones <<<<<<<<<<<<<<<<<<<<
Running:
mixcr exportClones /projects/rpci/songyao/pnfioric/arc_project/airr_calculation/tcr_quant/results/mixcr_RS-04396654.contigs.clns /projects/rpci/songyao/pnfioric/arc_project/airr_calculation/tcr_quant/results/mixcr_RS-04396654.clones.tsv
Analysis finished successfully.
===============================
Visualize results and simplify your immune data analysis with a convenient UI.
Explore and install Platforma.bio here: https://platforma.bio
