Exporting TRB
Exporting clones: 20%
Filtered 5 of 629 clones (99.21%).
Filtered 10.0 of 2008.0 reads (99.5%).
Exporting TRA
Exporting clones: 11.1%
Filtered 9 of 629 clones (98.57%).
Filtered 18.0 of 2008.0 reads (99.1%).
Exporting IGH
Exporting clones: 0.7%
Filtered 140 of 629 clones (77.74%).
Filtered 413.0 of 2008.0 reads (79.43%).
Exporting TRG
Exporting clones: 25%
Filtered 4 of 629 clones (99.36%).
Filtered 17.0 of 2008.0 reads (99.15%).
Exporting IGL
Exporting clones: 23.6%
Filtered 140 of 629 clones (77.74%).
Filtered 438.0 of 2008.0 reads (78.19%).
Exporting IGK
Exporting clones: 0.3%
Filtered 331 of 629 clones (47.38%).
Filtered 1112.0 of 2008.0 reads (44.62%).
