Exporting TRB
Exporting clones: 14.3%
Filtered 7 of 235 clones (97.02%).
Filtered 28.0 of 984.0 reads (97.15%).
Exporting TRA
Exporting clones: 7.7%
Filtered 13 of 235 clones (94.47%).
Filtered 35.0 of 984.0 reads (96.44%).
Exporting TRD
Exporting clones: 100%
Filtered 1 of 235 clones (99.57%).
Filtered 1.0 of 984.0 reads (99.9%).
Exporting IGH
Exporting clones: 1.4%
Filtered 74 of 235 clones (68.51%).
Filtered 265.0 of 984.0 reads (73.07%).
Exporting TRG
Exporting clones: 16.7%
Filtered 6 of 235 clones (97.45%).
Filtered 26.0 of 984.0 reads (97.36%).
Exporting IGL
Exporting clones: 1.7%
Filtered 60 of 235 clones (74.47%).
Filtered 308.0 of 984.0 reads (68.7%).
Exporting IGK
Exporting clones: 1.4%
Filtered 74 of 235 clones (68.51%).
Filtered 321.0 of 984.0 reads (67.38%).
