Exporting TRB
Exporting clones: 33.3%
Filtered 3 of 1833 clones (99.84%).
Filtered 20.0 of 21421.0 reads (99.91%).
Exporting TRA
Exporting clones: 11.1%
Filtered 9 of 1833 clones (99.51%).
Filtered 38.0 of 21421.0 reads (99.82%).
Exporting IGH
Exporting clones: 0.1%
Filtered 691 of 1833 clones (62.3%).
Filtered 5718.0 of 21421.0 reads (73.31%).
Exporting IGL
Exporting clones: 1%
Filtered 384 of 1833 clones (79.05%).
Filtered 4828.0 of 21421.0 reads (77.46%).
Exporting IGK
Exporting clones: 0.4%
Filtered 746 of 1833 clones (59.3%).
Filtered 10817.0 of 21421.0 reads (49.5%).
