Exporting TRB
Exporting clones: 5.6%
Filtered 18 of 2814 clones (99.36%).
Filtered 59.0 of 14651.0 reads (99.6%).
Exporting TRA
Exporting clones: 5.6%
Filtered 18 of 2814 clones (99.36%).
Filtered 66.0 of 14651.0 reads (99.55%).
Exporting IGH
Exporting clones: 0.1%
Filtered 855 of 2814 clones (69.62%).
Filtered 3360.0 of 14651.0 reads (77.07%).
Exporting TRG
Exporting clones: 62.5%
Filtered 8 of 2814 clones (99.72%).
Filtered 32.0 of 14651.0 reads (99.78%).
Exporting IGL
Exporting clones: 0.4%
Filtered 766 of 2814 clones (72.78%).
Filtered 5078.0 of 14651.0 reads (65.34%).
Exporting IGK
Exporting clones: 0.3%
Filtered 1149 of 2814 clones (59.17%).
Filtered 6056.0 of 14651.0 reads (58.66%).
