Exporting TRB
Exporting clones: 50%
Filtered 2 of 113 clones (98.23%).
Filtered 3.0 of 308.0 reads (99.03%).
Exporting IGH
Exporting clones: 3.8%
Filtered 26 of 113 clones (76.99%).
Filtered 80.0 of 308.0 reads (74.03%).
Exporting TRG
Exporting clones: 100%
Filtered 1 of 113 clones (99.12%).
Filtered 6.0 of 308.0 reads (98.05%).
Exporting IGL
Exporting clones: 2.7%
Filtered 37 of 113 clones (67.26%).
Filtered 90.0 of 308.0 reads (70.78%).
Exporting IGK
Exporting clones: 2.1%
Filtered 47 of 113 clones (58.41%).
Filtered 129.0 of 308.0 reads (58.12%).
