Exporting TRB
Exporting clones: 2.1%
Filtered 47 of 2346 clones (98%).
Filtered 78.0 of 15433.0 reads (99.49%).
Exporting TRA
Exporting clones: 1.5%
Filtered 68 of 2346 clones (97.1%).
Filtered 103.0 of 15433.0 reads (99.33%).
Exporting IGH
Exporting clones: 0.1%
Filtered 825 of 2346 clones (64.83%).
Filtered 4023.0 of 15433.0 reads (73.93%).
Exporting TRG
Filtered 1 of 2346 clones (99.96%).
Filtered 1.0 of 15433.0 reads (99.99%).
Exporting IGL
Exporting clones: 0.3%
Filtered 394 of 2346 clones (83.21%).
Filtered 2562.0 of 15433.0 reads (83.4%).
Exporting IGK
Exporting clones: 0.4%
Filtered 1011 of 2346 clones (56.91%).
Filtered 8666.0 of 15433.0 reads (43.85%).
