Exporting TRB
Exporting clones: 5%
Filtered 20 of 1412 clones (98.58%).
Filtered 40.0 of 6868.0 reads (99.42%).
Exporting TRA
Exporting clones: 4.8%
Filtered 21 of 1412 clones (98.51%).
Filtered 44.0 of 6868.0 reads (99.36%).
Exporting IGH
Exporting clones: 0.2%
Filtered 472 of 1412 clones (66.57%).
Filtered 2109.0 of 6868.0 reads (69.29%).
Exporting TRG
Exporting clones: 66.7%
Filtered 3 of 1412 clones (99.79%).
Filtered 3.0 of 6868.0 reads (99.96%).
Exporting IGL
Exporting clones: 0.3%
Filtered 294 of 1412 clones (79.18%).
Filtered 1453.0 of 6868.0 reads (78.84%).
Exporting IGK
Exporting clones: 0.3%
Filtered 602 of 1412 clones (57.37%).
Filtered 3219.0 of 6868.0 reads (53.13%).
