WARNING: sun.reflect.Reflection.getCallerClass is not supported. This will impact performance.

>>>>>>>>>>>>>>>>>>>>>>> mixcr align <<<<<<<<<<<<<<<<<<<<<<<
Running:
mixcr align --report /projects/rpci/songyao/pnfioric/arc_project/airr_calculation/tcr_quant/results/mixcr_RS-04378687.align.report.txt --json-report /projects/rpci/songyao/pnfioric/arc_project/airr_calculation/tcr_quant/results/mixcr_RS-04378687.align.report.json --threads 12 --preset rna-seq --save-output-file-names /projects/rpci/songyao/pnfioric/arc_project/airr_calculation/tcr_quant/results/mixcr_RS-04378687.align.list.tsv --species hsa /projects/rpci/songyao/pnfioric/arc_project/airr_calculation/fastq_files/RS-04378687/RS-04378687_SSFS08011645-C7_RS-03674691_S80_R1_001.fastq.gz /projects/rpci/songyao/pnfioric/arc_project/airr_calculation/fastq_files/RS-04378687/RS-04378687_SSFS08011645-C7_RS-03674691_S80_R2_001.fastq.gz /projects/rpci/songyao/pnfioric/arc_project/airr_calculation/tcr_quant/results/mixcr_RS-04378687.alignments.vdjca
Alignment: 0%
Alignment: 4.5%  ETA: 00:42:38
Alignment: 9%  ETA: 00:39:57
Alignment: 13.6%  ETA: 00:37:57
Alignment: 18.1%  ETA: 00:35:57
Alignment: 22.7%  ETA: 00:34:14
Alignment: 27.2%  ETA: 00:31:58
Alignment: 31.7%  ETA: 00:30:13
Alignment: 36.2%  ETA: 00:28:28
Alignment: 40.7%  ETA: 00:26:28
Alignment: 45.2%  ETA: 00:24:15
Alignment: 49.7%  ETA: 00:22:26
Alignment: 54.2%  ETA: 00:20:26
Alignment: 58.7%  ETA: 00:18:16
Alignment: 63.2%  ETA: 00:16:34
Alignment: 67.7%  ETA: 00:14:18
Alignment: 72.2%  ETA: 00:12:25
Alignment: 76.6%  ETA: 00:10:25
Alignment: 81%  ETA: 00:08:35
Alignment: 85.5%  ETA: 00:06:31
Alignment: 90%  ETA: 00:04:28
Alignment: 94.5%  ETA: 00:02:24
Alignment: 99%  ETA: 00:00:26
====================== report: align ======================
Analysis time: 44.49m
Total sequencing reads: 53848258
Successfully aligned reads: 1467 (0%)
Coverage (percent of successfully aligned):
  CDR3: 217 (14.79%)
  FR3_TO_FR4: 0 (0%)
  CDR2_TO_FR4: 0 (0%)
  FR2_TO_FR4: 0 (0%)
  CDR1_TO_FR4: 0 (0%)
  VDJRegion: 0 (0%)
Alignment failed: no hits (not TCR/IG?): 52638005 (97.75%)
Alignment failed: no CDR3 parts: 14155 (0.03%)
Alignment failed: low total score: 1194631 (2.22%)
Overlapped: 51957189 (96.49%)
Overlapped and aligned: 1409 (0%)
Overlapped and not aligned: 51955780 (96.49%)
Alignment-aided overlaps, percent of overlapped and aligned: 6 (0.43%)
No CDR3 parts alignments, percent of successfully aligned: 15 (1.02%)
Partial aligned reads, percent of successfully aligned: 1235 (84.19%)
V gene chimeras: 15 (0%)
Realigned with forced non-floating bound: 3782150 (7.02%)
Realigned with forced non-floating right bound in left read: 154 (0%)
Realigned with forced non-floating left bound in right read: 154 (0%)
TRA chains: 138 (9.41%)
TRA non-functional: 0 (0%)
TRB chains: 144 (9.82%)
TRB non-functional: 0 (0%)
TRD chains: 12 (0.82%)
TRD non-functional: 0 (0%)
TRG chains: 10 (0.68%)
TRG non-functional: 0 (0%)
IGH chains: 573 (39.06%)
IGH non-functional: 0 (0%)
TRAD chains: 8 (0.55%)
TRAD non-functional: 0 (0%)
IGK chains: 280 (19.09%)
IGK non-functional: 7 (2.5%)
IGL chains: 302 (20.59%)
IGL non-functional: 0 (0%)
Trimming report:
  R1 reads trimmed left: 268194 (0.5%)
  R1 reads trimmed right: 273746 (0.51%)
  Average R1 nucleotides trimmed left: 0.0846515034896765
  Average R1 nucleotides trimmed right: 0.09025131323653961
  R2 reads trimmed left: 264938 (0.49%)
  R2 reads trimmed right: 269339 (0.5%)
  Average R2 nucleotides trimmed left: 0.0834924316400356
  Average R2 nucleotides trimmed right: 0.08886205752468353

>>>>>>>>>>>>>>>>>> mixcr assemblePartial <<<<<<<<<<<<<<<<<<
Running:
mixcr assemblePartial --report /projects/rpci/songyao/pnfioric/arc_project/airr_calculation/tcr_quant/results/mixcr_RS-04378687.assemblePartial.report.txt --json-report /projects/rpci/songyao/pnfioric/arc_project/airr_calculation/tcr_quant/results/mixcr_RS-04378687.assemblePartial.report.json /projects/rpci/songyao/pnfioric/arc_project/airr_calculation/tcr_quant/results/mixcr_RS-04378687.alignments.vdjca /projects/rpci/songyao/pnfioric/arc_project/airr_calculation/tcr_quant/results/mixcr_RS-04378687.passembled.1.vdjca
Building index: 0%
Searching for overlaps: 0.1%
================= report: assemblePartial =================
Analysis time: 203ms
Total alignments analysed: 1467
Number of output alignments: 1464 (99.8%)
Alignments already with CDR3 (no overlapping is performed): 219 (14.93%)
Successfully overlapped alignments: 3 (0.2%)
Left parts with too small N-region (failed to extract k-mer): 403 (27.47%)
Extracted k-mer diversity: 589
Dropped due to wildcard in k-mer: 0 (0%)
Dropped due to too short NRegion parts in overlap: 0 (0%)
Dropped overlaps with empty N region due to no complete NDN coverage: 0 (0%)
Number of left-side alignments: 181 (12.34%)
Number of right-side alignments: 664 (45.26%)
Complex overlaps: 0 (0%)
Over-overlaps: 0 (0%)
Partial alignments written to output: 1242 (84.66%)

>>>>>>>>>>>>>>>>>> mixcr assemblePartial <<<<<<<<<<<<<<<<<<
Running:
mixcr assemblePartial --report /projects/rpci/songyao/pnfioric/arc_project/airr_calculation/tcr_quant/results/mixcr_RS-04378687.assemblePartial.report.txt --json-report /projects/rpci/songyao/pnfioric/arc_project/airr_calculation/tcr_quant/results/mixcr_RS-04378687.assemblePartial.report.json /projects/rpci/songyao/pnfioric/arc_project/airr_calculation/tcr_quant/results/mixcr_RS-04378687.passembled.1.vdjca /projects/rpci/songyao/pnfioric/arc_project/airr_calculation/tcr_quant/results/mixcr_RS-04378687.passembled.2.vdjca
Building index: 0%
Searching for overlaps: 0.5%
================= report: assemblePartial =================
Analysis time: 89ms
Total alignments analysed: 1464
Number of output alignments: 1464 (100%)
Alignments already with CDR3 (no overlapping is performed): 222 (15.16%)
Successfully overlapped alignments: 0 (0%)
Left parts with too small N-region (failed to extract k-mer): 403 (27.53%)
Extracted k-mer diversity: 554
Dropped due to wildcard in k-mer: 0 (0%)
Dropped due to too short NRegion parts in overlap: 0 (0%)
Dropped overlaps with empty N region due to no complete NDN coverage: 0 (0%)
Number of left-side alignments: 178 (12.16%)
Number of right-side alignments: 661 (45.15%)
Complex overlaps: 0 (0%)
Over-overlaps: 0 (0%)
Partial alignments written to output: 1242 (84.84%)

>>>>>>>>>>>>>>>>>>>>>>> mixcr extend <<<<<<<<<<<<<<<<<<<<<<<
Running:
mixcr extend --report /projects/rpci/songyao/pnfioric/arc_project/airr_calculation/tcr_quant/results/mixcr_RS-04378687.extend.report.txt --json-report /projects/rpci/songyao/pnfioric/arc_project/airr_calculation/tcr_quant/results/mixcr_RS-04378687.extend.report.json --threads 12 /projects/rpci/songyao/pnfioric/arc_project/airr_calculation/tcr_quant/results/mixcr_RS-04378687.passembled.2.vdjca /projects/rpci/songyao/pnfioric/arc_project/airr_calculation/tcr_quant/results/mixcr_RS-04378687.extended.vdjca
Extending alignments: 0%
====================== report: extend ======================
Analysis time: 21ms
Extended alignments count: 0 (0%)
V extensions total: 0 (0%)
V extensions with merged targets: 0 (0%)
J extensions total: 0 (0%)
J extensions with merged targets: 0 (0%)
V+J extensions: 0 (0%)
Mean V extension length: NaN
Mean J extension length: NaN

>>>>>>>>>>>>>>>>>>>>>> mixcr assemble <<<<<<<<<<<<<<<<<<<<<<
Running:
mixcr assemble --report /projects/rpci/songyao/pnfioric/arc_project/airr_calculation/tcr_quant/results/mixcr_RS-04378687.assemble.report.txt --json-report /projects/rpci/songyao/pnfioric/arc_project/airr_calculation/tcr_quant/results/mixcr_RS-04378687.assemble.report.json /projects/rpci/songyao/pnfioric/arc_project/airr_calculation/tcr_quant/results/mixcr_RS-04378687.extended.vdjca /projects/rpci/songyao/pnfioric/arc_project/airr_calculation/tcr_quant/results/mixcr_RS-04378687.clna
Initialization: progress unknown
Initialization: progress unknown
===================== report: assemble =====================
Analysis time: 411ms
Final clonotype count: 46
Reads used in clonotypes, percent of total: 219 (0%)
Average number of reads per clonotype: 4.76
Reads dropped due to the lack of a clone sequence, percent of total: 1244 (0%)
Reads dropped due to a too short clonal sequence, percent of total: 0 (0%)
Reads dropped due to low quality, percent of total: 0 (0%)
Reads dropped due to failed mapping, percent of total: 4 (0%)
Reads dropped with low quality clones, percent of total: 0 (0%)
Aligned reads processed: 223
Reads used in clonotypes before clustering, percent of total: 219 (0%)
Number of reads used as a core, percent of used: 214 (97.72%)
Mapped low quality reads, percent of used: 5 (2.28%)
Reads clustered in PCR error correction, percent of used: 0 (0%)
Reads pre-clustered due to the similar VJC-lists, percent of used: 0 (0%)
Clonotypes dropped as low quality: 0
Clonotypes eliminated by PCR error correction: 0
Clonotypes pre-clustered due to the similar VJC-lists: 0
Clones dropped in post filtering: 0 (0%)
Reads dropped in post filtering: 0.0 (0%)
Reads filtered by tag prefix: 0 (0%)
TRB chains: 1 (2.17%)
TRB non-functional: 0 (0%)
IGH chains: 10 (21.74%)
IGH non-functional: 0 (0%)
IGK chains: 27 (58.7%)
IGK non-functional: 1 (3.7%)
IGL chains: 8 (17.39%)
IGL non-functional: 0 (0%)

>>>>>>>>>>>>>>>>>> mixcr assembleContigs <<<<<<<<<<<<<<<<<<
Running:
mixcr assembleContigs --report /projects/rpci/songyao/pnfioric/arc_project/airr_calculation/tcr_quant/results/mixcr_RS-04378687.assembleContigs.report.txt --json-report /projects/rpci/songyao/pnfioric/arc_project/airr_calculation/tcr_quant/results/mixcr_RS-04378687.assembleContigs.report.json --threads 12 /projects/rpci/songyao/pnfioric/arc_project/airr_calculation/tcr_quant/results/mixcr_RS-04378687.clna /projects/rpci/songyao/pnfioric/arc_project/airr_calculation/tcr_quant/results/mixcr_RS-04378687.contigs.clns
Assembling contigs: 0%
================= report: assembleContigs =================
Analysis time: 173ms
Initial clonotype count: 46
Final clonotype count: 46 (100%)
Canceled assemblies: 0 (0%)
Clones filtered out after assemble: 0 (0%)
Number of premature termination assembly events, percent of number of initial clonotypes: 0.0 (0%)
Longest contig length: 194
Clustered variants: 0 (0%)
Reads in clustered variants: 0.0 (0%)
Reads in divided (newly created) clones: 0.0 (0%)
Clones with ambiguous letters in splitting region: 0 (0%)
Reads in clones with ambiguous letters in splitting region: 0.0 (0%)
Average number of ambiguous letters per clone with ambiguous letters in splitting region: NaN
Clones combined after clustering: 0 (0%)

>>>>>>>>>>>>>>>>>>>>>>>>> mixcr qc <<<<<<<<<<<<<<<<<<<<<<<<<
Running:
mixcr qc --print-to-stdout /projects/rpci/songyao/pnfioric/arc_project/airr_calculation/tcr_quant/results/mixcr_RS-04378687.contigs.clns /projects/rpci/songyao/pnfioric/arc_project/airr_calculation/tcr_quant/results/mixcr_RS-04378687.qc.txt /projects/rpci/songyao/pnfioric/arc_project/airr_calculation/tcr_quant/results/mixcr_RS-04378687.qc.json

  Alignments dropped due to low sequence quality: 0.0% [OK]

>>>>>>>>>>>>>>>>>>>> mixcr exportClones <<<<<<<<<<<<<<<<<<<<
Running:
mixcr exportClones /projects/rpci/songyao/pnfioric/arc_project/airr_calculation/tcr_quant/results/mixcr_RS-04378687.contigs.clns /projects/rpci/songyao/pnfioric/arc_project/airr_calculation/tcr_quant/results/mixcr_RS-04378687.clones.tsv
Analysis finished successfully.
===============================
Visualize results and simplify your immune data analysis with a convenient UI.
Explore and install Platforma.bio here: https://platforma.bio
