WARNING: sun.reflect.Reflection.getCallerClass is not supported. This will impact performance.

>>>>>>>>>>>>>>>>>>>>>>> mixcr align <<<<<<<<<<<<<<<<<<<<<<<
Running:
mixcr align --report /projects/rpci/songyao/pnfioric/arc_project/airr_calculation/tcr_quant/results/mixcr_RS-04430814.align.report.txt --json-report /projects/rpci/songyao/pnfioric/arc_project/airr_calculation/tcr_quant/results/mixcr_RS-04430814.align.report.json --threads 12 --preset rna-seq --save-output-file-names /projects/rpci/songyao/pnfioric/arc_project/airr_calculation/tcr_quant/results/mixcr_RS-04430814.align.list.tsv --species hsa /projects/rpci/songyao/pnfioric/arc_project/airr_calculation/fastq_files/RS-04430814/RS-04430814_02SI06000697-1D_RS-04273509_S26_R1_001.fastq.gz /projects/rpci/songyao/pnfioric/arc_project/airr_calculation/fastq_files/RS-04430814/RS-04430814_02SI06000697-1D_RS-04273509_S26_R2_001.fastq.gz /projects/rpci/songyao/pnfioric/arc_project/airr_calculation/tcr_quant/results/mixcr_RS-04430814.alignments.vdjca
Alignment: 0%
Alignment: 4.7%  ETA: 00:40:43
Alignment: 9.5%  ETA: 00:37:20
Alignment: 14.4%  ETA: 00:35:20
Alignment: 19.1%  ETA: 00:33:56
Alignment: 24%  ETA: 00:31:22
Alignment: 28.8%  ETA: 00:29:22
Alignment: 33.8%  ETA: 00:26:38
Alignment: 38.7%  ETA: 00:25:19
Alignment: 43.6%  ETA: 00:22:53
Alignment: 48.6%  ETA: 00:20:31
Alignment: 53.4%  ETA: 00:19:13
Alignment: 58.3%  ETA: 00:17:03
Alignment: 63.2%  ETA: 00:15:11
Alignment: 68%  ETA: 00:13:11
Alignment: 72.9%  ETA: 00:10:58
Alignment: 77.7%  ETA: 00:09:21
Alignment: 82.7%  ETA: 00:06:58
Alignment: 87.7%  ETA: 00:04:54
Alignment: 92.6%  ETA: 00:02:59
Alignment: 97.5%  ETA: 00:01:02
====================== report: align ======================
Analysis time: 41.09m
Total sequencing reads: 45142513
Successfully aligned reads: 1734 (0%)
Coverage (percent of successfully aligned):
  CDR3: 357 (20.59%)
  FR3_TO_FR4: 3 (0.17%)
  CDR2_TO_FR4: 0 (0%)
  FR2_TO_FR4: 1 (0.06%)
  CDR1_TO_FR4: 0 (0%)
  VDJRegion: 0 (0%)
Alignment failed: no hits (not TCR/IG?): 44012174 (97.5%)
Alignment failed: no CDR3 parts: 13241 (0.03%)
Alignment failed: low total score: 1115364 (2.47%)
Overlapped: 40381755 (89.45%)
Overlapped and aligned: 1584 (0%)
Overlapped and not aligned: 40380171 (89.45%)
Alignment-aided overlaps, percent of overlapped and aligned: 52 (3.28%)
No CDR3 parts alignments, percent of successfully aligned: 12 (0.69%)
Partial aligned reads, percent of successfully aligned: 1365 (78.72%)
V gene chimeras: 1 (0%)
Paired-end alignment conflicts eliminated: 1 (0%)
Realigned with forced non-floating bound: 9521620 (21.09%)
Realigned with forced non-floating right bound in left read: 463 (0%)
Realigned with forced non-floating left bound in right read: 463 (0%)
TRA chains: 405 (23.36%)
TRA non-functional: 4 (0.99%)
TRB chains: 88 (5.07%)
TRB non-functional: 2 (2.27%)
TRG chains: 25 (1.44%)
TRG non-functional: 6 (24%)
IGH chains: 469 (27.05%)
IGH non-functional: 1 (0.21%)
TRAD chains: 1 (0.06%)
TRAD non-functional: 0 (0%)
IGK chains: 313 (18.05%)
IGK non-functional: 3 (0.96%)
IGL chains: 433 (24.97%)
IGL non-functional: 0 (0%)
Trimming report:
  R1 reads trimmed left: 16612 (0.04%)
  R1 reads trimmed right: 16068 (0.04%)
  Average R1 nucleotides trimmed left: 0.0058938677162257225
  Average R1 nucleotides trimmed right: 0.006250538156792468
  R2 reads trimmed left: 15667 (0.03%)
  R2 reads trimmed right: 15811 (0.04%)
  Average R2 nucleotides trimmed left: 0.005945061144469295
  Average R2 nucleotides trimmed right: 0.006152227280745315

>>>>>>>>>>>>>>>>>> mixcr assemblePartial <<<<<<<<<<<<<<<<<<
Running:
mixcr assemblePartial --report /projects/rpci/songyao/pnfioric/arc_project/airr_calculation/tcr_quant/results/mixcr_RS-04430814.assemblePartial.report.txt --json-report /projects/rpci/songyao/pnfioric/arc_project/airr_calculation/tcr_quant/results/mixcr_RS-04430814.assemblePartial.report.json /projects/rpci/songyao/pnfioric/arc_project/airr_calculation/tcr_quant/results/mixcr_RS-04430814.alignments.vdjca /projects/rpci/songyao/pnfioric/arc_project/airr_calculation/tcr_quant/results/mixcr_RS-04430814.passembled.1.vdjca
Building index: 0%
Searching for overlaps: 0.2%
================= report: assemblePartial =================
Analysis time: 219ms
Total alignments analysed: 1734
Number of output alignments: 1729 (99.71%)
Alignments already with CDR3 (no overlapping is performed): 382 (22.03%)
Successfully overlapped alignments: 5 (0.29%)
Left parts with too small N-region (failed to extract k-mer): 254 (14.65%)
Extracted k-mer diversity: 1399
Dropped due to wildcard in k-mer: 0 (0%)
Dropped due to too short NRegion parts in overlap: 10 (0.58%)
Dropped overlaps with empty N region due to no complete NDN coverage: 0 (0%)
Number of left-side alignments: 205 (11.82%)
Number of right-side alignments: 898 (51.79%)
Complex overlaps: 0 (0%)
Over-overlaps: 0 (0%)
Partial alignments written to output: 1342 (77.39%)

>>>>>>>>>>>>>>>>>> mixcr assemblePartial <<<<<<<<<<<<<<<<<<
Running:
mixcr assemblePartial --report /projects/rpci/songyao/pnfioric/arc_project/airr_calculation/tcr_quant/results/mixcr_RS-04430814.assemblePartial.report.txt --json-report /projects/rpci/songyao/pnfioric/arc_project/airr_calculation/tcr_quant/results/mixcr_RS-04430814.assemblePartial.report.json /projects/rpci/songyao/pnfioric/arc_project/airr_calculation/tcr_quant/results/mixcr_RS-04430814.passembled.1.vdjca /projects/rpci/songyao/pnfioric/arc_project/airr_calculation/tcr_quant/results/mixcr_RS-04430814.passembled.2.vdjca
Building index: 0%
Searching for overlaps: 0.3%
================= report: assemblePartial =================
Analysis time: 117ms
Total alignments analysed: 1729
Number of output alignments: 1729 (100%)
Alignments already with CDR3 (no overlapping is performed): 387 (22.38%)
Successfully overlapped alignments: 0 (0%)
Left parts with too small N-region (failed to extract k-mer): 254 (14.69%)
Extracted k-mer diversity: 1394
Dropped due to wildcard in k-mer: 0 (0%)
Dropped due to too short NRegion parts in overlap: 10 (0.58%)
Dropped overlaps with empty N region due to no complete NDN coverage: 0 (0%)
Number of left-side alignments: 197 (11.39%)
Number of right-side alignments: 893 (51.65%)
Complex overlaps: 0 (0%)
Over-overlaps: 0 (0%)
Partial alignments written to output: 1342 (77.62%)

>>>>>>>>>>>>>>>>>>>>>>> mixcr extend <<<<<<<<<<<<<<<<<<<<<<<
Running:
mixcr extend --report /projects/rpci/songyao/pnfioric/arc_project/airr_calculation/tcr_quant/results/mixcr_RS-04430814.extend.report.txt --json-report /projects/rpci/songyao/pnfioric/arc_project/airr_calculation/tcr_quant/results/mixcr_RS-04430814.extend.report.json --threads 12 /projects/rpci/songyao/pnfioric/arc_project/airr_calculation/tcr_quant/results/mixcr_RS-04430814.passembled.2.vdjca /projects/rpci/songyao/pnfioric/arc_project/airr_calculation/tcr_quant/results/mixcr_RS-04430814.extended.vdjca
Extending alignments: 0%
====================== report: extend ======================
Analysis time: 25ms
Extended alignments count: 1 (0.06%)
V extensions total: 0 (0%)
V extensions with merged targets: 0 (0%)
J extensions total: 1 (0.06%)
J extensions with merged targets: 0 (0%)
V+J extensions: 0 (0%)
Mean V extension length: NaN
Mean J extension length: 11.0

>>>>>>>>>>>>>>>>>>>>>> mixcr assemble <<<<<<<<<<<<<<<<<<<<<<
Running:
mixcr assemble --report /projects/rpci/songyao/pnfioric/arc_project/airr_calculation/tcr_quant/results/mixcr_RS-04430814.assemble.report.txt --json-report /projects/rpci/songyao/pnfioric/arc_project/airr_calculation/tcr_quant/results/mixcr_RS-04430814.assemble.report.json /projects/rpci/songyao/pnfioric/arc_project/airr_calculation/tcr_quant/results/mixcr_RS-04430814.extended.vdjca /projects/rpci/songyao/pnfioric/arc_project/airr_calculation/tcr_quant/results/mixcr_RS-04430814.clna
Initialization: progress unknown
Initialization: progress unknown
===================== report: assemble =====================
Analysis time: 539ms
Final clonotype count: 126
Reads used in clonotypes, percent of total: 348 (0%)
Average number of reads per clonotype: 2.76
Reads dropped due to the lack of a clone sequence, percent of total: 1366 (0%)
Reads dropped due to a too short clonal sequence, percent of total: 0 (0%)
Reads dropped due to low quality, percent of total: 0 (0%)
Reads dropped due to failed mapping, percent of total: 20 (0%)
Reads dropped with low quality clones, percent of total: 0 (0%)
Aligned reads processed: 368
Reads used in clonotypes before clustering, percent of total: 348 (0%)
Number of reads used as a core, percent of used: 343 (98.56%)
Mapped low quality reads, percent of used: 5 (1.44%)
Reads clustered in PCR error correction, percent of used: 0 (0%)
Reads pre-clustered due to the similar VJC-lists, percent of used: 0 (0%)
Clonotypes dropped as low quality: 0
Clonotypes eliminated by PCR error correction: 0
Clonotypes pre-clustered due to the similar VJC-lists: 0
Clones dropped in post filtering: 0 (0%)
Reads dropped in post filtering: 0.0 (0%)
Reads filtered by tag prefix: 0 (0%)
TRA chains: 2 (1.59%)
TRA non-functional: 1 (50%)
TRB chains: 2 (1.59%)
TRB non-functional: 1 (50%)
TRG chains: 3 (2.38%)
TRG non-functional: 2 (66.67%)
IGH chains: 34 (26.98%)
IGH non-functional: 0 (0%)
IGK chains: 58 (46.03%)
IGK non-functional: 2 (3.45%)
IGL chains: 27 (21.43%)
IGL non-functional: 0 (0%)

>>>>>>>>>>>>>>>>>> mixcr assembleContigs <<<<<<<<<<<<<<<<<<
Running:
mixcr assembleContigs --report /projects/rpci/songyao/pnfioric/arc_project/airr_calculation/tcr_quant/results/mixcr_RS-04430814.assembleContigs.report.txt --json-report /projects/rpci/songyao/pnfioric/arc_project/airr_calculation/tcr_quant/results/mixcr_RS-04430814.assembleContigs.report.json --threads 12 /projects/rpci/songyao/pnfioric/arc_project/airr_calculation/tcr_quant/results/mixcr_RS-04430814.clna /projects/rpci/songyao/pnfioric/arc_project/airr_calculation/tcr_quant/results/mixcr_RS-04430814.contigs.clns
Assembling contigs: 0%
================= report: assembleContigs =================
Analysis time: 260ms
Initial clonotype count: 126
Final clonotype count: 126 (100%)
Canceled assemblies: 0 (0%)
Clones filtered out after assemble: 0 (0%)
Number of premature termination assembly events, percent of number of initial clonotypes: 0.0 (0%)
Longest contig length: 278
Clustered variants: 0 (0%)
Reads in clustered variants: 0.0 (0%)
Reads in divided (newly created) clones: 0.0 (0%)
Clones with ambiguous letters in splitting region: 0 (0%)
Reads in clones with ambiguous letters in splitting region: 0.0 (0%)
Average number of ambiguous letters per clone with ambiguous letters in splitting region: NaN
Clones combined after clustering: 0 (0%)

>>>>>>>>>>>>>>>>>>>>>>>>> mixcr qc <<<<<<<<<<<<<<<<<<<<<<<<<
Running:
mixcr qc --print-to-stdout /projects/rpci/songyao/pnfioric/arc_project/airr_calculation/tcr_quant/results/mixcr_RS-04430814.contigs.clns /projects/rpci/songyao/pnfioric/arc_project/airr_calculation/tcr_quant/results/mixcr_RS-04430814.qc.txt /projects/rpci/songyao/pnfioric/arc_project/airr_calculation/tcr_quant/results/mixcr_RS-04430814.qc.json

  Alignments dropped due to low sequence quality: 0.0% [OK]

>>>>>>>>>>>>>>>>>>>> mixcr exportClones <<<<<<<<<<<<<<<<<<<<
Running:
mixcr exportClones /projects/rpci/songyao/pnfioric/arc_project/airr_calculation/tcr_quant/results/mixcr_RS-04430814.contigs.clns /projects/rpci/songyao/pnfioric/arc_project/airr_calculation/tcr_quant/results/mixcr_RS-04430814.clones.tsv
Analysis finished successfully.
===============================
Visualize results and simplify your immune data analysis with a convenient UI.
Explore and install Platforma.bio here: https://platforma.bio
