WARNING: sun.reflect.Reflection.getCallerClass is not supported. This will impact performance.

>>>>>>>>>>>>>>>>>>>>>>> mixcr align <<<<<<<<<<<<<<<<<<<<<<<
Running:
mixcr align --report /projects/rpci/songyao/pnfioric/arc_project/airr_calculation/tcr_quant/results/mixcr_RS-04367505.align.report.txt --json-report /projects/rpci/songyao/pnfioric/arc_project/airr_calculation/tcr_quant/results/mixcr_RS-04367505.align.report.json --threads 12 --preset rna-seq --save-output-file-names /projects/rpci/songyao/pnfioric/arc_project/airr_calculation/tcr_quant/results/mixcr_RS-04367505.align.list.tsv --species hsa /projects/rpci/songyao/pnfioric/arc_project/airr_calculation/fastq_files/RS-04367505/RS-04367505_SSFS10005778-C8_RS-04262924_S171_R1_001.fastq.gz /projects/rpci/songyao/pnfioric/arc_project/airr_calculation/fastq_files/RS-04367505/RS-04367505_SSFS10005778-C8_RS-04262924_S171_R2_001.fastq.gz /projects/rpci/songyao/pnfioric/arc_project/airr_calculation/tcr_quant/results/mixcr_RS-04367505.alignments.vdjca
Alignment: 0%
Alignment: 3.8%  ETA: 00:50:30
Alignment: 7.7%  ETA: 00:47:40
Alignment: 11.6%  ETA: 00:45:17
Alignment: 15.4%  ETA: 00:44:25
Alignment: 19.2%  ETA: 00:42:47
Alignment: 23%  ETA: 00:40:05
Alignment: 26.8%  ETA: 00:38:24
Alignment: 30.6%  ETA: 00:36:44
Alignment: 34.4%  ETA: 00:34:08
Alignment: 38.2%  ETA: 00:32:59
Alignment: 42%  ETA: 00:30:27
Alignment: 45.7%  ETA: 00:28:57
Alignment: 49.5%  ETA: 00:26:57
Alignment: 53.3%  ETA: 00:24:44
Alignment: 57%  ETA: 00:22:56
Alignment: 60.8%  ETA: 00:20:45
Alignment: 64.5%  ETA: 00:18:55
Alignment: 68.3%  ETA: 00:16:55
Alignment: 72%  ETA: 00:15:04
Alignment: 75.7%  ETA: 00:13:04
Alignment: 79.5%  ETA: 00:10:57
Alignment: 83.2%  ETA: 00:08:52
Alignment: 87.1%  ETA: 00:06:47
Alignment: 90.8%  ETA: 00:04:54
Alignment: 94.6%  ETA: 00:02:51
Alignment: 98.4%  ETA: 00:00:51
====================== report: align ======================
Analysis time: 52.9m
Total sequencing reads: 61288443
Successfully aligned reads: 2060 (0%)
Coverage (percent of successfully aligned):
  CDR3: 364 (17.67%)
  FR3_TO_FR4: 0 (0%)
  CDR2_TO_FR4: 0 (0%)
  FR2_TO_FR4: 0 (0%)
  CDR1_TO_FR4: 0 (0%)
  VDJRegion: 0 (0%)
Alignment failed: no hits (not TCR/IG?): 59785861 (97.55%)
Alignment failed: no CDR3 parts: 16965 (0.03%)
Alignment failed: low total score: 1483557 (2.42%)
Overlapped: 57998620 (94.63%)
Overlapped and aligned: 1960 (0%)
Overlapped and not aligned: 57996660 (94.63%)
Alignment-aided overlaps, percent of overlapped and aligned: 3 (0.15%)
No CDR3 parts alignments, percent of successfully aligned: 16 (0.78%)
Partial aligned reads, percent of successfully aligned: 1680 (81.55%)
Realigned with forced non-floating bound: 6579652 (10.74%)
Realigned with forced non-floating right bound in left read: 419 (0%)
Realigned with forced non-floating left bound in right read: 419 (0%)
TRA chains: 372 (18.06%)
TRA non-functional: 0 (0%)
TRB chains: 92 (4.47%)
TRB non-functional: 0 (0%)
TRD chains: 26 (1.26%)
TRD non-functional: 0 (0%)
TRG chains: 23 (1.12%)
TRG non-functional: 0 (0%)
IGH chains: 656 (31.84%)
IGH non-functional: 4 (0.61%)
TRAD chains: 6 (0.29%)
TRAD non-functional: 0 (0%)
IGK chains: 387 (18.79%)
IGK non-functional: 6 (1.55%)
IGL chains: 498 (24.17%)
IGL non-functional: 2 (0.4%)
Trimming report:
  R1 reads trimmed left: 39833 (0.06%)
  R1 reads trimmed right: 41495 (0.07%)
  Average R1 nucleotides trimmed left: 0.01104749879190111
  Average R1 nucleotides trimmed right: 0.011918690771765893
  R2 reads trimmed left: 41025 (0.07%)
  R2 reads trimmed right: 42581 (0.07%)
  Average R2 nucleotides trimmed left: 0.010920329628866571
  Average R2 nucleotides trimmed right: 0.012879687610925276

>>>>>>>>>>>>>>>>>> mixcr assemblePartial <<<<<<<<<<<<<<<<<<
Running:
mixcr assemblePartial --report /projects/rpci/songyao/pnfioric/arc_project/airr_calculation/tcr_quant/results/mixcr_RS-04367505.assemblePartial.report.txt --json-report /projects/rpci/songyao/pnfioric/arc_project/airr_calculation/tcr_quant/results/mixcr_RS-04367505.assemblePartial.report.json /projects/rpci/songyao/pnfioric/arc_project/airr_calculation/tcr_quant/results/mixcr_RS-04367505.alignments.vdjca /projects/rpci/songyao/pnfioric/arc_project/airr_calculation/tcr_quant/results/mixcr_RS-04367505.passembled.1.vdjca
Building index: 0%
Searching for overlaps: 0%
================= report: assemblePartial =================
Analysis time: 260ms
Total alignments analysed: 2060
Number of output alignments: 2060 (100%)
Alignments already with CDR3 (no overlapping is performed): 380 (18.45%)
Successfully overlapped alignments: 0 (0%)
Left parts with too small N-region (failed to extract k-mer): 413 (20.05%)
Extracted k-mer diversity: 1165
Dropped due to wildcard in k-mer: 0 (0%)
Dropped due to too short NRegion parts in overlap: 1 (0.05%)
Dropped overlaps with empty N region due to no complete NDN coverage: 0 (0%)
Number of left-side alignments: 201 (9.76%)
Number of right-side alignments: 1071 (51.99%)
Complex overlaps: 0 (0%)
Over-overlaps: 0 (0%)
Partial alignments written to output: 1680 (81.55%)

>>>>>>>>>>>>>>>>>> mixcr assemblePartial <<<<<<<<<<<<<<<<<<
Running:
mixcr assemblePartial --report /projects/rpci/songyao/pnfioric/arc_project/airr_calculation/tcr_quant/results/mixcr_RS-04367505.assemblePartial.report.txt --json-report /projects/rpci/songyao/pnfioric/arc_project/airr_calculation/tcr_quant/results/mixcr_RS-04367505.assemblePartial.report.json /projects/rpci/songyao/pnfioric/arc_project/airr_calculation/tcr_quant/results/mixcr_RS-04367505.passembled.1.vdjca /projects/rpci/songyao/pnfioric/arc_project/airr_calculation/tcr_quant/results/mixcr_RS-04367505.passembled.2.vdjca
Building index: 0%
Searching for overlaps: 0.5%
================= report: assemblePartial =================
Analysis time: 191ms
Total alignments analysed: 2060
Number of output alignments: 2060 (100%)
Alignments already with CDR3 (no overlapping is performed): 380 (18.45%)
Successfully overlapped alignments: 0 (0%)
Left parts with too small N-region (failed to extract k-mer): 413 (20.05%)
Extracted k-mer diversity: 1165
Dropped due to wildcard in k-mer: 0 (0%)
Dropped due to too short NRegion parts in overlap: 1 (0.05%)
Dropped overlaps with empty N region due to no complete NDN coverage: 0 (0%)
Number of left-side alignments: 201 (9.76%)
Number of right-side alignments: 1071 (51.99%)
Complex overlaps: 0 (0%)
Over-overlaps: 0 (0%)
Partial alignments written to output: 1680 (81.55%)

>>>>>>>>>>>>>>>>>>>>>>> mixcr extend <<<<<<<<<<<<<<<<<<<<<<<
Running:
mixcr extend --report /projects/rpci/songyao/pnfioric/arc_project/airr_calculation/tcr_quant/results/mixcr_RS-04367505.extend.report.txt --json-report /projects/rpci/songyao/pnfioric/arc_project/airr_calculation/tcr_quant/results/mixcr_RS-04367505.extend.report.json --threads 12 /projects/rpci/songyao/pnfioric/arc_project/airr_calculation/tcr_quant/results/mixcr_RS-04367505.passembled.2.vdjca /projects/rpci/songyao/pnfioric/arc_project/airr_calculation/tcr_quant/results/mixcr_RS-04367505.extended.vdjca
Extending alignments: 0%
====================== report: extend ======================
Analysis time: 21ms
Extended alignments count: 3 (0.15%)
V extensions total: 0 (0%)
V extensions with merged targets: 0 (0%)
J extensions total: 3 (0.15%)
J extensions with merged targets: 0 (0%)
V+J extensions: 0 (0%)
Mean V extension length: NaN
Mean J extension length: 17.0

>>>>>>>>>>>>>>>>>>>>>> mixcr assemble <<<<<<<<<<<<<<<<<<<<<<
Running:
mixcr assemble --report /projects/rpci/songyao/pnfioric/arc_project/airr_calculation/tcr_quant/results/mixcr_RS-04367505.assemble.report.txt --json-report /projects/rpci/songyao/pnfioric/arc_project/airr_calculation/tcr_quant/results/mixcr_RS-04367505.assemble.report.json /projects/rpci/songyao/pnfioric/arc_project/airr_calculation/tcr_quant/results/mixcr_RS-04367505.extended.vdjca /projects/rpci/songyao/pnfioric/arc_project/airr_calculation/tcr_quant/results/mixcr_RS-04367505.clna
Initialization: progress unknown
Initialization: progress unknown
===================== report: assemble =====================
Analysis time: 541ms
Final clonotype count: 141
Reads used in clonotypes, percent of total: 360 (0%)
Average number of reads per clonotype: 2.55
Reads dropped due to the lack of a clone sequence, percent of total: 1693 (0%)
Reads dropped due to a too short clonal sequence, percent of total: 0 (0%)
Reads dropped due to low quality, percent of total: 0 (0%)
Reads dropped due to failed mapping, percent of total: 7 (0%)
Reads dropped with low quality clones, percent of total: 0 (0%)
Aligned reads processed: 367
Reads used in clonotypes before clustering, percent of total: 360 (0%)
Number of reads used as a core, percent of used: 357 (99.17%)
Mapped low quality reads, percent of used: 3 (0.83%)
Reads clustered in PCR error correction, percent of used: 0 (0%)
Reads pre-clustered due to the similar VJC-lists, percent of used: 0 (0%)
Clonotypes dropped as low quality: 0
Clonotypes eliminated by PCR error correction: 0
Clonotypes pre-clustered due to the similar VJC-lists: 0
Clones dropped in post filtering: 0 (0%)
Reads dropped in post filtering: 0.0 (0%)
Reads filtered by tag prefix: 0 (0%)
TRA chains: 4 (2.84%)
TRA non-functional: 0 (0%)
TRB chains: 1 (0.71%)
TRB non-functional: 0 (0%)
IGH chains: 42 (29.79%)
IGH non-functional: 2 (4.76%)
IGK chains: 56 (39.72%)
IGK non-functional: 2 (3.57%)
IGL chains: 38 (26.95%)
IGL non-functional: 1 (2.63%)

>>>>>>>>>>>>>>>>>> mixcr assembleContigs <<<<<<<<<<<<<<<<<<
Running:
mixcr assembleContigs --report /projects/rpci/songyao/pnfioric/arc_project/airr_calculation/tcr_quant/results/mixcr_RS-04367505.assembleContigs.report.txt --json-report /projects/rpci/songyao/pnfioric/arc_project/airr_calculation/tcr_quant/results/mixcr_RS-04367505.assembleContigs.report.json --threads 12 /projects/rpci/songyao/pnfioric/arc_project/airr_calculation/tcr_quant/results/mixcr_RS-04367505.clna /projects/rpci/songyao/pnfioric/arc_project/airr_calculation/tcr_quant/results/mixcr_RS-04367505.contigs.clns
Assembling contigs: 0%
================= report: assembleContigs =================
Analysis time: 239ms
Initial clonotype count: 141
Final clonotype count: 141 (100%)
Canceled assemblies: 0 (0%)
Clones filtered out after assemble: 0 (0%)
Number of premature termination assembly events, percent of number of initial clonotypes: 0.0 (0%)
Longest contig length: 211
Clustered variants: 0 (0%)
Reads in clustered variants: 0.0 (0%)
Reads in divided (newly created) clones: 0.0 (0%)
Clones with ambiguous letters in splitting region: 0 (0%)
Reads in clones with ambiguous letters in splitting region: 0.0 (0%)
Average number of ambiguous letters per clone with ambiguous letters in splitting region: NaN
Clones combined after clustering: 0 (0%)

>>>>>>>>>>>>>>>>>>>>>>>>> mixcr qc <<<<<<<<<<<<<<<<<<<<<<<<<
Running:
mixcr qc --print-to-stdout /projects/rpci/songyao/pnfioric/arc_project/airr_calculation/tcr_quant/results/mixcr_RS-04367505.contigs.clns /projects/rpci/songyao/pnfioric/arc_project/airr_calculation/tcr_quant/results/mixcr_RS-04367505.qc.txt /projects/rpci/songyao/pnfioric/arc_project/airr_calculation/tcr_quant/results/mixcr_RS-04367505.qc.json

  Alignments dropped due to low sequence quality: 0.0% [OK]

>>>>>>>>>>>>>>>>>>>> mixcr exportClones <<<<<<<<<<<<<<<<<<<<
Running:
mixcr exportClones /projects/rpci/songyao/pnfioric/arc_project/airr_calculation/tcr_quant/results/mixcr_RS-04367505.contigs.clns /projects/rpci/songyao/pnfioric/arc_project/airr_calculation/tcr_quant/results/mixcr_RS-04367505.clones.tsv
Analysis finished successfully.
===============================
Visualize results and simplify your immune data analysis with a convenient UI.
Explore and install Platforma.bio here: https://platforma.bio
