Exporting TRB
Exporting clones: 12.5%
Filtered 8 of 2168 clones (99.63%).
Filtered 18.0 of 21730.0 reads (99.92%).
Exporting TRA
Exporting clones: 6.2%
Filtered 16 of 2168 clones (99.26%).
Filtered 37.0 of 21730.0 reads (99.83%).
Exporting IGH
Exporting clones: 0.1%
Filtered 757 of 2168 clones (65.08%).
Filtered 5522.0 of 21730.0 reads (74.59%).
Exporting TRG
Exporting clones: 20%
Filtered 5 of 2168 clones (99.77%).
Filtered 27.0 of 21730.0 reads (99.88%).
Exporting IGL
Exporting clones: 0.2%
Filtered 507 of 2168 clones (76.61%).
Filtered 5571.0 of 21730.0 reads (74.36%).
Exporting IGK
Exporting clones: 0.5%
Filtered 875 of 2168 clones (59.64%).
Filtered 10555.0 of 21730.0 reads (51.43%).
