Exporting TRB
Exporting clones: 2.3%
Filtered 43 of 2297 clones (98.13%).
Filtered 91.0 of 18817.0 reads (99.52%).
Exporting TRA
Exporting clones: 1.8%
Filtered 56 of 2297 clones (97.56%).
Filtered 121.0 of 18817.0 reads (99.36%).
Exporting TRD
Filtered 1 of 2297 clones (99.96%).
Filtered 4.0 of 18817.0 reads (99.98%).
Exporting IGH
Exporting clones: 0.1%
Filtered 739 of 2297 clones (67.83%).
Filtered 3762.0 of 18817.0 reads (80.01%).
Exporting TRG
Exporting clones: 21.4%
Filtered 14 of 2297 clones (99.39%).
Filtered 34.0 of 18817.0 reads (99.82%).
Exporting IGL
Exporting clones: 0.8%
Filtered 526 of 2297 clones (77.1%).
Filtered 4557.0 of 18817.0 reads (75.78%).
Exporting IGK
Exporting clones: 0.2%
Filtered 918 of 2297 clones (60.03%).
Filtered 10248.0 of 18817.0 reads (45.54%).
