Exporting TRB
Exporting clones: 3.4%
Filtered 29 of 2667 clones (98.91%).
Filtered 49.0 of 15991.0 reads (99.69%).
Exporting TRA
Exporting clones: 2.2%
Filtered 46 of 2667 clones (98.28%).
Filtered 79.0 of 15991.0 reads (99.51%).
Exporting TRD
Exporting clones: 100%
Filtered 1 of 2667 clones (99.96%).
Filtered 2.0 of 15991.0 reads (99.99%).
Exporting IGH
Exporting clones: 0.1%
Filtered 992 of 2667 clones (62.8%).
Filtered 4326.0 of 15991.0 reads (72.95%).
Exporting TRG
Exporting clones: 33.3%
Filtered 12 of 2667 clones (99.55%).
Filtered 14.0 of 15991.0 reads (99.91%).
Exporting IGL
Exporting clones: 0.8%
Filtered 511 of 2667 clones (80.84%).
Filtered 3260.0 of 15991.0 reads (79.61%).
Exporting IGK
Exporting clones: 0.1%
Filtered 1076 of 2667 clones (59.66%).
Filtered 8261.0 of 15991.0 reads (48.34%).
