Exporting TRB
Exporting clones: 10%
Filtered 10 of 749 clones (98.66%).
Filtered 66.0 of 5483.0 reads (98.8%).
Exporting TRA
Exporting clones: 6.2%
Filtered 16 of 749 clones (97.86%).
Filtered 38.0 of 5483.0 reads (99.31%).
Exporting IGH
Exporting clones: 0.5%
Filtered 205 of 749 clones (72.63%).
Filtered 1151.0 of 5483.0 reads (79.01%).
Exporting TRG
Exporting clones: 66.7%
Filtered 3 of 749 clones (99.6%).
Filtered 30.0 of 5483.0 reads (99.45%).
Exporting IGL
Exporting clones: 1.5%
Filtered 132 of 749 clones (82.38%).
Filtered 1479.0 of 5483.0 reads (73.03%).
Exporting IGK
Exporting clones: 0.5%
Filtered 383 of 749 clones (48.87%).
Filtered 2719.0 of 5483.0 reads (50.41%).
