Exporting TRB
Exporting clones: 100%
Filtered 1 of 127 clones (99.21%).
Filtered 1.0 of 289.0 reads (99.65%).
Exporting TRA
Exporting clones: 20%
Filtered 5 of 127 clones (96.06%).
Filtered 10.0 of 289.0 reads (96.54%).
Exporting IGH
Exporting clones: 3.8%
Filtered 26 of 127 clones (79.53%).
Filtered 51.0 of 289.0 reads (82.35%).
Exporting IGL
Exporting clones: 3.4%
Filtered 29 of 127 clones (77.17%).
Filtered 73.0 of 289.0 reads (74.74%).
Exporting IGK
Exporting clones: 1.5%
Filtered 66 of 127 clones (48.03%).
Filtered 154.0 of 289.0 reads (46.71%).
