Exporting TRA
Exporting clones: 100%
Filtered 1 of 64 clones (98.44%).
Filtered 6.0 of 913.0 reads (99.34%).
Exporting IGH
Exporting clones: 7.1%
Filtered 14 of 64 clones (78.12%).
Filtered 145.0 of 913.0 reads (84.12%).
Exporting TRG
Exporting clones: 100%
Filtered 1 of 64 clones (98.44%).
Filtered 58.0 of 913.0 reads (93.65%).
Exporting IGL
Exporting clones: 5.9%
Filtered 17 of 64 clones (73.44%).
Filtered 251.0 of 913.0 reads (72.51%).
Exporting IGK
Exporting clones: 3.2%
Filtered 31 of 64 clones (51.56%).
Filtered 453.0 of 913.0 reads (50.38%).
