Exporting TRB
Exporting clones: 100%
Filtered 1 of 100 clones (99%).
Filtered 8.0 of 2372.0 reads (99.66%).
Exporting TRA
Exporting clones: 100%
Filtered 1 of 100 clones (99%).
Filtered 8.0 of 2372.0 reads (99.66%).
Exporting IGH
Exporting clones: 3.4%
Filtered 29 of 100 clones (71%).
Filtered 557.0 of 2372.0 reads (76.52%).
Exporting IGL
Exporting clones: 3.4%
Filtered 29 of 100 clones (71%).
Filtered 743.0 of 2372.0 reads (68.68%).
Exporting IGK
Exporting clones: 2.5%
Filtered 40 of 100 clones (60%).
Filtered 1056.0 of 2372.0 reads (55.48%).
