WARNING: sun.reflect.Reflection.getCallerClass is not supported. This will impact performance.

>>>>>>>>>>>>>>>>>>>>>>> mixcr align <<<<<<<<<<<<<<<<<<<<<<<
Running:
mixcr align --report /projects/rpci/songyao/pnfioric/arc_project/airr_calculation/tcr_quant/results/mixcr_RS-04187404.align.report.txt --json-report /projects/rpci/songyao/pnfioric/arc_project/airr_calculation/tcr_quant/results/mixcr_RS-04187404.align.report.json --threads 12 --preset rna-seq --save-output-file-names /projects/rpci/songyao/pnfioric/arc_project/airr_calculation/tcr_quant/results/mixcr_RS-04187404.align.list.tsv --species hsa /projects/rpci/songyao/pnfioric/arc_project/airr_calculation/fastq_files/RS-04187404/RS-04417049_4017-B-95_RS-04187404_S53_R1_001.fastq.gz /projects/rpci/songyao/pnfioric/arc_project/airr_calculation/fastq_files/RS-04187404/RS-04417049_4017-B-95_RS-04187404_S53_R2_001.fastq.gz /projects/rpci/songyao/pnfioric/arc_project/airr_calculation/tcr_quant/results/mixcr_RS-04187404.alignments.vdjca
Alignment: 0%
Alignment: 4.1%  ETA: 00:47:08
Alignment: 8.3%  ETA: 00:43:52
Alignment: 12.4%  ETA: 00:42:15
Alignment: 16.7%  ETA: 00:39:09
Alignment: 20.9%  ETA: 00:37:29
Alignment: 25%  ETA: 00:36:10
Alignment: 29.1%  ETA: 00:34:49
Alignment: 33.2%  ETA: 00:32:49
Alignment: 37.2%  ETA: 00:30:49
Alignment: 41.4%  ETA: 00:28:32
Alignment: 45.5%  ETA: 00:26:02
Alignment: 49.7%  ETA: 00:24:16
Alignment: 53.8%  ETA: 00:22:29
Alignment: 57.9%  ETA: 00:20:41
Alignment: 61.9%  ETA: 00:18:52
Alignment: 66%  ETA: 00:16:42
Alignment: 70.1%  ETA: 00:14:33
Alignment: 74.3%  ETA: 00:12:18
Alignment: 78.3%  ETA: 00:10:45
Alignment: 82.3%  ETA: 00:08:45
Alignment: 86.4%  ETA: 00:06:40
Alignment: 90.5%  ETA: 00:04:40
Alignment: 94.6%  ETA: 00:02:37
Alignment: 98.7%  ETA: 00:00:36
====================== report: align ======================
Analysis time: 48.66m
Total sequencing reads: 59694353
Successfully aligned reads: 5433 (0.01%)
Coverage (percent of successfully aligned):
  CDR3: 38 (0.7%)
  FR3_TO_FR4: 0 (0%)
  CDR2_TO_FR4: 0 (0%)
  FR2_TO_FR4: 0 (0%)
  CDR1_TO_FR4: 0 (0%)
  VDJRegion: 0 (0%)
Alignment failed: no hits (not TCR/IG?): 57006764 (95.5%)
Alignment failed: no CDR3 parts: 42842 (0.07%)
Alignment failed: low total score: 2639314 (4.42%)
Overlapped: 41228606 (69.07%)
Overlapped and aligned: 3579 (0.01%)
Overlapped and not aligned: 41225027 (69.06%)
Alignment-aided overlaps, percent of overlapped and aligned: 0 (0%)
No CDR3 parts alignments, percent of successfully aligned: 132 (2.43%)
Partial aligned reads, percent of successfully aligned: 5263 (96.87%)
Realigned with forced non-floating bound: 36931494 (61.87%)
Realigned with forced non-floating right bound in left read: 2326 (0%)
Realigned with forced non-floating left bound in right read: 2326 (0%)
TRA chains: 535 (9.85%)
TRA non-functional: 0 (0%)
TRB chains: 1579 (29.06%)
TRB non-functional: 0 (0%)
TRG chains: 39 (0.72%)
TRG non-functional: 0 (0%)
TRAD chains: 764 (14.06%)
TRAD non-functional: 0 (0%)
IGH chains: 964 (17.74%)
IGH non-functional: 0 (0%)
IGK chains: 312 (5.74%)
IGK non-functional: 0 (0%)
IGL chains: 1240 (22.82%)
IGL non-functional: 0 (0%)
Trimming report:
  R1 reads trimmed left: 8755163 (14.67%)
  R1 reads trimmed right: 8851237 (14.83%)
  Average R1 nucleotides trimmed left: 2.4933224588262144
  Average R1 nucleotides trimmed right: 2.649480512838459
  R2 reads trimmed left: 8629856 (14.46%)
  R2 reads trimmed right: 8725559 (14.62%)
  Average R2 nucleotides trimmed left: 2.4575628786863644
  Average R2 nucleotides trimmed right: 2.6115241084864427

>>>>>>>>>>>>>>>>>> mixcr assemblePartial <<<<<<<<<<<<<<<<<<
Running:
mixcr assemblePartial --report /projects/rpci/songyao/pnfioric/arc_project/airr_calculation/tcr_quant/results/mixcr_RS-04187404.assemblePartial.report.txt --json-report /projects/rpci/songyao/pnfioric/arc_project/airr_calculation/tcr_quant/results/mixcr_RS-04187404.assemblePartial.report.json /projects/rpci/songyao/pnfioric/arc_project/airr_calculation/tcr_quant/results/mixcr_RS-04187404.alignments.vdjca /projects/rpci/songyao/pnfioric/arc_project/airr_calculation/tcr_quant/results/mixcr_RS-04187404.passembled.1.vdjca
Building index: 0%
Searching for overlaps: 0%
================= report: assemblePartial =================
Analysis time: 314ms
Total alignments analysed: 5433
Number of output alignments: 5433 (100%)
Alignments already with CDR3 (no overlapping is performed): 38 (0.7%)
Successfully overlapped alignments: 0 (0%)
Left parts with too small N-region (failed to extract k-mer): 510 (9.39%)
Extracted k-mer diversity: 1573
Dropped due to wildcard in k-mer: 0 (0%)
Dropped due to too short NRegion parts in overlap: 0 (0%)
Dropped overlaps with empty N region due to no complete NDN coverage: 0 (0%)
Number of left-side alignments: 3051 (56.16%)
Number of right-side alignments: 1761 (32.41%)
Complex overlaps: 0 (0%)
Over-overlaps: 0 (0%)
Partial alignments written to output: 5395 (99.3%)

>>>>>>>>>>>>>>>>>> mixcr assemblePartial <<<<<<<<<<<<<<<<<<
Running:
mixcr assemblePartial --report /projects/rpci/songyao/pnfioric/arc_project/airr_calculation/tcr_quant/results/mixcr_RS-04187404.assemblePartial.report.txt --json-report /projects/rpci/songyao/pnfioric/arc_project/airr_calculation/tcr_quant/results/mixcr_RS-04187404.assemblePartial.report.json /projects/rpci/songyao/pnfioric/arc_project/airr_calculation/tcr_quant/results/mixcr_RS-04187404.passembled.1.vdjca /projects/rpci/songyao/pnfioric/arc_project/airr_calculation/tcr_quant/results/mixcr_RS-04187404.passembled.2.vdjca
Building index: 0%
Searching for overlaps: 0%
================= report: assemblePartial =================
Analysis time: 129ms
Total alignments analysed: 5433
Number of output alignments: 5433 (100%)
Alignments already with CDR3 (no overlapping is performed): 38 (0.7%)
Successfully overlapped alignments: 0 (0%)
Left parts with too small N-region (failed to extract k-mer): 510 (9.39%)
Extracted k-mer diversity: 1573
Dropped due to wildcard in k-mer: 0 (0%)
Dropped due to too short NRegion parts in overlap: 0 (0%)
Dropped overlaps with empty N region due to no complete NDN coverage: 0 (0%)
Number of left-side alignments: 3051 (56.16%)
Number of right-side alignments: 1761 (32.41%)
Complex overlaps: 0 (0%)
Over-overlaps: 0 (0%)
Partial alignments written to output: 5395 (99.3%)

>>>>>>>>>>>>>>>>>>>>>>> mixcr extend <<<<<<<<<<<<<<<<<<<<<<<
Running:
mixcr extend --report /projects/rpci/songyao/pnfioric/arc_project/airr_calculation/tcr_quant/results/mixcr_RS-04187404.extend.report.txt --json-report /projects/rpci/songyao/pnfioric/arc_project/airr_calculation/tcr_quant/results/mixcr_RS-04187404.extend.report.json --threads 12 /projects/rpci/songyao/pnfioric/arc_project/airr_calculation/tcr_quant/results/mixcr_RS-04187404.passembled.2.vdjca /projects/rpci/songyao/pnfioric/arc_project/airr_calculation/tcr_quant/results/mixcr_RS-04187404.extended.vdjca
Extending alignments: 0%
====================== report: extend ======================
Analysis time: 65ms
Extended alignments count: 0 (0%)
V extensions total: 0 (0%)
V extensions with merged targets: 0 (0%)
J extensions total: 0 (0%)
J extensions with merged targets: 0 (0%)
V+J extensions: 0 (0%)
Mean V extension length: NaN
Mean J extension length: NaN

>>>>>>>>>>>>>>>>>>>>>> mixcr assemble <<<<<<<<<<<<<<<<<<<<<<
Running:
mixcr assemble --report /projects/rpci/songyao/pnfioric/arc_project/airr_calculation/tcr_quant/results/mixcr_RS-04187404.assemble.report.txt --json-report /projects/rpci/songyao/pnfioric/arc_project/airr_calculation/tcr_quant/results/mixcr_RS-04187404.assemble.report.json /projects/rpci/songyao/pnfioric/arc_project/airr_calculation/tcr_quant/results/mixcr_RS-04187404.extended.vdjca /projects/rpci/songyao/pnfioric/arc_project/airr_calculation/tcr_quant/results/mixcr_RS-04187404.clna
Initialization: progress unknown
Initialization: progress unknown
===================== report: assemble =====================
Analysis time: 463ms
Final clonotype count: 1
Reads used in clonotypes, percent of total: 38 (0%)
Average number of reads per clonotype: 38
Reads dropped due to the lack of a clone sequence, percent of total: 5395 (0.01%)
Reads dropped due to a too short clonal sequence, percent of total: 0 (0%)
Reads dropped due to low quality, percent of total: 0 (0%)
Reads dropped due to failed mapping, percent of total: 0 (0%)
Reads dropped with low quality clones, percent of total: 0 (0%)
Aligned reads processed: 38
Reads used in clonotypes before clustering, percent of total: 38 (0%)
Number of reads used as a core, percent of used: 38 (100%)
Mapped low quality reads, percent of used: 0 (0%)
Reads clustered in PCR error correction, percent of used: 0 (0%)
Reads pre-clustered due to the similar VJC-lists, percent of used: 0 (0%)
Clonotypes dropped as low quality: 0
Clonotypes eliminated by PCR error correction: 0
Clonotypes pre-clustered due to the similar VJC-lists: 0
Clones dropped in post filtering: 0 (0%)
Reads dropped in post filtering: 0.0 (0%)
Reads filtered by tag prefix: 0 (0%)
TRG chains: 1 (100%)
TRG non-functional: 0 (0%)

>>>>>>>>>>>>>>>>>> mixcr assembleContigs <<<<<<<<<<<<<<<<<<
Running:
mixcr assembleContigs --report /projects/rpci/songyao/pnfioric/arc_project/airr_calculation/tcr_quant/results/mixcr_RS-04187404.assembleContigs.report.txt --json-report /projects/rpci/songyao/pnfioric/arc_project/airr_calculation/tcr_quant/results/mixcr_RS-04187404.assembleContigs.report.json --threads 12 /projects/rpci/songyao/pnfioric/arc_project/airr_calculation/tcr_quant/results/mixcr_RS-04187404.clna /projects/rpci/songyao/pnfioric/arc_project/airr_calculation/tcr_quant/results/mixcr_RS-04187404.contigs.clns
Assembling contigs: 0%
================= report: assembleContigs =================
Analysis time: 144ms
Initial clonotype count: 1
Final clonotype count: 1 (100%)
Canceled assemblies: 0 (0%)
Clones filtered out after assemble: 0 (0%)
Number of premature termination assembly events, percent of number of initial clonotypes: 0.0 (0%)
Longest contig length: 163
Clustered variants: 0 (0%)
Reads in clustered variants: 0.0 (0%)
Reads in divided (newly created) clones: 0.0 (0%)
Clones with ambiguous letters in splitting region: 0 (0%)
Reads in clones with ambiguous letters in splitting region: 0.0 (0%)
Average number of ambiguous letters per clone with ambiguous letters in splitting region: NaN
Clones combined after clustering: 0 (0%)

>>>>>>>>>>>>>>>>>>>>>>>>> mixcr qc <<<<<<<<<<<<<<<<<<<<<<<<<
Running:
mixcr qc --print-to-stdout /projects/rpci/songyao/pnfioric/arc_project/airr_calculation/tcr_quant/results/mixcr_RS-04187404.contigs.clns /projects/rpci/songyao/pnfioric/arc_project/airr_calculation/tcr_quant/results/mixcr_RS-04187404.qc.txt /projects/rpci/songyao/pnfioric/arc_project/airr_calculation/tcr_quant/results/mixcr_RS-04187404.qc.json

  Alignments dropped due to low sequence quality: 0.0% [OK]

>>>>>>>>>>>>>>>>>>>> mixcr exportClones <<<<<<<<<<<<<<<<<<<<
Running:
mixcr exportClones /projects/rpci/songyao/pnfioric/arc_project/airr_calculation/tcr_quant/results/mixcr_RS-04187404.contigs.clns /projects/rpci/songyao/pnfioric/arc_project/airr_calculation/tcr_quant/results/mixcr_RS-04187404.clones.tsv
Analysis finished successfully.
===============================
Visualize results and simplify your immune data analysis with a convenient UI.
Explore and install Platforma.bio here: https://platforma.bio
