Exporting TRB
Exporting clones: 8.3%
Filtered 12 of 997 clones (98.8%).
Filtered 24.0 of 4494.0 reads (99.47%).
Exporting TRA
Exporting clones: 6.7%
Filtered 15 of 997 clones (98.5%).
Filtered 25.0 of 4494.0 reads (99.44%).
Exporting IGH
Exporting clones: 0.4%
Filtered 238 of 997 clones (76.13%).
Filtered 721.0 of 4494.0 reads (83.96%).
Exporting TRG
Exporting clones: 20%
Filtered 5 of 997 clones (99.5%).
Filtered 13.0 of 4494.0 reads (99.71%).
Exporting IGL
Exporting clones: 0.5%
Filtered 216 of 997 clones (78.34%).
Filtered 953.0 of 4494.0 reads (78.79%).
Exporting IGK
Exporting clones: 0.4%
Filtered 511 of 997 clones (48.75%).
Filtered 2758.0 of 4494.0 reads (38.63%).
