WARNING: sun.reflect.Reflection.getCallerClass is not supported. This will impact performance.

>>>>>>>>>>>>>>>>>>>>>>> mixcr align <<<<<<<<<<<<<<<<<<<<<<<
Running:
mixcr align --report /projects/rpci/songyao/pnfioric/arc_project/airr_calculation/tcr_quant/results/mixcr_RS-04378652.align.report.txt --json-report /projects/rpci/songyao/pnfioric/arc_project/airr_calculation/tcr_quant/results/mixcr_RS-04378652.align.report.json --threads 12 --preset rna-seq --save-output-file-names /projects/rpci/songyao/pnfioric/arc_project/airr_calculation/tcr_quant/results/mixcr_RS-04378652.align.list.tsv --species hsa /projects/rpci/songyao/pnfioric/arc_project/airr_calculation/fastq_files/RS-04378652/RS-04378652_OAKS12002208-A5_RS-03688477_S45_R1_001.fastq.gz /projects/rpci/songyao/pnfioric/arc_project/airr_calculation/fastq_files/RS-04378652/RS-04378652_OAKS12002208-A5_RS-03688477_S45_R2_001.fastq.gz /projects/rpci/songyao/pnfioric/arc_project/airr_calculation/tcr_quant/results/mixcr_RS-04378652.alignments.vdjca
Alignment: 0%
Alignment: 3.6%  ETA: 00:54:02
Alignment: 7.1%  ETA: 00:52:29
Alignment: 10.7%  ETA: 00:50:03
Alignment: 14.2%  ETA: 00:48:28
Alignment: 17.8%  ETA: 00:46:28
Alignment: 21.3%  ETA: 00:44:05
Alignment: 24.9%  ETA: 00:42:05
Alignment: 28.4%  ETA: 00:40:26
Alignment: 31.9%  ETA: 00:39:06
Alignment: 35.5%  ETA: 00:36:28
Alignment: 38.9%  ETA: 00:35:04
Alignment: 42.5%  ETA: 00:32:13
Alignment: 46%  ETA: 00:31:01
Alignment: 49.5%  ETA: 00:28:46
Alignment: 53%  ETA: 00:26:46
Alignment: 56.5%  ETA: 00:24:33
Alignment: 60.1%  ETA: 00:22:45
Alignment: 63.5%  ETA: 00:20:56
Alignment: 67.1%  ETA: 00:18:35
Alignment: 70.6%  ETA: 00:16:45
Alignment: 74.1%  ETA: 00:14:37
Alignment: 77.6%  ETA: 00:12:51
Alignment: 81.1%  ETA: 00:10:51
Alignment: 84.6%  ETA: 00:08:46
Alignment: 88.1%  ETA: 00:06:41
Alignment: 91.7%  ETA: 00:04:45
Alignment: 95.2%  ETA: 00:02:45
Alignment: 98.7%  ETA: 00:00:43
====================== report: align ======================
Analysis time: 56.77m
Total sequencing reads: 67168281
Successfully aligned reads: 4255 (0.01%)
Coverage (percent of successfully aligned):
  CDR3: 1082 (25.43%)
  FR3_TO_FR4: 37 (0.87%)
  CDR2_TO_FR4: 0 (0%)
  FR2_TO_FR4: 0 (0%)
  CDR1_TO_FR4: 0 (0%)
  VDJRegion: 0 (0%)
Alignment failed: no hits (not TCR/IG?): 65719042 (97.84%)
Alignment failed: no CDR3 parts: 16828 (0.03%)
Alignment failed: low total score: 1428156 (2.13%)
Overlapped: 63344106 (94.31%)
Overlapped and aligned: 4046 (0.01%)
Overlapped and not aligned: 63340060 (94.3%)
Alignment-aided overlaps, percent of overlapped and aligned: 57 (1.41%)
No CDR3 parts alignments, percent of successfully aligned: 70 (1.65%)
Partial aligned reads, percent of successfully aligned: 3103 (72.93%)
Realigned with forced non-floating bound: 7648464 (11.39%)
Realigned with forced non-floating right bound in left read: 395 (0%)
Realigned with forced non-floating left bound in right read: 395 (0%)
TRA chains: 286 (6.72%)
TRA non-functional: 0 (0%)
TRB chains: 104 (2.44%)
TRB non-functional: 0 (0%)
TRD chains: 5 (0.12%)
TRD non-functional: 0 (0%)
TRG chains: 60 (1.41%)
TRG non-functional: 0 (0%)
IGH chains: 1311 (30.81%)
IGH non-functional: 3 (0.23%)
TRAD chains: 2 (0.05%)
TRAD non-functional: 0 (0%)
IGK chains: 998 (23.45%)
IGK non-functional: 14 (1.4%)
IGL chains: 1489 (34.99%)
IGL non-functional: 12 (0.81%)
Trimming report:
  R1 reads trimmed left: 296676 (0.44%)
  R1 reads trimmed right: 304402 (0.45%)
  Average R1 nucleotides trimmed left: 0.07506747120713124
  Average R1 nucleotides trimmed right: 0.08014528464707918
  R2 reads trimmed left: 293194 (0.44%)
  R2 reads trimmed right: 299309 (0.45%)
  Average R2 nucleotides trimmed left: 0.0740445479020075
  Average R2 nucleotides trimmed right: 0.07887641191829817

>>>>>>>>>>>>>>>>>> mixcr assemblePartial <<<<<<<<<<<<<<<<<<
Running:
mixcr assemblePartial --report /projects/rpci/songyao/pnfioric/arc_project/airr_calculation/tcr_quant/results/mixcr_RS-04378652.assemblePartial.report.txt --json-report /projects/rpci/songyao/pnfioric/arc_project/airr_calculation/tcr_quant/results/mixcr_RS-04378652.assemblePartial.report.json /projects/rpci/songyao/pnfioric/arc_project/airr_calculation/tcr_quant/results/mixcr_RS-04378652.alignments.vdjca /projects/rpci/songyao/pnfioric/arc_project/airr_calculation/tcr_quant/results/mixcr_RS-04378652.passembled.1.vdjca
Building index: 0%
Searching for overlaps: 0%
================= report: assemblePartial =================
Analysis time: 259ms
Total alignments analysed: 4255
Number of output alignments: 4255 (100%)
Alignments already with CDR3 (no overlapping is performed): 1117 (26.25%)
Successfully overlapped alignments: 0 (0%)
Left parts with too small N-region (failed to extract k-mer): 895 (21.03%)
Extracted k-mer diversity: 1097
Dropped due to wildcard in k-mer: 0 (0%)
Dropped due to too short NRegion parts in overlap: 0 (0%)
Dropped overlaps with empty N region due to no complete NDN coverage: 0 (0%)
Number of left-side alignments: 610 (14.34%)
Number of right-side alignments: 1633 (38.38%)
Complex overlaps: 0 (0%)
Over-overlaps: 0 (0%)
Partial alignments written to output: 3138 (73.75%)

>>>>>>>>>>>>>>>>>> mixcr assemblePartial <<<<<<<<<<<<<<<<<<
Running:
mixcr assemblePartial --report /projects/rpci/songyao/pnfioric/arc_project/airr_calculation/tcr_quant/results/mixcr_RS-04378652.assemblePartial.report.txt --json-report /projects/rpci/songyao/pnfioric/arc_project/airr_calculation/tcr_quant/results/mixcr_RS-04378652.assemblePartial.report.json /projects/rpci/songyao/pnfioric/arc_project/airr_calculation/tcr_quant/results/mixcr_RS-04378652.passembled.1.vdjca /projects/rpci/songyao/pnfioric/arc_project/airr_calculation/tcr_quant/results/mixcr_RS-04378652.passembled.2.vdjca
Building index: 0%
Searching for overlaps: 0%
================= report: assemblePartial =================
Analysis time: 119ms
Total alignments analysed: 4255
Number of output alignments: 4255 (100%)
Alignments already with CDR3 (no overlapping is performed): 1117 (26.25%)
Successfully overlapped alignments: 0 (0%)
Left parts with too small N-region (failed to extract k-mer): 895 (21.03%)
Extracted k-mer diversity: 1097
Dropped due to wildcard in k-mer: 0 (0%)
Dropped due to too short NRegion parts in overlap: 0 (0%)
Dropped overlaps with empty N region due to no complete NDN coverage: 0 (0%)
Number of left-side alignments: 610 (14.34%)
Number of right-side alignments: 1633 (38.38%)
Complex overlaps: 0 (0%)
Over-overlaps: 0 (0%)
Partial alignments written to output: 3138 (73.75%)

>>>>>>>>>>>>>>>>>>>>>>> mixcr extend <<<<<<<<<<<<<<<<<<<<<<<
Running:
mixcr extend --report /projects/rpci/songyao/pnfioric/arc_project/airr_calculation/tcr_quant/results/mixcr_RS-04378652.extend.report.txt --json-report /projects/rpci/songyao/pnfioric/arc_project/airr_calculation/tcr_quant/results/mixcr_RS-04378652.extend.report.json --threads 12 /projects/rpci/songyao/pnfioric/arc_project/airr_calculation/tcr_quant/results/mixcr_RS-04378652.passembled.2.vdjca /projects/rpci/songyao/pnfioric/arc_project/airr_calculation/tcr_quant/results/mixcr_RS-04378652.extended.vdjca
Extending alignments: 0%
====================== report: extend ======================
Analysis time: 84ms
Extended alignments count: 0 (0%)
V extensions total: 0 (0%)
V extensions with merged targets: 0 (0%)
J extensions total: 0 (0%)
J extensions with merged targets: 0 (0%)
V+J extensions: 0 (0%)
Mean V extension length: NaN
Mean J extension length: NaN

>>>>>>>>>>>>>>>>>>>>>> mixcr assemble <<<<<<<<<<<<<<<<<<<<<<
Running:
mixcr assemble --report /projects/rpci/songyao/pnfioric/arc_project/airr_calculation/tcr_quant/results/mixcr_RS-04378652.assemble.report.txt --json-report /projects/rpci/songyao/pnfioric/arc_project/airr_calculation/tcr_quant/results/mixcr_RS-04378652.assemble.report.json /projects/rpci/songyao/pnfioric/arc_project/airr_calculation/tcr_quant/results/mixcr_RS-04378652.extended.vdjca /projects/rpci/songyao/pnfioric/arc_project/airr_calculation/tcr_quant/results/mixcr_RS-04378652.clna
Initialization: progress unknown
Initialization: progress unknown
===================== report: assemble =====================
Analysis time: 618ms
Final clonotype count: 120
Reads used in clonotypes, percent of total: 1076 (0%)
Average number of reads per clonotype: 8.97
Reads dropped due to the lack of a clone sequence, percent of total: 3173 (0%)
Reads dropped due to a too short clonal sequence, percent of total: 0 (0%)
Reads dropped due to low quality, percent of total: 0 (0%)
Reads dropped due to failed mapping, percent of total: 5 (0%)
Reads dropped with low quality clones, percent of total: 0 (0%)
Aligned reads processed: 1082
Reads used in clonotypes before clustering, percent of total: 1077 (0%)
Number of reads used as a core, percent of used: 1070 (99.35%)
Mapped low quality reads, percent of used: 7 (0.65%)
Reads clustered in PCR error correction, percent of used: 1 (0.09%)
Reads pre-clustered due to the similar VJC-lists, percent of used: 0 (0%)
Clonotypes dropped as low quality: 0
Clonotypes eliminated by PCR error correction: 1
Clonotypes pre-clustered due to the similar VJC-lists: 0
Clones dropped in post filtering: 0 (0%)
Reads dropped in post filtering: 0.0 (0%)
Reads filtered by tag prefix: 0 (0%)
TRA chains: 1 (0.83%)
TRA non-functional: 0 (0%)
TRB chains: 1 (0.83%)
TRB non-functional: 0 (0%)
TRG chains: 1 (0.83%)
TRG non-functional: 0 (0%)
IGH chains: 24 (20%)
IGH non-functional: 1 (4.17%)
IGK chains: 59 (49.17%)
IGK non-functional: 3 (5.08%)
IGL chains: 34 (28.33%)
IGL non-functional: 1 (2.94%)

>>>>>>>>>>>>>>>>>> mixcr assembleContigs <<<<<<<<<<<<<<<<<<
Running:
mixcr assembleContigs --report /projects/rpci/songyao/pnfioric/arc_project/airr_calculation/tcr_quant/results/mixcr_RS-04378652.assembleContigs.report.txt --json-report /projects/rpci/songyao/pnfioric/arc_project/airr_calculation/tcr_quant/results/mixcr_RS-04378652.assembleContigs.report.json --threads 12 /projects/rpci/songyao/pnfioric/arc_project/airr_calculation/tcr_quant/results/mixcr_RS-04378652.clna /projects/rpci/songyao/pnfioric/arc_project/airr_calculation/tcr_quant/results/mixcr_RS-04378652.contigs.clns
Assembling contigs: 0%
================= report: assembleContigs =================
Analysis time: 267ms
Initial clonotype count: 120
Final clonotype count: 120 (100%)
Canceled assemblies: 0 (0%)
Clones filtered out after assemble: 0 (0%)
Number of premature termination assembly events, percent of number of initial clonotypes: 0.0 (0%)
Longest contig length: 261
Clustered variants: 0 (0%)
Reads in clustered variants: 0.0 (0%)
Reads in divided (newly created) clones: 0.0 (0%)
Clones with ambiguous letters in splitting region: 0 (0%)
Reads in clones with ambiguous letters in splitting region: 0.0 (0%)
Average number of ambiguous letters per clone with ambiguous letters in splitting region: NaN
Clones combined after clustering: 0 (0%)

>>>>>>>>>>>>>>>>>>>>>>>>> mixcr qc <<<<<<<<<<<<<<<<<<<<<<<<<
Running:
mixcr qc --print-to-stdout /projects/rpci/songyao/pnfioric/arc_project/airr_calculation/tcr_quant/results/mixcr_RS-04378652.contigs.clns /projects/rpci/songyao/pnfioric/arc_project/airr_calculation/tcr_quant/results/mixcr_RS-04378652.qc.txt /projects/rpci/songyao/pnfioric/arc_project/airr_calculation/tcr_quant/results/mixcr_RS-04378652.qc.json

  Alignments dropped due to low sequence quality: 0.0% [OK]

>>>>>>>>>>>>>>>>>>>> mixcr exportClones <<<<<<<<<<<<<<<<<<<<
Running:
mixcr exportClones /projects/rpci/songyao/pnfioric/arc_project/airr_calculation/tcr_quant/results/mixcr_RS-04378652.contigs.clns /projects/rpci/songyao/pnfioric/arc_project/airr_calculation/tcr_quant/results/mixcr_RS-04378652.clones.tsv
Analysis finished successfully.
===============================
Visualize results and simplify your immune data analysis with a convenient UI.
Explore and install Platforma.bio here: https://platforma.bio
