Exporting TRB
Exporting clones: 20%
Filtered 5 of 253 clones (98.02%).
Filtered 26.0 of 2227.0 reads (98.83%).
Exporting TRA
Exporting clones: 12.5%
Filtered 8 of 253 clones (96.84%).
Filtered 29.0 of 2227.0 reads (98.7%).
Exporting IGH
Exporting clones: 1.2%
Filtered 80 of 253 clones (68.38%).
Filtered 914.0 of 2227.0 reads (58.96%).
Exporting IGL
Exporting clones: 1.6%
Filtered 64 of 253 clones (74.7%).
Filtered 535.0 of 2227.0 reads (75.98%).
Exporting IGK
Exporting clones: 1%
Filtered 96 of 253 clones (62.06%).
Filtered 723.0 of 2227.0 reads (67.53%).
