Exporting TRB
Exporting clones: 25%
Filtered 4 of 1397 clones (99.71%).
Filtered 9.0 of 7280.0 reads (99.88%).
Exporting TRA
Exporting clones: 10%
Filtered 10 of 1397 clones (99.28%).
Filtered 19.0 of 7280.0 reads (99.74%).
Exporting IGH
Exporting clones: 0.2%
Filtered 423 of 1397 clones (69.72%).
Filtered 1949.0 of 7280.0 reads (73.23%).
Exporting TRG
Filtered 2 of 1397 clones (99.86%).
Filtered 5.0 of 7280.0 reads (99.93%).
Exporting IGL
Exporting clones: 0.3%
Filtered 346 of 1397 clones (75.23%).
Filtered 2060.0 of 7280.0 reads (71.7%).
Exporting IGK
Exporting clones: 0.5%
Filtered 612 of 1397 clones (56.19%).
Filtered 3238.0 of 7280.0 reads (55.52%).
