Exporting TRB
Exporting clones: 25%
Filtered 4 of 289 clones (98.62%).
Filtered 15.0 of 1258.0 reads (98.81%).
Exporting TRA
Exporting clones: 16.7%
Filtered 6 of 289 clones (97.92%).
Filtered 20.0 of 1258.0 reads (98.41%).
Exporting IGH
Exporting clones: 1.4%
Filtered 74 of 289 clones (74.39%).
Filtered 392.0 of 1258.0 reads (68.84%).
Exporting TRG
Exporting clones: 100%
Filtered 2 of 289 clones (99.31%).
Filtered 7.0 of 1258.0 reads (99.44%).
Exporting IGL
Exporting clones: 4.3%
Filtered 47 of 289 clones (83.74%).
Filtered 156.0 of 1258.0 reads (87.6%).
Exporting IGK
Exporting clones: 0.6%
Filtered 156 of 289 clones (46.02%).
Filtered 668.0 of 1258.0 reads (46.9%).
