Exporting TRB
Exporting clones: 33.3%
Filtered 3 of 570 clones (99.47%).
Filtered 5.0 of 1346.0 reads (99.63%).
Exporting TRA
Exporting clones: 25%
Filtered 4 of 570 clones (99.3%).
Filtered 14.0 of 1346.0 reads (98.96%).
Exporting IGH
Exporting clones: 0.8%
Filtered 129 of 570 clones (77.37%).
Filtered 285.0 of 1346.0 reads (78.83%).
Exporting TRG
Exporting clones: 50%
Filtered 2 of 570 clones (99.65%).
Filtered 6.0 of 1346.0 reads (99.55%).
Exporting IGL
Exporting clones: 0.6%
Filtered 166 of 570 clones (70.88%).
Filtered 402.0 of 1346.0 reads (70.13%).
Exporting IGK
Exporting clones: 0.8%
Filtered 266 of 570 clones (53.33%).
Filtered 634.0 of 1346.0 reads (52.9%).
