Exporting TRB
Exporting clones: 25%
Filtered 4 of 334 clones (98.8%).
Filtered 7.0 of 888.0 reads (99.21%).
Exporting TRA
Exporting clones: 25%
Filtered 4 of 334 clones (98.8%).
Filtered 6.0 of 888.0 reads (99.32%).
Exporting IGH
Exporting clones: 1.1%
Filtered 92 of 334 clones (72.46%).
Filtered 192.0 of 888.0 reads (78.38%).
Exporting TRG
Exporting clones: 100%
Filtered 1 of 334 clones (99.7%).
Filtered 1.0 of 888.0 reads (99.89%).
Exporting IGL
Exporting clones: 1.2%
Filtered 86 of 334 clones (74.25%).
Filtered 249.0 of 888.0 reads (71.96%).
Exporting IGK
Exporting clones: 0.7%
Filtered 147 of 334 clones (55.99%).
Filtered 433.0 of 888.0 reads (51.24%).
