Exporting TRB
Exporting clones: 100%
Filtered 1 of 155 clones (99.35%).
Filtered 5.0 of 1547.0 reads (99.68%).
Exporting TRA
Exporting clones: 33.3%
Filtered 3 of 155 clones (98.06%).
Filtered 49.0 of 1547.0 reads (96.83%).
Exporting IGH
Exporting clones: 2.9%
Filtered 35 of 155 clones (77.42%).
Filtered 460.0 of 1547.0 reads (70.27%).
Exporting IGL
Exporting clones: 2.5%
Filtered 40 of 155 clones (74.19%).
Filtered 409.0 of 1547.0 reads (73.56%).
Exporting IGK
Exporting clones: 1.3%
Filtered 76 of 155 clones (50.97%).
Filtered 624.0 of 1547.0 reads (59.66%).
