WARNING: sun.reflect.Reflection.getCallerClass is not supported. This will impact performance.

>>>>>>>>>>>>>>>>>>>>>>> mixcr align <<<<<<<<<<<<<<<<<<<<<<<
Running:
mixcr align --report /projects/rpci/songyao/pnfioric/arc_project/airr_calculation/tcr_quant/results/mixcr_RS-04367514.align.report.txt --json-report /projects/rpci/songyao/pnfioric/arc_project/airr_calculation/tcr_quant/results/mixcr_RS-04367514.align.report.json --threads 12 --preset rna-seq --save-output-file-names /projects/rpci/songyao/pnfioric/arc_project/airr_calculation/tcr_quant/results/mixcr_RS-04367514.align.list.tsv --species hsa /projects/rpci/songyao/pnfioric/arc_project/airr_calculation/fastq_files/RS-04367514/RS-04367514_SCHS10008422-B1_RS-03816359_S180_R1_001.fastq.gz /projects/rpci/songyao/pnfioric/arc_project/airr_calculation/fastq_files/RS-04367514/RS-04367514_SCHS10008422-B1_RS-03816359_S180_R2_001.fastq.gz /projects/rpci/songyao/pnfioric/arc_project/airr_calculation/tcr_quant/results/mixcr_RS-04367514.alignments.vdjca
Alignment: 0%
Alignment: 3.7%  ETA: 00:52:04
Alignment: 7.4%  ETA: 00:49:37
Alignment: 11.2%  ETA: 00:47:12
Alignment: 14.9%  ETA: 00:46:01
Alignment: 18.6%  ETA: 00:44:00
Alignment: 22.3%  ETA: 00:42:01
Alignment: 26%  ETA: 00:39:39
Alignment: 29.7%  ETA: 00:38:41
Alignment: 33.3%  ETA: 00:36:21
Alignment: 37%  ETA: 00:34:02
Alignment: 40.6%  ETA: 00:32:56
Alignment: 44.3%  ETA: 00:30:22
Alignment: 47.9%  ETA: 00:28:38
Alignment: 51.6%  ETA: 00:26:38
Alignment: 55.2%  ETA: 00:24:38
Alignment: 58.9%  ETA: 00:22:25
Alignment: 62.5%  ETA: 00:20:49
Alignment: 66.1%  ETA: 00:18:38
Alignment: 69.8%  ETA: 00:16:38
Alignment: 73.3%  ETA: 00:14:56
Alignment: 77%  ETA: 00:12:40
Alignment: 80.6%  ETA: 00:10:47
Alignment: 84.3%  ETA: 00:08:30
Alignment: 88%  ETA: 00:06:30
Alignment: 91.5%  ETA: 00:04:44
Alignment: 95.2%  ETA: 00:02:39
Alignment: 98.9%  ETA: 00:00:36
====================== report: align ======================
Analysis time: 54.65m
Total sequencing reads: 60830831
Successfully aligned reads: 2679 (0%)
Coverage (percent of successfully aligned):
  CDR3: 487 (18.18%)
  FR3_TO_FR4: 0 (0%)
  CDR2_TO_FR4: 0 (0%)
  FR2_TO_FR4: 0 (0%)
  CDR1_TO_FR4: 0 (0%)
  VDJRegion: 3 (0.11%)
Alignment failed: no hits (not TCR/IG?): 59279886 (97.45%)
Alignment failed: no CDR3 parts: 18846 (0.03%)
Alignment failed: low total score: 1529420 (2.51%)
Overlapped: 55456559 (91.17%)
Overlapped and aligned: 2571 (0%)
Overlapped and not aligned: 55453988 (91.16%)
Alignment-aided overlaps, percent of overlapped and aligned: 42 (1.63%)
No CDR3 parts alignments, percent of successfully aligned: 47 (1.75%)
Partial aligned reads, percent of successfully aligned: 2145 (80.07%)
J gene chimeras: 2 (0%)
Realigned with forced non-floating bound: 10748628 (17.67%)
Realigned with forced non-floating right bound in left read: 671 (0%)
Realigned with forced non-floating left bound in right read: 671 (0%)
TRA chains: 327 (12.21%)
TRA non-functional: 2 (0.61%)
TRB chains: 87 (3.25%)
TRB non-functional: 0 (0%)
TRG chains: 25 (0.93%)
TRG non-functional: 8 (32%)
IGH chains: 888 (33.15%)
IGH non-functional: 2 (0.23%)
TRAD chains: 6 (0.22%)
TRAD non-functional: 0 (0%)
IGK chains: 623 (23.25%)
IGK non-functional: 9 (1.44%)
IGL chains: 723 (26.99%)
IGL non-functional: 0 (0%)
Trimming report:
  R1 reads trimmed left: 8320 (0.01%)
  R1 reads trimmed right: 9158 (0.02%)
  Average R1 nucleotides trimmed left: 0.0023284574231774015
  Average R1 nucleotides trimmed right: 0.002607904534462138
  R2 reads trimmed left: 10131 (0.02%)
  R2 reads trimmed right: 10878 (0.02%)
  Average R2 nucleotides trimmed left: 0.0023746511041415823
  Average R2 nucleotides trimmed right: 0.003749266552021951

>>>>>>>>>>>>>>>>>> mixcr assemblePartial <<<<<<<<<<<<<<<<<<
Running:
mixcr assemblePartial --report /projects/rpci/songyao/pnfioric/arc_project/airr_calculation/tcr_quant/results/mixcr_RS-04367514.assemblePartial.report.txt --json-report /projects/rpci/songyao/pnfioric/arc_project/airr_calculation/tcr_quant/results/mixcr_RS-04367514.assemblePartial.report.json /projects/rpci/songyao/pnfioric/arc_project/airr_calculation/tcr_quant/results/mixcr_RS-04367514.alignments.vdjca /projects/rpci/songyao/pnfioric/arc_project/airr_calculation/tcr_quant/results/mixcr_RS-04367514.passembled.1.vdjca
Building index: 0%
Searching for overlaps: 0%
================= report: assemblePartial =================
Analysis time: 258ms
Total alignments analysed: 2679
Number of output alignments: 2678 (99.96%)
Alignments already with CDR3 (no overlapping is performed): 516 (19.26%)
Successfully overlapped alignments: 1 (0.04%)
Left parts with too small N-region (failed to extract k-mer): 482 (17.99%)
Extracted k-mer diversity: 1715
Dropped due to wildcard in k-mer: 0 (0%)
Dropped due to too short NRegion parts in overlap: 0 (0%)
Dropped overlaps with empty N region due to no complete NDN coverage: 3 (0.11%)
Number of left-side alignments: 344 (12.84%)
Number of right-side alignments: 1347 (50.28%)
Complex overlaps: 0 (0%)
Over-overlaps: 0 (0%)
Partial alignments written to output: 2161 (80.66%)

>>>>>>>>>>>>>>>>>> mixcr assemblePartial <<<<<<<<<<<<<<<<<<
Running:
mixcr assemblePartial --report /projects/rpci/songyao/pnfioric/arc_project/airr_calculation/tcr_quant/results/mixcr_RS-04367514.assemblePartial.report.txt --json-report /projects/rpci/songyao/pnfioric/arc_project/airr_calculation/tcr_quant/results/mixcr_RS-04367514.assemblePartial.report.json /projects/rpci/songyao/pnfioric/arc_project/airr_calculation/tcr_quant/results/mixcr_RS-04367514.passembled.1.vdjca /projects/rpci/songyao/pnfioric/arc_project/airr_calculation/tcr_quant/results/mixcr_RS-04367514.passembled.2.vdjca
Building index: 0%
Searching for overlaps: 0.8%
================= report: assemblePartial =================
Analysis time: 99ms
Total alignments analysed: 2678
Number of output alignments: 2678 (100%)
Alignments already with CDR3 (no overlapping is performed): 517 (19.31%)
Successfully overlapped alignments: 0 (0%)
Left parts with too small N-region (failed to extract k-mer): 482 (18%)
Extracted k-mer diversity: 1702
Dropped due to wildcard in k-mer: 0 (0%)
Dropped due to too short NRegion parts in overlap: 0 (0%)
Dropped overlaps with empty N region due to no complete NDN coverage: 3 (0.11%)
Number of left-side alignments: 343 (12.81%)
Number of right-side alignments: 1346 (50.26%)
Complex overlaps: 0 (0%)
Over-overlaps: 0 (0%)
Partial alignments written to output: 2161 (80.69%)

>>>>>>>>>>>>>>>>>>>>>>> mixcr extend <<<<<<<<<<<<<<<<<<<<<<<
Running:
mixcr extend --report /projects/rpci/songyao/pnfioric/arc_project/airr_calculation/tcr_quant/results/mixcr_RS-04367514.extend.report.txt --json-report /projects/rpci/songyao/pnfioric/arc_project/airr_calculation/tcr_quant/results/mixcr_RS-04367514.extend.report.json --threads 12 /projects/rpci/songyao/pnfioric/arc_project/airr_calculation/tcr_quant/results/mixcr_RS-04367514.passembled.2.vdjca /projects/rpci/songyao/pnfioric/arc_project/airr_calculation/tcr_quant/results/mixcr_RS-04367514.extended.vdjca
Extending alignments: 0%
====================== report: extend ======================
Analysis time: 22ms
Extended alignments count: 0 (0%)
V extensions total: 0 (0%)
V extensions with merged targets: 0 (0%)
J extensions total: 0 (0%)
J extensions with merged targets: 0 (0%)
V+J extensions: 0 (0%)
Mean V extension length: NaN
Mean J extension length: NaN

>>>>>>>>>>>>>>>>>>>>>> mixcr assemble <<<<<<<<<<<<<<<<<<<<<<
Running:
mixcr assemble --report /projects/rpci/songyao/pnfioric/arc_project/airr_calculation/tcr_quant/results/mixcr_RS-04367514.assemble.report.txt --json-report /projects/rpci/songyao/pnfioric/arc_project/airr_calculation/tcr_quant/results/mixcr_RS-04367514.assemble.report.json /projects/rpci/songyao/pnfioric/arc_project/airr_calculation/tcr_quant/results/mixcr_RS-04367514.extended.vdjca /projects/rpci/songyao/pnfioric/arc_project/airr_calculation/tcr_quant/results/mixcr_RS-04367514.clna
Initialization: progress unknown
Initialization: progress unknown
===================== report: assemble =====================
Analysis time: 676ms
Final clonotype count: 243
Reads used in clonotypes, percent of total: 460 (0%)
Average number of reads per clonotype: 1.89
Reads dropped due to the lack of a clone sequence, percent of total: 2190 (0%)
Reads dropped due to a too short clonal sequence, percent of total: 0 (0%)
Reads dropped due to low quality, percent of total: 0 (0%)
Reads dropped due to failed mapping, percent of total: 29 (0%)
Reads dropped with low quality clones, percent of total: 0 (0%)
Aligned reads processed: 489
Reads used in clonotypes before clustering, percent of total: 460 (0%)
Number of reads used as a core, percent of used: 454 (98.7%)
Mapped low quality reads, percent of used: 6 (1.3%)
Reads clustered in PCR error correction, percent of used: 0 (0%)
Reads pre-clustered due to the similar VJC-lists, percent of used: 0 (0%)
Clonotypes dropped as low quality: 0
Clonotypes eliminated by PCR error correction: 0
Clonotypes pre-clustered due to the similar VJC-lists: 0
Clones dropped in post filtering: 0 (0%)
Reads dropped in post filtering: 0.0 (0%)
Reads filtered by tag prefix: 0 (0%)
TRA chains: 5 (2.06%)
TRA non-functional: 0 (0%)
TRB chains: 7 (2.88%)
TRB non-functional: 0 (0%)
TRG chains: 4 (1.65%)
TRG non-functional: 4 (100%)
IGH chains: 52 (21.4%)
IGH non-functional: 0 (0%)
IGK chains: 108 (44.44%)
IGK non-functional: 5 (4.63%)
IGL chains: 67 (27.57%)
IGL non-functional: 0 (0%)

>>>>>>>>>>>>>>>>>> mixcr assembleContigs <<<<<<<<<<<<<<<<<<
Running:
mixcr assembleContigs --report /projects/rpci/songyao/pnfioric/arc_project/airr_calculation/tcr_quant/results/mixcr_RS-04367514.assembleContigs.report.txt --json-report /projects/rpci/songyao/pnfioric/arc_project/airr_calculation/tcr_quant/results/mixcr_RS-04367514.assembleContigs.report.json --threads 12 /projects/rpci/songyao/pnfioric/arc_project/airr_calculation/tcr_quant/results/mixcr_RS-04367514.clna /projects/rpci/songyao/pnfioric/arc_project/airr_calculation/tcr_quant/results/mixcr_RS-04367514.contigs.clns
Assembling contigs: 0%
================= report: assembleContigs =================
Analysis time: 371ms
Initial clonotype count: 243
Final clonotype count: 243 (100%)
Canceled assemblies: 0 (0%)
Clones filtered out after assemble: 0 (0%)
Number of premature termination assembly events, percent of number of initial clonotypes: 0.0 (0%)
Longest contig length: 227
Clustered variants: 0 (0%)
Reads in clustered variants: 0.0 (0%)
Reads in divided (newly created) clones: 0.0 (0%)
Clones with ambiguous letters in splitting region: 0 (0%)
Reads in clones with ambiguous letters in splitting region: 0.0 (0%)
Average number of ambiguous letters per clone with ambiguous letters in splitting region: NaN
Clones combined after clustering: 0 (0%)

>>>>>>>>>>>>>>>>>>>>>>>>> mixcr qc <<<<<<<<<<<<<<<<<<<<<<<<<
Running:
mixcr qc --print-to-stdout /projects/rpci/songyao/pnfioric/arc_project/airr_calculation/tcr_quant/results/mixcr_RS-04367514.contigs.clns /projects/rpci/songyao/pnfioric/arc_project/airr_calculation/tcr_quant/results/mixcr_RS-04367514.qc.txt /projects/rpci/songyao/pnfioric/arc_project/airr_calculation/tcr_quant/results/mixcr_RS-04367514.qc.json

  Alignments dropped due to low sequence quality: 0.0% [OK]

>>>>>>>>>>>>>>>>>>>> mixcr exportClones <<<<<<<<<<<<<<<<<<<<
Running:
mixcr exportClones /projects/rpci/songyao/pnfioric/arc_project/airr_calculation/tcr_quant/results/mixcr_RS-04367514.contigs.clns /projects/rpci/songyao/pnfioric/arc_project/airr_calculation/tcr_quant/results/mixcr_RS-04367514.clones.tsv
Analysis finished successfully.
===============================
Visualize results and simplify your immune data analysis with a convenient UI.
Explore and install Platforma.bio here: https://platforma.bio
