Exporting TRB
Exporting clones: 4.3%
Filtered 23 of 3111 clones (99.26%).
Filtered 54.0 of 26004.0 reads (99.79%).
Exporting TRA
Exporting clones: 2.8%
Filtered 36 of 3111 clones (98.84%).
Filtered 66.0 of 26004.0 reads (99.75%).
Exporting TRD
Filtered 1 of 3111 clones (99.97%).
Filtered 2.0 of 26004.0 reads (99.99%).
Exporting IGH
Exporting clones: 0.1%
Filtered 865 of 3111 clones (72.2%).
Filtered 5181.0 of 26004.0 reads (80.08%).
Exporting TRG
Exporting clones: 46.2%
Filtered 13 of 3111 clones (99.58%).
Filtered 35.0 of 26004.0 reads (99.87%).
Exporting IGL
Exporting clones: 0.3%
Filtered 686 of 3111 clones (77.95%).
Filtered 6661.0 of 26004.0 reads (74.38%).
Exporting IGK
Exporting clones: 0.2%
Filtered 1487 of 3111 clones (52.2%).
Filtered 14005.0 of 26004.0 reads (46.14%).
