Exporting TRB
Exporting clones: 100%
Filtered 1 of 9 clones (88.89%).
Filtered 4.0 of 32.0 reads (87.5%).
Exporting TRA
Exporting clones: 50%
Filtered 2 of 9 clones (77.78%).
Filtered 12.0 of 32.0 reads (62.5%).
Exporting IGH
Exporting clones: 100%
Filtered 1 of 9 clones (88.89%).
Filtered 2.0 of 32.0 reads (93.75%).
Exporting IGL
Exporting clones: 100%
Filtered 1 of 9 clones (88.89%).
Filtered 7.0 of 32.0 reads (78.12%).
Exporting IGK
Exporting clones: 25%
Filtered 4 of 9 clones (55.56%).
Filtered 7.0 of 32.0 reads (78.12%).
