Exporting TRB
Exporting clones: 50%
Filtered 2 of 172 clones (98.84%).
Filtered 4.0 of 358.0 reads (98.88%).
Exporting TRA
Exporting clones: 25%
Filtered 4 of 172 clones (97.67%).
Filtered 11.0 of 358.0 reads (96.93%).
Exporting IGH
Exporting clones: 2.3%
Filtered 44 of 172 clones (74.42%).
Filtered 77.0 of 358.0 reads (78.49%).
Exporting IGL
Exporting clones: 2.9%
Filtered 35 of 172 clones (79.65%).
Filtered 74.0 of 358.0 reads (79.33%).
Exporting IGK
Exporting clones: 1.1%
Filtered 87 of 172 clones (49.42%).
Filtered 192.0 of 358.0 reads (46.37%).
