Exporting TRA
Exporting clones: 33.3%
Filtered 3 of 51 clones (94.12%).
Filtered 11.0 of 188.0 reads (94.15%).
Exporting IGH
Exporting clones: 7.7%
Filtered 13 of 51 clones (74.51%).
Filtered 55.0 of 188.0 reads (70.74%).
Exporting TRG
Exporting clones: 100%
Filtered 1 of 51 clones (98.04%).
Filtered 5.0 of 188.0 reads (97.34%).
Exporting IGL
Exporting clones: 9.1%
Filtered 11 of 51 clones (78.43%).
Filtered 29.0 of 188.0 reads (84.57%).
Exporting IGK
Exporting clones: 4.3%
Filtered 23 of 51 clones (54.9%).
Filtered 88.0 of 188.0 reads (53.19%).
