WARNING: sun.reflect.Reflection.getCallerClass is not supported. This will impact performance.

>>>>>>>>>>>>>>>>>>>>>>> mixcr align <<<<<<<<<<<<<<<<<<<<<<<
Running:
mixcr align --report /projects/rpci/songyao/pnfioric/arc_project/airr_calculation/tcr_quant/results/mixcr_RS-04396837.align.report.txt --json-report /projects/rpci/songyao/pnfioric/arc_project/airr_calculation/tcr_quant/results/mixcr_RS-04396837.align.report.json --threads 12 --preset rna-seq --save-output-file-names /projects/rpci/songyao/pnfioric/arc_project/airr_calculation/tcr_quant/results/mixcr_RS-04396837.align.list.tsv --species hsa /projects/rpci/songyao/pnfioric/arc_project/airr_calculation/fastq_files/RS-04396837/RS-04396837_HAYS06010630-C4_RS-04259308_S176_R1_001.fastq.gz /projects/rpci/songyao/pnfioric/arc_project/airr_calculation/fastq_files/RS-04396837/RS-04396837_HAYS06010630-C4_RS-04259308_S176_R2_001.fastq.gz /projects/rpci/songyao/pnfioric/arc_project/airr_calculation/tcr_quant/results/mixcr_RS-04396837.alignments.vdjca
Alignment: 0%
Alignment: 4.5%  ETA: 00:42:06
Alignment: 9.1%  ETA: 00:40:06
Alignment: 13.6%  ETA: 00:37:48
Alignment: 18.3%  ETA: 00:35:15
Alignment: 22.9%  ETA: 00:32:59
Alignment: 27.5%  ETA: 00:31:58
Alignment: 32%  ETA: 00:29:58
Alignment: 36.6%  ETA: 00:27:58
Alignment: 41.1%  ETA: 00:25:46
Alignment: 45.7%  ETA: 00:23:34
Alignment: 50.3%  ETA: 00:21:56
Alignment: 54.8%  ETA: 00:19:56
Alignment: 59.3%  ETA: 00:17:56
Alignment: 63.9%  ETA: 00:15:47
Alignment: 68.5%  ETA: 00:13:41
Alignment: 73.1%  ETA: 00:11:41
Alignment: 77.6%  ETA: 00:09:51
Alignment: 82.1%  ETA: 00:07:55
Alignment: 86.7%  ETA: 00:05:55
Alignment: 91.2%  ETA: 00:03:55
Alignment: 95.8%  ETA: 00:01:50
====================== report: align ======================
Analysis time: 43.92m
Total sequencing reads: 57520842
Successfully aligned reads: 1308 (0%)
Coverage (percent of successfully aligned):
  CDR3: 191 (14.6%)
  FR3_TO_FR4: 0 (0%)
  CDR2_TO_FR4: 0 (0%)
  FR2_TO_FR4: 0 (0%)
  CDR1_TO_FR4: 0 (0%)
  VDJRegion: 0 (0%)
Alignment failed: no hits (not TCR/IG?): 56310225 (97.9%)
Alignment failed: no CDR3 parts: 7475 (0.01%)
Alignment failed: low total score: 1201834 (2.09%)
Overlapped: 53171491 (92.44%)
Overlapped and aligned: 1262 (0%)
Overlapped and not aligned: 53170229 (92.44%)
Alignment-aided overlaps, percent of overlapped and aligned: 24 (1.9%)
No CDR3 parts alignments, percent of successfully aligned: 47 (3.59%)
Partial aligned reads, percent of successfully aligned: 1070 (81.8%)
Realigned with forced non-floating bound: 8698750 (15.12%)
Realigned with forced non-floating right bound in left read: 327 (0%)
Realigned with forced non-floating left bound in right read: 327 (0%)
TRA chains: 355 (27.14%)
TRA non-functional: 0 (0%)
TRB chains: 24 (1.83%)
TRB non-functional: 0 (0%)
TRG chains: 22 (1.68%)
TRG non-functional: 0 (0%)
IGH chains: 338 (25.84%)
IGH non-functional: 0 (0%)
TRAD chains: 4 (0.31%)
TRAD non-functional: 0 (0%)
IGK chains: 306 (23.39%)
IGK non-functional: 2 (0.65%)
IGL chains: 259 (19.8%)
IGL non-functional: 0 (0%)
Trimming report:
  R1 reads trimmed left: 125258 (0.22%)
  R1 reads trimmed right: 131429 (0.23%)
  Average R1 nucleotides trimmed left: 0.0370132620798562
  Average R1 nucleotides trimmed right: 0.04187544751170367
  R2 reads trimmed left: 126676 (0.22%)
  R2 reads trimmed right: 128317 (0.22%)
  Average R2 nucleotides trimmed left: 0.036672481254707644
  Average R2 nucleotides trimmed right: 0.03930326680544767

>>>>>>>>>>>>>>>>>> mixcr assemblePartial <<<<<<<<<<<<<<<<<<
Running:
mixcr assemblePartial --report /projects/rpci/songyao/pnfioric/arc_project/airr_calculation/tcr_quant/results/mixcr_RS-04396837.assemblePartial.report.txt --json-report /projects/rpci/songyao/pnfioric/arc_project/airr_calculation/tcr_quant/results/mixcr_RS-04396837.assemblePartial.report.json /projects/rpci/songyao/pnfioric/arc_project/airr_calculation/tcr_quant/results/mixcr_RS-04396837.alignments.vdjca /projects/rpci/songyao/pnfioric/arc_project/airr_calculation/tcr_quant/results/mixcr_RS-04396837.passembled.1.vdjca
Building index: 0%
Searching for overlaps: 0.1%
================= report: assemblePartial =================
Analysis time: 122ms
Total alignments analysed: 1308
Number of output alignments: 1308 (100%)
Alignments already with CDR3 (no overlapping is performed): 216 (16.51%)
Successfully overlapped alignments: 0 (0%)
Left parts with too small N-region (failed to extract k-mer): 152 (11.62%)
Extracted k-mer diversity: 609
Dropped due to wildcard in k-mer: 0 (0%)
Dropped due to too short NRegion parts in overlap: 0 (0%)
Dropped overlaps with empty N region due to no complete NDN coverage: 0 (0%)
Number of left-side alignments: 195 (14.91%)
Number of right-side alignments: 745 (56.96%)
Complex overlaps: 0 (0%)
Over-overlaps: 0 (0%)
Partial alignments written to output: 1092 (83.49%)

>>>>>>>>>>>>>>>>>> mixcr assemblePartial <<<<<<<<<<<<<<<<<<
Running:
mixcr assemblePartial --report /projects/rpci/songyao/pnfioric/arc_project/airr_calculation/tcr_quant/results/mixcr_RS-04396837.assemblePartial.report.txt --json-report /projects/rpci/songyao/pnfioric/arc_project/airr_calculation/tcr_quant/results/mixcr_RS-04396837.assemblePartial.report.json /projects/rpci/songyao/pnfioric/arc_project/airr_calculation/tcr_quant/results/mixcr_RS-04396837.passembled.1.vdjca /projects/rpci/songyao/pnfioric/arc_project/airr_calculation/tcr_quant/results/mixcr_RS-04396837.passembled.2.vdjca
Building index: 0%
Searching for overlaps: 0.2%
================= report: assemblePartial =================
Analysis time: 92ms
Total alignments analysed: 1308
Number of output alignments: 1308 (100%)
Alignments already with CDR3 (no overlapping is performed): 216 (16.51%)
Successfully overlapped alignments: 0 (0%)
Left parts with too small N-region (failed to extract k-mer): 152 (11.62%)
Extracted k-mer diversity: 609
Dropped due to wildcard in k-mer: 0 (0%)
Dropped due to too short NRegion parts in overlap: 0 (0%)
Dropped overlaps with empty N region due to no complete NDN coverage: 0 (0%)
Number of left-side alignments: 195 (14.91%)
Number of right-side alignments: 745 (56.96%)
Complex overlaps: 0 (0%)
Over-overlaps: 0 (0%)
Partial alignments written to output: 1092 (83.49%)

>>>>>>>>>>>>>>>>>>>>>>> mixcr extend <<<<<<<<<<<<<<<<<<<<<<<
Running:
mixcr extend --report /projects/rpci/songyao/pnfioric/arc_project/airr_calculation/tcr_quant/results/mixcr_RS-04396837.extend.report.txt --json-report /projects/rpci/songyao/pnfioric/arc_project/airr_calculation/tcr_quant/results/mixcr_RS-04396837.extend.report.json --threads 12 /projects/rpci/songyao/pnfioric/arc_project/airr_calculation/tcr_quant/results/mixcr_RS-04396837.passembled.2.vdjca /projects/rpci/songyao/pnfioric/arc_project/airr_calculation/tcr_quant/results/mixcr_RS-04396837.extended.vdjca
Extending alignments: 0%
====================== report: extend ======================
Analysis time: 26ms
Extended alignments count: 0 (0%)
V extensions total: 0 (0%)
V extensions with merged targets: 0 (0%)
J extensions total: 0 (0%)
J extensions with merged targets: 0 (0%)
V+J extensions: 0 (0%)
Mean V extension length: NaN
Mean J extension length: NaN

>>>>>>>>>>>>>>>>>>>>>> mixcr assemble <<<<<<<<<<<<<<<<<<<<<<
Running:
mixcr assemble --report /projects/rpci/songyao/pnfioric/arc_project/airr_calculation/tcr_quant/results/mixcr_RS-04396837.assemble.report.txt --json-report /projects/rpci/songyao/pnfioric/arc_project/airr_calculation/tcr_quant/results/mixcr_RS-04396837.assemble.report.json /projects/rpci/songyao/pnfioric/arc_project/airr_calculation/tcr_quant/results/mixcr_RS-04396837.extended.vdjca /projects/rpci/songyao/pnfioric/arc_project/airr_calculation/tcr_quant/results/mixcr_RS-04396837.clna
Initialization: progress unknown
Initialization: progress unknown
===================== report: assemble =====================
Analysis time: 302ms
Final clonotype count: 51
Reads used in clonotypes, percent of total: 188 (0%)
Average number of reads per clonotype: 3.69
Reads dropped due to the lack of a clone sequence, percent of total: 1117 (0%)
Reads dropped due to a too short clonal sequence, percent of total: 0 (0%)
Reads dropped due to low quality, percent of total: 0 (0%)
Reads dropped due to failed mapping, percent of total: 3 (0%)
Reads dropped with low quality clones, percent of total: 0 (0%)
Aligned reads processed: 191
Reads used in clonotypes before clustering, percent of total: 188 (0%)
Number of reads used as a core, percent of used: 188 (100%)
Mapped low quality reads, percent of used: 0 (0%)
Reads clustered in PCR error correction, percent of used: 0 (0%)
Reads pre-clustered due to the similar VJC-lists, percent of used: 0 (0%)
Clonotypes dropped as low quality: 0
Clonotypes eliminated by PCR error correction: 0
Clonotypes pre-clustered due to the similar VJC-lists: 0
Clones dropped in post filtering: 0 (0%)
Reads dropped in post filtering: 0.0 (0%)
Reads filtered by tag prefix: 0 (0%)
TRA chains: 3 (5.88%)
TRA non-functional: 0 (0%)
TRG chains: 1 (1.96%)
TRG non-functional: 0 (0%)
IGH chains: 13 (25.49%)
IGH non-functional: 0 (0%)
IGK chains: 23 (45.1%)
IGK non-functional: 1 (4.35%)
IGL chains: 11 (21.57%)
IGL non-functional: 0 (0%)

>>>>>>>>>>>>>>>>>> mixcr assembleContigs <<<<<<<<<<<<<<<<<<
Running:
mixcr assembleContigs --report /projects/rpci/songyao/pnfioric/arc_project/airr_calculation/tcr_quant/results/mixcr_RS-04396837.assembleContigs.report.txt --json-report /projects/rpci/songyao/pnfioric/arc_project/airr_calculation/tcr_quant/results/mixcr_RS-04396837.assembleContigs.report.json --threads 12 /projects/rpci/songyao/pnfioric/arc_project/airr_calculation/tcr_quant/results/mixcr_RS-04396837.clna /projects/rpci/songyao/pnfioric/arc_project/airr_calculation/tcr_quant/results/mixcr_RS-04396837.contigs.clns
Assembling contigs: 0%
================= report: assembleContigs =================
Analysis time: 154ms
Initial clonotype count: 51
Final clonotype count: 51 (100%)
Canceled assemblies: 0 (0%)
Clones filtered out after assemble: 0 (0%)
Number of premature termination assembly events, percent of number of initial clonotypes: 0.0 (0%)
Longest contig length: 191
Clustered variants: 0 (0%)
Reads in clustered variants: 0.0 (0%)
Reads in divided (newly created) clones: 0.0 (0%)
Clones with ambiguous letters in splitting region: 0 (0%)
Reads in clones with ambiguous letters in splitting region: 0.0 (0%)
Average number of ambiguous letters per clone with ambiguous letters in splitting region: NaN
Clones combined after clustering: 0 (0%)

>>>>>>>>>>>>>>>>>>>>>>>>> mixcr qc <<<<<<<<<<<<<<<<<<<<<<<<<
Running:
mixcr qc --print-to-stdout /projects/rpci/songyao/pnfioric/arc_project/airr_calculation/tcr_quant/results/mixcr_RS-04396837.contigs.clns /projects/rpci/songyao/pnfioric/arc_project/airr_calculation/tcr_quant/results/mixcr_RS-04396837.qc.txt /projects/rpci/songyao/pnfioric/arc_project/airr_calculation/tcr_quant/results/mixcr_RS-04396837.qc.json

  Alignments dropped due to low sequence quality: 0.0% [OK]

>>>>>>>>>>>>>>>>>>>> mixcr exportClones <<<<<<<<<<<<<<<<<<<<
Running:
mixcr exportClones /projects/rpci/songyao/pnfioric/arc_project/airr_calculation/tcr_quant/results/mixcr_RS-04396837.contigs.clns /projects/rpci/songyao/pnfioric/arc_project/airr_calculation/tcr_quant/results/mixcr_RS-04396837.clones.tsv
Analysis finished successfully.
===============================
Visualize results and simplify your immune data analysis with a convenient UI.
Explore and install Platforma.bio here: https://platforma.bio
