Exporting TRB
Exporting clones: 100%
Filtered 1 of 289 clones (99.65%).
Filtered 2.0 of 2707.0 reads (99.93%).
Exporting TRA
Exporting clones: 33.3%
Filtered 3 of 289 clones (98.96%).
Filtered 3.0 of 2707.0 reads (99.89%).
Exporting IGH
Exporting clones: 0.9%
Filtered 110 of 289 clones (61.94%).
Filtered 944.0 of 2707.0 reads (65.13%).
Exporting IGL
Exporting clones: 1.3%
Filtered 77 of 289 clones (73.36%).
Filtered 1031.0 of 2707.0 reads (61.91%).
Exporting IGK
Exporting clones: 1%
Filtered 98 of 289 clones (66.09%).
Filtered 727.0 of 2707.0 reads (73.14%).
