WARNING: sun.reflect.Reflection.getCallerClass is not supported. This will impact performance.

>>>>>>>>>>>>>>>>>>>>>>> mixcr align <<<<<<<<<<<<<<<<<<<<<<<
Running:
mixcr align --report /projects/rpci/songyao/pnfioric/arc_project/airr_calculation/tcr_quant/results/mixcr_RS-04378769.align.report.txt --json-report /projects/rpci/songyao/pnfioric/arc_project/airr_calculation/tcr_quant/results/mixcr_RS-04378769.align.report.json --threads 12 --preset rna-seq --save-output-file-names /projects/rpci/songyao/pnfioric/arc_project/airr_calculation/tcr_quant/results/mixcr_RS-04378769.align.list.tsv --species hsa /projects/rpci/songyao/pnfioric/arc_project/airr_calculation/fastq_files/RS-04378769/RS-04378769_138_RS-04066125_S162_R1_001.fastq.gz /projects/rpci/songyao/pnfioric/arc_project/airr_calculation/fastq_files/RS-04378769/RS-04378769_138_RS-04066125_S162_R2_001.fastq.gz /projects/rpci/songyao/pnfioric/arc_project/airr_calculation/tcr_quant/results/mixcr_RS-04378769.alignments.vdjca
Alignment: 0%
Alignment: 3.8%  ETA: 00:50:04
Alignment: 7.7%  ETA: 00:47:40
Alignment: 11.5%  ETA: 00:46:26
Alignment: 15.4%  ETA: 00:43:20
Alignment: 19.3%  ETA: 00:41:20
Alignment: 23.2%  ETA: 00:39:40
Alignment: 27%  ETA: 00:37:59
Alignment: 30.9%  ETA: 00:35:41
Alignment: 34.7%  ETA: 00:34:16
Alignment: 38.6%  ETA: 00:31:59
Alignment: 42.4%  ETA: 00:29:59
Alignment: 46.3%  ETA: 00:27:59
Alignment: 50.1%  ETA: 00:25:59
Alignment: 54%  ETA: 00:23:46
Alignment: 57.8%  ETA: 00:21:57
Alignment: 61.6%  ETA: 00:20:08
Alignment: 65.5%  ETA: 00:17:58
Alignment: 69.3%  ETA: 00:15:50
Alignment: 73.2%  ETA: 00:13:50
Alignment: 77%  ETA: 00:12:17
Alignment: 80.8%  ETA: 00:09:59
Alignment: 84.6%  ETA: 00:08:04
Alignment: 88.5%  ETA: 00:05:56
Alignment: 92.3%  ETA: 00:03:59
Alignment: 96.2%  ETA: 00:01:55
====================== report: align ======================
Analysis time: 52.03m
Total sequencing reads: 66242073
Successfully aligned reads: 2819 (0%)
Coverage (percent of successfully aligned):
  CDR3: 120 (4.26%)
  FR3_TO_FR4: 0 (0%)
  CDR2_TO_FR4: 0 (0%)
  FR2_TO_FR4: 0 (0%)
  CDR1_TO_FR4: 0 (0%)
  VDJRegion: 0 (0%)
Alignment failed: no hits (not TCR/IG?): 63767882 (96.26%)
Alignment failed: no CDR3 parts: 35427 (0.05%)
Alignment failed: low total score: 2435945 (3.68%)
Overlapped: 58910778 (88.93%)
Overlapped and aligned: 2004 (0%)
Overlapped and not aligned: 58908774 (88.93%)
Alignment-aided overlaps, percent of overlapped and aligned: 0 (0%)
No CDR3 parts alignments, percent of successfully aligned: 334 (11.85%)
Partial aligned reads, percent of successfully aligned: 2365 (83.89%)
Realigned with forced non-floating bound: 14662590 (22.13%)
Realigned with forced non-floating right bound in left read: 759 (0%)
Realigned with forced non-floating left bound in right read: 759 (0%)
TRA chains: 924 (32.78%)
TRA non-functional: 0 (0%)
TRB chains: 354 (12.56%)
TRB non-functional: 0 (0%)
TRD chains: 47 (1.67%)
TRD non-functional: 0 (0%)
IGH chains: 354 (12.56%)
IGH non-functional: 0 (0%)
TRAD chains: 31 (1.1%)
TRAD non-functional: 0 (0%)
IGK chains: 873 (30.97%)
IGK non-functional: 1 (0.11%)
IGL chains: 236 (8.37%)
IGL non-functional: 0 (0%)
Trimming report:
  R1 reads trimmed left: 1725494 (2.6%)
  R1 reads trimmed right: 1761059 (2.66%)
  Average R1 nucleotides trimmed left: 0.442800303064187
  Average R1 nucleotides trimmed right: 0.47141619496116915
  R2 reads trimmed left: 1690865 (2.55%)
  R2 reads trimmed right: 1724987 (2.6%)
  Average R2 nucleotides trimmed left: 0.4337829826068396
  Average R2 nucleotides trimmed right: 0.4617069728479059

>>>>>>>>>>>>>>>>>> mixcr assemblePartial <<<<<<<<<<<<<<<<<<
Running:
mixcr assemblePartial --report /projects/rpci/songyao/pnfioric/arc_project/airr_calculation/tcr_quant/results/mixcr_RS-04378769.assemblePartial.report.txt --json-report /projects/rpci/songyao/pnfioric/arc_project/airr_calculation/tcr_quant/results/mixcr_RS-04378769.assemblePartial.report.json /projects/rpci/songyao/pnfioric/arc_project/airr_calculation/tcr_quant/results/mixcr_RS-04378769.alignments.vdjca /projects/rpci/songyao/pnfioric/arc_project/airr_calculation/tcr_quant/results/mixcr_RS-04378769.passembled.1.vdjca
Building index: 0%
Searching for overlaps: 0%
================= report: assemblePartial =================
Analysis time: 309ms
Total alignments analysed: 2819
Number of output alignments: 2819 (100%)
Alignments already with CDR3 (no overlapping is performed): 188 (6.67%)
Successfully overlapped alignments: 0 (0%)
Left parts with too small N-region (failed to extract k-mer): 184 (6.53%)
Extracted k-mer diversity: 710
Dropped due to wildcard in k-mer: 0 (0%)
Dropped due to too short NRegion parts in overlap: 0 (0%)
Dropped overlaps with empty N region due to no complete NDN coverage: 0 (0%)
Number of left-side alignments: 920 (32.64%)
Number of right-side alignments: 1539 (54.59%)
Complex overlaps: 0 (0%)
Over-overlaps: 0 (0%)
Partial alignments written to output: 2631 (93.33%)

>>>>>>>>>>>>>>>>>> mixcr assemblePartial <<<<<<<<<<<<<<<<<<
Running:
mixcr assemblePartial --report /projects/rpci/songyao/pnfioric/arc_project/airr_calculation/tcr_quant/results/mixcr_RS-04378769.assemblePartial.report.txt --json-report /projects/rpci/songyao/pnfioric/arc_project/airr_calculation/tcr_quant/results/mixcr_RS-04378769.assemblePartial.report.json /projects/rpci/songyao/pnfioric/arc_project/airr_calculation/tcr_quant/results/mixcr_RS-04378769.passembled.1.vdjca /projects/rpci/songyao/pnfioric/arc_project/airr_calculation/tcr_quant/results/mixcr_RS-04378769.passembled.2.vdjca
Building index: 0%
Searching for overlaps: 0.2%
================= report: assemblePartial =================
Analysis time: 104ms
Total alignments analysed: 2819
Number of output alignments: 2819 (100%)
Alignments already with CDR3 (no overlapping is performed): 188 (6.67%)
Successfully overlapped alignments: 0 (0%)
Left parts with too small N-region (failed to extract k-mer): 184 (6.53%)
Extracted k-mer diversity: 710
Dropped due to wildcard in k-mer: 0 (0%)
Dropped due to too short NRegion parts in overlap: 0 (0%)
Dropped overlaps with empty N region due to no complete NDN coverage: 0 (0%)
Number of left-side alignments: 920 (32.64%)
Number of right-side alignments: 1539 (54.59%)
Complex overlaps: 0 (0%)
Over-overlaps: 0 (0%)
Partial alignments written to output: 2631 (93.33%)

>>>>>>>>>>>>>>>>>>>>>>> mixcr extend <<<<<<<<<<<<<<<<<<<<<<<
Running:
mixcr extend --report /projects/rpci/songyao/pnfioric/arc_project/airr_calculation/tcr_quant/results/mixcr_RS-04378769.extend.report.txt --json-report /projects/rpci/songyao/pnfioric/arc_project/airr_calculation/tcr_quant/results/mixcr_RS-04378769.extend.report.json --threads 12 /projects/rpci/songyao/pnfioric/arc_project/airr_calculation/tcr_quant/results/mixcr_RS-04378769.passembled.2.vdjca /projects/rpci/songyao/pnfioric/arc_project/airr_calculation/tcr_quant/results/mixcr_RS-04378769.extended.vdjca
Extending alignments: 0%
====================== report: extend ======================
Analysis time: 26ms
Extended alignments count: 0 (0%)
V extensions total: 0 (0%)
V extensions with merged targets: 0 (0%)
J extensions total: 0 (0%)
J extensions with merged targets: 0 (0%)
V+J extensions: 0 (0%)
Mean V extension length: NaN
Mean J extension length: NaN

>>>>>>>>>>>>>>>>>>>>>> mixcr assemble <<<<<<<<<<<<<<<<<<<<<<
Running:
mixcr assemble --report /projects/rpci/songyao/pnfioric/arc_project/airr_calculation/tcr_quant/results/mixcr_RS-04378769.assemble.report.txt --json-report /projects/rpci/songyao/pnfioric/arc_project/airr_calculation/tcr_quant/results/mixcr_RS-04378769.assemble.report.json /projects/rpci/songyao/pnfioric/arc_project/airr_calculation/tcr_quant/results/mixcr_RS-04378769.extended.vdjca /projects/rpci/songyao/pnfioric/arc_project/airr_calculation/tcr_quant/results/mixcr_RS-04378769.clna
Initialization: progress unknown
Initialization: progress unknown
===================== report: assemble =====================
Analysis time: 371ms
Final clonotype count: 4
Reads used in clonotypes, percent of total: 119 (0%)
Average number of reads per clonotype: 29.75
Reads dropped due to the lack of a clone sequence, percent of total: 2699 (0%)
Reads dropped due to a too short clonal sequence, percent of total: 0 (0%)
Reads dropped due to low quality, percent of total: 0 (0%)
Reads dropped due to failed mapping, percent of total: 1 (0%)
Reads dropped with low quality clones, percent of total: 0 (0%)
Aligned reads processed: 120
Reads used in clonotypes before clustering, percent of total: 119 (0%)
Number of reads used as a core, percent of used: 117 (98.32%)
Mapped low quality reads, percent of used: 2 (1.68%)
Reads clustered in PCR error correction, percent of used: 0 (0%)
Reads pre-clustered due to the similar VJC-lists, percent of used: 0 (0%)
Clonotypes dropped as low quality: 0
Clonotypes eliminated by PCR error correction: 0
Clonotypes pre-clustered due to the similar VJC-lists: 0
Clones dropped in post filtering: 0 (0%)
Reads dropped in post filtering: 0.0 (0%)
Reads filtered by tag prefix: 0 (0%)
IGH chains: 1 (25%)
IGH non-functional: 0 (0%)
IGK chains: 3 (75%)
IGK non-functional: 0 (0%)

>>>>>>>>>>>>>>>>>> mixcr assembleContigs <<<<<<<<<<<<<<<<<<
Running:
mixcr assembleContigs --report /projects/rpci/songyao/pnfioric/arc_project/airr_calculation/tcr_quant/results/mixcr_RS-04378769.assembleContigs.report.txt --json-report /projects/rpci/songyao/pnfioric/arc_project/airr_calculation/tcr_quant/results/mixcr_RS-04378769.assembleContigs.report.json --threads 12 /projects/rpci/songyao/pnfioric/arc_project/airr_calculation/tcr_quant/results/mixcr_RS-04378769.clna /projects/rpci/songyao/pnfioric/arc_project/airr_calculation/tcr_quant/results/mixcr_RS-04378769.contigs.clns
Assembling contigs: 0%
================= report: assembleContigs =================
Analysis time: 136ms
Initial clonotype count: 4
Final clonotype count: 4 (100%)
Canceled assemblies: 0 (0%)
Clones filtered out after assemble: 0 (0%)
Number of premature termination assembly events, percent of number of initial clonotypes: 0.0 (0%)
Longest contig length: 101
Clustered variants: 0 (0%)
Reads in clustered variants: 0.0 (0%)
Reads in divided (newly created) clones: 0.0 (0%)
Clones with ambiguous letters in splitting region: 0 (0%)
Reads in clones with ambiguous letters in splitting region: 0.0 (0%)
Average number of ambiguous letters per clone with ambiguous letters in splitting region: NaN
Clones combined after clustering: 0 (0%)

>>>>>>>>>>>>>>>>>>>>>>>>> mixcr qc <<<<<<<<<<<<<<<<<<<<<<<<<
Running:
mixcr qc --print-to-stdout /projects/rpci/songyao/pnfioric/arc_project/airr_calculation/tcr_quant/results/mixcr_RS-04378769.contigs.clns /projects/rpci/songyao/pnfioric/arc_project/airr_calculation/tcr_quant/results/mixcr_RS-04378769.qc.txt /projects/rpci/songyao/pnfioric/arc_project/airr_calculation/tcr_quant/results/mixcr_RS-04378769.qc.json

  Alignments dropped due to low sequence quality: 0.0% [OK]

>>>>>>>>>>>>>>>>>>>> mixcr exportClones <<<<<<<<<<<<<<<<<<<<
Running:
mixcr exportClones /projects/rpci/songyao/pnfioric/arc_project/airr_calculation/tcr_quant/results/mixcr_RS-04378769.contigs.clns /projects/rpci/songyao/pnfioric/arc_project/airr_calculation/tcr_quant/results/mixcr_RS-04378769.clones.tsv
Analysis finished successfully.
===============================
Visualize results and simplify your immune data analysis with a convenient UI.
Explore and install Platforma.bio here: https://platforma.bio
