Exporting TRB
Exporting clones: 50%
Filtered 2 of 148 clones (98.65%).
Filtered 4.0 of 439.0 reads (99.09%).
Exporting TRA
Exporting clones: 20%
Filtered 5 of 148 clones (96.62%).
Filtered 9.0 of 439.0 reads (97.95%).
Exporting IGH
Exporting clones: 2.4%
Filtered 42 of 148 clones (71.62%).
Filtered 139.0 of 439.0 reads (68.34%).
Exporting TRG
Exporting clones: 33.3%
Filtered 3 of 148 clones (97.97%).
Filtered 3.0 of 439.0 reads (99.32%).
Exporting IGL
Exporting clones: 2.9%
Filtered 35 of 148 clones (76.35%).
Filtered 115.0 of 439.0 reads (73.8%).
Exporting IGK
Exporting clones: 1.6%
Filtered 61 of 148 clones (58.78%).
Filtered 169.0 of 439.0 reads (61.5%).
