Exporting TRB
Exporting clones: 20%
Filtered 5 of 499 clones (99%).
Filtered 6.0 of 949.0 reads (99.37%).
Exporting TRA
Exporting clones: 25%
Filtered 4 of 499 clones (99.2%).
Filtered 6.0 of 949.0 reads (99.37%).
Exporting IGH
Exporting clones: 0.9%
Filtered 109 of 499 clones (78.16%).
Filtered 212.0 of 949.0 reads (77.66%).
Exporting TRG
Exporting clones: 20%
Filtered 5 of 499 clones (99%).
Filtered 10.0 of 949.0 reads (98.95%).
Exporting IGL
Exporting clones: 2%
Filtered 102 of 499 clones (79.56%).
Filtered 191.0 of 949.0 reads (79.87%).
Exporting IGK
Exporting clones: 0.4%
Filtered 274 of 499 clones (45.09%).
Filtered 524.0 of 949.0 reads (44.78%).
