Exporting TRB
Exporting clones: 50%
Filtered 2 of 48 clones (95.83%).
Filtered 13.0 of 160.0 reads (91.88%).
Exporting TRA
Exporting clones: 100%
Filtered 1 of 48 clones (97.92%).
Filtered 3.0 of 160.0 reads (98.12%).
Exporting IGH
Exporting clones: 7.1%
Filtered 14 of 48 clones (70.83%).
Filtered 35.0 of 160.0 reads (78.12%).
Exporting IGL
Exporting clones: 11.1%
Filtered 9 of 48 clones (81.25%).
Filtered 36.0 of 160.0 reads (77.5%).
Exporting IGK
Exporting clones: 4.5%
Filtered 22 of 48 clones (54.17%).
Filtered 73.0 of 160.0 reads (54.38%).
