Exporting TRB
Exporting clones: 10%
Filtered 10 of 1031 clones (99.03%).
Filtered 11.0 of 2319.0 reads (99.53%).
Exporting TRA
Exporting clones: 25%
Filtered 4 of 1031 clones (99.61%).
Filtered 6.0 of 2319.0 reads (99.74%).
Exporting IGH
Exporting clones: 0.3%
Filtered 307 of 1031 clones (70.22%).
Filtered 590.0 of 2319.0 reads (74.56%).
Exporting TRG
Exporting clones: 100%
Filtered 3 of 1031 clones (99.71%).
Filtered 7.0 of 2319.0 reads (99.7%).
Exporting IGL
Exporting clones: 1%
Filtered 201 of 1031 clones (80.5%).
Filtered 593.0 of 2319.0 reads (74.43%).
Exporting IGK
Exporting clones: 0.4%
Filtered 506 of 1031 clones (50.92%).
Filtered 1112.0 of 2319.0 reads (52.05%).
