WARNING: sun.reflect.Reflection.getCallerClass is not supported. This will impact performance.

>>>>>>>>>>>>>>>>>>>>>>> mixcr align <<<<<<<<<<<<<<<<<<<<<<<
Running:
mixcr align --report /projects/rpci/songyao/pnfioric/arc_project/airr_calculation/tcr_quant/results/mixcr_RS-04396795.align.report.txt --json-report /projects/rpci/songyao/pnfioric/arc_project/airr_calculation/tcr_quant/results/mixcr_RS-04396795.align.report.json --threads 12 --preset rna-seq --save-output-file-names /projects/rpci/songyao/pnfioric/arc_project/airr_calculation/tcr_quant/results/mixcr_RS-04396795.align.list.tsv --species hsa /projects/rpci/songyao/pnfioric/arc_project/airr_calculation/fastq_files/RS-04396795/RS-04396795_OAKS10025686-B2_RS-03837507_S134_R1_001.fastq.gz /projects/rpci/songyao/pnfioric/arc_project/airr_calculation/fastq_files/RS-04396795/RS-04396795_OAKS10025686-B2_RS-03837507_S134_R2_001.fastq.gz /projects/rpci/songyao/pnfioric/arc_project/airr_calculation/tcr_quant/results/mixcr_RS-04396795.alignments.vdjca
Alignment: 0%
Alignment: 4.7%  ETA: 00:40:22
Alignment: 9.5%  ETA: 00:38:04
Alignment: 14.2%  ETA: 00:36:05
Alignment: 19.1%  ETA: 00:33:35
Alignment: 23.8%  ETA: 00:31:48
Alignment: 28.6%  ETA: 00:30:16
Alignment: 33.3%  ETA: 00:28:16
Alignment: 38%  ETA: 00:26:28
Alignment: 42.7%  ETA: 00:24:06
Alignment: 47.5%  ETA: 00:22:05
Alignment: 52.2%  ETA: 00:20:24
Alignment: 56.9%  ETA: 00:18:07
Alignment: 61.6%  ETA: 00:16:14
Alignment: 66.4%  ETA: 00:14:08
Alignment: 71.2%  ETA: 00:11:56
Alignment: 76%  ETA: 00:10:01
Alignment: 80.7%  ETA: 00:08:10
Alignment: 85.4%  ETA: 00:06:10
Alignment: 90.2%  ETA: 00:04:10
Alignment: 95%  ETA: 00:02:04
Alignment: 99.8%  ETA: 00:00:04
====================== report: align ======================
Analysis time: 42.12m
Total sequencing reads: 56902571
Successfully aligned reads: 5170 (0.01%)
Coverage (percent of successfully aligned):
  CDR3: 871 (16.85%)
  FR3_TO_FR4: 0 (0%)
  CDR2_TO_FR4: 0 (0%)
  FR2_TO_FR4: 0 (0%)
  CDR1_TO_FR4: 0 (0%)
  VDJRegion: 1 (0.02%)
Alignment failed: no hits (not TCR/IG?): 55463620 (97.47%)
Alignment failed: no CDR3 parts: 22790 (0.04%)
Alignment failed: low total score: 1410991 (2.48%)
Overlapped: 52233310 (91.79%)
Overlapped and aligned: 4926 (0.01%)
Overlapped and not aligned: 52228384 (91.79%)
Alignment-aided overlaps, percent of overlapped and aligned: 80 (1.62%)
No CDR3 parts alignments, percent of successfully aligned: 123 (2.38%)
Partial aligned reads, percent of successfully aligned: 4176 (80.77%)
V gene chimeras: 1 (0%)
Realigned with forced non-floating bound: 9338682 (16.41%)
Realigned with forced non-floating right bound in left read: 597 (0%)
Realigned with forced non-floating left bound in right read: 597 (0%)
TRA chains: 1170 (22.63%)
TRA non-functional: 2 (0.17%)
TRB chains: 288 (5.57%)
TRB non-functional: 0 (0%)
TRG chains: 54 (1.04%)
TRG non-functional: 7 (12.96%)
IGH chains: 1442 (27.89%)
IGH non-functional: 1 (0.07%)
TRAD chains: 21 (0.41%)
TRAD non-functional: 0 (0%)
IGK chains: 1060 (20.5%)
IGK non-functional: 20 (1.89%)
IGL chains: 1135 (21.95%)
IGL non-functional: 0 (0%)
Trimming report:
  R1 reads trimmed left: 72114 (0.13%)
  R1 reads trimmed right: 75898 (0.13%)
  Average R1 nucleotides trimmed left: 0.021539624281651525
  Average R1 nucleotides trimmed right: 0.024772061705261087
  R2 reads trimmed left: 73370 (0.13%)
  R2 reads trimmed right: 73846 (0.13%)
  Average R2 nucleotides trimmed left: 0.021339229118487457
  Average R2 nucleotides trimmed right: 0.022889967484948967

>>>>>>>>>>>>>>>>>> mixcr assemblePartial <<<<<<<<<<<<<<<<<<
Running:
mixcr assemblePartial --report /projects/rpci/songyao/pnfioric/arc_project/airr_calculation/tcr_quant/results/mixcr_RS-04396795.assemblePartial.report.txt --json-report /projects/rpci/songyao/pnfioric/arc_project/airr_calculation/tcr_quant/results/mixcr_RS-04396795.assemblePartial.report.json /projects/rpci/songyao/pnfioric/arc_project/airr_calculation/tcr_quant/results/mixcr_RS-04396795.alignments.vdjca /projects/rpci/songyao/pnfioric/arc_project/airr_calculation/tcr_quant/results/mixcr_RS-04396795.passembled.1.vdjca
Building index: 0%
Searching for overlaps: 0%
================= report: assemblePartial =================
Analysis time: 240ms
Total alignments analysed: 5170
Number of output alignments: 5165 (99.9%)
Alignments already with CDR3 (no overlapping is performed): 911 (17.62%)
Successfully overlapped alignments: 5 (0.1%)
Left parts with too small N-region (failed to extract k-mer): 735 (14.22%)
Extracted k-mer diversity: 3424
Dropped due to wildcard in k-mer: 0 (0%)
Dropped due to too short NRegion parts in overlap: 11 (0.21%)
Dropped overlaps with empty N region due to no complete NDN coverage: 0 (0%)
Number of left-side alignments: 548 (10.6%)
Number of right-side alignments: 2987 (57.78%)
Complex overlaps: 0 (0%)
Over-overlaps: 0 (0%)
Partial alignments written to output: 4249 (82.19%)

>>>>>>>>>>>>>>>>>> mixcr assemblePartial <<<<<<<<<<<<<<<<<<
Running:
mixcr assemblePartial --report /projects/rpci/songyao/pnfioric/arc_project/airr_calculation/tcr_quant/results/mixcr_RS-04396795.assemblePartial.report.txt --json-report /projects/rpci/songyao/pnfioric/arc_project/airr_calculation/tcr_quant/results/mixcr_RS-04396795.assemblePartial.report.json /projects/rpci/songyao/pnfioric/arc_project/airr_calculation/tcr_quant/results/mixcr_RS-04396795.passembled.1.vdjca /projects/rpci/songyao/pnfioric/arc_project/airr_calculation/tcr_quant/results/mixcr_RS-04396795.passembled.2.vdjca
Building index: 0%
Searching for overlaps: 0.1%
================= report: assemblePartial =================
Analysis time: 114ms
Total alignments analysed: 5165
Number of output alignments: 5165 (100%)
Alignments already with CDR3 (no overlapping is performed): 916 (17.73%)
Successfully overlapped alignments: 0 (0%)
Left parts with too small N-region (failed to extract k-mer): 735 (14.23%)
Extracted k-mer diversity: 3424
Dropped due to wildcard in k-mer: 0 (0%)
Dropped due to too short NRegion parts in overlap: 11 (0.21%)
Dropped overlaps with empty N region due to no complete NDN coverage: 0 (0%)
Number of left-side alignments: 543 (10.51%)
Number of right-side alignments: 2982 (57.73%)
Complex overlaps: 0 (0%)
Over-overlaps: 0 (0%)
Partial alignments written to output: 4249 (82.27%)

>>>>>>>>>>>>>>>>>>>>>>> mixcr extend <<<<<<<<<<<<<<<<<<<<<<<
Running:
mixcr extend --report /projects/rpci/songyao/pnfioric/arc_project/airr_calculation/tcr_quant/results/mixcr_RS-04396795.extend.report.txt --json-report /projects/rpci/songyao/pnfioric/arc_project/airr_calculation/tcr_quant/results/mixcr_RS-04396795.extend.report.json --threads 12 /projects/rpci/songyao/pnfioric/arc_project/airr_calculation/tcr_quant/results/mixcr_RS-04396795.passembled.2.vdjca /projects/rpci/songyao/pnfioric/arc_project/airr_calculation/tcr_quant/results/mixcr_RS-04396795.extended.vdjca
Extending alignments: 0%
====================== report: extend ======================
Analysis time: 74ms
Extended alignments count: 4 (0.08%)
V extensions total: 0 (0%)
V extensions with merged targets: 0 (0%)
J extensions total: 4 (0.08%)
J extensions with merged targets: 0 (0%)
V+J extensions: 0 (0%)
Mean V extension length: NaN
Mean J extension length: 11.0

>>>>>>>>>>>>>>>>>>>>>> mixcr assemble <<<<<<<<<<<<<<<<<<<<<<
Running:
mixcr assemble --report /projects/rpci/songyao/pnfioric/arc_project/airr_calculation/tcr_quant/results/mixcr_RS-04396795.assemble.report.txt --json-report /projects/rpci/songyao/pnfioric/arc_project/airr_calculation/tcr_quant/results/mixcr_RS-04396795.assemble.report.json /projects/rpci/songyao/pnfioric/arc_project/airr_calculation/tcr_quant/results/mixcr_RS-04396795.extended.vdjca /projects/rpci/songyao/pnfioric/arc_project/airr_calculation/tcr_quant/results/mixcr_RS-04396795.clna
Initialization: progress unknown
Initialization: progress unknown
===================== report: assemble =====================
Analysis time: 769ms
Final clonotype count: 355
Reads used in clonotypes, percent of total: 862 (0%)
Average number of reads per clonotype: 2.43
Reads dropped due to the lack of a clone sequence, percent of total: 4285 (0.01%)
Reads dropped due to a too short clonal sequence, percent of total: 0 (0%)
Reads dropped due to low quality, percent of total: 0 (0%)
Reads dropped due to failed mapping, percent of total: 23 (0%)
Reads dropped with low quality clones, percent of total: 0 (0%)
Aligned reads processed: 885
Reads used in clonotypes before clustering, percent of total: 862 (0%)
Number of reads used as a core, percent of used: 856 (99.3%)
Mapped low quality reads, percent of used: 6 (0.7%)
Reads clustered in PCR error correction, percent of used: 0 (0%)
Reads pre-clustered due to the similar VJC-lists, percent of used: 0 (0%)
Clonotypes dropped as low quality: 0
Clonotypes eliminated by PCR error correction: 0
Clonotypes pre-clustered due to the similar VJC-lists: 0
Clones dropped in post filtering: 0 (0%)
Reads dropped in post filtering: 0.0 (0%)
Reads filtered by tag prefix: 0 (0%)
TRA chains: 10 (2.82%)
TRA non-functional: 2 (20%)
TRB chains: 3 (0.85%)
TRB non-functional: 0 (0%)
TRG chains: 5 (1.41%)
TRG non-functional: 4 (80%)
IGH chains: 88 (24.79%)
IGH non-functional: 0 (0%)
IGK chains: 182 (51.27%)
IGK non-functional: 8 (4.4%)
IGL chains: 67 (18.87%)
IGL non-functional: 0 (0%)

>>>>>>>>>>>>>>>>>> mixcr assembleContigs <<<<<<<<<<<<<<<<<<
Running:
mixcr assembleContigs --report /projects/rpci/songyao/pnfioric/arc_project/airr_calculation/tcr_quant/results/mixcr_RS-04396795.assembleContigs.report.txt --json-report /projects/rpci/songyao/pnfioric/arc_project/airr_calculation/tcr_quant/results/mixcr_RS-04396795.assembleContigs.report.json --threads 12 /projects/rpci/songyao/pnfioric/arc_project/airr_calculation/tcr_quant/results/mixcr_RS-04396795.clna /projects/rpci/songyao/pnfioric/arc_project/airr_calculation/tcr_quant/results/mixcr_RS-04396795.contigs.clns
Assembling contigs: 0%
================= report: assembleContigs =================
Analysis time: 379ms
Initial clonotype count: 355
Final clonotype count: 355 (100%)
Canceled assemblies: 0 (0%)
Clones filtered out after assemble: 0 (0%)
Number of premature termination assembly events, percent of number of initial clonotypes: 0.0 (0%)
Longest contig length: 291
Clustered variants: 0 (0%)
Reads in clustered variants: 0.0 (0%)
Reads in divided (newly created) clones: 0.0 (0%)
Clones with ambiguous letters in splitting region: 0 (0%)
Reads in clones with ambiguous letters in splitting region: 0.0 (0%)
Average number of ambiguous letters per clone with ambiguous letters in splitting region: NaN
Clones combined after clustering: 0 (0%)

>>>>>>>>>>>>>>>>>>>>>>>>> mixcr qc <<<<<<<<<<<<<<<<<<<<<<<<<
Running:
mixcr qc --print-to-stdout /projects/rpci/songyao/pnfioric/arc_project/airr_calculation/tcr_quant/results/mixcr_RS-04396795.contigs.clns /projects/rpci/songyao/pnfioric/arc_project/airr_calculation/tcr_quant/results/mixcr_RS-04396795.qc.txt /projects/rpci/songyao/pnfioric/arc_project/airr_calculation/tcr_quant/results/mixcr_RS-04396795.qc.json

  Alignments dropped due to low sequence quality: 0.0% [OK]

>>>>>>>>>>>>>>>>>>>> mixcr exportClones <<<<<<<<<<<<<<<<<<<<
Running:
mixcr exportClones /projects/rpci/songyao/pnfioric/arc_project/airr_calculation/tcr_quant/results/mixcr_RS-04396795.contigs.clns /projects/rpci/songyao/pnfioric/arc_project/airr_calculation/tcr_quant/results/mixcr_RS-04396795.clones.tsv
Analysis finished successfully.
===============================
Visualize results and simplify your immune data analysis with a convenient UI.
Explore and install Platforma.bio here: https://platforma.bio
