WARNING: sun.reflect.Reflection.getCallerClass is not supported. This will impact performance.

>>>>>>>>>>>>>>>>>>>>>>> mixcr align <<<<<<<<<<<<<<<<<<<<<<<
Running:
mixcr align --report /projects/rpci/songyao/pnfioric/arc_project/airr_calculation/tcr_quant/results/mixcr_RS-03702962.align.report.txt --json-report /projects/rpci/songyao/pnfioric/arc_project/airr_calculation/tcr_quant/results/mixcr_RS-03702962.align.report.json --threads 12 --preset rna-seq --save-output-file-names /projects/rpci/songyao/pnfioric/arc_project/airr_calculation/tcr_quant/results/mixcr_RS-03702962.align.list.tsv --species hsa /projects/rpci/songyao/pnfioric/arc_project/airr_calculation/fastq_files/RS-03702962/RS-04417161_RCHS07002277-B4_RS-03702962_S140_R1_001.fastq.gz /projects/rpci/songyao/pnfioric/arc_project/airr_calculation/fastq_files/RS-03702962/RS-04417161_RCHS07002277-B4_RS-03702962_S140_R2_001.fastq.gz /projects/rpci/songyao/pnfioric/arc_project/airr_calculation/tcr_quant/results/mixcr_RS-03702962.alignments.vdjca
Alignment: 0%
Alignment: 3.3%  ETA: 00:58:54
Alignment: 6.6%  ETA: 00:55:33
Alignment: 10%  ETA: 00:53:34
Alignment: 13.4%  ETA: 00:51:33
Alignment: 16.8%  ETA: 00:48:47
Alignment: 20.2%  ETA: 00:46:47
Alignment: 23.6%  ETA: 00:45:08
Alignment: 27%  ETA: 00:43:08
Alignment: 30.3%  ETA: 00:41:48
Alignment: 33.6%  ETA: 00:39:48
Alignment: 37%  ETA: 00:37:12
Alignment: 40.4%  ETA: 00:35:46
Alignment: 43.8%  ETA: 00:32:58
Alignment: 47.2%  ETA: 00:31:13
Alignment: 50.5%  ETA: 00:29:13
Alignment: 53.9%  ETA: 00:27:26
Alignment: 57.2%  ETA: 00:25:38
Alignment: 60.6%  ETA: 00:23:38
Alignment: 63.9%  ETA: 00:21:38
Alignment: 67.3%  ETA: 00:19:19
Alignment: 70.7%  ETA: 00:17:19
Alignment: 74.1%  ETA: 00:15:19
Alignment: 77.4%  ETA: 00:13:33
Alignment: 80.7%  ETA: 00:11:33
Alignment: 84.1%  ETA: 00:09:28
Alignment: 87.5%  ETA: 00:07:23
Alignment: 90.8%  ETA: 00:05:27
Alignment: 94.2%  ETA: 00:03:24
Alignment: 97.6%  ETA: 00:01:23
====================== report: align ======================
Analysis time: 59.41m
Total sequencing reads: 78673968
Successfully aligned reads: 1187 (0%)
Coverage (percent of successfully aligned):
  CDR3: 113 (9.52%)
  FR3_TO_FR4: 0 (0%)
  CDR2_TO_FR4: 0 (0%)
  FR2_TO_FR4: 0 (0%)
  CDR1_TO_FR4: 0 (0%)
  VDJRegion: 0 (0%)
Alignment failed: no hits (not TCR/IG?): 76971812 (97.84%)
Alignment failed: no CDR3 parts: 13675 (0.02%)
Alignment failed: low total score: 1687294 (2.14%)
Overlapped: 74776500 (95.05%)
Overlapped and aligned: 1099 (0%)
Overlapped and not aligned: 74775401 (95.04%)
Alignment-aided overlaps, percent of overlapped and aligned: 0 (0%)
Partial aligned reads, percent of successfully aligned: 1074 (90.48%)
Realigned with forced non-floating bound: 7794936 (9.91%)
Realigned with forced non-floating right bound in left read: 390 (0%)
Realigned with forced non-floating left bound in right read: 390 (0%)
TRA chains: 471 (39.68%)
TRA non-functional: 0 (0%)
TRB chains: 105 (8.85%)
TRB non-functional: 0 (0%)
TRG chains: 25 (2.11%)
TRG non-functional: 0 (0%)
IGH chains: 96 (8.09%)
IGH non-functional: 0 (0%)
TRAD chains: 27 (2.27%)
TRAD non-functional: 0 (0%)
IGK chains: 162 (13.65%)
IGK non-functional: 15 (9.26%)
IGL chains: 301 (25.36%)
IGL non-functional: 0 (0%)
Trimming report:
  R1 reads trimmed left: 1677192 (2.13%)
  R1 reads trimmed right: 1697664 (2.16%)
  Average R1 nucleotides trimmed left: 0.3624027454672173
  Average R1 nucleotides trimmed right: 0.38502067164071346
  R2 reads trimmed left: 1652501 (2.1%)
  R2 reads trimmed right: 1673446 (2.13%)
  Average R2 nucleotides trimmed left: 0.3569772151316939
  Average R2 nucleotides trimmed right: 0.379249385260446

>>>>>>>>>>>>>>>>>> mixcr assemblePartial <<<<<<<<<<<<<<<<<<
Running:
mixcr assemblePartial --report /projects/rpci/songyao/pnfioric/arc_project/airr_calculation/tcr_quant/results/mixcr_RS-03702962.assemblePartial.report.txt --json-report /projects/rpci/songyao/pnfioric/arc_project/airr_calculation/tcr_quant/results/mixcr_RS-03702962.assemblePartial.report.json /projects/rpci/songyao/pnfioric/arc_project/airr_calculation/tcr_quant/results/mixcr_RS-03702962.alignments.vdjca /projects/rpci/songyao/pnfioric/arc_project/airr_calculation/tcr_quant/results/mixcr_RS-03702962.passembled.1.vdjca
Building index: 0%
Searching for overlaps: 0.1%
================= report: assemblePartial =================
Analysis time: 228ms
Total alignments analysed: 1187
Number of output alignments: 1187 (100%)
Alignments already with CDR3 (no overlapping is performed): 120 (10.11%)
Successfully overlapped alignments: 0 (0%)
Left parts with too small N-region (failed to extract k-mer): 130 (10.95%)
Extracted k-mer diversity: 409
Dropped due to wildcard in k-mer: 0 (0%)
Dropped due to too short NRegion parts in overlap: 0 (0%)
Dropped overlaps with empty N region due to no complete NDN coverage: 0 (0%)
Number of left-side alignments: 378 (31.84%)
Number of right-side alignments: 559 (47.09%)
Complex overlaps: 0 (0%)
Over-overlaps: 0 (0%)
Partial alignments written to output: 1067 (89.89%)

>>>>>>>>>>>>>>>>>> mixcr assemblePartial <<<<<<<<<<<<<<<<<<
Running:
mixcr assemblePartial --report /projects/rpci/songyao/pnfioric/arc_project/airr_calculation/tcr_quant/results/mixcr_RS-03702962.assemblePartial.report.txt --json-report /projects/rpci/songyao/pnfioric/arc_project/airr_calculation/tcr_quant/results/mixcr_RS-03702962.assemblePartial.report.json /projects/rpci/songyao/pnfioric/arc_project/airr_calculation/tcr_quant/results/mixcr_RS-03702962.passembled.1.vdjca /projects/rpci/songyao/pnfioric/arc_project/airr_calculation/tcr_quant/results/mixcr_RS-03702962.passembled.2.vdjca
Building index: 0%
Searching for overlaps: 0%
================= report: assemblePartial =================
Analysis time: 104ms
Total alignments analysed: 1187
Number of output alignments: 1187 (100%)
Alignments already with CDR3 (no overlapping is performed): 120 (10.11%)
Successfully overlapped alignments: 0 (0%)
Left parts with too small N-region (failed to extract k-mer): 130 (10.95%)
Extracted k-mer diversity: 409
Dropped due to wildcard in k-mer: 0 (0%)
Dropped due to too short NRegion parts in overlap: 0 (0%)
Dropped overlaps with empty N region due to no complete NDN coverage: 0 (0%)
Number of left-side alignments: 378 (31.84%)
Number of right-side alignments: 559 (47.09%)
Complex overlaps: 0 (0%)
Over-overlaps: 0 (0%)
Partial alignments written to output: 1067 (89.89%)

>>>>>>>>>>>>>>>>>>>>>>> mixcr extend <<<<<<<<<<<<<<<<<<<<<<<
Running:
mixcr extend --report /projects/rpci/songyao/pnfioric/arc_project/airr_calculation/tcr_quant/results/mixcr_RS-03702962.extend.report.txt --json-report /projects/rpci/songyao/pnfioric/arc_project/airr_calculation/tcr_quant/results/mixcr_RS-03702962.extend.report.json --threads 12 /projects/rpci/songyao/pnfioric/arc_project/airr_calculation/tcr_quant/results/mixcr_RS-03702962.passembled.2.vdjca /projects/rpci/songyao/pnfioric/arc_project/airr_calculation/tcr_quant/results/mixcr_RS-03702962.extended.vdjca
Extending alignments: 0%
====================== report: extend ======================
Analysis time: 14ms
Extended alignments count: 0 (0%)
V extensions total: 0 (0%)
V extensions with merged targets: 0 (0%)
J extensions total: 0 (0%)
J extensions with merged targets: 0 (0%)
V+J extensions: 0 (0%)
Mean V extension length: NaN
Mean J extension length: NaN

>>>>>>>>>>>>>>>>>>>>>> mixcr assemble <<<<<<<<<<<<<<<<<<<<<<
Running:
mixcr assemble --report /projects/rpci/songyao/pnfioric/arc_project/airr_calculation/tcr_quant/results/mixcr_RS-03702962.assemble.report.txt --json-report /projects/rpci/songyao/pnfioric/arc_project/airr_calculation/tcr_quant/results/mixcr_RS-03702962.assemble.report.json /projects/rpci/songyao/pnfioric/arc_project/airr_calculation/tcr_quant/results/mixcr_RS-03702962.extended.vdjca /projects/rpci/songyao/pnfioric/arc_project/airr_calculation/tcr_quant/results/mixcr_RS-03702962.clna
Initialization: progress unknown
Initialization: progress unknown
===================== report: assemble =====================
Analysis time: 337ms
Final clonotype count: 13
Reads used in clonotypes, percent of total: 113 (0%)
Average number of reads per clonotype: 8.69
Reads dropped due to the lack of a clone sequence, percent of total: 1074 (0%)
Reads dropped due to a too short clonal sequence, percent of total: 0 (0%)
Reads dropped due to low quality, percent of total: 0 (0%)
Reads dropped due to failed mapping, percent of total: 0 (0%)
Reads dropped with low quality clones, percent of total: 0 (0%)
Aligned reads processed: 113
Reads used in clonotypes before clustering, percent of total: 113 (0%)
Number of reads used as a core, percent of used: 113 (100%)
Mapped low quality reads, percent of used: 0 (0%)
Reads clustered in PCR error correction, percent of used: 0 (0%)
Reads pre-clustered due to the similar VJC-lists, percent of used: 0 (0%)
Clonotypes dropped as low quality: 0
Clonotypes eliminated by PCR error correction: 0
Clonotypes pre-clustered due to the similar VJC-lists: 0
Clones dropped in post filtering: 0 (0%)
Reads dropped in post filtering: 0.0 (0%)
Reads filtered by tag prefix: 0 (0%)
TRB chains: 2 (15.38%)
TRB non-functional: 0 (0%)
IGH chains: 2 (15.38%)
IGH non-functional: 0 (0%)
IGK chains: 8 (61.54%)
IGK non-functional: 1 (12.5%)
IGL chains: 1 (7.69%)
IGL non-functional: 0 (0%)

>>>>>>>>>>>>>>>>>> mixcr assembleContigs <<<<<<<<<<<<<<<<<<
Running:
mixcr assembleContigs --report /projects/rpci/songyao/pnfioric/arc_project/airr_calculation/tcr_quant/results/mixcr_RS-03702962.assembleContigs.report.txt --json-report /projects/rpci/songyao/pnfioric/arc_project/airr_calculation/tcr_quant/results/mixcr_RS-03702962.assembleContigs.report.json --threads 12 /projects/rpci/songyao/pnfioric/arc_project/airr_calculation/tcr_quant/results/mixcr_RS-03702962.clna /projects/rpci/songyao/pnfioric/arc_project/airr_calculation/tcr_quant/results/mixcr_RS-03702962.contigs.clns
Assembling contigs: 0%
================= report: assembleContigs =================
Analysis time: 140ms
Initial clonotype count: 13
Final clonotype count: 13 (100%)
Canceled assemblies: 0 (0%)
Clones filtered out after assemble: 0 (0%)
Number of premature termination assembly events, percent of number of initial clonotypes: 0.0 (0%)
Longest contig length: 156
Clustered variants: 0 (0%)
Reads in clustered variants: 0.0 (0%)
Reads in divided (newly created) clones: 0.0 (0%)
Clones with ambiguous letters in splitting region: 0 (0%)
Reads in clones with ambiguous letters in splitting region: 0.0 (0%)
Average number of ambiguous letters per clone with ambiguous letters in splitting region: NaN
Clones combined after clustering: 0 (0%)

>>>>>>>>>>>>>>>>>>>>>>>>> mixcr qc <<<<<<<<<<<<<<<<<<<<<<<<<
Running:
mixcr qc --print-to-stdout /projects/rpci/songyao/pnfioric/arc_project/airr_calculation/tcr_quant/results/mixcr_RS-03702962.contigs.clns /projects/rpci/songyao/pnfioric/arc_project/airr_calculation/tcr_quant/results/mixcr_RS-03702962.qc.txt /projects/rpci/songyao/pnfioric/arc_project/airr_calculation/tcr_quant/results/mixcr_RS-03702962.qc.json

  Alignments dropped due to low sequence quality: 0.0% [OK]

>>>>>>>>>>>>>>>>>>>> mixcr exportClones <<<<<<<<<<<<<<<<<<<<
Running:
mixcr exportClones /projects/rpci/songyao/pnfioric/arc_project/airr_calculation/tcr_quant/results/mixcr_RS-03702962.contigs.clns /projects/rpci/songyao/pnfioric/arc_project/airr_calculation/tcr_quant/results/mixcr_RS-03702962.clones.tsv
Analysis finished successfully.
===============================
Visualize results and simplify your immune data analysis with a convenient UI.
Explore and install Platforma.bio here: https://platforma.bio
