WARNING: sun.reflect.Reflection.getCallerClass is not supported. This will impact performance.

>>>>>>>>>>>>>>>>>>>>>>> mixcr align <<<<<<<<<<<<<<<<<<<<<<<
Running:
mixcr align --report /projects/rpci/songyao/pnfioric/arc_project/airr_calculation/tcr_quant/results/mixcr_RS-03840952.align.report.txt --json-report /projects/rpci/songyao/pnfioric/arc_project/airr_calculation/tcr_quant/results/mixcr_RS-03840952.align.report.json --threads 12 --preset rna-seq --save-output-file-names /projects/rpci/songyao/pnfioric/arc_project/airr_calculation/tcr_quant/results/mixcr_RS-03840952.align.list.tsv --species hsa /projects/rpci/songyao/pnfioric/arc_project/airr_calculation/fastq_files/RS-03840952/RS-04417026_SACS11015072-C2_RS-03840952_S35_R1_001.fastq.gz /projects/rpci/songyao/pnfioric/arc_project/airr_calculation/fastq_files/RS-03840952/RS-04417026_SACS11015072-C2_RS-03840952_S35_R2_001.fastq.gz /projects/rpci/songyao/pnfioric/arc_project/airr_calculation/tcr_quant/results/mixcr_RS-03840952.alignments.vdjca
Alignment: 0%
Alignment: 4.5%  ETA: 00:42:44
Alignment: 9%  ETA: 00:40:13
Alignment: 13.5%  ETA: 00:38:13
Alignment: 18.1%  ETA: 00:35:32
Alignment: 22.8%  ETA: 00:33:07
Alignment: 27.3%  ETA: 00:32:19
Alignment: 31.9%  ETA: 00:29:44
Alignment: 36.3%  ETA: 00:28:28
Alignment: 41%  ETA: 00:25:37
Alignment: 45.6%  ETA: 00:23:37
Alignment: 50.1%  ETA: 00:21:46
Alignment: 54.7%  ETA: 00:20:02
Alignment: 59.2%  ETA: 00:18:09
Alignment: 63.7%  ETA: 00:15:56
Alignment: 68.3%  ETA: 00:13:44
Alignment: 72.9%  ETA: 00:11:44
Alignment: 77.5%  ETA: 00:09:48
Alignment: 82%  ETA: 00:07:56
Alignment: 86.6%  ETA: 00:05:50
Alignment: 91.2%  ETA: 00:03:50
Alignment: 95.8%  ETA: 00:01:49
====================== report: align ======================
Analysis time: 43.83m
Total sequencing reads: 69865910
Successfully aligned reads: 11211 (0.02%)
Coverage (percent of successfully aligned):
  CDR3: 1294 (11.54%)
  FR3_TO_FR4: 6 (0.05%)
  CDR2_TO_FR4: 5 (0.04%)
  FR2_TO_FR4: 0 (0%)
  CDR1_TO_FR4: 0 (0%)
  VDJRegion: 0 (0%)
Alignment failed: no hits (not TCR/IG?): 67729345 (96.94%)
Alignment failed: no CDR3 parts: 49230 (0.07%)
Alignment failed: low total score: 2076124 (2.97%)
Overlapped: 55604330 (79.59%)
Overlapped and aligned: 7337 (0.01%)
Overlapped and not aligned: 55596993 (79.58%)
Alignment-aided overlaps, percent of overlapped and aligned: 278 (3.79%)
No CDR3 parts alignments, percent of successfully aligned: 301 (2.68%)
Partial aligned reads, percent of successfully aligned: 9616 (85.77%)
V gene chimeras: 98 (0%)
J gene chimeras: 120 (0%)
Paired-end alignment conflicts eliminated: 1 (0%)
Realigned with forced non-floating bound: 28523716 (40.83%)
Realigned with forced non-floating right bound in left read: 3125 (0%)
Realigned with forced non-floating left bound in right read: 3125 (0%)
TRA chains: 850 (7.58%)
TRA non-functional: 0 (0%)
TRB chains: 877 (7.82%)
TRB non-functional: 0 (0%)
TRD chains: 45 (0.4%)
TRD non-functional: 0 (0%)
TRG chains: 103 (0.92%)
TRG non-functional: 3 (2.91%)
IGH chains: 4693 (41.86%)
IGH non-functional: 0 (0%)
TRAD chains: 332 (2.96%)
TRAD non-functional: 0 (0%)
IGK chains: 2130 (19%)
IGK non-functional: 22 (1.03%)
IGL chains: 2181 (19.45%)
IGL non-functional: 0 (0%)
Trimming report:
  R1 reads trimmed left: 175789 (0.25%)
  R1 reads trimmed right: 179437 (0.26%)
  Average R1 nucleotides trimmed left: 0.04276677996464943
  Average R1 nucleotides trimmed right: 0.045551213746446585
  R2 reads trimmed left: 173621 (0.25%)
  R2 reads trimmed right: 177906 (0.25%)
  Average R2 nucleotides trimmed left: 0.04217121053744237
  Average R2 nucleotides trimmed right: 0.04489429823500474

>>>>>>>>>>>>>>>>>> mixcr assemblePartial <<<<<<<<<<<<<<<<<<
Running:
mixcr assemblePartial --report /projects/rpci/songyao/pnfioric/arc_project/airr_calculation/tcr_quant/results/mixcr_RS-03840952.assemblePartial.report.txt --json-report /projects/rpci/songyao/pnfioric/arc_project/airr_calculation/tcr_quant/results/mixcr_RS-03840952.assemblePartial.report.json /projects/rpci/songyao/pnfioric/arc_project/airr_calculation/tcr_quant/results/mixcr_RS-03840952.alignments.vdjca /projects/rpci/songyao/pnfioric/arc_project/airr_calculation/tcr_quant/results/mixcr_RS-03840952.passembled.1.vdjca
Building index: 0%
Searching for overlaps: 0%
================= report: assemblePartial =================
Analysis time: 453ms
Total alignments analysed: 11211
Number of output alignments: 11196 (99.87%)
Alignments already with CDR3 (no overlapping is performed): 1354 (12.08%)
Successfully overlapped alignments: 15 (0.13%)
Left parts with too small N-region (failed to extract k-mer): 2010 (17.93%)
Extracted k-mer diversity: 11940
Dropped due to wildcard in k-mer: 0 (0%)
Dropped due to too short NRegion parts in overlap: 10 (0.09%)
Dropped overlaps with empty N region due to no complete NDN coverage: 0 (0%)
Number of left-side alignments: 4011 (35.78%)
Number of right-side alignments: 3920 (34.97%)
Complex overlaps: 0 (0%)
Over-overlaps: 0 (0%)
Partial alignments written to output: 9827 (87.65%)

>>>>>>>>>>>>>>>>>> mixcr assemblePartial <<<<<<<<<<<<<<<<<<
Running:
mixcr assemblePartial --report /projects/rpci/songyao/pnfioric/arc_project/airr_calculation/tcr_quant/results/mixcr_RS-03840952.assemblePartial.report.txt --json-report /projects/rpci/songyao/pnfioric/arc_project/airr_calculation/tcr_quant/results/mixcr_RS-03840952.assemblePartial.report.json /projects/rpci/songyao/pnfioric/arc_project/airr_calculation/tcr_quant/results/mixcr_RS-03840952.passembled.1.vdjca /projects/rpci/songyao/pnfioric/arc_project/airr_calculation/tcr_quant/results/mixcr_RS-03840952.passembled.2.vdjca
Building index: 0%
Searching for overlaps: 0%
================= report: assemblePartial =================
Analysis time: 183ms
Total alignments analysed: 11196
Number of output alignments: 11196 (100%)
Alignments already with CDR3 (no overlapping is performed): 1369 (12.23%)
Successfully overlapped alignments: 0 (0%)
Left parts with too small N-region (failed to extract k-mer): 2010 (17.95%)
Extracted k-mer diversity: 11928
Dropped due to wildcard in k-mer: 0 (0%)
Dropped due to too short NRegion parts in overlap: 10 (0.09%)
Dropped overlaps with empty N region due to no complete NDN coverage: 0 (0%)
Number of left-side alignments: 3996 (35.69%)
Number of right-side alignments: 3905 (34.88%)
Complex overlaps: 0 (0%)
Over-overlaps: 0 (0%)
Partial alignments written to output: 9827 (87.77%)

>>>>>>>>>>>>>>>>>>>>>>> mixcr extend <<<<<<<<<<<<<<<<<<<<<<<
Running:
mixcr extend --report /projects/rpci/songyao/pnfioric/arc_project/airr_calculation/tcr_quant/results/mixcr_RS-03840952.extend.report.txt --json-report /projects/rpci/songyao/pnfioric/arc_project/airr_calculation/tcr_quant/results/mixcr_RS-03840952.extend.report.json --threads 12 /projects/rpci/songyao/pnfioric/arc_project/airr_calculation/tcr_quant/results/mixcr_RS-03840952.passembled.2.vdjca /projects/rpci/songyao/pnfioric/arc_project/airr_calculation/tcr_quant/results/mixcr_RS-03840952.extended.vdjca
Extending alignments: 0%
====================== report: extend ======================
Analysis time: 136ms
Extended alignments count: 0 (0%)
V extensions total: 0 (0%)
V extensions with merged targets: 0 (0%)
J extensions total: 0 (0%)
J extensions with merged targets: 0 (0%)
V+J extensions: 0 (0%)
Mean V extension length: NaN
Mean J extension length: NaN

>>>>>>>>>>>>>>>>>>>>>> mixcr assemble <<<<<<<<<<<<<<<<<<<<<<
Running:
mixcr assemble --report /projects/rpci/songyao/pnfioric/arc_project/airr_calculation/tcr_quant/results/mixcr_RS-03840952.assemble.report.txt --json-report /projects/rpci/songyao/pnfioric/arc_project/airr_calculation/tcr_quant/results/mixcr_RS-03840952.assemble.report.json /projects/rpci/songyao/pnfioric/arc_project/airr_calculation/tcr_quant/results/mixcr_RS-03840952.extended.vdjca /projects/rpci/songyao/pnfioric/arc_project/airr_calculation/tcr_quant/results/mixcr_RS-03840952.clna
Initialization: progress unknown
Initialization: progress unknown
===================== report: assemble =====================
Analysis time: 697ms
Final clonotype count: 315
Reads used in clonotypes, percent of total: 1318 (0%)
Average number of reads per clonotype: 4.18
Reads dropped due to the lack of a clone sequence, percent of total: 9887 (0.01%)
Reads dropped due to a too short clonal sequence, percent of total: 0 (0%)
Reads dropped due to low quality, percent of total: 0 (0%)
Reads dropped due to failed mapping, percent of total: 6 (0%)
Reads dropped with low quality clones, percent of total: 0 (0%)
Aligned reads processed: 1324
Reads used in clonotypes before clustering, percent of total: 1318 (0%)
Number of reads used as a core, percent of used: 1304 (98.94%)
Mapped low quality reads, percent of used: 14 (1.06%)
Reads clustered in PCR error correction, percent of used: 0 (0%)
Reads pre-clustered due to the similar VJC-lists, percent of used: 0 (0%)
Clonotypes dropped as low quality: 0
Clonotypes eliminated by PCR error correction: 0
Clonotypes pre-clustered due to the similar VJC-lists: 0
Clones dropped in post filtering: 0 (0%)
Reads dropped in post filtering: 0.0 (0%)
Reads filtered by tag prefix: 0 (0%)
TRA chains: 1 (0.32%)
TRA non-functional: 0 (0%)
TRB chains: 1 (0.32%)
TRB non-functional: 0 (0%)
TRG chains: 1 (0.32%)
TRG non-functional: 1 (100%)
IGH chains: 78 (24.76%)
IGH non-functional: 0 (0%)
IGK chains: 164 (52.06%)
IGK non-functional: 7 (4.27%)
IGL chains: 70 (22.22%)
IGL non-functional: 0 (0%)

>>>>>>>>>>>>>>>>>> mixcr assembleContigs <<<<<<<<<<<<<<<<<<
Running:
mixcr assembleContigs --report /projects/rpci/songyao/pnfioric/arc_project/airr_calculation/tcr_quant/results/mixcr_RS-03840952.assembleContigs.report.txt --json-report /projects/rpci/songyao/pnfioric/arc_project/airr_calculation/tcr_quant/results/mixcr_RS-03840952.assembleContigs.report.json --threads 12 /projects/rpci/songyao/pnfioric/arc_project/airr_calculation/tcr_quant/results/mixcr_RS-03840952.clna /projects/rpci/songyao/pnfioric/arc_project/airr_calculation/tcr_quant/results/mixcr_RS-03840952.contigs.clns
Assembling contigs: 0%
================= report: assembleContigs =================
Analysis time: 509ms
Initial clonotype count: 315
Final clonotype count: 315 (100%)
Canceled assemblies: 0 (0%)
Clones filtered out after assemble: 0 (0%)
Number of premature termination assembly events, percent of number of initial clonotypes: 0.0 (0%)
Longest contig length: 311
Clustered variants: 0 (0%)
Reads in clustered variants: 0.0 (0%)
Reads in divided (newly created) clones: 0.0 (0%)
Clones with ambiguous letters in splitting region: 0 (0%)
Reads in clones with ambiguous letters in splitting region: 0.0 (0%)
Average number of ambiguous letters per clone with ambiguous letters in splitting region: NaN
Clones combined after clustering: 0 (0%)

>>>>>>>>>>>>>>>>>>>>>>>>> mixcr qc <<<<<<<<<<<<<<<<<<<<<<<<<
Running:
mixcr qc --print-to-stdout /projects/rpci/songyao/pnfioric/arc_project/airr_calculation/tcr_quant/results/mixcr_RS-03840952.contigs.clns /projects/rpci/songyao/pnfioric/arc_project/airr_calculation/tcr_quant/results/mixcr_RS-03840952.qc.txt /projects/rpci/songyao/pnfioric/arc_project/airr_calculation/tcr_quant/results/mixcr_RS-03840952.qc.json

  Alignments dropped due to low sequence quality: 0.0% [OK]

>>>>>>>>>>>>>>>>>>>> mixcr exportClones <<<<<<<<<<<<<<<<<<<<
Running:
mixcr exportClones /projects/rpci/songyao/pnfioric/arc_project/airr_calculation/tcr_quant/results/mixcr_RS-03840952.contigs.clns /projects/rpci/songyao/pnfioric/arc_project/airr_calculation/tcr_quant/results/mixcr_RS-03840952.clones.tsv
Analysis finished successfully.
===============================
Visualize results and simplify your immune data analysis with a convenient UI.
Explore and install Platforma.bio here: https://platforma.bio
