Exporting TRB
Exporting clones: 33.3%
Filtered 3 of 409 clones (99.27%).
Filtered 10.0 of 1404.0 reads (99.29%).
Exporting TRA
Exporting clones: 16.7%
Filtered 6 of 409 clones (98.53%).
Filtered 16.0 of 1404.0 reads (98.86%).
Exporting IGH
Exporting clones: 0.9%
Filtered 112 of 409 clones (72.62%).
Filtered 279.0 of 1404.0 reads (80.13%).
Exporting TRG
Exporting clones: 100%
Filtered 1 of 409 clones (99.76%).
Filtered 2.0 of 1404.0 reads (99.86%).
Exporting IGL
Exporting clones: 1.4%
Filtered 74 of 409 clones (81.91%).
Filtered 229.0 of 1404.0 reads (83.69%).
Exporting IGK
Exporting clones: 0.5%
Filtered 213 of 409 clones (47.92%).
Filtered 868.0 of 1404.0 reads (38.18%).
