Exporting TRB
Exporting clones: 33.3%
Filtered 3 of 250 clones (98.8%).
Filtered 25.0 of 4877.0 reads (99.49%).
Exporting TRA
Exporting clones: 100%
Filtered 1 of 250 clones (99.6%).
Filtered 5.0 of 4877.0 reads (99.9%).
Exporting IGH
Exporting clones: 1.1%
Filtered 89 of 250 clones (64.4%).
Filtered 1614.0 of 4877.0 reads (66.91%).
Exporting IGL
Exporting clones: 1.5%
Filtered 66 of 250 clones (73.6%).
Filtered 1985.0 of 4877.0 reads (59.3%).
Exporting IGK
Exporting clones: 1.1%
Filtered 91 of 250 clones (63.6%).
Filtered 1248.0 of 4877.0 reads (74.41%).
