WARNING: sun.reflect.Reflection.getCallerClass is not supported. This will impact performance.

>>>>>>>>>>>>>>>>>>>>>>> mixcr align <<<<<<<<<<<<<<<<<<<<<<<
Running:
mixcr align --report /projects/rpci/songyao/pnfioric/arc_project/airr_calculation/tcr_quant/results/mixcr_RS-04378792.align.report.txt --json-report /projects/rpci/songyao/pnfioric/arc_project/airr_calculation/tcr_quant/results/mixcr_RS-04378792.align.report.json --threads 12 --preset rna-seq --save-output-file-names /projects/rpci/songyao/pnfioric/arc_project/airr_calculation/tcr_quant/results/mixcr_RS-04378792.align.list.tsv --species hsa /projects/rpci/songyao/pnfioric/arc_project/airr_calculation/fastq_files/RS-04378792/RS-04378792_SACS12001847-D2_RS-03845669_S185_R1_001.fastq.gz /projects/rpci/songyao/pnfioric/arc_project/airr_calculation/fastq_files/RS-04378792/RS-04378792_SACS12001847-D2_RS-03845669_S185_R2_001.fastq.gz /projects/rpci/songyao/pnfioric/arc_project/airr_calculation/tcr_quant/results/mixcr_RS-04378792.alignments.vdjca
Alignment: 0%
Alignment: 4%  ETA: 00:48:26
Alignment: 8%  ETA: 00:46:02
Alignment: 12%  ETA: 00:44:02
Alignment: 16%  ETA: 00:42:02
Alignment: 20%  ETA: 00:39:42
Alignment: 24%  ETA: 00:38:01
Alignment: 28%  ETA: 00:36:19
Alignment: 31.9%  ETA: 00:34:38
Alignment: 35.9%  ETA: 00:32:20
Alignment: 39.8%  ETA: 00:30:21
Alignment: 43.8%  ETA: 00:28:06
Alignment: 47.8%  ETA: 00:26:20
Alignment: 51.7%  ETA: 00:24:33
Alignment: 55.7%  ETA: 00:22:09
Alignment: 59.7%  ETA: 00:20:31
Alignment: 63.6%  ETA: 00:18:20
Alignment: 67.6%  ETA: 00:16:20
Alignment: 71.6%  ETA: 00:14:12
Alignment: 75.6%  ETA: 00:12:12
Alignment: 79.5%  ETA: 00:10:25
Alignment: 83.5%  ETA: 00:08:19
Alignment: 87.4%  ETA: 00:06:24
Alignment: 91.4%  ETA: 00:04:20
Alignment: 95.4%  ETA: 00:02:18
Alignment: 99.4%  ETA: 00:00:18
====================== report: align ======================
Analysis time: 50.35m
Total sequencing reads: 60684038
Successfully aligned reads: 1139 (0%)
Coverage (percent of successfully aligned):
  CDR3: 66 (5.79%)
  FR3_TO_FR4: 0 (0%)
  CDR2_TO_FR4: 0 (0%)
  FR2_TO_FR4: 0 (0%)
  CDR1_TO_FR4: 0 (0%)
  VDJRegion: 0 (0%)
Alignment failed: no hits (not TCR/IG?): 59273249 (97.68%)
Alignment failed: no CDR3 parts: 13904 (0.02%)
Alignment failed: low total score: 1395746 (2.3%)
Overlapped: 58468249 (96.35%)
Overlapped and aligned: 1109 (0%)
Overlapped and not aligned: 58467140 (96.35%)
Alignment-aided overlaps, percent of overlapped and aligned: 12 (1.08%)
No CDR3 parts alignments, percent of successfully aligned: 24 (2.11%)
Partial aligned reads, percent of successfully aligned: 1049 (92.1%)
Realigned with forced non-floating bound: 4431602 (7.3%)
Realigned with forced non-floating right bound in left read: 210 (0%)
Realigned with forced non-floating left bound in right read: 210 (0%)
TRA chains: 155 (13.61%)
TRA non-functional: 0 (0%)
TRB chains: 64 (5.62%)
TRB non-functional: 0 (0%)
TRD chains: 4 (0.35%)
TRD non-functional: 0 (0%)
IGH chains: 625 (54.87%)
IGH non-functional: 0 (0%)
TRAD chains: 27 (2.37%)
TRAD non-functional: 0 (0%)
IGK chains: 81 (7.11%)
IGK non-functional: 1 (1.23%)
IGL chains: 183 (16.07%)
IGL non-functional: 0 (0%)
Trimming report:
  R1 reads trimmed left: 107193 (0.18%)
  R1 reads trimmed right: 112793 (0.19%)
  Average R1 nucleotides trimmed left: 0.03000451288360211
  Average R1 nucleotides trimmed right: 0.03226932591400724
  R2 reads trimmed left: 105611 (0.17%)
  R2 reads trimmed right: 109909 (0.18%)
  Average R2 nucleotides trimmed left: 0.02943409929312878
  Average R2 nucleotides trimmed right: 0.0314841771076605

>>>>>>>>>>>>>>>>>> mixcr assemblePartial <<<<<<<<<<<<<<<<<<
Running:
mixcr assemblePartial --report /projects/rpci/songyao/pnfioric/arc_project/airr_calculation/tcr_quant/results/mixcr_RS-04378792.assemblePartial.report.txt --json-report /projects/rpci/songyao/pnfioric/arc_project/airr_calculation/tcr_quant/results/mixcr_RS-04378792.assemblePartial.report.json /projects/rpci/songyao/pnfioric/arc_project/airr_calculation/tcr_quant/results/mixcr_RS-04378792.alignments.vdjca /projects/rpci/songyao/pnfioric/arc_project/airr_calculation/tcr_quant/results/mixcr_RS-04378792.passembled.1.vdjca
Building index: 0%
Searching for overlaps: 0.1%
================= report: assemblePartial =================
Analysis time: 161ms
Total alignments analysed: 1139
Number of output alignments: 1139 (100%)
Alignments already with CDR3 (no overlapping is performed): 67 (5.88%)
Successfully overlapped alignments: 0 (0%)
Left parts with too small N-region (failed to extract k-mer): 531 (46.62%)
Extracted k-mer diversity: 309
Dropped due to wildcard in k-mer: 0 (0%)
Dropped due to too short NRegion parts in overlap: 0 (0%)
Dropped overlaps with empty N region due to no complete NDN coverage: 0 (0%)
Number of left-side alignments: 190 (16.68%)
Number of right-side alignments: 351 (30.82%)
Complex overlaps: 0 (0%)
Over-overlaps: 0 (0%)
Partial alignments written to output: 1072 (94.12%)

>>>>>>>>>>>>>>>>>> mixcr assemblePartial <<<<<<<<<<<<<<<<<<
Running:
mixcr assemblePartial --report /projects/rpci/songyao/pnfioric/arc_project/airr_calculation/tcr_quant/results/mixcr_RS-04378792.assemblePartial.report.txt --json-report /projects/rpci/songyao/pnfioric/arc_project/airr_calculation/tcr_quant/results/mixcr_RS-04378792.assemblePartial.report.json /projects/rpci/songyao/pnfioric/arc_project/airr_calculation/tcr_quant/results/mixcr_RS-04378792.passembled.1.vdjca /projects/rpci/songyao/pnfioric/arc_project/airr_calculation/tcr_quant/results/mixcr_RS-04378792.passembled.2.vdjca
Building index: 0%
Searching for overlaps: 0%
================= report: assemblePartial =================
Analysis time: 112ms
Total alignments analysed: 1139
Number of output alignments: 1139 (100%)
Alignments already with CDR3 (no overlapping is performed): 67 (5.88%)
Successfully overlapped alignments: 0 (0%)
Left parts with too small N-region (failed to extract k-mer): 531 (46.62%)
Extracted k-mer diversity: 309
Dropped due to wildcard in k-mer: 0 (0%)
Dropped due to too short NRegion parts in overlap: 0 (0%)
Dropped overlaps with empty N region due to no complete NDN coverage: 0 (0%)
Number of left-side alignments: 190 (16.68%)
Number of right-side alignments: 351 (30.82%)
Complex overlaps: 0 (0%)
Over-overlaps: 0 (0%)
Partial alignments written to output: 1072 (94.12%)

>>>>>>>>>>>>>>>>>>>>>>> mixcr extend <<<<<<<<<<<<<<<<<<<<<<<
Running:
mixcr extend --report /projects/rpci/songyao/pnfioric/arc_project/airr_calculation/tcr_quant/results/mixcr_RS-04378792.extend.report.txt --json-report /projects/rpci/songyao/pnfioric/arc_project/airr_calculation/tcr_quant/results/mixcr_RS-04378792.extend.report.json --threads 12 /projects/rpci/songyao/pnfioric/arc_project/airr_calculation/tcr_quant/results/mixcr_RS-04378792.passembled.2.vdjca /projects/rpci/songyao/pnfioric/arc_project/airr_calculation/tcr_quant/results/mixcr_RS-04378792.extended.vdjca
Extending alignments: 0%
====================== report: extend ======================
Analysis time: 15ms
Extended alignments count: 0 (0%)
V extensions total: 0 (0%)
V extensions with merged targets: 0 (0%)
J extensions total: 0 (0%)
J extensions with merged targets: 0 (0%)
V+J extensions: 0 (0%)
Mean V extension length: NaN
Mean J extension length: NaN

>>>>>>>>>>>>>>>>>>>>>> mixcr assemble <<<<<<<<<<<<<<<<<<<<<<
Running:
mixcr assemble --report /projects/rpci/songyao/pnfioric/arc_project/airr_calculation/tcr_quant/results/mixcr_RS-04378792.assemble.report.txt --json-report /projects/rpci/songyao/pnfioric/arc_project/airr_calculation/tcr_quant/results/mixcr_RS-04378792.assemble.report.json /projects/rpci/songyao/pnfioric/arc_project/airr_calculation/tcr_quant/results/mixcr_RS-04378792.extended.vdjca /projects/rpci/songyao/pnfioric/arc_project/airr_calculation/tcr_quant/results/mixcr_RS-04378792.clna
Initialization: progress unknown
Initialization: progress unknown
===================== report: assemble =====================
Analysis time: 310ms
Final clonotype count: 11
Reads used in clonotypes, percent of total: 65 (0%)
Average number of reads per clonotype: 5.91
Reads dropped due to the lack of a clone sequence, percent of total: 1073 (0%)
Reads dropped due to a too short clonal sequence, percent of total: 0 (0%)
Reads dropped due to low quality, percent of total: 0 (0%)
Reads dropped due to failed mapping, percent of total: 1 (0%)
Reads dropped with low quality clones, percent of total: 0 (0%)
Aligned reads processed: 66
Reads used in clonotypes before clustering, percent of total: 65 (0%)
Number of reads used as a core, percent of used: 65 (100%)
Mapped low quality reads, percent of used: 0 (0%)
Reads clustered in PCR error correction, percent of used: 0 (0%)
Reads pre-clustered due to the similar VJC-lists, percent of used: 0 (0%)
Clonotypes dropped as low quality: 0
Clonotypes eliminated by PCR error correction: 0
Clonotypes pre-clustered due to the similar VJC-lists: 0
Clones dropped in post filtering: 0 (0%)
Reads dropped in post filtering: 0.0 (0%)
Reads filtered by tag prefix: 0 (0%)
TRA chains: 1 (9.09%)
TRA non-functional: 0 (0%)
IGH chains: 3 (27.27%)
IGH non-functional: 0 (0%)
IGK chains: 5 (45.45%)
IGK non-functional: 0 (0%)
IGL chains: 2 (18.18%)
IGL non-functional: 0 (0%)

>>>>>>>>>>>>>>>>>> mixcr assembleContigs <<<<<<<<<<<<<<<<<<
Running:
mixcr assembleContigs --report /projects/rpci/songyao/pnfioric/arc_project/airr_calculation/tcr_quant/results/mixcr_RS-04378792.assembleContigs.report.txt --json-report /projects/rpci/songyao/pnfioric/arc_project/airr_calculation/tcr_quant/results/mixcr_RS-04378792.assembleContigs.report.json --threads 12 /projects/rpci/songyao/pnfioric/arc_project/airr_calculation/tcr_quant/results/mixcr_RS-04378792.clna /projects/rpci/songyao/pnfioric/arc_project/airr_calculation/tcr_quant/results/mixcr_RS-04378792.contigs.clns
Assembling contigs: 0%
================= report: assembleContigs =================
Analysis time: 113ms
Initial clonotype count: 11
Final clonotype count: 11 (100%)
Canceled assemblies: 0 (0%)
Clones filtered out after assemble: 0 (0%)
Number of premature termination assembly events, percent of number of initial clonotypes: 0.0 (0%)
Longest contig length: 190
Clustered variants: 0 (0%)
Reads in clustered variants: 0.0 (0%)
Reads in divided (newly created) clones: 0.0 (0%)
Clones with ambiguous letters in splitting region: 0 (0%)
Reads in clones with ambiguous letters in splitting region: 0.0 (0%)
Average number of ambiguous letters per clone with ambiguous letters in splitting region: NaN
Clones combined after clustering: 0 (0%)

>>>>>>>>>>>>>>>>>>>>>>>>> mixcr qc <<<<<<<<<<<<<<<<<<<<<<<<<
Running:
mixcr qc --print-to-stdout /projects/rpci/songyao/pnfioric/arc_project/airr_calculation/tcr_quant/results/mixcr_RS-04378792.contigs.clns /projects/rpci/songyao/pnfioric/arc_project/airr_calculation/tcr_quant/results/mixcr_RS-04378792.qc.txt /projects/rpci/songyao/pnfioric/arc_project/airr_calculation/tcr_quant/results/mixcr_RS-04378792.qc.json

  Alignments dropped due to low sequence quality: 0.0% [OK]

>>>>>>>>>>>>>>>>>>>> mixcr exportClones <<<<<<<<<<<<<<<<<<<<
Running:
mixcr exportClones /projects/rpci/songyao/pnfioric/arc_project/airr_calculation/tcr_quant/results/mixcr_RS-04378792.contigs.clns /projects/rpci/songyao/pnfioric/arc_project/airr_calculation/tcr_quant/results/mixcr_RS-04378792.clones.tsv
Analysis finished successfully.
===============================
Visualize results and simplify your immune data analysis with a convenient UI.
Explore and install Platforma.bio here: https://platforma.bio
