Exporting TRB
Exporting clones: 11.1%
Filtered 9 of 336 clones (97.32%).
Filtered 21.0 of 773.0 reads (97.28%).
Exporting TRA
Exporting clones: 100%
Filtered 1 of 336 clones (99.7%).
Filtered 1.0 of 773.0 reads (99.87%).
Exporting IGH
Exporting clones: 1.1%
Filtered 95 of 336 clones (71.73%).
Filtered 225.0 of 773.0 reads (70.89%).
Exporting TRG
Exporting clones: 100%
Filtered 1 of 336 clones (99.7%).
Filtered 3.0 of 773.0 reads (99.61%).
Exporting IGL
Exporting clones: 1.3%
Filtered 79 of 336 clones (76.49%).
Filtered 210.0 of 773.0 reads (72.83%).
Exporting IGK
Exporting clones: 0.7%
Filtered 151 of 336 clones (55.06%).
Filtered 313.0 of 773.0 reads (59.51%).
