Exporting TRB
Exporting clones: 14.3%
Filtered 7 of 349 clones (97.99%).
Filtered 11.0 of 717.0 reads (98.47%).
Exporting TRA
Exporting clones: 14.3%
Filtered 7 of 349 clones (97.99%).
Filtered 10.0 of 717.0 reads (98.61%).
Exporting IGH
Exporting clones: 1%
Filtered 97 of 349 clones (72.21%).
Filtered 183.0 of 717.0 reads (74.48%).
Exporting TRG
Exporting clones: 100%
Filtered 1 of 349 clones (99.71%).
Filtered 1.0 of 717.0 reads (99.86%).
Exporting IGL
Exporting clones: 1.7%
Filtered 59 of 349 clones (83.09%).
Filtered 108.0 of 717.0 reads (84.94%).
Exporting IGK
Exporting clones: 0.6%
Filtered 178 of 349 clones (49%).
Filtered 404.0 of 717.0 reads (43.65%).
