Exporting TRB
Exporting clones: 4.2%
Filtered 24 of 951 clones (97.48%).
Filtered 43.0 of 5495.0 reads (99.22%).
Exporting TRA
Exporting clones: 5.9%
Filtered 17 of 951 clones (98.21%).
Filtered 27.0 of 5495.0 reads (99.51%).
Exporting IGH
Exporting clones: 0.3%
Filtered 288 of 951 clones (69.72%).
Filtered 1287.0 of 5495.0 reads (76.58%).
Exporting TRG
Exporting clones: 50%
Filtered 2 of 951 clones (99.79%).
Filtered 2.0 of 5495.0 reads (99.96%).
Exporting IGL
Exporting clones: 2%
Filtered 205 of 951 clones (78.44%).
Filtered 839.0 of 5495.0 reads (84.73%).
Exporting IGK
Exporting clones: 0.5%
Filtered 415 of 951 clones (56.36%).
Filtered 3297.0 of 5495.0 reads (40%).
