Exporting TRB
Exporting clones: 12.5%
Filtered 8 of 892 clones (99.1%).
Filtered 26.0 of 10238.0 reads (99.75%).
Exporting TRA
Exporting clones: 10%
Filtered 10 of 892 clones (98.88%).
Filtered 32.0 of 10238.0 reads (99.69%).
Exporting IGH
Exporting clones: 0.4%
Filtered 259 of 892 clones (70.96%).
Filtered 2059.0 of 10238.0 reads (79.89%).
Exporting IGL
Exporting clones: 0.6%
Filtered 174 of 892 clones (80.49%).
Filtered 1736.0 of 10238.0 reads (83.04%).
Exporting IGK
Exporting clones: 0.2%
Filtered 441 of 892 clones (50.56%).
Filtered 6385.0 of 10238.0 reads (37.63%).
