WARNING: sun.reflect.Reflection.getCallerClass is not supported. This will impact performance.

>>>>>>>>>>>>>>>>>>>>>>> mixcr align <<<<<<<<<<<<<<<<<<<<<<<
Running:
mixcr align --report /projects/rpci/songyao/pnfioric/arc_project/airr_calculation/tcr_quant/results/mixcr_RS-04378786.align.report.txt --json-report /projects/rpci/songyao/pnfioric/arc_project/airr_calculation/tcr_quant/results/mixcr_RS-04378786.align.report.json --threads 12 --preset rna-seq --save-output-file-names /projects/rpci/songyao/pnfioric/arc_project/airr_calculation/tcr_quant/results/mixcr_RS-04378786.align.list.tsv --species hsa /projects/rpci/songyao/pnfioric/arc_project/airr_calculation/fastq_files/RS-04378786/RS-04378786_SCHS08022274-B7_RS-03862583_S179_R1_001.fastq.gz /projects/rpci/songyao/pnfioric/arc_project/airr_calculation/fastq_files/RS-04378786/RS-04378786_SCHS08022274-B7_RS-03862583_S179_R2_001.fastq.gz /projects/rpci/songyao/pnfioric/arc_project/airr_calculation/tcr_quant/results/mixcr_RS-04378786.alignments.vdjca
Alignment: 0%
Alignment: 4%  ETA: 00:48:08
Alignment: 8.1%  ETA: 00:44:37
Alignment: 12.2%  ETA: 00:42:58
Alignment: 16.3%  ETA: 00:40:37
Alignment: 20.4%  ETA: 00:38:37
Alignment: 24.6%  ETA: 00:36:19
Alignment: 28.6%  ETA: 00:35:12
Alignment: 32.7%  ETA: 00:33:12
Alignment: 36.8%  ETA: 00:30:55
Alignment: 40.9%  ETA: 00:28:27
Alignment: 45%  ETA: 00:26:53
Alignment: 49.1%  ETA: 00:24:54
Alignment: 53.2%  ETA: 00:22:42
Alignment: 57.4%  ETA: 00:20:42
Alignment: 61.4%  ETA: 00:19:02
Alignment: 65.5%  ETA: 00:16:44
Alignment: 69.7%  ETA: 00:14:44
Alignment: 73.8%  ETA: 00:12:44
Alignment: 77.8%  ETA: 00:10:56
Alignment: 81.9%  ETA: 00:08:56
Alignment: 85.9%  ETA: 00:06:56
Alignment: 90.1%  ETA: 00:04:49
Alignment: 94.2%  ETA: 00:02:49
Alignment: 98.3%  ETA: 00:00:49
====================== report: align ======================
Analysis time: 48.87m
Total sequencing reads: 59075445
Successfully aligned reads: 4725 (0.01%)
Coverage (percent of successfully aligned):
  CDR3: 1072 (22.69%)
  FR3_TO_FR4: 0 (0%)
  CDR2_TO_FR4: 0 (0%)
  FR2_TO_FR4: 0 (0%)
  CDR1_TO_FR4: 0 (0%)
  VDJRegion: 0 (0%)
Alignment failed: no hits (not TCR/IG?): 57815532 (97.87%)
Alignment failed: no CDR3 parts: 23658 (0.04%)
Alignment failed: low total score: 1231530 (2.08%)
Overlapped: 56541709 (95.71%)
Overlapped and aligned: 4670 (0.01%)
Overlapped and not aligned: 56537039 (95.7%)
Alignment-aided overlaps, percent of overlapped and aligned: 22 (0.47%)
No CDR3 parts alignments, percent of successfully aligned: 69 (1.46%)
Partial aligned reads, percent of successfully aligned: 3584 (75.85%)
Realigned with forced non-floating bound: 5067516 (8.58%)
Realigned with forced non-floating right bound in left read: 159 (0%)
Realigned with forced non-floating left bound in right read: 159 (0%)
TRA chains: 300 (6.35%)
TRA non-functional: 0 (0%)
TRB chains: 45 (0.95%)
TRB non-functional: 0 (0%)
IGH chains: 1857 (39.3%)
IGH non-functional: 2 (0.11%)
TRAD chains: 8 (0.17%)
TRAD non-functional: 0 (0%)
IGK chains: 1152 (24.38%)
IGK non-functional: 1 (0.09%)
IGL chains: 1363 (28.85%)
IGL non-functional: 0 (0%)
Trimming report:
  R1 reads trimmed left: 118917 (0.2%)
  R1 reads trimmed right: 121364 (0.21%)
  Average R1 nucleotides trimmed left: 0.034196898559122155
  Average R1 nucleotides trimmed right: 0.03650692770913533
  R2 reads trimmed left: 117302 (0.2%)
  R2 reads trimmed right: 118510 (0.2%)
  Average R2 nucleotides trimmed left: 0.03360397877663046
  Average R2 nucleotides trimmed right: 0.035709303586286996

>>>>>>>>>>>>>>>>>> mixcr assemblePartial <<<<<<<<<<<<<<<<<<
Running:
mixcr assemblePartial --report /projects/rpci/songyao/pnfioric/arc_project/airr_calculation/tcr_quant/results/mixcr_RS-04378786.assemblePartial.report.txt --json-report /projects/rpci/songyao/pnfioric/arc_project/airr_calculation/tcr_quant/results/mixcr_RS-04378786.assemblePartial.report.json /projects/rpci/songyao/pnfioric/arc_project/airr_calculation/tcr_quant/results/mixcr_RS-04378786.alignments.vdjca /projects/rpci/songyao/pnfioric/arc_project/airr_calculation/tcr_quant/results/mixcr_RS-04378786.passembled.1.vdjca
Building index: 0%
Searching for overlaps: 0.1%
================= report: assemblePartial =================
Analysis time: 402ms
Total alignments analysed: 4725
Number of output alignments: 4708 (99.64%)
Alignments already with CDR3 (no overlapping is performed): 1100 (23.28%)
Successfully overlapped alignments: 17 (0.36%)
Left parts with too small N-region (failed to extract k-mer): 944 (19.98%)
Extracted k-mer diversity: 1216
Dropped due to wildcard in k-mer: 0 (0%)
Dropped due to too short NRegion parts in overlap: 24 (0.51%)
Dropped overlaps with empty N region due to no complete NDN coverage: 0 (0%)
Number of left-side alignments: 711 (15.05%)
Number of right-side alignments: 1970 (41.69%)
Complex overlaps: 0 (0%)
Over-overlaps: 0 (0%)
Partial alignments written to output: 3591 (76%)

>>>>>>>>>>>>>>>>>> mixcr assemblePartial <<<<<<<<<<<<<<<<<<
Running:
mixcr assemblePartial --report /projects/rpci/songyao/pnfioric/arc_project/airr_calculation/tcr_quant/results/mixcr_RS-04378786.assemblePartial.report.txt --json-report /projects/rpci/songyao/pnfioric/arc_project/airr_calculation/tcr_quant/results/mixcr_RS-04378786.assemblePartial.report.json /projects/rpci/songyao/pnfioric/arc_project/airr_calculation/tcr_quant/results/mixcr_RS-04378786.passembled.1.vdjca /projects/rpci/songyao/pnfioric/arc_project/airr_calculation/tcr_quant/results/mixcr_RS-04378786.passembled.2.vdjca
Building index: 0%
Searching for overlaps: 0.1%
================= report: assemblePartial =================
Analysis time: 112ms
Total alignments analysed: 4708
Number of output alignments: 4708 (100%)
Alignments already with CDR3 (no overlapping is performed): 1117 (23.73%)
Successfully overlapped alignments: 0 (0%)
Left parts with too small N-region (failed to extract k-mer): 944 (20.05%)
Extracted k-mer diversity: 1207
Dropped due to wildcard in k-mer: 0 (0%)
Dropped due to too short NRegion parts in overlap: 24 (0.51%)
Dropped overlaps with empty N region due to no complete NDN coverage: 0 (0%)
Number of left-side alignments: 694 (14.74%)
Number of right-side alignments: 1953 (41.48%)
Complex overlaps: 0 (0%)
Over-overlaps: 0 (0%)
Partial alignments written to output: 3591 (76.27%)

>>>>>>>>>>>>>>>>>>>>>>> mixcr extend <<<<<<<<<<<<<<<<<<<<<<<
Running:
mixcr extend --report /projects/rpci/songyao/pnfioric/arc_project/airr_calculation/tcr_quant/results/mixcr_RS-04378786.extend.report.txt --json-report /projects/rpci/songyao/pnfioric/arc_project/airr_calculation/tcr_quant/results/mixcr_RS-04378786.extend.report.json --threads 12 /projects/rpci/songyao/pnfioric/arc_project/airr_calculation/tcr_quant/results/mixcr_RS-04378786.passembled.2.vdjca /projects/rpci/songyao/pnfioric/arc_project/airr_calculation/tcr_quant/results/mixcr_RS-04378786.extended.vdjca
Extending alignments: 0%
====================== report: extend ======================
Analysis time: 53ms
Extended alignments count: 0 (0%)
V extensions total: 0 (0%)
V extensions with merged targets: 0 (0%)
J extensions total: 0 (0%)
J extensions with merged targets: 0 (0%)
V+J extensions: 0 (0%)
Mean V extension length: NaN
Mean J extension length: NaN

>>>>>>>>>>>>>>>>>>>>>> mixcr assemble <<<<<<<<<<<<<<<<<<<<<<
Running:
mixcr assemble --report /projects/rpci/songyao/pnfioric/arc_project/airr_calculation/tcr_quant/results/mixcr_RS-04378786.assemble.report.txt --json-report /projects/rpci/songyao/pnfioric/arc_project/airr_calculation/tcr_quant/results/mixcr_RS-04378786.assemble.report.json /projects/rpci/songyao/pnfioric/arc_project/airr_calculation/tcr_quant/results/mixcr_RS-04378786.extended.vdjca /projects/rpci/songyao/pnfioric/arc_project/airr_calculation/tcr_quant/results/mixcr_RS-04378786.clna
Initialization: progress unknown
Initialization: progress unknown
===================== report: assemble =====================
Analysis time: 651ms
Final clonotype count: 110
Reads used in clonotypes, percent of total: 1090 (0%)
Average number of reads per clonotype: 9.91
Reads dropped due to the lack of a clone sequence, percent of total: 3619 (0.01%)
Reads dropped due to a too short clonal sequence, percent of total: 0 (0%)
Reads dropped due to low quality, percent of total: 0 (0%)
Reads dropped due to failed mapping, percent of total: 10 (0%)
Reads dropped with low quality clones, percent of total: 0 (0%)
Aligned reads processed: 1106
Reads used in clonotypes before clustering, percent of total: 1096 (0%)
Number of reads used as a core, percent of used: 1088 (99.27%)
Mapped low quality reads, percent of used: 8 (0.73%)
Reads clustered in PCR error correction, percent of used: 6 (0.55%)
Reads pre-clustered due to the similar VJC-lists, percent of used: 0 (0%)
Clonotypes dropped as low quality: 0
Clonotypes eliminated by PCR error correction: 6
Clonotypes pre-clustered due to the similar VJC-lists: 0
Clones dropped in post filtering: 0 (0%)
Reads dropped in post filtering: 0.0 (0%)
Reads filtered by tag prefix: 0 (0%)
TRB chains: 2 (1.82%)
TRB non-functional: 0 (0%)
IGH chains: 26 (23.64%)
IGH non-functional: 1 (3.85%)
IGK chains: 63 (57.27%)
IGK non-functional: 0 (0%)
IGL chains: 19 (17.27%)
IGL non-functional: 0 (0%)

>>>>>>>>>>>>>>>>>> mixcr assembleContigs <<<<<<<<<<<<<<<<<<
Running:
mixcr assembleContigs --report /projects/rpci/songyao/pnfioric/arc_project/airr_calculation/tcr_quant/results/mixcr_RS-04378786.assembleContigs.report.txt --json-report /projects/rpci/songyao/pnfioric/arc_project/airr_calculation/tcr_quant/results/mixcr_RS-04378786.assembleContigs.report.json --threads 12 /projects/rpci/songyao/pnfioric/arc_project/airr_calculation/tcr_quant/results/mixcr_RS-04378786.clna /projects/rpci/songyao/pnfioric/arc_project/airr_calculation/tcr_quant/results/mixcr_RS-04378786.contigs.clns
Assembling contigs: 0%
================= report: assembleContigs =================
Analysis time: 379ms
Initial clonotype count: 110
Final clonotype count: 110 (100%)
Canceled assemblies: 0 (0%)
Clones filtered out after assemble: 0 (0%)
Number of premature termination assembly events, percent of number of initial clonotypes: 0.0 (0%)
Longest contig length: 257
Clustered variants: 0 (0%)
Reads in clustered variants: 0.0 (0%)
Reads in divided (newly created) clones: 0.0 (0%)
Clones with ambiguous letters in splitting region: 0 (0%)
Reads in clones with ambiguous letters in splitting region: 0.0 (0%)
Average number of ambiguous letters per clone with ambiguous letters in splitting region: NaN
Clones combined after clustering: 0 (0%)

>>>>>>>>>>>>>>>>>>>>>>>>> mixcr qc <<<<<<<<<<<<<<<<<<<<<<<<<
Running:
mixcr qc --print-to-stdout /projects/rpci/songyao/pnfioric/arc_project/airr_calculation/tcr_quant/results/mixcr_RS-04378786.contigs.clns /projects/rpci/songyao/pnfioric/arc_project/airr_calculation/tcr_quant/results/mixcr_RS-04378786.qc.txt /projects/rpci/songyao/pnfioric/arc_project/airr_calculation/tcr_quant/results/mixcr_RS-04378786.qc.json

  Alignments dropped due to low sequence quality: 0.0% [OK]

>>>>>>>>>>>>>>>>>>>> mixcr exportClones <<<<<<<<<<<<<<<<<<<<
Running:
mixcr exportClones /projects/rpci/songyao/pnfioric/arc_project/airr_calculation/tcr_quant/results/mixcr_RS-04378786.contigs.clns /projects/rpci/songyao/pnfioric/arc_project/airr_calculation/tcr_quant/results/mixcr_RS-04378786.clones.tsv
Analysis finished successfully.
===============================
Visualize results and simplify your immune data analysis with a convenient UI.
Explore and install Platforma.bio here: https://platforma.bio
