Exporting TRB
Exporting clones: 33.3%
Filtered 3 of 83 clones (96.39%).
Filtered 3.0 of 290.0 reads (98.97%).
Exporting TRA
Exporting clones: 33.3%
Filtered 3 of 83 clones (96.39%).
Filtered 4.0 of 290.0 reads (98.62%).
Exporting IGH
Exporting clones: 4.8%
Filtered 21 of 83 clones (74.7%).
Filtered 46.0 of 290.0 reads (84.14%).
Exporting IGL
Exporting clones: 5.6%
Filtered 18 of 83 clones (78.31%).
Filtered 158.0 of 290.0 reads (45.52%).
Exporting IGK
Exporting clones: 2.6%
Filtered 38 of 83 clones (54.22%).
Filtered 79.0 of 290.0 reads (72.76%).
