Exporting TRB
Exporting clones: 20%
Filtered 5 of 476 clones (98.95%).
Filtered 12.0 of 1458.0 reads (99.18%).
Exporting TRA
Exporting clones: 14.3%
Filtered 7 of 476 clones (98.53%).
Filtered 12.0 of 1458.0 reads (99.18%).
Exporting IGH
Exporting clones: 0.9%
Filtered 116 of 476 clones (75.63%).
Filtered 359.0 of 1458.0 reads (75.38%).
Exporting TRG
Exporting clones: 50%
Filtered 2 of 476 clones (99.58%).
Filtered 7.0 of 1458.0 reads (99.52%).
Exporting IGL
Exporting clones: 0.8%
Filtered 121 of 476 clones (74.58%).
Filtered 364.0 of 1458.0 reads (75.03%).
Exporting IGK
Exporting clones: 0.9%
Filtered 225 of 476 clones (52.73%).
Filtered 704.0 of 1458.0 reads (51.71%).
