Exporting TRB
Exporting clones: 14.3%
Filtered 7 of 668 clones (98.95%).
Filtered 10.0 of 1343.0 reads (99.26%).
Exporting TRA
Exporting clones: 25%
Filtered 4 of 668 clones (99.4%).
Filtered 5.0 of 1343.0 reads (99.63%).
Exporting IGH
Exporting clones: 0.7%
Filtered 148 of 668 clones (77.84%).
Filtered 260.0 of 1343.0 reads (80.64%).
Exporting TRG
Exporting clones: 100%
Filtered 1 of 668 clones (99.85%).
Filtered 1.0 of 1343.0 reads (99.93%).
Exporting IGL
Exporting clones: 0.6%
Filtered 161 of 668 clones (75.9%).
Filtered 348.0 of 1343.0 reads (74.09%).
Exporting IGK
Exporting clones: 0.9%
Filtered 347 of 668 clones (48.05%).
Filtered 719.0 of 1343.0 reads (46.46%).
