Exporting TRA
Exporting clones: 50%
Filtered 2 of 225 clones (99.11%).
Filtered 2.0 of 511.0 reads (99.61%).
Exporting IGH
Exporting clones: 1.6%
Filtered 63 of 225 clones (72%).
Filtered 112.0 of 511.0 reads (78.08%).
Exporting TRG
Exporting clones: 50%
Filtered 2 of 225 clones (99.11%).
Filtered 3.0 of 511.0 reads (99.41%).
Exporting IGL
Exporting clones: 2.1%
Filtered 48 of 225 clones (78.67%).
Filtered 98.0 of 511.0 reads (80.82%).
Exporting IGK
Exporting clones: 0.9%
Filtered 110 of 225 clones (51.11%).
Filtered 296.0 of 511.0 reads (42.07%).
