Exporting TRB
Exporting clones: 100%
Filtered 1 of 116 clones (99.14%).
Filtered 2.0 of 1500.0 reads (99.87%).
Exporting TRA
Exporting clones: 25%
Filtered 4 of 116 clones (96.55%).
Filtered 8.0 of 1500.0 reads (99.47%).
Exporting TRD
Exporting clones: 100%
Filtered 1 of 116 clones (99.14%).
Filtered 1.0 of 1500.0 reads (99.93%).
Exporting IGH
Exporting clones: 2.5%
Filtered 40 of 116 clones (65.52%).
Filtered 444.0 of 1500.0 reads (70.4%).
Exporting IGL
Exporting clones: 4.8%
Filtered 21 of 116 clones (81.9%).
Filtered 405.0 of 1500.0 reads (73%).
Exporting IGK
Exporting clones: 2%
Filtered 49 of 116 clones (57.76%).
Filtered 640.0 of 1500.0 reads (57.33%).
