WARNING: sun.reflect.Reflection.getCallerClass is not supported. This will impact performance.

>>>>>>>>>>>>>>>>>>>>>>> mixcr align <<<<<<<<<<<<<<<<<<<<<<<
Running:
mixcr align --report /projects/rpci/songyao/pnfioric/arc_project/airr_calculation/tcr_quant/results/mixcr_RS-04378614.align.report.txt --json-report /projects/rpci/songyao/pnfioric/arc_project/airr_calculation/tcr_quant/results/mixcr_RS-04378614.align.report.json --threads 12 --preset rna-seq --save-output-file-names /projects/rpci/songyao/pnfioric/arc_project/airr_calculation/tcr_quant/results/mixcr_RS-04378614.align.list.tsv --species hsa /projects/rpci/songyao/pnfioric/arc_project/airr_calculation/fastq_files/RS-04378614/RS-04378614_S02-7046-1B_RS-04234185_S7_R1_001.fastq.gz /projects/rpci/songyao/pnfioric/arc_project/airr_calculation/fastq_files/RS-04378614/RS-04378614_S02-7046-1B_RS-04234185_S7_R2_001.fastq.gz /projects/rpci/songyao/pnfioric/arc_project/airr_calculation/tcr_quant/results/mixcr_RS-04378614.alignments.vdjca
Alignment: 0%
Alignment: 3.3%  ETA: 00:58:59
Alignment: 6.6%  ETA: 00:56:25
Alignment: 9.9%  ETA: 00:54:58
Alignment: 13.2%  ETA: 00:52:26
Alignment: 16.5%  ETA: 00:49:52
Alignment: 19.8%  ETA: 00:48:24
Alignment: 23.2%  ETA: 00:45:53
Alignment: 26.5%  ETA: 00:44:23
Alignment: 29.8%  ETA: 00:42:23
Alignment: 33.1%  ETA: 00:40:48
Alignment: 36.4%  ETA: 00:38:48
Alignment: 39.7%  ETA: 00:36:25
Alignment: 43%  ETA: 00:34:25
Alignment: 46.2%  ETA: 00:33:09
Alignment: 49.5%  ETA: 00:30:47
Alignment: 52.8%  ETA: 00:29:07
Alignment: 56%  ETA: 00:26:48
Alignment: 59.3%  ETA: 00:24:50
Alignment: 62.6%  ETA: 00:22:48
Alignment: 65.9%  ETA: 00:20:48
Alignment: 69.2%  ETA: 00:18:48
Alignment: 72.5%  ETA: 00:16:37
Alignment: 75.8%  ETA: 00:14:37
Alignment: 79%  ETA: 00:13:04
Alignment: 82.3%  ETA: 00:10:48
Alignment: 85.6%  ETA: 00:08:42
Alignment: 88.9%  ETA: 00:06:47
Alignment: 92.2%  ETA: 00:04:47
Alignment: 95.4%  ETA: 00:02:47
Alignment: 98.8%  ETA: 00:00:42
====================== report: align ======================
Analysis time: 60.8m
Total sequencing reads: 64670569
Successfully aligned reads: 41 (0%)
Coverage (percent of successfully aligned):
  CDR3: 0 (0%)
  FR3_TO_FR4: 0 (0%)
  CDR2_TO_FR4: 0 (0%)
  FR2_TO_FR4: 0 (0%)
  CDR1_TO_FR4: 0 (0%)
  VDJRegion: 0 (0%)
Alignment failed: no hits (not TCR/IG?): 63487280 (98.17%)
Alignment failed: no CDR3 parts: 3199 (0%)
Alignment failed: low total score: 1180049 (1.82%)
Overlapped: 43608756 (67.43%)
Overlapped and aligned: 30 (0%)
Overlapped and not aligned: 43608726 (67.43%)
Alignment-aided overlaps, percent of overlapped and aligned: 0 (0%)
Partial aligned reads, percent of successfully aligned: 41 (100%)
Realigned with forced non-floating bound: 42123626 (65.14%)
Realigned with forced non-floating right bound in left read: 140 (0%)
Realigned with forced non-floating left bound in right read: 140 (0%)
TRA chains: 6 (14.63%)
TRA non-functional: 0 (0%)
IGK chains: 5 (12.2%)
IGK non-functional: 0 (0%)
IGL chains: 30 (73.17%)
IGL non-functional: 0 (0%)
Trimming report:
  R1 reads trimmed left: 386308 (0.6%)
  R1 reads trimmed right: 400544 (0.62%)
  Average R1 nucleotides trimmed left: 0.10152992468645204
  Average R1 nucleotides trimmed right: 0.10856763916828999
  R2 reads trimmed left: 381868 (0.59%)
  R2 reads trimmed right: 394641 (0.61%)
  Average R2 nucleotides trimmed left: 0.10022981242054635
  Average R2 nucleotides trimmed right: 0.10703213389076567

>>>>>>>>>>>>>>>>>> mixcr assemblePartial <<<<<<<<<<<<<<<<<<
Running:
mixcr assemblePartial --report /projects/rpci/songyao/pnfioric/arc_project/airr_calculation/tcr_quant/results/mixcr_RS-04378614.assemblePartial.report.txt --json-report /projects/rpci/songyao/pnfioric/arc_project/airr_calculation/tcr_quant/results/mixcr_RS-04378614.assemblePartial.report.json /projects/rpci/songyao/pnfioric/arc_project/airr_calculation/tcr_quant/results/mixcr_RS-04378614.alignments.vdjca /projects/rpci/songyao/pnfioric/arc_project/airr_calculation/tcr_quant/results/mixcr_RS-04378614.passembled.1.vdjca
Building index: 0%
Searching for overlaps: 2.4%
================= report: assemblePartial =================
Analysis time: 94ms
Total alignments analysed: 41
Number of output alignments: 41 (100%)
Alignments already with CDR3 (no overlapping is performed): 0 (0%)
Successfully overlapped alignments: 0 (0%)
Left parts with too small N-region (failed to extract k-mer): 5 (12.2%)
Extracted k-mer diversity: 19
Dropped due to wildcard in k-mer: 0 (0%)
Dropped due to too short NRegion parts in overlap: 0 (0%)
Dropped overlaps with empty N region due to no complete NDN coverage: 0 (0%)
Number of left-side alignments: 11 (26.83%)
Number of right-side alignments: 25 (60.98%)
Complex overlaps: 0 (0%)
Over-overlaps: 0 (0%)
Partial alignments written to output: 41 (100%)

>>>>>>>>>>>>>>>>>> mixcr assemblePartial <<<<<<<<<<<<<<<<<<
Running:
mixcr assemblePartial --report /projects/rpci/songyao/pnfioric/arc_project/airr_calculation/tcr_quant/results/mixcr_RS-04378614.assemblePartial.report.txt --json-report /projects/rpci/songyao/pnfioric/arc_project/airr_calculation/tcr_quant/results/mixcr_RS-04378614.assemblePartial.report.json /projects/rpci/songyao/pnfioric/arc_project/airr_calculation/tcr_quant/results/mixcr_RS-04378614.passembled.1.vdjca /projects/rpci/songyao/pnfioric/arc_project/airr_calculation/tcr_quant/results/mixcr_RS-04378614.passembled.2.vdjca
Building index: 0%
Searching for overlaps: 2.4%
================= report: assemblePartial =================
Analysis time: 35ms
Total alignments analysed: 41
Number of output alignments: 41 (100%)
Alignments already with CDR3 (no overlapping is performed): 0 (0%)
Successfully overlapped alignments: 0 (0%)
Left parts with too small N-region (failed to extract k-mer): 5 (12.2%)
Extracted k-mer diversity: 19
Dropped due to wildcard in k-mer: 0 (0%)
Dropped due to too short NRegion parts in overlap: 0 (0%)
Dropped overlaps with empty N region due to no complete NDN coverage: 0 (0%)
Number of left-side alignments: 11 (26.83%)
Number of right-side alignments: 25 (60.98%)
Complex overlaps: 0 (0%)
Over-overlaps: 0 (0%)
Partial alignments written to output: 41 (100%)

>>>>>>>>>>>>>>>>>>>>>>> mixcr extend <<<<<<<<<<<<<<<<<<<<<<<
Running:
mixcr extend --report /projects/rpci/songyao/pnfioric/arc_project/airr_calculation/tcr_quant/results/mixcr_RS-04378614.extend.report.txt --json-report /projects/rpci/songyao/pnfioric/arc_project/airr_calculation/tcr_quant/results/mixcr_RS-04378614.extend.report.json --threads 12 /projects/rpci/songyao/pnfioric/arc_project/airr_calculation/tcr_quant/results/mixcr_RS-04378614.passembled.2.vdjca /projects/rpci/songyao/pnfioric/arc_project/airr_calculation/tcr_quant/results/mixcr_RS-04378614.extended.vdjca
Extending alignments: 0%
====================== report: extend ======================
Analysis time: 7ms
Extended alignments count: 0 (0%)
V extensions total: 0 (0%)
V extensions with merged targets: 0 (0%)
J extensions total: 0 (0%)
J extensions with merged targets: 0 (0%)
V+J extensions: 0 (0%)
Mean V extension length: NaN
Mean J extension length: NaN

>>>>>>>>>>>>>>>>>>>>>> mixcr assemble <<<<<<<<<<<<<<<<<<<<<<
Running:
mixcr assemble --report /projects/rpci/songyao/pnfioric/arc_project/airr_calculation/tcr_quant/results/mixcr_RS-04378614.assemble.report.txt --json-report /projects/rpci/songyao/pnfioric/arc_project/airr_calculation/tcr_quant/results/mixcr_RS-04378614.assemble.report.json /projects/rpci/songyao/pnfioric/arc_project/airr_calculation/tcr_quant/results/mixcr_RS-04378614.extended.vdjca /projects/rpci/songyao/pnfioric/arc_project/airr_calculation/tcr_quant/results/mixcr_RS-04378614.clna
Initialization: progress unknown
Initialization: progress unknown
===================== report: assemble =====================
Analysis time: 151ms
Final clonotype count: 0
Reads used in clonotypes, percent of total: 0 (0%)
Average number of reads per clonotype: NaN
Reads dropped due to the lack of a clone sequence, percent of total: 41 (0%)
Reads dropped due to a too short clonal sequence, percent of total: 0 (0%)
Reads dropped due to low quality, percent of total: 0 (0%)
Reads dropped due to failed mapping, percent of total: 0 (0%)
Reads dropped with low quality clones, percent of total: 0 (0%)
Aligned reads processed: 0
Reads used in clonotypes before clustering, percent of total: 0 (0%)
Number of reads used as a core, percent of used: 0 (NaN%)
Mapped low quality reads, percent of used: 0 (NaN%)
Reads clustered in PCR error correction, percent of used: 0 (NaN%)
Reads pre-clustered due to the similar VJC-lists, percent of used: 0 (NaN%)
Clonotypes dropped as low quality: 0
Clonotypes eliminated by PCR error correction: 0
Clonotypes pre-clustered due to the similar VJC-lists: 0
Clones dropped in post filtering: 0 (NaN%)
Reads dropped in post filtering: 0.0 (0%)
Reads filtered by tag prefix: 0 (0%)

>>>>>>>>>>>>>>>>>> mixcr assembleContigs <<<<<<<<<<<<<<<<<<
Running:
mixcr assembleContigs --report /projects/rpci/songyao/pnfioric/arc_project/airr_calculation/tcr_quant/results/mixcr_RS-04378614.assembleContigs.report.txt --json-report /projects/rpci/songyao/pnfioric/arc_project/airr_calculation/tcr_quant/results/mixcr_RS-04378614.assembleContigs.report.json --threads 12 /projects/rpci/songyao/pnfioric/arc_project/airr_calculation/tcr_quant/results/mixcr_RS-04378614.clna /projects/rpci/songyao/pnfioric/arc_project/airr_calculation/tcr_quant/results/mixcr_RS-04378614.contigs.clns
Assembling contigs: 0%
================= report: assembleContigs =================
Analysis time: 56ms
Initial clonotype count: 0
Final clonotype count: 0 (NaN%)
Canceled assemblies: 0 (NaN%)
Clones filtered out after assemble: 0 (NaN%)
Number of premature termination assembly events, percent of number of initial clonotypes: 0.0 (NaN%)
Longest contig length: 0
Clustered variants: 0 (NaN%)
Reads in clustered variants: 0.0 (NaN%)
Reads in divided (newly created) clones: 0.0 (NaN%)
Clones with ambiguous letters in splitting region: 0 (NaN%)
Reads in clones with ambiguous letters in splitting region: 0.0 (NaN%)
Average number of ambiguous letters per clone with ambiguous letters in splitting region: NaN
Clones combined after clustering: 0 (NaN%)

>>>>>>>>>>>>>>>>>>>>>>>>> mixcr qc <<<<<<<<<<<<<<<<<<<<<<<<<
Running:
mixcr qc --print-to-stdout /projects/rpci/songyao/pnfioric/arc_project/airr_calculation/tcr_quant/results/mixcr_RS-04378614.contigs.clns /projects/rpci/songyao/pnfioric/arc_project/airr_calculation/tcr_quant/results/mixcr_RS-04378614.qc.txt /projects/rpci/songyao/pnfioric/arc_project/airr_calculation/tcr_quant/results/mixcr_RS-04378614.qc.json

  Alignments dropped due to low sequence quality: 0.0% [OK]

>>>>>>>>>>>>>>>>>>>> mixcr exportClones <<<<<<<<<<<<<<<<<<<<
Running:
mixcr exportClones /projects/rpci/songyao/pnfioric/arc_project/airr_calculation/tcr_quant/results/mixcr_RS-04378614.contigs.clns /projects/rpci/songyao/pnfioric/arc_project/airr_calculation/tcr_quant/results/mixcr_RS-04378614.clones.tsv
Analysis finished successfully.
===============================
Visualize results and simplify your immune data analysis with a convenient UI.
Explore and install Platforma.bio here: https://platforma.bio
