WARNING: sun.reflect.Reflection.getCallerClass is not supported. This will impact performance.

>>>>>>>>>>>>>>>>>>>>>>> mixcr align <<<<<<<<<<<<<<<<<<<<<<<
Running:
mixcr align --report /projects/rpci/songyao/pnfioric/arc_project/airr_calculation/tcr_quant/results/mixcr_RS-04367500.align.report.txt --json-report /projects/rpci/songyao/pnfioric/arc_project/airr_calculation/tcr_quant/results/mixcr_RS-04367500.align.report.json --threads 12 --preset rna-seq --save-output-file-names /projects/rpci/songyao/pnfioric/arc_project/airr_calculation/tcr_quant/results/mixcr_RS-04367500.align.list.tsv --species hsa /projects/rpci/songyao/pnfioric/arc_project/airr_calculation/fastq_files/RS-04367500/RS-04367500_HAYS08004666-A1_RS-04147826_S166_R1_001.fastq.gz /projects/rpci/songyao/pnfioric/arc_project/airr_calculation/fastq_files/RS-04367500/RS-04367500_HAYS08004666-A1_RS-04147826_S166_R2_001.fastq.gz /projects/rpci/songyao/pnfioric/arc_project/airr_calculation/tcr_quant/results/mixcr_RS-04367500.alignments.vdjca
Alignment: 0%
Alignment: 3.8%  ETA: 00:51:09
Alignment: 7.6%  ETA: 00:47:49
Alignment: 11.5%  ETA: 00:45:25
Alignment: 15.4%  ETA: 00:44:12
Alignment: 19.2%  ETA: 00:42:12
Alignment: 23.1%  ETA: 00:39:29
Alignment: 26.8%  ETA: 00:38:53
Alignment: 30.7%  ETA: 00:36:12
Alignment: 34.5%  ETA: 00:34:12
Alignment: 38.3%  ETA: 00:32:12
Alignment: 42.1%  ETA: 00:30:47
Alignment: 45.9%  ETA: 00:28:46
Alignment: 49.7%  ETA: 00:26:31
Alignment: 53.4%  ETA: 00:24:31
Alignment: 57.2%  ETA: 00:22:44
Alignment: 61%  ETA: 00:20:32
Alignment: 64.8%  ETA: 00:18:43
Alignment: 68.5%  ETA: 00:16:53
Alignment: 72.3%  ETA: 00:14:44
Alignment: 76%  ETA: 00:12:52
Alignment: 79.8%  ETA: 00:10:39
Alignment: 83.6%  ETA: 00:08:39
Alignment: 87.4%  ETA: 00:06:34
Alignment: 91.2%  ETA: 00:04:41
Alignment: 95%  ETA: 00:02:39
Alignment: 98.8%  ETA: 00:00:38
====================== report: align ======================
Analysis time: 52.68m
Total sequencing reads: 57743872
Successfully aligned reads: 20139 (0.03%)
Coverage (percent of successfully aligned):
  CDR3: 4895 (24.31%)
  FR3_TO_FR4: 19 (0.09%)
  CDR2_TO_FR4: 14 (0.07%)
  FR2_TO_FR4: 1 (0%)
  CDR1_TO_FR4: 0 (0%)
  VDJRegion: 17 (0.08%)
Alignment failed: no hits (not TCR/IG?): 56280419 (97.47%)
Alignment failed after alignment-aided overlap: 1 (0%)
Alignment failed: no CDR3 parts: 40891 (0.07%)
Alignment failed: low total score: 1402422 (2.43%)
Overlapped: 53257103 (92.23%)
Overlapped and aligned: 19263 (0.03%)
Overlapped and not aligned: 53237840 (92.2%)
Alignment-aided overlaps, percent of overlapped and aligned: 307 (1.59%)
No CDR3 parts alignments, percent of successfully aligned: 329 (1.63%)
Partial aligned reads, percent of successfully aligned: 14915 (74.06%)
V gene chimeras: 4 (0%)
J gene chimeras: 1 (0%)
Realigned with forced non-floating bound: 8974152 (15.54%)
Realigned with forced non-floating right bound in left read: 513 (0%)
Realigned with forced non-floating left bound in right read: 513 (0%)
TRA chains: 3270 (16.24%)
TRA non-functional: 4 (0.12%)
TRB chains: 1006 (5%)
TRB non-functional: 11 (1.09%)
TRD chains: 21 (0.1%)
TRD non-functional: 0 (0%)
TRG chains: 95 (0.47%)
TRG non-functional: 13 (13.68%)
IGH chains: 5810 (28.85%)
IGH non-functional: 28 (0.48%)
TRAD chains: 71 (0.35%)
TRAD non-functional: 0 (0%)
IGK chains: 5179 (25.72%)
IGK non-functional: 119 (2.3%)
IGL chains: 4687 (23.27%)
IGL non-functional: 22 (0.47%)
Trimming report:
  R1 reads trimmed left: 36426 (0.06%)
  R1 reads trimmed right: 37874 (0.07%)
  Average R1 nucleotides trimmed left: 0.010719250001108342
  Average R1 nucleotides trimmed right: 0.011547251282352525
  R2 reads trimmed left: 37896 (0.07%)
  R2 reads trimmed right: 39214 (0.07%)
  Average R2 nucleotides trimmed left: 0.010705378399287114
  Average R2 nucleotides trimmed right: 0.012638830316055009

>>>>>>>>>>>>>>>>>> mixcr assemblePartial <<<<<<<<<<<<<<<<<<
Running:
mixcr assemblePartial --report /projects/rpci/songyao/pnfioric/arc_project/airr_calculation/tcr_quant/results/mixcr_RS-04367500.assemblePartial.report.txt --json-report /projects/rpci/songyao/pnfioric/arc_project/airr_calculation/tcr_quant/results/mixcr_RS-04367500.assemblePartial.report.json /projects/rpci/songyao/pnfioric/arc_project/airr_calculation/tcr_quant/results/mixcr_RS-04367500.alignments.vdjca /projects/rpci/songyao/pnfioric/arc_project/airr_calculation/tcr_quant/results/mixcr_RS-04367500.passembled.1.vdjca
Building index: 0%
Searching for overlaps: 0%
================= report: assemblePartial =================
Analysis time: 711ms
Total alignments analysed: 20139
Number of output alignments: 20070 (99.66%)
Alignments already with CDR3 (no overlapping is performed): 5120 (25.42%)
Successfully overlapped alignments: 69 (0.34%)
Left parts with too small N-region (failed to extract k-mer): 3353 (16.65%)
Extracted k-mer diversity: 9810
Dropped due to wildcard in k-mer: 0 (0%)
Dropped due to too short NRegion parts in overlap: 55 (0.27%)
Dropped overlaps with empty N region due to no complete NDN coverage: 2 (0.01%)
Number of left-side alignments: 1964 (9.75%)
Number of right-side alignments: 9720 (48.26%)
Complex overlaps: 0 (0%)
Over-overlaps: 0 (0%)
Partial alignments written to output: 14881 (73.89%)

>>>>>>>>>>>>>>>>>> mixcr assemblePartial <<<<<<<<<<<<<<<<<<
Running:
mixcr assemblePartial --report /projects/rpci/songyao/pnfioric/arc_project/airr_calculation/tcr_quant/results/mixcr_RS-04367500.assemblePartial.report.txt --json-report /projects/rpci/songyao/pnfioric/arc_project/airr_calculation/tcr_quant/results/mixcr_RS-04367500.assemblePartial.report.json /projects/rpci/songyao/pnfioric/arc_project/airr_calculation/tcr_quant/results/mixcr_RS-04367500.passembled.1.vdjca /projects/rpci/songyao/pnfioric/arc_project/airr_calculation/tcr_quant/results/mixcr_RS-04367500.passembled.2.vdjca
Building index: 0%
Searching for overlaps: 0%
================= report: assemblePartial =================
Analysis time: 373ms
Total alignments analysed: 20070
Number of output alignments: 20070 (100%)
Alignments already with CDR3 (no overlapping is performed): 5189 (25.85%)
Successfully overlapped alignments: 0 (0%)
Left parts with too small N-region (failed to extract k-mer): 3353 (16.71%)
Extracted k-mer diversity: 9653
Dropped due to wildcard in k-mer: 0 (0%)
Dropped due to too short NRegion parts in overlap: 52 (0.26%)
Dropped overlaps with empty N region due to no complete NDN coverage: 2 (0.01%)
Number of left-side alignments: 1895 (9.44%)
Number of right-side alignments: 9651 (48.09%)
Complex overlaps: 0 (0%)
Over-overlaps: 0 (0%)
Partial alignments written to output: 14881 (74.15%)

>>>>>>>>>>>>>>>>>>>>>>> mixcr extend <<<<<<<<<<<<<<<<<<<<<<<
Running:
mixcr extend --report /projects/rpci/songyao/pnfioric/arc_project/airr_calculation/tcr_quant/results/mixcr_RS-04367500.extend.report.txt --json-report /projects/rpci/songyao/pnfioric/arc_project/airr_calculation/tcr_quant/results/mixcr_RS-04367500.extend.report.json --threads 12 /projects/rpci/songyao/pnfioric/arc_project/airr_calculation/tcr_quant/results/mixcr_RS-04367500.passembled.2.vdjca /projects/rpci/songyao/pnfioric/arc_project/airr_calculation/tcr_quant/results/mixcr_RS-04367500.extended.vdjca
Extending alignments: 0%
====================== report: extend ======================
Analysis time: 267ms
Extended alignments count: 5 (0.02%)
V extensions total: 2 (0.01%)
V extensions with merged targets: 0 (0%)
J extensions total: 3 (0.01%)
J extensions with merged targets: 0 (0%)
V+J extensions: 0 (0%)
Mean V extension length: 1.0
Mean J extension length: 15.0

>>>>>>>>>>>>>>>>>>>>>> mixcr assemble <<<<<<<<<<<<<<<<<<<<<<
Running:
mixcr assemble --report /projects/rpci/songyao/pnfioric/arc_project/airr_calculation/tcr_quant/results/mixcr_RS-04367500.assemble.report.txt --json-report /projects/rpci/songyao/pnfioric/arc_project/airr_calculation/tcr_quant/results/mixcr_RS-04367500.assemble.report.json /projects/rpci/songyao/pnfioric/arc_project/airr_calculation/tcr_quant/results/mixcr_RS-04367500.extended.vdjca /projects/rpci/songyao/pnfioric/arc_project/airr_calculation/tcr_quant/results/mixcr_RS-04367500.clna
Initialization: progress unknown
Building clones: 32.1%
Initialization: progress unknown
Writing alignments: 80.2%
Writing alignments: 96.6%  ETA: 00:00:00
===================== report: assemble =====================
Analysis time: 2.02s
Final clonotype count: 1506
Reads used in clonotypes, percent of total: 4913 (0.01%)
Average number of reads per clonotype: 3.26
Reads dropped due to the lack of a clone sequence, percent of total: 15101 (0.03%)
Reads dropped due to a too short clonal sequence, percent of total: 0 (0%)
Reads dropped due to low quality, percent of total: 0 (0%)
Reads dropped due to failed mapping, percent of total: 109 (0%)
Reads dropped with low quality clones, percent of total: 0 (0%)
Aligned reads processed: 5038
Reads used in clonotypes before clustering, percent of total: 4929 (0.01%)
Number of reads used as a core, percent of used: 4883 (99.07%)
Mapped low quality reads, percent of used: 46 (0.93%)
Reads clustered in PCR error correction, percent of used: 16 (0.32%)
Reads pre-clustered due to the similar VJC-lists, percent of used: 0 (0%)
Clonotypes dropped as low quality: 0
Clonotypes eliminated by PCR error correction: 14
Clonotypes pre-clustered due to the similar VJC-lists: 0
Clones dropped in post filtering: 0 (0%)
Reads dropped in post filtering: 0.0 (0%)
Reads filtered by tag prefix: 0 (0%)
TRA chains: 22 (1.46%)
TRA non-functional: 2 (9.09%)
TRB chains: 21 (1.39%)
TRB non-functional: 5 (23.81%)
TRG chains: 6 (0.4%)
TRG non-functional: 5 (83.33%)
IGH chains: 395 (26.23%)
IGH non-functional: 6 (1.52%)
IGK chains: 734 (48.74%)
IGK non-functional: 44 (5.99%)
IGL chains: 328 (21.78%)
IGL non-functional: 10 (3.05%)

>>>>>>>>>>>>>>>>>> mixcr assembleContigs <<<<<<<<<<<<<<<<<<
Running:
mixcr assembleContigs --report /projects/rpci/songyao/pnfioric/arc_project/airr_calculation/tcr_quant/results/mixcr_RS-04367500.assembleContigs.report.txt --json-report /projects/rpci/songyao/pnfioric/arc_project/airr_calculation/tcr_quant/results/mixcr_RS-04367500.assembleContigs.report.json --threads 12 /projects/rpci/songyao/pnfioric/arc_project/airr_calculation/tcr_quant/results/mixcr_RS-04367500.clna /projects/rpci/songyao/pnfioric/arc_project/airr_calculation/tcr_quant/results/mixcr_RS-04367500.contigs.clns
Assembling contigs: 0%
================= report: assembleContigs =================
Analysis time: 1.02s
Initial clonotype count: 1506
Final clonotype count: 1506 (100%)
Canceled assemblies: 0 (0%)
Clones filtered out after assemble: 0 (0%)
Number of premature termination assembly events, percent of number of initial clonotypes: 0.0 (0%)
Longest contig length: 334
Clustered variants: 0 (0%)
Reads in clustered variants: 0.0 (0%)
Reads in divided (newly created) clones: 0.0 (0%)
Clones with ambiguous letters in splitting region: 0 (0%)
Reads in clones with ambiguous letters in splitting region: 0.0 (0%)
Average number of ambiguous letters per clone with ambiguous letters in splitting region: NaN
Clones combined after clustering: 0 (0%)

>>>>>>>>>>>>>>>>>>>>>>>>> mixcr qc <<<<<<<<<<<<<<<<<<<<<<<<<
Running:
mixcr qc --print-to-stdout /projects/rpci/songyao/pnfioric/arc_project/airr_calculation/tcr_quant/results/mixcr_RS-04367500.contigs.clns /projects/rpci/songyao/pnfioric/arc_project/airr_calculation/tcr_quant/results/mixcr_RS-04367500.qc.txt /projects/rpci/songyao/pnfioric/arc_project/airr_calculation/tcr_quant/results/mixcr_RS-04367500.qc.json

  Alignments dropped due to low sequence quality: 0.0% [OK]

>>>>>>>>>>>>>>>>>>>> mixcr exportClones <<<<<<<<<<<<<<<<<<<<
Running:
mixcr exportClones /projects/rpci/songyao/pnfioric/arc_project/airr_calculation/tcr_quant/results/mixcr_RS-04367500.contigs.clns /projects/rpci/songyao/pnfioric/arc_project/airr_calculation/tcr_quant/results/mixcr_RS-04367500.clones.tsv
Analysis finished successfully.
===============================
Visualize results and simplify your immune data analysis with a convenient UI.
Explore and install Platforma.bio here: https://platforma.bio
