Exporting TRB
Exporting clones: 20%
Filtered 5 of 923 clones (99.46%).
Filtered 11.0 of 2031.0 reads (99.46%).
Exporting TRA
Exporting clones: 50%
Filtered 2 of 923 clones (99.78%).
Filtered 3.0 of 2031.0 reads (99.85%).
Exporting IGH
Exporting clones: 0.5%
Filtered 221 of 923 clones (76.06%).
Filtered 485.0 of 2031.0 reads (76.12%).
Exporting TRG
Exporting clones: 50%
Filtered 2 of 923 clones (99.78%).
Filtered 7.0 of 2031.0 reads (99.66%).
Exporting IGL
Exporting clones: 0.5%
Filtered 212 of 923 clones (77.03%).
Filtered 423.0 of 2031.0 reads (79.17%).
Exporting IGK
Exporting clones: 0.2%
Filtered 481 of 923 clones (47.89%).
Filtered 1102.0 of 2031.0 reads (45.74%).
