Exporting TRB
Exporting clones: 50%
Filtered 2 of 504 clones (99.6%).
Filtered 6.0 of 2143.0 reads (99.72%).
Exporting TRA
Exporting clones: 50%
Filtered 2 of 504 clones (99.6%).
Filtered 3.0 of 2143.0 reads (99.86%).
Exporting IGH
Exporting clones: 1%
Filtered 99 of 504 clones (80.36%).
Filtered 393.0 of 2143.0 reads (81.66%).
Exporting TRG
Exporting clones: 100%
Filtered 2 of 504 clones (99.6%).
Filtered 16.0 of 2143.0 reads (99.25%).
Exporting IGL
Exporting clones: 1.9%
Filtered 105 of 504 clones (79.17%).
Filtered 407.0 of 2143.0 reads (81.01%).
Exporting IGK
Exporting clones: 0.3%
Filtered 294 of 504 clones (41.67%).
Filtered 1318.0 of 2143.0 reads (38.5%).
