Exporting TRB
Exporting clones: 100%
Filtered 1 of 642 clones (99.84%).
Filtered 1.0 of 9723.0 reads (99.99%).
Exporting TRA
Exporting clones: 25%
Filtered 4 of 642 clones (99.38%).
Filtered 9.0 of 9723.0 reads (99.91%).
Exporting IGH
Exporting clones: 0.5%
Filtered 218 of 642 clones (66.04%).
Filtered 2105.0 of 9723.0 reads (78.35%).
Exporting TRG
Exporting clones: 50%
Filtered 2 of 642 clones (99.69%).
Filtered 7.0 of 9723.0 reads (99.93%).
Exporting IGL
Exporting clones: 0.7%
Filtered 146 of 642 clones (77.26%).
Filtered 5158.0 of 9723.0 reads (46.95%).
Exporting IGK
Exporting clones: 0.7%
Filtered 271 of 642 clones (57.79%).
Filtered 2443.0 of 9723.0 reads (74.87%).
