Exporting TRB
Exporting clones: 20%
Filtered 5 of 200 clones (97.5%).
Filtered 5.0 of 468.0 reads (98.93%).
Exporting TRA
Exporting clones: 50%
Filtered 2 of 200 clones (99%).
Filtered 3.0 of 468.0 reads (99.36%).
Exporting IGH
Exporting clones: 2%
Filtered 50 of 200 clones (75%).
Filtered 115.0 of 468.0 reads (75.43%).
Exporting TRG
Exporting clones: 33.3%
Filtered 3 of 200 clones (98.5%).
Filtered 6.0 of 468.0 reads (98.72%).
Exporting IGL
Exporting clones: 2%
Filtered 49 of 200 clones (75.5%).
Filtered 107.0 of 468.0 reads (77.14%).
Exporting IGK
Exporting clones: 1.1%
Filtered 91 of 200 clones (54.5%).
Filtered 232.0 of 468.0 reads (50.43%).
