WARNING: sun.reflect.Reflection.getCallerClass is not supported. This will impact performance.

>>>>>>>>>>>>>>>>>>>>>>> mixcr align <<<<<<<<<<<<<<<<<<<<<<<
Running:
mixcr align --report /projects/rpci/songyao/pnfioric/arc_project/airr_calculation/tcr_quant/results/mixcr_RS-04378775.align.report.txt --json-report /projects/rpci/songyao/pnfioric/arc_project/airr_calculation/tcr_quant/results/mixcr_RS-04378775.align.report.json --threads 12 --preset rna-seq --save-output-file-names /projects/rpci/songyao/pnfioric/arc_project/airr_calculation/tcr_quant/results/mixcr_RS-04378775.align.list.tsv --species hsa /projects/rpci/songyao/pnfioric/arc_project/airr_calculation/fastq_files/RS-04378775/RS-04378775_SSFS06002862-I_RS-03854203_S168_R1_001.fastq.gz /projects/rpci/songyao/pnfioric/arc_project/airr_calculation/fastq_files/RS-04378775/RS-04378775_SSFS06002862-I_RS-03854203_S168_R2_001.fastq.gz /projects/rpci/songyao/pnfioric/arc_project/airr_calculation/tcr_quant/results/mixcr_RS-04378775.alignments.vdjca
Alignment: 0%
Alignment: 3.9%  ETA: 00:48:52
Alignment: 7.9%  ETA: 00:46:29
Alignment: 11.8%  ETA: 00:44:51
Alignment: 15.9%  ETA: 00:41:25
Alignment: 19.9%  ETA: 00:40:26
Alignment: 23.8%  ETA: 00:38:07
Alignment: 27.8%  ETA: 00:36:44
Alignment: 31.7%  ETA: 00:35:03
Alignment: 35.6%  ETA: 00:33:02
Alignment: 39.5%  ETA: 00:30:30
Alignment: 43.5%  ETA: 00:28:15
Alignment: 47.5%  ETA: 00:26:29
Alignment: 51.5%  ETA: 00:24:29
Alignment: 55.4%  ETA: 00:22:41
Alignment: 59.4%  ETA: 00:20:30
Alignment: 63.3%  ETA: 00:18:40
Alignment: 67.3%  ETA: 00:16:22
Alignment: 71.2%  ETA: 00:14:30
Alignment: 75.2%  ETA: 00:12:37
Alignment: 79.1%  ETA: 00:10:37
Alignment: 83%  ETA: 00:08:37
Alignment: 87%  ETA: 00:06:33
Alignment: 90.9%  ETA: 00:04:36
Alignment: 94.9%  ETA: 00:02:32
Alignment: 98.9%  ETA: 00:00:33
====================== report: align ======================
Analysis time: 50.59m
Total sequencing reads: 60025533
Successfully aligned reads: 4360 (0.01%)
Coverage (percent of successfully aligned):
  CDR3: 822 (18.85%)
  FR3_TO_FR4: 0 (0%)
  CDR2_TO_FR4: 0 (0%)
  FR2_TO_FR4: 0 (0%)
  CDR1_TO_FR4: 0 (0%)
  VDJRegion: 0 (0%)
Alignment failed: no hits (not TCR/IG?): 58413574 (97.31%)
Alignment failed: no CDR3 parts: 23765 (0.04%)
Alignment failed: low total score: 1583834 (2.64%)
Overlapped: 57256248 (95.39%)
Overlapped and aligned: 4242 (0.01%)
Overlapped and not aligned: 57252006 (95.38%)
Alignment-aided overlaps, percent of overlapped and aligned: 1 (0.02%)
No CDR3 parts alignments, percent of successfully aligned: 105 (2.41%)
Partial aligned reads, percent of successfully aligned: 3433 (78.74%)
Realigned with forced non-floating bound: 5538572 (9.23%)
Realigned with forced non-floating right bound in left read: 273 (0%)
Realigned with forced non-floating left bound in right read: 273 (0%)
TRA chains: 752 (17.25%)
TRA non-functional: 2 (0.27%)
TRB chains: 170 (3.9%)
TRB non-functional: 0 (0%)
TRD chains: 19 (0.44%)
TRD non-functional: 0 (0%)
TRG chains: 6 (0.14%)
TRG non-functional: 0 (0%)
IGH chains: 1252 (28.72%)
IGH non-functional: 7 (0.56%)
TRAD chains: 3 (0.07%)
TRAD non-functional: 0 (0%)
IGK chains: 991 (22.73%)
IGK non-functional: 14 (1.41%)
IGL chains: 1167 (26.77%)
IGL non-functional: 0 (0%)
Trimming report:
  R1 reads trimmed left: 238145 (0.4%)
  R1 reads trimmed right: 247005 (0.41%)
  Average R1 nucleotides trimmed left: 0.06742527384138347
  Average R1 nucleotides trimmed right: 0.07213453648133371
  R2 reads trimmed left: 234995 (0.39%)
  R2 reads trimmed right: 242490 (0.4%)
  Average R2 nucleotides trimmed left: 0.0664039584621431
  Average R2 nucleotides trimmed right: 0.07087338982895829

>>>>>>>>>>>>>>>>>> mixcr assemblePartial <<<<<<<<<<<<<<<<<<
Running:
mixcr assemblePartial --report /projects/rpci/songyao/pnfioric/arc_project/airr_calculation/tcr_quant/results/mixcr_RS-04378775.assemblePartial.report.txt --json-report /projects/rpci/songyao/pnfioric/arc_project/airr_calculation/tcr_quant/results/mixcr_RS-04378775.assemblePartial.report.json /projects/rpci/songyao/pnfioric/arc_project/airr_calculation/tcr_quant/results/mixcr_RS-04378775.alignments.vdjca /projects/rpci/songyao/pnfioric/arc_project/airr_calculation/tcr_quant/results/mixcr_RS-04378775.passembled.1.vdjca
Building index: 0%
Searching for overlaps: 0%
================= report: assemblePartial =================
Analysis time: 296ms
Total alignments analysed: 4360
Number of output alignments: 4358 (99.95%)
Alignments already with CDR3 (no overlapping is performed): 884 (20.28%)
Successfully overlapped alignments: 2 (0.05%)
Left parts with too small N-region (failed to extract k-mer): 888 (20.37%)
Extracted k-mer diversity: 1899
Dropped due to wildcard in k-mer: 0 (0%)
Dropped due to too short NRegion parts in overlap: 4 (0.09%)
Dropped overlaps with empty N region due to no complete NDN coverage: 0 (0%)
Number of left-side alignments: 449 (10.3%)
Number of right-side alignments: 2122 (48.67%)
Complex overlaps: 0 (0%)
Over-overlaps: 0 (0%)
Partial alignments written to output: 3472 (79.63%)

>>>>>>>>>>>>>>>>>> mixcr assemblePartial <<<<<<<<<<<<<<<<<<
Running:
mixcr assemblePartial --report /projects/rpci/songyao/pnfioric/arc_project/airr_calculation/tcr_quant/results/mixcr_RS-04378775.assemblePartial.report.txt --json-report /projects/rpci/songyao/pnfioric/arc_project/airr_calculation/tcr_quant/results/mixcr_RS-04378775.assemblePartial.report.json /projects/rpci/songyao/pnfioric/arc_project/airr_calculation/tcr_quant/results/mixcr_RS-04378775.passembled.1.vdjca /projects/rpci/songyao/pnfioric/arc_project/airr_calculation/tcr_quant/results/mixcr_RS-04378775.passembled.2.vdjca
Building index: 0%
Searching for overlaps: 0.1%
================= report: assemblePartial =================
Analysis time: 104ms
Total alignments analysed: 4358
Number of output alignments: 4358 (100%)
Alignments already with CDR3 (no overlapping is performed): 886 (20.33%)
Successfully overlapped alignments: 0 (0%)
Left parts with too small N-region (failed to extract k-mer): 888 (20.38%)
Extracted k-mer diversity: 1899
Dropped due to wildcard in k-mer: 0 (0%)
Dropped due to too short NRegion parts in overlap: 4 (0.09%)
Dropped overlaps with empty N region due to no complete NDN coverage: 0 (0%)
Number of left-side alignments: 447 (10.26%)
Number of right-side alignments: 2120 (48.65%)
Complex overlaps: 0 (0%)
Over-overlaps: 0 (0%)
Partial alignments written to output: 3472 (79.67%)

>>>>>>>>>>>>>>>>>>>>>>> mixcr extend <<<<<<<<<<<<<<<<<<<<<<<
Running:
mixcr extend --report /projects/rpci/songyao/pnfioric/arc_project/airr_calculation/tcr_quant/results/mixcr_RS-04378775.extend.report.txt --json-report /projects/rpci/songyao/pnfioric/arc_project/airr_calculation/tcr_quant/results/mixcr_RS-04378775.extend.report.json --threads 12 /projects/rpci/songyao/pnfioric/arc_project/airr_calculation/tcr_quant/results/mixcr_RS-04378775.passembled.2.vdjca /projects/rpci/songyao/pnfioric/arc_project/airr_calculation/tcr_quant/results/mixcr_RS-04378775.extended.vdjca
Extending alignments: 0%
====================== report: extend ======================
Analysis time: 55ms
Extended alignments count: 6 (0.14%)
V extensions total: 0 (0%)
V extensions with merged targets: 0 (0%)
J extensions total: 6 (0.14%)
J extensions with merged targets: 0 (0%)
V+J extensions: 0 (0%)
Mean V extension length: NaN
Mean J extension length: 24.0

>>>>>>>>>>>>>>>>>>>>>> mixcr assemble <<<<<<<<<<<<<<<<<<<<<<
Running:
mixcr assemble --report /projects/rpci/songyao/pnfioric/arc_project/airr_calculation/tcr_quant/results/mixcr_RS-04378775.assemble.report.txt --json-report /projects/rpci/songyao/pnfioric/arc_project/airr_calculation/tcr_quant/results/mixcr_RS-04378775.assemble.report.json /projects/rpci/songyao/pnfioric/arc_project/airr_calculation/tcr_quant/results/mixcr_RS-04378775.extended.vdjca /projects/rpci/songyao/pnfioric/arc_project/airr_calculation/tcr_quant/results/mixcr_RS-04378775.clna
Initialization: progress unknown
Initialization: progress unknown
===================== report: assemble =====================
Analysis time: 680ms
Final clonotype count: 191
Reads used in clonotypes, percent of total: 821 (0%)
Average number of reads per clonotype: 4.3
Reads dropped due to the lack of a clone sequence, percent of total: 3528 (0.01%)
Reads dropped due to a too short clonal sequence, percent of total: 0 (0%)
Reads dropped due to low quality, percent of total: 0 (0%)
Reads dropped due to failed mapping, percent of total: 11 (0%)
Reads dropped with low quality clones, percent of total: 0 (0%)
Aligned reads processed: 832
Reads used in clonotypes before clustering, percent of total: 821 (0%)
Number of reads used as a core, percent of used: 819 (99.76%)
Mapped low quality reads, percent of used: 2 (0.24%)
Reads clustered in PCR error correction, percent of used: 0 (0%)
Reads pre-clustered due to the similar VJC-lists, percent of used: 0 (0%)
Clonotypes dropped as low quality: 0
Clonotypes eliminated by PCR error correction: 0
Clonotypes pre-clustered due to the similar VJC-lists: 0
Clones dropped in post filtering: 0 (0%)
Reads dropped in post filtering: 0.0 (0%)
Reads filtered by tag prefix: 0 (0%)
TRA chains: 3 (1.57%)
TRA non-functional: 2 (66.67%)
TRB chains: 2 (1.05%)
TRB non-functional: 0 (0%)
IGH chains: 49 (25.65%)
IGH non-functional: 3 (6.12%)
IGK chains: 93 (48.69%)
IGK non-functional: 4 (4.3%)
IGL chains: 44 (23.04%)
IGL non-functional: 0 (0%)

>>>>>>>>>>>>>>>>>> mixcr assembleContigs <<<<<<<<<<<<<<<<<<
Running:
mixcr assembleContigs --report /projects/rpci/songyao/pnfioric/arc_project/airr_calculation/tcr_quant/results/mixcr_RS-04378775.assembleContigs.report.txt --json-report /projects/rpci/songyao/pnfioric/arc_project/airr_calculation/tcr_quant/results/mixcr_RS-04378775.assembleContigs.report.json --threads 12 /projects/rpci/songyao/pnfioric/arc_project/airr_calculation/tcr_quant/results/mixcr_RS-04378775.clna /projects/rpci/songyao/pnfioric/arc_project/airr_calculation/tcr_quant/results/mixcr_RS-04378775.contigs.clns
Assembling contigs: 0%
================= report: assembleContigs =================
Analysis time: 325ms
Initial clonotype count: 191
Final clonotype count: 191 (100%)
Canceled assemblies: 0 (0%)
Clones filtered out after assemble: 0 (0%)
Number of premature termination assembly events, percent of number of initial clonotypes: 0.0 (0%)
Longest contig length: 251
Clustered variants: 0 (0%)
Reads in clustered variants: 0.0 (0%)
Reads in divided (newly created) clones: 0.0 (0%)
Clones with ambiguous letters in splitting region: 0 (0%)
Reads in clones with ambiguous letters in splitting region: 0.0 (0%)
Average number of ambiguous letters per clone with ambiguous letters in splitting region: NaN
Clones combined after clustering: 0 (0%)

>>>>>>>>>>>>>>>>>>>>>>>>> mixcr qc <<<<<<<<<<<<<<<<<<<<<<<<<
Running:
mixcr qc --print-to-stdout /projects/rpci/songyao/pnfioric/arc_project/airr_calculation/tcr_quant/results/mixcr_RS-04378775.contigs.clns /projects/rpci/songyao/pnfioric/arc_project/airr_calculation/tcr_quant/results/mixcr_RS-04378775.qc.txt /projects/rpci/songyao/pnfioric/arc_project/airr_calculation/tcr_quant/results/mixcr_RS-04378775.qc.json

  Alignments dropped due to low sequence quality: 0.0% [OK]

>>>>>>>>>>>>>>>>>>>> mixcr exportClones <<<<<<<<<<<<<<<<<<<<
Running:
mixcr exportClones /projects/rpci/songyao/pnfioric/arc_project/airr_calculation/tcr_quant/results/mixcr_RS-04378775.contigs.clns /projects/rpci/songyao/pnfioric/arc_project/airr_calculation/tcr_quant/results/mixcr_RS-04378775.clones.tsv
Analysis finished successfully.
===============================
Visualize results and simplify your immune data analysis with a convenient UI.
Explore and install Platforma.bio here: https://platforma.bio
