Exporting TRA
Exporting clones: 33.3%
Filtered 3 of 284 clones (98.94%).
Filtered 18.0 of 1545.0 reads (98.83%).
Exporting IGH
Exporting clones: 1.5%
Filtered 66 of 284 clones (76.76%).
Filtered 357.0 of 1545.0 reads (76.89%).
Exporting TRG
Exporting clones: 100%
Filtered 1 of 284 clones (99.65%).
Filtered 1.0 of 1545.0 reads (99.94%).
Exporting IGL
Exporting clones: 1.4%
Filtered 69 of 284 clones (75.7%).
Filtered 383.0 of 1545.0 reads (75.21%).
Exporting IGK
Exporting clones: 0.7%
Filtered 145 of 284 clones (48.94%).
Filtered 786.0 of 1545.0 reads (49.13%).
