Exporting TRB
Exporting clones: 5%
Filtered 20 of 1664 clones (98.8%).
Filtered 30.0 of 5941.0 reads (99.5%).
Exporting TRA
Exporting clones: 4.2%
Filtered 24 of 1664 clones (98.56%).
Filtered 43.0 of 5941.0 reads (99.28%).
Exporting TRD
Exporting clones: 100%
Filtered 1 of 1664 clones (99.94%).
Filtered 2.0 of 5941.0 reads (99.97%).
Exporting IGH
Exporting clones: 0.2%
Filtered 416 of 1664 clones (75%).
Filtered 1275.0 of 5941.0 reads (78.54%).
Exporting TRG
Exporting clones: 50%
Filtered 8 of 1664 clones (99.52%).
Filtered 20.0 of 5941.0 reads (99.66%).
Exporting IGL
Exporting clones: 0.8%
Filtered 394 of 1664 clones (76.32%).
Filtered 1626.0 of 5941.0 reads (72.63%).
Exporting IGK
Exporting clones: 0.1%
Filtered 801 of 1664 clones (51.86%).
Filtered 2945.0 of 5941.0 reads (50.43%).
