Exporting TRB
Exporting clones: 20%
Filtered 5 of 1497 clones (99.67%).
Filtered 9.0 of 3800.0 reads (99.76%).
Exporting TRA
Exporting clones: 7.7%
Filtered 13 of 1497 clones (99.13%).
Filtered 26.0 of 3800.0 reads (99.32%).
Exporting IGH
Exporting clones: 0.3%
Filtered 361 of 1497 clones (75.89%).
Filtered 760.0 of 3800.0 reads (80%).
Exporting TRG
Exporting clones: 60%
Filtered 5 of 1497 clones (99.67%).
Filtered 15.0 of 3800.0 reads (99.61%).
Exporting IGL
Exporting clones: 0.5%
Filtered 416 of 1497 clones (72.21%).
Filtered 1251.0 of 3800.0 reads (67.08%).
Exporting IGK
Exporting clones: 0.4%
Filtered 697 of 1497 clones (53.44%).
Filtered 1739.0 of 3800.0 reads (54.24%).
