Exporting TRB
Exporting clones: 50%
Filtered 2 of 113 clones (98.23%).
Filtered 72.0 of 2858.0 reads (97.48%).
Exporting TRA
Exporting clones: 33.3%
Filtered 3 of 113 clones (97.35%).
Filtered 14.0 of 2858.0 reads (99.51%).
Exporting IGH
Exporting clones: 2.9%
Filtered 34 of 113 clones (69.91%).
Filtered 671.0 of 2858.0 reads (76.52%).
Exporting IGL
Exporting clones: 2.3%
Filtered 43 of 113 clones (61.95%).
Filtered 1514.0 of 2858.0 reads (47.03%).
Exporting IGK
Exporting clones: 3.2%
Filtered 31 of 113 clones (72.57%).
Filtered 587.0 of 2858.0 reads (79.46%).
