Exporting TRB
Exporting clones: 12.5%
Filtered 8 of 387 clones (97.93%).
Filtered 13.0 of 745.0 reads (98.26%).
Exporting TRA
Exporting clones: 11.1%
Filtered 9 of 387 clones (97.67%).
Filtered 21.0 of 745.0 reads (97.18%).
Exporting IGH
Exporting clones: 0.9%
Filtered 111 of 387 clones (71.32%).
Filtered 201.0 of 745.0 reads (73.02%).
Exporting TRG
Exporting clones: 100%
Filtered 1 of 387 clones (99.74%).
Filtered 2.0 of 745.0 reads (99.73%).
Exporting IGL
Exporting clones: 1.2%
Filtered 84 of 387 clones (78.29%).
Filtered 189.0 of 745.0 reads (74.63%).
Exporting IGK
Exporting clones: 0.6%
Filtered 174 of 387 clones (55.04%).
Filtered 319.0 of 745.0 reads (57.18%).
