WARNING: sun.reflect.Reflection.getCallerClass is not supported. This will impact performance.

>>>>>>>>>>>>>>>>>>>>>>> mixcr align <<<<<<<<<<<<<<<<<<<<<<<
Running:
mixcr align --report /projects/rpci/songyao/pnfioric/arc_project/airr_calculation/tcr_quant/results/mixcr_RS-04367475.align.report.txt --json-report /projects/rpci/songyao/pnfioric/arc_project/airr_calculation/tcr_quant/results/mixcr_RS-04367475.align.report.json --threads 12 --preset rna-seq --save-output-file-names /projects/rpci/songyao/pnfioric/arc_project/airr_calculation/tcr_quant/results/mixcr_RS-04367475.align.list.tsv --species hsa /projects/rpci/songyao/pnfioric/arc_project/airr_calculation/fastq_files/RS-04367475/RS-04367475_ROSS12000465-C11_RS-03893349_S141_R1_001.fastq.gz /projects/rpci/songyao/pnfioric/arc_project/airr_calculation/fastq_files/RS-04367475/RS-04367475_ROSS12000465-C11_RS-03893349_S141_R2_001.fastq.gz /projects/rpci/songyao/pnfioric/arc_project/airr_calculation/tcr_quant/results/mixcr_RS-04367475.alignments.vdjca
Alignment: 0%
Alignment: 3.8%  ETA: 00:49:59
Alignment: 7.7%  ETA: 00:47:33
Alignment: 11.6%  ETA: 00:45:10
Alignment: 15.5%  ETA: 00:44:19
Alignment: 19.2%  ETA: 00:42:42
Alignment: 23.1%  ETA: 00:39:59
Alignment: 26.9%  ETA: 00:38:19
Alignment: 30.7%  ETA: 00:36:58
Alignment: 34.5%  ETA: 00:34:21
Alignment: 38.2%  ETA: 00:32:56
Alignment: 42%  ETA: 00:30:56
Alignment: 45.7%  ETA: 00:29:13
Alignment: 49.4%  ETA: 00:27:13
Alignment: 53.2%  ETA: 00:24:45
Alignment: 56.9%  ETA: 00:22:57
Alignment: 60.7%  ETA: 00:20:57
Alignment: 64.4%  ETA: 00:19:08
Alignment: 68.1%  ETA: 00:17:08
Alignment: 71.8%  ETA: 00:15:08
Alignment: 75.5%  ETA: 00:13:16
Alignment: 79.3%  ETA: 00:11:02
Alignment: 83.1%  ETA: 00:08:57
Alignment: 86.9%  ETA: 00:06:57
Alignment: 90.6%  ETA: 00:05:00
Alignment: 94.4%  ETA: 00:03:00
Alignment: 98.1%  ETA: 00:01:02
====================== report: align ======================
Analysis time: 53.05m
Total sequencing reads: 59467624
Successfully aligned reads: 90347 (0.15%)
Coverage (percent of successfully aligned):
  CDR3: 25536 (28.26%)
  FR3_TO_FR4: 92 (0.1%)
  CDR2_TO_FR4: 44 (0.05%)
  FR2_TO_FR4: 2 (0%)
  CDR1_TO_FR4: 7 (0.01%)
  VDJRegion: 24 (0.03%)
Alignment failed: no hits (not TCR/IG?): 57849532 (97.28%)
Alignment failed: no CDR3 parts: 176767 (0.3%)
Alignment failed: low total score: 1350978 (2.27%)
Overlapped: 56480534 (94.98%)
Overlapped and aligned: 88902 (0.15%)
Overlapped and not aligned: 56391632 (94.83%)
Alignment-aided overlaps, percent of overlapped and aligned: 760 (0.85%)
No CDR3 parts alignments, percent of successfully aligned: 1493 (1.65%)
Partial aligned reads, percent of successfully aligned: 63318 (70.08%)
V gene chimeras: 7 (0%)
Realigned with forced non-floating bound: 5975700 (10.05%)
Realigned with forced non-floating right bound in left read: 537 (0%)
Realigned with forced non-floating left bound in right read: 537 (0%)
TRA chains: 5289 (5.85%)
TRA non-functional: 9 (0.17%)
TRB chains: 1433 (1.59%)
TRB non-functional: 12 (0.84%)
TRD chains: 50 (0.06%)
TRD non-functional: 0 (0%)
TRG chains: 111 (0.12%)
TRG non-functional: 3 (2.7%)
IGH chains: 29832 (33.02%)
IGH non-functional: 93 (0.31%)
TRAD chains: 99 (0.11%)
TRAD non-functional: 0 (0%)
IGK chains: 19641 (21.74%)
IGK non-functional: 346 (1.76%)
IGL chains: 33892 (37.51%)
IGL non-functional: 172 (0.51%)
Trimming report:
  R1 reads trimmed left: 18585 (0.03%)
  R1 reads trimmed right: 19528 (0.03%)
  Average R1 nucleotides trimmed left: 0.0053134962984228195
  Average R1 nucleotides trimmed right: 0.005783869891960035
  R2 reads trimmed left: 19658 (0.03%)
  R2 reads trimmed right: 20410 (0.03%)
  Average R2 nucleotides trimmed left: 0.005161632151303035
  Average R2 nucleotides trimmed right: 0.006660279549759715

>>>>>>>>>>>>>>>>>> mixcr assemblePartial <<<<<<<<<<<<<<<<<<
Running:
mixcr assemblePartial --report /projects/rpci/songyao/pnfioric/arc_project/airr_calculation/tcr_quant/results/mixcr_RS-04367475.assemblePartial.report.txt --json-report /projects/rpci/songyao/pnfioric/arc_project/airr_calculation/tcr_quant/results/mixcr_RS-04367475.assemblePartial.report.json /projects/rpci/songyao/pnfioric/arc_project/airr_calculation/tcr_quant/results/mixcr_RS-04367475.alignments.vdjca /projects/rpci/songyao/pnfioric/arc_project/airr_calculation/tcr_quant/results/mixcr_RS-04367475.passembled.1.vdjca
Building index: 0%
Searching for overlaps: 0%
Searching for overlaps: 16.9%  ETA: 00:00:04
Searching for overlaps: 35.6%  ETA: 00:00:03
Searching for overlaps: 53.3%  ETA: 00:00:02
Searching for overlaps: 75.1%  ETA: 00:00:01
Searching for overlaps: 95.7%  ETA: 00:00:00
================= report: assemblePartial =================
Analysis time: 6.26s
Total alignments analysed: 90347
Number of output alignments: 89459 (99.02%)
Alignments already with CDR3 (no overlapping is performed): 26746 (29.6%)
Successfully overlapped alignments: 888 (0.98%)
Left parts with too small N-region (failed to extract k-mer): 26357 (29.17%)
Extracted k-mer diversity: 29225
Dropped due to wildcard in k-mer: 0 (0%)
Dropped due to too short NRegion parts in overlap: 899 (1%)
Dropped overlaps with empty N region due to no complete NDN coverage: 34 (0.04%)
Number of left-side alignments: 11586 (12.82%)
Number of right-side alignments: 25748 (28.5%)
Complex overlaps: 0 (0%)
Over-overlaps: 0 (0%)
Partial alignments written to output: 61825 (68.43%)

>>>>>>>>>>>>>>>>>> mixcr assemblePartial <<<<<<<<<<<<<<<<<<
Running:
mixcr assemblePartial --report /projects/rpci/songyao/pnfioric/arc_project/airr_calculation/tcr_quant/results/mixcr_RS-04367475.assemblePartial.report.txt --json-report /projects/rpci/songyao/pnfioric/arc_project/airr_calculation/tcr_quant/results/mixcr_RS-04367475.assemblePartial.report.json /projects/rpci/songyao/pnfioric/arc_project/airr_calculation/tcr_quant/results/mixcr_RS-04367475.passembled.1.vdjca /projects/rpci/songyao/pnfioric/arc_project/airr_calculation/tcr_quant/results/mixcr_RS-04367475.passembled.2.vdjca
Building index: 0%
Searching for overlaps: 0%
Searching for overlaps: 33.3%  ETA: 00:00:02
Searching for overlaps: 66.5%  ETA: 00:00:01
================= report: assemblePartial =================
Analysis time: 3.03s
Total alignments analysed: 89459
Number of output alignments: 89457 (100%)
Alignments already with CDR3 (no overlapping is performed): 27634 (30.89%)
Successfully overlapped alignments: 2 (0%)
Left parts with too small N-region (failed to extract k-mer): 26356 (29.46%)
Extracted k-mer diversity: 28356
Dropped due to wildcard in k-mer: 0 (0%)
Dropped due to too short NRegion parts in overlap: 853 (0.95%)
Dropped overlaps with empty N region due to no complete NDN coverage: 20 (0.02%)
Number of left-side alignments: 10695 (11.96%)
Number of right-side alignments: 24858 (27.79%)
Complex overlaps: 0 (0%)
Over-overlaps: 0 (0%)
Partial alignments written to output: 61821 (69.11%)

>>>>>>>>>>>>>>>>>>>>>>> mixcr extend <<<<<<<<<<<<<<<<<<<<<<<
Running:
mixcr extend --report /projects/rpci/songyao/pnfioric/arc_project/airr_calculation/tcr_quant/results/mixcr_RS-04367475.extend.report.txt --json-report /projects/rpci/songyao/pnfioric/arc_project/airr_calculation/tcr_quant/results/mixcr_RS-04367475.extend.report.json --threads 12 /projects/rpci/songyao/pnfioric/arc_project/airr_calculation/tcr_quant/results/mixcr_RS-04367475.passembled.2.vdjca /projects/rpci/songyao/pnfioric/arc_project/airr_calculation/tcr_quant/results/mixcr_RS-04367475.extended.vdjca
Extending alignments: 0%
Extending alignments: 92.2%  ETA: 00:00:00
====================== report: extend ======================
Analysis time: 1.05s
Extended alignments count: 16 (0.02%)
V extensions total: 0 (0%)
V extensions with merged targets: 0 (0%)
J extensions total: 16 (0.02%)
J extensions with merged targets: 0 (0%)
V+J extensions: 0 (0%)
Mean V extension length: NaN
Mean J extension length: 13.8125

>>>>>>>>>>>>>>>>>>>>>> mixcr assemble <<<<<<<<<<<<<<<<<<<<<<
Running:
mixcr assemble --report /projects/rpci/songyao/pnfioric/arc_project/airr_calculation/tcr_quant/results/mixcr_RS-04367475.assemble.report.txt --json-report /projects/rpci/songyao/pnfioric/arc_project/airr_calculation/tcr_quant/results/mixcr_RS-04367475.assemble.report.json /projects/rpci/songyao/pnfioric/arc_project/airr_calculation/tcr_quant/results/mixcr_RS-04367475.extended.vdjca /projects/rpci/songyao/pnfioric/arc_project/airr_calculation/tcr_quant/results/mixcr_RS-04367475.clna
Initialization: progress unknown
Clustering: 7.9%
Building clones: 11.3%  ETA: 00:00:26
Building clones: 70.4%  ETA: 00:00:00
Initialization: progress unknown
Sorting alignments: 80.2%
Writing alignments: 1.4%
Writing alignments: 76.7%  ETA: 00:00:00
Writing alignments: 89.1%  ETA: 00:00:01
===================== report: assemble =====================
Analysis time: 4.93s
Final clonotype count: 4105
Reads used in clonotypes, percent of total: 26906 (0.05%)
Average number of reads per clonotype: 6.55
Reads dropped due to the lack of a clone sequence, percent of total: 63015 (0.11%)
Reads dropped due to a too short clonal sequence, percent of total: 1 (0%)
Reads dropped due to low quality, percent of total: 0 (0%)
Reads dropped due to failed mapping, percent of total: 216 (0%)
Reads dropped with low quality clones, percent of total: 0 (0%)
Aligned reads processed: 27332
Reads used in clonotypes before clustering, percent of total: 27115 (0.05%)
Number of reads used as a core, percent of used: 26905 (99.23%)
Mapped low quality reads, percent of used: 210 (0.77%)
Reads clustered in PCR error correction, percent of used: 209 (0.77%)
Reads pre-clustered due to the similar VJC-lists, percent of used: 0 (0%)
Clonotypes dropped as low quality: 0
Clonotypes eliminated by PCR error correction: 166
Clonotypes pre-clustered due to the similar VJC-lists: 0
Clones dropped in post filtering: 0 (0%)
Reads dropped in post filtering: 0.0 (0%)
Reads filtered by tag prefix: 0 (0%)
TRA chains: 36 (0.88%)
TRA non-functional: 7 (19.44%)
TRB chains: 25 (0.61%)
TRB non-functional: 2 (8%)
TRD chains: 2 (0.05%)
TRD non-functional: 0 (0%)
TRG chains: 4 (0.1%)
TRG non-functional: 2 (50%)
IGH chains: 1347 (32.81%)
IGH non-functional: 27 (2%)
IGK chains: 1418 (34.54%)
IGK non-functional: 106 (7.48%)
IGL chains: 1273 (31.01%)
IGL non-functional: 44 (3.46%)

>>>>>>>>>>>>>>>>>> mixcr assembleContigs <<<<<<<<<<<<<<<<<<
Running:
mixcr assembleContigs --report /projects/rpci/songyao/pnfioric/arc_project/airr_calculation/tcr_quant/results/mixcr_RS-04367475.assembleContigs.report.txt --json-report /projects/rpci/songyao/pnfioric/arc_project/airr_calculation/tcr_quant/results/mixcr_RS-04367475.assembleContigs.report.json --threads 12 /projects/rpci/songyao/pnfioric/arc_project/airr_calculation/tcr_quant/results/mixcr_RS-04367475.clna /projects/rpci/songyao/pnfioric/arc_project/airr_calculation/tcr_quant/results/mixcr_RS-04367475.contigs.clns
Assembling contigs: 0%
Assembling contigs: 14.4%  ETA: 00:00:05
Assembling contigs: 28.8%  ETA: 00:00:04
================= report: assembleContigs =================
Analysis time: 2.4s
Initial clonotype count: 4105
Final clonotype count: 4105 (100%)
Canceled assemblies: 0 (0%)
Clones filtered out after assemble: 0 (0%)
Number of premature termination assembly events, percent of number of initial clonotypes: 0.0 (0%)
Longest contig length: 344
Clustered variants: 0 (0%)
Reads in clustered variants: 0.0 (0%)
Reads in divided (newly created) clones: 0.0 (0%)
Clones with ambiguous letters in splitting region: 0 (0%)
Reads in clones with ambiguous letters in splitting region: 0.0 (0%)
Average number of ambiguous letters per clone with ambiguous letters in splitting region: NaN
Clones combined after clustering: 0 (0%)

>>>>>>>>>>>>>>>>>>>>>>>>> mixcr qc <<<<<<<<<<<<<<<<<<<<<<<<<
Running:
mixcr qc --print-to-stdout /projects/rpci/songyao/pnfioric/arc_project/airr_calculation/tcr_quant/results/mixcr_RS-04367475.contigs.clns /projects/rpci/songyao/pnfioric/arc_project/airr_calculation/tcr_quant/results/mixcr_RS-04367475.qc.txt /projects/rpci/songyao/pnfioric/arc_project/airr_calculation/tcr_quant/results/mixcr_RS-04367475.qc.json

  Alignments dropped due to low sequence quality: 0.0% [OK]

>>>>>>>>>>>>>>>>>>>> mixcr exportClones <<<<<<<<<<<<<<<<<<<<
Running:
mixcr exportClones /projects/rpci/songyao/pnfioric/arc_project/airr_calculation/tcr_quant/results/mixcr_RS-04367475.contigs.clns /projects/rpci/songyao/pnfioric/arc_project/airr_calculation/tcr_quant/results/mixcr_RS-04367475.clones.tsv
Analysis finished successfully.
===============================
Visualize results and simplify your immune data analysis with a convenient UI.
Explore and install Platforma.bio here: https://platforma.bio
