WARNING: sun.reflect.Reflection.getCallerClass is not supported. This will impact performance.

>>>>>>>>>>>>>>>>>>>>>>> mixcr align <<<<<<<<<<<<<<<<<<<<<<<
Running:
mixcr align --report /projects/rpci/songyao/pnfioric/arc_project/airr_calculation/tcr_quant/results/mixcr_RS-03726100.align.report.txt --json-report /projects/rpci/songyao/pnfioric/arc_project/airr_calculation/tcr_quant/results/mixcr_RS-03726100.align.report.json --threads 12 --preset rna-seq --save-output-file-names /projects/rpci/songyao/pnfioric/arc_project/airr_calculation/tcr_quant/results/mixcr_RS-03726100.align.list.tsv --species hsa /projects/rpci/songyao/pnfioric/arc_project/airr_calculation/fastq_files/RS-03726100/RS-04417022_RWCS11007768-B1_RS-03726100_S31_R1_001.fastq.gz /projects/rpci/songyao/pnfioric/arc_project/airr_calculation/fastq_files/RS-03726100/RS-04417022_RWCS11007768-B1_RS-03726100_S31_R2_001.fastq.gz /projects/rpci/songyao/pnfioric/arc_project/airr_calculation/tcr_quant/results/mixcr_RS-03726100.alignments.vdjca
Alignment: 0%
Alignment: 5.7%  ETA: 00:33:02
Alignment: 11.5%  ETA: 00:30:38
Alignment: 17.3%  ETA: 00:28:15
Alignment: 23.1%  ETA: 00:26:36
Alignment: 28.9%  ETA: 00:24:36
Alignment: 34.6%  ETA: 00:22:45
Alignment: 40.4%  ETA: 00:20:45
Alignment: 46.1%  ETA: 00:18:45
Alignment: 51.9%  ETA: 00:16:38
Alignment: 57.6%  ETA: 00:14:51
Alignment: 63.3%  ETA: 00:12:51
Alignment: 69.1%  ETA: 00:10:46
Alignment: 74.8%  ETA: 00:08:42
Alignment: 80.5%  ETA: 00:06:55
Alignment: 86.2%  ETA: 00:04:47
Alignment: 92%  ETA: 00:02:45
Alignment: 97.8%  ETA: 00:00:44
====================== report: align ======================
Analysis time: 34.79m
Total sequencing reads: 58977676
Successfully aligned reads: 2790 (0%)
Coverage (percent of successfully aligned):
  CDR3: 2 (0.07%)
  FR3_TO_FR4: 0 (0%)
  CDR2_TO_FR4: 0 (0%)
  FR2_TO_FR4: 0 (0%)
  CDR1_TO_FR4: 0 (0%)
  VDJRegion: 0 (0%)
Alignment failed: no hits (not TCR/IG?): 49872823 (84.56%)
Alignment failed: no CDR3 parts: 84707 (0.14%)
Alignment failed: low total score: 9017356 (15.29%)
Overlapped: 57157717 (96.91%)
Overlapped and aligned: 2708 (0%)
Overlapped and not aligned: 57155009 (96.91%)
Alignment-aided overlaps, percent of overlapped and aligned: 3 (0.11%)
No CDR3 parts alignments, percent of successfully aligned: 48 (1.72%)
Partial aligned reads, percent of successfully aligned: 2740 (98.21%)
Realigned with forced non-floating bound: 3639924 (6.17%)
Realigned with forced non-floating right bound in left read: 2777 (0%)
Realigned with forced non-floating left bound in right read: 2777 (0%)
TRA chains: 284 (10.18%)
TRA non-functional: 0 (0%)
TRB chains: 447 (16.02%)
TRB non-functional: 0 (0%)
TRD chains: 30 (1.08%)
TRD non-functional: 0 (0%)
TRG chains: 54 (1.94%)
TRG non-functional: 0 (0%)
IGH chains: 1177 (42.19%)
IGH non-functional: 0 (0%)
TRAD chains: 126 (4.52%)
TRAD non-functional: 0 (0%)
IGK chains: 293 (10.5%)
IGK non-functional: 0 (0%)
IGL chains: 379 (13.58%)
IGL non-functional: 0 (0%)
Trimming report:
  R1 reads trimmed left: 133009 (0.23%)
  R1 reads trimmed right: 140458 (0.24%)
  Average R1 nucleotides trimmed left: 0.03833375869201764
  Average R1 nucleotides trimmed right: 0.041079780763148416
  R2 reads trimmed left: 131397 (0.22%)
  R2 reads trimmed right: 139233 (0.24%)
  Average R2 nucleotides trimmed left: 0.03777717521456763
  Average R2 nucleotides trimmed right: 0.04045467983512948

>>>>>>>>>>>>>>>>>> mixcr assemblePartial <<<<<<<<<<<<<<<<<<
Running:
mixcr assemblePartial --report /projects/rpci/songyao/pnfioric/arc_project/airr_calculation/tcr_quant/results/mixcr_RS-03726100.assemblePartial.report.txt --json-report /projects/rpci/songyao/pnfioric/arc_project/airr_calculation/tcr_quant/results/mixcr_RS-03726100.assemblePartial.report.json /projects/rpci/songyao/pnfioric/arc_project/airr_calculation/tcr_quant/results/mixcr_RS-03726100.alignments.vdjca /projects/rpci/songyao/pnfioric/arc_project/airr_calculation/tcr_quant/results/mixcr_RS-03726100.passembled.1.vdjca
Building index: 0%
Searching for overlaps: 0%
================= report: assemblePartial =================
Analysis time: 270ms
Total alignments analysed: 2790
Number of output alignments: 2790 (100%)
Alignments already with CDR3 (no overlapping is performed): 2 (0.07%)
Successfully overlapped alignments: 0 (0%)
Left parts with too small N-region (failed to extract k-mer): 519 (18.6%)
Extracted k-mer diversity: 6545
Dropped due to wildcard in k-mer: 0 (0%)
Dropped due to too short NRegion parts in overlap: 0 (0%)
Dropped overlaps with empty N region due to no complete NDN coverage: 0 (0%)
Number of left-side alignments: 1112 (39.86%)
Number of right-side alignments: 1174 (42.08%)
Complex overlaps: 0 (0%)
Over-overlaps: 0 (0%)
Partial alignments written to output: 2788 (99.93%)

>>>>>>>>>>>>>>>>>> mixcr assemblePartial <<<<<<<<<<<<<<<<<<
Running:
mixcr assemblePartial --report /projects/rpci/songyao/pnfioric/arc_project/airr_calculation/tcr_quant/results/mixcr_RS-03726100.assemblePartial.report.txt --json-report /projects/rpci/songyao/pnfioric/arc_project/airr_calculation/tcr_quant/results/mixcr_RS-03726100.assemblePartial.report.json /projects/rpci/songyao/pnfioric/arc_project/airr_calculation/tcr_quant/results/mixcr_RS-03726100.passembled.1.vdjca /projects/rpci/songyao/pnfioric/arc_project/airr_calculation/tcr_quant/results/mixcr_RS-03726100.passembled.2.vdjca
Building index: 0%
Searching for overlaps: 0.6%
================= report: assemblePartial =================
Analysis time: 54ms
Total alignments analysed: 2790
Number of output alignments: 2790 (100%)
Alignments already with CDR3 (no overlapping is performed): 2 (0.07%)
Successfully overlapped alignments: 0 (0%)
Left parts with too small N-region (failed to extract k-mer): 519 (18.6%)
Extracted k-mer diversity: 6545
Dropped due to wildcard in k-mer: 0 (0%)
Dropped due to too short NRegion parts in overlap: 0 (0%)
Dropped overlaps with empty N region due to no complete NDN coverage: 0 (0%)
Number of left-side alignments: 1112 (39.86%)
Number of right-side alignments: 1174 (42.08%)
Complex overlaps: 0 (0%)
Over-overlaps: 0 (0%)
Partial alignments written to output: 2788 (99.93%)

>>>>>>>>>>>>>>>>>>>>>>> mixcr extend <<<<<<<<<<<<<<<<<<<<<<<
Running:
mixcr extend --report /projects/rpci/songyao/pnfioric/arc_project/airr_calculation/tcr_quant/results/mixcr_RS-03726100.extend.report.txt --json-report /projects/rpci/songyao/pnfioric/arc_project/airr_calculation/tcr_quant/results/mixcr_RS-03726100.extend.report.json --threads 12 /projects/rpci/songyao/pnfioric/arc_project/airr_calculation/tcr_quant/results/mixcr_RS-03726100.passembled.2.vdjca /projects/rpci/songyao/pnfioric/arc_project/airr_calculation/tcr_quant/results/mixcr_RS-03726100.extended.vdjca
Extending alignments: 0%
====================== report: extend ======================
Analysis time: 30ms
Extended alignments count: 0 (0%)
V extensions total: 0 (0%)
V extensions with merged targets: 0 (0%)
J extensions total: 0 (0%)
J extensions with merged targets: 0 (0%)
V+J extensions: 0 (0%)
Mean V extension length: NaN
Mean J extension length: NaN

>>>>>>>>>>>>>>>>>>>>>> mixcr assemble <<<<<<<<<<<<<<<<<<<<<<
Running:
mixcr assemble --report /projects/rpci/songyao/pnfioric/arc_project/airr_calculation/tcr_quant/results/mixcr_RS-03726100.assemble.report.txt --json-report /projects/rpci/songyao/pnfioric/arc_project/airr_calculation/tcr_quant/results/mixcr_RS-03726100.assemble.report.json /projects/rpci/songyao/pnfioric/arc_project/airr_calculation/tcr_quant/results/mixcr_RS-03726100.extended.vdjca /projects/rpci/songyao/pnfioric/arc_project/airr_calculation/tcr_quant/results/mixcr_RS-03726100.clna
Initialization: progress unknown
Initialization: progress unknown
===================== report: assemble =====================
Analysis time: 262ms
Final clonotype count: 1
Reads used in clonotypes, percent of total: 1 (0%)
Average number of reads per clonotype: 1
Reads dropped due to the lack of a clone sequence, percent of total: 2788 (0%)
Reads dropped due to a too short clonal sequence, percent of total: 0 (0%)
Reads dropped due to low quality, percent of total: 0 (0%)
Reads dropped due to failed mapping, percent of total: 1 (0%)
Reads dropped with low quality clones, percent of total: 0 (0%)
Aligned reads processed: 2
Reads used in clonotypes before clustering, percent of total: 1 (0%)
Number of reads used as a core, percent of used: 1 (100%)
Mapped low quality reads, percent of used: 0 (0%)
Reads clustered in PCR error correction, percent of used: 0 (0%)
Reads pre-clustered due to the similar VJC-lists, percent of used: 0 (0%)
Clonotypes dropped as low quality: 0
Clonotypes eliminated by PCR error correction: 0
Clonotypes pre-clustered due to the similar VJC-lists: 0
Clones dropped in post filtering: 0 (0%)
Reads dropped in post filtering: 0.0 (0%)
Reads filtered by tag prefix: 0 (0%)
IGK chains: 1 (100%)
IGK non-functional: 0 (0%)

>>>>>>>>>>>>>>>>>> mixcr assembleContigs <<<<<<<<<<<<<<<<<<
Running:
mixcr assembleContigs --report /projects/rpci/songyao/pnfioric/arc_project/airr_calculation/tcr_quant/results/mixcr_RS-03726100.assembleContigs.report.txt --json-report /projects/rpci/songyao/pnfioric/arc_project/airr_calculation/tcr_quant/results/mixcr_RS-03726100.assembleContigs.report.json --threads 12 /projects/rpci/songyao/pnfioric/arc_project/airr_calculation/tcr_quant/results/mixcr_RS-03726100.clna /projects/rpci/songyao/pnfioric/arc_project/airr_calculation/tcr_quant/results/mixcr_RS-03726100.contigs.clns
Assembling contigs: 0%
================= report: assembleContigs =================
Analysis time: 91ms
Initial clonotype count: 1
Final clonotype count: 1 (100%)
Canceled assemblies: 0 (0%)
Clones filtered out after assemble: 0 (0%)
Number of premature termination assembly events, percent of number of initial clonotypes: 0.0 (0%)
Longest contig length: 107
Clustered variants: 0 (0%)
Reads in clustered variants: 0.0 (0%)
Reads in divided (newly created) clones: 0.0 (0%)
Clones with ambiguous letters in splitting region: 0 (0%)
Reads in clones with ambiguous letters in splitting region: 0.0 (0%)
Average number of ambiguous letters per clone with ambiguous letters in splitting region: NaN
Clones combined after clustering: 0 (0%)

>>>>>>>>>>>>>>>>>>>>>>>>> mixcr qc <<<<<<<<<<<<<<<<<<<<<<<<<
Running:
mixcr qc --print-to-stdout /projects/rpci/songyao/pnfioric/arc_project/airr_calculation/tcr_quant/results/mixcr_RS-03726100.contigs.clns /projects/rpci/songyao/pnfioric/arc_project/airr_calculation/tcr_quant/results/mixcr_RS-03726100.qc.txt /projects/rpci/songyao/pnfioric/arc_project/airr_calculation/tcr_quant/results/mixcr_RS-03726100.qc.json

  Alignments dropped due to low sequence quality: 0.0% [OK]

>>>>>>>>>>>>>>>>>>>> mixcr exportClones <<<<<<<<<<<<<<<<<<<<
Running:
mixcr exportClones /projects/rpci/songyao/pnfioric/arc_project/airr_calculation/tcr_quant/results/mixcr_RS-03726100.contigs.clns /projects/rpci/songyao/pnfioric/arc_project/airr_calculation/tcr_quant/results/mixcr_RS-03726100.clones.tsv
Analysis finished successfully.
===============================
Visualize results and simplify your immune data analysis with a convenient UI.
Explore and install Platforma.bio here: https://platforma.bio
