Exporting TRB
Exporting clones: 11.1%
Filtered 9 of 739 clones (98.78%).
Filtered 36.0 of 2113.0 reads (98.3%).
Exporting TRA
Exporting clones: 4.5%
Filtered 22 of 739 clones (97.02%).
Filtered 44.0 of 2113.0 reads (97.92%).
Exporting IGH
Exporting clones: 0.6%
Filtered 170 of 739 clones (77%).
Filtered 465.0 of 2113.0 reads (77.99%).
Exporting TRG
Exporting clones: 20%
Filtered 5 of 739 clones (99.32%).
Filtered 13.0 of 2113.0 reads (99.38%).
Exporting IGL
Exporting clones: 1.1%
Filtered 179 of 739 clones (75.78%).
Filtered 529.0 of 2113.0 reads (74.96%).
Exporting IGK
Exporting clones: 0.3%
Filtered 354 of 739 clones (52.1%).
Filtered 1026.0 of 2113.0 reads (51.44%).
