WARNING: sun.reflect.Reflection.getCallerClass is not supported. This will impact performance.

>>>>>>>>>>>>>>>>>>>>>>> mixcr align <<<<<<<<<<<<<<<<<<<<<<<
Running:
mixcr align --report /projects/rpci/songyao/pnfioric/arc_project/airr_calculation/tcr_quant/results/mixcr_RS-04367446.align.report.txt --json-report /projects/rpci/songyao/pnfioric/arc_project/airr_calculation/tcr_quant/results/mixcr_RS-04367446.align.report.json --threads 12 --preset rna-seq --save-output-file-names /projects/rpci/songyao/pnfioric/arc_project/airr_calculation/tcr_quant/results/mixcr_RS-04367446.align.list.tsv --species hsa /projects/rpci/songyao/pnfioric/arc_project/airr_calculation/fastq_files/RS-04367446/RS-04367446_111_RS-04061371_S112_R1_001.fastq.gz /projects/rpci/songyao/pnfioric/arc_project/airr_calculation/fastq_files/RS-04367446/RS-04367446_111_RS-04061371_S112_R2_001.fastq.gz /projects/rpci/songyao/pnfioric/arc_project/airr_calculation/tcr_quant/results/mixcr_RS-04367446.alignments.vdjca
Alignment: 0%
Alignment: 3.5%  ETA: 00:55:13
Alignment: 7%  ETA: 00:53:13
Alignment: 10.5%  ETA: 00:50:24
Alignment: 14.1%  ETA: 00:48:47
Alignment: 17.6%  ETA: 00:47:10
Alignment: 21.1%  ETA: 00:45:10
Alignment: 24.6%  ETA: 00:43:10
Alignment: 28%  ETA: 00:41:30
Alignment: 31.5%  ETA: 00:39:30
Alignment: 35%  ETA: 00:36:53
Alignment: 38.5%  ETA: 00:35:46
Alignment: 41.9%  ETA: 00:33:46
Alignment: 45.4%  ETA: 00:31:30
Alignment: 48.8%  ETA: 00:30:00
Alignment: 52.2%  ETA: 00:28:14
Alignment: 55.6%  ETA: 00:26:14
Alignment: 58.9%  ETA: 00:24:40
Alignment: 62.2%  ETA: 00:22:28
Alignment: 65.6%  ETA: 00:20:39
Alignment: 68.9%  ETA: 00:18:29
Alignment: 72.3%  ETA: 00:16:20
Alignment: 75.7%  ETA: 00:14:12
Alignment: 79.1%  ETA: 00:12:19
Alignment: 82.5%  ETA: 00:10:19
Alignment: 85.9%  ETA: 00:08:14
Alignment: 89.3%  ETA: 00:06:18
Alignment: 92.7%  ETA: 00:04:21
Alignment: 96.1%  ETA: 00:02:17
Alignment: 99.5%  ETA: 00:00:16
====================== report: align ======================
Analysis time: 58.31m
Total sequencing reads: 76066973
Successfully aligned reads: 6067 (0.01%)
Coverage (percent of successfully aligned):
  CDR3: 0 (0%)
  FR3_TO_FR4: 0 (0%)
  CDR2_TO_FR4: 0 (0%)
  FR2_TO_FR4: 0 (0%)
  CDR1_TO_FR4: 0 (0%)
  VDJRegion: 0 (0%)
Alignment failed: no hits (not TCR/IG?): 72465826 (95.27%)
Alignment failed: no CDR3 parts: 36576 (0.05%)
Alignment failed: low total score: 3558504 (4.68%)
Overlapped: 62531208 (82.21%)
Overlapped and aligned: 5014 (0.01%)
Overlapped and not aligned: 62526194 (82.2%)
Alignment-aided overlaps, percent of overlapped and aligned: 577 (11.51%)
No CDR3 parts alignments, percent of successfully aligned: 180 (2.97%)
Partial aligned reads, percent of successfully aligned: 5887 (97.03%)
V gene chimeras: 81 (0%)
Realigned with forced non-floating bound: 27072684 (35.59%)
Realigned with forced non-floating right bound in left read: 1487 (0%)
Realigned with forced non-floating left bound in right read: 1487 (0%)
TRA chains: 1854 (30.56%)
TRA non-functional: 0 (0%)
TRB chains: 758 (12.49%)
TRB non-functional: 0 (0%)
TRG chains: 120 (1.98%)
TRG non-functional: 0 (0%)
IGH chains: 1367 (22.53%)
IGH non-functional: 0 (0%)
TRAD chains: 11 (0.18%)
TRAD non-functional: 0 (0%)
IGK chains: 1625 (26.78%)
IGK non-functional: 0 (0%)
IGL chains: 332 (5.47%)
IGL non-functional: 0 (0%)
Trimming report:
  R1 reads trimmed left: 1951617 (2.57%)
  R1 reads trimmed right: 2024207 (2.66%)
  Average R1 nucleotides trimmed left: 0.43615921196180635
  Average R1 nucleotides trimmed right: 0.4664948216093731
  R2 reads trimmed left: 1923716 (2.53%)
  R2 reads trimmed right: 1995291 (2.62%)
  Average R2 nucleotides trimmed left: 0.42950264367690827
  Average R2 nucleotides trimmed right: 0.46045123946236166

>>>>>>>>>>>>>>>>>> mixcr assemblePartial <<<<<<<<<<<<<<<<<<
Running:
mixcr assemblePartial --report /projects/rpci/songyao/pnfioric/arc_project/airr_calculation/tcr_quant/results/mixcr_RS-04367446.assemblePartial.report.txt --json-report /projects/rpci/songyao/pnfioric/arc_project/airr_calculation/tcr_quant/results/mixcr_RS-04367446.assemblePartial.report.json /projects/rpci/songyao/pnfioric/arc_project/airr_calculation/tcr_quant/results/mixcr_RS-04367446.alignments.vdjca /projects/rpci/songyao/pnfioric/arc_project/airr_calculation/tcr_quant/results/mixcr_RS-04367446.passembled.1.vdjca
Building index: 0%
Searching for overlaps: 0%
================= report: assemblePartial =================
Analysis time: 253ms
Total alignments analysed: 6067
Number of output alignments: 6067 (100%)
Alignments already with CDR3 (no overlapping is performed): 0 (0%)
Successfully overlapped alignments: 0 (0%)
Left parts with too small N-region (failed to extract k-mer): 427 (7.04%)
Extracted k-mer diversity: 1233
Dropped due to wildcard in k-mer: 0 (0%)
Dropped due to too short NRegion parts in overlap: 0 (0%)
Dropped overlaps with empty N region due to no complete NDN coverage: 0 (0%)
Number of left-side alignments: 1944 (32.04%)
Number of right-side alignments: 3697 (60.94%)
Complex overlaps: 0 (0%)
Over-overlaps: 0 (0%)
Partial alignments written to output: 6067 (100%)

>>>>>>>>>>>>>>>>>> mixcr assemblePartial <<<<<<<<<<<<<<<<<<
Running:
mixcr assemblePartial --report /projects/rpci/songyao/pnfioric/arc_project/airr_calculation/tcr_quant/results/mixcr_RS-04367446.assemblePartial.report.txt --json-report /projects/rpci/songyao/pnfioric/arc_project/airr_calculation/tcr_quant/results/mixcr_RS-04367446.assemblePartial.report.json /projects/rpci/songyao/pnfioric/arc_project/airr_calculation/tcr_quant/results/mixcr_RS-04367446.passembled.1.vdjca /projects/rpci/songyao/pnfioric/arc_project/airr_calculation/tcr_quant/results/mixcr_RS-04367446.passembled.2.vdjca
Building index: 0%
Searching for overlaps: 0%
================= report: assemblePartial =================
Analysis time: 116ms
Total alignments analysed: 6067
Number of output alignments: 6067 (100%)
Alignments already with CDR3 (no overlapping is performed): 0 (0%)
Successfully overlapped alignments: 0 (0%)
Left parts with too small N-region (failed to extract k-mer): 427 (7.04%)
Extracted k-mer diversity: 1233
Dropped due to wildcard in k-mer: 0 (0%)
Dropped due to too short NRegion parts in overlap: 0 (0%)
Dropped overlaps with empty N region due to no complete NDN coverage: 0 (0%)
Number of left-side alignments: 1944 (32.04%)
Number of right-side alignments: 3697 (60.94%)
Complex overlaps: 0 (0%)
Over-overlaps: 0 (0%)
Partial alignments written to output: 6067 (100%)

>>>>>>>>>>>>>>>>>>>>>>> mixcr extend <<<<<<<<<<<<<<<<<<<<<<<
Running:
mixcr extend --report /projects/rpci/songyao/pnfioric/arc_project/airr_calculation/tcr_quant/results/mixcr_RS-04367446.extend.report.txt --json-report /projects/rpci/songyao/pnfioric/arc_project/airr_calculation/tcr_quant/results/mixcr_RS-04367446.extend.report.json --threads 12 /projects/rpci/songyao/pnfioric/arc_project/airr_calculation/tcr_quant/results/mixcr_RS-04367446.passembled.2.vdjca /projects/rpci/songyao/pnfioric/arc_project/airr_calculation/tcr_quant/results/mixcr_RS-04367446.extended.vdjca
Extending alignments: 0%
====================== report: extend ======================
Analysis time: 67ms
Extended alignments count: 0 (0%)
V extensions total: 0 (0%)
V extensions with merged targets: 0 (0%)
J extensions total: 0 (0%)
J extensions with merged targets: 0 (0%)
V+J extensions: 0 (0%)
Mean V extension length: NaN
Mean J extension length: NaN

>>>>>>>>>>>>>>>>>>>>>> mixcr assemble <<<<<<<<<<<<<<<<<<<<<<
Running:
mixcr assemble --report /projects/rpci/songyao/pnfioric/arc_project/airr_calculation/tcr_quant/results/mixcr_RS-04367446.assemble.report.txt --json-report /projects/rpci/songyao/pnfioric/arc_project/airr_calculation/tcr_quant/results/mixcr_RS-04367446.assemble.report.json /projects/rpci/songyao/pnfioric/arc_project/airr_calculation/tcr_quant/results/mixcr_RS-04367446.extended.vdjca /projects/rpci/songyao/pnfioric/arc_project/airr_calculation/tcr_quant/results/mixcr_RS-04367446.clna
Initialization: progress unknown
Initialization: progress unknown
===================== report: assemble =====================
Analysis time: 216ms
Final clonotype count: 0
Reads used in clonotypes, percent of total: 0 (0%)
Average number of reads per clonotype: NaN
Reads dropped due to the lack of a clone sequence, percent of total: 6067 (0.01%)
Reads dropped due to a too short clonal sequence, percent of total: 0 (0%)
Reads dropped due to low quality, percent of total: 0 (0%)
Reads dropped due to failed mapping, percent of total: 0 (0%)
Reads dropped with low quality clones, percent of total: 0 (0%)
Aligned reads processed: 0
Reads used in clonotypes before clustering, percent of total: 0 (0%)
Number of reads used as a core, percent of used: 0 (NaN%)
Mapped low quality reads, percent of used: 0 (NaN%)
Reads clustered in PCR error correction, percent of used: 0 (NaN%)
Reads pre-clustered due to the similar VJC-lists, percent of used: 0 (NaN%)
Clonotypes dropped as low quality: 0
Clonotypes eliminated by PCR error correction: 0
Clonotypes pre-clustered due to the similar VJC-lists: 0
Clones dropped in post filtering: 0 (NaN%)
Reads dropped in post filtering: 0.0 (0%)
Reads filtered by tag prefix: 0 (0%)

>>>>>>>>>>>>>>>>>> mixcr assembleContigs <<<<<<<<<<<<<<<<<<
Running:
mixcr assembleContigs --report /projects/rpci/songyao/pnfioric/arc_project/airr_calculation/tcr_quant/results/mixcr_RS-04367446.assembleContigs.report.txt --json-report /projects/rpci/songyao/pnfioric/arc_project/airr_calculation/tcr_quant/results/mixcr_RS-04367446.assembleContigs.report.json --threads 12 /projects/rpci/songyao/pnfioric/arc_project/airr_calculation/tcr_quant/results/mixcr_RS-04367446.clna /projects/rpci/songyao/pnfioric/arc_project/airr_calculation/tcr_quant/results/mixcr_RS-04367446.contigs.clns
Assembling contigs: 0%
================= report: assembleContigs =================
Analysis time: 56ms
Initial clonotype count: 0
Final clonotype count: 0 (NaN%)
Canceled assemblies: 0 (NaN%)
Clones filtered out after assemble: 0 (NaN%)
Number of premature termination assembly events, percent of number of initial clonotypes: 0.0 (NaN%)
Longest contig length: 0
Clustered variants: 0 (NaN%)
Reads in clustered variants: 0.0 (NaN%)
Reads in divided (newly created) clones: 0.0 (NaN%)
Clones with ambiguous letters in splitting region: 0 (NaN%)
Reads in clones with ambiguous letters in splitting region: 0.0 (NaN%)
Average number of ambiguous letters per clone with ambiguous letters in splitting region: NaN
Clones combined after clustering: 0 (NaN%)

>>>>>>>>>>>>>>>>>>>>>>>>> mixcr qc <<<<<<<<<<<<<<<<<<<<<<<<<
Running:
mixcr qc --print-to-stdout /projects/rpci/songyao/pnfioric/arc_project/airr_calculation/tcr_quant/results/mixcr_RS-04367446.contigs.clns /projects/rpci/songyao/pnfioric/arc_project/airr_calculation/tcr_quant/results/mixcr_RS-04367446.qc.txt /projects/rpci/songyao/pnfioric/arc_project/airr_calculation/tcr_quant/results/mixcr_RS-04367446.qc.json

  Alignments dropped due to low sequence quality: 0.0% [OK]

>>>>>>>>>>>>>>>>>>>> mixcr exportClones <<<<<<<<<<<<<<<<<<<<
Running:
mixcr exportClones /projects/rpci/songyao/pnfioric/arc_project/airr_calculation/tcr_quant/results/mixcr_RS-04367446.contigs.clns /projects/rpci/songyao/pnfioric/arc_project/airr_calculation/tcr_quant/results/mixcr_RS-04367446.clones.tsv
Analysis finished successfully.
===============================
Visualize results and simplify your immune data analysis with a convenient UI.
Explore and install Platforma.bio here: https://platforma.bio
