Exporting TRB
Exporting clones: 25%
Filtered 4 of 85 clones (95.29%).
Filtered 8.0 of 157.0 reads (94.9%).
Exporting TRA
Exporting clones: 100%
Filtered 1 of 85 clones (98.82%).
Filtered 1.0 of 157.0 reads (99.36%).
Exporting IGH
Exporting clones: 4.5%
Filtered 22 of 85 clones (74.12%).
Filtered 40.0 of 157.0 reads (74.52%).
Exporting IGL
Exporting clones: 6.2%
Filtered 16 of 85 clones (81.18%).
Filtered 26.0 of 157.0 reads (83.44%).
Exporting IGK
Exporting clones: 2.4%
Filtered 42 of 85 clones (50.59%).
Filtered 82.0 of 157.0 reads (47.77%).
