Exporting TRB
Exporting clones: 100%
Filtered 1 of 315 clones (99.68%).
Filtered 2.0 of 1318.0 reads (99.85%).
Exporting TRA
Exporting clones: 100%
Filtered 1 of 315 clones (99.68%).
Filtered 2.0 of 1318.0 reads (99.85%).
Exporting IGH
Exporting clones: 1.3%
Filtered 78 of 315 clones (75.24%).
Filtered 302.0 of 1318.0 reads (77.09%).
Exporting TRG
Exporting clones: 100%
Filtered 1 of 315 clones (99.68%).
Filtered 3.0 of 1318.0 reads (99.77%).
Exporting IGL
Exporting clones: 2.9%
Filtered 70 of 315 clones (77.78%).
Filtered 314.0 of 1318.0 reads (76.18%).
Exporting IGK
Exporting clones: 0.6%
Filtered 164 of 315 clones (47.94%).
Filtered 695.0 of 1318.0 reads (47.27%).
