Exporting TRB
Exporting clones: 11.1%
Filtered 9 of 558 clones (98.39%).
Filtered 16.0 of 2047.0 reads (99.22%).
Exporting TRA
Exporting clones: 16.7%
Filtered 6 of 558 clones (98.92%).
Filtered 15.0 of 2047.0 reads (99.27%).
Exporting IGH
Exporting clones: 0.7%
Filtered 142 of 558 clones (74.55%).
Filtered 477.0 of 2047.0 reads (76.7%).
Exporting IGL
Exporting clones: 0.8%
Filtered 130 of 558 clones (76.7%).
Filtered 479.0 of 2047.0 reads (76.6%).
Exporting IGK
Exporting clones: 0.4%
Filtered 271 of 558 clones (51.43%).
Filtered 1060.0 of 2047.0 reads (48.22%).
