Exporting TRB
Exporting clones: 3.6%
Filtered 28 of 1981 clones (98.59%).
Filtered 83.0 of 12680.0 reads (99.35%).
Exporting TRA
Exporting clones: 3.3%
Filtered 30 of 1981 clones (98.49%).
Filtered 77.0 of 12680.0 reads (99.39%).
Exporting IGH
Exporting clones: 0.2%
Filtered 564 of 1981 clones (71.53%).
Filtered 2605.0 of 12680.0 reads (79.46%).
Exporting TRG
Exporting clones: 16.7%
Filtered 6 of 1981 clones (99.7%).
Filtered 24.0 of 12680.0 reads (99.81%).
Exporting IGL
Exporting clones: 0.3%
Filtered 365 of 1981 clones (81.57%).
Filtered 2228.0 of 12680.0 reads (82.43%).
Exporting IGK
Exporting clones: 0.4%
Filtered 988 of 1981 clones (50.13%).
Filtered 7663.0 of 12680.0 reads (39.57%).
