WARNING: sun.reflect.Reflection.getCallerClass is not supported. This will impact performance.

>>>>>>>>>>>>>>>>>>>>>>> mixcr align <<<<<<<<<<<<<<<<<<<<<<<
Running:
mixcr align --report /projects/rpci/songyao/pnfioric/arc_project/airr_calculation/tcr_quant/results/mixcr_RS-04367463.align.report.txt --json-report /projects/rpci/songyao/pnfioric/arc_project/airr_calculation/tcr_quant/results/mixcr_RS-04367463.align.report.json --threads 12 --preset rna-seq --save-output-file-names /projects/rpci/songyao/pnfioric/arc_project/airr_calculation/tcr_quant/results/mixcr_RS-04367463.align.list.tsv --species hsa /projects/rpci/songyao/pnfioric/arc_project/airr_calculation/fastq_files/RS-04367463/RS-04367463_SCHS11020591-B2_RS-03840953_S129_R1_001.fastq.gz /projects/rpci/songyao/pnfioric/arc_project/airr_calculation/fastq_files/RS-04367463/RS-04367463_SCHS11020591-B2_RS-03840953_S129_R2_001.fastq.gz /projects/rpci/songyao/pnfioric/arc_project/airr_calculation/tcr_quant/results/mixcr_RS-04367463.alignments.vdjca
Alignment: 0%
Alignment: 3.4%  ETA: 00:57:24
Alignment: 6.7%  ETA: 00:55:24
Alignment: 10.2%  ETA: 00:52:26
Alignment: 13.6%  ETA: 00:50:26
Alignment: 16.9%  ETA: 00:49:47
Alignment: 20.3%  ETA: 00:47:20
Alignment: 23.7%  ETA: 00:44:56
Alignment: 27.1%  ETA: 00:43:19
Alignment: 30.4%  ETA: 00:41:42
Alignment: 33.8%  ETA: 00:38:59
Alignment: 37.2%  ETA: 00:37:19
Alignment: 40.5%  ETA: 00:35:59
Alignment: 43.8%  ETA: 00:33:40
Alignment: 47.2%  ETA: 00:31:22
Alignment: 50.5%  ETA: 00:30:14
Alignment: 53.8%  ETA: 00:27:25
Alignment: 57.1%  ETA: 00:25:55
Alignment: 60.5%  ETA: 00:23:28
Alignment: 63.8%  ETA: 00:21:53
Alignment: 67.1%  ETA: 00:19:53
Alignment: 70.4%  ETA: 00:17:42
Alignment: 73.8%  ETA: 00:15:52
Alignment: 77.1%  ETA: 00:13:52
Alignment: 80.4%  ETA: 00:11:44
Alignment: 83.7%  ETA: 00:09:44
Alignment: 87.1%  ETA: 00:07:34
Alignment: 90.5%  ETA: 00:05:38
Alignment: 93.8%  ETA: 00:03:44
Alignment: 97.2%  ETA: 00:01:38
====================== report: align ======================
Analysis time: 59.73m
Total sequencing reads: 63896590
Successfully aligned reads: 6998 (0.01%)
Coverage (percent of successfully aligned):
  CDR3: 1683 (24.05%)
  FR3_TO_FR4: 12 (0.17%)
  CDR2_TO_FR4: 4 (0.06%)
  FR2_TO_FR4: 0 (0%)
  CDR1_TO_FR4: 0 (0%)
  VDJRegion: 0 (0%)
Alignment failed: no hits (not TCR/IG?): 62268711 (97.45%)
Alignment failed after alignment-aided overlap: 4 (0%)
Alignment failed: no CDR3 parts: 27691 (0.04%)
Alignment failed: low total score: 1593186 (2.49%)
Overlapped: 53884654 (84.33%)
Overlapped and aligned: 6530 (0.01%)
Overlapped and not aligned: 53878124 (84.32%)
Alignment-aided overlaps, percent of overlapped and aligned: 168 (2.57%)
No CDR3 parts alignments, percent of successfully aligned: 112 (1.6%)
Partial aligned reads, percent of successfully aligned: 5203 (74.35%)
J gene chimeras: 6 (0%)
Realigned with forced non-floating bound: 20024208 (31.34%)
Realigned with forced non-floating right bound in left read: 1019 (0%)
Realigned with forced non-floating left bound in right read: 1019 (0%)
TRA chains: 304 (4.34%)
TRA non-functional: 0 (0%)
TRB chains: 99 (1.41%)
TRB non-functional: 1 (1.01%)
TRD chains: 6 (0.09%)
TRD non-functional: 0 (0%)
TRG chains: 13 (0.19%)
TRG non-functional: 1 (7.69%)
IGH chains: 3396 (48.53%)
IGH non-functional: 9 (0.27%)
TRAD chains: 5 (0.07%)
TRAD non-functional: 0 (0%)
IGK chains: 1074 (15.35%)
IGK non-functional: 25 (2.33%)
IGL chains: 2101 (30.02%)
IGL non-functional: 7 (0.33%)
Trimming report:
  R1 reads trimmed left: 12091 (0.02%)
  R1 reads trimmed right: 12920 (0.02%)
  Average R1 nucleotides trimmed left: 0.0032150072484306283
  Average R1 nucleotides trimmed right: 0.0035369962622418503
  R2 reads trimmed left: 14006 (0.02%)
  R2 reads trimmed right: 14716 (0.02%)
  Average R2 nucleotides trimmed left: 0.0032678895696937817
  Average R2 nucleotides trimmed right: 0.004690109440895047

>>>>>>>>>>>>>>>>>> mixcr assemblePartial <<<<<<<<<<<<<<<<<<
Running:
mixcr assemblePartial --report /projects/rpci/songyao/pnfioric/arc_project/airr_calculation/tcr_quant/results/mixcr_RS-04367463.assemblePartial.report.txt --json-report /projects/rpci/songyao/pnfioric/arc_project/airr_calculation/tcr_quant/results/mixcr_RS-04367463.assemblePartial.report.json /projects/rpci/songyao/pnfioric/arc_project/airr_calculation/tcr_quant/results/mixcr_RS-04367463.alignments.vdjca /projects/rpci/songyao/pnfioric/arc_project/airr_calculation/tcr_quant/results/mixcr_RS-04367463.passembled.1.vdjca
Building index: 0%
Searching for overlaps: 0%
================= report: assemblePartial =================
Analysis time: 493ms
Total alignments analysed: 6998
Number of output alignments: 6920 (98.89%)
Alignments already with CDR3 (no overlapping is performed): 1780 (25.44%)
Successfully overlapped alignments: 78 (1.11%)
Left parts with too small N-region (failed to extract k-mer): 2214 (31.64%)
Extracted k-mer diversity: 4605
Dropped due to wildcard in k-mer: 0 (0%)
Dropped due to too short NRegion parts in overlap: 98 (1.4%)
Dropped overlaps with empty N region due to no complete NDN coverage: 5 (0.07%)
Number of left-side alignments: 1054 (15.06%)
Number of right-side alignments: 1993 (28.48%)
Complex overlaps: 0 (0%)
Over-overlaps: 0 (0%)
Partial alignments written to output: 5062 (72.33%)

>>>>>>>>>>>>>>>>>> mixcr assemblePartial <<<<<<<<<<<<<<<<<<
Running:
mixcr assemblePartial --report /projects/rpci/songyao/pnfioric/arc_project/airr_calculation/tcr_quant/results/mixcr_RS-04367463.assemblePartial.report.txt --json-report /projects/rpci/songyao/pnfioric/arc_project/airr_calculation/tcr_quant/results/mixcr_RS-04367463.assemblePartial.report.json /projects/rpci/songyao/pnfioric/arc_project/airr_calculation/tcr_quant/results/mixcr_RS-04367463.passembled.1.vdjca /projects/rpci/songyao/pnfioric/arc_project/airr_calculation/tcr_quant/results/mixcr_RS-04367463.passembled.2.vdjca
Building index: 0%
Searching for overlaps: 0.1%
================= report: assemblePartial =================
Analysis time: 200ms
Total alignments analysed: 6920
Number of output alignments: 6920 (100%)
Alignments already with CDR3 (no overlapping is performed): 1858 (26.85%)
Successfully overlapped alignments: 0 (0%)
Left parts with too small N-region (failed to extract k-mer): 2213 (31.98%)
Extracted k-mer diversity: 4384
Dropped due to wildcard in k-mer: 0 (0%)
Dropped due to too short NRegion parts in overlap: 79 (1.14%)
Dropped overlaps with empty N region due to no complete NDN coverage: 5 (0.07%)
Number of left-side alignments: 976 (14.1%)
Number of right-side alignments: 1914 (27.66%)
Complex overlaps: 0 (0%)
Over-overlaps: 0 (0%)
Partial alignments written to output: 5062 (73.15%)

>>>>>>>>>>>>>>>>>>>>>>> mixcr extend <<<<<<<<<<<<<<<<<<<<<<<
Running:
mixcr extend --report /projects/rpci/songyao/pnfioric/arc_project/airr_calculation/tcr_quant/results/mixcr_RS-04367463.extend.report.txt --json-report /projects/rpci/songyao/pnfioric/arc_project/airr_calculation/tcr_quant/results/mixcr_RS-04367463.extend.report.json --threads 12 /projects/rpci/songyao/pnfioric/arc_project/airr_calculation/tcr_quant/results/mixcr_RS-04367463.passembled.2.vdjca /projects/rpci/songyao/pnfioric/arc_project/airr_calculation/tcr_quant/results/mixcr_RS-04367463.extended.vdjca
Extending alignments: 0%
====================== report: extend ======================
Analysis time: 75ms
Extended alignments count: 4 (0.06%)
V extensions total: 0 (0%)
V extensions with merged targets: 0 (0%)
J extensions total: 4 (0.06%)
J extensions with merged targets: 0 (0%)
V+J extensions: 0 (0%)
Mean V extension length: NaN
Mean J extension length: 14.0

>>>>>>>>>>>>>>>>>>>>>> mixcr assemble <<<<<<<<<<<<<<<<<<<<<<
Running:
mixcr assemble --report /projects/rpci/songyao/pnfioric/arc_project/airr_calculation/tcr_quant/results/mixcr_RS-04367463.assemble.report.txt --json-report /projects/rpci/songyao/pnfioric/arc_project/airr_calculation/tcr_quant/results/mixcr_RS-04367463.assemble.report.json /projects/rpci/songyao/pnfioric/arc_project/airr_calculation/tcr_quant/results/mixcr_RS-04367463.extended.vdjca /projects/rpci/songyao/pnfioric/arc_project/airr_calculation/tcr_quant/results/mixcr_RS-04367463.clna
Initialization: progress unknown
Initialization: progress unknown
===================== report: assemble =====================
Analysis time: 980ms
Final clonotype count: 489
Reads used in clonotypes, percent of total: 1760 (0%)
Average number of reads per clonotype: 3.6
Reads dropped due to the lack of a clone sequence, percent of total: 5155 (0.01%)
Reads dropped due to a too short clonal sequence, percent of total: 0 (0%)
Reads dropped due to low quality, percent of total: 0 (0%)
Reads dropped due to failed mapping, percent of total: 64 (0%)
Reads dropped with low quality clones, percent of total: 0 (0%)
Aligned reads processed: 1843
Reads used in clonotypes before clustering, percent of total: 1779 (0%)
Number of reads used as a core, percent of used: 1761 (98.99%)
Mapped low quality reads, percent of used: 18 (1.01%)
Reads clustered in PCR error correction, percent of used: 19 (1.07%)
Reads pre-clustered due to the similar VJC-lists, percent of used: 0 (0%)
Clonotypes dropped as low quality: 0
Clonotypes eliminated by PCR error correction: 14
Clonotypes pre-clustered due to the similar VJC-lists: 0
Clones dropped in post filtering: 0 (0%)
Reads dropped in post filtering: 0.0 (0%)
Reads filtered by tag prefix: 0 (0%)
TRA chains: 4 (0.82%)
TRA non-functional: 0 (0%)
TRB chains: 4 (0.82%)
TRB non-functional: 0 (0%)
TRD chains: 1 (0.2%)
TRD non-functional: 0 (0%)
TRG chains: 1 (0.2%)
TRG non-functional: 1 (100%)
IGH chains: 134 (27.4%)
IGH non-functional: 4 (2.99%)
IGK chains: 224 (45.81%)
IGK non-functional: 9 (4.02%)
IGL chains: 121 (24.74%)
IGL non-functional: 6 (4.96%)

>>>>>>>>>>>>>>>>>> mixcr assembleContigs <<<<<<<<<<<<<<<<<<
Running:
mixcr assembleContigs --report /projects/rpci/songyao/pnfioric/arc_project/airr_calculation/tcr_quant/results/mixcr_RS-04367463.assembleContigs.report.txt --json-report /projects/rpci/songyao/pnfioric/arc_project/airr_calculation/tcr_quant/results/mixcr_RS-04367463.assembleContigs.report.json --threads 12 /projects/rpci/songyao/pnfioric/arc_project/airr_calculation/tcr_quant/results/mixcr_RS-04367463.clna /projects/rpci/songyao/pnfioric/arc_project/airr_calculation/tcr_quant/results/mixcr_RS-04367463.contigs.clns
Assembling contigs: 0%
================= report: assembleContigs =================
Analysis time: 589ms
Initial clonotype count: 489
Final clonotype count: 489 (100%)
Canceled assemblies: 0 (0%)
Clones filtered out after assemble: 0 (0%)
Number of premature termination assembly events, percent of number of initial clonotypes: 0.0 (0%)
Longest contig length: 359
Clustered variants: 0 (0%)
Reads in clustered variants: 0.0 (0%)
Reads in divided (newly created) clones: 0.0 (0%)
Clones with ambiguous letters in splitting region: 0 (0%)
Reads in clones with ambiguous letters in splitting region: 0.0 (0%)
Average number of ambiguous letters per clone with ambiguous letters in splitting region: NaN
Clones combined after clustering: 0 (0%)

>>>>>>>>>>>>>>>>>>>>>>>>> mixcr qc <<<<<<<<<<<<<<<<<<<<<<<<<
Running:
mixcr qc --print-to-stdout /projects/rpci/songyao/pnfioric/arc_project/airr_calculation/tcr_quant/results/mixcr_RS-04367463.contigs.clns /projects/rpci/songyao/pnfioric/arc_project/airr_calculation/tcr_quant/results/mixcr_RS-04367463.qc.txt /projects/rpci/songyao/pnfioric/arc_project/airr_calculation/tcr_quant/results/mixcr_RS-04367463.qc.json

  Alignments dropped due to low sequence quality: 0.0% [OK]

>>>>>>>>>>>>>>>>>>>> mixcr exportClones <<<<<<<<<<<<<<<<<<<<
Running:
mixcr exportClones /projects/rpci/songyao/pnfioric/arc_project/airr_calculation/tcr_quant/results/mixcr_RS-04367463.contigs.clns /projects/rpci/songyao/pnfioric/arc_project/airr_calculation/tcr_quant/results/mixcr_RS-04367463.clones.tsv
Analysis finished successfully.
===============================
Visualize results and simplify your immune data analysis with a convenient UI.
Explore and install Platforma.bio here: https://platforma.bio
