Exporting TRB
Exporting clones: 33.3%
Filtered 3 of 618 clones (99.51%).
Filtered 35.0 of 10727.0 reads (99.67%).
Exporting TRA
Exporting clones: 50%
Filtered 2 of 618 clones (99.68%).
Filtered 12.0 of 10727.0 reads (99.89%).
Exporting IGH
Exporting clones: 0.6%
Filtered 171 of 618 clones (72.33%).
Filtered 2381.0 of 10727.0 reads (77.8%).
Exporting TRG
Exporting clones: 33.3%
Filtered 3 of 618 clones (99.51%).
Filtered 118.0 of 10727.0 reads (98.9%).
Exporting IGL
Exporting clones: 3%
Filtered 100 of 618 clones (83.82%).
Filtered 2088.0 of 10727.0 reads (80.54%).
Exporting IGK
Exporting clones: 0.9%
Filtered 339 of 618 clones (45.15%).
Filtered 6093.0 of 10727.0 reads (43.2%).
