Exporting TRB
Exporting clones: 14.3%
Filtered 7 of 249 clones (97.19%).
Filtered 10.0 of 518.0 reads (98.07%).
Exporting TRA
Exporting clones: 14.3%
Filtered 7 of 249 clones (97.19%).
Filtered 10.0 of 518.0 reads (98.07%).
Exporting IGH
Exporting clones: 1.7%
Filtered 59 of 249 clones (76.31%).
Filtered 111.0 of 518.0 reads (78.57%).
Exporting TRG
Exporting clones: 50%
Filtered 2 of 249 clones (99.2%).
Filtered 2.0 of 518.0 reads (99.61%).
Exporting IGL
Exporting clones: 2.4%
Filtered 41 of 249 clones (83.53%).
Filtered 99.0 of 518.0 reads (80.89%).
Exporting IGK
Exporting clones: 0.8%
Filtered 133 of 249 clones (46.59%).
Filtered 286.0 of 518.0 reads (44.79%).
