WARNING: sun.reflect.Reflection.getCallerClass is not supported. This will impact performance.

>>>>>>>>>>>>>>>>>>>>>>> mixcr align <<<<<<<<<<<<<<<<<<<<<<<
Running:
mixcr align --report /projects/rpci/songyao/pnfioric/arc_project/airr_calculation/tcr_quant/results/mixcr_RS-03813029.align.report.txt --json-report /projects/rpci/songyao/pnfioric/arc_project/airr_calculation/tcr_quant/results/mixcr_RS-03813029.align.report.json --threads 12 --preset rna-seq --save-output-file-names /projects/rpci/songyao/pnfioric/arc_project/airr_calculation/tcr_quant/results/mixcr_RS-03813029.align.list.tsv --species hsa /projects/rpci/songyao/pnfioric/arc_project/airr_calculation/fastq_files/RS-03813029/RS-04417218_STRS09021336-A1_RS-03813029_S182_R1_001.fastq.gz /projects/rpci/songyao/pnfioric/arc_project/airr_calculation/fastq_files/RS-03813029/RS-04417218_STRS09021336-A1_RS-03813029_S182_R2_001.fastq.gz /projects/rpci/songyao/pnfioric/arc_project/airr_calculation/tcr_quant/results/mixcr_RS-03813029.alignments.vdjca
Alignment: 0%
Alignment: 3.5%  ETA: 00:55:11
Alignment: 7%  ETA: 00:52:46
Alignment: 10.5%  ETA: 00:50:46
Alignment: 14%  ETA: 00:49:09
Alignment: 17.6%  ETA: 00:46:47
Alignment: 21.1%  ETA: 00:44:27
Alignment: 24.6%  ETA: 00:42:46
Alignment: 28.1%  ETA: 00:41:25
Alignment: 31.6%  ETA: 00:39:43
Alignment: 35%  ETA: 00:37:25
Alignment: 38.5%  ETA: 00:35:59
Alignment: 41.9%  ETA: 00:33:11
Alignment: 45.4%  ETA: 00:31:27
Alignment: 48.9%  ETA: 00:28:58
Alignment: 52.4%  ETA: 00:27:24
Alignment: 55.8%  ETA: 00:25:50
Alignment: 59.3%  ETA: 00:23:38
Alignment: 62.7%  ETA: 00:21:59
Alignment: 66.2%  ETA: 00:19:20
Alignment: 69.6%  ETA: 00:17:29
Alignment: 73.1%  ETA: 00:15:21
Alignment: 76.6%  ETA: 00:13:35
Alignment: 80.1%  ETA: 00:11:29
Alignment: 83.5%  ETA: 00:09:34
Alignment: 87%  ETA: 00:07:30
Alignment: 90.4%  ETA: 00:05:40
Alignment: 93.9%  ETA: 00:03:30
Alignment: 97.4%  ETA: 00:01:30
====================== report: align ======================
Analysis time: 57.55m
Total sequencing reads: 74560109
Successfully aligned reads: 7722 (0.01%)
Coverage (percent of successfully aligned):
  CDR3: 1467 (19%)
  FR3_TO_FR4: 2 (0.03%)
  CDR2_TO_FR4: 2 (0.03%)
  FR2_TO_FR4: 0 (0%)
  CDR1_TO_FR4: 0 (0%)
  VDJRegion: 0 (0%)
Alignment failed: no hits (not TCR/IG?): 72767957 (97.6%)
Alignment failed after alignment-aided overlap: 2 (0%)
Alignment failed: no CDR3 parts: 34201 (0.05%)
Alignment failed: low total score: 1750227 (2.35%)
Overlapped: 67241869 (90.18%)
Overlapped and aligned: 7392 (0.01%)
Overlapped and not aligned: 67234477 (90.17%)
Alignment-aided overlaps, percent of overlapped and aligned: 142 (1.92%)
No CDR3 parts alignments, percent of successfully aligned: 184 (2.38%)
Partial aligned reads, percent of successfully aligned: 6071 (78.62%)
V gene chimeras: 1 (0%)
J gene chimeras: 28 (0%)
Realigned with forced non-floating bound: 14636764 (19.63%)
Realigned with forced non-floating right bound in left read: 806 (0%)
Realigned with forced non-floating left bound in right read: 806 (0%)
TRA chains: 1149 (14.88%)
TRA non-functional: 0 (0%)
TRB chains: 232 (3%)
TRB non-functional: 1 (0.43%)
TRD chains: 14 (0.18%)
TRD non-functional: 0 (0%)
TRG chains: 45 (0.58%)
TRG non-functional: 0 (0%)
IGH chains: 2492 (32.27%)
IGH non-functional: 6 (0.24%)
TRAD chains: 10 (0.13%)
TRAD non-functional: 0 (0%)
IGK chains: 1686 (21.83%)
IGK non-functional: 59 (3.5%)
IGL chains: 2094 (27.12%)
IGL non-functional: 5 (0.24%)
Trimming report:
  R1 reads trimmed left: 154894 (0.21%)
  R1 reads trimmed right: 157230 (0.21%)
  Average R1 nucleotides trimmed left: 0.035309806212863774
  Average R1 nucleotides trimmed right: 0.03755563179233013
  R2 reads trimmed left: 152374 (0.2%)
  R2 reads trimmed right: 155477 (0.21%)
  Average R2 nucleotides trimmed left: 0.034659042679242864
  Average R2 nucleotides trimmed right: 0.03684349495787352

>>>>>>>>>>>>>>>>>> mixcr assemblePartial <<<<<<<<<<<<<<<<<<
Running:
mixcr assemblePartial --report /projects/rpci/songyao/pnfioric/arc_project/airr_calculation/tcr_quant/results/mixcr_RS-03813029.assemblePartial.report.txt --json-report /projects/rpci/songyao/pnfioric/arc_project/airr_calculation/tcr_quant/results/mixcr_RS-03813029.assemblePartial.report.json /projects/rpci/songyao/pnfioric/arc_project/airr_calculation/tcr_quant/results/mixcr_RS-03813029.alignments.vdjca /projects/rpci/songyao/pnfioric/arc_project/airr_calculation/tcr_quant/results/mixcr_RS-03813029.passembled.1.vdjca
Building index: 0%
Searching for overlaps: 0%
================= report: assemblePartial =================
Analysis time: 415ms
Total alignments analysed: 7722
Number of output alignments: 7708 (99.82%)
Alignments already with CDR3 (no overlapping is performed): 1556 (20.15%)
Successfully overlapped alignments: 14 (0.18%)
Left parts with too small N-region (failed to extract k-mer): 1323 (17.13%)
Extracted k-mer diversity: 3699
Dropped due to wildcard in k-mer: 0 (0%)
Dropped due to too short NRegion parts in overlap: 26 (0.34%)
Dropped overlaps with empty N region due to no complete NDN coverage: 11 (0.14%)
Number of left-side alignments: 1084 (14.04%)
Number of right-side alignments: 3779 (48.94%)
Complex overlaps: 0 (0%)
Over-overlaps: 0 (0%)
Partial alignments written to output: 6138 (79.49%)

>>>>>>>>>>>>>>>>>> mixcr assemblePartial <<<<<<<<<<<<<<<<<<
Running:
mixcr assemblePartial --report /projects/rpci/songyao/pnfioric/arc_project/airr_calculation/tcr_quant/results/mixcr_RS-03813029.assemblePartial.report.txt --json-report /projects/rpci/songyao/pnfioric/arc_project/airr_calculation/tcr_quant/results/mixcr_RS-03813029.assemblePartial.report.json /projects/rpci/songyao/pnfioric/arc_project/airr_calculation/tcr_quant/results/mixcr_RS-03813029.passembled.1.vdjca /projects/rpci/songyao/pnfioric/arc_project/airr_calculation/tcr_quant/results/mixcr_RS-03813029.passembled.2.vdjca
Building index: 0%
Searching for overlaps: 0%
================= report: assemblePartial =================
Analysis time: 165ms
Total alignments analysed: 7708
Number of output alignments: 7708 (100%)
Alignments already with CDR3 (no overlapping is performed): 1570 (20.37%)
Successfully overlapped alignments: 0 (0%)
Left parts with too small N-region (failed to extract k-mer): 1319 (17.11%)
Extracted k-mer diversity: 3636
Dropped due to wildcard in k-mer: 0 (0%)
Dropped due to too short NRegion parts in overlap: 27 (0.35%)
Dropped overlaps with empty N region due to no complete NDN coverage: 10 (0.13%)
Number of left-side alignments: 1070 (13.88%)
Number of right-side alignments: 3765 (48.85%)
Complex overlaps: 0 (0%)
Over-overlaps: 0 (0%)
Partial alignments written to output: 6138 (79.63%)

>>>>>>>>>>>>>>>>>>>>>>> mixcr extend <<<<<<<<<<<<<<<<<<<<<<<
Running:
mixcr extend --report /projects/rpci/songyao/pnfioric/arc_project/airr_calculation/tcr_quant/results/mixcr_RS-03813029.extend.report.txt --json-report /projects/rpci/songyao/pnfioric/arc_project/airr_calculation/tcr_quant/results/mixcr_RS-03813029.extend.report.json --threads 12 /projects/rpci/songyao/pnfioric/arc_project/airr_calculation/tcr_quant/results/mixcr_RS-03813029.passembled.2.vdjca /projects/rpci/songyao/pnfioric/arc_project/airr_calculation/tcr_quant/results/mixcr_RS-03813029.extended.vdjca
Extending alignments: 0%
====================== report: extend ======================
Analysis time: 111ms
Extended alignments count: 7 (0.09%)
V extensions total: 0 (0%)
V extensions with merged targets: 0 (0%)
J extensions total: 7 (0.09%)
J extensions with merged targets: 0 (0%)
V+J extensions: 0 (0%)
Mean V extension length: NaN
Mean J extension length: 10.0

>>>>>>>>>>>>>>>>>>>>>> mixcr assemble <<<<<<<<<<<<<<<<<<<<<<
Running:
mixcr assemble --report /projects/rpci/songyao/pnfioric/arc_project/airr_calculation/tcr_quant/results/mixcr_RS-03813029.assemble.report.txt --json-report /projects/rpci/songyao/pnfioric/arc_project/airr_calculation/tcr_quant/results/mixcr_RS-03813029.assemble.report.json /projects/rpci/songyao/pnfioric/arc_project/airr_calculation/tcr_quant/results/mixcr_RS-03813029.extended.vdjca /projects/rpci/songyao/pnfioric/arc_project/airr_calculation/tcr_quant/results/mixcr_RS-03813029.clna
Initialization: progress unknown
Initialization: progress unknown
===================== report: assemble =====================
Analysis time: 828ms
Final clonotype count: 360
Reads used in clonotypes, percent of total: 1488 (0%)
Average number of reads per clonotype: 4.13
Reads dropped due to the lack of a clone sequence, percent of total: 6220 (0.01%)
Reads dropped due to a too short clonal sequence, percent of total: 0 (0%)
Reads dropped due to low quality, percent of total: 0 (0%)
Reads dropped due to failed mapping, percent of total: 14 (0%)
Reads dropped with low quality clones, percent of total: 0 (0%)
Aligned reads processed: 1502
Reads used in clonotypes before clustering, percent of total: 1488 (0%)
Number of reads used as a core, percent of used: 1470 (98.79%)
Mapped low quality reads, percent of used: 18 (1.21%)
Reads clustered in PCR error correction, percent of used: 0 (0%)
Reads pre-clustered due to the similar VJC-lists, percent of used: 0 (0%)
Clonotypes dropped as low quality: 0
Clonotypes eliminated by PCR error correction: 0
Clonotypes pre-clustered due to the similar VJC-lists: 0
Clones dropped in post filtering: 0 (0%)
Reads dropped in post filtering: 0.0 (0%)
Reads filtered by tag prefix: 0 (0%)
TRA chains: 2 (0.56%)
TRA non-functional: 0 (0%)
TRB chains: 3 (0.83%)
TRB non-functional: 1 (33.33%)
TRG chains: 1 (0.28%)
TRG non-functional: 0 (0%)
IGH chains: 90 (25%)
IGH non-functional: 2 (2.22%)
IGK chains: 176 (48.89%)
IGK non-functional: 13 (7.39%)
IGL chains: 88 (24.44%)
IGL non-functional: 1 (1.14%)

>>>>>>>>>>>>>>>>>> mixcr assembleContigs <<<<<<<<<<<<<<<<<<
Running:
mixcr assembleContigs --report /projects/rpci/songyao/pnfioric/arc_project/airr_calculation/tcr_quant/results/mixcr_RS-03813029.assembleContigs.report.txt --json-report /projects/rpci/songyao/pnfioric/arc_project/airr_calculation/tcr_quant/results/mixcr_RS-03813029.assembleContigs.report.json --threads 12 /projects/rpci/songyao/pnfioric/arc_project/airr_calculation/tcr_quant/results/mixcr_RS-03813029.clna /projects/rpci/songyao/pnfioric/arc_project/airr_calculation/tcr_quant/results/mixcr_RS-03813029.contigs.clns
Assembling contigs: 0%
================= report: assembleContigs =================
Analysis time: 402ms
Initial clonotype count: 360
Final clonotype count: 360 (100%)
Canceled assemblies: 0 (0%)
Clones filtered out after assemble: 0 (0%)
Number of premature termination assembly events, percent of number of initial clonotypes: 0.0 (0%)
Longest contig length: 294
Clustered variants: 0 (0%)
Reads in clustered variants: 0.0 (0%)
Reads in divided (newly created) clones: 0.0 (0%)
Clones with ambiguous letters in splitting region: 0 (0%)
Reads in clones with ambiguous letters in splitting region: 0.0 (0%)
Average number of ambiguous letters per clone with ambiguous letters in splitting region: NaN
Clones combined after clustering: 0 (0%)

>>>>>>>>>>>>>>>>>>>>>>>>> mixcr qc <<<<<<<<<<<<<<<<<<<<<<<<<
Running:
mixcr qc --print-to-stdout /projects/rpci/songyao/pnfioric/arc_project/airr_calculation/tcr_quant/results/mixcr_RS-03813029.contigs.clns /projects/rpci/songyao/pnfioric/arc_project/airr_calculation/tcr_quant/results/mixcr_RS-03813029.qc.txt /projects/rpci/songyao/pnfioric/arc_project/airr_calculation/tcr_quant/results/mixcr_RS-03813029.qc.json

  Alignments dropped due to low sequence quality: 0.0% [OK]

>>>>>>>>>>>>>>>>>>>> mixcr exportClones <<<<<<<<<<<<<<<<<<<<
Running:
mixcr exportClones /projects/rpci/songyao/pnfioric/arc_project/airr_calculation/tcr_quant/results/mixcr_RS-03813029.contigs.clns /projects/rpci/songyao/pnfioric/arc_project/airr_calculation/tcr_quant/results/mixcr_RS-03813029.clones.tsv
Analysis finished successfully.
===============================
Visualize results and simplify your immune data analysis with a convenient UI.
Explore and install Platforma.bio here: https://platforma.bio
