WARNING: sun.reflect.Reflection.getCallerClass is not supported. This will impact performance.

>>>>>>>>>>>>>>>>>>>>>>> mixcr align <<<<<<<<<<<<<<<<<<<<<<<
Running:
mixcr align --report /projects/rpci/songyao/pnfioric/arc_project/airr_calculation/tcr_quant/results/mixcr_RS-04378695.align.report.txt --json-report /projects/rpci/songyao/pnfioric/arc_project/airr_calculation/tcr_quant/results/mixcr_RS-04378695.align.report.json --threads 12 --preset rna-seq --save-output-file-names /projects/rpci/songyao/pnfioric/arc_project/airr_calculation/tcr_quant/results/mixcr_RS-04378695.align.list.tsv --species hsa /projects/rpci/songyao/pnfioric/arc_project/airr_calculation/fastq_files/RS-04378695/RS-04378695_SCHS12003443-B5_RS-03681024_S88_R1_001.fastq.gz /projects/rpci/songyao/pnfioric/arc_project/airr_calculation/fastq_files/RS-04378695/RS-04378695_SCHS12003443-B5_RS-03681024_S88_R2_001.fastq.gz /projects/rpci/songyao/pnfioric/arc_project/airr_calculation/tcr_quant/results/mixcr_RS-04378695.alignments.vdjca
Alignment: 0%
Alignment: 3.8%  ETA: 00:50:48
Alignment: 7.6%  ETA: 00:48:48
Alignment: 11.4%  ETA: 00:45:57
Alignment: 15.3%  ETA: 00:44:21
Alignment: 19.1%  ETA: 00:42:21
Alignment: 22.9%  ETA: 00:40:21
Alignment: 26.7%  ETA: 00:38:00
Alignment: 30.5%  ETA: 00:36:40
Alignment: 34.3%  ETA: 00:34:40
Alignment: 38.1%  ETA: 00:32:59
Alignment: 41.9%  ETA: 00:30:24
Alignment: 45.7%  ETA: 00:28:24
Alignment: 49.5%  ETA: 00:26:39
Alignment: 53.2%  ETA: 00:25:08
Alignment: 57.1%  ETA: 00:22:16
Alignment: 60.9%  ETA: 00:20:39
Alignment: 64.6%  ETA: 00:18:50
Alignment: 68.4%  ETA: 00:16:30
Alignment: 72.2%  ETA: 00:14:39
Alignment: 76%  ETA: 00:12:39
Alignment: 79.8%  ETA: 00:10:46
Alignment: 83.6%  ETA: 00:08:40
Alignment: 87.3%  ETA: 00:06:45
Alignment: 91.1%  ETA: 00:04:41
Alignment: 95%  ETA: 00:02:36
Alignment: 98.8%  ETA: 00:00:38
====================== report: align ======================
Analysis time: 52.69m
Total sequencing reads: 57217246
Successfully aligned reads: 5297 (0.01%)
Coverage (percent of successfully aligned):
  CDR3: 1343 (25.35%)
  FR3_TO_FR4: 13 (0.25%)
  CDR2_TO_FR4: 9 (0.17%)
  FR2_TO_FR4: 0 (0%)
  CDR1_TO_FR4: 0 (0%)
  VDJRegion: 0 (0%)
Alignment failed: no hits (not TCR/IG?): 55795906 (97.52%)
Alignment failed after alignment-aided overlap: 1 (0%)
Alignment failed: no CDR3 parts: 23519 (0.04%)
Alignment failed: low total score: 1392523 (2.43%)
Overlapped: 50523241 (88.3%)
Overlapped and aligned: 4975 (0.01%)
Overlapped and not aligned: 50518266 (88.29%)
Alignment-aided overlaps, percent of overlapped and aligned: 93 (1.87%)
No CDR3 parts alignments, percent of successfully aligned: 161 (3.04%)
Partial aligned reads, percent of successfully aligned: 3793 (71.61%)
V gene chimeras: 7 (0%)
Realigned with forced non-floating bound: 13388196 (23.4%)
Realigned with forced non-floating right bound in left read: 754 (0%)
Realigned with forced non-floating left bound in right read: 754 (0%)
TRA chains: 541 (10.21%)
TRA non-functional: 1 (0.18%)
TRB chains: 152 (2.87%)
TRB non-functional: 1 (0.66%)
TRD chains: 15 (0.28%)
TRD non-functional: 0 (0%)
TRG chains: 19 (0.36%)
TRG non-functional: 2 (10.53%)
IGH chains: 1651 (31.17%)
IGH non-functional: 0 (0%)
TRAD chains: 26 (0.49%)
TRAD non-functional: 0 (0%)
IGK chains: 1552 (29.3%)
IGK non-functional: 25 (1.61%)
IGL chains: 1341 (25.32%)
IGL non-functional: 8 (0.6%)
Trimming report:
  R1 reads trimmed left: 25396 (0.04%)
  R1 reads trimmed right: 26749 (0.05%)
  Average R1 nucleotides trimmed left: 0.007523920322904042
  Average R1 nucleotides trimmed right: 0.008164863439949557
  R2 reads trimmed left: 25490 (0.04%)
  R2 reads trimmed right: 25775 (0.05%)
  Average R2 nucleotides trimmed left: 0.00741314952488276
  Average R2 nucleotides trimmed right: 0.00790141140312835

>>>>>>>>>>>>>>>>>> mixcr assemblePartial <<<<<<<<<<<<<<<<<<
Running:
mixcr assemblePartial --report /projects/rpci/songyao/pnfioric/arc_project/airr_calculation/tcr_quant/results/mixcr_RS-04378695.assemblePartial.report.txt --json-report /projects/rpci/songyao/pnfioric/arc_project/airr_calculation/tcr_quant/results/mixcr_RS-04378695.assemblePartial.report.json /projects/rpci/songyao/pnfioric/arc_project/airr_calculation/tcr_quant/results/mixcr_RS-04378695.alignments.vdjca /projects/rpci/songyao/pnfioric/arc_project/airr_calculation/tcr_quant/results/mixcr_RS-04378695.passembled.1.vdjca
Building index: 0%
Searching for overlaps: 0%
================= report: assemblePartial =================
Analysis time: 254ms
Total alignments analysed: 5297
Number of output alignments: 5283 (99.74%)
Alignments already with CDR3 (no overlapping is performed): 1390 (26.24%)
Successfully overlapped alignments: 14 (0.26%)
Left parts with too small N-region (failed to extract k-mer): 736 (13.89%)
Extracted k-mer diversity: 3866
Dropped due to wildcard in k-mer: 0 (0%)
Dropped due to too short NRegion parts in overlap: 21 (0.4%)
Dropped overlaps with empty N region due to no complete NDN coverage: 0 (0%)
Number of left-side alignments: 585 (11.04%)
Number of right-side alignments: 2598 (49.05%)
Complex overlaps: 0 (0%)
Over-overlaps: 0 (0%)
Partial alignments written to output: 3879 (73.23%)

>>>>>>>>>>>>>>>>>> mixcr assemblePartial <<<<<<<<<<<<<<<<<<
Running:
mixcr assemblePartial --report /projects/rpci/songyao/pnfioric/arc_project/airr_calculation/tcr_quant/results/mixcr_RS-04378695.assemblePartial.report.txt --json-report /projects/rpci/songyao/pnfioric/arc_project/airr_calculation/tcr_quant/results/mixcr_RS-04378695.assemblePartial.report.json /projects/rpci/songyao/pnfioric/arc_project/airr_calculation/tcr_quant/results/mixcr_RS-04378695.passembled.1.vdjca /projects/rpci/songyao/pnfioric/arc_project/airr_calculation/tcr_quant/results/mixcr_RS-04378695.passembled.2.vdjca
Building index: 0%
Searching for overlaps: 0%
================= report: assemblePartial =================
Analysis time: 146ms
Total alignments analysed: 5283
Number of output alignments: 5283 (100%)
Alignments already with CDR3 (no overlapping is performed): 1403 (26.56%)
Successfully overlapped alignments: 0 (0%)
Left parts with too small N-region (failed to extract k-mer): 736 (13.93%)
Extracted k-mer diversity: 3914
Dropped due to wildcard in k-mer: 0 (0%)
Dropped due to too short NRegion parts in overlap: 21 (0.4%)
Dropped overlaps with empty N region due to no complete NDN coverage: 0 (0%)
Number of left-side alignments: 572 (10.83%)
Number of right-side alignments: 2584 (48.91%)
Complex overlaps: 0 (0%)
Over-overlaps: 0 (0%)
Partial alignments written to output: 3880 (73.44%)

>>>>>>>>>>>>>>>>>>>>>>> mixcr extend <<<<<<<<<<<<<<<<<<<<<<<
Running:
mixcr extend --report /projects/rpci/songyao/pnfioric/arc_project/airr_calculation/tcr_quant/results/mixcr_RS-04378695.extend.report.txt --json-report /projects/rpci/songyao/pnfioric/arc_project/airr_calculation/tcr_quant/results/mixcr_RS-04378695.extend.report.json --threads 12 /projects/rpci/songyao/pnfioric/arc_project/airr_calculation/tcr_quant/results/mixcr_RS-04378695.passembled.2.vdjca /projects/rpci/songyao/pnfioric/arc_project/airr_calculation/tcr_quant/results/mixcr_RS-04378695.extended.vdjca
Extending alignments: 0%
====================== report: extend ======================
Analysis time: 64ms
Extended alignments count: 0 (0%)
V extensions total: 0 (0%)
V extensions with merged targets: 0 (0%)
J extensions total: 0 (0%)
J extensions with merged targets: 0 (0%)
V+J extensions: 0 (0%)
Mean V extension length: NaN
Mean J extension length: NaN

>>>>>>>>>>>>>>>>>>>>>> mixcr assemble <<<<<<<<<<<<<<<<<<<<<<
Running:
mixcr assemble --report /projects/rpci/songyao/pnfioric/arc_project/airr_calculation/tcr_quant/results/mixcr_RS-04378695.assemble.report.txt --json-report /projects/rpci/songyao/pnfioric/arc_project/airr_calculation/tcr_quant/results/mixcr_RS-04378695.assemble.report.json /projects/rpci/songyao/pnfioric/arc_project/airr_calculation/tcr_quant/results/mixcr_RS-04378695.extended.vdjca /projects/rpci/songyao/pnfioric/arc_project/airr_calculation/tcr_quant/results/mixcr_RS-04378695.clna
Initialization: progress unknown
Initialization: progress unknown
===================== report: assemble =====================
Analysis time: 1.15s
Final clonotype count: 594
Reads used in clonotypes, percent of total: 1319 (0%)
Average number of reads per clonotype: 2.22
Reads dropped due to the lack of a clone sequence, percent of total: 3928 (0.01%)
Reads dropped due to a too short clonal sequence, percent of total: 0 (0%)
Reads dropped due to low quality, percent of total: 0 (0%)
Reads dropped due to failed mapping, percent of total: 49 (0%)
Reads dropped with low quality clones, percent of total: 0 (0%)
Aligned reads processed: 1369
Reads used in clonotypes before clustering, percent of total: 1320 (0%)
Number of reads used as a core, percent of used: 1312 (99.39%)
Mapped low quality reads, percent of used: 8 (0.61%)
Reads clustered in PCR error correction, percent of used: 1 (0.08%)
Reads pre-clustered due to the similar VJC-lists, percent of used: 0 (0%)
Clonotypes dropped as low quality: 0
Clonotypes eliminated by PCR error correction: 1
Clonotypes pre-clustered due to the similar VJC-lists: 0
Clones dropped in post filtering: 0 (0%)
Reads dropped in post filtering: 0.0 (0%)
Reads filtered by tag prefix: 0 (0%)
TRA chains: 10 (1.68%)
TRA non-functional: 1 (10%)
TRB chains: 7 (1.18%)
TRB non-functional: 1 (14.29%)
TRG chains: 1 (0.17%)
TRG non-functional: 1 (100%)
IGH chains: 134 (22.56%)
IGH non-functional: 0 (0%)
IGK chains: 331 (55.72%)
IGK non-functional: 12 (3.63%)
IGL chains: 111 (18.69%)
IGL non-functional: 4 (3.6%)

>>>>>>>>>>>>>>>>>> mixcr assembleContigs <<<<<<<<<<<<<<<<<<
Running:
mixcr assembleContigs --report /projects/rpci/songyao/pnfioric/arc_project/airr_calculation/tcr_quant/results/mixcr_RS-04378695.assembleContigs.report.txt --json-report /projects/rpci/songyao/pnfioric/arc_project/airr_calculation/tcr_quant/results/mixcr_RS-04378695.assembleContigs.report.json --threads 12 /projects/rpci/songyao/pnfioric/arc_project/airr_calculation/tcr_quant/results/mixcr_RS-04378695.clna /projects/rpci/songyao/pnfioric/arc_project/airr_calculation/tcr_quant/results/mixcr_RS-04378695.contigs.clns
Assembling contigs: 0%
================= report: assembleContigs =================
Analysis time: 528ms
Initial clonotype count: 594
Final clonotype count: 594 (100%)
Canceled assemblies: 0 (0%)
Clones filtered out after assemble: 0 (0%)
Number of premature termination assembly events, percent of number of initial clonotypes: 0.0 (0%)
Longest contig length: 309
Clustered variants: 0 (0%)
Reads in clustered variants: 0.0 (0%)
Reads in divided (newly created) clones: 0.0 (0%)
Clones with ambiguous letters in splitting region: 0 (0%)
Reads in clones with ambiguous letters in splitting region: 0.0 (0%)
Average number of ambiguous letters per clone with ambiguous letters in splitting region: NaN
Clones combined after clustering: 0 (0%)

>>>>>>>>>>>>>>>>>>>>>>>>> mixcr qc <<<<<<<<<<<<<<<<<<<<<<<<<
Running:
mixcr qc --print-to-stdout /projects/rpci/songyao/pnfioric/arc_project/airr_calculation/tcr_quant/results/mixcr_RS-04378695.contigs.clns /projects/rpci/songyao/pnfioric/arc_project/airr_calculation/tcr_quant/results/mixcr_RS-04378695.qc.txt /projects/rpci/songyao/pnfioric/arc_project/airr_calculation/tcr_quant/results/mixcr_RS-04378695.qc.json

  Alignments dropped due to low sequence quality: 0.0% [OK]

>>>>>>>>>>>>>>>>>>>> mixcr exportClones <<<<<<<<<<<<<<<<<<<<
Running:
mixcr exportClones /projects/rpci/songyao/pnfioric/arc_project/airr_calculation/tcr_quant/results/mixcr_RS-04378695.contigs.clns /projects/rpci/songyao/pnfioric/arc_project/airr_calculation/tcr_quant/results/mixcr_RS-04378695.clones.tsv
Analysis finished successfully.
===============================
Visualize results and simplify your immune data analysis with a convenient UI.
Explore and install Platforma.bio here: https://platforma.bio
