Exporting TRB
Exporting clones: 20%
Filtered 5 of 33 clones (84.85%).
Filtered 6.0 of 53.0 reads (88.68%).
Exporting TRA
Exporting clones: 50%
Filtered 2 of 33 clones (93.94%).
Filtered 3.0 of 53.0 reads (94.34%).
Exporting IGH
Exporting clones: 25%
Filtered 4 of 33 clones (87.88%).
Filtered 5.0 of 53.0 reads (90.57%).
Exporting TRG
Exporting clones: 50%
Filtered 2 of 33 clones (93.94%).
Filtered 2.0 of 53.0 reads (96.23%).
Exporting IGL
Exporting clones: 20%
Filtered 5 of 33 clones (84.85%).
Filtered 9.0 of 53.0 reads (83.02%).
Exporting IGK
Exporting clones: 6.7%
Filtered 15 of 33 clones (54.55%).
Filtered 28.0 of 53.0 reads (47.17%).
