WARNING: sun.reflect.Reflection.getCallerClass is not supported. This will impact performance.

>>>>>>>>>>>>>>>>>>>>>>> mixcr align <<<<<<<<<<<<<<<<<<<<<<<
Running:
mixcr align --report /projects/rpci/songyao/pnfioric/arc_project/airr_calculation/tcr_quant/results/mixcr_RS-04378636.align.report.txt --json-report /projects/rpci/songyao/pnfioric/arc_project/airr_calculation/tcr_quant/results/mixcr_RS-04378636.align.report.json --threads 12 --preset rna-seq --save-output-file-names /projects/rpci/songyao/pnfioric/arc_project/airr_calculation/tcr_quant/results/mixcr_RS-04378636.align.list.tsv --species hsa /projects/rpci/songyao/pnfioric/arc_project/airr_calculation/fastq_files/RS-04378636/RS-04378636_HAYS06001385-C6_RS-03695642_S29_R1_001.fastq.gz /projects/rpci/songyao/pnfioric/arc_project/airr_calculation/fastq_files/RS-04378636/RS-04378636_HAYS06001385-C6_RS-03695642_S29_R2_001.fastq.gz /projects/rpci/songyao/pnfioric/arc_project/airr_calculation/tcr_quant/results/mixcr_RS-04378636.alignments.vdjca
Alignment: 0%
Alignment: 5.6%  ETA: 00:33:53
Alignment: 11.3%  ETA: 00:31:08
Alignment: 16.9%  ETA: 00:29:29
Alignment: 22.6%  ETA: 00:27:09
Alignment: 28.2%  ETA: 00:25:27
Alignment: 33.9%  ETA: 00:23:36
Alignment: 39.5%  ETA: 00:21:36
Alignment: 45.1%  ETA: 00:19:36
Alignment: 50.7%  ETA: 00:17:36
Alignment: 56.3%  ETA: 00:15:30
Alignment: 61.9%  ETA: 00:13:40
Alignment: 67.5%  ETA: 00:11:36
Alignment: 73.1%  ETA: 00:09:32
Alignment: 78.7%  ETA: 00:07:38
Alignment: 84.3%  ETA: 00:05:38
Alignment: 89.9%  ETA: 00:03:36
Alignment: 95.5%  ETA: 00:01:36
====================== report: align ======================
Analysis time: 35.63m
Total sequencing reads: 60799899
Successfully aligned reads: 1949 (0%)
Coverage (percent of successfully aligned):
  CDR3: 362 (18.57%)
  FR3_TO_FR4: 1 (0.05%)
  CDR2_TO_FR4: 0 (0%)
  FR2_TO_FR4: 0 (0%)
  CDR1_TO_FR4: 0 (0%)
  VDJRegion: 0 (0%)
Alignment failed: no hits (not TCR/IG?): 59364526 (97.64%)
Alignment failed: no CDR3 parts: 19196 (0.03%)
Alignment failed: low total score: 1414228 (2.33%)
Overlapped: 54288972 (89.29%)
Overlapped and aligned: 1815 (0%)
Overlapped and not aligned: 54287157 (89.29%)
Alignment-aided overlaps, percent of overlapped and aligned: 37 (2.04%)
No CDR3 parts alignments, percent of successfully aligned: 45 (2.31%)
Partial aligned reads, percent of successfully aligned: 1542 (79.12%)
Realigned with forced non-floating bound: 13021928 (21.42%)
Realigned with forced non-floating right bound in left read: 662 (0%)
Realigned with forced non-floating left bound in right read: 662 (0%)
TRA chains: 544 (27.91%)
TRA non-functional: 3 (0.55%)
TRB chains: 142 (7.29%)
TRB non-functional: 0 (0%)
TRG chains: 23 (1.18%)
TRG non-functional: 0 (0%)
IGH chains: 408 (20.93%)
IGH non-functional: 0 (0%)
TRAD chains: 7 (0.36%)
TRAD non-functional: 0 (0%)
IGK chains: 405 (20.78%)
IGK non-functional: 11 (2.72%)
IGL chains: 420 (21.55%)
IGL non-functional: 2 (0.48%)
Trimming report:
  R1 reads trimmed left: 49419 (0.08%)
  R1 reads trimmed right: 50874 (0.08%)
  Average R1 nucleotides trimmed left: 0.013798361737410123
  Average R1 nucleotides trimmed right: 0.014815649611523204
  R2 reads trimmed left: 49428 (0.08%)
  R2 reads trimmed right: 49540 (0.08%)
  Average R2 nucleotides trimmed left: 0.013669364812596152
  Average R2 nucleotides trimmed right: 0.014510320156946314

>>>>>>>>>>>>>>>>>> mixcr assemblePartial <<<<<<<<<<<<<<<<<<
Running:
mixcr assemblePartial --report /projects/rpci/songyao/pnfioric/arc_project/airr_calculation/tcr_quant/results/mixcr_RS-04378636.assemblePartial.report.txt --json-report /projects/rpci/songyao/pnfioric/arc_project/airr_calculation/tcr_quant/results/mixcr_RS-04378636.assemblePartial.report.json /projects/rpci/songyao/pnfioric/arc_project/airr_calculation/tcr_quant/results/mixcr_RS-04378636.alignments.vdjca /projects/rpci/songyao/pnfioric/arc_project/airr_calculation/tcr_quant/results/mixcr_RS-04378636.passembled.1.vdjca
Building index: 0%
Searching for overlaps: 0%
================= report: assemblePartial =================
Analysis time: 134ms
Total alignments analysed: 1949
Number of output alignments: 1949 (100%)
Alignments already with CDR3 (no overlapping is performed): 369 (18.93%)
Successfully overlapped alignments: 0 (0%)
Left parts with too small N-region (failed to extract k-mer): 307 (15.75%)
Extracted k-mer diversity: 1529
Dropped due to wildcard in k-mer: 0 (0%)
Dropped due to too short NRegion parts in overlap: 0 (0%)
Dropped overlaps with empty N region due to no complete NDN coverage: 0 (0%)
Number of left-side alignments: 236 (12.11%)
Number of right-side alignments: 1041 (53.41%)
Complex overlaps: 0 (0%)
Over-overlaps: 0 (0%)
Partial alignments written to output: 1580 (81.07%)

>>>>>>>>>>>>>>>>>> mixcr assemblePartial <<<<<<<<<<<<<<<<<<
Running:
mixcr assemblePartial --report /projects/rpci/songyao/pnfioric/arc_project/airr_calculation/tcr_quant/results/mixcr_RS-04378636.assemblePartial.report.txt --json-report /projects/rpci/songyao/pnfioric/arc_project/airr_calculation/tcr_quant/results/mixcr_RS-04378636.assemblePartial.report.json /projects/rpci/songyao/pnfioric/arc_project/airr_calculation/tcr_quant/results/mixcr_RS-04378636.passembled.1.vdjca /projects/rpci/songyao/pnfioric/arc_project/airr_calculation/tcr_quant/results/mixcr_RS-04378636.passembled.2.vdjca
Building index: 0%
Searching for overlaps: 0.3%
================= report: assemblePartial =================
Analysis time: 74ms
Total alignments analysed: 1949
Number of output alignments: 1949 (100%)
Alignments already with CDR3 (no overlapping is performed): 369 (18.93%)
Successfully overlapped alignments: 0 (0%)
Left parts with too small N-region (failed to extract k-mer): 307 (15.75%)
Extracted k-mer diversity: 1529
Dropped due to wildcard in k-mer: 0 (0%)
Dropped due to too short NRegion parts in overlap: 0 (0%)
Dropped overlaps with empty N region due to no complete NDN coverage: 0 (0%)
Number of left-side alignments: 236 (12.11%)
Number of right-side alignments: 1041 (53.41%)
Complex overlaps: 0 (0%)
Over-overlaps: 0 (0%)
Partial alignments written to output: 1580 (81.07%)

>>>>>>>>>>>>>>>>>>>>>>> mixcr extend <<<<<<<<<<<<<<<<<<<<<<<
Running:
mixcr extend --report /projects/rpci/songyao/pnfioric/arc_project/airr_calculation/tcr_quant/results/mixcr_RS-04378636.extend.report.txt --json-report /projects/rpci/songyao/pnfioric/arc_project/airr_calculation/tcr_quant/results/mixcr_RS-04378636.extend.report.json --threads 12 /projects/rpci/songyao/pnfioric/arc_project/airr_calculation/tcr_quant/results/mixcr_RS-04378636.passembled.2.vdjca /projects/rpci/songyao/pnfioric/arc_project/airr_calculation/tcr_quant/results/mixcr_RS-04378636.extended.vdjca
Extending alignments: 0%
====================== report: extend ======================
Analysis time: 21ms
Extended alignments count: 2 (0.1%)
V extensions total: 0 (0%)
V extensions with merged targets: 0 (0%)
J extensions total: 2 (0.1%)
J extensions with merged targets: 0 (0%)
V+J extensions: 0 (0%)
Mean V extension length: NaN
Mean J extension length: 14.0

>>>>>>>>>>>>>>>>>>>>>> mixcr assemble <<<<<<<<<<<<<<<<<<<<<<
Running:
mixcr assemble --report /projects/rpci/songyao/pnfioric/arc_project/airr_calculation/tcr_quant/results/mixcr_RS-04378636.assemble.report.txt --json-report /projects/rpci/songyao/pnfioric/arc_project/airr_calculation/tcr_quant/results/mixcr_RS-04378636.assemble.report.json /projects/rpci/songyao/pnfioric/arc_project/airr_calculation/tcr_quant/results/mixcr_RS-04378636.extended.vdjca /projects/rpci/songyao/pnfioric/arc_project/airr_calculation/tcr_quant/results/mixcr_RS-04378636.clna
Initialization: progress unknown
Initialization: progress unknown
===================== report: assemble =====================
Analysis time: 459ms
Final clonotype count: 172
Reads used in clonotypes, percent of total: 358 (0%)
Average number of reads per clonotype: 2.08
Reads dropped due to the lack of a clone sequence, percent of total: 1585 (0%)
Reads dropped due to a too short clonal sequence, percent of total: 0 (0%)
Reads dropped due to low quality, percent of total: 0 (0%)
Reads dropped due to failed mapping, percent of total: 6 (0%)
Reads dropped with low quality clones, percent of total: 0 (0%)
Aligned reads processed: 364
Reads used in clonotypes before clustering, percent of total: 358 (0%)
Number of reads used as a core, percent of used: 355 (99.16%)
Mapped low quality reads, percent of used: 3 (0.84%)
Reads clustered in PCR error correction, percent of used: 0 (0%)
Reads pre-clustered due to the similar VJC-lists, percent of used: 0 (0%)
Clonotypes dropped as low quality: 0
Clonotypes eliminated by PCR error correction: 0
Clonotypes pre-clustered due to the similar VJC-lists: 0
Clones dropped in post filtering: 0 (0%)
Reads dropped in post filtering: 0.0 (0%)
Reads filtered by tag prefix: 0 (0%)
TRA chains: 4 (2.33%)
TRA non-functional: 1 (25%)
TRB chains: 2 (1.16%)
TRB non-functional: 0 (0%)
IGH chains: 44 (25.58%)
IGH non-functional: 0 (0%)
IGK chains: 87 (50.58%)
IGK non-functional: 5 (5.75%)
IGL chains: 35 (20.35%)
IGL non-functional: 1 (2.86%)

>>>>>>>>>>>>>>>>>> mixcr assembleContigs <<<<<<<<<<<<<<<<<<
Running:
mixcr assembleContigs --report /projects/rpci/songyao/pnfioric/arc_project/airr_calculation/tcr_quant/results/mixcr_RS-04378636.assembleContigs.report.txt --json-report /projects/rpci/songyao/pnfioric/arc_project/airr_calculation/tcr_quant/results/mixcr_RS-04378636.assembleContigs.report.json --threads 12 /projects/rpci/songyao/pnfioric/arc_project/airr_calculation/tcr_quant/results/mixcr_RS-04378636.clna /projects/rpci/songyao/pnfioric/arc_project/airr_calculation/tcr_quant/results/mixcr_RS-04378636.contigs.clns
Assembling contigs: 0%
================= report: assembleContigs =================
Analysis time: 206ms
Initial clonotype count: 172
Final clonotype count: 172 (100%)
Canceled assemblies: 0 (0%)
Clones filtered out after assemble: 0 (0%)
Number of premature termination assembly events, percent of number of initial clonotypes: 0.0 (0%)
Longest contig length: 203
Clustered variants: 0 (0%)
Reads in clustered variants: 0.0 (0%)
Reads in divided (newly created) clones: 0.0 (0%)
Clones with ambiguous letters in splitting region: 0 (0%)
Reads in clones with ambiguous letters in splitting region: 0.0 (0%)
Average number of ambiguous letters per clone with ambiguous letters in splitting region: NaN
Clones combined after clustering: 0 (0%)

>>>>>>>>>>>>>>>>>>>>>>>>> mixcr qc <<<<<<<<<<<<<<<<<<<<<<<<<
Running:
mixcr qc --print-to-stdout /projects/rpci/songyao/pnfioric/arc_project/airr_calculation/tcr_quant/results/mixcr_RS-04378636.contigs.clns /projects/rpci/songyao/pnfioric/arc_project/airr_calculation/tcr_quant/results/mixcr_RS-04378636.qc.txt /projects/rpci/songyao/pnfioric/arc_project/airr_calculation/tcr_quant/results/mixcr_RS-04378636.qc.json

  Alignments dropped due to low sequence quality: 0.0% [OK]

>>>>>>>>>>>>>>>>>>>> mixcr exportClones <<<<<<<<<<<<<<<<<<<<
Running:
mixcr exportClones /projects/rpci/songyao/pnfioric/arc_project/airr_calculation/tcr_quant/results/mixcr_RS-04378636.contigs.clns /projects/rpci/songyao/pnfioric/arc_project/airr_calculation/tcr_quant/results/mixcr_RS-04378636.clones.tsv
Analysis finished successfully.
===============================
Visualize results and simplify your immune data analysis with a convenient UI.
Explore and install Platforma.bio here: https://platforma.bio
