WARNING: sun.reflect.Reflection.getCallerClass is not supported. This will impact performance.

>>>>>>>>>>>>>>>>>>>>>>> mixcr align <<<<<<<<<<<<<<<<<<<<<<<
Running:
mixcr align --report /projects/rpci/songyao/pnfioric/arc_project/airr_calculation/tcr_quant/results/mixcr_RS-04367404.align.report.txt --json-report /projects/rpci/songyao/pnfioric/arc_project/airr_calculation/tcr_quant/results/mixcr_RS-04367404.align.report.json --threads 12 --preset rna-seq --save-output-file-names /projects/rpci/songyao/pnfioric/arc_project/airr_calculation/tcr_quant/results/mixcr_RS-04367404.align.list.tsv --species hsa /projects/rpci/songyao/pnfioric/arc_project/airr_calculation/fastq_files/RS-04367404/RS-04367404_SFOS13001720-A5_RS-04266597_S70_R1_001.fastq.gz /projects/rpci/songyao/pnfioric/arc_project/airr_calculation/fastq_files/RS-04367404/RS-04367404_SFOS13001720-A5_RS-04266597_S70_R2_001.fastq.gz /projects/rpci/songyao/pnfioric/arc_project/airr_calculation/tcr_quant/results/mixcr_RS-04367404.alignments.vdjca
Alignment: 0%
Alignment: 3.4%  ETA: 00:56:45
Alignment: 6.8%  ETA: 00:54:45
Alignment: 10.2%  ETA: 00:52:16
Alignment: 13.6%  ETA: 00:50:44
Alignment: 17%  ETA: 00:49:39
Alignment: 20.3%  ETA: 00:47:39
Alignment: 23.7%  ETA: 00:44:48
Alignment: 27.1%  ETA: 00:43:36
Alignment: 30.4%  ETA: 00:41:36
Alignment: 33.8%  ETA: 00:39:14
Alignment: 37.1%  ETA: 00:37:35
Alignment: 40.4%  ETA: 00:36:17
Alignment: 43.8%  ETA: 00:33:37
Alignment: 47.1%  ETA: 00:31:56
Alignment: 50.4%  ETA: 00:29:56
Alignment: 53.7%  ETA: 00:28:12
Alignment: 57%  ETA: 00:25:42
Alignment: 60.3%  ETA: 00:23:56
Alignment: 63.7%  ETA: 00:21:56
Alignment: 66.9%  ETA: 00:20:08
Alignment: 70.2%  ETA: 00:18:08
Alignment: 73.5%  ETA: 00:16:08
Alignment: 76.8%  ETA: 00:14:08
Alignment: 80.1%  ETA: 00:12:00
Alignment: 83.5%  ETA: 00:09:53
Alignment: 86.8%  ETA: 00:07:53
Alignment: 90.1%  ETA: 00:05:53
Alignment: 93.4%  ETA: 00:04:00
Alignment: 96.8%  ETA: 00:01:56
====================== report: align ======================
Analysis time: 59.99m
Total sequencing reads: 63420558
Successfully aligned reads: 91799 (0.14%)
Coverage (percent of successfully aligned):
  CDR3: 30339 (33.05%)
  FR3_TO_FR4: 231 (0.25%)
  CDR2_TO_FR4: 78 (0.08%)
  FR2_TO_FR4: 29 (0.03%)
  CDR1_TO_FR4: 6 (0.01%)
  VDJRegion: 7 (0.01%)
Alignment failed: no hits (not TCR/IG?): 61513431 (96.99%)
Alignment failed after alignment-aided overlap: 8 (0%)
Alignment failed: no CDR3 parts: 176409 (0.28%)
Alignment failed: low total score: 1638911 (2.58%)
Overlapped: 55591254 (87.65%)
Overlapped and aligned: 86101 (0.14%)
Overlapped and not aligned: 55505153 (87.52%)
Alignment-aided overlaps, percent of overlapped and aligned: 2286 (2.66%)
No CDR3 parts alignments, percent of successfully aligned: 1015 (1.11%)
Partial aligned reads, percent of successfully aligned: 60445 (65.84%)
V gene chimeras: 28 (0%)
J gene chimeras: 14 (0%)
Paired-end alignment conflicts eliminated: 1 (0%)
Realigned with forced non-floating bound: 15663180 (24.7%)
Realigned with forced non-floating right bound in left read: 1753 (0%)
Realigned with forced non-floating left bound in right read: 1753 (0%)
TRA chains: 2559 (2.79%)
TRA non-functional: 5 (0.2%)
TRB chains: 644 (0.7%)
TRB non-functional: 6 (0.93%)
TRD chains: 13 (0.01%)
TRD non-functional: 0 (0%)
TRG chains: 141 (0.15%)
TRG non-functional: 12 (8.51%)
IGH chains: 35156 (38.3%)
IGH non-functional: 163 (0.46%)
TRAD chains: 63 (0.07%)
TRAD non-functional: 0 (0%)
IGK chains: 22513 (24.52%)
IGK non-functional: 391 (1.74%)
IGL chains: 30710 (33.45%)
IGL non-functional: 105 (0.34%)
Trimming report:
  R1 reads trimmed left: 9313 (0.01%)
  R1 reads trimmed right: 9985 (0.02%)
  Average R1 nucleotides trimmed left: 0.002496619471559995
  Average R1 nucleotides trimmed right: 0.0027763237277098696
  R2 reads trimmed left: 11226 (0.02%)
  R2 reads trimmed right: 11685 (0.02%)
  Average R2 nucleotides trimmed left: 0.002539823128014736
  Average R2 nucleotides trimmed right: 0.0038804767375272857

>>>>>>>>>>>>>>>>>> mixcr assemblePartial <<<<<<<<<<<<<<<<<<
Running:
mixcr assemblePartial --report /projects/rpci/songyao/pnfioric/arc_project/airr_calculation/tcr_quant/results/mixcr_RS-04367404.assemblePartial.report.txt --json-report /projects/rpci/songyao/pnfioric/arc_project/airr_calculation/tcr_quant/results/mixcr_RS-04367404.assemblePartial.report.json /projects/rpci/songyao/pnfioric/arc_project/airr_calculation/tcr_quant/results/mixcr_RS-04367404.alignments.vdjca /projects/rpci/songyao/pnfioric/arc_project/airr_calculation/tcr_quant/results/mixcr_RS-04367404.passembled.1.vdjca
Building index: 0%
Searching for overlaps: 0%
Searching for overlaps: 13.5%  ETA: 00:00:25
Searching for overlaps: 28.5%  ETA: 00:00:09
Searching for overlaps: 49%  ETA: 00:00:04
Searching for overlaps: 61.2%  ETA: 00:00:03
Searching for overlaps: 72.8%  ETA: 00:00:02
Searching for overlaps: 86.2%  ETA: 00:00:01
================= report: assemblePartial =================
Analysis time: 12.49s
Total alignments analysed: 91799
Number of output alignments: 89819 (97.84%)
Alignments already with CDR3 (no overlapping is performed): 32749 (35.67%)
Successfully overlapped alignments: 1979 (2.16%)
Left parts with too small N-region (failed to extract k-mer): 23800 (25.93%)
Extracted k-mer diversity: 16454
Dropped due to wildcard in k-mer: 0 (0%)
Dropped due to too short NRegion parts in overlap: 3635 (3.96%)
Dropped overlaps with empty N region due to no complete NDN coverage: 21 (0.02%)
Number of left-side alignments: 9945 (10.83%)
Number of right-side alignments: 25658 (27.95%)
Complex overlaps: 0 (0%)
Over-overlaps: 0 (0%)
Partial alignments written to output: 55091 (60.01%)

>>>>>>>>>>>>>>>>>> mixcr assemblePartial <<<<<<<<<<<<<<<<<<
Running:
mixcr assemblePartial --report /projects/rpci/songyao/pnfioric/arc_project/airr_calculation/tcr_quant/results/mixcr_RS-04367404.assemblePartial.report.txt --json-report /projects/rpci/songyao/pnfioric/arc_project/airr_calculation/tcr_quant/results/mixcr_RS-04367404.assemblePartial.report.json /projects/rpci/songyao/pnfioric/arc_project/airr_calculation/tcr_quant/results/mixcr_RS-04367404.passembled.1.vdjca /projects/rpci/songyao/pnfioric/arc_project/airr_calculation/tcr_quant/results/mixcr_RS-04367404.passembled.2.vdjca
Building index: 0%
Searching for overlaps: 0%
Searching for overlaps: 22.6%  ETA: 00:00:03
Searching for overlaps: 44.9%  ETA: 00:00:02
Searching for overlaps: 63.8%  ETA: 00:00:01
Searching for overlaps: 80.6%  ETA: 00:00:01
================= report: assemblePartial =================
Analysis time: 5.1s
Total alignments analysed: 89819
Number of output alignments: 89819 (100%)
Alignments already with CDR3 (no overlapping is performed): 34728 (38.66%)
Successfully overlapped alignments: 0 (0%)
Left parts with too small N-region (failed to extract k-mer): 23776 (26.47%)
Extracted k-mer diversity: 15400
Dropped due to wildcard in k-mer: 0 (0%)
Dropped due to too short NRegion parts in overlap: 3091 (3.44%)
Dropped overlaps with empty N region due to no complete NDN coverage: 13 (0.01%)
Number of left-side alignments: 7958 (8.86%)
Number of right-side alignments: 23666 (26.35%)
Complex overlaps: 0 (0%)
Over-overlaps: 0 (0%)
Partial alignments written to output: 55091 (61.34%)

>>>>>>>>>>>>>>>>>>>>>>> mixcr extend <<<<<<<<<<<<<<<<<<<<<<<
Running:
mixcr extend --report /projects/rpci/songyao/pnfioric/arc_project/airr_calculation/tcr_quant/results/mixcr_RS-04367404.extend.report.txt --json-report /projects/rpci/songyao/pnfioric/arc_project/airr_calculation/tcr_quant/results/mixcr_RS-04367404.extend.report.json --threads 12 /projects/rpci/songyao/pnfioric/arc_project/airr_calculation/tcr_quant/results/mixcr_RS-04367404.passembled.2.vdjca /projects/rpci/songyao/pnfioric/arc_project/airr_calculation/tcr_quant/results/mixcr_RS-04367404.extended.vdjca
Extending alignments: 0%
====================== report: extend ======================
Analysis time: 869ms
Extended alignments count: 7 (0.01%)
V extensions total: 0 (0%)
V extensions with merged targets: 0 (0%)
J extensions total: 7 (0.01%)
J extensions with merged targets: 0 (0%)
V+J extensions: 0 (0%)
Mean V extension length: NaN
Mean J extension length: 8.571428571428571

>>>>>>>>>>>>>>>>>>>>>> mixcr assemble <<<<<<<<<<<<<<<<<<<<<<
Running:
mixcr assemble --report /projects/rpci/songyao/pnfioric/arc_project/airr_calculation/tcr_quant/results/mixcr_RS-04367404.assemble.report.txt --json-report /projects/rpci/songyao/pnfioric/arc_project/airr_calculation/tcr_quant/results/mixcr_RS-04367404.assemble.report.json /projects/rpci/songyao/pnfioric/arc_project/airr_calculation/tcr_quant/results/mixcr_RS-04367404.extended.vdjca /projects/rpci/songyao/pnfioric/arc_project/airr_calculation/tcr_quant/results/mixcr_RS-04367404.clna
Initialization: progress unknown
Building clones: 0%
Initialization: progress unknown
Sorting alignments: 100%
Writing alignments: 10.1%
Writing alignments: 78.7%  ETA: 00:00:00
Writing alignments: 96.2%  ETA: 00:00:00
===================== report: assemble =====================
Analysis time: 3.31s
Final clonotype count: 1584
Reads used in clonotypes, percent of total: 33396 (0.05%)
Average number of reads per clonotype: 21.08
Reads dropped due to the lack of a clone sequence, percent of total: 57494 (0.09%)
Reads dropped due to a too short clonal sequence, percent of total: 0 (0%)
Reads dropped due to low quality, percent of total: 0 (0%)
Reads dropped due to failed mapping, percent of total: 256 (0%)
Reads dropped with low quality clones, percent of total: 0 (0%)
Aligned reads processed: 34304
Reads used in clonotypes before clustering, percent of total: 34048 (0.05%)
Number of reads used as a core, percent of used: 33679 (98.92%)
Mapped low quality reads, percent of used: 369 (1.08%)
Reads clustered in PCR error correction, percent of used: 652 (1.91%)
Reads pre-clustered due to the similar VJC-lists, percent of used: 0 (0%)
Clonotypes dropped as low quality: 0
Clonotypes eliminated by PCR error correction: 385
Clonotypes pre-clustered due to the similar VJC-lists: 0
Clones dropped in post filtering: 0 (0%)
Reads dropped in post filtering: 0.0 (0%)
Reads filtered by tag prefix: 0 (0%)
TRA chains: 30 (1.89%)
TRA non-functional: 3 (10%)
TRB chains: 24 (1.52%)
TRB non-functional: 3 (12.5%)
TRG chains: 4 (0.25%)
TRG non-functional: 4 (100%)
IGH chains: 567 (35.8%)
IGH non-functional: 36 (6.35%)
IGK chains: 671 (42.36%)
IGK non-functional: 85 (12.67%)
IGL chains: 288 (18.18%)
IGL non-functional: 20 (6.94%)

>>>>>>>>>>>>>>>>>> mixcr assembleContigs <<<<<<<<<<<<<<<<<<
Running:
mixcr assembleContigs --report /projects/rpci/songyao/pnfioric/arc_project/airr_calculation/tcr_quant/results/mixcr_RS-04367404.assembleContigs.report.txt --json-report /projects/rpci/songyao/pnfioric/arc_project/airr_calculation/tcr_quant/results/mixcr_RS-04367404.assembleContigs.report.json --threads 12 /projects/rpci/songyao/pnfioric/arc_project/airr_calculation/tcr_quant/results/mixcr_RS-04367404.clna /projects/rpci/songyao/pnfioric/arc_project/airr_calculation/tcr_quant/results/mixcr_RS-04367404.contigs.clns
Assembling contigs: 0%
Assembling contigs: 19.6%  ETA: 00:00:04
Assembling contigs: 33.8%  ETA: 00:00:04
================= report: assembleContigs =================
Analysis time: 2.52s
Initial clonotype count: 1584
Final clonotype count: 1584 (100%)
Canceled assemblies: 0 (0%)
Clones filtered out after assemble: 0 (0%)
Number of premature termination assembly events, percent of number of initial clonotypes: 0.0 (0%)
Longest contig length: 491
Clustered variants: 0 (0%)
Reads in clustered variants: 0.0 (0%)
Reads in divided (newly created) clones: 0.0 (0%)
Clones with ambiguous letters in splitting region: 0 (0%)
Reads in clones with ambiguous letters in splitting region: 0.0 (0%)
Average number of ambiguous letters per clone with ambiguous letters in splitting region: NaN
Clones combined after clustering: 0 (0%)

>>>>>>>>>>>>>>>>>>>>>>>>> mixcr qc <<<<<<<<<<<<<<<<<<<<<<<<<
Running:
mixcr qc --print-to-stdout /projects/rpci/songyao/pnfioric/arc_project/airr_calculation/tcr_quant/results/mixcr_RS-04367404.contigs.clns /projects/rpci/songyao/pnfioric/arc_project/airr_calculation/tcr_quant/results/mixcr_RS-04367404.qc.txt /projects/rpci/songyao/pnfioric/arc_project/airr_calculation/tcr_quant/results/mixcr_RS-04367404.qc.json

  Alignments dropped due to low sequence quality: 0.0% [OK]

>>>>>>>>>>>>>>>>>>>> mixcr exportClones <<<<<<<<<<<<<<<<<<<<
Running:
mixcr exportClones /projects/rpci/songyao/pnfioric/arc_project/airr_calculation/tcr_quant/results/mixcr_RS-04367404.contigs.clns /projects/rpci/songyao/pnfioric/arc_project/airr_calculation/tcr_quant/results/mixcr_RS-04367404.clones.tsv
Analysis finished successfully.
===============================
Visualize results and simplify your immune data analysis with a convenient UI.
Explore and install Platforma.bio here: https://platforma.bio
