Exporting TRB
Exporting clones: 100%
Filtered 1 of 118 clones (99.15%).
Filtered 6.0 of 442.0 reads (98.64%).
Exporting TRA
Exporting clones: 50%
Filtered 2 of 118 clones (98.31%).
Filtered 5.0 of 442.0 reads (98.87%).
Exporting IGH
Exporting clones: 3.3%
Filtered 30 of 118 clones (74.58%).
Filtered 112.0 of 442.0 reads (74.66%).
Exporting TRG
Exporting clones: 50%
Filtered 2 of 118 clones (98.31%).
Filtered 17.0 of 442.0 reads (96.15%).
Exporting IGL
Exporting clones: 5.6%
Filtered 18 of 118 clones (84.75%).
Filtered 52.0 of 442.0 reads (88.24%).
Exporting IGK
Exporting clones: 1.5%
Filtered 65 of 118 clones (44.92%).
Filtered 250.0 of 442.0 reads (43.44%).
