Exporting TRB
Exporting clones: 20%
Filtered 5 of 529 clones (99.05%).
Filtered 16.0 of 1562.0 reads (98.98%).
Exporting TRA
Exporting clones: 10%
Filtered 10 of 529 clones (98.11%).
Filtered 24.0 of 1562.0 reads (98.46%).
Exporting IGH
Exporting clones: 0.8%
Filtered 118 of 529 clones (77.69%).
Filtered 433.0 of 1562.0 reads (72.28%).
Exporting TRG
Exporting clones: 100%
Filtered 2 of 529 clones (99.62%).
Filtered 11.0 of 1562.0 reads (99.3%).
Exporting IGL
Exporting clones: 0.9%
Filtered 106 of 529 clones (79.96%).
Filtered 356.0 of 1562.0 reads (77.21%).
Exporting IGK
Exporting clones: 0.3%
Filtered 288 of 529 clones (45.56%).
Filtered 722.0 of 1562.0 reads (53.78%).
