Exporting TRB
Exporting clones: 50%
Filtered 2 of 96 clones (97.92%).
Filtered 3.0 of 327.0 reads (99.08%).
Exporting TRA
Exporting clones: 16.7%
Filtered 6 of 96 clones (93.75%).
Filtered 19.0 of 327.0 reads (94.19%).
Exporting IGH
Exporting clones: 3.6%
Filtered 28 of 96 clones (70.83%).
Filtered 94.0 of 327.0 reads (71.25%).
Exporting TRG
Exporting clones: 50%
Filtered 2 of 96 clones (97.92%).
Filtered 6.0 of 327.0 reads (98.17%).
Exporting IGL
Exporting clones: 4.3%
Filtered 23 of 96 clones (76.04%).
Filtered 83.0 of 327.0 reads (74.62%).
Exporting IGK
Exporting clones: 2.9%
Filtered 35 of 96 clones (63.54%).
Filtered 122.0 of 327.0 reads (62.69%).
