WARNING: sun.reflect.Reflection.getCallerClass is not supported. This will impact performance.

>>>>>>>>>>>>>>>>>>>>>>> mixcr align <<<<<<<<<<<<<<<<<<<<<<<
Running:
mixcr align --report /projects/rpci/songyao/pnfioric/arc_project/airr_calculation/tcr_quant/results/mixcr_RS-04367364.align.report.txt --json-report /projects/rpci/songyao/pnfioric/arc_project/airr_calculation/tcr_quant/results/mixcr_RS-04367364.align.report.json --threads 12 --preset rna-seq --save-output-file-names /projects/rpci/songyao/pnfioric/arc_project/airr_calculation/tcr_quant/results/mixcr_RS-04367364.align.list.tsv --species hsa /projects/rpci/songyao/pnfioric/arc_project/airr_calculation/fastq_files/RS-04367364/RS-04367364_SACS07009640-A7_RS-03747925_S30_R1_001.fastq.gz /projects/rpci/songyao/pnfioric/arc_project/airr_calculation/fastq_files/RS-04367364/RS-04367364_SACS07009640-A7_RS-03747925_S30_R2_001.fastq.gz /projects/rpci/songyao/pnfioric/arc_project/airr_calculation/tcr_quant/results/mixcr_RS-04367364.alignments.vdjca
Alignment: 0%
Alignment: 4.5%  ETA: 00:42:49
Alignment: 8.9%  ETA: 00:40:49
Alignment: 13.5%  ETA: 00:38:12
Alignment: 17.9%  ETA: 00:36:47
Alignment: 22.4%  ETA: 00:34:47
Alignment: 26.8%  ETA: 00:32:47
Alignment: 31.2%  ETA: 00:31:17
Alignment: 35.7%  ETA: 00:28:49
Alignment: 40.1%  ETA: 00:27:28
Alignment: 44.5%  ETA: 00:25:16
Alignment: 48.9%  ETA: 00:23:16
Alignment: 53.3%  ETA: 00:21:16
Alignment: 57.7%  ETA: 00:19:16
Alignment: 62%  ETA: 00:17:16
Alignment: 66.4%  ETA: 00:15:32
Alignment: 70.7%  ETA: 00:13:25
Alignment: 75.1%  ETA: 00:11:25
Alignment: 79.5%  ETA: 00:09:24
Alignment: 83.9%  ETA: 00:07:16
Alignment: 88.3%  ETA: 00:05:16
Alignment: 92.7%  ETA: 00:03:21
Alignment: 97.1%  ETA: 00:01:19
====================== report: align ======================
Analysis time: 45.38m
Total sequencing reads: 59453356
Successfully aligned reads: 3363 (0.01%)
Coverage (percent of successfully aligned):
  CDR3: 276 (8.21%)
  FR3_TO_FR4: 0 (0%)
  CDR2_TO_FR4: 0 (0%)
  FR2_TO_FR4: 0 (0%)
  CDR1_TO_FR4: 0 (0%)
  VDJRegion: 0 (0%)
Alignment failed: no hits (not TCR/IG?): 58122280 (97.76%)
Alignment failed after alignment-aided overlap: 1 (0%)
Alignment failed: no CDR3 parts: 16597 (0.03%)
Alignment failed: low total score: 1311115 (2.21%)
Overlapped: 57298041 (96.37%)
Overlapped and aligned: 3302 (0.01%)
Overlapped and not aligned: 57294739 (96.37%)
Alignment-aided overlaps, percent of overlapped and aligned: 0 (0%)
No CDR3 parts alignments, percent of successfully aligned: 248 (7.37%)
Partial aligned reads, percent of successfully aligned: 2839 (84.42%)
Realigned with forced non-floating bound: 4310630 (7.25%)
Realigned with forced non-floating right bound in left read: 322 (0%)
Realigned with forced non-floating left bound in right read: 322 (0%)
TRA chains: 1258 (37.41%)
TRA non-functional: 0 (0%)
TRB chains: 281 (8.36%)
TRB non-functional: 0 (0%)
TRG chains: 5 (0.15%)
TRG non-functional: 0 (0%)
IGH chains: 873 (25.96%)
IGH non-functional: 0 (0%)
TRAD chains: 5 (0.15%)
TRAD non-functional: 0 (0%)
IGK chains: 262 (7.79%)
IGK non-functional: 0 (0%)
IGL chains: 679 (20.19%)
IGL non-functional: 0 (0%)
Trimming report:
  R1 reads trimmed left: 360643 (0.61%)
  R1 reads trimmed right: 373678 (0.63%)
  Average R1 nucleotides trimmed left: 0.1031190905354443
  Average R1 nucleotides trimmed right: 0.11019753031267066
  R2 reads trimmed left: 358527 (0.6%)
  R2 reads trimmed right: 371336 (0.62%)
  Average R2 nucleotides trimmed left: 0.10205767021797726
  Average R2 nucleotides trimmed right: 0.11018555453791372

>>>>>>>>>>>>>>>>>> mixcr assemblePartial <<<<<<<<<<<<<<<<<<
Running:
mixcr assemblePartial --report /projects/rpci/songyao/pnfioric/arc_project/airr_calculation/tcr_quant/results/mixcr_RS-04367364.assemblePartial.report.txt --json-report /projects/rpci/songyao/pnfioric/arc_project/airr_calculation/tcr_quant/results/mixcr_RS-04367364.assemblePartial.report.json /projects/rpci/songyao/pnfioric/arc_project/airr_calculation/tcr_quant/results/mixcr_RS-04367364.alignments.vdjca /projects/rpci/songyao/pnfioric/arc_project/airr_calculation/tcr_quant/results/mixcr_RS-04367364.passembled.1.vdjca
Building index: 0%
Searching for overlaps: 0%
================= report: assemblePartial =================
Analysis time: 243ms
Total alignments analysed: 3363
Number of output alignments: 3363 (100%)
Alignments already with CDR3 (no overlapping is performed): 290 (8.62%)
Successfully overlapped alignments: 0 (0%)
Left parts with too small N-region (failed to extract k-mer): 619 (18.41%)
Extracted k-mer diversity: 569
Dropped due to wildcard in k-mer: 0 (0%)
Dropped due to too short NRegion parts in overlap: 0 (0%)
Dropped overlaps with empty N region due to no complete NDN coverage: 0 (0%)
Number of left-side alignments: 535 (15.91%)
Number of right-side alignments: 1919 (57.06%)
Complex overlaps: 0 (0%)
Over-overlaps: 0 (0%)
Partial alignments written to output: 3073 (91.38%)

>>>>>>>>>>>>>>>>>> mixcr assemblePartial <<<<<<<<<<<<<<<<<<
Running:
mixcr assemblePartial --report /projects/rpci/songyao/pnfioric/arc_project/airr_calculation/tcr_quant/results/mixcr_RS-04367364.assemblePartial.report.txt --json-report /projects/rpci/songyao/pnfioric/arc_project/airr_calculation/tcr_quant/results/mixcr_RS-04367364.assemblePartial.report.json /projects/rpci/songyao/pnfioric/arc_project/airr_calculation/tcr_quant/results/mixcr_RS-04367364.passembled.1.vdjca /projects/rpci/songyao/pnfioric/arc_project/airr_calculation/tcr_quant/results/mixcr_RS-04367364.passembled.2.vdjca
Building index: 0%
Searching for overlaps: 0.1%
================= report: assemblePartial =================
Analysis time: 104ms
Total alignments analysed: 3363
Number of output alignments: 3363 (100%)
Alignments already with CDR3 (no overlapping is performed): 290 (8.62%)
Successfully overlapped alignments: 0 (0%)
Left parts with too small N-region (failed to extract k-mer): 619 (18.41%)
Extracted k-mer diversity: 569
Dropped due to wildcard in k-mer: 0 (0%)
Dropped due to too short NRegion parts in overlap: 0 (0%)
Dropped overlaps with empty N region due to no complete NDN coverage: 0 (0%)
Number of left-side alignments: 535 (15.91%)
Number of right-side alignments: 1919 (57.06%)
Complex overlaps: 0 (0%)
Over-overlaps: 0 (0%)
Partial alignments written to output: 3073 (91.38%)

>>>>>>>>>>>>>>>>>>>>>>> mixcr extend <<<<<<<<<<<<<<<<<<<<<<<
Running:
mixcr extend --report /projects/rpci/songyao/pnfioric/arc_project/airr_calculation/tcr_quant/results/mixcr_RS-04367364.extend.report.txt --json-report /projects/rpci/songyao/pnfioric/arc_project/airr_calculation/tcr_quant/results/mixcr_RS-04367364.extend.report.json --threads 12 /projects/rpci/songyao/pnfioric/arc_project/airr_calculation/tcr_quant/results/mixcr_RS-04367364.passembled.2.vdjca /projects/rpci/songyao/pnfioric/arc_project/airr_calculation/tcr_quant/results/mixcr_RS-04367364.extended.vdjca
Extending alignments: 0%
====================== report: extend ======================
Analysis time: 34ms
Extended alignments count: 0 (0%)
V extensions total: 0 (0%)
V extensions with merged targets: 0 (0%)
J extensions total: 0 (0%)
J extensions with merged targets: 0 (0%)
V+J extensions: 0 (0%)
Mean V extension length: NaN
Mean J extension length: NaN

>>>>>>>>>>>>>>>>>>>>>> mixcr assemble <<<<<<<<<<<<<<<<<<<<<<
Running:
mixcr assemble --report /projects/rpci/songyao/pnfioric/arc_project/airr_calculation/tcr_quant/results/mixcr_RS-04367364.assemble.report.txt --json-report /projects/rpci/songyao/pnfioric/arc_project/airr_calculation/tcr_quant/results/mixcr_RS-04367364.assemble.report.json /projects/rpci/songyao/pnfioric/arc_project/airr_calculation/tcr_quant/results/mixcr_RS-04367364.extended.vdjca /projects/rpci/songyao/pnfioric/arc_project/airr_calculation/tcr_quant/results/mixcr_RS-04367364.clna
Initialization: progress unknown
Initialization: progress unknown
===================== report: assemble =====================
Analysis time: 362ms
Final clonotype count: 22
Reads used in clonotypes, percent of total: 276 (0%)
Average number of reads per clonotype: 12.55
Reads dropped due to the lack of a clone sequence, percent of total: 3087 (0.01%)
Reads dropped due to a too short clonal sequence, percent of total: 0 (0%)
Reads dropped due to low quality, percent of total: 0 (0%)
Reads dropped due to failed mapping, percent of total: 0 (0%)
Reads dropped with low quality clones, percent of total: 0 (0%)
Aligned reads processed: 276
Reads used in clonotypes before clustering, percent of total: 276 (0%)
Number of reads used as a core, percent of used: 275 (99.64%)
Mapped low quality reads, percent of used: 1 (0.36%)
Reads clustered in PCR error correction, percent of used: 0 (0%)
Reads pre-clustered due to the similar VJC-lists, percent of used: 0 (0%)
Clonotypes dropped as low quality: 0
Clonotypes eliminated by PCR error correction: 0
Clonotypes pre-clustered due to the similar VJC-lists: 0
Clones dropped in post filtering: 0 (0%)
Reads dropped in post filtering: 0.0 (0%)
Reads filtered by tag prefix: 0 (0%)
TRA chains: 1 (4.55%)
TRA non-functional: 0 (0%)
IGH chains: 5 (22.73%)
IGH non-functional: 0 (0%)
IGK chains: 8 (36.36%)
IGK non-functional: 0 (0%)
IGL chains: 8 (36.36%)
IGL non-functional: 0 (0%)

>>>>>>>>>>>>>>>>>> mixcr assembleContigs <<<<<<<<<<<<<<<<<<
Running:
mixcr assembleContigs --report /projects/rpci/songyao/pnfioric/arc_project/airr_calculation/tcr_quant/results/mixcr_RS-04367364.assembleContigs.report.txt --json-report /projects/rpci/songyao/pnfioric/arc_project/airr_calculation/tcr_quant/results/mixcr_RS-04367364.assembleContigs.report.json --threads 12 /projects/rpci/songyao/pnfioric/arc_project/airr_calculation/tcr_quant/results/mixcr_RS-04367364.clna /projects/rpci/songyao/pnfioric/arc_project/airr_calculation/tcr_quant/results/mixcr_RS-04367364.contigs.clns
Assembling contigs: 0%
================= report: assembleContigs =================
Analysis time: 156ms
Initial clonotype count: 22
Final clonotype count: 22 (100%)
Canceled assemblies: 0 (0%)
Clones filtered out after assemble: 0 (0%)
Number of premature termination assembly events, percent of number of initial clonotypes: 0.0 (0%)
Longest contig length: 166
Clustered variants: 0 (0%)
Reads in clustered variants: 0.0 (0%)
Reads in divided (newly created) clones: 0.0 (0%)
Clones with ambiguous letters in splitting region: 0 (0%)
Reads in clones with ambiguous letters in splitting region: 0.0 (0%)
Average number of ambiguous letters per clone with ambiguous letters in splitting region: NaN
Clones combined after clustering: 0 (0%)

>>>>>>>>>>>>>>>>>>>>>>>>> mixcr qc <<<<<<<<<<<<<<<<<<<<<<<<<
Running:
mixcr qc --print-to-stdout /projects/rpci/songyao/pnfioric/arc_project/airr_calculation/tcr_quant/results/mixcr_RS-04367364.contigs.clns /projects/rpci/songyao/pnfioric/arc_project/airr_calculation/tcr_quant/results/mixcr_RS-04367364.qc.txt /projects/rpci/songyao/pnfioric/arc_project/airr_calculation/tcr_quant/results/mixcr_RS-04367364.qc.json

  Alignments dropped due to low sequence quality: 0.0% [OK]

>>>>>>>>>>>>>>>>>>>> mixcr exportClones <<<<<<<<<<<<<<<<<<<<
Running:
mixcr exportClones /projects/rpci/songyao/pnfioric/arc_project/airr_calculation/tcr_quant/results/mixcr_RS-04367364.contigs.clns /projects/rpci/songyao/pnfioric/arc_project/airr_calculation/tcr_quant/results/mixcr_RS-04367364.clones.tsv
Analysis finished successfully.
===============================
Visualize results and simplify your immune data analysis with a convenient UI.
Explore and install Platforma.bio here: https://platforma.bio
