Exporting TRB
Exporting clones: 12.5%
Filtered 8 of 1907 clones (99.58%).
Filtered 17.0 of 8875.0 reads (99.81%).
Exporting TRA
Exporting clones: 9.1%
Filtered 11 of 1907 clones (99.42%).
Filtered 17.0 of 8875.0 reads (99.81%).
Exporting IGH
Exporting clones: 0.2%
Filtered 607 of 1907 clones (68.17%).
Filtered 1962.0 of 8875.0 reads (77.89%).
Exporting IGL
Exporting clones: 0.3%
Filtered 387 of 1907 clones (79.71%).
Filtered 2127.0 of 8875.0 reads (76.03%).
Exporting IGK
Exporting clones: 0.4%
Filtered 894 of 1907 clones (53.12%).
Filtered 4752.0 of 8875.0 reads (46.46%).
