Exporting TRB
Exporting clones: 33.3%
Filtered 3 of 355 clones (99.15%).
Filtered 8.0 of 862.0 reads (99.07%).
Exporting TRA
Exporting clones: 10%
Filtered 10 of 355 clones (97.18%).
Filtered 21.0 of 862.0 reads (97.56%).
Exporting IGH
Exporting clones: 1.1%
Filtered 88 of 355 clones (75.21%).
Filtered 212.0 of 862.0 reads (75.41%).
Exporting TRG
Exporting clones: 20%
Filtered 5 of 355 clones (98.59%).
Filtered 11.0 of 862.0 reads (98.72%).
Exporting IGL
Exporting clones: 3%
Filtered 67 of 355 clones (81.13%).
Filtered 177.0 of 862.0 reads (79.47%).
Exporting IGK
Exporting clones: 0.5%
Filtered 182 of 355 clones (48.73%).
Filtered 433.0 of 862.0 reads (49.77%).
