WARNING: sun.reflect.Reflection.getCallerClass is not supported. This will impact performance.

>>>>>>>>>>>>>>>>>>>>>>> mixcr align <<<<<<<<<<<<<<<<<<<<<<<
Running:
mixcr align --report /projects/rpci/songyao/pnfioric/arc_project/airr_calculation/tcr_quant/results/mixcr_RS-04430840.align.report.txt --json-report /projects/rpci/songyao/pnfioric/arc_project/airr_calculation/tcr_quant/results/mixcr_RS-04430840.align.report.json --threads 12 --preset rna-seq --save-output-file-names /projects/rpci/songyao/pnfioric/arc_project/airr_calculation/tcr_quant/results/mixcr_RS-04430840.align.list.tsv --species hsa /projects/rpci/songyao/pnfioric/arc_project/airr_calculation/fastq_files/RS-04430840/RS-04430840_F-7315-96_RS-04104754_S52_R1_001.fastq.gz /projects/rpci/songyao/pnfioric/arc_project/airr_calculation/fastq_files/RS-04430840/RS-04430840_F-7315-96_RS-04104754_S52_R2_001.fastq.gz /projects/rpci/songyao/pnfioric/arc_project/airr_calculation/tcr_quant/results/mixcr_RS-04430840.alignments.vdjca
Alignment: 0%
Alignment: 4.3%  ETA: 00:44:09
Alignment: 8.9%  ETA: 00:40:07
Alignment: 13.4%  ETA: 00:38:07
Alignment: 18%  ETA: 00:36:07
Alignment: 22.5%  ETA: 00:33:50
Alignment: 27.1%  ETA: 00:32:21
Alignment: 31.7%  ETA: 00:29:09
Alignment: 36.4%  ETA: 00:27:22
Alignment: 41.1%  ETA: 00:25:10
Alignment: 45.7%  ETA: 00:23:33
Alignment: 50.3%  ETA: 00:21:33
Alignment: 54.8%  ETA: 00:19:53
Alignment: 59.4%  ETA: 00:17:53
Alignment: 63.9%  ETA: 00:15:53
Alignment: 68.5%  ETA: 00:13:53
Alignment: 73%  ETA: 00:11:52
Alignment: 77.6%  ETA: 00:09:47
Alignment: 82.3%  ETA: 00:07:34
Alignment: 86.9%  ETA: 00:05:37
Alignment: 91.6%  ETA: 00:03:35
Alignment: 96.3%  ETA: 00:01:36
====================== report: align ======================
Analysis time: 43.67m
Total sequencing reads: 56706257
Successfully aligned reads: 3171 (0.01%)
Coverage (percent of successfully aligned):
  CDR3: 25 (0.79%)
  FR3_TO_FR4: 0 (0%)
  CDR2_TO_FR4: 0 (0%)
  FR2_TO_FR4: 0 (0%)
  CDR1_TO_FR4: 0 (0%)
  VDJRegion: 0 (0%)
Alignment failed: no hits (not TCR/IG?): 52474785 (92.54%)
Alignment failed: no CDR3 parts: 36810 (0.06%)
Alignment failed: low total score: 4191491 (7.39%)
Overlapped: 46923160 (82.75%)
Overlapped and aligned: 2196 (0%)
Overlapped and not aligned: 46920964 (82.74%)
Alignment-aided overlaps, percent of overlapped and aligned: 0 (0%)
No CDR3 parts alignments, percent of successfully aligned: 290 (9.15%)
Partial aligned reads, percent of successfully aligned: 2856 (90.07%)
V gene chimeras: 88 (0%)
Realigned with forced non-floating bound: 19566194 (34.5%)
Realigned with forced non-floating right bound in left read: 1844 (0%)
Realigned with forced non-floating left bound in right read: 1844 (0%)
TRA chains: 569 (17.94%)
TRA non-functional: 0 (0%)
TRB chains: 210 (6.62%)
TRB non-functional: 0 (0%)
TRG chains: 72 (2.27%)
TRG non-functional: 0 (0%)
IGH chains: 960 (30.27%)
IGH non-functional: 0 (0%)
TRAD chains: 218 (6.87%)
TRAD non-functional: 0 (0%)
IGK chains: 795 (25.07%)
IGK non-functional: 14 (1.76%)
IGL chains: 347 (10.94%)
IGL non-functional: 0 (0%)
Trimming report:
  R1 reads trimmed left: 880835 (1.55%)
  R1 reads trimmed right: 903703 (1.59%)
  Average R1 nucleotides trimmed left: 0.26373927307527983
  Average R1 nucleotides trimmed right: 0.2810566742220351
  R2 reads trimmed left: 870097 (1.53%)
  R2 reads trimmed right: 893326 (1.58%)
  Average R2 nucleotides trimmed left: 0.26091293593932674
  Average R2 nucleotides trimmed right: 0.27786503348298935

>>>>>>>>>>>>>>>>>> mixcr assemblePartial <<<<<<<<<<<<<<<<<<
Running:
mixcr assemblePartial --report /projects/rpci/songyao/pnfioric/arc_project/airr_calculation/tcr_quant/results/mixcr_RS-04430840.assemblePartial.report.txt --json-report /projects/rpci/songyao/pnfioric/arc_project/airr_calculation/tcr_quant/results/mixcr_RS-04430840.assemblePartial.report.json /projects/rpci/songyao/pnfioric/arc_project/airr_calculation/tcr_quant/results/mixcr_RS-04430840.alignments.vdjca /projects/rpci/songyao/pnfioric/arc_project/airr_calculation/tcr_quant/results/mixcr_RS-04430840.passembled.1.vdjca
Building index: 0%
Searching for overlaps: 0%
================= report: assemblePartial =================
Analysis time: 193ms
Total alignments analysed: 3171
Number of output alignments: 3171 (100%)
Alignments already with CDR3 (no overlapping is performed): 25 (0.79%)
Successfully overlapped alignments: 0 (0%)
Left parts with too small N-region (failed to extract k-mer): 398 (12.55%)
Extracted k-mer diversity: 1466
Dropped due to wildcard in k-mer: 0 (0%)
Dropped due to too short NRegion parts in overlap: 0 (0%)
Dropped overlaps with empty N region due to no complete NDN coverage: 0 (0%)
Number of left-side alignments: 1680 (52.98%)
Number of right-side alignments: 804 (25.35%)
Complex overlaps: 0 (0%)
Over-overlaps: 0 (0%)
Partial alignments written to output: 3146 (99.21%)

>>>>>>>>>>>>>>>>>> mixcr assemblePartial <<<<<<<<<<<<<<<<<<
Running:
mixcr assemblePartial --report /projects/rpci/songyao/pnfioric/arc_project/airr_calculation/tcr_quant/results/mixcr_RS-04430840.assemblePartial.report.txt --json-report /projects/rpci/songyao/pnfioric/arc_project/airr_calculation/tcr_quant/results/mixcr_RS-04430840.assemblePartial.report.json /projects/rpci/songyao/pnfioric/arc_project/airr_calculation/tcr_quant/results/mixcr_RS-04430840.passembled.1.vdjca /projects/rpci/songyao/pnfioric/arc_project/airr_calculation/tcr_quant/results/mixcr_RS-04430840.passembled.2.vdjca
Building index: 0%
Searching for overlaps: 0.5%
================= report: assemblePartial =================
Analysis time: 114ms
Total alignments analysed: 3171
Number of output alignments: 3171 (100%)
Alignments already with CDR3 (no overlapping is performed): 25 (0.79%)
Successfully overlapped alignments: 0 (0%)
Left parts with too small N-region (failed to extract k-mer): 398 (12.55%)
Extracted k-mer diversity: 1466
Dropped due to wildcard in k-mer: 0 (0%)
Dropped due to too short NRegion parts in overlap: 0 (0%)
Dropped overlaps with empty N region due to no complete NDN coverage: 0 (0%)
Number of left-side alignments: 1680 (52.98%)
Number of right-side alignments: 804 (25.35%)
Complex overlaps: 0 (0%)
Over-overlaps: 0 (0%)
Partial alignments written to output: 3146 (99.21%)

>>>>>>>>>>>>>>>>>>>>>>> mixcr extend <<<<<<<<<<<<<<<<<<<<<<<
Running:
mixcr extend --report /projects/rpci/songyao/pnfioric/arc_project/airr_calculation/tcr_quant/results/mixcr_RS-04430840.extend.report.txt --json-report /projects/rpci/songyao/pnfioric/arc_project/airr_calculation/tcr_quant/results/mixcr_RS-04430840.extend.report.json --threads 12 /projects/rpci/songyao/pnfioric/arc_project/airr_calculation/tcr_quant/results/mixcr_RS-04430840.passembled.2.vdjca /projects/rpci/songyao/pnfioric/arc_project/airr_calculation/tcr_quant/results/mixcr_RS-04430840.extended.vdjca
Extending alignments: 0%
====================== report: extend ======================
Analysis time: 44ms
Extended alignments count: 0 (0%)
V extensions total: 0 (0%)
V extensions with merged targets: 0 (0%)
J extensions total: 0 (0%)
J extensions with merged targets: 0 (0%)
V+J extensions: 0 (0%)
Mean V extension length: NaN
Mean J extension length: NaN

>>>>>>>>>>>>>>>>>>>>>> mixcr assemble <<<<<<<<<<<<<<<<<<<<<<
Running:
mixcr assemble --report /projects/rpci/songyao/pnfioric/arc_project/airr_calculation/tcr_quant/results/mixcr_RS-04430840.assemble.report.txt --json-report /projects/rpci/songyao/pnfioric/arc_project/airr_calculation/tcr_quant/results/mixcr_RS-04430840.assemble.report.json /projects/rpci/songyao/pnfioric/arc_project/airr_calculation/tcr_quant/results/mixcr_RS-04430840.extended.vdjca /projects/rpci/songyao/pnfioric/arc_project/airr_calculation/tcr_quant/results/mixcr_RS-04430840.clna
Initialization: progress unknown
Initialization: progress unknown
===================== report: assemble =====================
Analysis time: 284ms
Final clonotype count: 3
Reads used in clonotypes, percent of total: 25 (0%)
Average number of reads per clonotype: 8.33
Reads dropped due to the lack of a clone sequence, percent of total: 3146 (0.01%)
Reads dropped due to a too short clonal sequence, percent of total: 0 (0%)
Reads dropped due to low quality, percent of total: 0 (0%)
Reads dropped due to failed mapping, percent of total: 0 (0%)
Reads dropped with low quality clones, percent of total: 0 (0%)
Aligned reads processed: 25
Reads used in clonotypes before clustering, percent of total: 25 (0%)
Number of reads used as a core, percent of used: 25 (100%)
Mapped low quality reads, percent of used: 0 (0%)
Reads clustered in PCR error correction, percent of used: 0 (0%)
Reads pre-clustered due to the similar VJC-lists, percent of used: 0 (0%)
Clonotypes dropped as low quality: 0
Clonotypes eliminated by PCR error correction: 0
Clonotypes pre-clustered due to the similar VJC-lists: 0
Clones dropped in post filtering: 0 (0%)
Reads dropped in post filtering: 0.0 (0%)
Reads filtered by tag prefix: 0 (0%)
IGK chains: 2 (66.67%)
IGK non-functional: 1 (50%)
IGL chains: 1 (33.33%)
IGL non-functional: 0 (0%)

>>>>>>>>>>>>>>>>>> mixcr assembleContigs <<<<<<<<<<<<<<<<<<
Running:
mixcr assembleContigs --report /projects/rpci/songyao/pnfioric/arc_project/airr_calculation/tcr_quant/results/mixcr_RS-04430840.assembleContigs.report.txt --json-report /projects/rpci/songyao/pnfioric/arc_project/airr_calculation/tcr_quant/results/mixcr_RS-04430840.assembleContigs.report.json --threads 12 /projects/rpci/songyao/pnfioric/arc_project/airr_calculation/tcr_quant/results/mixcr_RS-04430840.clna /projects/rpci/songyao/pnfioric/arc_project/airr_calculation/tcr_quant/results/mixcr_RS-04430840.contigs.clns
Assembling contigs: 0%
================= report: assembleContigs =================
Analysis time: 117ms
Initial clonotype count: 3
Final clonotype count: 3 (100%)
Canceled assemblies: 0 (0%)
Clones filtered out after assemble: 0 (0%)
Number of premature termination assembly events, percent of number of initial clonotypes: 0.0 (0%)
Longest contig length: 101
Clustered variants: 0 (0%)
Reads in clustered variants: 0.0 (0%)
Reads in divided (newly created) clones: 0.0 (0%)
Clones with ambiguous letters in splitting region: 0 (0%)
Reads in clones with ambiguous letters in splitting region: 0.0 (0%)
Average number of ambiguous letters per clone with ambiguous letters in splitting region: NaN
Clones combined after clustering: 0 (0%)

>>>>>>>>>>>>>>>>>>>>>>>>> mixcr qc <<<<<<<<<<<<<<<<<<<<<<<<<
Running:
mixcr qc --print-to-stdout /projects/rpci/songyao/pnfioric/arc_project/airr_calculation/tcr_quant/results/mixcr_RS-04430840.contigs.clns /projects/rpci/songyao/pnfioric/arc_project/airr_calculation/tcr_quant/results/mixcr_RS-04430840.qc.txt /projects/rpci/songyao/pnfioric/arc_project/airr_calculation/tcr_quant/results/mixcr_RS-04430840.qc.json

  Alignments dropped due to low sequence quality: 0.0% [OK]

>>>>>>>>>>>>>>>>>>>> mixcr exportClones <<<<<<<<<<<<<<<<<<<<
Running:
mixcr exportClones /projects/rpci/songyao/pnfioric/arc_project/airr_calculation/tcr_quant/results/mixcr_RS-04430840.contigs.clns /projects/rpci/songyao/pnfioric/arc_project/airr_calculation/tcr_quant/results/mixcr_RS-04430840.clones.tsv
Analysis finished successfully.
===============================
Visualize results and simplify your immune data analysis with a convenient UI.
Explore and install Platforma.bio here: https://platforma.bio
