Exporting TRB
Exporting clones: 100%
Filtered 1 of 178 clones (99.44%).
Filtered 1.0 of 507.0 reads (99.8%).
Exporting TRA
Exporting clones: 33.3%
Filtered 3 of 178 clones (98.31%).
Filtered 4.0 of 507.0 reads (99.21%).
Exporting IGH
Exporting clones: 2.2%
Filtered 45 of 178 clones (74.72%).
Filtered 133.0 of 507.0 reads (73.77%).
Exporting IGL
Exporting clones: 2.4%
Filtered 41 of 178 clones (76.97%).
Filtered 141.0 of 507.0 reads (72.19%).
Exporting IGK
Exporting clones: 1.1%
Filtered 88 of 178 clones (50.56%).
Filtered 228.0 of 507.0 reads (55.03%).
