WARNING: sun.reflect.Reflection.getCallerClass is not supported. This will impact performance.

>>>>>>>>>>>>>>>>>>>>>>> mixcr align <<<<<<<<<<<<<<<<<<<<<<<
Running:
mixcr align --report /projects/rpci/songyao/pnfioric/arc_project/airr_calculation/tcr_quant/results/mixcr_RS-03756154.align.report.txt --json-report /projects/rpci/songyao/pnfioric/arc_project/airr_calculation/tcr_quant/results/mixcr_RS-03756154.align.report.json --threads 12 --preset rna-seq --save-output-file-names /projects/rpci/songyao/pnfioric/arc_project/airr_calculation/tcr_quant/results/mixcr_RS-03756154.align.list.tsv --species hsa /projects/rpci/songyao/pnfioric/arc_project/airr_calculation/fastq_files/RS-03756154/RS-04417156_HAYS08020630-B5_RS-03756154_S135_R1_001.fastq.gz /projects/rpci/songyao/pnfioric/arc_project/airr_calculation/fastq_files/RS-03756154/RS-04417156_HAYS08020630-B5_RS-03756154_S135_R2_001.fastq.gz /projects/rpci/songyao/pnfioric/arc_project/airr_calculation/tcr_quant/results/mixcr_RS-03756154.alignments.vdjca
Alignment: 0%
Alignment: 4.1%  ETA: 00:46:51
Alignment: 8.2%  ETA: 00:44:51
Alignment: 12.2%  ETA: 00:43:38
Alignment: 16.4%  ETA: 00:39:48
Alignment: 21%  ETA: 00:34:07
Alignment: 25.7%  ETA: 00:31:52
Alignment: 30.4%  ETA: 00:29:51
Alignment: 35.1%  ETA: 00:27:38
Alignment: 39.7%  ETA: 00:26:03
Alignment: 44.4%  ETA: 00:23:28
Alignment: 49.1%  ETA: 00:21:49
Alignment: 53.7%  ETA: 00:20:00
Alignment: 58.4%  ETA: 00:17:59
Alignment: 63%  ETA: 00:15:59
Alignment: 67.7%  ETA: 00:13:45
Alignment: 72.2%  ETA: 00:12:11
Alignment: 76.8%  ETA: 00:10:05
Alignment: 81.4%  ETA: 00:08:10
Alignment: 86.1%  ETA: 00:05:58
Alignment: 90.6%  ETA: 00:04:07
Alignment: 95.2%  ETA: 00:02:03
Alignment: 99.8%  ETA: 00:00:04
====================== report: align ======================
Analysis time: 44.13m
Total sequencing reads: 54365878
Successfully aligned reads: 12728 (0.02%)
Coverage (percent of successfully aligned):
  CDR3: 3087 (24.25%)
  FR3_TO_FR4: 21 (0.16%)
  CDR2_TO_FR4: 11 (0.09%)
  FR2_TO_FR4: 0 (0%)
  CDR1_TO_FR4: 0 (0%)
  VDJRegion: 5 (0.04%)
Alignment failed: no hits (not TCR/IG?): 53099557 (97.67%)
Alignment failed after alignment-aided overlap: 1 (0%)
Alignment failed: no CDR3 parts: 29273 (0.05%)
Alignment failed: low total score: 1224319 (2.25%)
Overlapped: 49632768 (91.29%)
Overlapped and aligned: 12102 (0.02%)
Overlapped and not aligned: 49620666 (91.27%)
Alignment-aided overlaps, percent of overlapped and aligned: 179 (1.48%)
No CDR3 parts alignments, percent of successfully aligned: 179 (1.41%)
Partial aligned reads, percent of successfully aligned: 9462 (74.34%)
V gene chimeras: 6 (0%)
J gene chimeras: 2 (0%)
Realigned with forced non-floating bound: 9466578 (17.41%)
Realigned with forced non-floating right bound in left read: 499 (0%)
Realigned with forced non-floating left bound in right read: 499 (0%)
TRA chains: 1401 (11.01%)
TRA non-functional: 0 (0%)
TRB chains: 523 (4.11%)
TRB non-functional: 3 (0.57%)
TRD chains: 23 (0.18%)
TRD non-functional: 0 (0%)
TRG chains: 98 (0.77%)
TRG non-functional: 4 (4.08%)
IGH chains: 3759 (29.53%)
IGH non-functional: 13 (0.35%)
TRAD chains: 24 (0.19%)
TRAD non-functional: 0 (0%)
IGK chains: 2709 (21.28%)
IGK non-functional: 41 (1.51%)
IGL chains: 4191 (32.93%)
IGL non-functional: 12 (0.29%)
Trimming report:
  R1 reads trimmed left: 57740 (0.11%)
  R1 reads trimmed right: 59362 (0.11%)
  Average R1 nucleotides trimmed left: 0.01804486630382388
  Average R1 nucleotides trimmed right: 0.01925994830801776
  R2 reads trimmed left: 57768 (0.11%)
  R2 reads trimmed right: 59928 (0.11%)
  Average R2 nucleotides trimmed left: 0.01798000944636634
  Average R2 nucleotides trimmed right: 0.019176955074651787

>>>>>>>>>>>>>>>>>> mixcr assemblePartial <<<<<<<<<<<<<<<<<<
Running:
mixcr assemblePartial --report /projects/rpci/songyao/pnfioric/arc_project/airr_calculation/tcr_quant/results/mixcr_RS-03756154.assemblePartial.report.txt --json-report /projects/rpci/songyao/pnfioric/arc_project/airr_calculation/tcr_quant/results/mixcr_RS-03756154.assemblePartial.report.json /projects/rpci/songyao/pnfioric/arc_project/airr_calculation/tcr_quant/results/mixcr_RS-03756154.alignments.vdjca /projects/rpci/songyao/pnfioric/arc_project/airr_calculation/tcr_quant/results/mixcr_RS-03756154.passembled.1.vdjca
Building index: 0%
Searching for overlaps: 0%
================= report: assemblePartial =================
Analysis time: 451ms
Total alignments analysed: 12728
Number of output alignments: 12634 (99.26%)
Alignments already with CDR3 (no overlapping is performed): 3194 (25.09%)
Successfully overlapped alignments: 94 (0.74%)
Left parts with too small N-region (failed to extract k-mer): 3023 (23.75%)
Extracted k-mer diversity: 6983
Dropped due to wildcard in k-mer: 0 (0%)
Dropped due to too short NRegion parts in overlap: 58 (0.46%)
Dropped overlaps with empty N region due to no complete NDN coverage: 2 (0.02%)
Number of left-side alignments: 1387 (10.9%)
Number of right-side alignments: 5163 (40.56%)
Complex overlaps: 0 (0%)
Over-overlaps: 0 (0%)
Partial alignments written to output: 9346 (73.43%)

>>>>>>>>>>>>>>>>>> mixcr assemblePartial <<<<<<<<<<<<<<<<<<
Running:
mixcr assemblePartial --report /projects/rpci/songyao/pnfioric/arc_project/airr_calculation/tcr_quant/results/mixcr_RS-03756154.assemblePartial.report.txt --json-report /projects/rpci/songyao/pnfioric/arc_project/airr_calculation/tcr_quant/results/mixcr_RS-03756154.assemblePartial.report.json /projects/rpci/songyao/pnfioric/arc_project/airr_calculation/tcr_quant/results/mixcr_RS-03756154.passembled.1.vdjca /projects/rpci/songyao/pnfioric/arc_project/airr_calculation/tcr_quant/results/mixcr_RS-03756154.passembled.2.vdjca
Building index: 0%
Searching for overlaps: 0%
================= report: assemblePartial =================
Analysis time: 184ms
Total alignments analysed: 12634
Number of output alignments: 12633 (99.99%)
Alignments already with CDR3 (no overlapping is performed): 3288 (26.03%)
Successfully overlapped alignments: 1 (0.01%)
Left parts with too small N-region (failed to extract k-mer): 3023 (23.93%)
Extracted k-mer diversity: 6696
Dropped due to wildcard in k-mer: 0 (0%)
Dropped due to too short NRegion parts in overlap: 53 (0.42%)
Dropped overlaps with empty N region due to no complete NDN coverage: 2 (0.02%)
Number of left-side alignments: 1293 (10.23%)
Number of right-side alignments: 5069 (40.12%)
Complex overlaps: 0 (0%)
Over-overlaps: 0 (0%)
Partial alignments written to output: 9344 (73.96%)

>>>>>>>>>>>>>>>>>>>>>>> mixcr extend <<<<<<<<<<<<<<<<<<<<<<<
Running:
mixcr extend --report /projects/rpci/songyao/pnfioric/arc_project/airr_calculation/tcr_quant/results/mixcr_RS-03756154.extend.report.txt --json-report /projects/rpci/songyao/pnfioric/arc_project/airr_calculation/tcr_quant/results/mixcr_RS-03756154.extend.report.json --threads 12 /projects/rpci/songyao/pnfioric/arc_project/airr_calculation/tcr_quant/results/mixcr_RS-03756154.passembled.2.vdjca /projects/rpci/songyao/pnfioric/arc_project/airr_calculation/tcr_quant/results/mixcr_RS-03756154.extended.vdjca
Extending alignments: 0%
====================== report: extend ======================
Analysis time: 166ms
Extended alignments count: 7 (0.06%)
V extensions total: 1 (0.01%)
V extensions with merged targets: 0 (0%)
J extensions total: 6 (0.05%)
J extensions with merged targets: 0 (0%)
V+J extensions: 0 (0%)
Mean V extension length: 1.0
Mean J extension length: 8.666666666666666

>>>>>>>>>>>>>>>>>>>>>> mixcr assemble <<<<<<<<<<<<<<<<<<<<<<
Running:
mixcr assemble --report /projects/rpci/songyao/pnfioric/arc_project/airr_calculation/tcr_quant/results/mixcr_RS-03756154.assemble.report.txt --json-report /projects/rpci/songyao/pnfioric/arc_project/airr_calculation/tcr_quant/results/mixcr_RS-03756154.assemble.report.json /projects/rpci/songyao/pnfioric/arc_project/airr_calculation/tcr_quant/results/mixcr_RS-03756154.extended.vdjca /projects/rpci/songyao/pnfioric/arc_project/airr_calculation/tcr_quant/results/mixcr_RS-03756154.clna
Initialization: progress unknown
Initialization: progress unknown
Writing alignments: 96.3%
===================== report: assemble =====================
Analysis time: 1.33s
Final clonotype count: 899
Reads used in clonotypes, percent of total: 3196 (0.01%)
Average number of reads per clonotype: 3.56
Reads dropped due to the lack of a clone sequence, percent of total: 9444 (0.02%)
Reads dropped due to a too short clonal sequence, percent of total: 1 (0%)
Reads dropped due to low quality, percent of total: 0 (0%)
Reads dropped due to failed mapping, percent of total: 63 (0%)
Reads dropped with low quality clones, percent of total: 0 (0%)
Aligned reads processed: 3284
Reads used in clonotypes before clustering, percent of total: 3220 (0.01%)
Number of reads used as a core, percent of used: 3191 (99.1%)
Mapped low quality reads, percent of used: 29 (0.9%)
Reads clustered in PCR error correction, percent of used: 24 (0.75%)
Reads pre-clustered due to the similar VJC-lists, percent of used: 0 (0%)
Clonotypes dropped as low quality: 0
Clonotypes eliminated by PCR error correction: 16
Clonotypes pre-clustered due to the similar VJC-lists: 0
Clones dropped in post filtering: 0 (0%)
Reads dropped in post filtering: 0.0 (0%)
Reads filtered by tag prefix: 0 (0%)
TRA chains: 15 (1.67%)
TRA non-functional: 0 (0%)
TRB chains: 19 (2.11%)
TRB non-functional: 1 (5.26%)
TRG chains: 6 (0.67%)
TRG non-functional: 3 (50%)
IGH chains: 263 (29.25%)
IGH non-functional: 6 (2.28%)
IGK chains: 333 (37.04%)
IGK non-functional: 19 (5.71%)
IGL chains: 263 (29.25%)
IGL non-functional: 4 (1.52%)

>>>>>>>>>>>>>>>>>> mixcr assembleContigs <<<<<<<<<<<<<<<<<<
Running:
mixcr assembleContigs --report /projects/rpci/songyao/pnfioric/arc_project/airr_calculation/tcr_quant/results/mixcr_RS-03756154.assembleContigs.report.txt --json-report /projects/rpci/songyao/pnfioric/arc_project/airr_calculation/tcr_quant/results/mixcr_RS-03756154.assembleContigs.report.json --threads 12 /projects/rpci/songyao/pnfioric/arc_project/airr_calculation/tcr_quant/results/mixcr_RS-03756154.clna /projects/rpci/songyao/pnfioric/arc_project/airr_calculation/tcr_quant/results/mixcr_RS-03756154.contigs.clns
Assembling contigs: 0%
================= report: assembleContigs =================
Analysis time: 681ms
Initial clonotype count: 899
Final clonotype count: 899 (100%)
Canceled assemblies: 0 (0%)
Clones filtered out after assemble: 0 (0%)
Number of premature termination assembly events, percent of number of initial clonotypes: 0.0 (0%)
Longest contig length: 355
Clustered variants: 0 (0%)
Reads in clustered variants: 0.0 (0%)
Reads in divided (newly created) clones: 0.0 (0%)
Clones with ambiguous letters in splitting region: 0 (0%)
Reads in clones with ambiguous letters in splitting region: 0.0 (0%)
Average number of ambiguous letters per clone with ambiguous letters in splitting region: NaN
Clones combined after clustering: 0 (0%)

>>>>>>>>>>>>>>>>>>>>>>>>> mixcr qc <<<<<<<<<<<<<<<<<<<<<<<<<
Running:
mixcr qc --print-to-stdout /projects/rpci/songyao/pnfioric/arc_project/airr_calculation/tcr_quant/results/mixcr_RS-03756154.contigs.clns /projects/rpci/songyao/pnfioric/arc_project/airr_calculation/tcr_quant/results/mixcr_RS-03756154.qc.txt /projects/rpci/songyao/pnfioric/arc_project/airr_calculation/tcr_quant/results/mixcr_RS-03756154.qc.json

  Alignments dropped due to low sequence quality: 0.0% [OK]

>>>>>>>>>>>>>>>>>>>> mixcr exportClones <<<<<<<<<<<<<<<<<<<<
Running:
mixcr exportClones /projects/rpci/songyao/pnfioric/arc_project/airr_calculation/tcr_quant/results/mixcr_RS-03756154.contigs.clns /projects/rpci/songyao/pnfioric/arc_project/airr_calculation/tcr_quant/results/mixcr_RS-03756154.clones.tsv
Analysis finished successfully.
===============================
Visualize results and simplify your immune data analysis with a convenient UI.
Explore and install Platforma.bio here: https://platforma.bio
