Exporting TRB
Exporting clones: 25%
Filtered 4 of 226 clones (98.23%).
Filtered 10.0 of 523.0 reads (98.09%).
Exporting TRA
Exporting clones: 11.1%
Filtered 9 of 226 clones (96.02%).
Filtered 17.0 of 523.0 reads (96.75%).
Exporting IGH
Exporting clones: 1.8%
Filtered 55 of 226 clones (75.66%).
Filtered 130.0 of 523.0 reads (75.14%).
Exporting TRG
Exporting clones: 25%
Filtered 4 of 226 clones (98.23%).
Filtered 5.0 of 523.0 reads (99.04%).
Exporting IGL
Exporting clones: 1.8%
Filtered 55 of 226 clones (75.66%).
Filtered 111.0 of 523.0 reads (78.78%).
Exporting IGK
Exporting clones: 1%
Filtered 99 of 226 clones (56.19%).
Filtered 250.0 of 523.0 reads (52.2%).
