Exporting TRB
Exporting clones: 20%
Filtered 5 of 411 clones (98.78%).
Filtered 24.0 of 1188.0 reads (97.98%).
Exporting TRA
Exporting clones: 20%
Filtered 5 of 411 clones (98.78%).
Filtered 12.0 of 1188.0 reads (98.99%).
Exporting IGH
Exporting clones: 0.9%
Filtered 113 of 411 clones (72.51%).
Filtered 282.0 of 1188.0 reads (76.26%).
Exporting TRG
Exporting clones: 100%
Filtered 1 of 411 clones (99.76%).
Filtered 6.0 of 1188.0 reads (99.49%).
Exporting IGL
Exporting clones: 1.3%
Filtered 76 of 411 clones (81.51%).
Filtered 201.0 of 1188.0 reads (83.08%).
Exporting IGK
Exporting clones: 0.5%
Filtered 211 of 411 clones (48.66%).
Filtered 663.0 of 1188.0 reads (44.19%).
