Exporting TRB
Exporting clones: 11.1%
Filtered 9 of 272 clones (96.69%).
Filtered 17.0 of 578.0 reads (97.06%).
Exporting TRA
Exporting clones: 10%
Filtered 10 of 272 clones (96.32%).
Filtered 16.0 of 578.0 reads (97.23%).
Exporting TRD
Exporting clones: 100%
Filtered 1 of 272 clones (99.63%).
Filtered 1.0 of 578.0 reads (99.83%).
Exporting IGH
Exporting clones: 1.5%
Filtered 67 of 272 clones (75.37%).
Filtered 123.0 of 578.0 reads (78.72%).
Exporting TRG
Exporting clones: 33.3%
Filtered 6 of 272 clones (97.79%).
Filtered 14.0 of 578.0 reads (97.58%).
Exporting IGL
Exporting clones: 2.2%
Filtered 46 of 272 clones (83.09%).
Filtered 107.0 of 578.0 reads (81.49%).
Exporting IGK
Exporting clones: 0.8%
Filtered 133 of 272 clones (51.1%).
Filtered 300.0 of 578.0 reads (48.1%).
