Exporting TRB
Exporting clones: 33.3%
Filtered 3 of 892 clones (99.66%).
Filtered 3.0 of 1412.0 reads (99.79%).
Exporting TRA
Exporting clones: 50%
Filtered 2 of 892 clones (99.78%).
Filtered 2.0 of 1412.0 reads (99.86%).
Exporting IGH
Exporting clones: 0.4%
Filtered 232 of 892 clones (73.99%).
Filtered 361.0 of 1412.0 reads (74.43%).
Exporting TRG
Exporting clones: 100%
Filtered 1 of 892 clones (99.89%).
Filtered 2.0 of 1412.0 reads (99.86%).
Exporting IGL
Exporting clones: 1.4%
Filtered 141 of 892 clones (84.19%).
Filtered 208.0 of 1412.0 reads (85.27%).
Exporting IGK
Exporting clones: 0.2%
Filtered 513 of 892 clones (42.49%).
Filtered 836.0 of 1412.0 reads (40.79%).
