Exporting TRB
Exporting clones: 25%
Filtered 4 of 392 clones (98.98%).
Filtered 8.0 of 1084.0 reads (99.26%).
Exporting TRA
Exporting clones: 50%
Filtered 2 of 392 clones (99.49%).
Filtered 5.0 of 1084.0 reads (99.54%).
Exporting IGH
Exporting clones: 1.2%
Filtered 85 of 392 clones (78.32%).
Filtered 231.0 of 1084.0 reads (78.69%).
Exporting IGL
Exporting clones: 1.2%
Filtered 81 of 392 clones (79.34%).
Filtered 227.0 of 1084.0 reads (79.06%).
Exporting IGK
Exporting clones: 0.5%
Filtered 220 of 392 clones (43.88%).
Filtered 613.0 of 1084.0 reads (43.45%).
