WARNING: sun.reflect.Reflection.getCallerClass is not supported. This will impact performance.

>>>>>>>>>>>>>>>>>>>>>>> mixcr align <<<<<<<<<<<<<<<<<<<<<<<
Running:
mixcr align --report /projects/rpci/songyao/pnfioric/arc_project/airr_calculation/tcr_quant/results/mixcr_RS-04367369.align.report.txt --json-report /projects/rpci/songyao/pnfioric/arc_project/airr_calculation/tcr_quant/results/mixcr_RS-04367369.align.report.json --threads 12 --preset rna-seq --save-output-file-names /projects/rpci/songyao/pnfioric/arc_project/airr_calculation/tcr_quant/results/mixcr_RS-04367369.align.list.tsv --species hsa /projects/rpci/songyao/pnfioric/arc_project/airr_calculation/fastq_files/RS-04367369/RS-04367369_SSCS13001270-B14_RS-04259304_S35_R1_001.fastq.gz /projects/rpci/songyao/pnfioric/arc_project/airr_calculation/fastq_files/RS-04367369/RS-04367369_SSCS13001270-B14_RS-04259304_S35_R2_001.fastq.gz /projects/rpci/songyao/pnfioric/arc_project/airr_calculation/tcr_quant/results/mixcr_RS-04367369.alignments.vdjca
Alignment: 0%
Alignment: 4.4%  ETA: 00:43:15
Alignment: 9%  ETA: 00:40:06
Alignment: 13.4%  ETA: 00:38:49
Alignment: 17.8%  ETA: 00:37:32
Alignment: 22.2%  ETA: 00:35:32
Alignment: 26.6%  ETA: 00:33:12
Alignment: 31%  ETA: 00:31:30
Alignment: 35.4%  ETA: 00:29:30
Alignment: 39.7%  ETA: 00:27:47
Alignment: 44%  ETA: 00:26:02
Alignment: 48.4%  ETA: 00:23:34
Alignment: 52.7%  ETA: 00:22:00
Alignment: 57%  ETA: 00:19:48
Alignment: 61.3%  ETA: 00:17:59
Alignment: 65.7%  ETA: 00:15:49
Alignment: 70%  ETA: 00:13:58
Alignment: 74.2%  ETA: 00:12:05
Alignment: 78.6%  ETA: 00:09:52
Alignment: 82.9%  ETA: 00:07:52
Alignment: 87.3%  ETA: 00:05:48
Alignment: 91.6%  ETA: 00:03:51
Alignment: 95.9%  ETA: 00:01:53
====================== report: align ======================
Analysis time: 45.9m
Total sequencing reads: 48020579
Successfully aligned reads: 14534 (0.03%)
Coverage (percent of successfully aligned):
  CDR3: 2744 (18.88%)
  FR3_TO_FR4: 16 (0.11%)
  CDR2_TO_FR4: 5 (0.03%)
  FR2_TO_FR4: 6 (0.04%)
  CDR1_TO_FR4: 0 (0%)
  VDJRegion: 2 (0.01%)
Alignment failed: no hits (not TCR/IG?): 46692943 (97.24%)
Alignment failed after alignment-aided overlap: 16 (0%)
Alignment failed: no CDR3 parts: 32633 (0.07%)
Alignment failed: low total score: 1280453 (2.67%)
Overlapped: 42733163 (88.99%)
Overlapped and aligned: 13432 (0.03%)
Overlapped and not aligned: 42719731 (88.96%)
Alignment-aided overlaps, percent of overlapped and aligned: 321 (2.39%)
No CDR3 parts alignments, percent of successfully aligned: 182 (1.25%)
Partial aligned reads, percent of successfully aligned: 11608 (79.87%)
V gene chimeras: 1 (0%)
J gene chimeras: 52 (0%)
Paired-end alignment conflicts eliminated: 2 (0%)
Realigned with forced non-floating bound: 10575474 (22.02%)
Realigned with forced non-floating right bound in left read: 815 (0%)
Realigned with forced non-floating left bound in right read: 815 (0%)
TRA chains: 3391 (23.33%)
TRA non-functional: 9 (0.27%)
TRB chains: 1086 (7.47%)
TRB non-functional: 5 (0.46%)
TRD chains: 14 (0.1%)
TRD non-functional: 0 (0%)
TRG chains: 192 (1.32%)
TRG non-functional: 28 (14.58%)
TRAD chains: 54 (0.37%)
TRAD non-functional: 0 (0%)
IGH chains: 4241 (29.18%)
IGH non-functional: 30 (0.71%)
IGK chains: 2522 (17.35%)
IGK non-functional: 26 (1.03%)
IGL chains: 3034 (20.88%)
IGL non-functional: 12 (0.4%)
Trimming report:
  R1 reads trimmed left: 12108 (0.03%)
  R1 reads trimmed right: 12848 (0.03%)
  Average R1 nucleotides trimmed left: 0.004285433542981646
  Average R1 nucleotides trimmed right: 0.004689406181462327
  R2 reads trimmed left: 13560 (0.03%)
  R2 reads trimmed right: 14070 (0.03%)
  Average R2 nucleotides trimmed left: 0.004319710514111044
  Average R2 nucleotides trimmed right: 0.005743745821973533

>>>>>>>>>>>>>>>>>> mixcr assemblePartial <<<<<<<<<<<<<<<<<<
Running:
mixcr assemblePartial --report /projects/rpci/songyao/pnfioric/arc_project/airr_calculation/tcr_quant/results/mixcr_RS-04367369.assemblePartial.report.txt --json-report /projects/rpci/songyao/pnfioric/arc_project/airr_calculation/tcr_quant/results/mixcr_RS-04367369.assemblePartial.report.json /projects/rpci/songyao/pnfioric/arc_project/airr_calculation/tcr_quant/results/mixcr_RS-04367369.alignments.vdjca /projects/rpci/songyao/pnfioric/arc_project/airr_calculation/tcr_quant/results/mixcr_RS-04367369.passembled.1.vdjca
Building index: 0%
Searching for overlaps: 0%
================= report: assemblePartial =================
Analysis time: 495ms
Total alignments analysed: 14534
Number of output alignments: 14466 (99.53%)
Alignments already with CDR3 (no overlapping is performed): 2917 (20.07%)
Successfully overlapped alignments: 68 (0.47%)
Left parts with too small N-region (failed to extract k-mer): 2391 (16.45%)
Extracted k-mer diversity: 9757
Dropped due to wildcard in k-mer: 0 (0%)
Dropped due to too short NRegion parts in overlap: 97 (0.67%)
Dropped overlaps with empty N region due to no complete NDN coverage: 9 (0.06%)
Number of left-side alignments: 1432 (9.85%)
Number of right-side alignments: 7836 (53.91%)
Complex overlaps: 0 (0%)
Over-overlaps: 0 (0%)
Partial alignments written to output: 11481 (78.99%)

>>>>>>>>>>>>>>>>>> mixcr assemblePartial <<<<<<<<<<<<<<<<<<
Running:
mixcr assemblePartial --report /projects/rpci/songyao/pnfioric/arc_project/airr_calculation/tcr_quant/results/mixcr_RS-04367369.assemblePartial.report.txt --json-report /projects/rpci/songyao/pnfioric/arc_project/airr_calculation/tcr_quant/results/mixcr_RS-04367369.assemblePartial.report.json /projects/rpci/songyao/pnfioric/arc_project/airr_calculation/tcr_quant/results/mixcr_RS-04367369.passembled.1.vdjca /projects/rpci/songyao/pnfioric/arc_project/airr_calculation/tcr_quant/results/mixcr_RS-04367369.passembled.2.vdjca
Building index: 0%
Searching for overlaps: 0%
================= report: assemblePartial =================
Analysis time: 301ms
Total alignments analysed: 14466
Number of output alignments: 14466 (100%)
Alignments already with CDR3 (no overlapping is performed): 2985 (20.63%)
Successfully overlapped alignments: 0 (0%)
Left parts with too small N-region (failed to extract k-mer): 2391 (16.53%)
Extracted k-mer diversity: 9513
Dropped due to wildcard in k-mer: 0 (0%)
Dropped due to too short NRegion parts in overlap: 92 (0.64%)
Dropped overlaps with empty N region due to no complete NDN coverage: 8 (0.06%)
Number of left-side alignments: 1364 (9.43%)
Number of right-side alignments: 7768 (53.7%)
Complex overlaps: 0 (0%)
Over-overlaps: 0 (0%)
Partial alignments written to output: 11481 (79.37%)

>>>>>>>>>>>>>>>>>>>>>>> mixcr extend <<<<<<<<<<<<<<<<<<<<<<<
Running:
mixcr extend --report /projects/rpci/songyao/pnfioric/arc_project/airr_calculation/tcr_quant/results/mixcr_RS-04367369.extend.report.txt --json-report /projects/rpci/songyao/pnfioric/arc_project/airr_calculation/tcr_quant/results/mixcr_RS-04367369.extend.report.json --threads 12 /projects/rpci/songyao/pnfioric/arc_project/airr_calculation/tcr_quant/results/mixcr_RS-04367369.passembled.2.vdjca /projects/rpci/songyao/pnfioric/arc_project/airr_calculation/tcr_quant/results/mixcr_RS-04367369.extended.vdjca
Extending alignments: 0%
====================== report: extend ======================
Analysis time: 175ms
Extended alignments count: 10 (0.07%)
V extensions total: 1 (0.01%)
V extensions with merged targets: 0 (0%)
J extensions total: 9 (0.06%)
J extensions with merged targets: 0 (0%)
V+J extensions: 0 (0%)
Mean V extension length: 5.0
Mean J extension length: 8.0

>>>>>>>>>>>>>>>>>>>>>> mixcr assemble <<<<<<<<<<<<<<<<<<<<<<
Running:
mixcr assemble --report /projects/rpci/songyao/pnfioric/arc_project/airr_calculation/tcr_quant/results/mixcr_RS-04367369.assemble.report.txt --json-report /projects/rpci/songyao/pnfioric/arc_project/airr_calculation/tcr_quant/results/mixcr_RS-04367369.assemble.report.json /projects/rpci/songyao/pnfioric/arc_project/airr_calculation/tcr_quant/results/mixcr_RS-04367369.extended.vdjca /projects/rpci/songyao/pnfioric/arc_project/airr_calculation/tcr_quant/results/mixcr_RS-04367369.clna
Initialization: progress unknown
Initialization: progress unknown
Writing alignments: 89.8%
===================== report: assemble =====================
Analysis time: 1.42s
Final clonotype count: 1149
Reads used in clonotypes, percent of total: 2780 (0.01%)
Average number of reads per clonotype: 2.42
Reads dropped due to the lack of a clone sequence, percent of total: 11644 (0.02%)
Reads dropped due to a too short clonal sequence, percent of total: 0 (0%)
Reads dropped due to low quality, percent of total: 0 (0%)
Reads dropped due to failed mapping, percent of total: 99 (0%)
Reads dropped with low quality clones, percent of total: 0 (0%)
Aligned reads processed: 2890
Reads used in clonotypes before clustering, percent of total: 2791 (0.01%)
Number of reads used as a core, percent of used: 2773 (99.36%)
Mapped low quality reads, percent of used: 18 (0.64%)
Reads clustered in PCR error correction, percent of used: 11 (0.39%)
Reads pre-clustered due to the similar VJC-lists, percent of used: 0 (0%)
Clonotypes dropped as low quality: 0
Clonotypes eliminated by PCR error correction: 11
Clonotypes pre-clustered due to the similar VJC-lists: 0
Clones dropped in post filtering: 0 (0%)
Reads dropped in post filtering: 0.0 (0%)
Reads filtered by tag prefix: 0 (0%)
TRA chains: 35 (3.05%)
TRA non-functional: 8 (22.86%)
TRB chains: 29 (2.52%)
TRB non-functional: 3 (10.34%)
TRG chains: 13 (1.13%)
TRG non-functional: 8 (61.54%)
IGH chains: 342 (29.77%)
IGH non-functional: 8 (2.34%)
IGK chains: 470 (40.91%)
IGK non-functional: 17 (3.62%)
IGL chains: 260 (22.63%)
IGL non-functional: 6 (2.31%)

>>>>>>>>>>>>>>>>>> mixcr assembleContigs <<<<<<<<<<<<<<<<<<
Running:
mixcr assembleContigs --report /projects/rpci/songyao/pnfioric/arc_project/airr_calculation/tcr_quant/results/mixcr_RS-04367369.assembleContigs.report.txt --json-report /projects/rpci/songyao/pnfioric/arc_project/airr_calculation/tcr_quant/results/mixcr_RS-04367369.assembleContigs.report.json --threads 12 /projects/rpci/songyao/pnfioric/arc_project/airr_calculation/tcr_quant/results/mixcr_RS-04367369.clna /projects/rpci/songyao/pnfioric/arc_project/airr_calculation/tcr_quant/results/mixcr_RS-04367369.contigs.clns
Assembling contigs: 0%
================= report: assembleContigs =================
Analysis time: 880ms
Initial clonotype count: 1149
Final clonotype count: 1149 (100%)
Canceled assemblies: 0 (0%)
Clones filtered out after assemble: 0 (0%)
Number of premature termination assembly events, percent of number of initial clonotypes: 0.0 (0%)
Longest contig length: 329
Clustered variants: 0 (0%)
Reads in clustered variants: 0.0 (0%)
Reads in divided (newly created) clones: 0.0 (0%)
Clones with ambiguous letters in splitting region: 0 (0%)
Reads in clones with ambiguous letters in splitting region: 0.0 (0%)
Average number of ambiguous letters per clone with ambiguous letters in splitting region: NaN
Clones combined after clustering: 0 (0%)

>>>>>>>>>>>>>>>>>>>>>>>>> mixcr qc <<<<<<<<<<<<<<<<<<<<<<<<<
Running:
mixcr qc --print-to-stdout /projects/rpci/songyao/pnfioric/arc_project/airr_calculation/tcr_quant/results/mixcr_RS-04367369.contigs.clns /projects/rpci/songyao/pnfioric/arc_project/airr_calculation/tcr_quant/results/mixcr_RS-04367369.qc.txt /projects/rpci/songyao/pnfioric/arc_project/airr_calculation/tcr_quant/results/mixcr_RS-04367369.qc.json

  Alignments dropped due to low sequence quality: 0.0% [OK]

>>>>>>>>>>>>>>>>>>>> mixcr exportClones <<<<<<<<<<<<<<<<<<<<
Running:
mixcr exportClones /projects/rpci/songyao/pnfioric/arc_project/airr_calculation/tcr_quant/results/mixcr_RS-04367369.contigs.clns /projects/rpci/songyao/pnfioric/arc_project/airr_calculation/tcr_quant/results/mixcr_RS-04367369.clones.tsv
Analysis finished successfully.
===============================
Visualize results and simplify your immune data analysis with a convenient UI.
Explore and install Platforma.bio here: https://platforma.bio
