Exporting TRB
Exporting clones: 25%
Filtered 4 of 779 clones (99.49%).
Filtered 18.0 of 10934.0 reads (99.84%).
Exporting TRA
Exporting clones: 11.1%
Filtered 9 of 779 clones (98.84%).
Filtered 38.0 of 10934.0 reads (99.65%).
Exporting IGH
Exporting clones: 0.4%
Filtered 281 of 779 clones (63.93%).
Filtered 3510.0 of 10934.0 reads (67.9%).
Exporting TRG
Filtered 1 of 779 clones (99.87%).
Filtered 12.0 of 10934.0 reads (99.89%).
Exporting IGL
Exporting clones: 1.6%
Filtered 122 of 779 clones (84.34%).
Filtered 1175.0 of 10934.0 reads (89.25%).
Exporting IGK
Exporting clones: 0.3%
Filtered 362 of 779 clones (53.53%).
Filtered 6181.0 of 10934.0 reads (43.47%).
