Exporting TRB
Exporting clones: 16.7%
Filtered 6 of 1464 clones (99.59%).
Filtered 7.0 of 3161.0 reads (99.78%).
Exporting TRA
Exporting clones: 16.7%
Filtered 6 of 1464 clones (99.59%).
Filtered 9.0 of 3161.0 reads (99.72%).
Exporting IGH
Exporting clones: 0.3%
Filtered 354 of 1464 clones (75.82%).
Filtered 695.0 of 3161.0 reads (78.01%).
Exporting TRG
Exporting clones: 100%
Filtered 1 of 1464 clones (99.93%).
Filtered 1.0 of 3161.0 reads (99.97%).
Exporting IGL
Exporting clones: 0.7%
Filtered 287 of 1464 clones (80.4%).
Filtered 581.0 of 3161.0 reads (81.62%).
Exporting IGK
Exporting clones: 0.4%
Filtered 810 of 1464 clones (44.67%).
Filtered 1868.0 of 3161.0 reads (40.9%).
