WARNING: sun.reflect.Reflection.getCallerClass is not supported. This will impact performance.

>>>>>>>>>>>>>>>>>>>>>>> mixcr align <<<<<<<<<<<<<<<<<<<<<<<
Running:
mixcr align --report /projects/rpci/songyao/pnfioric/arc_project/airr_calculation/tcr_quant/results/mixcr_RS-04367350.align.report.txt --json-report /projects/rpci/songyao/pnfioric/arc_project/airr_calculation/tcr_quant/results/mixcr_RS-04367350.align.report.json --threads 12 --preset rna-seq --save-output-file-names /projects/rpci/songyao/pnfioric/arc_project/airr_calculation/tcr_quant/results/mixcr_RS-04367350.align.list.tsv --species hsa /projects/rpci/songyao/pnfioric/arc_project/airr_calculation/fastq_files/RS-04367350/RS-04367350_2_RS-04035151_S16_R1_001.fastq.gz /projects/rpci/songyao/pnfioric/arc_project/airr_calculation/fastq_files/RS-04367350/RS-04367350_2_RS-04035151_S16_R2_001.fastq.gz /projects/rpci/songyao/pnfioric/arc_project/airr_calculation/tcr_quant/results/mixcr_RS-04367350.alignments.vdjca
Alignment: 0%
Alignment: 4.4%  ETA: 00:43:43
Alignment: 8.9%  ETA: 00:40:20
Alignment: 13.4%  ETA: 00:38:39
Alignment: 17.8%  ETA: 00:36:58
Alignment: 22.3%  ETA: 00:34:58
Alignment: 26.6%  ETA: 00:33:32
Alignment: 31.1%  ETA: 00:31:15
Alignment: 35.5%  ETA: 00:29:01
Alignment: 39.8%  ETA: 00:27:58
Alignment: 44.2%  ETA: 00:25:31
Alignment: 48.6%  ETA: 00:23:31
Alignment: 52.9%  ETA: 00:21:42
Alignment: 57.3%  ETA: 00:19:32
Alignment: 61.6%  ETA: 00:17:41
Alignment: 65.9%  ETA: 00:15:41
Alignment: 70.3%  ETA: 00:13:49
Alignment: 74.6%  ETA: 00:11:42
Alignment: 78.9%  ETA: 00:09:42
Alignment: 83.3%  ETA: 00:07:42
Alignment: 87.6%  ETA: 00:05:38
Alignment: 91.9%  ETA: 00:03:44
Alignment: 96.3%  ETA: 00:01:44
====================== report: align ======================
Analysis time: 45.76m
Total sequencing reads: 54479205
Successfully aligned reads: 1107 (0%)
Coverage (percent of successfully aligned):
  CDR3: 72 (6.5%)
  FR3_TO_FR4: 0 (0%)
  CDR2_TO_FR4: 0 (0%)
  FR2_TO_FR4: 0 (0%)
  CDR1_TO_FR4: 0 (0%)
  VDJRegion: 0 (0%)
Alignment failed: no hits (not TCR/IG?): 52772368 (96.87%)
Alignment failed after alignment-aided overlap: 1 (0%)
Alignment failed: no CDR3 parts: 18157 (0.03%)
Alignment failed: low total score: 1687572 (3.1%)
Overlapped: 51342428 (94.24%)
Overlapped and aligned: 929 (0%)
Overlapped and not aligned: 51341499 (94.24%)
Alignment-aided overlaps, percent of overlapped and aligned: 39 (4.2%)
No CDR3 parts alignments, percent of successfully aligned: 22 (1.99%)
Partial aligned reads, percent of successfully aligned: 1013 (91.51%)
Realigned with forced non-floating bound: 6273632 (11.52%)
Realigned with forced non-floating right bound in left read: 472 (0%)
Realigned with forced non-floating left bound in right read: 472 (0%)
TRA chains: 656 (59.26%)
TRA non-functional: 0 (0%)
TRB chains: 136 (12.29%)
TRB non-functional: 0 (0%)
TRG chains: 9 (0.81%)
TRG non-functional: 0 (0%)
IGH chains: 98 (8.85%)
IGH non-functional: 0 (0%)
IGK chains: 78 (7.05%)
IGK non-functional: 3 (3.85%)
IGL chains: 130 (11.74%)
IGL non-functional: 0 (0%)
Trimming report:
  R1 reads trimmed left: 42290 (0.08%)
  R1 reads trimmed right: 44991 (0.08%)
  Average R1 nucleotides trimmed left: 0.01319156547897496
  Average R1 nucleotides trimmed right: 0.014243141029682794
  R2 reads trimmed left: 42830 (0.08%)
  R2 reads trimmed right: 45442 (0.08%)
  Average R2 nucleotides trimmed left: 0.01289686587753988
  Average R2 nucleotides trimmed right: 0.014993482375522917

>>>>>>>>>>>>>>>>>> mixcr assemblePartial <<<<<<<<<<<<<<<<<<
Running:
mixcr assemblePartial --report /projects/rpci/songyao/pnfioric/arc_project/airr_calculation/tcr_quant/results/mixcr_RS-04367350.assemblePartial.report.txt --json-report /projects/rpci/songyao/pnfioric/arc_project/airr_calculation/tcr_quant/results/mixcr_RS-04367350.assemblePartial.report.json /projects/rpci/songyao/pnfioric/arc_project/airr_calculation/tcr_quant/results/mixcr_RS-04367350.alignments.vdjca /projects/rpci/songyao/pnfioric/arc_project/airr_calculation/tcr_quant/results/mixcr_RS-04367350.passembled.1.vdjca
Building index: 0%
Searching for overlaps: 0.1%
================= report: assemblePartial =================
Analysis time: 155ms
Total alignments analysed: 1107
Number of output alignments: 1107 (100%)
Alignments already with CDR3 (no overlapping is performed): 72 (6.5%)
Successfully overlapped alignments: 0 (0%)
Left parts with too small N-region (failed to extract k-mer): 55 (4.97%)
Extracted k-mer diversity: 493
Dropped due to wildcard in k-mer: 0 (0%)
Dropped due to too short NRegion parts in overlap: 0 (0%)
Dropped overlaps with empty N region due to no complete NDN coverage: 0 (0%)
Number of left-side alignments: 155 (14%)
Number of right-side alignments: 825 (74.53%)
Complex overlaps: 0 (0%)
Over-overlaps: 0 (0%)
Partial alignments written to output: 1035 (93.5%)

>>>>>>>>>>>>>>>>>> mixcr assemblePartial <<<<<<<<<<<<<<<<<<
Running:
mixcr assemblePartial --report /projects/rpci/songyao/pnfioric/arc_project/airr_calculation/tcr_quant/results/mixcr_RS-04367350.assemblePartial.report.txt --json-report /projects/rpci/songyao/pnfioric/arc_project/airr_calculation/tcr_quant/results/mixcr_RS-04367350.assemblePartial.report.json /projects/rpci/songyao/pnfioric/arc_project/airr_calculation/tcr_quant/results/mixcr_RS-04367350.passembled.1.vdjca /projects/rpci/songyao/pnfioric/arc_project/airr_calculation/tcr_quant/results/mixcr_RS-04367350.passembled.2.vdjca
Building index: 0%
Searching for overlaps: 1.1%
================= report: assemblePartial =================
Analysis time: 83ms
Total alignments analysed: 1107
Number of output alignments: 1107 (100%)
Alignments already with CDR3 (no overlapping is performed): 72 (6.5%)
Successfully overlapped alignments: 0 (0%)
Left parts with too small N-region (failed to extract k-mer): 55 (4.97%)
Extracted k-mer diversity: 493
Dropped due to wildcard in k-mer: 0 (0%)
Dropped due to too short NRegion parts in overlap: 0 (0%)
Dropped overlaps with empty N region due to no complete NDN coverage: 0 (0%)
Number of left-side alignments: 155 (14%)
Number of right-side alignments: 825 (74.53%)
Complex overlaps: 0 (0%)
Over-overlaps: 0 (0%)
Partial alignments written to output: 1035 (93.5%)

>>>>>>>>>>>>>>>>>>>>>>> mixcr extend <<<<<<<<<<<<<<<<<<<<<<<
Running:
mixcr extend --report /projects/rpci/songyao/pnfioric/arc_project/airr_calculation/tcr_quant/results/mixcr_RS-04367350.extend.report.txt --json-report /projects/rpci/songyao/pnfioric/arc_project/airr_calculation/tcr_quant/results/mixcr_RS-04367350.extend.report.json --threads 12 /projects/rpci/songyao/pnfioric/arc_project/airr_calculation/tcr_quant/results/mixcr_RS-04367350.passembled.2.vdjca /projects/rpci/songyao/pnfioric/arc_project/airr_calculation/tcr_quant/results/mixcr_RS-04367350.extended.vdjca
Extending alignments: 0%
====================== report: extend ======================
Analysis time: 16ms
Extended alignments count: 0 (0%)
V extensions total: 0 (0%)
V extensions with merged targets: 0 (0%)
J extensions total: 0 (0%)
J extensions with merged targets: 0 (0%)
V+J extensions: 0 (0%)
Mean V extension length: NaN
Mean J extension length: NaN

>>>>>>>>>>>>>>>>>>>>>> mixcr assemble <<<<<<<<<<<<<<<<<<<<<<
Running:
mixcr assemble --report /projects/rpci/songyao/pnfioric/arc_project/airr_calculation/tcr_quant/results/mixcr_RS-04367350.assemble.report.txt --json-report /projects/rpci/songyao/pnfioric/arc_project/airr_calculation/tcr_quant/results/mixcr_RS-04367350.assemble.report.json /projects/rpci/songyao/pnfioric/arc_project/airr_calculation/tcr_quant/results/mixcr_RS-04367350.extended.vdjca /projects/rpci/songyao/pnfioric/arc_project/airr_calculation/tcr_quant/results/mixcr_RS-04367350.clna
Initialization: progress unknown
Initialization: progress unknown
===================== report: assemble =====================
Analysis time: 280ms
Final clonotype count: 16
Reads used in clonotypes, percent of total: 71 (0%)
Average number of reads per clonotype: 4.44
Reads dropped due to the lack of a clone sequence, percent of total: 1035 (0%)
Reads dropped due to a too short clonal sequence, percent of total: 0 (0%)
Reads dropped due to low quality, percent of total: 0 (0%)
Reads dropped due to failed mapping, percent of total: 1 (0%)
Reads dropped with low quality clones, percent of total: 0 (0%)
Aligned reads processed: 72
Reads used in clonotypes before clustering, percent of total: 71 (0%)
Number of reads used as a core, percent of used: 71 (100%)
Mapped low quality reads, percent of used: 0 (0%)
Reads clustered in PCR error correction, percent of used: 0 (0%)
Reads pre-clustered due to the similar VJC-lists, percent of used: 0 (0%)
Clonotypes dropped as low quality: 0
Clonotypes eliminated by PCR error correction: 0
Clonotypes pre-clustered due to the similar VJC-lists: 0
Clones dropped in post filtering: 0 (0%)
Reads dropped in post filtering: 0.0 (0%)
Reads filtered by tag prefix: 0 (0%)
TRB chains: 1 (6.25%)
TRB non-functional: 0 (0%)
IGK chains: 12 (75%)
IGK non-functional: 1 (8.33%)
IGL chains: 3 (18.75%)
IGL non-functional: 0 (0%)

>>>>>>>>>>>>>>>>>> mixcr assembleContigs <<<<<<<<<<<<<<<<<<
Running:
mixcr assembleContigs --report /projects/rpci/songyao/pnfioric/arc_project/airr_calculation/tcr_quant/results/mixcr_RS-04367350.assembleContigs.report.txt --json-report /projects/rpci/songyao/pnfioric/arc_project/airr_calculation/tcr_quant/results/mixcr_RS-04367350.assembleContigs.report.json --threads 12 /projects/rpci/songyao/pnfioric/arc_project/airr_calculation/tcr_quant/results/mixcr_RS-04367350.clna /projects/rpci/songyao/pnfioric/arc_project/airr_calculation/tcr_quant/results/mixcr_RS-04367350.contigs.clns
Assembling contigs: 0%
================= report: assembleContigs =================
Analysis time: 118ms
Initial clonotype count: 16
Final clonotype count: 16 (100%)
Canceled assemblies: 0 (0%)
Clones filtered out after assemble: 0 (0%)
Number of premature termination assembly events, percent of number of initial clonotypes: 0.0 (0%)
Longest contig length: 175
Clustered variants: 0 (0%)
Reads in clustered variants: 0.0 (0%)
Reads in divided (newly created) clones: 0.0 (0%)
Clones with ambiguous letters in splitting region: 0 (0%)
Reads in clones with ambiguous letters in splitting region: 0.0 (0%)
Average number of ambiguous letters per clone with ambiguous letters in splitting region: NaN
Clones combined after clustering: 0 (0%)

>>>>>>>>>>>>>>>>>>>>>>>>> mixcr qc <<<<<<<<<<<<<<<<<<<<<<<<<
Running:
mixcr qc --print-to-stdout /projects/rpci/songyao/pnfioric/arc_project/airr_calculation/tcr_quant/results/mixcr_RS-04367350.contigs.clns /projects/rpci/songyao/pnfioric/arc_project/airr_calculation/tcr_quant/results/mixcr_RS-04367350.qc.txt /projects/rpci/songyao/pnfioric/arc_project/airr_calculation/tcr_quant/results/mixcr_RS-04367350.qc.json

  Alignments dropped due to low sequence quality: 0.0% [OK]

>>>>>>>>>>>>>>>>>>>> mixcr exportClones <<<<<<<<<<<<<<<<<<<<
Running:
mixcr exportClones /projects/rpci/songyao/pnfioric/arc_project/airr_calculation/tcr_quant/results/mixcr_RS-04367350.contigs.clns /projects/rpci/songyao/pnfioric/arc_project/airr_calculation/tcr_quant/results/mixcr_RS-04367350.clones.tsv
Analysis finished successfully.
===============================
Visualize results and simplify your immune data analysis with a convenient UI.
Explore and install Platforma.bio here: https://platforma.bio
