WARNING: sun.reflect.Reflection.getCallerClass is not supported. This will impact performance.

>>>>>>>>>>>>>>>>>>>>>>> mixcr align <<<<<<<<<<<<<<<<<<<<<<<
Running:
mixcr align --report /projects/rpci/songyao/pnfioric/arc_project/airr_calculation/tcr_quant/results/mixcr_RS-04430858.align.report.txt --json-report /projects/rpci/songyao/pnfioric/arc_project/airr_calculation/tcr_quant/results/mixcr_RS-04430858.align.report.json --threads 12 --preset rna-seq --save-output-file-names /projects/rpci/songyao/pnfioric/arc_project/airr_calculation/tcr_quant/results/mixcr_RS-04430858.align.list.tsv --species hsa /projects/rpci/songyao/pnfioric/arc_project/airr_calculation/fastq_files/RS-04430858/RS-04430858_VALS06010644-NO-ID_RS-04147929_S70_R1_001.fastq.gz /projects/rpci/songyao/pnfioric/arc_project/airr_calculation/fastq_files/RS-04430858/RS-04430858_VALS06010644-NO-ID_RS-04147929_S70_R2_001.fastq.gz /projects/rpci/songyao/pnfioric/arc_project/airr_calculation/tcr_quant/results/mixcr_RS-04430858.alignments.vdjca
Alignment: 0%
Alignment: 5.3%  ETA: 00:36:02
Alignment: 10.7%  ETA: 00:32:38
Alignment: 16.1%  ETA: 00:31:24
Alignment: 21.4%  ETA: 00:29:24
Alignment: 26.8%  ETA: 00:26:57
Alignment: 32.3%  ETA: 00:24:44
Alignment: 37.9%  ETA: 00:22:22
Alignment: 43.3%  ETA: 00:20:53
Alignment: 48.8%  ETA: 00:18:43
Alignment: 54.2%  ETA: 00:16:52
Alignment: 59.6%  ETA: 00:15:00
Alignment: 65%  ETA: 00:12:53
Alignment: 70.5%  ETA: 00:10:53
Alignment: 75.8%  ETA: 00:08:58
Alignment: 81.3%  ETA: 00:06:54
Alignment: 86.8%  ETA: 00:04:44
Alignment: 92.3%  ETA: 00:02:48
Alignment: 97.9%  ETA: 00:00:45
====================== report: align ======================
Analysis time: 36.83m
Total sequencing reads: 43402444
Successfully aligned reads: 1837 (0%)
Coverage (percent of successfully aligned):
  CDR3: 376 (20.47%)
  FR3_TO_FR4: 7 (0.38%)
  CDR2_TO_FR4: 0 (0%)
  FR2_TO_FR4: 0 (0%)
  CDR1_TO_FR4: 0 (0%)
  VDJRegion: 5 (0.27%)
Alignment failed: no hits (not TCR/IG?): 42130957 (97.07%)
Alignment failed after alignment-aided overlap: 1 (0%)
Alignment failed: no CDR3 parts: 14503 (0.03%)
Alignment failed: low total score: 1255146 (2.89%)
Overlapped: 37535463 (86.48%)
Overlapped and aligned: 1647 (0%)
Overlapped and not aligned: 37533816 (86.48%)
Alignment-aided overlaps, percent of overlapped and aligned: 53 (3.22%)
No CDR3 parts alignments, percent of successfully aligned: 29 (1.58%)
Partial aligned reads, percent of successfully aligned: 1432 (77.95%)
J gene chimeras: 5 (0%)
Realigned with forced non-floating bound: 11734068 (27.04%)
Realigned with forced non-floating right bound in left read: 791 (0%)
Realigned with forced non-floating left bound in right read: 791 (0%)
TRA chains: 188 (10.23%)
TRA non-functional: 2 (1.06%)
TRB chains: 79 (4.3%)
TRB non-functional: 1 (1.27%)
TRG chains: 10 (0.54%)
TRG non-functional: 0 (0%)
IGH chains: 486 (26.46%)
IGH non-functional: 3 (0.62%)
TRAD chains: 9 (0.49%)
TRAD non-functional: 0 (0%)
IGK chains: 424 (23.08%)
IGK non-functional: 13 (3.07%)
IGL chains: 641 (34.89%)
IGL non-functional: 0 (0%)
Trimming report:
  R1 reads trimmed left: 7321 (0.02%)
  R1 reads trimmed right: 6721 (0.02%)
  Average R1 nucleotides trimmed left: 0.0025138906924227584
  Average R1 nucleotides trimmed right: 0.0026683750804447786
  R2 reads trimmed left: 6525 (0.02%)
  R2 reads trimmed right: 6595 (0.02%)
  Average R2 nucleotides trimmed left: 0.0026154748336291844
  Average R2 nucleotides trimmed right: 0.002617133726386468

>>>>>>>>>>>>>>>>>> mixcr assemblePartial <<<<<<<<<<<<<<<<<<
Running:
mixcr assemblePartial --report /projects/rpci/songyao/pnfioric/arc_project/airr_calculation/tcr_quant/results/mixcr_RS-04430858.assemblePartial.report.txt --json-report /projects/rpci/songyao/pnfioric/arc_project/airr_calculation/tcr_quant/results/mixcr_RS-04430858.assemblePartial.report.json /projects/rpci/songyao/pnfioric/arc_project/airr_calculation/tcr_quant/results/mixcr_RS-04430858.alignments.vdjca /projects/rpci/songyao/pnfioric/arc_project/airr_calculation/tcr_quant/results/mixcr_RS-04430858.passembled.1.vdjca
Building index: 0%
Searching for overlaps: 0.1%
================= report: assemblePartial =================
Analysis time: 242ms
Total alignments analysed: 1837
Number of output alignments: 1835 (99.89%)
Alignments already with CDR3 (no overlapping is performed): 388 (21.12%)
Successfully overlapped alignments: 2 (0.11%)
Left parts with too small N-region (failed to extract k-mer): 312 (16.98%)
Extracted k-mer diversity: 3240
Dropped due to wildcard in k-mer: 0 (0%)
Dropped due to too short NRegion parts in overlap: 6 (0.33%)
Dropped overlaps with empty N region due to no complete NDN coverage: 0 (0%)
Number of left-side alignments: 348 (18.94%)
Number of right-side alignments: 800 (43.55%)
Complex overlaps: 0 (0%)
Over-overlaps: 0 (0%)
Partial alignments written to output: 1445 (78.66%)

>>>>>>>>>>>>>>>>>> mixcr assemblePartial <<<<<<<<<<<<<<<<<<
Running:
mixcr assemblePartial --report /projects/rpci/songyao/pnfioric/arc_project/airr_calculation/tcr_quant/results/mixcr_RS-04430858.assemblePartial.report.txt --json-report /projects/rpci/songyao/pnfioric/arc_project/airr_calculation/tcr_quant/results/mixcr_RS-04430858.assemblePartial.report.json /projects/rpci/songyao/pnfioric/arc_project/airr_calculation/tcr_quant/results/mixcr_RS-04430858.passembled.1.vdjca /projects/rpci/songyao/pnfioric/arc_project/airr_calculation/tcr_quant/results/mixcr_RS-04430858.passembled.2.vdjca
Building index: 0%
Searching for overlaps: 0.1%
================= report: assemblePartial =================
Analysis time: 78ms
Total alignments analysed: 1835
Number of output alignments: 1835 (100%)
Alignments already with CDR3 (no overlapping is performed): 390 (21.25%)
Successfully overlapped alignments: 0 (0%)
Left parts with too small N-region (failed to extract k-mer): 312 (17%)
Extracted k-mer diversity: 3236
Dropped due to wildcard in k-mer: 0 (0%)
Dropped due to too short NRegion parts in overlap: 6 (0.33%)
Dropped overlaps with empty N region due to no complete NDN coverage: 0 (0%)
Number of left-side alignments: 346 (18.86%)
Number of right-side alignments: 798 (43.49%)
Complex overlaps: 0 (0%)
Over-overlaps: 0 (0%)
Partial alignments written to output: 1445 (78.75%)

>>>>>>>>>>>>>>>>>>>>>>> mixcr extend <<<<<<<<<<<<<<<<<<<<<<<
Running:
mixcr extend --report /projects/rpci/songyao/pnfioric/arc_project/airr_calculation/tcr_quant/results/mixcr_RS-04430858.extend.report.txt --json-report /projects/rpci/songyao/pnfioric/arc_project/airr_calculation/tcr_quant/results/mixcr_RS-04430858.extend.report.json --threads 12 /projects/rpci/songyao/pnfioric/arc_project/airr_calculation/tcr_quant/results/mixcr_RS-04430858.passembled.2.vdjca /projects/rpci/songyao/pnfioric/arc_project/airr_calculation/tcr_quant/results/mixcr_RS-04430858.extended.vdjca
Extending alignments: 0%
====================== report: extend ======================
Analysis time: 16ms
Extended alignments count: 1 (0.05%)
V extensions total: 0 (0%)
V extensions with merged targets: 0 (0%)
J extensions total: 1 (0.05%)
J extensions with merged targets: 0 (0%)
V+J extensions: 0 (0%)
Mean V extension length: NaN
Mean J extension length: 2.0

>>>>>>>>>>>>>>>>>>>>>> mixcr assemble <<<<<<<<<<<<<<<<<<<<<<
Running:
mixcr assemble --report /projects/rpci/songyao/pnfioric/arc_project/airr_calculation/tcr_quant/results/mixcr_RS-04430858.assemble.report.txt --json-report /projects/rpci/songyao/pnfioric/arc_project/airr_calculation/tcr_quant/results/mixcr_RS-04430858.assemble.report.json /projects/rpci/songyao/pnfioric/arc_project/airr_calculation/tcr_quant/results/mixcr_RS-04430858.extended.vdjca /projects/rpci/songyao/pnfioric/arc_project/airr_calculation/tcr_quant/results/mixcr_RS-04430858.clna
Initialization: progress unknown
Initialization: progress unknown
===================== report: assemble =====================
Analysis time: 511ms
Final clonotype count: 199
Reads used in clonotypes, percent of total: 354 (0%)
Average number of reads per clonotype: 1.78
Reads dropped due to the lack of a clone sequence, percent of total: 1456 (0%)
Reads dropped due to a too short clonal sequence, percent of total: 0 (0%)
Reads dropped due to low quality, percent of total: 0 (0%)
Reads dropped due to failed mapping, percent of total: 27 (0%)
Reads dropped with low quality clones, percent of total: 0 (0%)
Aligned reads processed: 381
Reads used in clonotypes before clustering, percent of total: 354 (0%)
Number of reads used as a core, percent of used: 349 (98.59%)
Mapped low quality reads, percent of used: 5 (1.41%)
Reads clustered in PCR error correction, percent of used: 0 (0%)
Reads pre-clustered due to the similar VJC-lists, percent of used: 0 (0%)
Clonotypes dropped as low quality: 0
Clonotypes eliminated by PCR error correction: 0
Clonotypes pre-clustered due to the similar VJC-lists: 0
Clones dropped in post filtering: 0 (0%)
Reads dropped in post filtering: 0.0 (0%)
Reads filtered by tag prefix: 0 (0%)
TRA chains: 4 (2.01%)
TRA non-functional: 1 (25%)
TRB chains: 7 (3.52%)
TRB non-functional: 1 (14.29%)
IGH chains: 55 (27.64%)
IGH non-functional: 1 (1.82%)
IGK chains: 92 (46.23%)
IGK non-functional: 5 (5.43%)
IGL chains: 41 (20.6%)
IGL non-functional: 0 (0%)

>>>>>>>>>>>>>>>>>> mixcr assembleContigs <<<<<<<<<<<<<<<<<<
Running:
mixcr assembleContigs --report /projects/rpci/songyao/pnfioric/arc_project/airr_calculation/tcr_quant/results/mixcr_RS-04430858.assembleContigs.report.txt --json-report /projects/rpci/songyao/pnfioric/arc_project/airr_calculation/tcr_quant/results/mixcr_RS-04430858.assembleContigs.report.json --threads 12 /projects/rpci/songyao/pnfioric/arc_project/airr_calculation/tcr_quant/results/mixcr_RS-04430858.clna /projects/rpci/songyao/pnfioric/arc_project/airr_calculation/tcr_quant/results/mixcr_RS-04430858.contigs.clns
Assembling contigs: 0%
================= report: assembleContigs =================
Analysis time: 318ms
Initial clonotype count: 199
Final clonotype count: 199 (100%)
Canceled assemblies: 0 (0%)
Clones filtered out after assemble: 0 (0%)
Number of premature termination assembly events, percent of number of initial clonotypes: 0.0 (0%)
Longest contig length: 317
Clustered variants: 0 (0%)
Reads in clustered variants: 0.0 (0%)
Reads in divided (newly created) clones: 0.0 (0%)
Clones with ambiguous letters in splitting region: 0 (0%)
Reads in clones with ambiguous letters in splitting region: 0.0 (0%)
Average number of ambiguous letters per clone with ambiguous letters in splitting region: NaN
Clones combined after clustering: 0 (0%)

>>>>>>>>>>>>>>>>>>>>>>>>> mixcr qc <<<<<<<<<<<<<<<<<<<<<<<<<
Running:
mixcr qc --print-to-stdout /projects/rpci/songyao/pnfioric/arc_project/airr_calculation/tcr_quant/results/mixcr_RS-04430858.contigs.clns /projects/rpci/songyao/pnfioric/arc_project/airr_calculation/tcr_quant/results/mixcr_RS-04430858.qc.txt /projects/rpci/songyao/pnfioric/arc_project/airr_calculation/tcr_quant/results/mixcr_RS-04430858.qc.json

  Alignments dropped due to low sequence quality: 0.0% [OK]

>>>>>>>>>>>>>>>>>>>> mixcr exportClones <<<<<<<<<<<<<<<<<<<<
Running:
mixcr exportClones /projects/rpci/songyao/pnfioric/arc_project/airr_calculation/tcr_quant/results/mixcr_RS-04430858.contigs.clns /projects/rpci/songyao/pnfioric/arc_project/airr_calculation/tcr_quant/results/mixcr_RS-04430858.clones.tsv
Analysis finished successfully.
===============================
Visualize results and simplify your immune data analysis with a convenient UI.
Explore and install Platforma.bio here: https://platforma.bio
