Exporting TRB
Exporting clones: 11.1%
Filtered 9 of 159 clones (94.34%).
Filtered 14.0 of 281.0 reads (95.02%).
Exporting TRA
Exporting clones: 25%
Filtered 4 of 159 clones (97.48%).
Filtered 5.0 of 281.0 reads (98.22%).
Exporting IGH
Exporting clones: 2.4%
Filtered 42 of 159 clones (73.58%).
Filtered 78.0 of 281.0 reads (72.24%).
Exporting TRG
Exporting clones: 100%
Filtered 1 of 159 clones (99.37%).
Filtered 3.0 of 281.0 reads (98.93%).
Exporting IGL
Exporting clones: 2.9%
Filtered 34 of 159 clones (78.62%).
Filtered 60.0 of 281.0 reads (78.65%).
Exporting IGK
Exporting clones: 1.4%
Filtered 69 of 159 clones (56.6%).
Filtered 121.0 of 281.0 reads (56.94%).
