WARNING: sun.reflect.Reflection.getCallerClass is not supported. This will impact performance.

>>>>>>>>>>>>>>>>>>>>>>> mixcr align <<<<<<<<<<<<<<<<<<<<<<<
Running:
mixcr align --report /projects/rpci/songyao/pnfioric/arc_project/airr_calculation/tcr_quant/results/mixcr_RS-04061369.align.report.txt --json-report /projects/rpci/songyao/pnfioric/arc_project/airr_calculation/tcr_quant/results/mixcr_RS-04061369.align.report.json --threads 12 --preset rna-seq --save-output-file-names /projects/rpci/songyao/pnfioric/arc_project/airr_calculation/tcr_quant/results/mixcr_RS-04061369.align.list.tsv --species hsa /projects/rpci/songyao/pnfioric/arc_project/airr_calculation/fastq_files/RS-04061369/RS-04417066_109_RS-04061369_S70_R1_001.fastq.gz /projects/rpci/songyao/pnfioric/arc_project/airr_calculation/fastq_files/RS-04061369/RS-04417066_109_RS-04061369_S70_R2_001.fastq.gz /projects/rpci/songyao/pnfioric/arc_project/airr_calculation/tcr_quant/results/mixcr_RS-04061369.alignments.vdjca
Alignment: 0%
Alignment: 4.4%  ETA: 00:43:07
Alignment: 8.9%  ETA: 00:41:07
Alignment: 13.3%  ETA: 00:39:26
Alignment: 17.8%  ETA: 00:36:33
Alignment: 22.2%  ETA: 00:34:50
Alignment: 26.7%  ETA: 00:33:05
Alignment: 31.1%  ETA: 00:31:20
Alignment: 35.5%  ETA: 00:29:06
Alignment: 39.9%  ETA: 00:27:33
Alignment: 44.3%  ETA: 00:25:08
Alignment: 48.8%  ETA: 00:22:57
Alignment: 53.2%  ETA: 00:21:07
Alignment: 57.6%  ETA: 00:19:27
Alignment: 61.9%  ETA: 00:17:18
Alignment: 66.4%  ETA: 00:15:10
Alignment: 70.8%  ETA: 00:13:17
Alignment: 75.2%  ETA: 00:11:11
Alignment: 79.6%  ETA: 00:09:16
Alignment: 84%  ETA: 00:07:20
Alignment: 88.5%  ETA: 00:05:07
Alignment: 92.9%  ETA: 00:03:12
Alignment: 97.4%  ETA: 00:01:10
====================== report: align ======================
Analysis time: 45.19m
Total sequencing reads: 66685282
Successfully aligned reads: 8176 (0.01%)
Coverage (percent of successfully aligned):
  CDR3: 594 (7.27%)
  FR3_TO_FR4: 0 (0%)
  CDR2_TO_FR4: 0 (0%)
  FR2_TO_FR4: 0 (0%)
  CDR1_TO_FR4: 0 (0%)
  VDJRegion: 0 (0%)
Alignment failed: no hits (not TCR/IG?): 64918850 (97.35%)
Alignment failed: no CDR3 parts: 18381 (0.03%)
Alignment failed: low total score: 1739875 (2.61%)
Overlapped: 63345762 (94.99%)
Overlapped and aligned: 7992 (0.01%)
Overlapped and not aligned: 63337770 (94.98%)
Alignment-aided overlaps, percent of overlapped and aligned: 3 (0.04%)
No CDR3 parts alignments, percent of successfully aligned: 25 (0.31%)
Partial aligned reads, percent of successfully aligned: 7557 (92.43%)
Realigned with forced non-floating bound: 6679046 (10.02%)
Realigned with forced non-floating right bound in left read: 231 (0%)
Realigned with forced non-floating left bound in right read: 231 (0%)
TRA chains: 3653 (44.68%)
TRA non-functional: 0 (0%)
TRB chains: 877 (10.73%)
TRB non-functional: 0 (0%)
TRD chains: 22 (0.27%)
TRD non-functional: 0 (0%)
TRG chains: 50 (0.61%)
TRG non-functional: 0 (0%)
IGH chains: 1578 (19.3%)
IGH non-functional: 17 (1.08%)
TRAD chains: 75 (0.92%)
TRAD non-functional: 0 (0%)
IGK chains: 1032 (12.62%)
IGK non-functional: 22 (2.13%)
IGL chains: 889 (10.87%)
IGL non-functional: 70 (7.87%)
Trimming report:
  R1 reads trimmed left: 2004611 (3.01%)
  R1 reads trimmed right: 2038141 (3.06%)
  Average R1 nucleotides trimmed left: 0.5110262711343112
  Average R1 nucleotides trimmed right: 0.543468887182632
  R2 reads trimmed left: 1971174 (2.96%)
  R2 reads trimmed right: 2004408 (3.01%)
  Average R2 nucleotides trimmed left: 0.5024095571793488
  Average R2 nucleotides trimmed right: 0.534270770572733

>>>>>>>>>>>>>>>>>> mixcr assemblePartial <<<<<<<<<<<<<<<<<<
Running:
mixcr assemblePartial --report /projects/rpci/songyao/pnfioric/arc_project/airr_calculation/tcr_quant/results/mixcr_RS-04061369.assemblePartial.report.txt --json-report /projects/rpci/songyao/pnfioric/arc_project/airr_calculation/tcr_quant/results/mixcr_RS-04061369.assemblePartial.report.json /projects/rpci/songyao/pnfioric/arc_project/airr_calculation/tcr_quant/results/mixcr_RS-04061369.alignments.vdjca /projects/rpci/songyao/pnfioric/arc_project/airr_calculation/tcr_quant/results/mixcr_RS-04061369.passembled.1.vdjca
Building index: 0%
Searching for overlaps: 0%
================= report: assemblePartial =================
Analysis time: 290ms
Total alignments analysed: 8176
Number of output alignments: 8176 (100%)
Alignments already with CDR3 (no overlapping is performed): 715 (8.75%)
Successfully overlapped alignments: 0 (0%)
Left parts with too small N-region (failed to extract k-mer): 1137 (13.91%)
Extracted k-mer diversity: 265
Dropped due to wildcard in k-mer: 0 (0%)
Dropped due to too short NRegion parts in overlap: 0 (0%)
Dropped overlaps with empty N region due to no complete NDN coverage: 0 (0%)
Number of left-side alignments: 287 (3.51%)
Number of right-side alignments: 6037 (73.84%)
Complex overlaps: 0 (0%)
Over-overlaps: 0 (0%)
Partial alignments written to output: 7461 (91.25%)

>>>>>>>>>>>>>>>>>> mixcr assemblePartial <<<<<<<<<<<<<<<<<<
Running:
mixcr assemblePartial --report /projects/rpci/songyao/pnfioric/arc_project/airr_calculation/tcr_quant/results/mixcr_RS-04061369.assemblePartial.report.txt --json-report /projects/rpci/songyao/pnfioric/arc_project/airr_calculation/tcr_quant/results/mixcr_RS-04061369.assemblePartial.report.json /projects/rpci/songyao/pnfioric/arc_project/airr_calculation/tcr_quant/results/mixcr_RS-04061369.passembled.1.vdjca /projects/rpci/songyao/pnfioric/arc_project/airr_calculation/tcr_quant/results/mixcr_RS-04061369.passembled.2.vdjca
Building index: 0%
Searching for overlaps: 0%
================= report: assemblePartial =================
Analysis time: 101ms
Total alignments analysed: 8176
Number of output alignments: 8176 (100%)
Alignments already with CDR3 (no overlapping is performed): 715 (8.75%)
Successfully overlapped alignments: 0 (0%)
Left parts with too small N-region (failed to extract k-mer): 1137 (13.91%)
Extracted k-mer diversity: 265
Dropped due to wildcard in k-mer: 0 (0%)
Dropped due to too short NRegion parts in overlap: 0 (0%)
Dropped overlaps with empty N region due to no complete NDN coverage: 0 (0%)
Number of left-side alignments: 287 (3.51%)
Number of right-side alignments: 6037 (73.84%)
Complex overlaps: 0 (0%)
Over-overlaps: 0 (0%)
Partial alignments written to output: 7461 (91.25%)

>>>>>>>>>>>>>>>>>>>>>>> mixcr extend <<<<<<<<<<<<<<<<<<<<<<<
Running:
mixcr extend --report /projects/rpci/songyao/pnfioric/arc_project/airr_calculation/tcr_quant/results/mixcr_RS-04061369.extend.report.txt --json-report /projects/rpci/songyao/pnfioric/arc_project/airr_calculation/tcr_quant/results/mixcr_RS-04061369.extend.report.json --threads 12 /projects/rpci/songyao/pnfioric/arc_project/airr_calculation/tcr_quant/results/mixcr_RS-04061369.passembled.2.vdjca /projects/rpci/songyao/pnfioric/arc_project/airr_calculation/tcr_quant/results/mixcr_RS-04061369.extended.vdjca
Extending alignments: 0%
====================== report: extend ======================
Analysis time: 95ms
Extended alignments count: 0 (0%)
V extensions total: 0 (0%)
V extensions with merged targets: 0 (0%)
J extensions total: 0 (0%)
J extensions with merged targets: 0 (0%)
V+J extensions: 0 (0%)
Mean V extension length: NaN
Mean J extension length: NaN

>>>>>>>>>>>>>>>>>>>>>> mixcr assemble <<<<<<<<<<<<<<<<<<<<<<
Running:
mixcr assemble --report /projects/rpci/songyao/pnfioric/arc_project/airr_calculation/tcr_quant/results/mixcr_RS-04061369.assemble.report.txt --json-report /projects/rpci/songyao/pnfioric/arc_project/airr_calculation/tcr_quant/results/mixcr_RS-04061369.assemble.report.json /projects/rpci/songyao/pnfioric/arc_project/airr_calculation/tcr_quant/results/mixcr_RS-04061369.extended.vdjca /projects/rpci/songyao/pnfioric/arc_project/airr_calculation/tcr_quant/results/mixcr_RS-04061369.clna
Initialization: progress unknown
Initialization: progress unknown
===================== report: assemble =====================
Analysis time: 538ms
Final clonotype count: 33
Reads used in clonotypes, percent of total: 593 (0%)
Average number of reads per clonotype: 17.97
Reads dropped due to the lack of a clone sequence, percent of total: 7582 (0.01%)
Reads dropped due to a too short clonal sequence, percent of total: 0 (0%)
Reads dropped due to low quality, percent of total: 0 (0%)
Reads dropped due to failed mapping, percent of total: 0 (0%)
Reads dropped with low quality clones, percent of total: 0 (0%)
Aligned reads processed: 594
Reads used in clonotypes before clustering, percent of total: 594 (0%)
Number of reads used as a core, percent of used: 593 (99.83%)
Mapped low quality reads, percent of used: 1 (0.17%)
Reads clustered in PCR error correction, percent of used: 1 (0.17%)
Reads pre-clustered due to the similar VJC-lists, percent of used: 0 (0%)
Clonotypes dropped as low quality: 0
Clonotypes eliminated by PCR error correction: 1
Clonotypes pre-clustered due to the similar VJC-lists: 0
Clones dropped in post filtering: 0 (0%)
Reads dropped in post filtering: 0.0 (0%)
Reads filtered by tag prefix: 0 (0%)
IGH chains: 6 (18.18%)
IGH non-functional: 1 (16.67%)
IGK chains: 22 (66.67%)
IGK non-functional: 2 (9.09%)
IGL chains: 5 (15.15%)
IGL non-functional: 2 (40%)

>>>>>>>>>>>>>>>>>> mixcr assembleContigs <<<<<<<<<<<<<<<<<<
Running:
mixcr assembleContigs --report /projects/rpci/songyao/pnfioric/arc_project/airr_calculation/tcr_quant/results/mixcr_RS-04061369.assembleContigs.report.txt --json-report /projects/rpci/songyao/pnfioric/arc_project/airr_calculation/tcr_quant/results/mixcr_RS-04061369.assembleContigs.report.json --threads 12 /projects/rpci/songyao/pnfioric/arc_project/airr_calculation/tcr_quant/results/mixcr_RS-04061369.clna /projects/rpci/songyao/pnfioric/arc_project/airr_calculation/tcr_quant/results/mixcr_RS-04061369.contigs.clns
Assembling contigs: 0%
================= report: assembleContigs =================
Analysis time: 238ms
Initial clonotype count: 33
Final clonotype count: 33 (100%)
Canceled assemblies: 0 (0%)
Clones filtered out after assemble: 0 (0%)
Number of premature termination assembly events, percent of number of initial clonotypes: 0.0 (0%)
Longest contig length: 149
Clustered variants: 0 (0%)
Reads in clustered variants: 0.0 (0%)
Reads in divided (newly created) clones: 0.0 (0%)
Clones with ambiguous letters in splitting region: 0 (0%)
Reads in clones with ambiguous letters in splitting region: 0.0 (0%)
Average number of ambiguous letters per clone with ambiguous letters in splitting region: NaN
Clones combined after clustering: 0 (0%)

>>>>>>>>>>>>>>>>>>>>>>>>> mixcr qc <<<<<<<<<<<<<<<<<<<<<<<<<
Running:
mixcr qc --print-to-stdout /projects/rpci/songyao/pnfioric/arc_project/airr_calculation/tcr_quant/results/mixcr_RS-04061369.contigs.clns /projects/rpci/songyao/pnfioric/arc_project/airr_calculation/tcr_quant/results/mixcr_RS-04061369.qc.txt /projects/rpci/songyao/pnfioric/arc_project/airr_calculation/tcr_quant/results/mixcr_RS-04061369.qc.json

  Alignments dropped due to low sequence quality: 0.0% [OK]

>>>>>>>>>>>>>>>>>>>> mixcr exportClones <<<<<<<<<<<<<<<<<<<<
Running:
mixcr exportClones /projects/rpci/songyao/pnfioric/arc_project/airr_calculation/tcr_quant/results/mixcr_RS-04061369.contigs.clns /projects/rpci/songyao/pnfioric/arc_project/airr_calculation/tcr_quant/results/mixcr_RS-04061369.clones.tsv
Analysis finished successfully.
===============================
Visualize results and simplify your immune data analysis with a convenient UI.
Explore and install Platforma.bio here: https://platforma.bio
