WARNING: sun.reflect.Reflection.getCallerClass is not supported. This will impact performance.

>>>>>>>>>>>>>>>>>>>>>>> mixcr align <<<<<<<<<<<<<<<<<<<<<<<
Running:
mixcr align --report /projects/rpci/songyao/pnfioric/arc_project/airr_calculation/tcr_quant/results/mixcr_RS-03899701.align.report.txt --json-report /projects/rpci/songyao/pnfioric/arc_project/airr_calculation/tcr_quant/results/mixcr_RS-03899701.align.report.json --threads 12 --preset rna-seq --save-output-file-names /projects/rpci/songyao/pnfioric/arc_project/airr_calculation/tcr_quant/results/mixcr_RS-03899701.align.list.tsv --species hsa /projects/rpci/songyao/pnfioric/arc_project/airr_calculation/fastq_files/RS-03899701/RS-04417076_OAKS12013729-A1_RS-03899701_S80_R1_001.fastq.gz /projects/rpci/songyao/pnfioric/arc_project/airr_calculation/fastq_files/RS-03899701/RS-04417076_OAKS12013729-A1_RS-03899701_S80_R2_001.fastq.gz /projects/rpci/songyao/pnfioric/arc_project/airr_calculation/tcr_quant/results/mixcr_RS-03899701.alignments.vdjca
Alignment: 0%
Alignment: 3.9%  ETA: 00:48:55
Alignment: 7.9%  ETA: 00:46:31
Alignment: 11.9%  ETA: 00:44:09
Alignment: 15.8%  ETA: 00:42:31
Alignment: 19.8%  ETA: 00:40:10
Alignment: 23.9%  ETA: 00:37:50
Alignment: 27.8%  ETA: 00:36:28
Alignment: 31.7%  ETA: 00:34:45
Alignment: 35.6%  ETA: 00:33:02
Alignment: 39.5%  ETA: 00:31:03
Alignment: 43.5%  ETA: 00:28:17
Alignment: 47.5%  ETA: 00:26:45
Alignment: 51.4%  ETA: 00:24:32
Alignment: 55.3%  ETA: 00:23:09
Alignment: 59.2%  ETA: 00:20:46
Alignment: 63.1%  ETA: 00:18:56
Alignment: 67.1%  ETA: 00:16:38
Alignment: 71%  ETA: 00:14:46
Alignment: 74.9%  ETA: 00:12:46
Alignment: 78.8%  ETA: 00:10:53
Alignment: 82.7%  ETA: 00:08:52
Alignment: 86.6%  ETA: 00:06:48
Alignment: 90.5%  ETA: 00:04:51
Alignment: 94.5%  ETA: 00:02:47
Alignment: 98.5%  ETA: 00:00:45
====================== report: align ======================
Analysis time: 50.81m
Total sequencing reads: 59561593
Successfully aligned reads: 16881 (0.03%)
Coverage (percent of successfully aligned):
  CDR3: 4632 (27.44%)
  FR3_TO_FR4: 19 (0.11%)
  CDR2_TO_FR4: 1 (0.01%)
  FR2_TO_FR4: 1 (0.01%)
  CDR1_TO_FR4: 0 (0%)
  VDJRegion: 2 (0.01%)
Alignment failed: no hits (not TCR/IG?): 58067853 (97.49%)
Alignment failed: no CDR3 parts: 42255 (0.07%)
Alignment failed: low total score: 1434604 (2.41%)
Overlapped: 53422938 (89.69%)
Overlapped and aligned: 16123 (0.03%)
Overlapped and not aligned: 53406815 (89.67%)
Alignment-aided overlaps, percent of overlapped and aligned: 257 (1.59%)
No CDR3 parts alignments, percent of successfully aligned: 323 (1.91%)
Partial aligned reads, percent of successfully aligned: 11926 (70.65%)
J gene chimeras: 1 (0%)
Realigned with forced non-floating bound: 12277824 (20.61%)
Realigned with forced non-floating right bound in left read: 716 (0%)
Realigned with forced non-floating left bound in right read: 716 (0%)
TRA chains: 1914 (11.34%)
TRA non-functional: 15 (0.78%)
TRB chains: 582 (3.45%)
TRB non-functional: 4 (0.69%)
TRD chains: 10 (0.06%)
TRD non-functional: 0 (0%)
TRG chains: 61 (0.36%)
TRG non-functional: 10 (16.39%)
IGH chains: 5605 (33.2%)
IGH non-functional: 18 (0.32%)
TRAD chains: 28 (0.17%)
TRAD non-functional: 0 (0%)
IGK chains: 5327 (31.56%)
IGK non-functional: 92 (1.73%)
IGL chains: 3354 (19.87%)
IGL non-functional: 9 (0.27%)
Trimming report:
  R1 reads trimmed left: 79449 (0.13%)
  R1 reads trimmed right: 81626 (0.14%)
  Average R1 nucleotides trimmed left: 0.0226694239020773
  Average R1 nucleotides trimmed right: 0.024180783747674444
  R2 reads trimmed left: 79453 (0.13%)
  R2 reads trimmed right: 82240 (0.14%)
  Average R2 nucleotides trimmed left: 0.02259415727849992
  Average R2 nucleotides trimmed right: 0.024081575521326302

>>>>>>>>>>>>>>>>>> mixcr assemblePartial <<<<<<<<<<<<<<<<<<
Running:
mixcr assemblePartial --report /projects/rpci/songyao/pnfioric/arc_project/airr_calculation/tcr_quant/results/mixcr_RS-03899701.assemblePartial.report.txt --json-report /projects/rpci/songyao/pnfioric/arc_project/airr_calculation/tcr_quant/results/mixcr_RS-03899701.assemblePartial.report.json /projects/rpci/songyao/pnfioric/arc_project/airr_calculation/tcr_quant/results/mixcr_RS-03899701.alignments.vdjca /projects/rpci/songyao/pnfioric/arc_project/airr_calculation/tcr_quant/results/mixcr_RS-03899701.passembled.1.vdjca
Building index: 0%
Searching for overlaps: 0%
================= report: assemblePartial =================
Analysis time: 643ms
Total alignments analysed: 16881
Number of output alignments: 16736 (99.14%)
Alignments already with CDR3 (no overlapping is performed): 4804 (28.46%)
Successfully overlapped alignments: 145 (0.86%)
Left parts with too small N-region (failed to extract k-mer): 2589 (15.34%)
Extracted k-mer diversity: 8362
Dropped due to wildcard in k-mer: 0 (0%)
Dropped due to too short NRegion parts in overlap: 160 (0.95%)
Dropped overlaps with empty N region due to no complete NDN coverage: 3 (0.02%)
Number of left-side alignments: 2004 (11.87%)
Number of right-side alignments: 7506 (44.46%)
Complex overlaps: 0 (0%)
Over-overlaps: 0 (0%)
Partial alignments written to output: 11787 (69.82%)

>>>>>>>>>>>>>>>>>> mixcr assemblePartial <<<<<<<<<<<<<<<<<<
Running:
mixcr assemblePartial --report /projects/rpci/songyao/pnfioric/arc_project/airr_calculation/tcr_quant/results/mixcr_RS-03899701.assemblePartial.report.txt --json-report /projects/rpci/songyao/pnfioric/arc_project/airr_calculation/tcr_quant/results/mixcr_RS-03899701.assemblePartial.report.json /projects/rpci/songyao/pnfioric/arc_project/airr_calculation/tcr_quant/results/mixcr_RS-03899701.passembled.1.vdjca /projects/rpci/songyao/pnfioric/arc_project/airr_calculation/tcr_quant/results/mixcr_RS-03899701.passembled.2.vdjca
Building index: 0%
Searching for overlaps: 0%
================= report: assemblePartial =================
Analysis time: 280ms
Total alignments analysed: 16736
Number of output alignments: 16736 (100%)
Alignments already with CDR3 (no overlapping is performed): 4949 (29.57%)
Successfully overlapped alignments: 0 (0%)
Left parts with too small N-region (failed to extract k-mer): 2589 (15.47%)
Extracted k-mer diversity: 8044
Dropped due to wildcard in k-mer: 0 (0%)
Dropped due to too short NRegion parts in overlap: 148 (0.88%)
Dropped overlaps with empty N region due to no complete NDN coverage: 3 (0.02%)
Number of left-side alignments: 1859 (11.11%)
Number of right-side alignments: 7361 (43.98%)
Complex overlaps: 0 (0%)
Over-overlaps: 0 (0%)
Partial alignments written to output: 11787 (70.43%)

>>>>>>>>>>>>>>>>>>>>>>> mixcr extend <<<<<<<<<<<<<<<<<<<<<<<
Running:
mixcr extend --report /projects/rpci/songyao/pnfioric/arc_project/airr_calculation/tcr_quant/results/mixcr_RS-03899701.extend.report.txt --json-report /projects/rpci/songyao/pnfioric/arc_project/airr_calculation/tcr_quant/results/mixcr_RS-03899701.extend.report.json --threads 12 /projects/rpci/songyao/pnfioric/arc_project/airr_calculation/tcr_quant/results/mixcr_RS-03899701.passembled.2.vdjca /projects/rpci/songyao/pnfioric/arc_project/airr_calculation/tcr_quant/results/mixcr_RS-03899701.extended.vdjca
Extending alignments: 0%
====================== report: extend ======================
Analysis time: 177ms
Extended alignments count: 8 (0.05%)
V extensions total: 3 (0.02%)
V extensions with merged targets: 0 (0%)
J extensions total: 5 (0.03%)
J extensions with merged targets: 0 (0%)
V+J extensions: 0 (0%)
Mean V extension length: 4.333333333333333
Mean J extension length: 10.6

>>>>>>>>>>>>>>>>>>>>>> mixcr assemble <<<<<<<<<<<<<<<<<<<<<<
Running:
mixcr assemble --report /projects/rpci/songyao/pnfioric/arc_project/airr_calculation/tcr_quant/results/mixcr_RS-03899701.assemble.report.txt --json-report /projects/rpci/songyao/pnfioric/arc_project/airr_calculation/tcr_quant/results/mixcr_RS-03899701.assemble.report.json /projects/rpci/songyao/pnfioric/arc_project/airr_calculation/tcr_quant/results/mixcr_RS-03899701.extended.vdjca /projects/rpci/songyao/pnfioric/arc_project/airr_calculation/tcr_quant/results/mixcr_RS-03899701.clna
Initialization: progress unknown
Initialization: progress unknown
Writing alignments: 92.9%
===================== report: assemble =====================
Analysis time: 1.2s
Final clonotype count: 1172
Reads used in clonotypes, percent of total: 4828 (0.01%)
Average number of reads per clonotype: 4.12
Reads dropped due to the lack of a clone sequence, percent of total: 11951 (0.02%)
Reads dropped due to a too short clonal sequence, percent of total: 0 (0%)
Reads dropped due to low quality, percent of total: 0 (0%)
Reads dropped due to failed mapping, percent of total: 82 (0%)
Reads dropped with low quality clones, percent of total: 0 (0%)
Aligned reads processed: 4930
Reads used in clonotypes before clustering, percent of total: 4848 (0.01%)
Number of reads used as a core, percent of used: 4817 (99.36%)
Mapped low quality reads, percent of used: 31 (0.64%)
Reads clustered in PCR error correction, percent of used: 20 (0.41%)
Reads pre-clustered due to the similar VJC-lists, percent of used: 0 (0%)
Clonotypes dropped as low quality: 0
Clonotypes eliminated by PCR error correction: 14
Clonotypes pre-clustered due to the similar VJC-lists: 0
Clones dropped in post filtering: 0 (0%)
Reads dropped in post filtering: 0.0 (0%)
Reads filtered by tag prefix: 0 (0%)
TRA chains: 25 (2.13%)
TRA non-functional: 8 (32%)
TRB chains: 13 (1.11%)
TRB non-functional: 4 (30.77%)
TRD chains: 1 (0.09%)
TRD non-functional: 0 (0%)
TRG chains: 6 (0.51%)
TRG non-functional: 4 (66.67%)
IGH chains: 346 (29.52%)
IGH non-functional: 8 (2.31%)
IGK chains: 572 (48.81%)
IGK non-functional: 34 (5.94%)
IGL chains: 209 (17.83%)
IGL non-functional: 2 (0.96%)

>>>>>>>>>>>>>>>>>> mixcr assembleContigs <<<<<<<<<<<<<<<<<<
Running:
mixcr assembleContigs --report /projects/rpci/songyao/pnfioric/arc_project/airr_calculation/tcr_quant/results/mixcr_RS-03899701.assembleContigs.report.txt --json-report /projects/rpci/songyao/pnfioric/arc_project/airr_calculation/tcr_quant/results/mixcr_RS-03899701.assembleContigs.report.json --threads 12 /projects/rpci/songyao/pnfioric/arc_project/airr_calculation/tcr_quant/results/mixcr_RS-03899701.clna /projects/rpci/songyao/pnfioric/arc_project/airr_calculation/tcr_quant/results/mixcr_RS-03899701.contigs.clns
Assembling contigs: 0%
================= report: assembleContigs =================
Analysis time: 843ms
Initial clonotype count: 1172
Final clonotype count: 1172 (100%)
Canceled assemblies: 0 (0%)
Clones filtered out after assemble: 0 (0%)
Number of premature termination assembly events, percent of number of initial clonotypes: 0.0 (0%)
Longest contig length: 395
Clustered variants: 0 (0%)
Reads in clustered variants: 0.0 (0%)
Reads in divided (newly created) clones: 0.0 (0%)
Clones with ambiguous letters in splitting region: 0 (0%)
Reads in clones with ambiguous letters in splitting region: 0.0 (0%)
Average number of ambiguous letters per clone with ambiguous letters in splitting region: NaN
Clones combined after clustering: 0 (0%)

>>>>>>>>>>>>>>>>>>>>>>>>> mixcr qc <<<<<<<<<<<<<<<<<<<<<<<<<
Running:
mixcr qc --print-to-stdout /projects/rpci/songyao/pnfioric/arc_project/airr_calculation/tcr_quant/results/mixcr_RS-03899701.contigs.clns /projects/rpci/songyao/pnfioric/arc_project/airr_calculation/tcr_quant/results/mixcr_RS-03899701.qc.txt /projects/rpci/songyao/pnfioric/arc_project/airr_calculation/tcr_quant/results/mixcr_RS-03899701.qc.json

  Alignments dropped due to low sequence quality: 0.0% [OK]

>>>>>>>>>>>>>>>>>>>> mixcr exportClones <<<<<<<<<<<<<<<<<<<<
Running:
mixcr exportClones /projects/rpci/songyao/pnfioric/arc_project/airr_calculation/tcr_quant/results/mixcr_RS-03899701.contigs.clns /projects/rpci/songyao/pnfioric/arc_project/airr_calculation/tcr_quant/results/mixcr_RS-03899701.clones.tsv
Analysis finished successfully.
===============================
Visualize results and simplify your immune data analysis with a convenient UI.
Explore and install Platforma.bio here: https://platforma.bio
