WARNING: sun.reflect.Reflection.getCallerClass is not supported. This will impact performance.

>>>>>>>>>>>>>>>>>>>>>>> mixcr align <<<<<<<<<<<<<<<<<<<<<<<
Running:
mixcr align --report /projects/rpci/songyao/pnfioric/arc_project/airr_calculation/tcr_quant/results/mixcr_RS-04378713.align.report.txt --json-report /projects/rpci/songyao/pnfioric/arc_project/airr_calculation/tcr_quant/results/mixcr_RS-04378713.align.report.json --threads 12 --preset rna-seq --save-output-file-names /projects/rpci/songyao/pnfioric/arc_project/airr_calculation/tcr_quant/results/mixcr_RS-04378713.align.list.tsv --species hsa /projects/rpci/songyao/pnfioric/arc_project/airr_calculation/fastq_files/RS-04378713/RS-04378713_97S-0477-D_RS-04225392_S106_R1_001.fastq.gz /projects/rpci/songyao/pnfioric/arc_project/airr_calculation/fastq_files/RS-04378713/RS-04378713_97S-0477-D_RS-04225392_S106_R2_001.fastq.gz /projects/rpci/songyao/pnfioric/arc_project/airr_calculation/tcr_quant/results/mixcr_RS-04378713.alignments.vdjca
Alignment: 0%
Alignment: 2.2%  ETA: 01:26:58
Alignment: 4.5%  ETA: 01:24:10
Alignment: 6.8%  ETA: 01:20:42
Alignment: 9.2%  ETA: 01:18:02
Alignment: 11.5%  ETA: 01:16:41
Alignment: 13.8%  ETA: 01:14:02
Alignment: 16.1%  ETA: 01:12:03
Alignment: 18.4%  ETA: 01:10:39
Alignment: 20.8%  ETA: 01:08:04
Alignment: 23.1%  ETA: 01:06:04
Alignment: 25.4%  ETA: 01:03:29
Alignment: 27.7%  ETA: 01:03:10
Alignment: 30%  ETA: 01:00:36
Alignment: 32.3%  ETA: 00:59:09
Alignment: 34.6%  ETA: 00:57:09
Alignment: 36.9%  ETA: 00:55:38
Alignment: 39.2%  ETA: 00:52:13
Alignment: 41.5%  ETA: 00:51:08
Alignment: 43.8%  ETA: 00:48:40
Alignment: 46.1%  ETA: 00:47:07
Alignment: 48.4%  ETA: 00:44:43
Alignment: 50.7%  ETA: 00:43:29
Alignment: 53%  ETA: 00:41:06
Alignment: 55.2%  ETA: 00:39:06
Alignment: 57.6%  ETA: 00:36:45
Alignment: 59.8%  ETA: 00:35:05
Alignment: 62.1%  ETA: 00:33:05
Alignment: 64.4%  ETA: 00:31:04
Alignment: 66.7%  ETA: 00:28:49
Alignment: 69%  ETA: 00:27:04
Alignment: 71.4%  ETA: 00:24:36
Alignment: 73.7%  ETA: 00:22:49
Alignment: 75.9%  ETA: 00:21:01
Alignment: 78.2%  ETA: 00:19:12
Alignment: 80.5%  ETA: 00:17:12
Alignment: 82.8%  ETA: 00:15:03
Alignment: 85.1%  ETA: 00:12:55
Alignment: 87.4%  ETA: 00:10:55
Alignment: 89.7%  ETA: 00:09:01
Alignment: 92%  ETA: 00:06:51
Alignment: 94.3%  ETA: 00:04:59
Alignment: 96.6%  ETA: 00:02:53
Alignment: 99%  ETA: 00:00:53
====================== report: align ======================
Analysis time: 86.95m
Total sequencing reads: 110873954
Successfully aligned reads: 43541 (0.04%)
Coverage (percent of successfully aligned):
  CDR3: 10668 (24.5%)
  FR3_TO_FR4: 0 (0%)
  CDR2_TO_FR4: 0 (0%)
  FR2_TO_FR4: 0 (0%)
  CDR1_TO_FR4: 0 (0%)
  VDJRegion: 0 (0%)
Alignment failed: no hits (not TCR/IG?): 109255716 (98.54%)
Alignment failed: no CDR3 parts: 103685 (0.09%)
Alignment failed: low total score: 1471012 (1.33%)
Overlapped: 89983717 (81.16%)
Overlapped and aligned: 42959 (0.04%)
Overlapped and not aligned: 89940758 (81.12%)
Alignment-aided overlaps, percent of overlapped and aligned: 180 (0.42%)
No CDR3 parts alignments, percent of successfully aligned: 963 (2.21%)
Partial aligned reads, percent of successfully aligned: 31910 (73.29%)
V gene chimeras: 2 (0%)
Realigned with forced non-floating bound: 41780834 (37.68%)
Realigned with forced non-floating right bound in left read: 287 (0%)
Realigned with forced non-floating left bound in right read: 287 (0%)
TRA chains: 1740 (4%)
TRA non-functional: 10 (0.57%)
TRB chains: 716 (1.64%)
TRB non-functional: 0 (0%)
TRD chains: 14 (0.03%)
TRD non-functional: 0 (0%)
TRG chains: 48 (0.11%)
TRG non-functional: 0 (0%)
IGH chains: 17412 (39.99%)
IGH non-functional: 47 (0.27%)
TRAD chains: 31 (0.07%)
TRAD non-functional: 0 (0%)
IGK chains: 8088 (18.58%)
IGK non-functional: 397 (4.91%)
IGL chains: 15492 (35.58%)
IGL non-functional: 62 (0.4%)
Trimming report:
  R1 reads trimmed left: 129652 (0.12%)
  R1 reads trimmed right: 135804 (0.12%)
  Average R1 nucleotides trimmed left: 0.019855294418380715
  Average R1 nucleotides trimmed right: 0.021390416003383445
  R2 reads trimmed left: 128850 (0.12%)
  R2 reads trimmed right: 132659 (0.12%)
  Average R2 nucleotides trimmed left: 0.01960693130868229
  Average R2 nucleotides trimmed right: 0.020954867362266164

>>>>>>>>>>>>>>>>>> mixcr assemblePartial <<<<<<<<<<<<<<<<<<
Running:
mixcr assemblePartial --report /projects/rpci/songyao/pnfioric/arc_project/airr_calculation/tcr_quant/results/mixcr_RS-04378713.assemblePartial.report.txt --json-report /projects/rpci/songyao/pnfioric/arc_project/airr_calculation/tcr_quant/results/mixcr_RS-04378713.assemblePartial.report.json /projects/rpci/songyao/pnfioric/arc_project/airr_calculation/tcr_quant/results/mixcr_RS-04378713.alignments.vdjca /projects/rpci/songyao/pnfioric/arc_project/airr_calculation/tcr_quant/results/mixcr_RS-04378713.passembled.1.vdjca
Building index: 0%
Searching for overlaps: 0%
Searching for overlaps: 39.9%  ETA: 00:00:01
================= report: assemblePartial =================
Analysis time: 2.6s
Total alignments analysed: 43541
Number of output alignments: 43250 (99.33%)
Alignments already with CDR3 (no overlapping is performed): 11108 (25.51%)
Successfully overlapped alignments: 291 (0.67%)
Left parts with too small N-region (failed to extract k-mer): 11188 (25.7%)
Extracted k-mer diversity: 5006
Dropped due to wildcard in k-mer: 0 (0%)
Dropped due to too short NRegion parts in overlap: 411 (0.94%)
Dropped overlaps with empty N region due to no complete NDN coverage: 0 (0%)
Number of left-side alignments: 4916 (11.29%)
Number of right-side alignments: 16336 (37.52%)
Complex overlaps: 0 (0%)
Over-overlaps: 0 (0%)
Partial alignments written to output: 31851 (73.15%)

>>>>>>>>>>>>>>>>>> mixcr assemblePartial <<<<<<<<<<<<<<<<<<
Running:
mixcr assemblePartial --report /projects/rpci/songyao/pnfioric/arc_project/airr_calculation/tcr_quant/results/mixcr_RS-04378713.assemblePartial.report.txt --json-report /projects/rpci/songyao/pnfioric/arc_project/airr_calculation/tcr_quant/results/mixcr_RS-04378713.assemblePartial.report.json /projects/rpci/songyao/pnfioric/arc_project/airr_calculation/tcr_quant/results/mixcr_RS-04378713.passembled.1.vdjca /projects/rpci/songyao/pnfioric/arc_project/airr_calculation/tcr_quant/results/mixcr_RS-04378713.passembled.2.vdjca
Building index: 0%
Searching for overlaps: 0%
================= report: assemblePartial =================
Analysis time: 1.19s
Total alignments analysed: 43250
Number of output alignments: 43250 (100%)
Alignments already with CDR3 (no overlapping is performed): 11399 (26.36%)
Successfully overlapped alignments: 0 (0%)
Left parts with too small N-region (failed to extract k-mer): 11188 (25.87%)
Extracted k-mer diversity: 4930
Dropped due to wildcard in k-mer: 0 (0%)
Dropped due to too short NRegion parts in overlap: 351 (0.81%)
Dropped overlaps with empty N region due to no complete NDN coverage: 0 (0%)
Number of left-side alignments: 4625 (10.69%)
Number of right-side alignments: 16045 (37.1%)
Complex overlaps: 0 (0%)
Over-overlaps: 0 (0%)
Partial alignments written to output: 31851 (73.64%)

>>>>>>>>>>>>>>>>>>>>>>> mixcr extend <<<<<<<<<<<<<<<<<<<<<<<
Running:
mixcr extend --report /projects/rpci/songyao/pnfioric/arc_project/airr_calculation/tcr_quant/results/mixcr_RS-04378713.extend.report.txt --json-report /projects/rpci/songyao/pnfioric/arc_project/airr_calculation/tcr_quant/results/mixcr_RS-04378713.extend.report.json --threads 12 /projects/rpci/songyao/pnfioric/arc_project/airr_calculation/tcr_quant/results/mixcr_RS-04378713.passembled.2.vdjca /projects/rpci/songyao/pnfioric/arc_project/airr_calculation/tcr_quant/results/mixcr_RS-04378713.extended.vdjca
Extending alignments: 0%
====================== report: extend ======================
Analysis time: 533ms
Extended alignments count: 0 (0%)
V extensions total: 0 (0%)
V extensions with merged targets: 0 (0%)
J extensions total: 0 (0%)
J extensions with merged targets: 0 (0%)
V+J extensions: 0 (0%)
Mean V extension length: NaN
Mean J extension length: NaN

>>>>>>>>>>>>>>>>>>>>>> mixcr assemble <<<<<<<<<<<<<<<<<<<<<<
Running:
mixcr assemble --report /projects/rpci/songyao/pnfioric/arc_project/airr_calculation/tcr_quant/results/mixcr_RS-04378713.assemble.report.txt --json-report /projects/rpci/songyao/pnfioric/arc_project/airr_calculation/tcr_quant/results/mixcr_RS-04378713.assemble.report.json /projects/rpci/songyao/pnfioric/arc_project/airr_calculation/tcr_quant/results/mixcr_RS-04378713.extended.vdjca /projects/rpci/songyao/pnfioric/arc_project/airr_calculation/tcr_quant/results/mixcr_RS-04378713.clna
Initialization: progress unknown
Building clones: 65.2%
Initialization: progress unknown
Writing alignments: 1.9%
Writing alignments: 90.9%  ETA: 00:00:00
===================== report: assemble =====================
Analysis time: 2.05s
Final clonotype count: 713
Reads used in clonotypes, percent of total: 11175 (0.01%)
Average number of reads per clonotype: 15.67
Reads dropped due to the lack of a clone sequence, percent of total: 32291 (0.03%)
Reads dropped due to a too short clonal sequence, percent of total: 0 (0%)
Reads dropped due to low quality, percent of total: 0 (0%)
Reads dropped due to failed mapping, percent of total: 48 (0%)
Reads dropped with low quality clones, percent of total: 0 (0%)
Aligned reads processed: 11250
Reads used in clonotypes before clustering, percent of total: 11202 (0.01%)
Number of reads used as a core, percent of used: 11144 (99.48%)
Mapped low quality reads, percent of used: 58 (0.52%)
Reads clustered in PCR error correction, percent of used: 27 (0.24%)
Reads pre-clustered due to the similar VJC-lists, percent of used: 0 (0%)
Clonotypes dropped as low quality: 0
Clonotypes eliminated by PCR error correction: 18
Clonotypes pre-clustered due to the similar VJC-lists: 0
Clones dropped in post filtering: 0 (0%)
Reads dropped in post filtering: 0.0 (0%)
Reads filtered by tag prefix: 0 (0%)
TRA chains: 6 (0.84%)
TRA non-functional: 1 (16.67%)
TRB chains: 5 (0.7%)
TRB non-functional: 0 (0%)
IGH chains: 225 (31.56%)
IGH non-functional: 6 (2.67%)
IGK chains: 293 (41.09%)
IGK non-functional: 37 (12.63%)
IGL chains: 184 (25.81%)
IGL non-functional: 7 (3.8%)

>>>>>>>>>>>>>>>>>> mixcr assembleContigs <<<<<<<<<<<<<<<<<<
Running:
mixcr assembleContigs --report /projects/rpci/songyao/pnfioric/arc_project/airr_calculation/tcr_quant/results/mixcr_RS-04378713.assembleContigs.report.txt --json-report /projects/rpci/songyao/pnfioric/arc_project/airr_calculation/tcr_quant/results/mixcr_RS-04378713.assembleContigs.report.json --threads 12 /projects/rpci/songyao/pnfioric/arc_project/airr_calculation/tcr_quant/results/mixcr_RS-04378713.clna /projects/rpci/songyao/pnfioric/arc_project/airr_calculation/tcr_quant/results/mixcr_RS-04378713.contigs.clns
Assembling contigs: 0%
================= report: assembleContigs =================
Analysis time: 1.01s
Initial clonotype count: 713
Final clonotype count: 713 (100%)
Canceled assemblies: 0 (0%)
Clones filtered out after assemble: 0 (0%)
Number of premature termination assembly events, percent of number of initial clonotypes: 0.0 (0%)
Longest contig length: 345
Clustered variants: 0 (0%)
Reads in clustered variants: 0.0 (0%)
Reads in divided (newly created) clones: 0.0 (0%)
Clones with ambiguous letters in splitting region: 0 (0%)
Reads in clones with ambiguous letters in splitting region: 0.0 (0%)
Average number of ambiguous letters per clone with ambiguous letters in splitting region: NaN
Clones combined after clustering: 0 (0%)

>>>>>>>>>>>>>>>>>>>>>>>>> mixcr qc <<<<<<<<<<<<<<<<<<<<<<<<<
Running:
mixcr qc --print-to-stdout /projects/rpci/songyao/pnfioric/arc_project/airr_calculation/tcr_quant/results/mixcr_RS-04378713.contigs.clns /projects/rpci/songyao/pnfioric/arc_project/airr_calculation/tcr_quant/results/mixcr_RS-04378713.qc.txt /projects/rpci/songyao/pnfioric/arc_project/airr_calculation/tcr_quant/results/mixcr_RS-04378713.qc.json

  Alignments dropped due to low sequence quality: 0.0% [OK]

>>>>>>>>>>>>>>>>>>>> mixcr exportClones <<<<<<<<<<<<<<<<<<<<
Running:
mixcr exportClones /projects/rpci/songyao/pnfioric/arc_project/airr_calculation/tcr_quant/results/mixcr_RS-04378713.contigs.clns /projects/rpci/songyao/pnfioric/arc_project/airr_calculation/tcr_quant/results/mixcr_RS-04378713.clones.tsv
Analysis finished successfully.
===============================
Visualize results and simplify your immune data analysis with a convenient UI.
Explore and install Platforma.bio here: https://platforma.bio
