Exporting TRB
Exporting clones: 100%
Filtered 1 of 43 clones (97.67%).
Filtered 5.0 of 169.0 reads (97.04%).
Exporting TRA
Exporting clones: 50%
Filtered 2 of 43 clones (95.35%).
Filtered 8.0 of 169.0 reads (95.27%).
Exporting IGH
Exporting clones: 7.1%
Filtered 14 of 43 clones (67.44%).
Filtered 46.0 of 169.0 reads (72.78%).
Exporting TRG
Exporting clones: 100%
Filtered 1 of 43 clones (97.67%).
Filtered 1.0 of 169.0 reads (99.41%).
Exporting IGL
Exporting clones: 12.5%
Filtered 8 of 43 clones (81.4%).
Filtered 47.0 of 169.0 reads (72.19%).
Exporting IGK
Exporting clones: 5.9%
Filtered 17 of 43 clones (60.47%).
Filtered 62.0 of 169.0 reads (63.31%).
