WARNING: sun.reflect.Reflection.getCallerClass is not supported. This will impact performance.

>>>>>>>>>>>>>>>>>>>>>>> mixcr align <<<<<<<<<<<<<<<<<<<<<<<
Running:
mixcr align --report /projects/rpci/songyao/pnfioric/arc_project/airr_calculation/tcr_quant/results/mixcr_RS-04378719.align.report.txt --json-report /projects/rpci/songyao/pnfioric/arc_project/airr_calculation/tcr_quant/results/mixcr_RS-04378719.align.report.json --threads 12 --preset rna-seq --save-output-file-names /projects/rpci/songyao/pnfioric/arc_project/airr_calculation/tcr_quant/results/mixcr_RS-04378719.align.list.tsv --species hsa /projects/rpci/songyao/pnfioric/arc_project/airr_calculation/fastq_files/RS-04378719/RS-04378719_167_RS-04074449_S112_R1_001.fastq.gz /projects/rpci/songyao/pnfioric/arc_project/airr_calculation/fastq_files/RS-04378719/RS-04378719_167_RS-04074449_S112_R2_001.fastq.gz /projects/rpci/songyao/pnfioric/arc_project/airr_calculation/tcr_quant/results/mixcr_RS-04378719.alignments.vdjca
Alignment: 0%
Alignment: 3.7%  ETA: 00:51:43
Alignment: 7.4%  ETA: 00:50:12
Alignment: 11.2%  ETA: 00:47:17
Alignment: 14.8%  ETA: 00:46:37
Alignment: 18.6%  ETA: 00:43:20
Alignment: 22.3%  ETA: 00:41:44
Alignment: 26.1%  ETA: 00:39:21
Alignment: 29.7%  ETA: 00:38:28
Alignment: 33.4%  ETA: 00:36:06
Alignment: 37%  ETA: 00:35:30
Alignment: 40.7%  ETA: 00:31:52
Alignment: 44%  ETA: 00:33:28
Alignment: 47.3%  ETA: 00:32:11
Alignment: 50.6%  ETA: 00:29:50
Alignment: 54%  ETA: 00:27:32
Alignment: 57.2%  ETA: 00:26:07
Alignment: 60.5%  ETA: 00:23:50
Alignment: 63.8%  ETA: 00:22:05
Alignment: 67.2%  ETA: 00:19:25
Alignment: 70.5%  ETA: 00:18:01
Alignment: 73.8%  ETA: 00:16:01
Alignment: 77.1%  ETA: 00:13:51
Alignment: 80.3%  ETA: 00:12:00
Alignment: 83.6%  ETA: 00:09:53
Alignment: 86.9%  ETA: 00:08:05
Alignment: 90.2%  ETA: 00:05:50
Alignment: 93.6%  ETA: 00:03:50
Alignment: 96.9%  ETA: 00:01:52
====================== report: align ======================
Analysis time: 57.93m
Total sequencing reads: 58550524
Successfully aligned reads: 3308 (0.01%)
Coverage (percent of successfully aligned):
  CDR3: 18 (0.54%)
  FR3_TO_FR4: 0 (0%)
  CDR2_TO_FR4: 0 (0%)
  FR2_TO_FR4: 0 (0%)
  CDR1_TO_FR4: 0 (0%)
  VDJRegion: 0 (0%)
Alignment failed: no hits (not TCR/IG?): 52569079 (89.78%)
Alignment failed: no CDR3 parts: 65252 (0.11%)
Alignment failed: low total score: 5912885 (10.1%)
Overlapped: 55512870 (94.81%)
Overlapped and aligned: 3173 (0.01%)
Overlapped and not aligned: 55509697 (94.81%)
Alignment-aided overlaps, percent of overlapped and aligned: 59 (1.86%)
No CDR3 parts alignments, percent of successfully aligned: 60 (1.81%)
Partial aligned reads, percent of successfully aligned: 3230 (97.64%)
V gene chimeras: 6 (0%)
J gene chimeras: 9 (0%)
Realigned with forced non-floating bound: 6075426 (10.38%)
Realigned with forced non-floating right bound in left read: 3417 (0.01%)
Realigned with forced non-floating left bound in right read: 3417 (0.01%)
TRA chains: 539 (16.29%)
TRA non-functional: 0 (0%)
TRB chains: 641 (19.38%)
TRB non-functional: 0 (0%)
TRD chains: 41 (1.24%)
TRD non-functional: 0 (0%)
TRG chains: 89 (2.69%)
TRG non-functional: 0 (0%)
IGH chains: 961 (29.05%)
IGH non-functional: 2 (0.21%)
TRAD chains: 200 (6.05%)
TRAD non-functional: 0 (0%)
IGK chains: 396 (11.97%)
IGK non-functional: 7 (1.77%)
IGL chains: 441 (13.33%)
IGL non-functional: 0 (0%)
Trimming report:
  R1 reads trimmed left: 302686 (0.52%)
  R1 reads trimmed right: 310297 (0.53%)
  Average R1 nucleotides trimmed left: 0.08786155355330381
  Average R1 nucleotides trimmed right: 0.09359374819600248
  R2 reads trimmed left: 298370 (0.51%)
  R2 reads trimmed right: 304722 (0.52%)
  Average R2 nucleotides trimmed left: 0.08647388023376187
  Average R2 nucleotides trimmed right: 0.09195512921455665

>>>>>>>>>>>>>>>>>> mixcr assemblePartial <<<<<<<<<<<<<<<<<<
Running:
mixcr assemblePartial --report /projects/rpci/songyao/pnfioric/arc_project/airr_calculation/tcr_quant/results/mixcr_RS-04378719.assemblePartial.report.txt --json-report /projects/rpci/songyao/pnfioric/arc_project/airr_calculation/tcr_quant/results/mixcr_RS-04378719.assemblePartial.report.json /projects/rpci/songyao/pnfioric/arc_project/airr_calculation/tcr_quant/results/mixcr_RS-04378719.alignments.vdjca /projects/rpci/songyao/pnfioric/arc_project/airr_calculation/tcr_quant/results/mixcr_RS-04378719.passembled.1.vdjca
Building index: 0%
Searching for overlaps: 0%
================= report: assemblePartial =================
Analysis time: 316ms
Total alignments analysed: 3308
Number of output alignments: 3308 (100%)
Alignments already with CDR3 (no overlapping is performed): 30 (0.91%)
Successfully overlapped alignments: 0 (0%)
Left parts with too small N-region (failed to extract k-mer): 638 (19.29%)
Extracted k-mer diversity: 6901
Dropped due to wildcard in k-mer: 0 (0%)
Dropped due to too short NRegion parts in overlap: 0 (0%)
Dropped overlaps with empty N region due to no complete NDN coverage: 0 (0%)
Number of left-side alignments: 1278 (38.63%)
Number of right-side alignments: 1365 (41.26%)
Complex overlaps: 0 (0%)
Over-overlaps: 0 (0%)
Partial alignments written to output: 3278 (99.09%)

>>>>>>>>>>>>>>>>>> mixcr assemblePartial <<<<<<<<<<<<<<<<<<
Running:
mixcr assemblePartial --report /projects/rpci/songyao/pnfioric/arc_project/airr_calculation/tcr_quant/results/mixcr_RS-04378719.assemblePartial.report.txt --json-report /projects/rpci/songyao/pnfioric/arc_project/airr_calculation/tcr_quant/results/mixcr_RS-04378719.assemblePartial.report.json /projects/rpci/songyao/pnfioric/arc_project/airr_calculation/tcr_quant/results/mixcr_RS-04378719.passembled.1.vdjca /projects/rpci/songyao/pnfioric/arc_project/airr_calculation/tcr_quant/results/mixcr_RS-04378719.passembled.2.vdjca
Building index: 0%
Searching for overlaps: 0.1%
================= report: assemblePartial =================
Analysis time: 87ms
Total alignments analysed: 3308
Number of output alignments: 3308 (100%)
Alignments already with CDR3 (no overlapping is performed): 30 (0.91%)
Successfully overlapped alignments: 0 (0%)
Left parts with too small N-region (failed to extract k-mer): 638 (19.29%)
Extracted k-mer diversity: 6901
Dropped due to wildcard in k-mer: 0 (0%)
Dropped due to too short NRegion parts in overlap: 0 (0%)
Dropped overlaps with empty N region due to no complete NDN coverage: 0 (0%)
Number of left-side alignments: 1278 (38.63%)
Number of right-side alignments: 1365 (41.26%)
Complex overlaps: 0 (0%)
Over-overlaps: 0 (0%)
Partial alignments written to output: 3278 (99.09%)

>>>>>>>>>>>>>>>>>>>>>>> mixcr extend <<<<<<<<<<<<<<<<<<<<<<<
Running:
mixcr extend --report /projects/rpci/songyao/pnfioric/arc_project/airr_calculation/tcr_quant/results/mixcr_RS-04378719.extend.report.txt --json-report /projects/rpci/songyao/pnfioric/arc_project/airr_calculation/tcr_quant/results/mixcr_RS-04378719.extend.report.json --threads 12 /projects/rpci/songyao/pnfioric/arc_project/airr_calculation/tcr_quant/results/mixcr_RS-04378719.passembled.2.vdjca /projects/rpci/songyao/pnfioric/arc_project/airr_calculation/tcr_quant/results/mixcr_RS-04378719.extended.vdjca
Extending alignments: 0%
====================== report: extend ======================
Analysis time: 29ms
Extended alignments count: 0 (0%)
V extensions total: 0 (0%)
V extensions with merged targets: 0 (0%)
J extensions total: 0 (0%)
J extensions with merged targets: 0 (0%)
V+J extensions: 0 (0%)
Mean V extension length: NaN
Mean J extension length: NaN

>>>>>>>>>>>>>>>>>>>>>> mixcr assemble <<<<<<<<<<<<<<<<<<<<<<
Running:
mixcr assemble --report /projects/rpci/songyao/pnfioric/arc_project/airr_calculation/tcr_quant/results/mixcr_RS-04378719.assemble.report.txt --json-report /projects/rpci/songyao/pnfioric/arc_project/airr_calculation/tcr_quant/results/mixcr_RS-04378719.assemble.report.json /projects/rpci/songyao/pnfioric/arc_project/airr_calculation/tcr_quant/results/mixcr_RS-04378719.extended.vdjca /projects/rpci/songyao/pnfioric/arc_project/airr_calculation/tcr_quant/results/mixcr_RS-04378719.clna
Initialization: progress unknown
Initialization: progress unknown
===================== report: assemble =====================
Analysis time: 307ms
Final clonotype count: 5
Reads used in clonotypes, percent of total: 18 (0%)
Average number of reads per clonotype: 3.6
Reads dropped due to the lack of a clone sequence, percent of total: 3290 (0.01%)
Reads dropped due to a too short clonal sequence, percent of total: 0 (0%)
Reads dropped due to low quality, percent of total: 0 (0%)
Reads dropped due to failed mapping, percent of total: 0 (0%)
Reads dropped with low quality clones, percent of total: 0 (0%)
Aligned reads processed: 18
Reads used in clonotypes before clustering, percent of total: 18 (0%)
Number of reads used as a core, percent of used: 18 (100%)
Mapped low quality reads, percent of used: 0 (0%)
Reads clustered in PCR error correction, percent of used: 0 (0%)
Reads pre-clustered due to the similar VJC-lists, percent of used: 0 (0%)
Clonotypes dropped as low quality: 0
Clonotypes eliminated by PCR error correction: 0
Clonotypes pre-clustered due to the similar VJC-lists: 0
Clones dropped in post filtering: 0 (0%)
Reads dropped in post filtering: 0.0 (0%)
Reads filtered by tag prefix: 0 (0%)
IGH chains: 2 (40%)
IGH non-functional: 1 (50%)
IGK chains: 3 (60%)
IGK non-functional: 1 (33.33%)

>>>>>>>>>>>>>>>>>> mixcr assembleContigs <<<<<<<<<<<<<<<<<<
Running:
mixcr assembleContigs --report /projects/rpci/songyao/pnfioric/arc_project/airr_calculation/tcr_quant/results/mixcr_RS-04378719.assembleContigs.report.txt --json-report /projects/rpci/songyao/pnfioric/arc_project/airr_calculation/tcr_quant/results/mixcr_RS-04378719.assembleContigs.report.json --threads 12 /projects/rpci/songyao/pnfioric/arc_project/airr_calculation/tcr_quant/results/mixcr_RS-04378719.clna /projects/rpci/songyao/pnfioric/arc_project/airr_calculation/tcr_quant/results/mixcr_RS-04378719.contigs.clns
Assembling contigs: 0%
================= report: assembleContigs =================
Analysis time: 104ms
Initial clonotype count: 5
Final clonotype count: 5 (100%)
Canceled assemblies: 0 (0%)
Clones filtered out after assemble: 0 (0%)
Number of premature termination assembly events, percent of number of initial clonotypes: 0.0 (0%)
Longest contig length: 161
Clustered variants: 0 (0%)
Reads in clustered variants: 0.0 (0%)
Reads in divided (newly created) clones: 0.0 (0%)
Clones with ambiguous letters in splitting region: 0 (0%)
Reads in clones with ambiguous letters in splitting region: 0.0 (0%)
Average number of ambiguous letters per clone with ambiguous letters in splitting region: NaN
Clones combined after clustering: 0 (0%)

>>>>>>>>>>>>>>>>>>>>>>>>> mixcr qc <<<<<<<<<<<<<<<<<<<<<<<<<
Running:
mixcr qc --print-to-stdout /projects/rpci/songyao/pnfioric/arc_project/airr_calculation/tcr_quant/results/mixcr_RS-04378719.contigs.clns /projects/rpci/songyao/pnfioric/arc_project/airr_calculation/tcr_quant/results/mixcr_RS-04378719.qc.txt /projects/rpci/songyao/pnfioric/arc_project/airr_calculation/tcr_quant/results/mixcr_RS-04378719.qc.json

  Alignments dropped due to low sequence quality: 0.0% [OK]

>>>>>>>>>>>>>>>>>>>> mixcr exportClones <<<<<<<<<<<<<<<<<<<<
Running:
mixcr exportClones /projects/rpci/songyao/pnfioric/arc_project/airr_calculation/tcr_quant/results/mixcr_RS-04378719.contigs.clns /projects/rpci/songyao/pnfioric/arc_project/airr_calculation/tcr_quant/results/mixcr_RS-04378719.clones.tsv
Analysis finished successfully.
===============================
Visualize results and simplify your immune data analysis with a convenient UI.
Explore and install Platforma.bio here: https://platforma.bio
