Exporting TRB
Exporting clones: 50%
Filtered 2 of 93 clones (97.85%).
Filtered 6.0 of 254.0 reads (97.64%).
Exporting TRA
Exporting clones: 33.3%
Filtered 3 of 93 clones (96.77%).
Filtered 3.0 of 254.0 reads (98.82%).
Exporting IGH
Exporting clones: 3.8%
Filtered 26 of 93 clones (72.04%).
Filtered 71.0 of 254.0 reads (72.05%).
Exporting IGL
Exporting clones: 4.8%
Filtered 21 of 93 clones (77.42%).
Filtered 56.0 of 254.0 reads (77.95%).
Exporting IGK
Exporting clones: 2.4%
Filtered 41 of 93 clones (55.91%).
Filtered 118.0 of 254.0 reads (53.54%).
