Exporting TRB
Exporting clones: 100%
Filtered 1 of 123 clones (99.19%).
Filtered 1.0 of 211.0 reads (99.53%).
Exporting TRA
Exporting clones: 50%
Filtered 2 of 123 clones (98.37%).
Filtered 4.0 of 211.0 reads (98.1%).
Exporting IGH
Exporting clones: 3.6%
Filtered 28 of 123 clones (77.24%).
Filtered 51.0 of 211.0 reads (75.83%).
Exporting TRG
Exporting clones: 100%
Filtered 1 of 123 clones (99.19%).
Filtered 1.0 of 211.0 reads (99.53%).
Exporting IGL
Exporting clones: 3.6%
Filtered 28 of 123 clones (77.24%).
Filtered 41.0 of 211.0 reads (80.57%).
Exporting IGK
Exporting clones: 1.6%
Filtered 63 of 123 clones (48.78%).
Filtered 113.0 of 211.0 reads (46.45%).
