Exporting TRB
Exporting clones: 5.3%
Filtered 19 of 820 clones (97.68%).
Filtered 78.0 of 4780.0 reads (98.37%).
Exporting TRA
Exporting clones: 5.3%
Filtered 19 of 820 clones (97.68%).
Filtered 47.0 of 4780.0 reads (99.02%).
Exporting IGH
Exporting clones: 0.5%
Filtered 215 of 820 clones (73.78%).
Filtered 1236.0 of 4780.0 reads (74.14%).
Exporting TRG
Exporting clones: 25%
Filtered 4 of 820 clones (99.51%).
Filtered 24.0 of 4780.0 reads (99.5%).
Exporting IGL
Exporting clones: 1%
Filtered 197 of 820 clones (75.98%).
Filtered 1125.0 of 4780.0 reads (76.46%).
Exporting IGK
Exporting clones: 0.3%
Filtered 366 of 820 clones (55.37%).
Filtered 2270.0 of 4780.0 reads (52.51%).
