WARNING: sun.reflect.Reflection.getCallerClass is not supported. This will impact performance.

>>>>>>>>>>>>>>>>>>>>>>> mixcr align <<<<<<<<<<<<<<<<<<<<<<<
Running:
mixcr align --report /projects/rpci/songyao/pnfioric/arc_project/airr_calculation/tcr_quant/results/mixcr_RS-04378731.align.report.txt --json-report /projects/rpci/songyao/pnfioric/arc_project/airr_calculation/tcr_quant/results/mixcr_RS-04378731.align.report.json --threads 12 --preset rna-seq --save-output-file-names /projects/rpci/songyao/pnfioric/arc_project/airr_calculation/tcr_quant/results/mixcr_RS-04378731.align.list.tsv --species hsa /projects/rpci/songyao/pnfioric/arc_project/airr_calculation/fastq_files/RS-04378731/RS-04378731_SROS08012274-A2_RS-04262472_S124_R1_001.fastq.gz /projects/rpci/songyao/pnfioric/arc_project/airr_calculation/fastq_files/RS-04378731/RS-04378731_SROS08012274-A2_RS-04262472_S124_R2_001.fastq.gz /projects/rpci/songyao/pnfioric/arc_project/airr_calculation/tcr_quant/results/mixcr_RS-04378731.alignments.vdjca
Alignment: 0%
Alignment: 3.4%  ETA: 00:56:17
Alignment: 6.9%  ETA: 00:53:19
Alignment: 10.4%  ETA: 00:51:46
Alignment: 13.9%  ETA: 00:49:20
Alignment: 17.4%  ETA: 00:47:20
Alignment: 20.9%  ETA: 00:45:20
Alignment: 24.4%  ETA: 00:43:20
Alignment: 27.8%  ETA: 00:42:27
Alignment: 31.2%  ETA: 00:40:05
Alignment: 34.7%  ETA: 00:37:25
Alignment: 38.1%  ETA: 00:36:03
Alignment: 41.6%  ETA: 00:33:27
Alignment: 45.1%  ETA: 00:31:27
Alignment: 48.6%  ETA: 00:29:43
Alignment: 52%  ETA: 00:28:14
Alignment: 55.3%  ETA: 00:26:28
Alignment: 58.9%  ETA: 00:23:22
Alignment: 62.3%  ETA: 00:21:58
Alignment: 65.8%  ETA: 00:19:47
Alignment: 69.3%  ETA: 00:17:27
Alignment: 72.7%  ETA: 00:15:54
Alignment: 76.2%  ETA: 00:13:38
Alignment: 79.6%  ETA: 00:11:59
Alignment: 83%  ETA: 00:09:53
Alignment: 86.5%  ETA: 00:07:53
Alignment: 89.7%  ETA: 00:06:18
Alignment: 93.2%  ETA: 00:03:59
Alignment: 96.7%  ETA: 00:01:55
====================== report: align ======================
Analysis time: 57.99m
Total sequencing reads: 65841916
Successfully aligned reads: 2028 (0%)
Coverage (percent of successfully aligned):
  CDR3: 321 (15.83%)
  FR3_TO_FR4: 2 (0.1%)
  CDR2_TO_FR4: 2 (0.1%)
  FR2_TO_FR4: 0 (0%)
  CDR1_TO_FR4: 0 (0%)
  VDJRegion: 0 (0%)
Alignment failed: no hits (not TCR/IG?): 64164058 (97.45%)
Alignment failed: no CDR3 parts: 23631 (0.04%)
Alignment failed: low total score: 1652199 (2.51%)
Overlapped: 61128308 (92.84%)
Overlapped and aligned: 1952 (0%)
Overlapped and not aligned: 61126356 (92.84%)
Alignment-aided overlaps, percent of overlapped and aligned: 17 (0.87%)
No CDR3 parts alignments, percent of successfully aligned: 22 (1.08%)
Partial aligned reads, percent of successfully aligned: 1685 (83.09%)
Realigned with forced non-floating bound: 9427250 (14.32%)
Realigned with forced non-floating right bound in left read: 559 (0%)
Realigned with forced non-floating left bound in right read: 559 (0%)
TRA chains: 617 (30.42%)
TRA non-functional: 0 (0%)
TRB chains: 144 (7.1%)
TRB non-functional: 0 (0%)
TRD chains: 4 (0.2%)
TRD non-functional: 0 (0%)
TRG chains: 53 (2.61%)
TRG non-functional: 5 (9.43%)
IGH chains: 493 (24.31%)
IGH non-functional: 3 (0.61%)
TRAD chains: 9 (0.44%)
TRAD non-functional: 0 (0%)
IGK chains: 262 (12.92%)
IGK non-functional: 16 (6.11%)
IGL chains: 446 (21.99%)
IGL non-functional: 5 (1.12%)
Trimming report:
  R1 reads trimmed left: 55036 (0.08%)
  R1 reads trimmed right: 57263 (0.09%)
  Average R1 nucleotides trimmed left: 0.014191279002269618
  Average R1 nucleotides trimmed right: 0.015250330807505662
  R2 reads trimmed left: 55083 (0.08%)
  R2 reads trimmed right: 56093 (0.09%)
  Average R2 nucleotides trimmed left: 0.014070231492048318
  Average R2 nucleotides trimmed right: 0.014983175762989643

>>>>>>>>>>>>>>>>>> mixcr assemblePartial <<<<<<<<<<<<<<<<<<
Running:
mixcr assemblePartial --report /projects/rpci/songyao/pnfioric/arc_project/airr_calculation/tcr_quant/results/mixcr_RS-04378731.assemblePartial.report.txt --json-report /projects/rpci/songyao/pnfioric/arc_project/airr_calculation/tcr_quant/results/mixcr_RS-04378731.assemblePartial.report.json /projects/rpci/songyao/pnfioric/arc_project/airr_calculation/tcr_quant/results/mixcr_RS-04378731.alignments.vdjca /projects/rpci/songyao/pnfioric/arc_project/airr_calculation/tcr_quant/results/mixcr_RS-04378731.passembled.1.vdjca
Building index: 0%
Searching for overlaps: 0%
================= report: assemblePartial =================
Analysis time: 307ms
Total alignments analysed: 2028
Number of output alignments: 2021 (99.65%)
Alignments already with CDR3 (no overlapping is performed): 325 (16.03%)
Successfully overlapped alignments: 7 (0.35%)
Left parts with too small N-region (failed to extract k-mer): 258 (12.72%)
Extracted k-mer diversity: 1357
Dropped due to wildcard in k-mer: 0 (0%)
Dropped due to too short NRegion parts in overlap: 1 (0.05%)
Dropped overlaps with empty N region due to no complete NDN coverage: 0 (0%)
Number of left-side alignments: 298 (14.69%)
Number of right-side alignments: 1148 (56.61%)
Complex overlaps: 0 (0%)
Over-overlaps: 0 (0%)
Partial alignments written to output: 1689 (83.28%)

>>>>>>>>>>>>>>>>>> mixcr assemblePartial <<<<<<<<<<<<<<<<<<
Running:
mixcr assemblePartial --report /projects/rpci/songyao/pnfioric/arc_project/airr_calculation/tcr_quant/results/mixcr_RS-04378731.assemblePartial.report.txt --json-report /projects/rpci/songyao/pnfioric/arc_project/airr_calculation/tcr_quant/results/mixcr_RS-04378731.assemblePartial.report.json /projects/rpci/songyao/pnfioric/arc_project/airr_calculation/tcr_quant/results/mixcr_RS-04378731.passembled.1.vdjca /projects/rpci/songyao/pnfioric/arc_project/airr_calculation/tcr_quant/results/mixcr_RS-04378731.passembled.2.vdjca
Building index: 0%
Searching for overlaps: 0.1%
================= report: assemblePartial =================
Analysis time: 105ms
Total alignments analysed: 2021
Number of output alignments: 2021 (100%)
Alignments already with CDR3 (no overlapping is performed): 332 (16.43%)
Successfully overlapped alignments: 0 (0%)
Left parts with too small N-region (failed to extract k-mer): 258 (12.77%)
Extracted k-mer diversity: 1357
Dropped due to wildcard in k-mer: 0 (0%)
Dropped due to too short NRegion parts in overlap: 1 (0.05%)
Dropped overlaps with empty N region due to no complete NDN coverage: 0 (0%)
Number of left-side alignments: 291 (14.4%)
Number of right-side alignments: 1141 (56.46%)
Complex overlaps: 0 (0%)
Over-overlaps: 0 (0%)
Partial alignments written to output: 1689 (83.57%)

>>>>>>>>>>>>>>>>>>>>>>> mixcr extend <<<<<<<<<<<<<<<<<<<<<<<
Running:
mixcr extend --report /projects/rpci/songyao/pnfioric/arc_project/airr_calculation/tcr_quant/results/mixcr_RS-04378731.extend.report.txt --json-report /projects/rpci/songyao/pnfioric/arc_project/airr_calculation/tcr_quant/results/mixcr_RS-04378731.extend.report.json --threads 12 /projects/rpci/songyao/pnfioric/arc_project/airr_calculation/tcr_quant/results/mixcr_RS-04378731.passembled.2.vdjca /projects/rpci/songyao/pnfioric/arc_project/airr_calculation/tcr_quant/results/mixcr_RS-04378731.extended.vdjca
Extending alignments: 0%
====================== report: extend ======================
Analysis time: 25ms
Extended alignments count: 1 (0.05%)
V extensions total: 0 (0%)
V extensions with merged targets: 0 (0%)
J extensions total: 1 (0.05%)
J extensions with merged targets: 0 (0%)
V+J extensions: 0 (0%)
Mean V extension length: NaN
Mean J extension length: 8.0

>>>>>>>>>>>>>>>>>>>>>> mixcr assemble <<<<<<<<<<<<<<<<<<<<<<
Running:
mixcr assemble --report /projects/rpci/songyao/pnfioric/arc_project/airr_calculation/tcr_quant/results/mixcr_RS-04378731.assemble.report.txt --json-report /projects/rpci/songyao/pnfioric/arc_project/airr_calculation/tcr_quant/results/mixcr_RS-04378731.assemble.report.json /projects/rpci/songyao/pnfioric/arc_project/airr_calculation/tcr_quant/results/mixcr_RS-04378731.extended.vdjca /projects/rpci/songyao/pnfioric/arc_project/airr_calculation/tcr_quant/results/mixcr_RS-04378731.clna
Initialization: progress unknown
Initialization: progress unknown
===================== report: assemble =====================
Analysis time: 421ms
Final clonotype count: 88
Reads used in clonotypes, percent of total: 329 (0%)
Average number of reads per clonotype: 3.74
Reads dropped due to the lack of a clone sequence, percent of total: 1692 (0%)
Reads dropped due to a too short clonal sequence, percent of total: 0 (0%)
Reads dropped due to low quality, percent of total: 0 (0%)
Reads dropped due to failed mapping, percent of total: 6 (0%)
Reads dropped with low quality clones, percent of total: 0 (0%)
Aligned reads processed: 336
Reads used in clonotypes before clustering, percent of total: 330 (0%)
Number of reads used as a core, percent of used: 324 (98.18%)
Mapped low quality reads, percent of used: 6 (1.82%)
Reads clustered in PCR error correction, percent of used: 1 (0.3%)
Reads pre-clustered due to the similar VJC-lists, percent of used: 0 (0%)
Clonotypes dropped as low quality: 0
Clonotypes eliminated by PCR error correction: 1
Clonotypes pre-clustered due to the similar VJC-lists: 0
Clones dropped in post filtering: 0 (0%)
Reads dropped in post filtering: 0.0 (0%)
Reads filtered by tag prefix: 0 (0%)
TRA chains: 4 (4.55%)
TRA non-functional: 0 (0%)
TRB chains: 4 (4.55%)
TRB non-functional: 0 (0%)
TRG chains: 1 (1.14%)
TRG non-functional: 1 (100%)
IGH chains: 22 (25%)
IGH non-functional: 1 (4.55%)
IGK chains: 37 (42.05%)
IGK non-functional: 4 (10.81%)
IGL chains: 20 (22.73%)
IGL non-functional: 1 (5%)

>>>>>>>>>>>>>>>>>> mixcr assembleContigs <<<<<<<<<<<<<<<<<<
Running:
mixcr assembleContigs --report /projects/rpci/songyao/pnfioric/arc_project/airr_calculation/tcr_quant/results/mixcr_RS-04378731.assembleContigs.report.txt --json-report /projects/rpci/songyao/pnfioric/arc_project/airr_calculation/tcr_quant/results/mixcr_RS-04378731.assembleContigs.report.json --threads 12 /projects/rpci/songyao/pnfioric/arc_project/airr_calculation/tcr_quant/results/mixcr_RS-04378731.clna /projects/rpci/songyao/pnfioric/arc_project/airr_calculation/tcr_quant/results/mixcr_RS-04378731.contigs.clns
Assembling contigs: 0%
================= report: assembleContigs =================
Analysis time: 213ms
Initial clonotype count: 88
Final clonotype count: 88 (100%)
Canceled assemblies: 0 (0%)
Clones filtered out after assemble: 0 (0%)
Number of premature termination assembly events, percent of number of initial clonotypes: 0.0 (0%)
Longest contig length: 280
Clustered variants: 0 (0%)
Reads in clustered variants: 0.0 (0%)
Reads in divided (newly created) clones: 0.0 (0%)
Clones with ambiguous letters in splitting region: 0 (0%)
Reads in clones with ambiguous letters in splitting region: 0.0 (0%)
Average number of ambiguous letters per clone with ambiguous letters in splitting region: NaN
Clones combined after clustering: 0 (0%)

>>>>>>>>>>>>>>>>>>>>>>>>> mixcr qc <<<<<<<<<<<<<<<<<<<<<<<<<
Running:
mixcr qc --print-to-stdout /projects/rpci/songyao/pnfioric/arc_project/airr_calculation/tcr_quant/results/mixcr_RS-04378731.contigs.clns /projects/rpci/songyao/pnfioric/arc_project/airr_calculation/tcr_quant/results/mixcr_RS-04378731.qc.txt /projects/rpci/songyao/pnfioric/arc_project/airr_calculation/tcr_quant/results/mixcr_RS-04378731.qc.json

  Alignments dropped due to low sequence quality: 0.0% [OK]

>>>>>>>>>>>>>>>>>>>> mixcr exportClones <<<<<<<<<<<<<<<<<<<<
Running:
mixcr exportClones /projects/rpci/songyao/pnfioric/arc_project/airr_calculation/tcr_quant/results/mixcr_RS-04378731.contigs.clns /projects/rpci/songyao/pnfioric/arc_project/airr_calculation/tcr_quant/results/mixcr_RS-04378731.clones.tsv
Analysis finished successfully.
===============================
Visualize results and simplify your immune data analysis with a convenient UI.
Explore and install Platforma.bio here: https://platforma.bio
