Exporting TRB
Exporting clones: 25%
Filtered 4 of 404 clones (99.01%).
Filtered 16.0 of 1553.0 reads (98.97%).
Exporting TRA
Exporting clones: 10%
Filtered 10 of 404 clones (97.52%).
Filtered 34.0 of 1553.0 reads (97.81%).
Exporting IGH
Exporting clones: 1%
Filtered 105 of 404 clones (74.01%).
Filtered 303.0 of 1553.0 reads (80.49%).
Exporting TRG
Filtered 1 of 404 clones (99.75%).
Filtered 5.0 of 1553.0 reads (99.68%).
Exporting IGL
Exporting clones: 2.7%
Filtered 73 of 404 clones (81.93%).
Filtered 257.0 of 1553.0 reads (83.45%).
Exporting IGK
Exporting clones: 0.5%
Filtered 211 of 404 clones (47.77%).
Filtered 938.0 of 1553.0 reads (39.6%).
