Exporting TRB
Exporting clones: 12.5%
Filtered 8 of 585 clones (98.63%).
Filtered 19.0 of 1514.0 reads (98.75%).
Exporting TRA
Exporting clones: 12.5%
Filtered 8 of 585 clones (98.63%).
Filtered 13.0 of 1514.0 reads (99.14%).
Exporting IGH
Exporting clones: 0.6%
Filtered 158 of 585 clones (72.99%).
Filtered 371.0 of 1514.0 reads (75.5%).
Exporting TRG
Exporting clones: 33.3%
Filtered 3 of 585 clones (99.49%).
Filtered 17.0 of 1514.0 reads (98.88%).
Exporting IGL
Exporting clones: 1.9%
Filtered 106 of 585 clones (81.88%).
Filtered 253.0 of 1514.0 reads (83.29%).
Exporting IGK
Exporting clones: 1%
Filtered 302 of 585 clones (48.38%).
Filtered 841.0 of 1514.0 reads (44.45%).
