WARNING: sun.reflect.Reflection.getCallerClass is not supported. This will impact performance.

>>>>>>>>>>>>>>>>>>>>>>> mixcr align <<<<<<<<<<<<<<<<<<<<<<<
Running:
mixcr align --report /projects/rpci/songyao/pnfioric/arc_project/airr_calculation/tcr_quant/results/mixcr_RS-04378667.align.report.txt --json-report /projects/rpci/songyao/pnfioric/arc_project/airr_calculation/tcr_quant/results/mixcr_RS-04378667.align.report.json --threads 12 --preset rna-seq --save-output-file-names /projects/rpci/songyao/pnfioric/arc_project/airr_calculation/tcr_quant/results/mixcr_RS-04378667.align.list.tsv --species hsa /projects/rpci/songyao/pnfioric/arc_project/airr_calculation/fastq_files/RS-04378667/RS-04378667_SP03-1971-C_RS-04239571_S60_R1_001.fastq.gz /projects/rpci/songyao/pnfioric/arc_project/airr_calculation/fastq_files/RS-04378667/RS-04378667_SP03-1971-C_RS-04239571_S60_R2_001.fastq.gz /projects/rpci/songyao/pnfioric/arc_project/airr_calculation/tcr_quant/results/mixcr_RS-04378667.alignments.vdjca
Alignment: 0%
Alignment: 3%  ETA: 01:05:33
Alignment: 6%  ETA: 01:01:03
Alignment: 9.1%  ETA: 01:00:14
Alignment: 12.1%  ETA: 00:58:47
Alignment: 15.1%  ETA: 00:56:15
Alignment: 18.1%  ETA: 00:54:15
Alignment: 21.1%  ETA: 00:52:15
Alignment: 24.1%  ETA: 00:50:15
Alignment: 27.1%  ETA: 00:48:15
Alignment: 30.1%  ETA: 00:46:46
Alignment: 33.1%  ETA: 00:44:42
Alignment: 36.1%  ETA: 00:42:42
Alignment: 39.1%  ETA: 00:40:45
Alignment: 42.1%  ETA: 00:38:20
Alignment: 45.1%  ETA: 00:37:05
Alignment: 48.1%  ETA: 00:34:45
Alignment: 51%  ETA: 00:33:04
Alignment: 54%  ETA: 00:30:43
Alignment: 57%  ETA: 00:28:27
Alignment: 60%  ETA: 00:26:45
Alignment: 63%  ETA: 00:24:42
Alignment: 66%  ETA: 00:22:58
Alignment: 69%  ETA: 00:20:31
Alignment: 72%  ETA: 00:18:56
Alignment: 75%  ETA: 00:16:34
Alignment: 77.9%  ETA: 00:14:53
Alignment: 80.9%  ETA: 00:12:44
Alignment: 83.9%  ETA: 00:10:52
Alignment: 86.9%  ETA: 00:08:39
Alignment: 89.9%  ETA: 00:06:39
Alignment: 92.9%  ETA: 00:04:47
Alignment: 95.9%  ETA: 00:02:42
Alignment: 98.9%  ETA: 00:00:43
====================== report: align ======================
Analysis time: 66.78m
Total sequencing reads: 70143893
Successfully aligned reads: 561 (0%)
Coverage (percent of successfully aligned):
  CDR3: 37 (6.6%)
  FR3_TO_FR4: 2 (0.36%)
  CDR2_TO_FR4: 0 (0%)
  FR2_TO_FR4: 0 (0%)
  CDR1_TO_FR4: 0 (0%)
  VDJRegion: 0 (0%)
Alignment failed: no hits (not TCR/IG?): 67927279 (96.84%)
Alignment failed: no CDR3 parts: 5289 (0.01%)
Alignment failed: low total score: 2210764 (3.15%)
Overlapped: 44321965 (63.19%)
Overlapped and aligned: 391 (0%)
Overlapped and not aligned: 44321574 (63.19%)
Alignment-aided overlaps, percent of overlapped and aligned: 0 (0%)
Partial aligned reads, percent of successfully aligned: 524 (93.4%)
Paired-end alignment conflicts eliminated: 1 (0%)
Realigned with forced non-floating bound: 51643856 (73.63%)
Realigned with forced non-floating right bound in left read: 1491 (0%)
Realigned with forced non-floating left bound in right read: 1491 (0%)
TRA chains: 185 (32.98%)
TRA non-functional: 0 (0%)
TRB chains: 27 (4.81%)
TRB non-functional: 0 (0%)
TRG chains: 6 (1.07%)
TRG non-functional: 0 (0%)
IGH chains: 142 (25.31%)
IGH non-functional: 0 (0%)
IGK chains: 142 (25.31%)
IGK non-functional: 0 (0%)
IGL chains: 59 (10.52%)
IGL non-functional: 0 (0%)
Trimming report:
  R1 reads trimmed left: 1394495 (1.99%)
  R1 reads trimmed right: 1438468 (2.05%)
  Average R1 nucleotides trimmed left: 0.3379500479107996
  Average R1 nucleotides trimmed right: 0.3608981896684862
  R2 reads trimmed left: 1378374 (1.97%)
  R2 reads trimmed right: 1420514 (2.03%)
  Average R2 nucleotides trimmed left: 0.33392552078625004
  Average R2 nucleotides trimmed right: 0.35647937305105093

>>>>>>>>>>>>>>>>>> mixcr assemblePartial <<<<<<<<<<<<<<<<<<
Running:
mixcr assemblePartial --report /projects/rpci/songyao/pnfioric/arc_project/airr_calculation/tcr_quant/results/mixcr_RS-04378667.assemblePartial.report.txt --json-report /projects/rpci/songyao/pnfioric/arc_project/airr_calculation/tcr_quant/results/mixcr_RS-04378667.assemblePartial.report.json /projects/rpci/songyao/pnfioric/arc_project/airr_calculation/tcr_quant/results/mixcr_RS-04378667.alignments.vdjca /projects/rpci/songyao/pnfioric/arc_project/airr_calculation/tcr_quant/results/mixcr_RS-04378667.passembled.1.vdjca
Building index: 0%
Searching for overlaps: 0.2%
================= report: assemblePartial =================
Analysis time: 162ms
Total alignments analysed: 561
Number of output alignments: 561 (100%)
Alignments already with CDR3 (no overlapping is performed): 37 (6.6%)
Successfully overlapped alignments: 0 (0%)
Left parts with too small N-region (failed to extract k-mer): 67 (11.94%)
Extracted k-mer diversity: 116
Dropped due to wildcard in k-mer: 0 (0%)
Dropped due to too short NRegion parts in overlap: 0 (0%)
Dropped overlaps with empty N region due to no complete NDN coverage: 0 (0%)
Number of left-side alignments: 166 (29.59%)
Number of right-side alignments: 291 (51.87%)
Complex overlaps: 0 (0%)
Over-overlaps: 0 (0%)
Partial alignments written to output: 524 (93.4%)

>>>>>>>>>>>>>>>>>> mixcr assemblePartial <<<<<<<<<<<<<<<<<<
Running:
mixcr assemblePartial --report /projects/rpci/songyao/pnfioric/arc_project/airr_calculation/tcr_quant/results/mixcr_RS-04378667.assemblePartial.report.txt --json-report /projects/rpci/songyao/pnfioric/arc_project/airr_calculation/tcr_quant/results/mixcr_RS-04378667.assemblePartial.report.json /projects/rpci/songyao/pnfioric/arc_project/airr_calculation/tcr_quant/results/mixcr_RS-04378667.passembled.1.vdjca /projects/rpci/songyao/pnfioric/arc_project/airr_calculation/tcr_quant/results/mixcr_RS-04378667.passembled.2.vdjca
Building index: 0%
Searching for overlaps: 1.8%
================= report: assemblePartial =================
Analysis time: 94ms
Total alignments analysed: 561
Number of output alignments: 561 (100%)
Alignments already with CDR3 (no overlapping is performed): 37 (6.6%)
Successfully overlapped alignments: 0 (0%)
Left parts with too small N-region (failed to extract k-mer): 67 (11.94%)
Extracted k-mer diversity: 116
Dropped due to wildcard in k-mer: 0 (0%)
Dropped due to too short NRegion parts in overlap: 0 (0%)
Dropped overlaps with empty N region due to no complete NDN coverage: 0 (0%)
Number of left-side alignments: 166 (29.59%)
Number of right-side alignments: 291 (51.87%)
Complex overlaps: 0 (0%)
Over-overlaps: 0 (0%)
Partial alignments written to output: 524 (93.4%)

>>>>>>>>>>>>>>>>>>>>>>> mixcr extend <<<<<<<<<<<<<<<<<<<<<<<
Running:
mixcr extend --report /projects/rpci/songyao/pnfioric/arc_project/airr_calculation/tcr_quant/results/mixcr_RS-04378667.extend.report.txt --json-report /projects/rpci/songyao/pnfioric/arc_project/airr_calculation/tcr_quant/results/mixcr_RS-04378667.extend.report.json --threads 12 /projects/rpci/songyao/pnfioric/arc_project/airr_calculation/tcr_quant/results/mixcr_RS-04378667.passembled.2.vdjca /projects/rpci/songyao/pnfioric/arc_project/airr_calculation/tcr_quant/results/mixcr_RS-04378667.extended.vdjca
Extending alignments: 0%
====================== report: extend ======================
Analysis time: 11ms
Extended alignments count: 0 (0%)
V extensions total: 0 (0%)
V extensions with merged targets: 0 (0%)
J extensions total: 0 (0%)
J extensions with merged targets: 0 (0%)
V+J extensions: 0 (0%)
Mean V extension length: NaN
Mean J extension length: NaN

>>>>>>>>>>>>>>>>>>>>>> mixcr assemble <<<<<<<<<<<<<<<<<<<<<<
Running:
mixcr assemble --report /projects/rpci/songyao/pnfioric/arc_project/airr_calculation/tcr_quant/results/mixcr_RS-04378667.assemble.report.txt --json-report /projects/rpci/songyao/pnfioric/arc_project/airr_calculation/tcr_quant/results/mixcr_RS-04378667.assemble.report.json /projects/rpci/songyao/pnfioric/arc_project/airr_calculation/tcr_quant/results/mixcr_RS-04378667.extended.vdjca /projects/rpci/songyao/pnfioric/arc_project/airr_calculation/tcr_quant/results/mixcr_RS-04378667.clna
Initialization: progress unknown
Initialization: progress unknown
===================== report: assemble =====================
Analysis time: 231ms
Final clonotype count: 2
Reads used in clonotypes, percent of total: 36 (0%)
Average number of reads per clonotype: 18
Reads dropped due to the lack of a clone sequence, percent of total: 524 (0%)
Reads dropped due to a too short clonal sequence, percent of total: 0 (0%)
Reads dropped due to low quality, percent of total: 0 (0%)
Reads dropped due to failed mapping, percent of total: 0 (0%)
Reads dropped with low quality clones, percent of total: 0 (0%)
Aligned reads processed: 37
Reads used in clonotypes before clustering, percent of total: 37 (0%)
Number of reads used as a core, percent of used: 36 (97.3%)
Mapped low quality reads, percent of used: 1 (2.7%)
Reads clustered in PCR error correction, percent of used: 1 (2.7%)
Reads pre-clustered due to the similar VJC-lists, percent of used: 0 (0%)
Clonotypes dropped as low quality: 0
Clonotypes eliminated by PCR error correction: 1
Clonotypes pre-clustered due to the similar VJC-lists: 0
Clones dropped in post filtering: 0 (0%)
Reads dropped in post filtering: 0.0 (0%)
Reads filtered by tag prefix: 0 (0%)
IGH chains: 1 (50%)
IGH non-functional: 0 (0%)
IGK chains: 1 (50%)
IGK non-functional: 0 (0%)

>>>>>>>>>>>>>>>>>> mixcr assembleContigs <<<<<<<<<<<<<<<<<<
Running:
mixcr assembleContigs --report /projects/rpci/songyao/pnfioric/arc_project/airr_calculation/tcr_quant/results/mixcr_RS-04378667.assembleContigs.report.txt --json-report /projects/rpci/songyao/pnfioric/arc_project/airr_calculation/tcr_quant/results/mixcr_RS-04378667.assembleContigs.report.json --threads 12 /projects/rpci/songyao/pnfioric/arc_project/airr_calculation/tcr_quant/results/mixcr_RS-04378667.clna /projects/rpci/songyao/pnfioric/arc_project/airr_calculation/tcr_quant/results/mixcr_RS-04378667.contigs.clns
Assembling contigs: 0%
================= report: assembleContigs =================
Analysis time: 104ms
Initial clonotype count: 2
Final clonotype count: 2 (100%)
Canceled assemblies: 0 (0%)
Clones filtered out after assemble: 0 (0%)
Number of premature termination assembly events, percent of number of initial clonotypes: 0.0 (0%)
Longest contig length: 156
Clustered variants: 0 (0%)
Reads in clustered variants: 0.0 (0%)
Reads in divided (newly created) clones: 0.0 (0%)
Clones with ambiguous letters in splitting region: 0 (0%)
Reads in clones with ambiguous letters in splitting region: 0.0 (0%)
Average number of ambiguous letters per clone with ambiguous letters in splitting region: NaN
Clones combined after clustering: 0 (0%)

>>>>>>>>>>>>>>>>>>>>>>>>> mixcr qc <<<<<<<<<<<<<<<<<<<<<<<<<
Running:
mixcr qc --print-to-stdout /projects/rpci/songyao/pnfioric/arc_project/airr_calculation/tcr_quant/results/mixcr_RS-04378667.contigs.clns /projects/rpci/songyao/pnfioric/arc_project/airr_calculation/tcr_quant/results/mixcr_RS-04378667.qc.txt /projects/rpci/songyao/pnfioric/arc_project/airr_calculation/tcr_quant/results/mixcr_RS-04378667.qc.json

  Alignments dropped due to low sequence quality: 0.0% [OK]

>>>>>>>>>>>>>>>>>>>> mixcr exportClones <<<<<<<<<<<<<<<<<<<<
Running:
mixcr exportClones /projects/rpci/songyao/pnfioric/arc_project/airr_calculation/tcr_quant/results/mixcr_RS-04378667.contigs.clns /projects/rpci/songyao/pnfioric/arc_project/airr_calculation/tcr_quant/results/mixcr_RS-04378667.clones.tsv
Analysis finished successfully.
===============================
Visualize results and simplify your immune data analysis with a convenient UI.
Explore and install Platforma.bio here: https://platforma.bio
