Exporting TRB
Exporting clones: 100%
Filtered 1 of 30 clones (96.67%).
Filtered 1.0 of 55.0 reads (98.18%).
Exporting TRA
Exporting clones: 20%
Filtered 5 of 30 clones (83.33%).
Filtered 6.0 of 55.0 reads (89.09%).
Exporting IGH
Exporting clones: 20%
Filtered 5 of 30 clones (83.33%).
Filtered 9.0 of 55.0 reads (83.64%).
Exporting TRG
Exporting clones: 100%
Filtered 1 of 30 clones (96.67%).
Filtered 1.0 of 55.0 reads (98.18%).
Exporting IGL
Exporting clones: 14.3%
Filtered 7 of 30 clones (76.67%).
Filtered 17.0 of 55.0 reads (69.09%).
Exporting IGK
Exporting clones: 9.1%
Filtered 11 of 30 clones (63.33%).
Filtered 21.0 of 55.0 reads (61.82%).
