Exporting TRB
Exporting clones: 100%
Filtered 1 of 220 clones (99.55%).
Filtered 2.0 of 622.0 reads (99.68%).
Exporting TRA
Exporting clones: 50%
Filtered 2 of 220 clones (99.09%).
Filtered 8.0 of 622.0 reads (98.71%).
Exporting IGH
Exporting clones: 2.6%
Filtered 39 of 220 clones (82.27%).
Filtered 121.0 of 622.0 reads (80.55%).
Exporting IGL
Exporting clones: 1.9%
Filtered 53 of 220 clones (75.91%).
Filtered 171.0 of 622.0 reads (72.51%).
Exporting IGK
Exporting clones: 1.6%
Filtered 125 of 220 clones (43.18%).
Filtered 320.0 of 622.0 reads (48.55%).
