WARNING: sun.reflect.Reflection.getCallerClass is not supported. This will impact performance.

>>>>>>>>>>>>>>>>>>>>>>> mixcr align <<<<<<<<<<<<<<<<<<<<<<<
Running:
mixcr align --report /projects/rpci/songyao/pnfioric/arc_project/airr_calculation/tcr_quant/results/mixcr_RS-04211377.align.report.txt --json-report /projects/rpci/songyao/pnfioric/arc_project/airr_calculation/tcr_quant/results/mixcr_RS-04211377.align.report.json --threads 12 --preset rna-seq --save-output-file-names /projects/rpci/songyao/pnfioric/arc_project/airr_calculation/tcr_quant/results/mixcr_RS-04211377.align.list.tsv --species hsa /projects/rpci/songyao/pnfioric/arc_project/airr_calculation/fastq_files/RS-04211377/RS-04417181_F99-335_RS-04211377_S145_R1_001.fastq.gz /projects/rpci/songyao/pnfioric/arc_project/airr_calculation/fastq_files/RS-04211377/RS-04417181_F99-335_RS-04211377_S145_R2_001.fastq.gz /projects/rpci/songyao/pnfioric/arc_project/airr_calculation/tcr_quant/results/mixcr_RS-04211377.alignments.vdjca
Alignment: 0%
Alignment: 2.4%  ETA: 01:20:11
Alignment: 4.9%  ETA: 01:18:14
Alignment: 7.3%  ETA: 01:16:11
Alignment: 9.7%  ETA: 01:14:11
Alignment: 12.1%  ETA: 01:13:00
Alignment: 14.6%  ETA: 01:10:15
Alignment: 17.1%  ETA: 01:06:44
Alignment: 19.5%  ETA: 01:06:13
Alignment: 21.9%  ETA: 01:03:29
Alignment: 24.4%  ETA: 01:02:11
Alignment: 26.8%  ETA: 01:00:08
Alignment: 29.2%  ETA: 00:58:49
Alignment: 31.7%  ETA: 00:56:10
Alignment: 34.1%  ETA: 00:54:47
Alignment: 36.5%  ETA: 00:52:47
Alignment: 38.9%  ETA: 00:50:47
Alignment: 41.3%  ETA: 00:47:43
Alignment: 43.8%  ETA: 00:45:43
Alignment: 46.2%  ETA: 00:44:13
Alignment: 48.7%  ETA: 00:41:44
Alignment: 51.1%  ETA: 00:40:38
Alignment: 53.5%  ETA: 00:38:38
Alignment: 55.9%  ETA: 00:36:38
Alignment: 58.3%  ETA: 00:35:01
Alignment: 60.7%  ETA: 00:32:39
Alignment: 63.1%  ETA: 00:30:39
Alignment: 65.5%  ETA: 00:28:19
Alignment: 68%  ETA: 00:26:20
Alignment: 70.4%  ETA: 00:24:37
Alignment: 72.8%  ETA: 00:22:21
Alignment: 75.3%  ETA: 00:20:07
Alignment: 77.7%  ETA: 00:18:33
Alignment: 80.1%  ETA: 00:16:44
Alignment: 82.5%  ETA: 00:14:34
Alignment: 84.9%  ETA: 00:12:34
Alignment: 87.3%  ETA: 00:10:34
Alignment: 89.7%  ETA: 00:08:34
Alignment: 92.1%  ETA: 00:06:23
Alignment: 94.6%  ETA: 00:04:27
Alignment: 97%  ETA: 00:02:24
Alignment: 99.5%  ETA: 00:00:24
====================== report: align ======================
Analysis time: 82.47m
Total sequencing reads: 77809570
Successfully aligned reads: 12664 (0.02%)
Coverage (percent of successfully aligned):
  CDR3: 0 (0%)
  FR3_TO_FR4: 0 (0%)
  CDR2_TO_FR4: 0 (0%)
  FR2_TO_FR4: 0 (0%)
  CDR1_TO_FR4: 0 (0%)
  VDJRegion: 0 (0%)
Alignment failed: no hits (not TCR/IG?): 73869609 (94.94%)
Alignment failed: no CDR3 parts: 81360 (0.1%)
Alignment failed: low total score: 3845937 (4.94%)
Overlapped: 39676023 (50.99%)
Overlapped and aligned: 4794 (0.01%)
Overlapped and not aligned: 39671229 (50.99%)
Alignment-aided overlaps, percent of overlapped and aligned: 90 (1.88%)
No CDR3 parts alignments, percent of successfully aligned: 376 (2.97%)
Partial aligned reads, percent of successfully aligned: 12288 (97.03%)
V gene chimeras: 1679 (0%)
J gene chimeras: 106 (0%)
Realigned with forced non-floating bound: 76267274 (98.02%)
Realigned with forced non-floating right bound in left read: 6635 (0.01%)
Realigned with forced non-floating left bound in right read: 6635 (0.01%)
TRA chains: 2139 (16.89%)
TRA non-functional: 0 (0%)
TRB chains: 1498 (11.83%)
TRB non-functional: 0 (0%)
TRD chains: 85 (0.67%)
TRD non-functional: 0 (0%)
TRG chains: 318 (2.51%)
TRG non-functional: 0 (0%)
IGH chains: 3503 (27.66%)
IGH non-functional: 0 (0%)
TRAD chains: 390 (3.08%)
TRAD non-functional: 0 (0%)
IGK chains: 2039 (16.1%)
IGK non-functional: 0 (0%)
IGL chains: 2692 (21.26%)
IGL non-functional: 0 (0%)
Trimming report:
  R1 reads trimmed left: 5592440 (7.19%)
  R1 reads trimmed right: 5750972 (7.39%)
  Average R1 nucleotides trimmed left: 1.2218432257111818
  Average R1 nucleotides trimmed right: 1.3039542436746534
  R2 reads trimmed left: 5494257 (7.06%)
  R2 reads trimmed right: 5651565 (7.26%)
  Average R2 nucleotides trimmed left: 1.2003190224544358
  Average R2 nucleotides trimmed right: 1.2809216784002275

>>>>>>>>>>>>>>>>>> mixcr assemblePartial <<<<<<<<<<<<<<<<<<
Running:
mixcr assemblePartial --report /projects/rpci/songyao/pnfioric/arc_project/airr_calculation/tcr_quant/results/mixcr_RS-04211377.assemblePartial.report.txt --json-report /projects/rpci/songyao/pnfioric/arc_project/airr_calculation/tcr_quant/results/mixcr_RS-04211377.assemblePartial.report.json /projects/rpci/songyao/pnfioric/arc_project/airr_calculation/tcr_quant/results/mixcr_RS-04211377.alignments.vdjca /projects/rpci/songyao/pnfioric/arc_project/airr_calculation/tcr_quant/results/mixcr_RS-04211377.passembled.1.vdjca
Building index: 0%
Searching for overlaps: 0%
================= report: assemblePartial =================
Analysis time: 394ms
Total alignments analysed: 12664
Number of output alignments: 12664 (100%)
Alignments already with CDR3 (no overlapping is performed): 37 (0.29%)
Successfully overlapped alignments: 0 (0%)
Left parts with too small N-region (failed to extract k-mer): 3313 (26.16%)
Extracted k-mer diversity: 5520
Dropped due to wildcard in k-mer: 0 (0%)
Dropped due to too short NRegion parts in overlap: 0 (0%)
Dropped overlaps with empty N region due to no complete NDN coverage: 0 (0%)
Number of left-side alignments: 5899 (46.58%)
Number of right-side alignments: 3840 (30.32%)
Complex overlaps: 0 (0%)
Over-overlaps: 0 (0%)
Partial alignments written to output: 12627 (99.71%)

>>>>>>>>>>>>>>>>>> mixcr assemblePartial <<<<<<<<<<<<<<<<<<
Running:
mixcr assemblePartial --report /projects/rpci/songyao/pnfioric/arc_project/airr_calculation/tcr_quant/results/mixcr_RS-04211377.assemblePartial.report.txt --json-report /projects/rpci/songyao/pnfioric/arc_project/airr_calculation/tcr_quant/results/mixcr_RS-04211377.assemblePartial.report.json /projects/rpci/songyao/pnfioric/arc_project/airr_calculation/tcr_quant/results/mixcr_RS-04211377.passembled.1.vdjca /projects/rpci/songyao/pnfioric/arc_project/airr_calculation/tcr_quant/results/mixcr_RS-04211377.passembled.2.vdjca
Building index: 0%
Searching for overlaps: 0%
================= report: assemblePartial =================
Analysis time: 249ms
Total alignments analysed: 12664
Number of output alignments: 12664 (100%)
Alignments already with CDR3 (no overlapping is performed): 37 (0.29%)
Successfully overlapped alignments: 0 (0%)
Left parts with too small N-region (failed to extract k-mer): 3313 (26.16%)
Extracted k-mer diversity: 5520
Dropped due to wildcard in k-mer: 0 (0%)
Dropped due to too short NRegion parts in overlap: 0 (0%)
Dropped overlaps with empty N region due to no complete NDN coverage: 0 (0%)
Number of left-side alignments: 5899 (46.58%)
Number of right-side alignments: 3840 (30.32%)
Complex overlaps: 0 (0%)
Over-overlaps: 0 (0%)
Partial alignments written to output: 12627 (99.71%)

>>>>>>>>>>>>>>>>>>>>>>> mixcr extend <<<<<<<<<<<<<<<<<<<<<<<
Running:
mixcr extend --report /projects/rpci/songyao/pnfioric/arc_project/airr_calculation/tcr_quant/results/mixcr_RS-04211377.extend.report.txt --json-report /projects/rpci/songyao/pnfioric/arc_project/airr_calculation/tcr_quant/results/mixcr_RS-04211377.extend.report.json --threads 12 /projects/rpci/songyao/pnfioric/arc_project/airr_calculation/tcr_quant/results/mixcr_RS-04211377.passembled.2.vdjca /projects/rpci/songyao/pnfioric/arc_project/airr_calculation/tcr_quant/results/mixcr_RS-04211377.extended.vdjca
Extending alignments: 0%
====================== report: extend ======================
Analysis time: 105ms
Extended alignments count: 0 (0%)
V extensions total: 0 (0%)
V extensions with merged targets: 0 (0%)
J extensions total: 0 (0%)
J extensions with merged targets: 0 (0%)
V+J extensions: 0 (0%)
Mean V extension length: NaN
Mean J extension length: NaN

>>>>>>>>>>>>>>>>>>>>>> mixcr assemble <<<<<<<<<<<<<<<<<<<<<<
Running:
mixcr assemble --report /projects/rpci/songyao/pnfioric/arc_project/airr_calculation/tcr_quant/results/mixcr_RS-04211377.assemble.report.txt --json-report /projects/rpci/songyao/pnfioric/arc_project/airr_calculation/tcr_quant/results/mixcr_RS-04211377.assemble.report.json /projects/rpci/songyao/pnfioric/arc_project/airr_calculation/tcr_quant/results/mixcr_RS-04211377.extended.vdjca /projects/rpci/songyao/pnfioric/arc_project/airr_calculation/tcr_quant/results/mixcr_RS-04211377.clna
Initialization: progress unknown
Initialization: progress unknown
===================== report: assemble =====================
Analysis time: 366ms
Final clonotype count: 0
Reads used in clonotypes, percent of total: 0 (0%)
Average number of reads per clonotype: NaN
Reads dropped due to the lack of a clone sequence, percent of total: 12664 (0.02%)
Reads dropped due to a too short clonal sequence, percent of total: 0 (0%)
Reads dropped due to low quality, percent of total: 0 (0%)
Reads dropped due to failed mapping, percent of total: 0 (0%)
Reads dropped with low quality clones, percent of total: 0 (0%)
Aligned reads processed: 0
Reads used in clonotypes before clustering, percent of total: 0 (0%)
Number of reads used as a core, percent of used: 0 (NaN%)
Mapped low quality reads, percent of used: 0 (NaN%)
Reads clustered in PCR error correction, percent of used: 0 (NaN%)
Reads pre-clustered due to the similar VJC-lists, percent of used: 0 (NaN%)
Clonotypes dropped as low quality: 0
Clonotypes eliminated by PCR error correction: 0
Clonotypes pre-clustered due to the similar VJC-lists: 0
Clones dropped in post filtering: 0 (NaN%)
Reads dropped in post filtering: 0.0 (0%)
Reads filtered by tag prefix: 0 (0%)

>>>>>>>>>>>>>>>>>> mixcr assembleContigs <<<<<<<<<<<<<<<<<<
Running:
mixcr assembleContigs --report /projects/rpci/songyao/pnfioric/arc_project/airr_calculation/tcr_quant/results/mixcr_RS-04211377.assembleContigs.report.txt --json-report /projects/rpci/songyao/pnfioric/arc_project/airr_calculation/tcr_quant/results/mixcr_RS-04211377.assembleContigs.report.json --threads 12 /projects/rpci/songyao/pnfioric/arc_project/airr_calculation/tcr_quant/results/mixcr_RS-04211377.clna /projects/rpci/songyao/pnfioric/arc_project/airr_calculation/tcr_quant/results/mixcr_RS-04211377.contigs.clns
Assembling contigs: 0%
================= report: assembleContigs =================
Analysis time: 61ms
Initial clonotype count: 0
Final clonotype count: 0 (NaN%)
Canceled assemblies: 0 (NaN%)
Clones filtered out after assemble: 0 (NaN%)
Number of premature termination assembly events, percent of number of initial clonotypes: 0.0 (NaN%)
Longest contig length: 0
Clustered variants: 0 (NaN%)
Reads in clustered variants: 0.0 (NaN%)
Reads in divided (newly created) clones: 0.0 (NaN%)
Clones with ambiguous letters in splitting region: 0 (NaN%)
Reads in clones with ambiguous letters in splitting region: 0.0 (NaN%)
Average number of ambiguous letters per clone with ambiguous letters in splitting region: NaN
Clones combined after clustering: 0 (NaN%)

>>>>>>>>>>>>>>>>>>>>>>>>> mixcr qc <<<<<<<<<<<<<<<<<<<<<<<<<
Running:
mixcr qc --print-to-stdout /projects/rpci/songyao/pnfioric/arc_project/airr_calculation/tcr_quant/results/mixcr_RS-04211377.contigs.clns /projects/rpci/songyao/pnfioric/arc_project/airr_calculation/tcr_quant/results/mixcr_RS-04211377.qc.txt /projects/rpci/songyao/pnfioric/arc_project/airr_calculation/tcr_quant/results/mixcr_RS-04211377.qc.json

  Alignments dropped due to low sequence quality: 0.0% [OK]

>>>>>>>>>>>>>>>>>>>> mixcr exportClones <<<<<<<<<<<<<<<<<<<<
Running:
mixcr exportClones /projects/rpci/songyao/pnfioric/arc_project/airr_calculation/tcr_quant/results/mixcr_RS-04211377.contigs.clns /projects/rpci/songyao/pnfioric/arc_project/airr_calculation/tcr_quant/results/mixcr_RS-04211377.clones.tsv
Analysis finished successfully.
===============================
Visualize results and simplify your immune data analysis with a convenient UI.
Explore and install Platforma.bio here: https://platforma.bio
