WARNING: sun.reflect.Reflection.getCallerClass is not supported. This will impact performance.

>>>>>>>>>>>>>>>>>>>>>>> mixcr align <<<<<<<<<<<<<<<<<<<<<<<
Running:
mixcr align --report /projects/rpci/songyao/pnfioric/arc_project/airr_calculation/tcr_quant/results/mixcr_RS-04430834.align.report.txt --json-report /projects/rpci/songyao/pnfioric/arc_project/airr_calculation/tcr_quant/results/mixcr_RS-04430834.align.report.json --threads 12 --preset rna-seq --save-output-file-names /projects/rpci/songyao/pnfioric/arc_project/airr_calculation/tcr_quant/results/mixcr_RS-04430834.align.list.tsv --species hsa /projects/rpci/songyao/pnfioric/arc_project/airr_calculation/fastq_files/RS-04430834/RS-04430834_OAKS09017302-B7_RS-03630777_S46_R1_001.fastq.gz /projects/rpci/songyao/pnfioric/arc_project/airr_calculation/fastq_files/RS-04430834/RS-04430834_OAKS09017302-B7_RS-03630777_S46_R2_001.fastq.gz /projects/rpci/songyao/pnfioric/arc_project/airr_calculation/tcr_quant/results/mixcr_RS-04430834.alignments.vdjca
Alignment: 0%
Alignment: 4.2%  ETA: 00:45:52
Alignment: 8.4%  ETA: 00:43:27
Alignment: 12.6%  ETA: 00:41:27
Alignment: 16.9%  ETA: 00:39:05
Alignment: 21%  ETA: 00:37:47
Alignment: 25.2%  ETA: 00:35:47
Alignment: 29.5%  ETA: 00:33:09
Alignment: 33.8%  ETA: 00:30:34
Alignment: 38.1%  ETA: 00:28:50
Alignment: 42.4%  ETA: 00:27:06
Alignment: 46.6%  ETA: 00:24:51
Alignment: 50.9%  ETA: 00:22:51
Alignment: 55.2%  ETA: 00:21:16
Alignment: 59.4%  ETA: 00:19:16
Alignment: 63.6%  ETA: 00:17:16
Alignment: 67.8%  ETA: 00:15:07
Alignment: 72.1%  ETA: 00:13:15
Alignment: 76.3%  ETA: 00:11:15
Alignment: 80.6%  ETA: 00:09:03
Alignment: 84.9%  ETA: 00:07:03
Alignment: 89.1%  ETA: 00:05:03
Alignment: 93.5%  ETA: 00:03:00
Alignment: 97.8%  ETA: 00:01:00
====================== report: align ======================
Analysis time: 47.1m
Total sequencing reads: 48776741
Successfully aligned reads: 1505 (0%)
Coverage (percent of successfully aligned):
  CDR3: 279 (18.54%)
  FR3_TO_FR4: 0 (0%)
  CDR2_TO_FR4: 0 (0%)
  FR2_TO_FR4: 0 (0%)
  CDR1_TO_FR4: 0 (0%)
  VDJRegion: 0 (0%)
Alignment failed: no hits (not TCR/IG?): 47581580 (97.55%)
Alignment failed: no CDR3 parts: 14384 (0.03%)
Alignment failed: low total score: 1179272 (2.42%)
Overlapped: 40752695 (83.55%)
Overlapped and aligned: 1293 (0%)
Overlapped and not aligned: 40751402 (83.55%)
Alignment-aided overlaps, percent of overlapped and aligned: 51 (3.94%)
No CDR3 parts alignments, percent of successfully aligned: 41 (2.72%)
Partial aligned reads, percent of successfully aligned: 1185 (78.74%)
V gene chimeras: 1 (0%)
Realigned with forced non-floating bound: 16048194 (32.9%)
Realigned with forced non-floating right bound in left read: 696 (0%)
Realigned with forced non-floating left bound in right read: 696 (0%)
TRA chains: 370 (24.58%)
TRA non-functional: 1 (0.27%)
TRB chains: 131 (8.7%)
TRB non-functional: 0 (0%)
TRD chains: 1 (0.07%)
TRD non-functional: 0 (0%)
TRG chains: 21 (1.4%)
TRG non-functional: 0 (0%)
IGH chains: 342 (22.72%)
IGH non-functional: 2 (0.58%)
TRAD chains: 5 (0.33%)
TRAD non-functional: 0 (0%)
IGK chains: 282 (18.74%)
IGK non-functional: 10 (3.55%)
IGL chains: 353 (23.46%)
IGL non-functional: 3 (0.85%)
Trimming report:
  R1 reads trimmed left: 13442 (0.03%)
  R1 reads trimmed right: 12710 (0.03%)
  Average R1 nucleotides trimmed left: 0.004325770760289212
  Average R1 nucleotides trimmed right: 0.004584808156822121
  R2 reads trimmed left: 12313 (0.03%)
  R2 reads trimmed right: 12327 (0.03%)
  Average R2 nucleotides trimmed left: 0.004342377035808932
  Average R2 nucleotides trimmed right: 0.00444043606767414

>>>>>>>>>>>>>>>>>> mixcr assemblePartial <<<<<<<<<<<<<<<<<<
Running:
mixcr assemblePartial --report /projects/rpci/songyao/pnfioric/arc_project/airr_calculation/tcr_quant/results/mixcr_RS-04430834.assemblePartial.report.txt --json-report /projects/rpci/songyao/pnfioric/arc_project/airr_calculation/tcr_quant/results/mixcr_RS-04430834.assemblePartial.report.json /projects/rpci/songyao/pnfioric/arc_project/airr_calculation/tcr_quant/results/mixcr_RS-04430834.alignments.vdjca /projects/rpci/songyao/pnfioric/arc_project/airr_calculation/tcr_quant/results/mixcr_RS-04430834.passembled.1.vdjca
Building index: 0%
Searching for overlaps: 0.1%
================= report: assemblePartial =================
Analysis time: 279ms
Total alignments analysed: 1505
Number of output alignments: 1503 (99.87%)
Alignments already with CDR3 (no overlapping is performed): 299 (19.87%)
Successfully overlapped alignments: 2 (0.13%)
Left parts with too small N-region (failed to extract k-mer): 163 (10.83%)
Extracted k-mer diversity: 1528
Dropped due to wildcard in k-mer: 0 (0%)
Dropped due to too short NRegion parts in overlap: 10 (0.66%)
Dropped overlaps with empty N region due to no complete NDN coverage: 0 (0%)
Number of left-side alignments: 195 (12.96%)
Number of right-side alignments: 851 (56.54%)
Complex overlaps: 0 (0%)
Over-overlaps: 0 (0%)
Partial alignments written to output: 1202 (79.87%)

>>>>>>>>>>>>>>>>>> mixcr assemblePartial <<<<<<<<<<<<<<<<<<
Running:
mixcr assemblePartial --report /projects/rpci/songyao/pnfioric/arc_project/airr_calculation/tcr_quant/results/mixcr_RS-04430834.assemblePartial.report.txt --json-report /projects/rpci/songyao/pnfioric/arc_project/airr_calculation/tcr_quant/results/mixcr_RS-04430834.assemblePartial.report.json /projects/rpci/songyao/pnfioric/arc_project/airr_calculation/tcr_quant/results/mixcr_RS-04430834.passembled.1.vdjca /projects/rpci/songyao/pnfioric/arc_project/airr_calculation/tcr_quant/results/mixcr_RS-04430834.passembled.2.vdjca
Building index: 0%
Searching for overlaps: 1.6%
================= report: assemblePartial =================
Analysis time: 114ms
Total alignments analysed: 1503
Number of output alignments: 1503 (100%)
Alignments already with CDR3 (no overlapping is performed): 301 (20.03%)
Successfully overlapped alignments: 0 (0%)
Left parts with too small N-region (failed to extract k-mer): 163 (10.84%)
Extracted k-mer diversity: 1511
Dropped due to wildcard in k-mer: 0 (0%)
Dropped due to too short NRegion parts in overlap: 9 (0.6%)
Dropped overlaps with empty N region due to no complete NDN coverage: 0 (0%)
Number of left-side alignments: 193 (12.84%)
Number of right-side alignments: 849 (56.49%)
Complex overlaps: 0 (0%)
Over-overlaps: 0 (0%)
Partial alignments written to output: 1202 (79.97%)

>>>>>>>>>>>>>>>>>>>>>>> mixcr extend <<<<<<<<<<<<<<<<<<<<<<<
Running:
mixcr extend --report /projects/rpci/songyao/pnfioric/arc_project/airr_calculation/tcr_quant/results/mixcr_RS-04430834.extend.report.txt --json-report /projects/rpci/songyao/pnfioric/arc_project/airr_calculation/tcr_quant/results/mixcr_RS-04430834.extend.report.json --threads 12 /projects/rpci/songyao/pnfioric/arc_project/airr_calculation/tcr_quant/results/mixcr_RS-04430834.passembled.2.vdjca /projects/rpci/songyao/pnfioric/arc_project/airr_calculation/tcr_quant/results/mixcr_RS-04430834.extended.vdjca
Extending alignments: 0%
====================== report: extend ======================
Analysis time: 21ms
Extended alignments count: 0 (0%)
V extensions total: 0 (0%)
V extensions with merged targets: 0 (0%)
J extensions total: 0 (0%)
J extensions with merged targets: 0 (0%)
V+J extensions: 0 (0%)
Mean V extension length: NaN
Mean J extension length: NaN

>>>>>>>>>>>>>>>>>>>>>> mixcr assemble <<<<<<<<<<<<<<<<<<<<<<
Running:
mixcr assemble --report /projects/rpci/songyao/pnfioric/arc_project/airr_calculation/tcr_quant/results/mixcr_RS-04430834.assemble.report.txt --json-report /projects/rpci/songyao/pnfioric/arc_project/airr_calculation/tcr_quant/results/mixcr_RS-04430834.assemble.report.json /projects/rpci/songyao/pnfioric/arc_project/airr_calculation/tcr_quant/results/mixcr_RS-04430834.extended.vdjca /projects/rpci/songyao/pnfioric/arc_project/airr_calculation/tcr_quant/results/mixcr_RS-04430834.clna
Initialization: progress unknown
Initialization: progress unknown
===================== report: assemble =====================
Analysis time: 637ms
Final clonotype count: 113
Reads used in clonotypes, percent of total: 267 (0%)
Average number of reads per clonotype: 2.36
Reads dropped due to the lack of a clone sequence, percent of total: 1222 (0%)
Reads dropped due to a too short clonal sequence, percent of total: 0 (0%)
Reads dropped due to low quality, percent of total: 0 (0%)
Reads dropped due to failed mapping, percent of total: 15 (0%)
Reads dropped with low quality clones, percent of total: 0 (0%)
Aligned reads processed: 283
Reads used in clonotypes before clustering, percent of total: 268 (0%)
Number of reads used as a core, percent of used: 265 (98.88%)
Mapped low quality reads, percent of used: 3 (1.12%)
Reads clustered in PCR error correction, percent of used: 1 (0.37%)
Reads pre-clustered due to the similar VJC-lists, percent of used: 0 (0%)
Clonotypes dropped as low quality: 0
Clonotypes eliminated by PCR error correction: 1
Clonotypes pre-clustered due to the similar VJC-lists: 0
Clones dropped in post filtering: 0 (0%)
Reads dropped in post filtering: 0.0 (0%)
Reads filtered by tag prefix: 0 (0%)
TRA chains: 4 (3.54%)
TRA non-functional: 1 (25%)
TRB chains: 1 (0.88%)
TRB non-functional: 0 (0%)
IGH chains: 25 (22.12%)
IGH non-functional: 2 (8%)
IGK chains: 52 (46.02%)
IGK non-functional: 4 (7.69%)
IGL chains: 31 (27.43%)
IGL non-functional: 1 (3.23%)

>>>>>>>>>>>>>>>>>> mixcr assembleContigs <<<<<<<<<<<<<<<<<<
Running:
mixcr assembleContigs --report /projects/rpci/songyao/pnfioric/arc_project/airr_calculation/tcr_quant/results/mixcr_RS-04430834.assembleContigs.report.txt --json-report /projects/rpci/songyao/pnfioric/arc_project/airr_calculation/tcr_quant/results/mixcr_RS-04430834.assembleContigs.report.json --threads 12 /projects/rpci/songyao/pnfioric/arc_project/airr_calculation/tcr_quant/results/mixcr_RS-04430834.clna /projects/rpci/songyao/pnfioric/arc_project/airr_calculation/tcr_quant/results/mixcr_RS-04430834.contigs.clns
Assembling contigs: 0%
================= report: assembleContigs =================
Analysis time: 226ms
Initial clonotype count: 113
Final clonotype count: 113 (100%)
Canceled assemblies: 0 (0%)
Clones filtered out after assemble: 0 (0%)
Number of premature termination assembly events, percent of number of initial clonotypes: 0.0 (0%)
Longest contig length: 275
Clustered variants: 0 (0%)
Reads in clustered variants: 0.0 (0%)
Reads in divided (newly created) clones: 0.0 (0%)
Clones with ambiguous letters in splitting region: 0 (0%)
Reads in clones with ambiguous letters in splitting region: 0.0 (0%)
Average number of ambiguous letters per clone with ambiguous letters in splitting region: NaN
Clones combined after clustering: 0 (0%)

>>>>>>>>>>>>>>>>>>>>>>>>> mixcr qc <<<<<<<<<<<<<<<<<<<<<<<<<
Running:
mixcr qc --print-to-stdout /projects/rpci/songyao/pnfioric/arc_project/airr_calculation/tcr_quant/results/mixcr_RS-04430834.contigs.clns /projects/rpci/songyao/pnfioric/arc_project/airr_calculation/tcr_quant/results/mixcr_RS-04430834.qc.txt /projects/rpci/songyao/pnfioric/arc_project/airr_calculation/tcr_quant/results/mixcr_RS-04430834.qc.json

  Alignments dropped due to low sequence quality: 0.0% [OK]

>>>>>>>>>>>>>>>>>>>> mixcr exportClones <<<<<<<<<<<<<<<<<<<<
Running:
mixcr exportClones /projects/rpci/songyao/pnfioric/arc_project/airr_calculation/tcr_quant/results/mixcr_RS-04430834.contigs.clns /projects/rpci/songyao/pnfioric/arc_project/airr_calculation/tcr_quant/results/mixcr_RS-04430834.clones.tsv
Analysis finished successfully.
===============================
Visualize results and simplify your immune data analysis with a convenient UI.
Explore and install Platforma.bio here: https://platforma.bio
