Exporting TRA
Exporting clones: 25%
Filtered 4 of 259 clones (98.46%).
Filtered 5.0 of 736.0 reads (99.32%).
Exporting IGH
Exporting clones: 1.6%
Filtered 64 of 259 clones (75.29%).
Filtered 156.0 of 736.0 reads (78.8%).
Exporting TRG
Exporting clones: 100%
Filtered 1 of 259 clones (99.61%).
Filtered 9.0 of 736.0 reads (98.78%).
Exporting IGL
Exporting clones: 2.7%
Filtered 74 of 259 clones (71.43%).
Filtered 221.0 of 736.0 reads (69.97%).
Exporting IGK
Exporting clones: 0.9%
Filtered 116 of 259 clones (55.21%).
Filtered 345.0 of 736.0 reads (53.12%).
