Exporting TRB
Exporting clones: 100%
Filtered 1 of 130 clones (99.23%).
Filtered 1.0 of 366.0 reads (99.73%).
Exporting TRA
Exporting clones: 100%
Filtered 1 of 130 clones (99.23%).
Filtered 2.0 of 366.0 reads (99.45%).
Exporting IGH
Exporting clones: 2.9%
Filtered 35 of 130 clones (73.08%).
Filtered 91.0 of 366.0 reads (75.14%).
Exporting TRG
Exporting clones: 50%
Filtered 2 of 130 clones (98.46%).
Filtered 7.0 of 366.0 reads (98.09%).
Exporting IGL
Exporting clones: 5.9%
Filtered 17 of 130 clones (86.92%).
Filtered 51.0 of 366.0 reads (86.07%).
Exporting IGK
Exporting clones: 1.4%
Filtered 74 of 130 clones (43.08%).
Filtered 214.0 of 366.0 reads (41.53%).
