Exporting TRB
Exporting clones: 33.3%
Filtered 3 of 213 clones (98.59%).
Filtered 10.0 of 1207.0 reads (99.17%).
Exporting TRA
Exporting clones: 33.3%
Filtered 3 of 213 clones (98.59%).
Filtered 5.0 of 1207.0 reads (99.59%).
Exporting IGH
Exporting clones: 1.6%
Filtered 64 of 213 clones (69.95%).
Filtered 244.0 of 1207.0 reads (79.78%).
Exporting IGL
Exporting clones: 2.6%
Filtered 39 of 213 clones (81.69%).
Filtered 328.0 of 1207.0 reads (72.83%).
Exporting IGK
Exporting clones: 1%
Filtered 104 of 213 clones (51.17%).
Filtered 620.0 of 1207.0 reads (48.63%).
