Exporting TRB
Exporting clones: 14.3%
Filtered 7 of 575 clones (98.78%).
Filtered 18.0 of 4650.0 reads (99.61%).
Exporting TRA
Exporting clones: 20%
Filtered 5 of 575 clones (99.13%).
Filtered 12.0 of 4650.0 reads (99.74%).
Exporting TRD
Exporting clones: 100%
Filtered 1 of 575 clones (99.83%).
Filtered 1.0 of 4650.0 reads (99.98%).
Exporting IGH
Exporting clones: 0.6%
Filtered 172 of 575 clones (70.09%).
Filtered 1282.0 of 4650.0 reads (72.43%).
Exporting TRG
Exporting clones: 100%
Filtered 1 of 575 clones (99.83%).
Filtered 5.0 of 4650.0 reads (99.89%).
Exporting IGL
Exporting clones: 0.7%
Filtered 134 of 575 clones (76.7%).
Filtered 1026.0 of 4650.0 reads (77.94%).
Exporting IGK
Exporting clones: 0.4%
Filtered 255 of 575 clones (55.65%).
Filtered 2306.0 of 4650.0 reads (50.41%).
