Exporting TRB
Exporting clones: 100%
Filtered 1 of 37 clones (97.3%).
Filtered 1.0 of 130.0 reads (99.23%).
Exporting TRA
Exporting clones: 100%
Filtered 1 of 37 clones (97.3%).
Filtered 2.0 of 130.0 reads (98.46%).
Exporting IGH
Exporting clones: 10%
Filtered 10 of 37 clones (72.97%).
Filtered 31.0 of 130.0 reads (76.15%).
Exporting IGL
Exporting clones: 16.7%
Filtered 6 of 37 clones (83.78%).
Filtered 21.0 of 130.0 reads (83.85%).
Exporting IGK
Exporting clones: 5.3%
Filtered 19 of 37 clones (48.65%).
Filtered 75.0 of 130.0 reads (42.31%).
