Exporting TRB
Exporting clones: 100%
Filtered 1 of 368 clones (99.73%).
Filtered 1.0 of 1939.0 reads (99.95%).
Exporting TRA
Exporting clones: 50%
Filtered 2 of 368 clones (99.46%).
Filtered 9.0 of 1939.0 reads (99.54%).
Exporting IGH
Exporting clones: 1.1%
Filtered 89 of 368 clones (75.82%).
Filtered 433.0 of 1939.0 reads (77.67%).
Exporting IGL
Exporting clones: 1.5%
Filtered 66 of 368 clones (82.07%).
Filtered 374.0 of 1939.0 reads (80.71%).
Exporting IGK
Exporting clones: 0.5%
Filtered 210 of 368 clones (42.93%).
Filtered 1122.0 of 1939.0 reads (42.14%).
