Exporting TRB
Exporting clones: 3.8%
Filtered 26 of 1826 clones (98.58%).
Filtered 45.0 of 18144.0 reads (99.75%).
Exporting TRA
Exporting clones: 2.4%
Filtered 41 of 1826 clones (97.75%).
Filtered 62.0 of 18144.0 reads (99.66%).
Exporting TRD
Exporting clones: 100%
Filtered 1 of 1826 clones (99.95%).
Filtered 1.0 of 18144.0 reads (99.99%).
Exporting IGH
Exporting clones: 0.2%
Filtered 627 of 1826 clones (65.66%).
Filtered 7415.0 of 18144.0 reads (59.13%).
Exporting TRG
Exporting clones: 50%
Filtered 4 of 1826 clones (99.78%).
Filtered 5.0 of 18144.0 reads (99.97%).
Exporting IGL
Exporting clones: 0.3%
Filtered 336 of 1826 clones (81.6%).
Filtered 3172.0 of 18144.0 reads (82.52%).
Exporting IGK
Exporting clones: 0.1%
Filtered 791 of 1826 clones (56.68%).
Filtered 7444.0 of 18144.0 reads (58.97%).
