Exporting TRB
Exporting clones: 20%
Filtered 5 of 223 clones (97.76%).
Filtered 15.0 of 777.0 reads (98.07%).
Exporting TRA
Exporting clones: 25%
Filtered 4 of 223 clones (98.21%).
Filtered 7.0 of 777.0 reads (99.1%).
Exporting IGH
Exporting clones: 1.8%
Filtered 56 of 223 clones (74.89%).
Filtered 159.0 of 777.0 reads (79.54%).
Exporting TRG
Exporting clones: 100%
Filtered 2 of 223 clones (99.1%).
Filtered 7.0 of 777.0 reads (99.1%).
Exporting IGL
Exporting clones: 4.8%
Filtered 42 of 223 clones (81.17%).
Filtered 103.0 of 777.0 reads (86.74%).
Exporting IGK
Exporting clones: 0.9%
Filtered 114 of 223 clones (48.88%).
Filtered 486.0 of 777.0 reads (37.45%).
