Exporting TRB
Exporting clones: 50%
Filtered 2 of 526 clones (99.62%).
Filtered 3.0 of 1234.0 reads (99.76%).
Exporting TRA
Exporting clones: 33.3%
Filtered 3 of 526 clones (99.43%).
Filtered 6.0 of 1234.0 reads (99.51%).
Exporting IGH
Exporting clones: 0.6%
Filtered 161 of 526 clones (69.39%).
Filtered 319.0 of 1234.0 reads (74.15%).
Exporting IGL
Exporting clones: 0.8%
Filtered 119 of 526 clones (77.38%).
Filtered 302.0 of 1234.0 reads (75.53%).
Exporting IGK
Exporting clones: 0.4%
Filtered 241 of 526 clones (54.18%).
Filtered 604.0 of 1234.0 reads (51.05%).
