Exporting TRB
Exporting clones: 50%
Filtered 2 of 461 clones (99.57%).
Filtered 4.0 of 3075.0 reads (99.87%).
Exporting TRA
Exporting clones: 14.3%
Filtered 7 of 461 clones (98.48%).
Filtered 34.0 of 3075.0 reads (98.89%).
Exporting IGH
Exporting clones: 1%
Filtered 100 of 461 clones (78.31%).
Filtered 497.0 of 3075.0 reads (83.84%).
Exporting IGL
Exporting clones: 1.1%
Filtered 89 of 461 clones (80.69%).
Filtered 613.0 of 3075.0 reads (80.07%).
Exporting IGK
Exporting clones: 0.4%
Filtered 263 of 461 clones (42.95%).
Filtered 1927.0 of 3075.0 reads (37.33%).
