WARNING: sun.reflect.Reflection.getCallerClass is not supported. This will impact performance.

>>>>>>>>>>>>>>>>>>>>>>> mixcr align <<<<<<<<<<<<<<<<<<<<<<<
Running:
mixcr align --report /projects/rpci/songyao/pnfioric/arc_project/airr_calculation/tcr_quant/results/mixcr_RS-04396738.align.report.txt --json-report /projects/rpci/songyao/pnfioric/arc_project/airr_calculation/tcr_quant/results/mixcr_RS-04396738.align.report.json --threads 12 --preset rna-seq --save-output-file-names /projects/rpci/songyao/pnfioric/arc_project/airr_calculation/tcr_quant/results/mixcr_RS-04396738.align.list.tsv --species hsa /projects/rpci/songyao/pnfioric/arc_project/airr_calculation/fastq_files/RS-04396738/RS-04396738_WCRS11025671-A3_RS-03840991_S90_R1_001.fastq.gz /projects/rpci/songyao/pnfioric/arc_project/airr_calculation/fastq_files/RS-04396738/RS-04396738_WCRS11025671-A3_RS-03840991_S90_R2_001.fastq.gz /projects/rpci/songyao/pnfioric/arc_project/airr_calculation/tcr_quant/results/mixcr_RS-04396738.alignments.vdjca
Alignment: 0%
Alignment: 2.7%  ETA: 01:12:07
Alignment: 5.5%  ETA: 01:08:03
Alignment: 8.2%  ETA: 01:07:22
Alignment: 11%  ETA: 01:04:43
Alignment: 13.7%  ETA: 01:03:21
Alignment: 16.5%  ETA: 01:00:08
Alignment: 19.3%  ETA: 00:57:34
Alignment: 22%  ETA: 00:56:07
Alignment: 24.8%  ETA: 00:54:39
Alignment: 27.5%  ETA: 00:53:11
Alignment: 30.3%  ETA: 00:50:40
Alignment: 33%  ETA: 00:49:10
Alignment: 35.7%  ETA: 00:47:39
Alignment: 38.4%  ETA: 00:45:12
Alignment: 41.2%  ETA: 00:42:45
Alignment: 43.9%  ETA: 00:40:46
Alignment: 46.7%  ETA: 00:38:45
Alignment: 49.4%  ETA: 00:37:31
Alignment: 52.1%  ETA: 00:34:47
Alignment: 54.9%  ETA: 00:33:08
Alignment: 57.6%  ETA: 00:31:27
Alignment: 60.3%  ETA: 00:29:09
Alignment: 63%  ETA: 00:26:52
Alignment: 65.8%  ETA: 00:25:08
Alignment: 68.5%  ETA: 00:22:39
Alignment: 71.3%  ETA: 00:20:52
Alignment: 74.1%  ETA: 00:18:40
Alignment: 76.8%  ETA: 00:17:02
Alignment: 79.5%  ETA: 00:15:01
Alignment: 82.2%  ETA: 00:13:02
Alignment: 85%  ETA: 00:11:02
Alignment: 87.7%  ETA: 00:09:08
Alignment: 90.4%  ETA: 00:06:52
Alignment: 93.2%  ETA: 00:04:52
Alignment: 96%  ETA: 00:02:55
Alignment: 98.7%  ETA: 00:00:53
====================== report: align ======================
Analysis time: 72.95m
Total sequencing reads: 72291922
Successfully aligned reads: 10840 (0.01%)
Coverage (percent of successfully aligned):
  CDR3: 3414 (31.49%)
  FR3_TO_FR4: 28 (0.26%)
  CDR2_TO_FR4: 10 (0.09%)
  FR2_TO_FR4: 2 (0.02%)
  CDR1_TO_FR4: 0 (0%)
  VDJRegion: 0 (0%)
Alignment failed: no hits (not TCR/IG?): 70385659 (97.36%)
Alignment failed after alignment-aided overlap: 3 (0%)
Alignment failed: no CDR3 parts: 37555 (0.05%)
Alignment failed: low total score: 1857865 (2.57%)
Overlapped: 57390914 (79.39%)
Overlapped and aligned: 9385 (0.01%)
Overlapped and not aligned: 57381529 (79.37%)
Alignment-aided overlaps, percent of overlapped and aligned: 377 (4.02%)
No CDR3 parts alignments, percent of successfully aligned: 229 (2.11%)
Partial aligned reads, percent of successfully aligned: 7197 (66.39%)
V gene chimeras: 10 (0%)
Paired-end alignment conflicts eliminated: 3 (0%)
Realigned with forced non-floating bound: 29802770 (41.23%)
Realigned with forced non-floating right bound in left read: 1611 (0%)
Realigned with forced non-floating left bound in right read: 1611 (0%)
TRA chains: 91 (0.84%)
TRA non-functional: 1 (1.1%)
TRB chains: 39 (0.36%)
TRB non-functional: 0 (0%)
TRD chains: 9 (0.08%)
TRD non-functional: 0 (0%)
TRG chains: 12 (0.11%)
TRG non-functional: 0 (0%)
IGH chains: 4203 (38.77%)
IGH non-functional: 15 (0.36%)
TRAD chains: 3 (0.03%)
TRAD non-functional: 0 (0%)
IGK chains: 3322 (30.65%)
IGK non-functional: 54 (1.63%)
IGL chains: 3161 (29.16%)
IGL non-functional: 7 (0.22%)
Trimming report:
  R1 reads trimmed left: 50841 (0.07%)
  R1 reads trimmed right: 55874 (0.08%)
  Average R1 nucleotides trimmed left: 0.011946839648280482
  Average R1 nucleotides trimmed right: 0.015155496903236297
  R2 reads trimmed left: 53596 (0.07%)
  R2 reads trimmed right: 53191 (0.07%)
  Average R2 nucleotides trimmed left: 0.011860232461380679
  Average R2 nucleotides trimmed right: 0.012862944769956456

>>>>>>>>>>>>>>>>>> mixcr assemblePartial <<<<<<<<<<<<<<<<<<
Running:
mixcr assemblePartial --report /projects/rpci/songyao/pnfioric/arc_project/airr_calculation/tcr_quant/results/mixcr_RS-04396738.assemblePartial.report.txt --json-report /projects/rpci/songyao/pnfioric/arc_project/airr_calculation/tcr_quant/results/mixcr_RS-04396738.assemblePartial.report.json /projects/rpci/songyao/pnfioric/arc_project/airr_calculation/tcr_quant/results/mixcr_RS-04396738.alignments.vdjca /projects/rpci/songyao/pnfioric/arc_project/airr_calculation/tcr_quant/results/mixcr_RS-04396738.passembled.1.vdjca
Building index: 0%
Searching for overlaps: 0%
================= report: assemblePartial =================
Analysis time: 531ms
Total alignments analysed: 10840
Number of output alignments: 10748 (99.15%)
Alignments already with CDR3 (no overlapping is performed): 3531 (32.57%)
Successfully overlapped alignments: 92 (0.85%)
Left parts with too small N-region (failed to extract k-mer): 1948 (17.97%)
Extracted k-mer diversity: 8120
Dropped due to wildcard in k-mer: 0 (0%)
Dropped due to too short NRegion parts in overlap: 91 (0.84%)
Dropped overlaps with empty N region due to no complete NDN coverage: 4 (0.04%)
Number of left-side alignments: 1230 (11.35%)
Number of right-side alignments: 4193 (38.68%)
Complex overlaps: 0 (0%)
Over-overlaps: 1 (0.01%)
Partial alignments written to output: 7125 (65.73%)

>>>>>>>>>>>>>>>>>> mixcr assemblePartial <<<<<<<<<<<<<<<<<<
Running:
mixcr assemblePartial --report /projects/rpci/songyao/pnfioric/arc_project/airr_calculation/tcr_quant/results/mixcr_RS-04396738.assemblePartial.report.txt --json-report /projects/rpci/songyao/pnfioric/arc_project/airr_calculation/tcr_quant/results/mixcr_RS-04396738.assemblePartial.report.json /projects/rpci/songyao/pnfioric/arc_project/airr_calculation/tcr_quant/results/mixcr_RS-04396738.passembled.1.vdjca /projects/rpci/songyao/pnfioric/arc_project/airr_calculation/tcr_quant/results/mixcr_RS-04396738.passembled.2.vdjca
Building index: 0%
Searching for overlaps: 0%
================= report: assemblePartial =================
Analysis time: 285ms
Total alignments analysed: 10748
Number of output alignments: 10748 (100%)
Alignments already with CDR3 (no overlapping is performed): 3623 (33.71%)
Successfully overlapped alignments: 0 (0%)
Left parts with too small N-region (failed to extract k-mer): 1947 (18.11%)
Extracted k-mer diversity: 7660
Dropped due to wildcard in k-mer: 0 (0%)
Dropped due to too short NRegion parts in overlap: 78 (0.73%)
Dropped overlaps with empty N region due to no complete NDN coverage: 5 (0.05%)
Number of left-side alignments: 1138 (10.59%)
Number of right-side alignments: 4099 (38.14%)
Complex overlaps: 0 (0%)
Over-overlaps: 1 (0.01%)
Partial alignments written to output: 7125 (66.29%)

>>>>>>>>>>>>>>>>>>>>>>> mixcr extend <<<<<<<<<<<<<<<<<<<<<<<
Running:
mixcr extend --report /projects/rpci/songyao/pnfioric/arc_project/airr_calculation/tcr_quant/results/mixcr_RS-04396738.extend.report.txt --json-report /projects/rpci/songyao/pnfioric/arc_project/airr_calculation/tcr_quant/results/mixcr_RS-04396738.extend.report.json --threads 12 /projects/rpci/songyao/pnfioric/arc_project/airr_calculation/tcr_quant/results/mixcr_RS-04396738.passembled.2.vdjca /projects/rpci/songyao/pnfioric/arc_project/airr_calculation/tcr_quant/results/mixcr_RS-04396738.extended.vdjca
Extending alignments: 0%
====================== report: extend ======================
Analysis time: 137ms
Extended alignments count: 0 (0%)
V extensions total: 0 (0%)
V extensions with merged targets: 0 (0%)
J extensions total: 0 (0%)
J extensions with merged targets: 0 (0%)
V+J extensions: 0 (0%)
Mean V extension length: NaN
Mean J extension length: NaN

>>>>>>>>>>>>>>>>>>>>>> mixcr assemble <<<<<<<<<<<<<<<<<<<<<<
Running:
mixcr assemble --report /projects/rpci/songyao/pnfioric/arc_project/airr_calculation/tcr_quant/results/mixcr_RS-04396738.assemble.report.txt --json-report /projects/rpci/songyao/pnfioric/arc_project/airr_calculation/tcr_quant/results/mixcr_RS-04396738.assemble.report.json /projects/rpci/songyao/pnfioric/arc_project/airr_calculation/tcr_quant/results/mixcr_RS-04396738.extended.vdjca /projects/rpci/songyao/pnfioric/arc_project/airr_calculation/tcr_quant/results/mixcr_RS-04396738.clna
Initialization: progress unknown
Building clones: 30%
Initialization: progress unknown
Writing alignments: 80.5%
===================== report: assemble =====================
Analysis time: 1.86s
Final clonotype count: 1438
Reads used in clonotypes, percent of total: 3447 (0%)
Average number of reads per clonotype: 2.4
Reads dropped due to the lack of a clone sequence, percent of total: 7242 (0.01%)
Reads dropped due to a too short clonal sequence, percent of total: 0 (0%)
Reads dropped due to low quality, percent of total: 0 (0%)
Reads dropped due to failed mapping, percent of total: 148 (0%)
Reads dropped with low quality clones, percent of total: 0 (0%)
Aligned reads processed: 3598
Reads used in clonotypes before clustering, percent of total: 3450 (0%)
Number of reads used as a core, percent of used: 3426 (99.3%)
Mapped low quality reads, percent of used: 24 (0.7%)
Reads clustered in PCR error correction, percent of used: 3 (0.09%)
Reads pre-clustered due to the similar VJC-lists, percent of used: 0 (0%)
Clonotypes dropped as low quality: 0
Clonotypes eliminated by PCR error correction: 3
Clonotypes pre-clustered due to the similar VJC-lists: 0
Clones dropped in post filtering: 0 (0%)
Reads dropped in post filtering: 0.0 (0%)
Reads filtered by tag prefix: 0 (0%)
TRA chains: 3 (0.21%)
TRA non-functional: 1 (33.33%)
TRB chains: 1 (0.07%)
TRB non-functional: 0 (0%)
IGH chains: 441 (30.67%)
IGH non-functional: 9 (2.04%)
IGK chains: 640 (44.51%)
IGK non-functional: 25 (3.91%)
IGL chains: 353 (24.55%)
IGL non-functional: 3 (0.85%)

>>>>>>>>>>>>>>>>>> mixcr assembleContigs <<<<<<<<<<<<<<<<<<
Running:
mixcr assembleContigs --report /projects/rpci/songyao/pnfioric/arc_project/airr_calculation/tcr_quant/results/mixcr_RS-04396738.assembleContigs.report.txt --json-report /projects/rpci/songyao/pnfioric/arc_project/airr_calculation/tcr_quant/results/mixcr_RS-04396738.assembleContigs.report.json --threads 12 /projects/rpci/songyao/pnfioric/arc_project/airr_calculation/tcr_quant/results/mixcr_RS-04396738.clna /projects/rpci/songyao/pnfioric/arc_project/airr_calculation/tcr_quant/results/mixcr_RS-04396738.contigs.clns
Assembling contigs: 0%
================= report: assembleContigs =================
Analysis time: 1.02s
Initial clonotype count: 1438
Final clonotype count: 1438 (100%)
Canceled assemblies: 0 (0%)
Clones filtered out after assemble: 0 (0%)
Number of premature termination assembly events, percent of number of initial clonotypes: 0.0 (0%)
Longest contig length: 442
Clustered variants: 0 (0%)
Reads in clustered variants: 0.0 (0%)
Reads in divided (newly created) clones: 0.0 (0%)
Clones with ambiguous letters in splitting region: 0 (0%)
Reads in clones with ambiguous letters in splitting region: 0.0 (0%)
Average number of ambiguous letters per clone with ambiguous letters in splitting region: NaN
Clones combined after clustering: 0 (0%)

>>>>>>>>>>>>>>>>>>>>>>>>> mixcr qc <<<<<<<<<<<<<<<<<<<<<<<<<
Running:
mixcr qc --print-to-stdout /projects/rpci/songyao/pnfioric/arc_project/airr_calculation/tcr_quant/results/mixcr_RS-04396738.contigs.clns /projects/rpci/songyao/pnfioric/arc_project/airr_calculation/tcr_quant/results/mixcr_RS-04396738.qc.txt /projects/rpci/songyao/pnfioric/arc_project/airr_calculation/tcr_quant/results/mixcr_RS-04396738.qc.json

  Alignments dropped due to low sequence quality: 0.0% [OK]

>>>>>>>>>>>>>>>>>>>> mixcr exportClones <<<<<<<<<<<<<<<<<<<<
Running:
mixcr exportClones /projects/rpci/songyao/pnfioric/arc_project/airr_calculation/tcr_quant/results/mixcr_RS-04396738.contigs.clns /projects/rpci/songyao/pnfioric/arc_project/airr_calculation/tcr_quant/results/mixcr_RS-04396738.clones.tsv
Analysis finished successfully.
===============================
Visualize results and simplify your immune data analysis with a convenient UI.
Explore and install Platforma.bio here: https://platforma.bio
