Exporting TRB
Exporting clones: 7.1%
Filtered 14 of 1216 clones (98.85%).
Filtered 30.0 of 3478.0 reads (99.14%).
Exporting TRA
Exporting clones: 3.6%
Filtered 28 of 1216 clones (97.7%).
Filtered 52.0 of 3478.0 reads (98.5%).
Exporting IGH
Exporting clones: 0.4%
Filtered 265 of 1216 clones (78.21%).
Filtered 656.0 of 3478.0 reads (81.14%).
Exporting TRG
Exporting clones: 33.3%
Filtered 3 of 1216 clones (99.75%).
Filtered 6.0 of 3478.0 reads (99.83%).
Exporting IGL
Exporting clones: 0.3%
Filtered 341 of 1216 clones (71.96%).
Filtered 1000.0 of 3478.0 reads (71.25%).
Exporting IGK
Exporting clones: 0.2%
Filtered 565 of 1216 clones (53.54%).
Filtered 1734.0 of 3478.0 reads (50.14%).
