Exporting TRB
Exporting clones: 12.5%
Filtered 8 of 621 clones (98.71%).
Filtered 11.0 of 1627.0 reads (99.32%).
Exporting TRA
Exporting clones: 8.3%
Filtered 12 of 621 clones (98.07%).
Filtered 19.0 of 1627.0 reads (98.83%).
Exporting IGH
Exporting clones: 0.6%
Filtered 165 of 621 clones (73.43%).
Filtered 331.0 of 1627.0 reads (79.66%).
Exporting TRG
Exporting clones: 100%
Filtered 1 of 621 clones (99.84%).
Filtered 1.0 of 1627.0 reads (99.94%).
Exporting IGL
Exporting clones: 0.5%
Filtered 199 of 621 clones (67.95%).
Filtered 540.0 of 1627.0 reads (66.81%).
Exporting IGK
Exporting clones: 0.8%
Filtered 236 of 621 clones (62%).
Filtered 725.0 of 1627.0 reads (55.44%).
