Exporting TRB
Exporting clones: 20%
Filtered 5 of 1052 clones (99.52%).
Filtered 7.0 of 1866.0 reads (99.62%).
Exporting TRA
Exporting clones: 10%
Filtered 10 of 1052 clones (99.05%).
Filtered 15.0 of 1866.0 reads (99.2%).
Exporting IGH
Exporting clones: 0.4%
Filtered 284 of 1052 clones (73%).
Filtered 469.0 of 1866.0 reads (74.87%).
Exporting TRG
Exporting clones: 100%
Filtered 3 of 1052 clones (99.71%).
Filtered 8.0 of 1866.0 reads (99.57%).
Exporting IGL
Exporting clones: 1%
Filtered 203 of 1052 clones (80.7%).
Filtered 324.0 of 1866.0 reads (82.64%).
Exporting IGK
Exporting clones: 0.2%
Filtered 547 of 1052 clones (48%).
Filtered 1043.0 of 1866.0 reads (44.11%).
