Exporting TRB
Exporting clones: 25%
Filtered 4 of 828 clones (99.52%).
Filtered 6.0 of 19860.0 reads (99.97%).
Exporting TRA
Exporting clones: 4.2%
Filtered 24 of 828 clones (97.1%).
Filtered 37.0 of 19860.0 reads (99.81%).
Exporting TRD
Exporting clones: 100%
Filtered 1 of 828 clones (99.88%).
Filtered 1.0 of 19860.0 reads (99.99%).
Exporting IGH
Exporting clones: 0.3%
Filtered 296 of 828 clones (64.25%).
Filtered 6755.0 of 19860.0 reads (65.99%).
Exporting TRG
Exporting clones: 50%
Filtered 8 of 828 clones (99.03%).
Filtered 12.0 of 19860.0 reads (99.94%).
Exporting IGL
Exporting clones: 1.3%
Filtered 236 of 828 clones (71.5%).
Filtered 6589.0 of 19860.0 reads (66.82%).
Exporting IGK
Exporting clones: 1.2%
Filtered 259 of 828 clones (68.72%).
Filtered 6460.0 of 19860.0 reads (67.47%).
