Exporting TRB
Exporting clones: 25%
Filtered 4 of 41 clones (90.24%).
Filtered 7.0 of 93.0 reads (92.47%).
Exporting TRA
Exporting clones: 25%
Filtered 4 of 41 clones (90.24%).
Filtered 9.0 of 93.0 reads (90.32%).
Exporting IGH
Exporting clones: 12.5%
Filtered 8 of 41 clones (80.49%).
Filtered 11.0 of 93.0 reads (88.17%).
Exporting TRG
Exporting clones: 100%
Filtered 1 of 41 clones (97.56%).
Filtered 3.0 of 93.0 reads (96.77%).
Exporting IGL
Exporting clones: 20%
Filtered 5 of 41 clones (87.8%).
Filtered 14.0 of 93.0 reads (84.95%).
Exporting IGK
Exporting clones: 5.3%
Filtered 19 of 41 clones (53.66%).
Filtered 49.0 of 93.0 reads (47.31%).
