Exporting TRB
Exporting clones: 7.7%
Filtered 13 of 1559 clones (99.17%).
Filtered 21.0 of 4671.0 reads (99.55%).
Exporting TRA
Exporting clones: 4%
Filtered 25 of 1559 clones (98.4%).
Filtered 45.0 of 4671.0 reads (99.04%).
Exporting IGH
Exporting clones: 0.2%
Filtered 487 of 1559 clones (68.76%).
Filtered 1299.0 of 4671.0 reads (72.19%).
Exporting TRG
Exporting clones: 30%
Filtered 10 of 1559 clones (99.36%).
Filtered 19.0 of 4671.0 reads (99.59%).
Exporting IGL
Exporting clones: 0.8%
Filtered 370 of 1559 clones (76.27%).
Filtered 1305.0 of 4671.0 reads (72.06%).
Exporting IGK
Exporting clones: 0.6%
Filtered 654 of 1559 clones (58.05%).
Filtered 1982.0 of 4671.0 reads (57.57%).
