Exporting TRA
Exporting clones: 100%
Filtered 1 of 393 clones (99.75%).
Filtered 2.0 of 8505.0 reads (99.98%).
Exporting IGH
Exporting clones: 0.8%
Filtered 132 of 393 clones (66.41%).
Filtered 2311.0 of 8505.0 reads (72.83%).
Exporting TRG
Exporting clones: 100%
Filtered 1 of 393 clones (99.75%).
Filtered 12.0 of 8505.0 reads (99.86%).
Exporting IGL
Exporting clones: 1%
Filtered 102 of 393 clones (74.05%).
Filtered 2470.0 of 8505.0 reads (70.96%).
Exporting IGK
Exporting clones: 1.3%
Filtered 157 of 393 clones (60.05%).
Filtered 3710.0 of 8505.0 reads (56.38%).
