Exporting TRB
Exporting clones: 25%
Filtered 4 of 88 clones (95.45%).
Filtered 15.0 of 329.0 reads (95.44%).
Exporting TRA
Exporting clones: 25%
Filtered 4 of 88 clones (95.45%).
Filtered 11.0 of 329.0 reads (96.66%).
Exporting IGH
Exporting clones: 4.5%
Filtered 22 of 88 clones (75%).
Filtered 80.0 of 329.0 reads (75.68%).
Exporting TRG
Exporting clones: 100%
Filtered 1 of 88 clones (98.86%).
Filtered 5.0 of 329.0 reads (98.48%).
Exporting IGL
Exporting clones: 5%
Filtered 20 of 88 clones (77.27%).
Filtered 89.0 of 329.0 reads (72.95%).
Exporting IGK
Exporting clones: 2.7%
Filtered 37 of 88 clones (57.95%).
Filtered 129.0 of 329.0 reads (60.79%).
