Exporting TRB
Exporting clones: 100%
Filtered 1 of 23 clones (95.65%).
Filtered 1.0 of 163.0 reads (99.39%).
Exporting TRA
Exporting clones: 50%
Filtered 2 of 23 clones (91.3%).
Filtered 16.0 of 163.0 reads (90.18%).
Exporting IGH
Exporting clones: 33.3%
Filtered 3 of 23 clones (86.96%).
Filtered 12.0 of 163.0 reads (92.64%).
Exporting IGL
Exporting clones: 16.7%
Filtered 6 of 23 clones (73.91%).
Filtered 43.0 of 163.0 reads (73.62%).
Exporting IGK
Exporting clones: 9.1%
Filtered 11 of 23 clones (52.17%).
Filtered 91.0 of 163.0 reads (44.17%).
