Exporting TRB
Exporting clones: 33.3%
Filtered 3 of 551 clones (99.46%).
Filtered 11.0 of 2166.0 reads (99.49%).
Exporting TRA
Exporting clones: 9.1%
Filtered 11 of 551 clones (98%).
Filtered 19.0 of 2166.0 reads (99.12%).
Exporting TRD
Exporting clones: 100%
Filtered 1 of 551 clones (99.82%).
Filtered 3.0 of 2166.0 reads (99.86%).
Exporting IGH
Exporting clones: 0.8%
Filtered 132 of 551 clones (76.04%).
Filtered 437.0 of 2166.0 reads (79.82%).
Exporting IGL
Exporting clones: 0.9%
Filtered 111 of 551 clones (79.85%).
Filtered 484.0 of 2166.0 reads (77.65%).
Exporting IGK
Exporting clones: 0.3%
Filtered 293 of 551 clones (46.82%).
Filtered 1212.0 of 2166.0 reads (44.04%).
