WARNING: sun.reflect.Reflection.getCallerClass is not supported. This will impact performance.

>>>>>>>>>>>>>>>>>>>>>>> mixcr align <<<<<<<<<<<<<<<<<<<<<<<
Running:
mixcr align --report /projects/rpci/songyao/pnfioric/arc_project/airr_calculation/tcr_quant/results/mixcr_RS-04396643.align.report.txt --json-report /projects/rpci/songyao/pnfioric/arc_project/airr_calculation/tcr_quant/results/mixcr_RS-04396643.align.report.json --threads 12 --preset rna-seq --save-output-file-names /projects/rpci/songyao/pnfioric/arc_project/airr_calculation/tcr_quant/results/mixcr_RS-04396643.align.list.tsv --species hsa /projects/rpci/songyao/pnfioric/arc_project/airr_calculation/fastq_files/RS-04396643/RS-04396643_S96-1245-D_RS-04227446_S13_R1_001.fastq.gz /projects/rpci/songyao/pnfioric/arc_project/airr_calculation/fastq_files/RS-04396643/RS-04396643_S96-1245-D_RS-04227446_S13_R2_001.fastq.gz /projects/rpci/songyao/pnfioric/arc_project/airr_calculation/tcr_quant/results/mixcr_RS-04396643.alignments.vdjca
Alignment: 0%
Alignment: 2.3%  ETA: 01:25:33
Alignment: 4.6%  ETA: 01:23:32
Alignment: 6.9%  ETA: 01:21:32
Alignment: 9.1%  ETA: 01:19:32
Alignment: 11.4%  ETA: 01:18:32
Alignment: 13.7%  ETA: 01:14:36
Alignment: 16%  ETA: 01:13:32
Alignment: 18.3%  ETA: 01:10:38
Alignment: 20.6%  ETA: 01:09:30
Alignment: 22.9%  ETA: 01:06:39
Alignment: 25.1%  ETA: 01:07:22
Alignment: 27.4%  ETA: 01:03:32
Alignment: 29.6%  ETA: 01:03:18
Alignment: 31.9%  ETA: 01:00:22
Alignment: 34.1%  ETA: 00:59:16
Alignment: 36.4%  ETA: 00:55:39
Alignment: 38.6%  ETA: 00:55:13
Alignment: 40.9%  ETA: 00:51:42
Alignment: 43.2%  ETA: 00:50:29
Alignment: 45.4%  ETA: 00:48:22
Alignment: 47.7%  ETA: 00:46:29
Alignment: 49.9%  ETA: 00:44:29
Alignment: 52.2%  ETA: 00:42:22
Alignment: 54.4%  ETA: 00:40:29
Alignment: 56.7%  ETA: 00:38:59
Alignment: 58.9%  ETA: 00:36:24
Alignment: 61.1%  ETA: 00:34:57
Alignment: 63.4%  ETA: 00:32:58
Alignment: 65.7%  ETA: 00:30:04
Alignment: 67.9%  ETA: 00:28:04
Alignment: 70.2%  ETA: 00:26:29
Alignment: 72.5%  ETA: 00:24:05
Alignment: 74.7%  ETA: 00:22:27
Alignment: 76.9%  ETA: 00:20:44
Alignment: 79.2%  ETA: 00:18:25
Alignment: 81.4%  ETA: 00:16:42
Alignment: 83.7%  ETA: 00:14:27
Alignment: 85.9%  ETA: 00:12:29
Alignment: 88.2%  ETA: 00:10:27
Alignment: 90.5%  ETA: 00:08:19
Alignment: 92.9%  ETA: 00:06:00
Alignment: 95.2%  ETA: 00:04:06
Alignment: 97.5%  ETA: 00:02:05
Alignment: 99.9%  ETA: 00:00:03
====================== report: align ======================
Analysis time: 88.16m
Total sequencing reads: 90902016
Successfully aligned reads: 58 (0%)
Coverage (percent of successfully aligned):
  CDR3: 6 (10.34%)
  FR3_TO_FR4: 0 (0%)
  CDR2_TO_FR4: 0 (0%)
  FR2_TO_FR4: 0 (0%)
  CDR1_TO_FR4: 0 (0%)
  VDJRegion: 0 (0%)
Alignment failed: no hits (not TCR/IG?): 90356739 (99.4%)
Alignment failed: no CDR3 parts: 430 (0%)
Alignment failed: low total score: 544789 (0.6%)
Overlapped: 49149152 (54.07%)
Overlapped and aligned: 58 (0%)
Overlapped and not aligned: 49149094 (54.07%)
Alignment-aided overlaps, percent of overlapped and aligned: 0 (0%)
Partial aligned reads, percent of successfully aligned: 52 (89.66%)
Realigned with forced non-floating bound: 83505728 (91.86%)
Realigned with forced non-floating right bound in left read: 58 (0%)
Realigned with forced non-floating left bound in right read: 58 (0%)
IGH chains: 24 (41.38%)
IGH non-functional: 0 (0%)
IGK chains: 4 (6.9%)
IGK non-functional: 0 (0%)
IGL chains: 30 (51.72%)
IGL non-functional: 0 (0%)
Trimming report:
  R1 reads trimmed left: 275957 (0.3%)
  R1 reads trimmed right: 283085 (0.31%)
  Average R1 nucleotides trimmed left: 0.05160660023205646
  Average R1 nucleotides trimmed right: 0.057204517884399834
  R2 reads trimmed left: 277269 (0.31%)
  R2 reads trimmed right: 277363 (0.31%)
  Average R2 nucleotides trimmed left: 0.051097249592352276
  Average R2 nucleotides trimmed right: 0.05447071712908985

>>>>>>>>>>>>>>>>>> mixcr assemblePartial <<<<<<<<<<<<<<<<<<
Running:
mixcr assemblePartial --report /projects/rpci/songyao/pnfioric/arc_project/airr_calculation/tcr_quant/results/mixcr_RS-04396643.assemblePartial.report.txt --json-report /projects/rpci/songyao/pnfioric/arc_project/airr_calculation/tcr_quant/results/mixcr_RS-04396643.assemblePartial.report.json /projects/rpci/songyao/pnfioric/arc_project/airr_calculation/tcr_quant/results/mixcr_RS-04396643.alignments.vdjca /projects/rpci/songyao/pnfioric/arc_project/airr_calculation/tcr_quant/results/mixcr_RS-04396643.passembled.1.vdjca
Building index: 0%
Searching for overlaps: 1.7%
================= report: assemblePartial =================
Analysis time: 95ms
Total alignments analysed: 58
Number of output alignments: 58 (100%)
Alignments already with CDR3 (no overlapping is performed): 6 (10.34%)
Successfully overlapped alignments: 0 (0%)
Left parts with too small N-region (failed to extract k-mer): 38 (65.52%)
Extracted k-mer diversity: 0
Dropped due to wildcard in k-mer: 0 (0%)
Dropped due to too short NRegion parts in overlap: 0 (0%)
Dropped overlaps with empty N region due to no complete NDN coverage: 0 (0%)
Number of left-side alignments: 0 (0%)
Number of right-side alignments: 14 (24.14%)
Complex overlaps: 0 (0%)
Over-overlaps: 0 (0%)
Partial alignments written to output: 52 (89.66%)

>>>>>>>>>>>>>>>>>> mixcr assemblePartial <<<<<<<<<<<<<<<<<<
Running:
mixcr assemblePartial --report /projects/rpci/songyao/pnfioric/arc_project/airr_calculation/tcr_quant/results/mixcr_RS-04396643.assemblePartial.report.txt --json-report /projects/rpci/songyao/pnfioric/arc_project/airr_calculation/tcr_quant/results/mixcr_RS-04396643.assemblePartial.report.json /projects/rpci/songyao/pnfioric/arc_project/airr_calculation/tcr_quant/results/mixcr_RS-04396643.passembled.1.vdjca /projects/rpci/songyao/pnfioric/arc_project/airr_calculation/tcr_quant/results/mixcr_RS-04396643.passembled.2.vdjca
Building index: 0%
Searching for overlaps: 17.2%
================= report: assemblePartial =================
Analysis time: 39ms
Total alignments analysed: 58
Number of output alignments: 58 (100%)
Alignments already with CDR3 (no overlapping is performed): 6 (10.34%)
Successfully overlapped alignments: 0 (0%)
Left parts with too small N-region (failed to extract k-mer): 38 (65.52%)
Extracted k-mer diversity: 0
Dropped due to wildcard in k-mer: 0 (0%)
Dropped due to too short NRegion parts in overlap: 0 (0%)
Dropped overlaps with empty N region due to no complete NDN coverage: 0 (0%)
Number of left-side alignments: 0 (0%)
Number of right-side alignments: 14 (24.14%)
Complex overlaps: 0 (0%)
Over-overlaps: 0 (0%)
Partial alignments written to output: 52 (89.66%)

>>>>>>>>>>>>>>>>>>>>>>> mixcr extend <<<<<<<<<<<<<<<<<<<<<<<
Running:
mixcr extend --report /projects/rpci/songyao/pnfioric/arc_project/airr_calculation/tcr_quant/results/mixcr_RS-04396643.extend.report.txt --json-report /projects/rpci/songyao/pnfioric/arc_project/airr_calculation/tcr_quant/results/mixcr_RS-04396643.extend.report.json --threads 12 /projects/rpci/songyao/pnfioric/arc_project/airr_calculation/tcr_quant/results/mixcr_RS-04396643.passembled.2.vdjca /projects/rpci/songyao/pnfioric/arc_project/airr_calculation/tcr_quant/results/mixcr_RS-04396643.extended.vdjca
Extending alignments: 0%
====================== report: extend ======================
Analysis time: 9ms
Extended alignments count: 0 (0%)
V extensions total: 0 (0%)
V extensions with merged targets: 0 (0%)
J extensions total: 0 (0%)
J extensions with merged targets: 0 (0%)
V+J extensions: 0 (0%)
Mean V extension length: NaN
Mean J extension length: NaN

>>>>>>>>>>>>>>>>>>>>>> mixcr assemble <<<<<<<<<<<<<<<<<<<<<<
Running:
mixcr assemble --report /projects/rpci/songyao/pnfioric/arc_project/airr_calculation/tcr_quant/results/mixcr_RS-04396643.assemble.report.txt --json-report /projects/rpci/songyao/pnfioric/arc_project/airr_calculation/tcr_quant/results/mixcr_RS-04396643.assemble.report.json /projects/rpci/songyao/pnfioric/arc_project/airr_calculation/tcr_quant/results/mixcr_RS-04396643.extended.vdjca /projects/rpci/songyao/pnfioric/arc_project/airr_calculation/tcr_quant/results/mixcr_RS-04396643.clna
Initialization: progress unknown
Initialization: progress unknown
===================== report: assemble =====================
Analysis time: 173ms
Final clonotype count: 1
Reads used in clonotypes, percent of total: 6 (0%)
Average number of reads per clonotype: 6
Reads dropped due to the lack of a clone sequence, percent of total: 52 (0%)
Reads dropped due to a too short clonal sequence, percent of total: 0 (0%)
Reads dropped due to low quality, percent of total: 0 (0%)
Reads dropped due to failed mapping, percent of total: 0 (0%)
Reads dropped with low quality clones, percent of total: 0 (0%)
Aligned reads processed: 6
Reads used in clonotypes before clustering, percent of total: 6 (0%)
Number of reads used as a core, percent of used: 6 (100%)
Mapped low quality reads, percent of used: 0 (0%)
Reads clustered in PCR error correction, percent of used: 0 (0%)
Reads pre-clustered due to the similar VJC-lists, percent of used: 0 (0%)
Clonotypes dropped as low quality: 0
Clonotypes eliminated by PCR error correction: 0
Clonotypes pre-clustered due to the similar VJC-lists: 0
Clones dropped in post filtering: 0 (0%)
Reads dropped in post filtering: 0.0 (0%)
Reads filtered by tag prefix: 0 (0%)
IGH chains: 1 (100%)
IGH non-functional: 0 (0%)

>>>>>>>>>>>>>>>>>> mixcr assembleContigs <<<<<<<<<<<<<<<<<<
Running:
mixcr assembleContigs --report /projects/rpci/songyao/pnfioric/arc_project/airr_calculation/tcr_quant/results/mixcr_RS-04396643.assembleContigs.report.txt --json-report /projects/rpci/songyao/pnfioric/arc_project/airr_calculation/tcr_quant/results/mixcr_RS-04396643.assembleContigs.report.json --threads 12 /projects/rpci/songyao/pnfioric/arc_project/airr_calculation/tcr_quant/results/mixcr_RS-04396643.clna /projects/rpci/songyao/pnfioric/arc_project/airr_calculation/tcr_quant/results/mixcr_RS-04396643.contigs.clns
Assembling contigs: 0%
================= report: assembleContigs =================
Analysis time: 119ms
Initial clonotype count: 1
Final clonotype count: 1 (100%)
Canceled assemblies: 0 (0%)
Clones filtered out after assemble: 0 (0%)
Number of premature termination assembly events, percent of number of initial clonotypes: 0.0 (0%)
Longest contig length: 101
Clustered variants: 0 (0%)
Reads in clustered variants: 0.0 (0%)
Reads in divided (newly created) clones: 0.0 (0%)
Clones with ambiguous letters in splitting region: 0 (0%)
Reads in clones with ambiguous letters in splitting region: 0.0 (0%)
Average number of ambiguous letters per clone with ambiguous letters in splitting region: NaN
Clones combined after clustering: 0 (0%)

>>>>>>>>>>>>>>>>>>>>>>>>> mixcr qc <<<<<<<<<<<<<<<<<<<<<<<<<
Running:
mixcr qc --print-to-stdout /projects/rpci/songyao/pnfioric/arc_project/airr_calculation/tcr_quant/results/mixcr_RS-04396643.contigs.clns /projects/rpci/songyao/pnfioric/arc_project/airr_calculation/tcr_quant/results/mixcr_RS-04396643.qc.txt /projects/rpci/songyao/pnfioric/arc_project/airr_calculation/tcr_quant/results/mixcr_RS-04396643.qc.json

  Alignments dropped due to low sequence quality: 0.0% [OK]

>>>>>>>>>>>>>>>>>>>> mixcr exportClones <<<<<<<<<<<<<<<<<<<<
Running:
mixcr exportClones /projects/rpci/songyao/pnfioric/arc_project/airr_calculation/tcr_quant/results/mixcr_RS-04396643.contigs.clns /projects/rpci/songyao/pnfioric/arc_project/airr_calculation/tcr_quant/results/mixcr_RS-04396643.clones.tsv
Analysis finished successfully.
===============================
Visualize results and simplify your immune data analysis with a convenient UI.
Explore and install Platforma.bio here: https://platforma.bio
