Exporting TRB
Exporting clones: 50%
Filtered 2 of 784 clones (99.74%).
Filtered 3.0 of 2716.0 reads (99.89%).
Exporting TRA
Exporting clones: 6.2%
Filtered 16 of 784 clones (97.96%).
Filtered 30.0 of 2716.0 reads (98.9%).
Exporting IGH
Exporting clones: 0.4%
Filtered 229 of 784 clones (70.79%).
Filtered 651.0 of 2716.0 reads (76.03%).
Exporting TRG
Exporting clones: 60%
Filtered 5 of 784 clones (99.36%).
Filtered 18.0 of 2716.0 reads (99.34%).
Exporting IGL
Exporting clones: 1.2%
Filtered 168 of 784 clones (78.57%).
Filtered 719.0 of 2716.0 reads (73.53%).
Exporting IGK
Exporting clones: 0.3%
Filtered 364 of 784 clones (53.57%).
Filtered 1295.0 of 2716.0 reads (52.32%).
