Exporting TRB
Exporting clones: 20%
Filtered 5 of 239 clones (97.91%).
Filtered 24.0 of 640.0 reads (96.25%).
Exporting TRA
Exporting clones: 14.3%
Filtered 7 of 239 clones (97.07%).
Filtered 20.0 of 640.0 reads (96.88%).
Exporting IGH
Exporting clones: 1.9%
Filtered 53 of 239 clones (77.82%).
Filtered 140.0 of 640.0 reads (78.12%).
Exporting TRG
Exporting clones: 25%
Filtered 4 of 239 clones (98.33%).
Filtered 16.0 of 640.0 reads (97.5%).
Exporting IGL
Exporting clones: 1.9%
Filtered 53 of 239 clones (77.82%).
Filtered 149.0 of 640.0 reads (76.72%).
Exporting IGK
Exporting clones: 0.9%
Filtered 117 of 239 clones (51.05%).
Filtered 291.0 of 640.0 reads (54.53%).
