WARNING: sun.reflect.Reflection.getCallerClass is not supported. This will impact performance.

>>>>>>>>>>>>>>>>>>>>>>> mixcr align <<<<<<<<<<<<<<<<<<<<<<<
Running:
mixcr align --report /projects/rpci/songyao/pnfioric/arc_project/airr_calculation/tcr_quant/results/mixcr_RS-04396730.align.report.txt --json-report /projects/rpci/songyao/pnfioric/arc_project/airr_calculation/tcr_quant/results/mixcr_RS-04396730.align.report.json --threads 12 --preset rna-seq --save-output-file-names /projects/rpci/songyao/pnfioric/arc_project/airr_calculation/tcr_quant/results/mixcr_RS-04396730.align.list.tsv --species hsa /projects/rpci/songyao/pnfioric/arc_project/airr_calculation/fastq_files/RS-04396730/RS-04396730_SSCS08008422-A6_RS-03883331_S82_R1_001.fastq.gz /projects/rpci/songyao/pnfioric/arc_project/airr_calculation/fastq_files/RS-04396730/RS-04396730_SSCS08008422-A6_RS-03883331_S82_R2_001.fastq.gz /projects/rpci/songyao/pnfioric/arc_project/airr_calculation/tcr_quant/results/mixcr_RS-04396730.alignments.vdjca
Alignment: 0%
Alignment: 3.1%  ETA: 01:01:59
Alignment: 6.3%  ETA: 00:58:18
Alignment: 9.5%  ETA: 00:57:22
Alignment: 12.7%  ETA: 00:55:21
Alignment: 15.9%  ETA: 00:52:23
Alignment: 19.1%  ETA: 00:50:23
Alignment: 22.3%  ETA: 00:48:22
Alignment: 25.5%  ETA: 00:46:49
Alignment: 28.6%  ETA: 00:45:41
Alignment: 31.7%  ETA: 00:43:40
Alignment: 34.9%  ETA: 00:41:16
Alignment: 38%  ETA: 00:39:39
Alignment: 41.2%  ETA: 00:36:56
Alignment: 44.4%  ETA: 00:34:56
Alignment: 47.6%  ETA: 00:32:56
Alignment: 50.7%  ETA: 00:31:33
Alignment: 53.8%  ETA: 00:29:15
Alignment: 57%  ETA: 00:27:15
Alignment: 60.1%  ETA: 00:25:30
Alignment: 63.3%  ETA: 00:23:16
Alignment: 66.5%  ETA: 00:20:51
Alignment: 69.7%  ETA: 00:19:02
Alignment: 72.9%  ETA: 00:17:02
Alignment: 76%  ETA: 00:15:02
Alignment: 79.2%  ETA: 00:13:10
Alignment: 82.3%  ETA: 00:11:25
Alignment: 85.5%  ETA: 00:09:13
Alignment: 88.6%  ETA: 00:07:18
Alignment: 91.8%  ETA: 00:05:06
Alignment: 95%  ETA: 00:03:03
Alignment: 98.2%  ETA: 00:01:07
====================== report: align ======================
Analysis time: 63.17m
Total sequencing reads: 66193683
Successfully aligned reads: 14034 (0.02%)
Coverage (percent of successfully aligned):
  CDR3: 4339 (30.92%)
  FR3_TO_FR4: 74 (0.53%)
  CDR2_TO_FR4: 29 (0.21%)
  FR2_TO_FR4: 3 (0.02%)
  CDR1_TO_FR4: 0 (0%)
  VDJRegion: 0 (0%)
Alignment failed: no hits (not TCR/IG?): 64536661 (97.5%)
Alignment failed after alignment-aided overlap: 4 (0%)
Alignment failed: no CDR3 parts: 37223 (0.06%)
Alignment failed: low total score: 1605761 (2.43%)
Overlapped: 54787853 (82.77%)
Overlapped and aligned: 12360 (0.02%)
Overlapped and not aligned: 54775493 (82.75%)
Alignment-aided overlaps, percent of overlapped and aligned: 413 (3.34%)
No CDR3 parts alignments, percent of successfully aligned: 280 (2%)
Partial aligned reads, percent of successfully aligned: 9415 (67.09%)
V gene chimeras: 11 (0%)
J gene chimeras: 5 (0%)
Realigned with forced non-floating bound: 22812486 (34.46%)
Realigned with forced non-floating right bound in left read: 1239 (0%)
Realigned with forced non-floating left bound in right read: 1239 (0%)
TRA chains: 803 (5.72%)
TRA non-functional: 5 (0.62%)
TRB chains: 232 (1.65%)
TRB non-functional: 9 (3.88%)
TRD chains: 1 (0.01%)
TRD non-functional: 0 (0%)
TRG chains: 33 (0.24%)
TRG non-functional: 6 (18.18%)
IGH chains: 4321 (30.79%)
IGH non-functional: 16 (0.37%)
TRAD chains: 6 (0.04%)
TRAD non-functional: 0 (0%)
IGK chains: 5198 (37.04%)
IGK non-functional: 119 (2.29%)
IGL chains: 3440 (24.51%)
IGL non-functional: 14 (0.41%)
Trimming report:
  R1 reads trimmed left: 28134 (0.04%)
  R1 reads trimmed right: 32441 (0.05%)
  Average R1 nucleotides trimmed left: 0.007221942915610241
  Average R1 nucleotides trimmed right: 0.009964742406008743
  R2 reads trimmed left: 30858 (0.05%)
  R2 reads trimmed right: 30488 (0.05%)
  Average R2 nucleotides trimmed left: 0.007210431243114241
  Average R2 nucleotides trimmed right: 0.007927629589669456

>>>>>>>>>>>>>>>>>> mixcr assemblePartial <<<<<<<<<<<<<<<<<<
Running:
mixcr assemblePartial --report /projects/rpci/songyao/pnfioric/arc_project/airr_calculation/tcr_quant/results/mixcr_RS-04396730.assemblePartial.report.txt --json-report /projects/rpci/songyao/pnfioric/arc_project/airr_calculation/tcr_quant/results/mixcr_RS-04396730.assemblePartial.report.json /projects/rpci/songyao/pnfioric/arc_project/airr_calculation/tcr_quant/results/mixcr_RS-04396730.alignments.vdjca /projects/rpci/songyao/pnfioric/arc_project/airr_calculation/tcr_quant/results/mixcr_RS-04396730.passembled.1.vdjca
Building index: 0%
Searching for overlaps: 0%
================= report: assemblePartial =================
Analysis time: 914ms
Total alignments analysed: 14034
Number of output alignments: 13869 (98.82%)
Alignments already with CDR3 (no overlapping is performed): 4507 (32.11%)
Successfully overlapped alignments: 165 (1.18%)
Left parts with too small N-region (failed to extract k-mer): 1987 (14.16%)
Extracted k-mer diversity: 7634
Dropped due to wildcard in k-mer: 0 (0%)
Dropped due to too short NRegion parts in overlap: 259 (1.85%)
Dropped overlaps with empty N region due to no complete NDN coverage: 3 (0.02%)
Number of left-side alignments: 1509 (10.75%)
Number of right-side alignments: 6077 (43.3%)
Complex overlaps: 0 (0%)
Over-overlaps: 0 (0%)
Partial alignments written to output: 9197 (65.53%)

>>>>>>>>>>>>>>>>>> mixcr assemblePartial <<<<<<<<<<<<<<<<<<
Running:
mixcr assemblePartial --report /projects/rpci/songyao/pnfioric/arc_project/airr_calculation/tcr_quant/results/mixcr_RS-04396730.assemblePartial.report.txt --json-report /projects/rpci/songyao/pnfioric/arc_project/airr_calculation/tcr_quant/results/mixcr_RS-04396730.assemblePartial.report.json /projects/rpci/songyao/pnfioric/arc_project/airr_calculation/tcr_quant/results/mixcr_RS-04396730.passembled.1.vdjca /projects/rpci/songyao/pnfioric/arc_project/airr_calculation/tcr_quant/results/mixcr_RS-04396730.passembled.2.vdjca
Building index: 0%
Searching for overlaps: 0%
================= report: assemblePartial =================
Analysis time: 387ms
Total alignments analysed: 13869
Number of output alignments: 13869 (100%)
Alignments already with CDR3 (no overlapping is performed): 4666 (33.64%)
Successfully overlapped alignments: 0 (0%)
Left parts with too small N-region (failed to extract k-mer): 1986 (14.32%)
Extracted k-mer diversity: 7325
Dropped due to wildcard in k-mer: 0 (0%)
Dropped due to too short NRegion parts in overlap: 220 (1.59%)
Dropped overlaps with empty N region due to no complete NDN coverage: 3 (0.02%)
Number of left-side alignments: 1350 (9.73%)
Number of right-side alignments: 5909 (42.61%)
Complex overlaps: 0 (0%)
Over-overlaps: 0 (0%)
Partial alignments written to output: 9203 (66.36%)

>>>>>>>>>>>>>>>>>>>>>>> mixcr extend <<<<<<<<<<<<<<<<<<<<<<<
Running:
mixcr extend --report /projects/rpci/songyao/pnfioric/arc_project/airr_calculation/tcr_quant/results/mixcr_RS-04396730.extend.report.txt --json-report /projects/rpci/songyao/pnfioric/arc_project/airr_calculation/tcr_quant/results/mixcr_RS-04396730.extend.report.json --threads 12 /projects/rpci/songyao/pnfioric/arc_project/airr_calculation/tcr_quant/results/mixcr_RS-04396730.passembled.2.vdjca /projects/rpci/songyao/pnfioric/arc_project/airr_calculation/tcr_quant/results/mixcr_RS-04396730.extended.vdjca
Extending alignments: 0%
====================== report: extend ======================
Analysis time: 128ms
Extended alignments count: 3 (0.02%)
V extensions total: 3 (0.02%)
V extensions with merged targets: 0 (0%)
J extensions total: 0 (0%)
J extensions with merged targets: 0 (0%)
V+J extensions: 0 (0%)
Mean V extension length: 6.0
Mean J extension length: NaN

>>>>>>>>>>>>>>>>>>>>>> mixcr assemble <<<<<<<<<<<<<<<<<<<<<<
Running:
mixcr assemble --report /projects/rpci/songyao/pnfioric/arc_project/airr_calculation/tcr_quant/results/mixcr_RS-04396730.assemble.report.txt --json-report /projects/rpci/songyao/pnfioric/arc_project/airr_calculation/tcr_quant/results/mixcr_RS-04396730.assemble.report.json /projects/rpci/songyao/pnfioric/arc_project/airr_calculation/tcr_quant/results/mixcr_RS-04396730.extended.vdjca /projects/rpci/songyao/pnfioric/arc_project/airr_calculation/tcr_quant/results/mixcr_RS-04396730.clna
Initialization: progress unknown
Building clones: 81.7%
Initialization: progress unknown
Writing alignments: 87%
===================== report: assemble =====================
Analysis time: 1.5s
Final clonotype count: 997
Reads used in clonotypes, percent of total: 4494 (0.01%)
Average number of reads per clonotype: 4.51
Reads dropped due to the lack of a clone sequence, percent of total: 9374 (0.01%)
Reads dropped due to a too short clonal sequence, percent of total: 0 (0%)
Reads dropped due to low quality, percent of total: 0 (0%)
Reads dropped due to failed mapping, percent of total: 108 (0%)
Reads dropped with low quality clones, percent of total: 0 (0%)
Aligned reads processed: 4660
Reads used in clonotypes before clustering, percent of total: 4552 (0.01%)
Number of reads used as a core, percent of used: 4523 (99.36%)
Mapped low quality reads, percent of used: 29 (0.64%)
Reads clustered in PCR error correction, percent of used: 58 (1.27%)
Reads pre-clustered due to the similar VJC-lists, percent of used: 0 (0%)
Clonotypes dropped as low quality: 0
Clonotypes eliminated by PCR error correction: 42
Clonotypes pre-clustered due to the similar VJC-lists: 0
Clones dropped in post filtering: 0 (0%)
Reads dropped in post filtering: 0.0 (0%)
Reads filtered by tag prefix: 0 (0%)
TRA chains: 15 (1.5%)
TRA non-functional: 5 (33.33%)
TRB chains: 12 (1.2%)
TRB non-functional: 3 (25%)
TRG chains: 5 (0.5%)
TRG non-functional: 2 (40%)
IGH chains: 238 (23.87%)
IGH non-functional: 10 (4.2%)
IGK chains: 511 (51.25%)
IGK non-functional: 35 (6.85%)
IGL chains: 216 (21.66%)
IGL non-functional: 6 (2.78%)

>>>>>>>>>>>>>>>>>> mixcr assembleContigs <<<<<<<<<<<<<<<<<<
Running:
mixcr assembleContigs --report /projects/rpci/songyao/pnfioric/arc_project/airr_calculation/tcr_quant/results/mixcr_RS-04396730.assembleContigs.report.txt --json-report /projects/rpci/songyao/pnfioric/arc_project/airr_calculation/tcr_quant/results/mixcr_RS-04396730.assembleContigs.report.json --threads 12 /projects/rpci/songyao/pnfioric/arc_project/airr_calculation/tcr_quant/results/mixcr_RS-04396730.clna /projects/rpci/songyao/pnfioric/arc_project/airr_calculation/tcr_quant/results/mixcr_RS-04396730.contigs.clns
Assembling contigs: 0%
================= report: assembleContigs =================
Analysis time: 809ms
Initial clonotype count: 997
Final clonotype count: 997 (100%)
Canceled assemblies: 0 (0%)
Clones filtered out after assemble: 0 (0%)
Number of premature termination assembly events, percent of number of initial clonotypes: 0.0 (0%)
Longest contig length: 384
Clustered variants: 0 (0%)
Reads in clustered variants: 0.0 (0%)
Reads in divided (newly created) clones: 0.0 (0%)
Clones with ambiguous letters in splitting region: 0 (0%)
Reads in clones with ambiguous letters in splitting region: 0.0 (0%)
Average number of ambiguous letters per clone with ambiguous letters in splitting region: NaN
Clones combined after clustering: 0 (0%)

>>>>>>>>>>>>>>>>>>>>>>>>> mixcr qc <<<<<<<<<<<<<<<<<<<<<<<<<
Running:
mixcr qc --print-to-stdout /projects/rpci/songyao/pnfioric/arc_project/airr_calculation/tcr_quant/results/mixcr_RS-04396730.contigs.clns /projects/rpci/songyao/pnfioric/arc_project/airr_calculation/tcr_quant/results/mixcr_RS-04396730.qc.txt /projects/rpci/songyao/pnfioric/arc_project/airr_calculation/tcr_quant/results/mixcr_RS-04396730.qc.json

  Alignments dropped due to low sequence quality: 0.0% [OK]

>>>>>>>>>>>>>>>>>>>> mixcr exportClones <<<<<<<<<<<<<<<<<<<<
Running:
mixcr exportClones /projects/rpci/songyao/pnfioric/arc_project/airr_calculation/tcr_quant/results/mixcr_RS-04396730.contigs.clns /projects/rpci/songyao/pnfioric/arc_project/airr_calculation/tcr_quant/results/mixcr_RS-04396730.clones.tsv
Analysis finished successfully.
===============================
Visualize results and simplify your immune data analysis with a convenient UI.
Explore and install Platforma.bio here: https://platforma.bio
