Exporting TRB
Exporting clones: 4.8%
Filtered 21 of 1506 clones (98.61%).
Filtered 43.0 of 4913.0 reads (99.12%).
Exporting TRA
Exporting clones: 4.5%
Filtered 22 of 1506 clones (98.54%).
Filtered 45.0 of 4913.0 reads (99.08%).
Exporting IGH
Exporting clones: 0.3%
Filtered 395 of 1506 clones (73.77%).
Filtered 1079.0 of 4913.0 reads (78.04%).
Exporting TRG
Exporting clones: 50%
Filtered 6 of 1506 clones (99.6%).
Filtered 21.0 of 4913.0 reads (99.57%).
Exporting IGL
Exporting clones: 1.2%
Filtered 328 of 1506 clones (78.22%).
Filtered 1138.0 of 4913.0 reads (76.84%).
Exporting IGK
Exporting clones: 0.5%
Filtered 734 of 1506 clones (51.26%).
Filtered 2587.0 of 4913.0 reads (47.34%).
