Exporting TRB
Exporting clones: 100%
Filtered 1 of 114 clones (99.12%).
Filtered 9.0 of 361.0 reads (97.51%).
Exporting TRA
Exporting clones: 100%
Filtered 1 of 114 clones (99.12%).
Filtered 1.0 of 361.0 reads (99.72%).
Exporting IGH
Exporting clones: 3.2%
Filtered 31 of 114 clones (72.81%).
Filtered 103.0 of 361.0 reads (71.47%).
Exporting IGL
Exporting clones: 7.1%
Filtered 14 of 114 clones (87.72%).
Filtered 35.0 of 361.0 reads (90.3%).
Exporting IGK
Exporting clones: 1.5%
Filtered 67 of 114 clones (41.23%).
Filtered 213.0 of 361.0 reads (41%).
