Exporting TRA
Exporting clones: 50%
Filtered 2 of 25 clones (92%).
Filtered 8.0 of 81.0 reads (90.12%).
Exporting IGH
Exporting clones: 16.7%
Filtered 6 of 25 clones (76%).
Filtered 22.0 of 81.0 reads (72.84%).
Exporting TRG
Exporting clones: 100%
Filtered 1 of 25 clones (96%).
Filtered 4.0 of 81.0 reads (95.06%).
Exporting IGL
Exporting clones: 33.3%
Filtered 3 of 25 clones (88%).
Filtered 5.0 of 81.0 reads (93.83%).
Exporting IGK
Exporting clones: 7.7%
Filtered 13 of 25 clones (48%).
Filtered 42.0 of 81.0 reads (48.15%).
