Exporting TRB
Exporting clones: 33.3%
Filtered 3 of 244 clones (98.77%).
Filtered 5.0 of 616.0 reads (99.19%).
Exporting TRA
Exporting clones: 16.7%
Filtered 6 of 244 clones (97.54%).
Filtered 16.0 of 616.0 reads (97.4%).
Exporting IGH
Exporting clones: 2%
Filtered 50 of 244 clones (79.51%).
Filtered 111.0 of 616.0 reads (81.98%).
Exporting TRG
Exporting clones: 100%
Filtered 1 of 244 clones (99.59%).
Filtered 1.0 of 616.0 reads (99.84%).
Exporting IGL
Exporting clones: 1.7%
Filtered 60 of 244 clones (75.41%).
Filtered 204.0 of 616.0 reads (66.88%).
Exporting IGK
Exporting clones: 0.8%
Filtered 124 of 244 clones (49.18%).
Filtered 279.0 of 616.0 reads (54.71%).
