Exporting TRB
Exporting clones: 5.6%
Filtered 18 of 597 clones (96.98%).
Filtered 37.0 of 10250.0 reads (99.64%).
Exporting TRA
Exporting clones: 3.4%
Filtered 29 of 597 clones (95.14%).
Filtered 57.0 of 10250.0 reads (99.44%).
Exporting TRD
Exporting clones: 50%
Filtered 2 of 597 clones (99.66%).
Filtered 2.0 of 10250.0 reads (99.98%).
Exporting IGH
Exporting clones: 0.6%
Filtered 174 of 597 clones (70.85%).
Filtered 2097.0 of 10250.0 reads (79.54%).
Exporting TRG
Exporting clones: 50%
Filtered 2 of 597 clones (99.66%).
Filtered 3.0 of 10250.0 reads (99.97%).
Exporting IGL
Exporting clones: 0.8%
Filtered 123 of 597 clones (79.4%).
Filtered 2410.0 of 10250.0 reads (76.49%).
Exporting IGK
Exporting clones: 0.4%
Filtered 249 of 597 clones (58.29%).
Filtered 5644.0 of 10250.0 reads (44.94%).
