Exporting TRB
Exporting clones: 100%
Filtered 1 of 427 clones (99.77%).
Filtered 1.0 of 1199.0 reads (99.92%).
Exporting TRA
Exporting clones: 50%
Filtered 2 of 427 clones (99.53%).
Filtered 2.0 of 1199.0 reads (99.83%).
Exporting IGH
Exporting clones: 0.8%
Filtered 123 of 427 clones (71.19%).
Filtered 292.0 of 1199.0 reads (75.65%).
Exporting IGL
Exporting clones: 1.2%
Filtered 80 of 427 clones (81.26%).
Filtered 261.0 of 1199.0 reads (78.23%).
Exporting IGK
Exporting clones: 0.5%
Filtered 221 of 427 clones (48.24%).
Filtered 643.0 of 1199.0 reads (46.37%).
