WARNING: sun.reflect.Reflection.getCallerClass is not supported. This will impact performance.

>>>>>>>>>>>>>>>>>>>>>>> mixcr align <<<<<<<<<<<<<<<<<<<<<<<
Running:
mixcr align --report /projects/rpci/songyao/pnfioric/arc_project/airr_calculation/tcr_quant/results/mixcr_RS-04367349.align.report.txt --json-report /projects/rpci/songyao/pnfioric/arc_project/airr_calculation/tcr_quant/results/mixcr_RS-04367349.align.report.json --threads 12 --preset rna-seq --save-output-file-names /projects/rpci/songyao/pnfioric/arc_project/airr_calculation/tcr_quant/results/mixcr_RS-04367349.align.list.tsv --species hsa /projects/rpci/songyao/pnfioric/arc_project/airr_calculation/fastq_files/RS-04367349/RS-04367349_AABC0246_RS-04247176_S15_R1_001.fastq.gz /projects/rpci/songyao/pnfioric/arc_project/airr_calculation/fastq_files/RS-04367349/RS-04367349_AABC0246_RS-04247176_S15_R2_001.fastq.gz /projects/rpci/songyao/pnfioric/arc_project/airr_calculation/tcr_quant/results/mixcr_RS-04367349.alignments.vdjca
Alignment: 0%
Alignment: 4.3%  ETA: 00:44:03
Alignment: 8.8%  ETA: 00:41:20
Alignment: 13.2%  ETA: 00:38:40
Alignment: 17.6%  ETA: 00:37:57
Alignment: 21.9%  ETA: 00:35:57
Alignment: 26.3%  ETA: 00:33:39
Alignment: 30.6%  ETA: 00:32:13
Alignment: 35%  ETA: 00:29:41
Alignment: 39.3%  ETA: 00:28:11
Alignment: 43.6%  ETA: 00:26:11
Alignment: 47.9%  ETA: 00:24:11
Alignment: 52.2%  ETA: 00:22:23
Alignment: 56.5%  ETA: 00:20:01
Alignment: 60.8%  ETA: 00:18:21
Alignment: 65.1%  ETA: 00:16:21
Alignment: 69.3%  ETA: 00:14:21
Alignment: 73.6%  ETA: 00:12:21
Alignment: 77.9%  ETA: 00:10:21
Alignment: 82.2%  ETA: 00:08:11
Alignment: 86.6%  ETA: 00:06:11
Alignment: 90.8%  ETA: 00:04:17
Alignment: 95.1%  ETA: 00:02:15
Alignment: 99.5%  ETA: 00:00:14
====================== report: align ======================
Analysis time: 46.28m
Total sequencing reads: 53658557
Successfully aligned reads: 1973 (0%)
Coverage (percent of successfully aligned):
  CDR3: 488 (24.73%)
  FR3_TO_FR4: 0 (0%)
  CDR2_TO_FR4: 0 (0%)
  FR2_TO_FR4: 0 (0%)
  CDR1_TO_FR4: 0 (0%)
  VDJRegion: 0 (0%)
Alignment failed: no hits (not TCR/IG?): 52344011 (97.55%)
Alignment failed after alignment-aided overlap: 1 (0%)
Alignment failed: no CDR3 parts: 17297 (0.03%)
Alignment failed: low total score: 1295275 (2.41%)
Overlapped: 50951393 (94.95%)
Overlapped and aligned: 1898 (0%)
Overlapped and not aligned: 50949495 (94.95%)
Alignment-aided overlaps, percent of overlapped and aligned: 32 (1.69%)
No CDR3 parts alignments, percent of successfully aligned: 7 (0.35%)
Partial aligned reads, percent of successfully aligned: 1478 (74.91%)
Realigned with forced non-floating bound: 5414392 (10.09%)
Realigned with forced non-floating right bound in left read: 457 (0%)
Realigned with forced non-floating left bound in right read: 457 (0%)
TRA chains: 130 (6.59%)
TRA non-functional: 0 (0%)
TRB chains: 5 (0.25%)
TRB non-functional: 0 (0%)
TRG chains: 34 (1.72%)
TRG non-functional: 0 (0%)
IGH chains: 814 (41.26%)
IGH non-functional: 0 (0%)
TRAD chains: 15 (0.76%)
TRAD non-functional: 0 (0%)
IGK chains: 308 (15.61%)
IGK non-functional: 0 (0%)
IGL chains: 667 (33.81%)
IGL non-functional: 13 (1.95%)
Trimming report:
  R1 reads trimmed left: 65630 (0.12%)
  R1 reads trimmed right: 67535 (0.13%)
  Average R1 nucleotides trimmed left: 0.020794763452174087
  Average R1 nucleotides trimmed right: 0.022254586533141395
  R2 reads trimmed left: 66430 (0.12%)
  R2 reads trimmed right: 68043 (0.13%)
  Average R2 nucleotides trimmed left: 0.020571425355325898
  Average R2 nucleotides trimmed right: 0.023090035760745486

>>>>>>>>>>>>>>>>>> mixcr assemblePartial <<<<<<<<<<<<<<<<<<
Running:
mixcr assemblePartial --report /projects/rpci/songyao/pnfioric/arc_project/airr_calculation/tcr_quant/results/mixcr_RS-04367349.assemblePartial.report.txt --json-report /projects/rpci/songyao/pnfioric/arc_project/airr_calculation/tcr_quant/results/mixcr_RS-04367349.assemblePartial.report.json /projects/rpci/songyao/pnfioric/arc_project/airr_calculation/tcr_quant/results/mixcr_RS-04367349.alignments.vdjca /projects/rpci/songyao/pnfioric/arc_project/airr_calculation/tcr_quant/results/mixcr_RS-04367349.passembled.1.vdjca
Building index: 0%
Searching for overlaps: 0.1%
================= report: assemblePartial =================
Analysis time: 233ms
Total alignments analysed: 1973
Number of output alignments: 1973 (100%)
Alignments already with CDR3 (no overlapping is performed): 568 (28.79%)
Successfully overlapped alignments: 0 (0%)
Left parts with too small N-region (failed to extract k-mer): 390 (19.77%)
Extracted k-mer diversity: 401
Dropped due to wildcard in k-mer: 0 (0%)
Dropped due to too short NRegion parts in overlap: 0 (0%)
Dropped overlaps with empty N region due to no complete NDN coverage: 0 (0%)
Number of left-side alignments: 367 (18.6%)
Number of right-side alignments: 648 (32.84%)
Complex overlaps: 0 (0%)
Over-overlaps: 0 (0%)
Partial alignments written to output: 1405 (71.21%)

>>>>>>>>>>>>>>>>>> mixcr assemblePartial <<<<<<<<<<<<<<<<<<
Running:
mixcr assemblePartial --report /projects/rpci/songyao/pnfioric/arc_project/airr_calculation/tcr_quant/results/mixcr_RS-04367349.assemblePartial.report.txt --json-report /projects/rpci/songyao/pnfioric/arc_project/airr_calculation/tcr_quant/results/mixcr_RS-04367349.assemblePartial.report.json /projects/rpci/songyao/pnfioric/arc_project/airr_calculation/tcr_quant/results/mixcr_RS-04367349.passembled.1.vdjca /projects/rpci/songyao/pnfioric/arc_project/airr_calculation/tcr_quant/results/mixcr_RS-04367349.passembled.2.vdjca
Building index: 0%
Searching for overlaps: 0.7%
================= report: assemblePartial =================
Analysis time: 69ms
Total alignments analysed: 1973
Number of output alignments: 1973 (100%)
Alignments already with CDR3 (no overlapping is performed): 568 (28.79%)
Successfully overlapped alignments: 0 (0%)
Left parts with too small N-region (failed to extract k-mer): 390 (19.77%)
Extracted k-mer diversity: 401
Dropped due to wildcard in k-mer: 0 (0%)
Dropped due to too short NRegion parts in overlap: 0 (0%)
Dropped overlaps with empty N region due to no complete NDN coverage: 0 (0%)
Number of left-side alignments: 367 (18.6%)
Number of right-side alignments: 648 (32.84%)
Complex overlaps: 0 (0%)
Over-overlaps: 0 (0%)
Partial alignments written to output: 1405 (71.21%)

>>>>>>>>>>>>>>>>>>>>>>> mixcr extend <<<<<<<<<<<<<<<<<<<<<<<
Running:
mixcr extend --report /projects/rpci/songyao/pnfioric/arc_project/airr_calculation/tcr_quant/results/mixcr_RS-04367349.extend.report.txt --json-report /projects/rpci/songyao/pnfioric/arc_project/airr_calculation/tcr_quant/results/mixcr_RS-04367349.extend.report.json --threads 12 /projects/rpci/songyao/pnfioric/arc_project/airr_calculation/tcr_quant/results/mixcr_RS-04367349.passembled.2.vdjca /projects/rpci/songyao/pnfioric/arc_project/airr_calculation/tcr_quant/results/mixcr_RS-04367349.extended.vdjca
Extending alignments: 0%
====================== report: extend ======================
Analysis time: 24ms
Extended alignments count: 0 (0%)
V extensions total: 0 (0%)
V extensions with merged targets: 0 (0%)
J extensions total: 0 (0%)
J extensions with merged targets: 0 (0%)
V+J extensions: 0 (0%)
Mean V extension length: NaN
Mean J extension length: NaN

>>>>>>>>>>>>>>>>>>>>>> mixcr assemble <<<<<<<<<<<<<<<<<<<<<<
Running:
mixcr assemble --report /projects/rpci/songyao/pnfioric/arc_project/airr_calculation/tcr_quant/results/mixcr_RS-04367349.assemble.report.txt --json-report /projects/rpci/songyao/pnfioric/arc_project/airr_calculation/tcr_quant/results/mixcr_RS-04367349.assemble.report.json /projects/rpci/songyao/pnfioric/arc_project/airr_calculation/tcr_quant/results/mixcr_RS-04367349.extended.vdjca /projects/rpci/songyao/pnfioric/arc_project/airr_calculation/tcr_quant/results/mixcr_RS-04367349.clna
Initialization: progress unknown
Initialization: progress unknown
===================== report: assemble =====================
Analysis time: 422ms
Final clonotype count: 25
Reads used in clonotypes, percent of total: 487 (0%)
Average number of reads per clonotype: 19.48
Reads dropped due to the lack of a clone sequence, percent of total: 1485 (0%)
Reads dropped due to a too short clonal sequence, percent of total: 0 (0%)
Reads dropped due to low quality, percent of total: 0 (0%)
Reads dropped due to failed mapping, percent of total: 0 (0%)
Reads dropped with low quality clones, percent of total: 0 (0%)
Aligned reads processed: 488
Reads used in clonotypes before clustering, percent of total: 488 (0%)
Number of reads used as a core, percent of used: 481 (98.57%)
Mapped low quality reads, percent of used: 7 (1.43%)
Reads clustered in PCR error correction, percent of used: 1 (0.2%)
Reads pre-clustered due to the similar VJC-lists, percent of used: 0 (0%)
Clonotypes dropped as low quality: 0
Clonotypes eliminated by PCR error correction: 1
Clonotypes pre-clustered due to the similar VJC-lists: 0
Clones dropped in post filtering: 0 (0%)
Reads dropped in post filtering: 0.0 (0%)
Reads filtered by tag prefix: 0 (0%)
IGH chains: 10 (40%)
IGH non-functional: 0 (0%)
IGK chains: 6 (24%)
IGK non-functional: 0 (0%)
IGL chains: 9 (36%)
IGL non-functional: 1 (11.11%)

>>>>>>>>>>>>>>>>>> mixcr assembleContigs <<<<<<<<<<<<<<<<<<
Running:
mixcr assembleContigs --report /projects/rpci/songyao/pnfioric/arc_project/airr_calculation/tcr_quant/results/mixcr_RS-04367349.assembleContigs.report.txt --json-report /projects/rpci/songyao/pnfioric/arc_project/airr_calculation/tcr_quant/results/mixcr_RS-04367349.assembleContigs.report.json --threads 12 /projects/rpci/songyao/pnfioric/arc_project/airr_calculation/tcr_quant/results/mixcr_RS-04367349.clna /projects/rpci/songyao/pnfioric/arc_project/airr_calculation/tcr_quant/results/mixcr_RS-04367349.contigs.clns
Assembling contigs: 0%
================= report: assembleContigs =================
Analysis time: 222ms
Initial clonotype count: 25
Final clonotype count: 25 (100%)
Canceled assemblies: 0 (0%)
Clones filtered out after assemble: 0 (0%)
Number of premature termination assembly events, percent of number of initial clonotypes: 0.0 (0%)
Longest contig length: 193
Clustered variants: 0 (0%)
Reads in clustered variants: 0.0 (0%)
Reads in divided (newly created) clones: 0.0 (0%)
Clones with ambiguous letters in splitting region: 0 (0%)
Reads in clones with ambiguous letters in splitting region: 0.0 (0%)
Average number of ambiguous letters per clone with ambiguous letters in splitting region: NaN
Clones combined after clustering: 0 (0%)

>>>>>>>>>>>>>>>>>>>>>>>>> mixcr qc <<<<<<<<<<<<<<<<<<<<<<<<<
Running:
mixcr qc --print-to-stdout /projects/rpci/songyao/pnfioric/arc_project/airr_calculation/tcr_quant/results/mixcr_RS-04367349.contigs.clns /projects/rpci/songyao/pnfioric/arc_project/airr_calculation/tcr_quant/results/mixcr_RS-04367349.qc.txt /projects/rpci/songyao/pnfioric/arc_project/airr_calculation/tcr_quant/results/mixcr_RS-04367349.qc.json

  Alignments dropped due to low sequence quality: 0.0% [OK]

>>>>>>>>>>>>>>>>>>>> mixcr exportClones <<<<<<<<<<<<<<<<<<<<
Running:
mixcr exportClones /projects/rpci/songyao/pnfioric/arc_project/airr_calculation/tcr_quant/results/mixcr_RS-04367349.contigs.clns /projects/rpci/songyao/pnfioric/arc_project/airr_calculation/tcr_quant/results/mixcr_RS-04367349.clones.tsv
Analysis finished successfully.
===============================
Visualize results and simplify your immune data analysis with a convenient UI.
Explore and install Platforma.bio here: https://platforma.bio
