WARNING: sun.reflect.Reflection.getCallerClass is not supported. This will impact performance.

>>>>>>>>>>>>>>>>>>>>>>> mixcr align <<<<<<<<<<<<<<<<<<<<<<<
Running:
mixcr align --report /projects/rpci/songyao/pnfioric/arc_project/airr_calculation/tcr_quant/results/mixcr_RS-04367380.align.report.txt --json-report /projects/rpci/songyao/pnfioric/arc_project/airr_calculation/tcr_quant/results/mixcr_RS-04367380.align.report.json --threads 12 --preset rna-seq --save-output-file-names /projects/rpci/songyao/pnfioric/arc_project/airr_calculation/tcr_quant/results/mixcr_RS-04367380.align.list.tsv --species hsa /projects/rpci/songyao/pnfioric/arc_project/airr_calculation/fastq_files/RS-04367380/RS-04367380_OAKS11014690-A7_RS-03840951_S46_R1_001.fastq.gz /projects/rpci/songyao/pnfioric/arc_project/airr_calculation/fastq_files/RS-04367380/RS-04367380_OAKS11014690-A7_RS-03840951_S46_R2_001.fastq.gz /projects/rpci/songyao/pnfioric/arc_project/airr_calculation/tcr_quant/results/mixcr_RS-04367380.alignments.vdjca
Alignment: 0%
Alignment: 3.7%  ETA: 00:52:03
Alignment: 7.4%  ETA: 00:49:35
Alignment: 11.2%  ETA: 00:47:09
Alignment: 14.9%  ETA: 00:46:00
Alignment: 18.6%  ETA: 00:44:00
Alignment: 22.3%  ETA: 00:42:00
Alignment: 26%  ETA: 00:39:37
Alignment: 29.7%  ETA: 00:38:43
Alignment: 33.4%  ETA: 00:35:40
Alignment: 37.1%  ETA: 00:34:00
Alignment: 40.7%  ETA: 00:32:56
Alignment: 44.4%  ETA: 00:30:03
Alignment: 48%  ETA: 00:28:36
Alignment: 51.7%  ETA: 00:26:20
Alignment: 55.3%  ETA: 00:24:35
Alignment: 59%  ETA: 00:22:21
Alignment: 62.6%  ETA: 00:20:34
Alignment: 66.3%  ETA: 00:18:34
Alignment: 69.9%  ETA: 00:16:34
Alignment: 73.5%  ETA: 00:14:43
Alignment: 77.1%  ETA: 00:12:35
Alignment: 80.8%  ETA: 00:10:35
Alignment: 84.4%  ETA: 00:08:29
Alignment: 88.2%  ETA: 00:06:20
Alignment: 91.8%  ETA: 00:04:30
Alignment: 95.4%  ETA: 00:02:30
Alignment: 99.1%  ETA: 00:00:29
====================== report: align ======================
Analysis time: 54.53m
Total sequencing reads: 57659500
Successfully aligned reads: 681 (0%)
Coverage (percent of successfully aligned):
  CDR3: 56 (8.22%)
  FR3_TO_FR4: 0 (0%)
  CDR2_TO_FR4: 0 (0%)
  FR2_TO_FR4: 0 (0%)
  CDR1_TO_FR4: 0 (0%)
  VDJRegion: 0 (0%)
Alignment failed: no hits (not TCR/IG?): 56197434 (97.46%)
Alignment failed: no CDR3 parts: 11896 (0.02%)
Alignment failed: low total score: 1449489 (2.51%)
Overlapped: 48382777 (83.91%)
Overlapped and aligned: 604 (0%)
Overlapped and not aligned: 48382173 (83.91%)
Alignment-aided overlaps, percent of overlapped and aligned: 14 (2.32%)
No CDR3 parts alignments, percent of successfully aligned: 1 (0.15%)
Partial aligned reads, percent of successfully aligned: 624 (91.63%)
J gene chimeras: 1 (0%)
Realigned with forced non-floating bound: 18553474 (32.18%)
Realigned with forced non-floating right bound in left read: 875 (0%)
Realigned with forced non-floating left bound in right read: 875 (0%)
TRA chains: 237 (34.8%)
TRA non-functional: 0 (0%)
TRB chains: 68 (9.99%)
TRB non-functional: 1 (1.47%)
TRD chains: 5 (0.73%)
TRD non-functional: 0 (0%)
TRG chains: 19 (2.79%)
TRG non-functional: 0 (0%)
IGH chains: 36 (5.29%)
IGH non-functional: 0 (0%)
TRAD chains: 7 (1.03%)
TRAD non-functional: 0 (0%)
IGK chains: 63 (9.25%)
IGK non-functional: 0 (0%)
IGL chains: 246 (36.12%)
IGL non-functional: 0 (0%)
Trimming report:
  R1 reads trimmed left: 6714 (0.01%)
  R1 reads trimmed right: 7395 (0.01%)
  Average R1 nucleotides trimmed left: 0.0019820844787068912
  Average R1 nucleotides trimmed right: 0.0022108065453221065
  R2 reads trimmed left: 8441 (0.01%)
  R2 reads trimmed right: 8828 (0.02%)
  Average R2 nucleotides trimmed left: 0.0019966007336171838
  Average R2 nucleotides trimmed right: 0.003289969562691317

>>>>>>>>>>>>>>>>>> mixcr assemblePartial <<<<<<<<<<<<<<<<<<
Running:
mixcr assemblePartial --report /projects/rpci/songyao/pnfioric/arc_project/airr_calculation/tcr_quant/results/mixcr_RS-04367380.assemblePartial.report.txt --json-report /projects/rpci/songyao/pnfioric/arc_project/airr_calculation/tcr_quant/results/mixcr_RS-04367380.assemblePartial.report.json /projects/rpci/songyao/pnfioric/arc_project/airr_calculation/tcr_quant/results/mixcr_RS-04367380.alignments.vdjca /projects/rpci/songyao/pnfioric/arc_project/airr_calculation/tcr_quant/results/mixcr_RS-04367380.passembled.1.vdjca
Building index: 0%
Searching for overlaps: 0.1%
================= report: assemblePartial =================
Analysis time: 162ms
Total alignments analysed: 681
Number of output alignments: 681 (100%)
Alignments already with CDR3 (no overlapping is performed): 60 (8.81%)
Successfully overlapped alignments: 0 (0%)
Left parts with too small N-region (failed to extract k-mer): 123 (18.06%)
Extracted k-mer diversity: 993
Dropped due to wildcard in k-mer: 0 (0%)
Dropped due to too short NRegion parts in overlap: 0 (0%)
Dropped overlaps with empty N region due to no complete NDN coverage: 0 (0%)
Number of left-side alignments: 156 (22.91%)
Number of right-side alignments: 351 (51.54%)
Complex overlaps: 0 (0%)
Over-overlaps: 0 (0%)
Partial alignments written to output: 621 (91.19%)

>>>>>>>>>>>>>>>>>> mixcr assemblePartial <<<<<<<<<<<<<<<<<<
Running:
mixcr assemblePartial --report /projects/rpci/songyao/pnfioric/arc_project/airr_calculation/tcr_quant/results/mixcr_RS-04367380.assemblePartial.report.txt --json-report /projects/rpci/songyao/pnfioric/arc_project/airr_calculation/tcr_quant/results/mixcr_RS-04367380.assemblePartial.report.json /projects/rpci/songyao/pnfioric/arc_project/airr_calculation/tcr_quant/results/mixcr_RS-04367380.passembled.1.vdjca /projects/rpci/songyao/pnfioric/arc_project/airr_calculation/tcr_quant/results/mixcr_RS-04367380.passembled.2.vdjca
Building index: 0%
Searching for overlaps: 1.2%
================= report: assemblePartial =================
Analysis time: 69ms
Total alignments analysed: 681
Number of output alignments: 681 (100%)
Alignments already with CDR3 (no overlapping is performed): 60 (8.81%)
Successfully overlapped alignments: 0 (0%)
Left parts with too small N-region (failed to extract k-mer): 123 (18.06%)
Extracted k-mer diversity: 993
Dropped due to wildcard in k-mer: 0 (0%)
Dropped due to too short NRegion parts in overlap: 0 (0%)
Dropped overlaps with empty N region due to no complete NDN coverage: 0 (0%)
Number of left-side alignments: 156 (22.91%)
Number of right-side alignments: 351 (51.54%)
Complex overlaps: 0 (0%)
Over-overlaps: 0 (0%)
Partial alignments written to output: 621 (91.19%)

>>>>>>>>>>>>>>>>>>>>>>> mixcr extend <<<<<<<<<<<<<<<<<<<<<<<
Running:
mixcr extend --report /projects/rpci/songyao/pnfioric/arc_project/airr_calculation/tcr_quant/results/mixcr_RS-04367380.extend.report.txt --json-report /projects/rpci/songyao/pnfioric/arc_project/airr_calculation/tcr_quant/results/mixcr_RS-04367380.extend.report.json --threads 12 /projects/rpci/songyao/pnfioric/arc_project/airr_calculation/tcr_quant/results/mixcr_RS-04367380.passembled.2.vdjca /projects/rpci/songyao/pnfioric/arc_project/airr_calculation/tcr_quant/results/mixcr_RS-04367380.extended.vdjca
Extending alignments: 0%
====================== report: extend ======================
Analysis time: 9ms
Extended alignments count: 0 (0%)
V extensions total: 0 (0%)
V extensions with merged targets: 0 (0%)
J extensions total: 0 (0%)
J extensions with merged targets: 0 (0%)
V+J extensions: 0 (0%)
Mean V extension length: NaN
Mean J extension length: NaN

>>>>>>>>>>>>>>>>>>>>>> mixcr assemble <<<<<<<<<<<<<<<<<<<<<<
Running:
mixcr assemble --report /projects/rpci/songyao/pnfioric/arc_project/airr_calculation/tcr_quant/results/mixcr_RS-04367380.assemble.report.txt --json-report /projects/rpci/songyao/pnfioric/arc_project/airr_calculation/tcr_quant/results/mixcr_RS-04367380.assemble.report.json /projects/rpci/songyao/pnfioric/arc_project/airr_calculation/tcr_quant/results/mixcr_RS-04367380.extended.vdjca /projects/rpci/songyao/pnfioric/arc_project/airr_calculation/tcr_quant/results/mixcr_RS-04367380.clna
Initialization: progress unknown
Initialization: progress unknown
===================== report: assemble =====================
Analysis time: 325ms
Final clonotype count: 33
Reads used in clonotypes, percent of total: 53 (0%)
Average number of reads per clonotype: 1.61
Reads dropped due to the lack of a clone sequence, percent of total: 625 (0%)
Reads dropped due to a too short clonal sequence, percent of total: 0 (0%)
Reads dropped due to low quality, percent of total: 0 (0%)
Reads dropped due to failed mapping, percent of total: 3 (0%)
Reads dropped with low quality clones, percent of total: 0 (0%)
Aligned reads processed: 56
Reads used in clonotypes before clustering, percent of total: 53 (0%)
Number of reads used as a core, percent of used: 52 (98.11%)
Mapped low quality reads, percent of used: 1 (1.89%)
Reads clustered in PCR error correction, percent of used: 0 (0%)
Reads pre-clustered due to the similar VJC-lists, percent of used: 0 (0%)
Clonotypes dropped as low quality: 0
Clonotypes eliminated by PCR error correction: 0
Clonotypes pre-clustered due to the similar VJC-lists: 0
Clones dropped in post filtering: 0 (0%)
Reads dropped in post filtering: 0.0 (0%)
Reads filtered by tag prefix: 0 (0%)
TRA chains: 2 (6.06%)
TRA non-functional: 0 (0%)
TRB chains: 5 (15.15%)
TRB non-functional: 1 (20%)
TRG chains: 2 (6.06%)
TRG non-functional: 0 (0%)
IGH chains: 4 (12.12%)
IGH non-functional: 0 (0%)
IGK chains: 15 (45.45%)
IGK non-functional: 0 (0%)
IGL chains: 5 (15.15%)
IGL non-functional: 0 (0%)

>>>>>>>>>>>>>>>>>> mixcr assembleContigs <<<<<<<<<<<<<<<<<<
Running:
mixcr assembleContigs --report /projects/rpci/songyao/pnfioric/arc_project/airr_calculation/tcr_quant/results/mixcr_RS-04367380.assembleContigs.report.txt --json-report /projects/rpci/songyao/pnfioric/arc_project/airr_calculation/tcr_quant/results/mixcr_RS-04367380.assembleContigs.report.json --threads 12 /projects/rpci/songyao/pnfioric/arc_project/airr_calculation/tcr_quant/results/mixcr_RS-04367380.clna /projects/rpci/songyao/pnfioric/arc_project/airr_calculation/tcr_quant/results/mixcr_RS-04367380.contigs.clns
Assembling contigs: 0%
================= report: assembleContigs =================
Analysis time: 132ms
Initial clonotype count: 33
Final clonotype count: 33 (100%)
Canceled assemblies: 0 (0%)
Clones filtered out after assemble: 0 (0%)
Number of premature termination assembly events, percent of number of initial clonotypes: 0.0 (0%)
Longest contig length: 202
Clustered variants: 0 (0%)
Reads in clustered variants: 0.0 (0%)
Reads in divided (newly created) clones: 0.0 (0%)
Clones with ambiguous letters in splitting region: 0 (0%)
Reads in clones with ambiguous letters in splitting region: 0.0 (0%)
Average number of ambiguous letters per clone with ambiguous letters in splitting region: NaN
Clones combined after clustering: 0 (0%)

>>>>>>>>>>>>>>>>>>>>>>>>> mixcr qc <<<<<<<<<<<<<<<<<<<<<<<<<
Running:
mixcr qc --print-to-stdout /projects/rpci/songyao/pnfioric/arc_project/airr_calculation/tcr_quant/results/mixcr_RS-04367380.contigs.clns /projects/rpci/songyao/pnfioric/arc_project/airr_calculation/tcr_quant/results/mixcr_RS-04367380.qc.txt /projects/rpci/songyao/pnfioric/arc_project/airr_calculation/tcr_quant/results/mixcr_RS-04367380.qc.json

  Alignments dropped due to low sequence quality: 0.0% [OK]

>>>>>>>>>>>>>>>>>>>> mixcr exportClones <<<<<<<<<<<<<<<<<<<<
Running:
mixcr exportClones /projects/rpci/songyao/pnfioric/arc_project/airr_calculation/tcr_quant/results/mixcr_RS-04367380.contigs.clns /projects/rpci/songyao/pnfioric/arc_project/airr_calculation/tcr_quant/results/mixcr_RS-04367380.clones.tsv
Analysis finished successfully.
===============================
Visualize results and simplify your immune data analysis with a convenient UI.
Explore and install Platforma.bio here: https://platforma.bio
