WARNING: sun.reflect.Reflection.getCallerClass is not supported. This will impact performance.

>>>>>>>>>>>>>>>>>>>>>>> mixcr align <<<<<<<<<<<<<<<<<<<<<<<
Running:
mixcr align --report /projects/rpci/songyao/pnfioric/arc_project/airr_calculation/tcr_quant/results/mixcr_RS-04367392.align.report.txt --json-report /projects/rpci/songyao/pnfioric/arc_project/airr_calculation/tcr_quant/results/mixcr_RS-04367392.align.report.json --threads 12 --preset rna-seq --save-output-file-names /projects/rpci/songyao/pnfioric/arc_project/airr_calculation/tcr_quant/results/mixcr_RS-04367392.align.list.tsv --species hsa /projects/rpci/songyao/pnfioric/arc_project/airr_calculation/fastq_files/RS-04367392/RS-04367392_96-8687-D_RS-04215084_S58_R1_001.fastq.gz /projects/rpci/songyao/pnfioric/arc_project/airr_calculation/fastq_files/RS-04367392/RS-04367392_96-8687-D_RS-04215084_S58_R2_001.fastq.gz /projects/rpci/songyao/pnfioric/arc_project/airr_calculation/tcr_quant/results/mixcr_RS-04367392.alignments.vdjca
Alignment: 0%
Alignment: 4.6%  ETA: 00:41:35
Alignment: 9.2%  ETA: 00:39:14
Alignment: 13.8%  ETA: 00:37:13
Alignment: 18.4%  ETA: 00:35:33
Alignment: 23.1%  ETA: 00:33:14
Alignment: 27.6%  ETA: 00:31:49
Alignment: 32.2%  ETA: 00:29:48
Alignment: 36.7%  ETA: 00:27:48
Alignment: 41.2%  ETA: 00:26:03
Alignment: 45.7%  ETA: 00:24:03
Alignment: 50.2%  ETA: 00:22:15
Alignment: 54.8%  ETA: 00:19:53
Alignment: 59.3%  ETA: 00:18:03
Alignment: 63.7%  ETA: 00:16:12
Alignment: 68.2%  ETA: 00:14:12
Alignment: 72.7%  ETA: 00:12:05
Alignment: 77.2%  ETA: 00:10:11
Alignment: 81.7%  ETA: 00:08:06
Alignment: 86.3%  ETA: 00:06:02
Alignment: 90.8%  ETA: 00:04:05
Alignment: 95.3%  ETA: 00:02:03
Alignment: 99.9%  ETA: 00:00:03
====================== report: align ======================
Analysis time: 44.1m
Total sequencing reads: 50085348
Successfully aligned reads: 7541 (0.02%)
Coverage (percent of successfully aligned):
  CDR3: 2009 (26.64%)
  FR3_TO_FR4: 5 (0.07%)
  CDR2_TO_FR4: 1 (0.01%)
  FR2_TO_FR4: 1 (0.01%)
  CDR1_TO_FR4: 0 (0%)
  VDJRegion: 0 (0%)
Alignment failed: no hits (not TCR/IG?): 48941084 (97.72%)
Alignment failed after alignment-aided overlap: 3 (0%)
Alignment failed: no CDR3 parts: 22100 (0.04%)
Alignment failed: low total score: 1114620 (2.23%)
Overlapped: 44198951 (88.25%)
Overlapped and aligned: 7267 (0.01%)
Overlapped and not aligned: 44191684 (88.23%)
Alignment-aided overlaps, percent of overlapped and aligned: 118 (1.62%)
No CDR3 parts alignments, percent of successfully aligned: 193 (2.56%)
Partial aligned reads, percent of successfully aligned: 5339 (70.8%)
Realigned with forced non-floating bound: 11773030 (23.51%)
Realigned with forced non-floating right bound in left read: 517 (0%)
Realigned with forced non-floating left bound in right read: 517 (0%)
TRA chains: 326 (4.32%)
TRA non-functional: 5 (1.53%)
TRB chains: 123 (1.63%)
TRB non-functional: 0 (0%)
TRD chains: 1 (0.01%)
TRD non-functional: 0 (0%)
TRG chains: 18 (0.24%)
TRG non-functional: 0 (0%)
IGH chains: 2759 (36.59%)
IGH non-functional: 11 (0.4%)
TRAD chains: 5 (0.07%)
TRAD non-functional: 0 (0%)
IGK chains: 1860 (24.67%)
IGK non-functional: 29 (1.56%)
IGL chains: 2449 (32.48%)
IGL non-functional: 9 (0.37%)
Trimming report:
  R1 reads trimmed left: 8818 (0.02%)
  R1 reads trimmed right: 9624 (0.02%)
  Average R1 nucleotides trimmed left: 0.002995047573593778
  Average R1 nucleotides trimmed right: 0.003328198897609736
  R2 reads trimmed left: 10332 (0.02%)
  R2 reads trimmed right: 10950 (0.02%)
  Average R2 nucleotides trimmed left: 0.0030417877899141283
  Average R2 nucleotides trimmed right: 0.004431615409760156

>>>>>>>>>>>>>>>>>> mixcr assemblePartial <<<<<<<<<<<<<<<<<<
Running:
mixcr assemblePartial --report /projects/rpci/songyao/pnfioric/arc_project/airr_calculation/tcr_quant/results/mixcr_RS-04367392.assemblePartial.report.txt --json-report /projects/rpci/songyao/pnfioric/arc_project/airr_calculation/tcr_quant/results/mixcr_RS-04367392.assemblePartial.report.json /projects/rpci/songyao/pnfioric/arc_project/airr_calculation/tcr_quant/results/mixcr_RS-04367392.alignments.vdjca /projects/rpci/songyao/pnfioric/arc_project/airr_calculation/tcr_quant/results/mixcr_RS-04367392.passembled.1.vdjca
Building index: 0%
Searching for overlaps: 0%
================= report: assemblePartial =================
Analysis time: 429ms
Total alignments analysed: 7541
Number of output alignments: 7483 (99.23%)
Alignments already with CDR3 (no overlapping is performed): 2132 (28.27%)
Successfully overlapped alignments: 58 (0.77%)
Left parts with too small N-region (failed to extract k-mer): 1664 (22.07%)
Extracted k-mer diversity: 5280
Dropped due to wildcard in k-mer: 0 (0%)
Dropped due to too short NRegion parts in overlap: 65 (0.86%)
Dropped overlaps with empty N region due to no complete NDN coverage: 1 (0.01%)
Number of left-side alignments: 887 (11.76%)
Number of right-side alignments: 2896 (38.4%)
Complex overlaps: 0 (0%)
Over-overlaps: 0 (0%)
Partial alignments written to output: 5293 (70.19%)

>>>>>>>>>>>>>>>>>> mixcr assemblePartial <<<<<<<<<<<<<<<<<<
Running:
mixcr assemblePartial --report /projects/rpci/songyao/pnfioric/arc_project/airr_calculation/tcr_quant/results/mixcr_RS-04367392.assemblePartial.report.txt --json-report /projects/rpci/songyao/pnfioric/arc_project/airr_calculation/tcr_quant/results/mixcr_RS-04367392.assemblePartial.report.json /projects/rpci/songyao/pnfioric/arc_project/airr_calculation/tcr_quant/results/mixcr_RS-04367392.passembled.1.vdjca /projects/rpci/songyao/pnfioric/arc_project/airr_calculation/tcr_quant/results/mixcr_RS-04367392.passembled.2.vdjca
Building index: 0%
Searching for overlaps: 0%
================= report: assemblePartial =================
Analysis time: 164ms
Total alignments analysed: 7483
Number of output alignments: 7483 (100%)
Alignments already with CDR3 (no overlapping is performed): 2187 (29.23%)
Successfully overlapped alignments: 0 (0%)
Left parts with too small N-region (failed to extract k-mer): 1663 (22.22%)
Extracted k-mer diversity: 5206
Dropped due to wildcard in k-mer: 0 (0%)
Dropped due to too short NRegion parts in overlap: 58 (0.78%)
Dropped overlaps with empty N region due to no complete NDN coverage: 1 (0.01%)
Number of left-side alignments: 832 (11.12%)
Number of right-side alignments: 2838 (37.93%)
Complex overlaps: 0 (0%)
Over-overlaps: 0 (0%)
Partial alignments written to output: 5296 (70.77%)

>>>>>>>>>>>>>>>>>>>>>>> mixcr extend <<<<<<<<<<<<<<<<<<<<<<<
Running:
mixcr extend --report /projects/rpci/songyao/pnfioric/arc_project/airr_calculation/tcr_quant/results/mixcr_RS-04367392.extend.report.txt --json-report /projects/rpci/songyao/pnfioric/arc_project/airr_calculation/tcr_quant/results/mixcr_RS-04367392.extend.report.json --threads 12 /projects/rpci/songyao/pnfioric/arc_project/airr_calculation/tcr_quant/results/mixcr_RS-04367392.passembled.2.vdjca /projects/rpci/songyao/pnfioric/arc_project/airr_calculation/tcr_quant/results/mixcr_RS-04367392.extended.vdjca
Extending alignments: 0%
====================== report: extend ======================
Analysis time: 67ms
Extended alignments count: 0 (0%)
V extensions total: 0 (0%)
V extensions with merged targets: 0 (0%)
J extensions total: 0 (0%)
J extensions with merged targets: 0 (0%)
V+J extensions: 0 (0%)
Mean V extension length: NaN
Mean J extension length: NaN

>>>>>>>>>>>>>>>>>>>>>> mixcr assemble <<<<<<<<<<<<<<<<<<<<<<
Running:
mixcr assemble --report /projects/rpci/songyao/pnfioric/arc_project/airr_calculation/tcr_quant/results/mixcr_RS-04367392.assemble.report.txt --json-report /projects/rpci/songyao/pnfioric/arc_project/airr_calculation/tcr_quant/results/mixcr_RS-04367392.assemble.report.json /projects/rpci/songyao/pnfioric/arc_project/airr_calculation/tcr_quant/results/mixcr_RS-04367392.extended.vdjca /projects/rpci/songyao/pnfioric/arc_project/airr_calculation/tcr_quant/results/mixcr_RS-04367392.clna
Initialization: progress unknown
Initialization: progress unknown
Writing alignments: 95.4%
===================== report: assemble =====================
Analysis time: 1.16s
Final clonotype count: 765
Reads used in clonotypes, percent of total: 2049 (0%)
Average number of reads per clonotype: 2.68
Reads dropped due to the lack of a clone sequence, percent of total: 5422 (0.01%)
Reads dropped due to a too short clonal sequence, percent of total: 0 (0%)
Reads dropped due to low quality, percent of total: 0 (0%)
Reads dropped due to failed mapping, percent of total: 57 (0%)
Reads dropped with low quality clones, percent of total: 0 (0%)
Aligned reads processed: 2119
Reads used in clonotypes before clustering, percent of total: 2062 (0%)
Number of reads used as a core, percent of used: 2049 (99.37%)
Mapped low quality reads, percent of used: 13 (0.63%)
Reads clustered in PCR error correction, percent of used: 13 (0.63%)
Reads pre-clustered due to the similar VJC-lists, percent of used: 0 (0%)
Clonotypes dropped as low quality: 0
Clonotypes eliminated by PCR error correction: 11
Clonotypes pre-clustered due to the similar VJC-lists: 0
Clones dropped in post filtering: 0 (0%)
Reads dropped in post filtering: 0.0 (0%)
Reads filtered by tag prefix: 0 (0%)
TRA chains: 6 (0.78%)
TRA non-functional: 3 (50%)
TRB chains: 8 (1.05%)
TRB non-functional: 0 (0%)
TRG chains: 1 (0.13%)
TRG non-functional: 0 (0%)
IGH chains: 203 (26.54%)
IGH non-functional: 4 (1.97%)
IGK chains: 371 (48.5%)
IGK non-functional: 18 (4.85%)
IGL chains: 176 (23.01%)
IGL non-functional: 4 (2.27%)

>>>>>>>>>>>>>>>>>> mixcr assembleContigs <<<<<<<<<<<<<<<<<<
Running:
mixcr assembleContigs --report /projects/rpci/songyao/pnfioric/arc_project/airr_calculation/tcr_quant/results/mixcr_RS-04367392.assembleContigs.report.txt --json-report /projects/rpci/songyao/pnfioric/arc_project/airr_calculation/tcr_quant/results/mixcr_RS-04367392.assembleContigs.report.json --threads 12 /projects/rpci/songyao/pnfioric/arc_project/airr_calculation/tcr_quant/results/mixcr_RS-04367392.clna /projects/rpci/songyao/pnfioric/arc_project/airr_calculation/tcr_quant/results/mixcr_RS-04367392.contigs.clns
Assembling contigs: 0%
================= report: assembleContigs =================
Analysis time: 803ms
Initial clonotype count: 765
Final clonotype count: 765 (100%)
Canceled assemblies: 0 (0%)
Clones filtered out after assemble: 0 (0%)
Number of premature termination assembly events, percent of number of initial clonotypes: 0.0 (0%)
Longest contig length: 339
Clustered variants: 0 (0%)
Reads in clustered variants: 0.0 (0%)
Reads in divided (newly created) clones: 0.0 (0%)
Clones with ambiguous letters in splitting region: 0 (0%)
Reads in clones with ambiguous letters in splitting region: 0.0 (0%)
Average number of ambiguous letters per clone with ambiguous letters in splitting region: NaN
Clones combined after clustering: 0 (0%)

>>>>>>>>>>>>>>>>>>>>>>>>> mixcr qc <<<<<<<<<<<<<<<<<<<<<<<<<
Running:
mixcr qc --print-to-stdout /projects/rpci/songyao/pnfioric/arc_project/airr_calculation/tcr_quant/results/mixcr_RS-04367392.contigs.clns /projects/rpci/songyao/pnfioric/arc_project/airr_calculation/tcr_quant/results/mixcr_RS-04367392.qc.txt /projects/rpci/songyao/pnfioric/arc_project/airr_calculation/tcr_quant/results/mixcr_RS-04367392.qc.json

  Alignments dropped due to low sequence quality: 0.0% [OK]

>>>>>>>>>>>>>>>>>>>> mixcr exportClones <<<<<<<<<<<<<<<<<<<<
Running:
mixcr exportClones /projects/rpci/songyao/pnfioric/arc_project/airr_calculation/tcr_quant/results/mixcr_RS-04367392.contigs.clns /projects/rpci/songyao/pnfioric/arc_project/airr_calculation/tcr_quant/results/mixcr_RS-04367392.clones.tsv
Analysis finished successfully.
===============================
Visualize results and simplify your immune data analysis with a convenient UI.
Explore and install Platforma.bio here: https://platforma.bio
