WARNING: sun.reflect.Reflection.getCallerClass is not supported. This will impact performance.

>>>>>>>>>>>>>>>>>>>>>>> mixcr align <<<<<<<<<<<<<<<<<<<<<<<
Running:
mixcr align --report /projects/rpci/songyao/pnfioric/arc_project/airr_calculation/tcr_quant/results/mixcr_RS-04396781.align.report.txt --json-report /projects/rpci/songyao/pnfioric/arc_project/airr_calculation/tcr_quant/results/mixcr_RS-04396781.align.report.json --threads 12 --preset rna-seq --save-output-file-names /projects/rpci/songyao/pnfioric/arc_project/airr_calculation/tcr_quant/results/mixcr_RS-04396781.align.list.tsv --species hsa /projects/rpci/songyao/pnfioric/arc_project/airr_calculation/fastq_files/RS-04396781/RS-04396781_SCHS10026895-A3_RS-03834161_S120_R1_001.fastq.gz /projects/rpci/songyao/pnfioric/arc_project/airr_calculation/fastq_files/RS-04396781/RS-04396781_SCHS10026895-A3_RS-03834161_S120_R2_001.fastq.gz /projects/rpci/songyao/pnfioric/arc_project/airr_calculation/tcr_quant/results/mixcr_RS-04396781.alignments.vdjca
Alignment: 0%
Alignment: 3.5%  ETA: 00:55:49
Alignment: 6.9%  ETA: 00:53:21
Alignment: 10.5%  ETA: 00:50:28
Alignment: 13.9%  ETA: 00:50:11
Alignment: 17.5%  ETA: 00:46:32
Alignment: 21%  ETA: 00:44:09
Alignment: 24.5%  ETA: 00:43:16
Alignment: 28%  ETA: 00:41:38
Alignment: 31.5%  ETA: 00:39:16
Alignment: 34.9%  ETA: 00:37:37
Alignment: 38.4%  ETA: 00:35:36
Alignment: 41.9%  ETA: 00:33:01
Alignment: 45.4%  ETA: 00:31:18
Alignment: 48.9%  ETA: 00:29:18
Alignment: 52.4%  ETA: 00:27:33
Alignment: 55.8%  ETA: 00:25:19
Alignment: 59.3%  ETA: 00:23:45
Alignment: 62.8%  ETA: 00:21:21
Alignment: 66.3%  ETA: 00:19:21
Alignment: 69.8%  ETA: 00:17:11
Alignment: 73.3%  ETA: 00:15:11
Alignment: 76.8%  ETA: 00:13:11
Alignment: 80.3%  ETA: 00:11:24
Alignment: 83.8%  ETA: 00:09:13
Alignment: 87.3%  ETA: 00:07:17
Alignment: 90.8%  ETA: 00:05:14
Alignment: 94.3%  ETA: 00:03:14
Alignment: 97.9%  ETA: 00:01:11
====================== report: align ======================
Analysis time: 57.24m
Total sequencing reads: 65582197
Successfully aligned reads: 55005 (0.08%)
Coverage (percent of successfully aligned):
  CDR3: 16346 (29.72%)
  FR3_TO_FR4: 64 (0.12%)
  CDR2_TO_FR4: 24 (0.04%)
  FR2_TO_FR4: 0 (0%)
  CDR1_TO_FR4: 0 (0%)
  VDJRegion: 0 (0%)
Alignment failed: no hits (not TCR/IG?): 63889421 (97.42%)
Alignment failed after alignment-aided overlap: 2 (0%)
Alignment failed: no CDR3 parts: 102245 (0.16%)
Alignment failed: low total score: 1535524 (2.34%)
Overlapped: 59419695 (90.6%)
Overlapped and aligned: 53112 (0.08%)
Overlapped and not aligned: 59366583 (90.52%)
Alignment-aided overlaps, percent of overlapped and aligned: 785 (1.48%)
No CDR3 parts alignments, percent of successfully aligned: 796 (1.45%)
Partial aligned reads, percent of successfully aligned: 37863 (68.84%)
J gene chimeras: 11 (0%)
Realigned with forced non-floating bound: 12326574 (18.8%)
Realigned with forced non-floating right bound in left read: 719 (0%)
Realigned with forced non-floating left bound in right read: 719 (0%)
TRA chains: 3623 (6.59%)
TRA non-functional: 7 (0.19%)
TRB chains: 967 (1.76%)
TRB non-functional: 2 (0.21%)
TRD chains: 45 (0.08%)
TRD non-functional: 0 (0%)
TRG chains: 130 (0.24%)
TRG non-functional: 21 (16.15%)
IGH chains: 20556 (37.37%)
IGH non-functional: 75 (0.36%)
TRAD chains: 71 (0.13%)
TRAD non-functional: 0 (0%)
IGK chains: 12669 (23.03%)
IGK non-functional: 325 (2.57%)
IGL chains: 16944 (30.8%)
IGL non-functional: 129 (0.76%)
Trimming report:
  R1 reads trimmed left: 146120 (0.22%)
  R1 reads trimmed right: 150927 (0.23%)
  Average R1 nucleotides trimmed left: 0.037873937038126367
  Average R1 nucleotides trimmed right: 0.041648772455732154
  R2 reads trimmed left: 146778 (0.22%)
  R2 reads trimmed right: 148346 (0.23%)
  Average R2 nucleotides trimmed left: 0.03754335951874256
  Average R2 nucleotides trimmed right: 0.040049710441996934

>>>>>>>>>>>>>>>>>> mixcr assemblePartial <<<<<<<<<<<<<<<<<<
Running:
mixcr assemblePartial --report /projects/rpci/songyao/pnfioric/arc_project/airr_calculation/tcr_quant/results/mixcr_RS-04396781.assemblePartial.report.txt --json-report /projects/rpci/songyao/pnfioric/arc_project/airr_calculation/tcr_quant/results/mixcr_RS-04396781.assemblePartial.report.json /projects/rpci/songyao/pnfioric/arc_project/airr_calculation/tcr_quant/results/mixcr_RS-04396781.alignments.vdjca /projects/rpci/songyao/pnfioric/arc_project/airr_calculation/tcr_quant/results/mixcr_RS-04396781.passembled.1.vdjca
Building index: 0%
Searching for overlaps: 0%
Searching for overlaps: 32.6%  ETA: 00:00:02
Searching for overlaps: 92.1%  ETA: 00:00:00
================= report: assemblePartial =================
Analysis time: 2.86s
Total alignments analysed: 55005
Number of output alignments: 54369 (98.84%)
Alignments already with CDR3 (no overlapping is performed): 17294 (31.44%)
Successfully overlapped alignments: 636 (1.16%)
Left parts with too small N-region (failed to extract k-mer): 13042 (23.71%)
Extracted k-mer diversity: 20376
Dropped due to wildcard in k-mer: 0 (0%)
Dropped due to too short NRegion parts in overlap: 567 (1.03%)
Dropped overlaps with empty N region due to no complete NDN coverage: 8 (0.01%)
Number of left-side alignments: 8023 (14.59%)
Number of right-side alignments: 16770 (30.49%)
Complex overlaps: 0 (0%)
Over-overlaps: 0 (0%)
Partial alignments written to output: 36439 (66.25%)

>>>>>>>>>>>>>>>>>> mixcr assemblePartial <<<<<<<<<<<<<<<<<<
Running:
mixcr assemblePartial --report /projects/rpci/songyao/pnfioric/arc_project/airr_calculation/tcr_quant/results/mixcr_RS-04396781.assemblePartial.report.txt --json-report /projects/rpci/songyao/pnfioric/arc_project/airr_calculation/tcr_quant/results/mixcr_RS-04396781.assemblePartial.report.json /projects/rpci/songyao/pnfioric/arc_project/airr_calculation/tcr_quant/results/mixcr_RS-04396781.passembled.1.vdjca /projects/rpci/songyao/pnfioric/arc_project/airr_calculation/tcr_quant/results/mixcr_RS-04396781.passembled.2.vdjca
Building index: 0%
Searching for overlaps: 0%
================= report: assemblePartial =================
Analysis time: 1.31s
Total alignments analysed: 54369
Number of output alignments: 54368 (100%)
Alignments already with CDR3 (no overlapping is performed): 17930 (32.98%)
Successfully overlapped alignments: 1 (0%)
Left parts with too small N-region (failed to extract k-mer): 13037 (23.98%)
Extracted k-mer diversity: 19755
Dropped due to wildcard in k-mer: 0 (0%)
Dropped due to too short NRegion parts in overlap: 436 (0.8%)
Dropped overlaps with empty N region due to no complete NDN coverage: 8 (0.01%)
Number of left-side alignments: 7387 (13.59%)
Number of right-side alignments: 16132 (29.67%)
Complex overlaps: 0 (0%)
Over-overlaps: 0 (0%)
Partial alignments written to output: 36437 (67.02%)

>>>>>>>>>>>>>>>>>>>>>>> mixcr extend <<<<<<<<<<<<<<<<<<<<<<<
Running:
mixcr extend --report /projects/rpci/songyao/pnfioric/arc_project/airr_calculation/tcr_quant/results/mixcr_RS-04396781.extend.report.txt --json-report /projects/rpci/songyao/pnfioric/arc_project/airr_calculation/tcr_quant/results/mixcr_RS-04396781.extend.report.json --threads 12 /projects/rpci/songyao/pnfioric/arc_project/airr_calculation/tcr_quant/results/mixcr_RS-04396781.passembled.2.vdjca /projects/rpci/songyao/pnfioric/arc_project/airr_calculation/tcr_quant/results/mixcr_RS-04396781.extended.vdjca
Extending alignments: 0%
====================== report: extend ======================
Analysis time: 687ms
Extended alignments count: 9 (0.02%)
V extensions total: 2 (0%)
V extensions with merged targets: 0 (0%)
J extensions total: 7 (0.01%)
J extensions with merged targets: 0 (0%)
V+J extensions: 0 (0%)
Mean V extension length: 3.5
Mean J extension length: 12.285714285714286

>>>>>>>>>>>>>>>>>>>>>> mixcr assemble <<<<<<<<<<<<<<<<<<<<<<
Running:
mixcr assemble --report /projects/rpci/songyao/pnfioric/arc_project/airr_calculation/tcr_quant/results/mixcr_RS-04396781.assemble.report.txt --json-report /projects/rpci/songyao/pnfioric/arc_project/airr_calculation/tcr_quant/results/mixcr_RS-04396781.assemble.report.json /projects/rpci/songyao/pnfioric/arc_project/airr_calculation/tcr_quant/results/mixcr_RS-04396781.extended.vdjca /projects/rpci/songyao/pnfioric/arc_project/airr_calculation/tcr_quant/results/mixcr_RS-04396781.clna
Initialization: progress unknown
Building clones: 0.2%
Building clones: 58.8%  ETA: 00:00:00
Initialization: progress unknown
Writing alignments: 0%
Writing alignments: 73.6%  ETA: 00:00:00
Writing alignments: 83.9%  ETA: 00:00:01
Writing alignments: 94.1%  ETA: 00:00:00
===================== report: assemble =====================
Analysis time: 3.67s
Final clonotype count: 2791
Reads used in clonotypes, percent of total: 17268 (0.03%)
Average number of reads per clonotype: 6.19
Reads dropped due to the lack of a clone sequence, percent of total: 37376 (0.06%)
Reads dropped due to a too short clonal sequence, percent of total: 0 (0%)
Reads dropped due to low quality, percent of total: 0 (0%)
Reads dropped due to failed mapping, percent of total: 159 (0%)
Reads dropped with low quality clones, percent of total: 0 (0%)
Aligned reads processed: 17629
Reads used in clonotypes before clustering, percent of total: 17470 (0.03%)
Number of reads used as a core, percent of used: 17372 (99.44%)
Mapped low quality reads, percent of used: 98 (0.56%)
Reads clustered in PCR error correction, percent of used: 202 (1.16%)
Reads pre-clustered due to the similar VJC-lists, percent of used: 0 (0%)
Clonotypes dropped as low quality: 0
Clonotypes eliminated by PCR error correction: 167
Clonotypes pre-clustered due to the similar VJC-lists: 0
Clones dropped in post filtering: 0 (0%)
Reads dropped in post filtering: 0.0 (0%)
Reads filtered by tag prefix: 0 (0%)
TRA chains: 33 (1.18%)
TRA non-functional: 6 (18.18%)
TRB chains: 23 (0.82%)
TRB non-functional: 2 (8.7%)
TRG chains: 7 (0.25%)
TRG non-functional: 5 (71.43%)
IGH chains: 928 (33.25%)
IGH non-functional: 20 (2.16%)
IGK chains: 1151 (41.24%)
IGK non-functional: 125 (10.86%)
IGL chains: 649 (23.25%)
IGL non-functional: 31 (4.78%)

>>>>>>>>>>>>>>>>>> mixcr assembleContigs <<<<<<<<<<<<<<<<<<
Running:
mixcr assembleContigs --report /projects/rpci/songyao/pnfioric/arc_project/airr_calculation/tcr_quant/results/mixcr_RS-04396781.assembleContigs.report.txt --json-report /projects/rpci/songyao/pnfioric/arc_project/airr_calculation/tcr_quant/results/mixcr_RS-04396781.assembleContigs.report.json --threads 12 /projects/rpci/songyao/pnfioric/arc_project/airr_calculation/tcr_quant/results/mixcr_RS-04396781.clna /projects/rpci/songyao/pnfioric/arc_project/airr_calculation/tcr_quant/results/mixcr_RS-04396781.contigs.clns
Assembling contigs: 0%
Assembling contigs: 20.3%  ETA: 00:00:03
================= report: assembleContigs =================
Analysis time: 2.02s
Initial clonotype count: 2791
Final clonotype count: 2791 (100%)
Canceled assemblies: 0 (0%)
Clones filtered out after assemble: 0 (0%)
Number of premature termination assembly events, percent of number of initial clonotypes: 0.0 (0%)
Longest contig length: 405
Clustered variants: 0 (0%)
Reads in clustered variants: 0.0 (0%)
Reads in divided (newly created) clones: 0.0 (0%)
Clones with ambiguous letters in splitting region: 0 (0%)
Reads in clones with ambiguous letters in splitting region: 0.0 (0%)
Average number of ambiguous letters per clone with ambiguous letters in splitting region: NaN
Clones combined after clustering: 0 (0%)

>>>>>>>>>>>>>>>>>>>>>>>>> mixcr qc <<<<<<<<<<<<<<<<<<<<<<<<<
Running:
mixcr qc --print-to-stdout /projects/rpci/songyao/pnfioric/arc_project/airr_calculation/tcr_quant/results/mixcr_RS-04396781.contigs.clns /projects/rpci/songyao/pnfioric/arc_project/airr_calculation/tcr_quant/results/mixcr_RS-04396781.qc.txt /projects/rpci/songyao/pnfioric/arc_project/airr_calculation/tcr_quant/results/mixcr_RS-04396781.qc.json

  Alignments dropped due to low sequence quality: 0.0% [OK]

>>>>>>>>>>>>>>>>>>>> mixcr exportClones <<<<<<<<<<<<<<<<<<<<
Running:
mixcr exportClones /projects/rpci/songyao/pnfioric/arc_project/airr_calculation/tcr_quant/results/mixcr_RS-04396781.contigs.clns /projects/rpci/songyao/pnfioric/arc_project/airr_calculation/tcr_quant/results/mixcr_RS-04396781.clones.tsv
Analysis finished successfully.
===============================
Visualize results and simplify your immune data analysis with a convenient UI.
Explore and install Platforma.bio here: https://platforma.bio
