Exporting TRB
Exporting clones: 100%
Filtered 1 of 352 clones (99.72%).
Filtered 12.0 of 4174.0 reads (99.71%).
Exporting TRA
Exporting clones: 100%
Filtered 1 of 352 clones (99.72%).
Filtered 5.0 of 4174.0 reads (99.88%).
Exporting IGH
Exporting clones: 0.9%
Filtered 117 of 352 clones (66.76%).
Filtered 1502.0 of 4174.0 reads (64.02%).
Exporting IGL
Exporting clones: 1%
Filtered 102 of 352 clones (71.02%).
Filtered 1175.0 of 4174.0 reads (71.85%).
Exporting IGK
Exporting clones: 0.8%
Filtered 131 of 352 clones (62.78%).
Filtered 1480.0 of 4174.0 reads (64.54%).
