WARNING: sun.reflect.Reflection.getCallerClass is not supported. This will impact performance.

>>>>>>>>>>>>>>>>>>>>>>> mixcr align <<<<<<<<<<<<<<<<<<<<<<<
Running:
mixcr align --report /projects/rpci/songyao/pnfioric/arc_project/airr_calculation/tcr_quant/results/mixcr_RS-04367479.align.report.txt --json-report /projects/rpci/songyao/pnfioric/arc_project/airr_calculation/tcr_quant/results/mixcr_RS-04367479.align.report.json --threads 12 --preset rna-seq --save-output-file-names /projects/rpci/songyao/pnfioric/arc_project/airr_calculation/tcr_quant/results/mixcr_RS-04367479.align.list.tsv --species hsa /projects/rpci/songyao/pnfioric/arc_project/airr_calculation/fastq_files/RS-04367479/RS-04367479_L-6924-96-A_RS-04212078_S145_R1_001.fastq.gz /projects/rpci/songyao/pnfioric/arc_project/airr_calculation/fastq_files/RS-04367479/RS-04367479_L-6924-96-A_RS-04212078_S145_R2_001.fastq.gz /projects/rpci/songyao/pnfioric/arc_project/airr_calculation/tcr_quant/results/mixcr_RS-04367479.alignments.vdjca
Alignment: 0%
Alignment: 4.2%  ETA: 00:45:32
Alignment: 8.5%  ETA: 00:42:47
Alignment: 12.8%  ETA: 00:40:26
Alignment: 17%  ETA: 00:39:27
Alignment: 21.2%  ETA: 00:37:46
Alignment: 25.4%  ETA: 00:35:27
Alignment: 29.6%  ETA: 00:33:45
Alignment: 33.8%  ETA: 00:31:29
Alignment: 37.9%  ETA: 00:30:00
Alignment: 42.1%  ETA: 00:28:00
Alignment: 46.2%  ETA: 00:25:46
Alignment: 50.4%  ETA: 00:23:59
Alignment: 54.5%  ETA: 00:21:59
Alignment: 58.6%  ETA: 00:19:59
Alignment: 62.8%  ETA: 00:17:59
Alignment: 66.9%  ETA: 00:16:08
Alignment: 71%  ETA: 00:14:00
Alignment: 75.1%  ETA: 00:12:07
Alignment: 79.3%  ETA: 00:10:01
Alignment: 83.4%  ETA: 00:07:56
Alignment: 87.7%  ETA: 00:05:52
Alignment: 91.8%  ETA: 00:04:01
Alignment: 95.9%  ETA: 00:01:57
====================== report: align ======================
Analysis time: 48m
Total sequencing reads: 57051766
Successfully aligned reads: 2161 (0%)
Coverage (percent of successfully aligned):
  CDR3: 197 (9.12%)
  FR3_TO_FR4: 0 (0%)
  CDR2_TO_FR4: 0 (0%)
  FR2_TO_FR4: 0 (0%)
  CDR1_TO_FR4: 0 (0%)
  VDJRegion: 0 (0%)
Alignment failed: no hits (not TCR/IG?): 55257379 (96.85%)
Alignment failed: no CDR3 parts: 17196 (0.03%)
Alignment failed: low total score: 1775030 (3.11%)
Overlapped: 52903654 (92.73%)
Overlapped and aligned: 2135 (0%)
Overlapped and not aligned: 52901519 (92.73%)
Alignment-aided overlaps, percent of overlapped and aligned: 0 (0%)
No CDR3 parts alignments, percent of successfully aligned: 8 (0.37%)
Partial aligned reads, percent of successfully aligned: 1956 (90.51%)
Realigned with forced non-floating bound: 8296224 (14.54%)
Realigned with forced non-floating right bound in left read: 319 (0%)
Realigned with forced non-floating left bound in right read: 319 (0%)
TRA chains: 625 (28.92%)
TRA non-functional: 0 (0%)
TRB chains: 125 (5.78%)
TRB non-functional: 0 (0%)
TRG chains: 23 (1.06%)
TRG non-functional: 0 (0%)
IGH chains: 762 (35.26%)
IGH non-functional: 0 (0%)
IGK chains: 203 (9.39%)
IGK non-functional: 0 (0%)
IGL chains: 423 (19.57%)
IGL non-functional: 0 (0%)
Trimming report:
  R1 reads trimmed left: 543480 (0.95%)
  R1 reads trimmed right: 557899 (0.98%)
  Average R1 nucleotides trimmed left: 0.16194492559616822
  Average R1 nucleotides trimmed right: 0.1728203821070149
  R2 reads trimmed left: 536621 (0.94%)
  R2 reads trimmed right: 550866 (0.97%)
  Average R2 nucleotides trimmed left: 0.1594453184849703
  Average R2 nucleotides trimmed right: 0.17122363924720577

>>>>>>>>>>>>>>>>>> mixcr assemblePartial <<<<<<<<<<<<<<<<<<
Running:
mixcr assemblePartial --report /projects/rpci/songyao/pnfioric/arc_project/airr_calculation/tcr_quant/results/mixcr_RS-04367479.assemblePartial.report.txt --json-report /projects/rpci/songyao/pnfioric/arc_project/airr_calculation/tcr_quant/results/mixcr_RS-04367479.assemblePartial.report.json /projects/rpci/songyao/pnfioric/arc_project/airr_calculation/tcr_quant/results/mixcr_RS-04367479.alignments.vdjca /projects/rpci/songyao/pnfioric/arc_project/airr_calculation/tcr_quant/results/mixcr_RS-04367479.passembled.1.vdjca
Building index: 0%
Searching for overlaps: 0%
================= report: assemblePartial =================
Analysis time: 259ms
Total alignments analysed: 2161
Number of output alignments: 2161 (100%)
Alignments already with CDR3 (no overlapping is performed): 197 (9.12%)
Successfully overlapped alignments: 0 (0%)
Left parts with too small N-region (failed to extract k-mer): 249 (11.52%)
Extracted k-mer diversity: 336
Dropped due to wildcard in k-mer: 0 (0%)
Dropped due to too short NRegion parts in overlap: 0 (0%)
Dropped overlaps with empty N region due to no complete NDN coverage: 0 (0%)
Number of left-side alignments: 330 (15.27%)
Number of right-side alignments: 1385 (64.09%)
Complex overlaps: 0 (0%)
Over-overlaps: 0 (0%)
Partial alignments written to output: 1964 (90.88%)

>>>>>>>>>>>>>>>>>> mixcr assemblePartial <<<<<<<<<<<<<<<<<<
Running:
mixcr assemblePartial --report /projects/rpci/songyao/pnfioric/arc_project/airr_calculation/tcr_quant/results/mixcr_RS-04367479.assemblePartial.report.txt --json-report /projects/rpci/songyao/pnfioric/arc_project/airr_calculation/tcr_quant/results/mixcr_RS-04367479.assemblePartial.report.json /projects/rpci/songyao/pnfioric/arc_project/airr_calculation/tcr_quant/results/mixcr_RS-04367479.passembled.1.vdjca /projects/rpci/songyao/pnfioric/arc_project/airr_calculation/tcr_quant/results/mixcr_RS-04367479.passembled.2.vdjca
Building index: 0%
Searching for overlaps: 0.3%
================= report: assemblePartial =================
Analysis time: 74ms
Total alignments analysed: 2161
Number of output alignments: 2161 (100%)
Alignments already with CDR3 (no overlapping is performed): 197 (9.12%)
Successfully overlapped alignments: 0 (0%)
Left parts with too small N-region (failed to extract k-mer): 249 (11.52%)
Extracted k-mer diversity: 336
Dropped due to wildcard in k-mer: 0 (0%)
Dropped due to too short NRegion parts in overlap: 0 (0%)
Dropped overlaps with empty N region due to no complete NDN coverage: 0 (0%)
Number of left-side alignments: 330 (15.27%)
Number of right-side alignments: 1385 (64.09%)
Complex overlaps: 0 (0%)
Over-overlaps: 0 (0%)
Partial alignments written to output: 1964 (90.88%)

>>>>>>>>>>>>>>>>>>>>>>> mixcr extend <<<<<<<<<<<<<<<<<<<<<<<
Running:
mixcr extend --report /projects/rpci/songyao/pnfioric/arc_project/airr_calculation/tcr_quant/results/mixcr_RS-04367479.extend.report.txt --json-report /projects/rpci/songyao/pnfioric/arc_project/airr_calculation/tcr_quant/results/mixcr_RS-04367479.extend.report.json --threads 12 /projects/rpci/songyao/pnfioric/arc_project/airr_calculation/tcr_quant/results/mixcr_RS-04367479.passembled.2.vdjca /projects/rpci/songyao/pnfioric/arc_project/airr_calculation/tcr_quant/results/mixcr_RS-04367479.extended.vdjca
Extending alignments: 0%
====================== report: extend ======================
Analysis time: 30ms
Extended alignments count: 0 (0%)
V extensions total: 0 (0%)
V extensions with merged targets: 0 (0%)
J extensions total: 0 (0%)
J extensions with merged targets: 0 (0%)
V+J extensions: 0 (0%)
Mean V extension length: NaN
Mean J extension length: NaN

>>>>>>>>>>>>>>>>>>>>>> mixcr assemble <<<<<<<<<<<<<<<<<<<<<<
Running:
mixcr assemble --report /projects/rpci/songyao/pnfioric/arc_project/airr_calculation/tcr_quant/results/mixcr_RS-04367479.assemble.report.txt --json-report /projects/rpci/songyao/pnfioric/arc_project/airr_calculation/tcr_quant/results/mixcr_RS-04367479.assemble.report.json /projects/rpci/songyao/pnfioric/arc_project/airr_calculation/tcr_quant/results/mixcr_RS-04367479.extended.vdjca /projects/rpci/songyao/pnfioric/arc_project/airr_calculation/tcr_quant/results/mixcr_RS-04367479.clna
Initialization: progress unknown
Initialization: progress unknown
===================== report: assemble =====================
Analysis time: 403ms
Final clonotype count: 13
Reads used in clonotypes, percent of total: 197 (0%)
Average number of reads per clonotype: 15.15
Reads dropped due to the lack of a clone sequence, percent of total: 1964 (0%)
Reads dropped due to a too short clonal sequence, percent of total: 0 (0%)
Reads dropped due to low quality, percent of total: 0 (0%)
Reads dropped due to failed mapping, percent of total: 0 (0%)
Reads dropped with low quality clones, percent of total: 0 (0%)
Aligned reads processed: 197
Reads used in clonotypes before clustering, percent of total: 197 (0%)
Number of reads used as a core, percent of used: 197 (100%)
Mapped low quality reads, percent of used: 0 (0%)
Reads clustered in PCR error correction, percent of used: 0 (0%)
Reads pre-clustered due to the similar VJC-lists, percent of used: 0 (0%)
Clonotypes dropped as low quality: 0
Clonotypes eliminated by PCR error correction: 0
Clonotypes pre-clustered due to the similar VJC-lists: 0
Clones dropped in post filtering: 0 (0%)
Reads dropped in post filtering: 0.0 (0%)
Reads filtered by tag prefix: 0 (0%)
IGH chains: 7 (53.85%)
IGH non-functional: 0 (0%)
IGK chains: 5 (38.46%)
IGK non-functional: 0 (0%)
IGL chains: 1 (7.69%)
IGL non-functional: 0 (0%)

>>>>>>>>>>>>>>>>>> mixcr assembleContigs <<<<<<<<<<<<<<<<<<
Running:
mixcr assembleContigs --report /projects/rpci/songyao/pnfioric/arc_project/airr_calculation/tcr_quant/results/mixcr_RS-04367479.assembleContigs.report.txt --json-report /projects/rpci/songyao/pnfioric/arc_project/airr_calculation/tcr_quant/results/mixcr_RS-04367479.assembleContigs.report.json --threads 12 /projects/rpci/songyao/pnfioric/arc_project/airr_calculation/tcr_quant/results/mixcr_RS-04367479.clna /projects/rpci/songyao/pnfioric/arc_project/airr_calculation/tcr_quant/results/mixcr_RS-04367479.contigs.clns
Assembling contigs: 0%
================= report: assembleContigs =================
Analysis time: 149ms
Initial clonotype count: 13
Final clonotype count: 13 (100%)
Canceled assemblies: 0 (0%)
Clones filtered out after assemble: 0 (0%)
Number of premature termination assembly events, percent of number of initial clonotypes: 0.0 (0%)
Longest contig length: 157
Clustered variants: 0 (0%)
Reads in clustered variants: 0.0 (0%)
Reads in divided (newly created) clones: 0.0 (0%)
Clones with ambiguous letters in splitting region: 0 (0%)
Reads in clones with ambiguous letters in splitting region: 0.0 (0%)
Average number of ambiguous letters per clone with ambiguous letters in splitting region: NaN
Clones combined after clustering: 0 (0%)

>>>>>>>>>>>>>>>>>>>>>>>>> mixcr qc <<<<<<<<<<<<<<<<<<<<<<<<<
Running:
mixcr qc --print-to-stdout /projects/rpci/songyao/pnfioric/arc_project/airr_calculation/tcr_quant/results/mixcr_RS-04367479.contigs.clns /projects/rpci/songyao/pnfioric/arc_project/airr_calculation/tcr_quant/results/mixcr_RS-04367479.qc.txt /projects/rpci/songyao/pnfioric/arc_project/airr_calculation/tcr_quant/results/mixcr_RS-04367479.qc.json

  Alignments dropped due to low sequence quality: 0.0% [OK]

>>>>>>>>>>>>>>>>>>>> mixcr exportClones <<<<<<<<<<<<<<<<<<<<
Running:
mixcr exportClones /projects/rpci/songyao/pnfioric/arc_project/airr_calculation/tcr_quant/results/mixcr_RS-04367479.contigs.clns /projects/rpci/songyao/pnfioric/arc_project/airr_calculation/tcr_quant/results/mixcr_RS-04367479.clones.tsv
Analysis finished successfully.
===============================
Visualize results and simplify your immune data analysis with a convenient UI.
Explore and install Platforma.bio here: https://platforma.bio
