Exporting TRB
Exporting clones: 100%
Filtered 1 of 314 clones (99.68%).
Filtered 4.0 of 952.0 reads (99.58%).
Exporting TRA
Exporting clones: 33.3%
Filtered 3 of 314 clones (99.04%).
Filtered 11.0 of 952.0 reads (98.84%).
Exporting IGH
Exporting clones: 1.2%
Filtered 80 of 314 clones (74.52%).
Filtered 241.0 of 952.0 reads (74.68%).
Exporting TRG
Exporting clones: 50%
Filtered 2 of 314 clones (99.36%).
Filtered 18.0 of 952.0 reads (98.11%).
Exporting IGL
Exporting clones: 1.4%
Filtered 69 of 314 clones (78.03%).
Filtered 214.0 of 952.0 reads (77.52%).
Exporting IGK
Exporting clones: 0.6%
Filtered 159 of 314 clones (49.36%).
Filtered 464.0 of 952.0 reads (51.26%).
