Exporting TRB
Exporting clones: 50%
Filtered 2 of 105 clones (98.1%).
Filtered 6.0 of 365.0 reads (98.36%).
Exporting TRA
Exporting clones: 33.3%
Filtered 3 of 105 clones (97.14%).
Filtered 9.0 of 365.0 reads (97.53%).
Exporting IGH
Exporting clones: 2.9%
Filtered 34 of 105 clones (67.62%).
Filtered 94.0 of 365.0 reads (74.25%).
Exporting TRG
Exporting clones: 100%
Filtered 1 of 105 clones (99.05%).
Filtered 7.0 of 365.0 reads (98.08%).
Exporting IGL
Exporting clones: 5.6%
Filtered 18 of 105 clones (82.86%).
Filtered 64.0 of 365.0 reads (82.47%).
Exporting IGK
Exporting clones: 2.1%
Filtered 47 of 105 clones (55.24%).
Filtered 185.0 of 365.0 reads (49.32%).
