Exporting TRB
Exporting clones: 11.1%
Filtered 9 of 344 clones (97.38%).
Filtered 13.0 of 643.0 reads (97.98%).
Exporting TRA
Exporting clones: 33.3%
Filtered 3 of 344 clones (99.13%).
Filtered 6.0 of 643.0 reads (99.07%).
Exporting IGH
Exporting clones: 1.2%
Filtered 81 of 344 clones (76.45%).
Filtered 155.0 of 643.0 reads (75.89%).
Exporting TRG
Exporting clones: 100%
Filtered 1 of 344 clones (99.71%).
Filtered 1.0 of 643.0 reads (99.84%).
Exporting IGL
Exporting clones: 1.2%
Filtered 85 of 344 clones (75.29%).
Filtered 170.0 of 643.0 reads (73.56%).
Exporting IGK
Exporting clones: 0.6%
Filtered 165 of 344 clones (52.03%).
Filtered 298.0 of 643.0 reads (53.65%).
