Exporting TRB
Exporting clones: 4%
Filtered 25 of 1321 clones (98.11%).
Filtered 47.0 of 10997.0 reads (99.57%).
Exporting TRA
Exporting clones: 2.6%
Filtered 38 of 1321 clones (97.12%).
Filtered 106.0 of 10997.0 reads (99.04%).
Exporting IGH
Exporting clones: 0.3%
Filtered 387 of 1321 clones (70.7%).
Filtered 2411.0 of 10997.0 reads (78.08%).
Exporting TRG
Exporting clones: 100%
Filtered 3 of 1321 clones (99.77%).
Filtered 10.0 of 10997.0 reads (99.91%).
Exporting IGL
Exporting clones: 1.3%
Filtered 232 of 1321 clones (82.44%).
Filtered 2130.0 of 10997.0 reads (80.63%).
Exporting IGK
Exporting clones: 0.3%
Filtered 636 of 1321 clones (51.85%).
Filtered 6293.0 of 10997.0 reads (42.78%).
