Exporting TRB
Exporting clones: 12.5%
Filtered 8 of 492 clones (98.37%).
Filtered 13.0 of 1221.0 reads (98.94%).
Exporting TRA
Exporting clones: 14.3%
Filtered 7 of 492 clones (98.58%).
Filtered 13.0 of 1221.0 reads (98.94%).
Exporting IGH
Exporting clones: 0.8%
Filtered 125 of 492 clones (74.59%).
Filtered 271.0 of 1221.0 reads (77.81%).
Exporting TRG
Exporting clones: 33.3%
Filtered 3 of 492 clones (99.39%).
Filtered 4.0 of 1221.0 reads (99.67%).
Exporting IGL
Exporting clones: 1.6%
Filtered 124 of 492 clones (74.8%).
Filtered 300.0 of 1221.0 reads (75.43%).
Exporting IGK
Exporting clones: 0.4%
Filtered 225 of 492 clones (54.27%).
Filtered 620.0 of 1221.0 reads (49.22%).
