Exporting TRB
Exporting clones: 50%
Filtered 2 of 528 clones (99.62%).
Filtered 3.0 of 1141.0 reads (99.74%).
Exporting TRA
Exporting clones: 50%
Filtered 2 of 528 clones (99.62%).
Filtered 4.0 of 1141.0 reads (99.65%).
Exporting IGH
Exporting clones: 0.8%
Filtered 131 of 528 clones (75.19%).
Filtered 274.0 of 1141.0 reads (75.99%).
Exporting TRG
Exporting clones: 50%
Filtered 2 of 528 clones (99.62%).
Filtered 4.0 of 1141.0 reads (99.65%).
Exporting IGL
Exporting clones: 1%
Filtered 97 of 528 clones (81.63%).
Filtered 202.0 of 1141.0 reads (82.3%).
Exporting IGK
Exporting clones: 0.3%
Filtered 294 of 528 clones (44.32%).
Filtered 654.0 of 1141.0 reads (42.68%).
