WARNING: sun.reflect.Reflection.getCallerClass is not supported. This will impact performance.

>>>>>>>>>>>>>>>>>>>>>>> mixcr align <<<<<<<<<<<<<<<<<<<<<<<
Running:
mixcr align --report /projects/rpci/songyao/pnfioric/arc_project/airr_calculation/tcr_quant/results/mixcr_RS-04396717.align.report.txt --json-report /projects/rpci/songyao/pnfioric/arc_project/airr_calculation/tcr_quant/results/mixcr_RS-04396717.align.report.json --threads 12 --preset rna-seq --save-output-file-names /projects/rpci/songyao/pnfioric/arc_project/airr_calculation/tcr_quant/results/mixcr_RS-04396717.align.list.tsv --species hsa /projects/rpci/songyao/pnfioric/arc_project/airr_calculation/fastq_files/RS-04396717/RS-04396717_220_RS-04078912_S69_R1_001.fastq.gz /projects/rpci/songyao/pnfioric/arc_project/airr_calculation/fastq_files/RS-04396717/RS-04396717_220_RS-04078912_S69_R2_001.fastq.gz /projects/rpci/songyao/pnfioric/arc_project/airr_calculation/tcr_quant/results/mixcr_RS-04396717.alignments.vdjca
Alignment: 0%
Alignment: 3.7%  ETA: 00:52:41
Alignment: 7.4%  ETA: 00:49:48
Alignment: 11.1%  ETA: 00:48:14
Alignment: 14.7%  ETA: 00:46:38
Alignment: 18.5%  ETA: 00:43:29
Alignment: 22.2%  ETA: 00:41:29
Alignment: 25.9%  ETA: 00:39:49
Alignment: 29.6%  ETA: 00:38:30
Alignment: 33.2%  ETA: 00:37:10
Alignment: 36.8%  ETA: 00:34:32
Alignment: 40.5%  ETA: 00:32:14
Alignment: 44.2%  ETA: 00:30:15
Alignment: 47.9%  ETA: 00:28:15
Alignment: 51.6%  ETA: 00:26:29
Alignment: 55.2%  ETA: 00:24:43
Alignment: 58.9%  ETA: 00:22:30
Alignment: 62.5%  ETA: 00:20:30
Alignment: 66.2%  ETA: 00:18:09
Alignment: 69.9%  ETA: 00:16:19
Alignment: 73.6%  ETA: 00:14:19
Alignment: 77.3%  ETA: 00:12:19
Alignment: 80.9%  ETA: 00:10:31
Alignment: 84.6%  ETA: 00:08:26
Alignment: 88.2%  ETA: 00:06:26
Alignment: 92%  ETA: 00:04:19
Alignment: 95.7%  ETA: 00:02:19
Alignment: 99.4%  ETA: 00:00:20
====================== report: align ======================
Analysis time: 54.39m
Total sequencing reads: 62221129
Successfully aligned reads: 4954 (0.01%)
Coverage (percent of successfully aligned):
  CDR3: 359 (7.25%)
  FR3_TO_FR4: 6 (0.12%)
  CDR2_TO_FR4: 4 (0.08%)
  FR2_TO_FR4: 0 (0%)
  CDR1_TO_FR4: 0 (0%)
  VDJRegion: 0 (0%)
Alignment failed: no hits (not TCR/IG?): 59986036 (96.41%)
Alignment failed: no CDR3 parts: 26656 (0.04%)
Alignment failed: low total score: 2203483 (3.54%)
Overlapped: 57897185 (93.05%)
Overlapped and aligned: 4749 (0.01%)
Overlapped and not aligned: 57892436 (93.04%)
Alignment-aided overlaps, percent of overlapped and aligned: 21 (0.44%)
No CDR3 parts alignments, percent of successfully aligned: 56 (1.13%)
Partial aligned reads, percent of successfully aligned: 4539 (91.62%)
V gene chimeras: 7 (0%)
Realigned with forced non-floating bound: 8647930 (13.9%)
Realigned with forced non-floating right bound in left read: 821 (0%)
Realigned with forced non-floating left bound in right read: 821 (0%)
TRA chains: 2612 (52.73%)
TRA non-functional: 7 (0.27%)
TRB chains: 475 (9.59%)
TRB non-functional: 2 (0.42%)
TRD chains: 14 (0.28%)
TRD non-functional: 0 (0%)
TRG chains: 77 (1.55%)
TRG non-functional: 28 (36.36%)
IGH chains: 794 (16.03%)
IGH non-functional: 3 (0.38%)
TRAD chains: 63 (1.27%)
TRAD non-functional: 0 (0%)
IGK chains: 362 (7.31%)
IGK non-functional: 15 (4.14%)
IGL chains: 557 (11.24%)
IGL non-functional: 3 (0.54%)
Trimming report:
  R1 reads trimmed left: 98365 (0.16%)
  R1 reads trimmed right: 103935 (0.17%)
  Average R1 nucleotides trimmed left: 0.026872607856408392
  Average R1 nucleotides trimmed right: 0.030932916694584568
  R2 reads trimmed left: 99383 (0.16%)
  R2 reads trimmed right: 100326 (0.16%)
  Average R2 nucleotides trimmed left: 0.026416299839239498
  Average R2 nucleotides trimmed right: 0.028333606739922704

>>>>>>>>>>>>>>>>>> mixcr assemblePartial <<<<<<<<<<<<<<<<<<
Running:
mixcr assemblePartial --report /projects/rpci/songyao/pnfioric/arc_project/airr_calculation/tcr_quant/results/mixcr_RS-04396717.assemblePartial.report.txt --json-report /projects/rpci/songyao/pnfioric/arc_project/airr_calculation/tcr_quant/results/mixcr_RS-04396717.assemblePartial.report.json /projects/rpci/songyao/pnfioric/arc_project/airr_calculation/tcr_quant/results/mixcr_RS-04396717.alignments.vdjca /projects/rpci/songyao/pnfioric/arc_project/airr_calculation/tcr_quant/results/mixcr_RS-04396717.passembled.1.vdjca
Building index: 0%
Searching for overlaps: 0%
================= report: assemblePartial =================
Analysis time: 240ms
Total alignments analysed: 4954
Number of output alignments: 4954 (100%)
Alignments already with CDR3 (no overlapping is performed): 378 (7.63%)
Successfully overlapped alignments: 0 (0%)
Left parts with too small N-region (failed to extract k-mer): 368 (7.43%)
Extracted k-mer diversity: 2532
Dropped due to wildcard in k-mer: 0 (0%)
Dropped due to too short NRegion parts in overlap: 1 (0.02%)
Dropped overlaps with empty N region due to no complete NDN coverage: 0 (0%)
Number of left-side alignments: 646 (13.04%)
Number of right-side alignments: 3562 (71.9%)
Complex overlaps: 0 (0%)
Over-overlaps: 0 (0%)
Partial alignments written to output: 4576 (92.37%)

>>>>>>>>>>>>>>>>>> mixcr assemblePartial <<<<<<<<<<<<<<<<<<
Running:
mixcr assemblePartial --report /projects/rpci/songyao/pnfioric/arc_project/airr_calculation/tcr_quant/results/mixcr_RS-04396717.assemblePartial.report.txt --json-report /projects/rpci/songyao/pnfioric/arc_project/airr_calculation/tcr_quant/results/mixcr_RS-04396717.assemblePartial.report.json /projects/rpci/songyao/pnfioric/arc_project/airr_calculation/tcr_quant/results/mixcr_RS-04396717.passembled.1.vdjca /projects/rpci/songyao/pnfioric/arc_project/airr_calculation/tcr_quant/results/mixcr_RS-04396717.passembled.2.vdjca
Building index: 0%
Searching for overlaps: 0%
================= report: assemblePartial =================
Analysis time: 133ms
Total alignments analysed: 4954
Number of output alignments: 4954 (100%)
Alignments already with CDR3 (no overlapping is performed): 378 (7.63%)
Successfully overlapped alignments: 0 (0%)
Left parts with too small N-region (failed to extract k-mer): 368 (7.43%)
Extracted k-mer diversity: 2532
Dropped due to wildcard in k-mer: 0 (0%)
Dropped due to too short NRegion parts in overlap: 1 (0.02%)
Dropped overlaps with empty N region due to no complete NDN coverage: 0 (0%)
Number of left-side alignments: 646 (13.04%)
Number of right-side alignments: 3562 (71.9%)
Complex overlaps: 0 (0%)
Over-overlaps: 0 (0%)
Partial alignments written to output: 4576 (92.37%)

>>>>>>>>>>>>>>>>>>>>>>> mixcr extend <<<<<<<<<<<<<<<<<<<<<<<
Running:
mixcr extend --report /projects/rpci/songyao/pnfioric/arc_project/airr_calculation/tcr_quant/results/mixcr_RS-04396717.extend.report.txt --json-report /projects/rpci/songyao/pnfioric/arc_project/airr_calculation/tcr_quant/results/mixcr_RS-04396717.extend.report.json --threads 12 /projects/rpci/songyao/pnfioric/arc_project/airr_calculation/tcr_quant/results/mixcr_RS-04396717.passembled.2.vdjca /projects/rpci/songyao/pnfioric/arc_project/airr_calculation/tcr_quant/results/mixcr_RS-04396717.extended.vdjca
Extending alignments: 0%
====================== report: extend ======================
Analysis time: 76ms
Extended alignments count: 8 (0.16%)
V extensions total: 0 (0%)
V extensions with merged targets: 0 (0%)
J extensions total: 8 (0.16%)
J extensions with merged targets: 0 (0%)
V+J extensions: 0 (0%)
Mean V extension length: NaN
Mean J extension length: 12.0

>>>>>>>>>>>>>>>>>>>>>> mixcr assemble <<<<<<<<<<<<<<<<<<<<<<
Running:
mixcr assemble --report /projects/rpci/songyao/pnfioric/arc_project/airr_calculation/tcr_quant/results/mixcr_RS-04396717.assemble.report.txt --json-report /projects/rpci/songyao/pnfioric/arc_project/airr_calculation/tcr_quant/results/mixcr_RS-04396717.assemble.report.json /projects/rpci/songyao/pnfioric/arc_project/airr_calculation/tcr_quant/results/mixcr_RS-04396717.extended.vdjca /projects/rpci/songyao/pnfioric/arc_project/airr_calculation/tcr_quant/results/mixcr_RS-04396717.clna
Initialization: progress unknown
Initialization: progress unknown
===================== report: assemble =====================
Analysis time: 513ms
Final clonotype count: 100
Reads used in clonotypes, percent of total: 365 (0%)
Average number of reads per clonotype: 3.65
Reads dropped due to the lack of a clone sequence, percent of total: 4587 (0.01%)
Reads dropped due to a too short clonal sequence, percent of total: 0 (0%)
Reads dropped due to low quality, percent of total: 0 (0%)
Reads dropped due to failed mapping, percent of total: 2 (0%)
Reads dropped with low quality clones, percent of total: 0 (0%)
Aligned reads processed: 367
Reads used in clonotypes before clustering, percent of total: 365 (0%)
Number of reads used as a core, percent of used: 359 (98.36%)
Mapped low quality reads, percent of used: 6 (1.64%)
Reads clustered in PCR error correction, percent of used: 0 (0%)
Reads pre-clustered due to the similar VJC-lists, percent of used: 0 (0%)
Clonotypes dropped as low quality: 0
Clonotypes eliminated by PCR error correction: 0
Clonotypes pre-clustered due to the similar VJC-lists: 0
Clones dropped in post filtering: 0 (0%)
Reads dropped in post filtering: 0.0 (0%)
Reads filtered by tag prefix: 0 (0%)
TRA chains: 10 (10%)
TRA non-functional: 2 (20%)
TRB chains: 3 (3%)
TRB non-functional: 1 (33.33%)
TRG chains: 2 (2%)
TRG non-functional: 2 (100%)
IGH chains: 30 (30%)
IGH non-functional: 1 (3.33%)
IGK chains: 32 (32%)
IGK non-functional: 3 (9.38%)
IGL chains: 23 (23%)
IGL non-functional: 2 (8.7%)

>>>>>>>>>>>>>>>>>> mixcr assembleContigs <<<<<<<<<<<<<<<<<<
Running:
mixcr assembleContigs --report /projects/rpci/songyao/pnfioric/arc_project/airr_calculation/tcr_quant/results/mixcr_RS-04396717.assembleContigs.report.txt --json-report /projects/rpci/songyao/pnfioric/arc_project/airr_calculation/tcr_quant/results/mixcr_RS-04396717.assembleContigs.report.json --threads 12 /projects/rpci/songyao/pnfioric/arc_project/airr_calculation/tcr_quant/results/mixcr_RS-04396717.clna /projects/rpci/songyao/pnfioric/arc_project/airr_calculation/tcr_quant/results/mixcr_RS-04396717.contigs.clns
Assembling contigs: 0%
================= report: assembleContigs =================
Analysis time: 189ms
Initial clonotype count: 100
Final clonotype count: 100 (100%)
Canceled assemblies: 0 (0%)
Clones filtered out after assemble: 0 (0%)
Number of premature termination assembly events, percent of number of initial clonotypes: 0.0 (0%)
Longest contig length: 187
Clustered variants: 0 (0%)
Reads in clustered variants: 0.0 (0%)
Reads in divided (newly created) clones: 0.0 (0%)
Clones with ambiguous letters in splitting region: 0 (0%)
Reads in clones with ambiguous letters in splitting region: 0.0 (0%)
Average number of ambiguous letters per clone with ambiguous letters in splitting region: NaN
Clones combined after clustering: 0 (0%)

>>>>>>>>>>>>>>>>>>>>>>>>> mixcr qc <<<<<<<<<<<<<<<<<<<<<<<<<
Running:
mixcr qc --print-to-stdout /projects/rpci/songyao/pnfioric/arc_project/airr_calculation/tcr_quant/results/mixcr_RS-04396717.contigs.clns /projects/rpci/songyao/pnfioric/arc_project/airr_calculation/tcr_quant/results/mixcr_RS-04396717.qc.txt /projects/rpci/songyao/pnfioric/arc_project/airr_calculation/tcr_quant/results/mixcr_RS-04396717.qc.json

  Alignments dropped due to low sequence quality: 0.0% [OK]

>>>>>>>>>>>>>>>>>>>> mixcr exportClones <<<<<<<<<<<<<<<<<<<<
Running:
mixcr exportClones /projects/rpci/songyao/pnfioric/arc_project/airr_calculation/tcr_quant/results/mixcr_RS-04396717.contigs.clns /projects/rpci/songyao/pnfioric/arc_project/airr_calculation/tcr_quant/results/mixcr_RS-04396717.clones.tsv
Analysis finished successfully.
===============================
Visualize results and simplify your immune data analysis with a convenient UI.
Explore and install Platforma.bio here: https://platforma.bio
