WARNING: sun.reflect.Reflection.getCallerClass is not supported. This will impact performance.

>>>>>>>>>>>>>>>>>>>>>>> mixcr align <<<<<<<<<<<<<<<<<<<<<<<
Running:
mixcr align --report /projects/rpci/songyao/pnfioric/arc_project/airr_calculation/tcr_quant/results/mixcr_RS-04367338.align.report.txt --json-report /projects/rpci/songyao/pnfioric/arc_project/airr_calculation/tcr_quant/results/mixcr_RS-04367338.align.report.json --threads 12 --preset rna-seq --save-output-file-names /projects/rpci/songyao/pnfioric/arc_project/airr_calculation/tcr_quant/results/mixcr_RS-04367338.align.list.tsv --species hsa /projects/rpci/songyao/pnfioric/arc_project/airr_calculation/fastq_files/RS-04367338/RS-04367338_S96-3603-2_RS-04036672_S4_R1_001.fastq.gz /projects/rpci/songyao/pnfioric/arc_project/airr_calculation/fastq_files/RS-04367338/RS-04367338_S96-3603-2_RS-04036672_S4_R2_001.fastq.gz /projects/rpci/songyao/pnfioric/arc_project/airr_calculation/tcr_quant/results/mixcr_RS-04367338.alignments.vdjca
Alignment: 0%
Alignment: 4.1%  ETA: 00:46:55
Alignment: 8.2%  ETA: 00:44:33
Alignment: 12.4%  ETA: 00:41:50
Alignment: 16.5%  ETA: 00:40:51
Alignment: 20.6%  ETA: 00:38:51
Alignment: 24.7%  ETA: 00:36:14
Alignment: 28.8%  ETA: 00:35:07
Alignment: 32.9%  ETA: 00:32:50
Alignment: 37%  ETA: 00:30:50
Alignment: 41%  ETA: 00:29:05
Alignment: 45%  ETA: 00:27:19
Alignment: 49.1%  ETA: 00:25:06
Alignment: 53.2%  ETA: 00:23:06
Alignment: 57.2%  ETA: 00:21:05
Alignment: 61.2%  ETA: 00:19:16
Alignment: 65.3%  ETA: 00:17:16
Alignment: 69.2%  ETA: 00:15:24
Alignment: 73.2%  ETA: 00:13:24
Alignment: 77.3%  ETA: 00:11:18
Alignment: 81.3%  ETA: 00:09:18
Alignment: 85.4%  ETA: 00:07:09
Alignment: 89.4%  ETA: 00:05:12
Alignment: 93.5%  ETA: 00:03:15
Alignment: 97.5%  ETA: 00:01:12
====================== report: align ======================
Analysis time: 49.24m
Total sequencing reads: 62538539
Successfully aligned reads: 2092 (0%)
Coverage (percent of successfully aligned):
  CDR3: 86 (4.11%)
  FR3_TO_FR4: 0 (0%)
  CDR2_TO_FR4: 0 (0%)
  FR2_TO_FR4: 0 (0%)
  CDR1_TO_FR4: 0 (0%)
  VDJRegion: 0 (0%)
Alignment failed: no hits (not TCR/IG?): 61225327 (97.9%)
Alignment failed: no CDR3 parts: 16594 (0.03%)
Alignment failed: low total score: 1294526 (2.07%)
Overlapped: 56630732 (90.55%)
Overlapped and aligned: 1527 (0%)
Overlapped and not aligned: 56629205 (90.55%)
Alignment-aided overlaps, percent of overlapped and aligned: 0 (0%)
No CDR3 parts alignments, percent of successfully aligned: 133 (6.36%)
Partial aligned reads, percent of successfully aligned: 1873 (89.53%)
Realigned with forced non-floating bound: 11815614 (18.89%)
Realigned with forced non-floating right bound in left read: 345 (0%)
Realigned with forced non-floating left bound in right read: 345 (0%)
TRA chains: 351 (16.78%)
TRA non-functional: 0 (0%)
TRB chains: 235 (11.23%)
TRB non-functional: 0 (0%)
IGH chains: 998 (47.71%)
IGH non-functional: 0 (0%)
TRAD chains: 29 (1.39%)
TRAD non-functional: 0 (0%)
IGK chains: 78 (3.73%)
IGK non-functional: 0 (0%)
IGL chains: 401 (19.17%)
IGL non-functional: 0 (0%)
Trimming report:
  R1 reads trimmed left: 296453 (0.47%)
  R1 reads trimmed right: 313890 (0.5%)
  Average R1 nucleotides trimmed left: 0.08058674028186044
  Average R1 nucleotides trimmed right: 0.08661951632736416
  R2 reads trimmed left: 293569 (0.47%)
  R2 reads trimmed right: 310870 (0.5%)
  Average R2 nucleotides trimmed left: 0.07945123246323359
  Average R2 nucleotides trimmed right: 0.08632083650051371

>>>>>>>>>>>>>>>>>> mixcr assemblePartial <<<<<<<<<<<<<<<<<<
Running:
mixcr assemblePartial --report /projects/rpci/songyao/pnfioric/arc_project/airr_calculation/tcr_quant/results/mixcr_RS-04367338.assemblePartial.report.txt --json-report /projects/rpci/songyao/pnfioric/arc_project/airr_calculation/tcr_quant/results/mixcr_RS-04367338.assemblePartial.report.json /projects/rpci/songyao/pnfioric/arc_project/airr_calculation/tcr_quant/results/mixcr_RS-04367338.alignments.vdjca /projects/rpci/songyao/pnfioric/arc_project/airr_calculation/tcr_quant/results/mixcr_RS-04367338.passembled.1.vdjca
Building index: 0%
Searching for overlaps: 0%
================= report: assemblePartial =================
Analysis time: 250ms
Total alignments analysed: 2092
Number of output alignments: 2092 (100%)
Alignments already with CDR3 (no overlapping is performed): 86 (4.11%)
Successfully overlapped alignments: 0 (0%)
Left parts with too small N-region (failed to extract k-mer): 532 (25.43%)
Extracted k-mer diversity: 509
Dropped due to wildcard in k-mer: 0 (0%)
Dropped due to too short NRegion parts in overlap: 0 (0%)
Dropped overlaps with empty N region due to no complete NDN coverage: 0 (0%)
Number of left-side alignments: 458 (21.89%)
Number of right-side alignments: 1016 (48.57%)
Complex overlaps: 0 (0%)
Over-overlaps: 0 (0%)
Partial alignments written to output: 2006 (95.89%)

>>>>>>>>>>>>>>>>>> mixcr assemblePartial <<<<<<<<<<<<<<<<<<
Running:
mixcr assemblePartial --report /projects/rpci/songyao/pnfioric/arc_project/airr_calculation/tcr_quant/results/mixcr_RS-04367338.assemblePartial.report.txt --json-report /projects/rpci/songyao/pnfioric/arc_project/airr_calculation/tcr_quant/results/mixcr_RS-04367338.assemblePartial.report.json /projects/rpci/songyao/pnfioric/arc_project/airr_calculation/tcr_quant/results/mixcr_RS-04367338.passembled.1.vdjca /projects/rpci/songyao/pnfioric/arc_project/airr_calculation/tcr_quant/results/mixcr_RS-04367338.passembled.2.vdjca
Building index: 0%
Searching for overlaps: 0.2%
================= report: assemblePartial =================
Analysis time: 83ms
Total alignments analysed: 2092
Number of output alignments: 2092 (100%)
Alignments already with CDR3 (no overlapping is performed): 86 (4.11%)
Successfully overlapped alignments: 0 (0%)
Left parts with too small N-region (failed to extract k-mer): 532 (25.43%)
Extracted k-mer diversity: 509
Dropped due to wildcard in k-mer: 0 (0%)
Dropped due to too short NRegion parts in overlap: 0 (0%)
Dropped overlaps with empty N region due to no complete NDN coverage: 0 (0%)
Number of left-side alignments: 458 (21.89%)
Number of right-side alignments: 1016 (48.57%)
Complex overlaps: 0 (0%)
Over-overlaps: 0 (0%)
Partial alignments written to output: 2006 (95.89%)

>>>>>>>>>>>>>>>>>>>>>>> mixcr extend <<<<<<<<<<<<<<<<<<<<<<<
Running:
mixcr extend --report /projects/rpci/songyao/pnfioric/arc_project/airr_calculation/tcr_quant/results/mixcr_RS-04367338.extend.report.txt --json-report /projects/rpci/songyao/pnfioric/arc_project/airr_calculation/tcr_quant/results/mixcr_RS-04367338.extend.report.json --threads 12 /projects/rpci/songyao/pnfioric/arc_project/airr_calculation/tcr_quant/results/mixcr_RS-04367338.passembled.2.vdjca /projects/rpci/songyao/pnfioric/arc_project/airr_calculation/tcr_quant/results/mixcr_RS-04367338.extended.vdjca
Extending alignments: 0%
====================== report: extend ======================
Analysis time: 25ms
Extended alignments count: 0 (0%)
V extensions total: 0 (0%)
V extensions with merged targets: 0 (0%)
J extensions total: 0 (0%)
J extensions with merged targets: 0 (0%)
V+J extensions: 0 (0%)
Mean V extension length: NaN
Mean J extension length: NaN

>>>>>>>>>>>>>>>>>>>>>> mixcr assemble <<<<<<<<<<<<<<<<<<<<<<
Running:
mixcr assemble --report /projects/rpci/songyao/pnfioric/arc_project/airr_calculation/tcr_quant/results/mixcr_RS-04367338.assemble.report.txt --json-report /projects/rpci/songyao/pnfioric/arc_project/airr_calculation/tcr_quant/results/mixcr_RS-04367338.assemble.report.json /projects/rpci/songyao/pnfioric/arc_project/airr_calculation/tcr_quant/results/mixcr_RS-04367338.extended.vdjca /projects/rpci/songyao/pnfioric/arc_project/airr_calculation/tcr_quant/results/mixcr_RS-04367338.clna
Initialization: progress unknown
Initialization: progress unknown
===================== report: assemble =====================
Analysis time: 322ms
Final clonotype count: 6
Reads used in clonotypes, percent of total: 86 (0%)
Average number of reads per clonotype: 14.33
Reads dropped due to the lack of a clone sequence, percent of total: 2006 (0%)
Reads dropped due to a too short clonal sequence, percent of total: 0 (0%)
Reads dropped due to low quality, percent of total: 0 (0%)
Reads dropped due to failed mapping, percent of total: 0 (0%)
Reads dropped with low quality clones, percent of total: 0 (0%)
Aligned reads processed: 86
Reads used in clonotypes before clustering, percent of total: 86 (0%)
Number of reads used as a core, percent of used: 85 (98.84%)
Mapped low quality reads, percent of used: 1 (1.16%)
Reads clustered in PCR error correction, percent of used: 0 (0%)
Reads pre-clustered due to the similar VJC-lists, percent of used: 0 (0%)
Clonotypes dropped as low quality: 0
Clonotypes eliminated by PCR error correction: 0
Clonotypes pre-clustered due to the similar VJC-lists: 0
Clones dropped in post filtering: 0 (0%)
Reads dropped in post filtering: 0.0 (0%)
Reads filtered by tag prefix: 0 (0%)
IGH chains: 2 (33.33%)
IGH non-functional: 0 (0%)
IGK chains: 4 (66.67%)
IGK non-functional: 0 (0%)

>>>>>>>>>>>>>>>>>> mixcr assembleContigs <<<<<<<<<<<<<<<<<<
Running:
mixcr assembleContigs --report /projects/rpci/songyao/pnfioric/arc_project/airr_calculation/tcr_quant/results/mixcr_RS-04367338.assembleContigs.report.txt --json-report /projects/rpci/songyao/pnfioric/arc_project/airr_calculation/tcr_quant/results/mixcr_RS-04367338.assembleContigs.report.json --threads 12 /projects/rpci/songyao/pnfioric/arc_project/airr_calculation/tcr_quant/results/mixcr_RS-04367338.clna /projects/rpci/songyao/pnfioric/arc_project/airr_calculation/tcr_quant/results/mixcr_RS-04367338.contigs.clns
Assembling contigs: 0%
================= report: assembleContigs =================
Analysis time: 143ms
Initial clonotype count: 6
Final clonotype count: 6 (100%)
Canceled assemblies: 0 (0%)
Clones filtered out after assemble: 0 (0%)
Number of premature termination assembly events, percent of number of initial clonotypes: 0.0 (0%)
Longest contig length: 145
Clustered variants: 0 (0%)
Reads in clustered variants: 0.0 (0%)
Reads in divided (newly created) clones: 0.0 (0%)
Clones with ambiguous letters in splitting region: 0 (0%)
Reads in clones with ambiguous letters in splitting region: 0.0 (0%)
Average number of ambiguous letters per clone with ambiguous letters in splitting region: NaN
Clones combined after clustering: 0 (0%)

>>>>>>>>>>>>>>>>>>>>>>>>> mixcr qc <<<<<<<<<<<<<<<<<<<<<<<<<
Running:
mixcr qc --print-to-stdout /projects/rpci/songyao/pnfioric/arc_project/airr_calculation/tcr_quant/results/mixcr_RS-04367338.contigs.clns /projects/rpci/songyao/pnfioric/arc_project/airr_calculation/tcr_quant/results/mixcr_RS-04367338.qc.txt /projects/rpci/songyao/pnfioric/arc_project/airr_calculation/tcr_quant/results/mixcr_RS-04367338.qc.json

  Alignments dropped due to low sequence quality: 0.0% [OK]

>>>>>>>>>>>>>>>>>>>> mixcr exportClones <<<<<<<<<<<<<<<<<<<<
Running:
mixcr exportClones /projects/rpci/songyao/pnfioric/arc_project/airr_calculation/tcr_quant/results/mixcr_RS-04367338.contigs.clns /projects/rpci/songyao/pnfioric/arc_project/airr_calculation/tcr_quant/results/mixcr_RS-04367338.clones.tsv
Analysis finished successfully.
===============================
Visualize results and simplify your immune data analysis with a convenient UI.
Explore and install Platforma.bio here: https://platforma.bio
