WARNING: sun.reflect.Reflection.getCallerClass is not supported. This will impact performance.

>>>>>>>>>>>>>>>>>>>>>>> mixcr align <<<<<<<<<<<<<<<<<<<<<<<
Running:
mixcr align --report /projects/rpci/songyao/pnfioric/arc_project/airr_calculation/tcr_quant/results/mixcr_RS-04396774.align.report.txt --json-report /projects/rpci/songyao/pnfioric/arc_project/airr_calculation/tcr_quant/results/mixcr_RS-04396774.align.report.json --threads 12 --preset rna-seq --save-output-file-names /projects/rpci/songyao/pnfioric/arc_project/airr_calculation/tcr_quant/results/mixcr_RS-04396774.align.list.tsv --species hsa /projects/rpci/songyao/pnfioric/arc_project/airr_calculation/fastq_files/RS-04396774/RS-04396774_28_RS-04045665_S113_R1_001.fastq.gz /projects/rpci/songyao/pnfioric/arc_project/airr_calculation/fastq_files/RS-04396774/RS-04396774_28_RS-04045665_S113_R2_001.fastq.gz /projects/rpci/songyao/pnfioric/arc_project/airr_calculation/tcr_quant/results/mixcr_RS-04396774.alignments.vdjca
Alignment: 0%
Alignment: 2.7%  ETA: 01:11:37
Alignment: 5.5%  ETA: 01:08:59
Alignment: 8.2%  ETA: 01:05:49
Alignment: 11%  ETA: 01:03:50
Alignment: 13.8%  ETA: 01:03:28
Alignment: 16.6%  ETA: 00:59:23
Alignment: 19.4%  ETA: 00:56:23
Alignment: 22.2%  ETA: 00:55:20
Alignment: 25%  ETA: 00:53:48
Alignment: 27.8%  ETA: 00:51:47
Alignment: 30.6%  ETA: 00:49:47
Alignment: 33.4%  ETA: 00:47:47
Alignment: 36.1%  ETA: 00:46:36
Alignment: 38.9%  ETA: 00:44:13
Alignment: 41.7%  ETA: 00:41:29
Alignment: 44.5%  ETA: 00:39:29
Alignment: 47.3%  ETA: 00:37:49
Alignment: 50.1%  ETA: 00:36:08
Alignment: 52.9%  ETA: 00:33:32
Alignment: 55.7%  ETA: 00:31:32
Alignment: 58.5%  ETA: 00:29:16
Alignment: 61.4%  ETA: 00:27:16
Alignment: 64.2%  ETA: 00:25:30
Alignment: 67.1%  ETA: 00:22:40
Alignment: 69.9%  ETA: 00:21:14
Alignment: 72.8%  ETA: 00:18:53
Alignment: 75.7%  ETA: 00:16:44
Alignment: 78.5%  ETA: 00:15:09
Alignment: 81.3%  ETA: 00:13:16
Alignment: 84.1%  ETA: 00:11:16
Alignment: 87%  ETA: 00:09:16
Alignment: 89.8%  ETA: 00:07:07
Alignment: 92.7%  ETA: 00:05:07
Alignment: 95.6%  ETA: 00:03:05
Alignment: 98.4%  ETA: 00:01:05
====================== report: align ======================
Analysis time: 71.15m
Total sequencing reads: 91101991
Successfully aligned reads: 1553 (0%)
Coverage (percent of successfully aligned):
  CDR3: 64 (4.12%)
  FR3_TO_FR4: 0 (0%)
  CDR2_TO_FR4: 0 (0%)
  FR2_TO_FR4: 0 (0%)
  CDR1_TO_FR4: 0 (0%)
  VDJRegion: 0 (0%)
Alignment failed: no hits (not TCR/IG?): 88887322 (97.57%)
Alignment failed: no CDR3 parts: 18777 (0.02%)
Alignment failed: low total score: 2194339 (2.41%)
Overlapped: 81973016 (89.98%)
Overlapped and aligned: 1203 (0%)
Overlapped and not aligned: 81971813 (89.98%)
Alignment-aided overlaps, percent of overlapped and aligned: 0 (0%)
No CDR3 parts alignments, percent of successfully aligned: 17 (1.09%)
Partial aligned reads, percent of successfully aligned: 1472 (94.78%)
Realigned with forced non-floating bound: 18257950 (20.04%)
Realigned with forced non-floating right bound in left read: 644 (0%)
Realigned with forced non-floating left bound in right read: 644 (0%)
TRA chains: 835 (53.77%)
TRA non-functional: 31 (3.71%)
TRB chains: 206 (13.26%)
TRB non-functional: 0 (0%)
IGH chains: 96 (6.18%)
IGH non-functional: 0 (0%)
TRAD chains: 23 (1.48%)
TRAD non-functional: 0 (0%)
IGK chains: 94 (6.05%)
IGK non-functional: 0 (0%)
IGL chains: 299 (19.25%)
IGL non-functional: 0 (0%)
Trimming report:
  R1 reads trimmed left: 5233918 (5.75%)
  R1 reads trimmed right: 5314059 (5.83%)
  Average R1 nucleotides trimmed left: 0.9766640555638351
  Average R1 nucleotides trimmed right: 1.040365846669586
  R2 reads trimmed left: 5163578 (5.67%)
  R2 reads trimmed right: 5236765 (5.75%)
  Average R2 nucleotides trimmed left: 0.9628495056710671
  Average R2 nucleotides trimmed right: 1.0237049374694787

>>>>>>>>>>>>>>>>>> mixcr assemblePartial <<<<<<<<<<<<<<<<<<
Running:
mixcr assemblePartial --report /projects/rpci/songyao/pnfioric/arc_project/airr_calculation/tcr_quant/results/mixcr_RS-04396774.assemblePartial.report.txt --json-report /projects/rpci/songyao/pnfioric/arc_project/airr_calculation/tcr_quant/results/mixcr_RS-04396774.assemblePartial.report.json /projects/rpci/songyao/pnfioric/arc_project/airr_calculation/tcr_quant/results/mixcr_RS-04396774.alignments.vdjca /projects/rpci/songyao/pnfioric/arc_project/airr_calculation/tcr_quant/results/mixcr_RS-04396774.passembled.1.vdjca
Building index: 0%
Searching for overlaps: 0.1%
================= report: assemblePartial =================
Analysis time: 143ms
Total alignments analysed: 1553
Number of output alignments: 1553 (100%)
Alignments already with CDR3 (no overlapping is performed): 64 (4.12%)
Successfully overlapped alignments: 0 (0%)
Left parts with too small N-region (failed to extract k-mer): 222 (14.29%)
Extracted k-mer diversity: 241
Dropped due to wildcard in k-mer: 0 (0%)
Dropped due to too short NRegion parts in overlap: 0 (0%)
Dropped overlaps with empty N region due to no complete NDN coverage: 0 (0%)
Number of left-side alignments: 315 (20.28%)
Number of right-side alignments: 952 (61.3%)
Complex overlaps: 0 (0%)
Over-overlaps: 0 (0%)
Partial alignments written to output: 1489 (95.88%)

>>>>>>>>>>>>>>>>>> mixcr assemblePartial <<<<<<<<<<<<<<<<<<
Running:
mixcr assemblePartial --report /projects/rpci/songyao/pnfioric/arc_project/airr_calculation/tcr_quant/results/mixcr_RS-04396774.assemblePartial.report.txt --json-report /projects/rpci/songyao/pnfioric/arc_project/airr_calculation/tcr_quant/results/mixcr_RS-04396774.assemblePartial.report.json /projects/rpci/songyao/pnfioric/arc_project/airr_calculation/tcr_quant/results/mixcr_RS-04396774.passembled.1.vdjca /projects/rpci/songyao/pnfioric/arc_project/airr_calculation/tcr_quant/results/mixcr_RS-04396774.passembled.2.vdjca
Building index: 0%
Searching for overlaps: 0.3%
================= report: assemblePartial =================
Analysis time: 85ms
Total alignments analysed: 1553
Number of output alignments: 1553 (100%)
Alignments already with CDR3 (no overlapping is performed): 64 (4.12%)
Successfully overlapped alignments: 0 (0%)
Left parts with too small N-region (failed to extract k-mer): 222 (14.29%)
Extracted k-mer diversity: 241
Dropped due to wildcard in k-mer: 0 (0%)
Dropped due to too short NRegion parts in overlap: 0 (0%)
Dropped overlaps with empty N region due to no complete NDN coverage: 0 (0%)
Number of left-side alignments: 315 (20.28%)
Number of right-side alignments: 952 (61.3%)
Complex overlaps: 0 (0%)
Over-overlaps: 0 (0%)
Partial alignments written to output: 1489 (95.88%)

>>>>>>>>>>>>>>>>>>>>>>> mixcr extend <<<<<<<<<<<<<<<<<<<<<<<
Running:
mixcr extend --report /projects/rpci/songyao/pnfioric/arc_project/airr_calculation/tcr_quant/results/mixcr_RS-04396774.extend.report.txt --json-report /projects/rpci/songyao/pnfioric/arc_project/airr_calculation/tcr_quant/results/mixcr_RS-04396774.extend.report.json --threads 12 /projects/rpci/songyao/pnfioric/arc_project/airr_calculation/tcr_quant/results/mixcr_RS-04396774.passembled.2.vdjca /projects/rpci/songyao/pnfioric/arc_project/airr_calculation/tcr_quant/results/mixcr_RS-04396774.extended.vdjca
Extending alignments: 0%
====================== report: extend ======================
Analysis time: 15ms
Extended alignments count: 0 (0%)
V extensions total: 0 (0%)
V extensions with merged targets: 0 (0%)
J extensions total: 0 (0%)
J extensions with merged targets: 0 (0%)
V+J extensions: 0 (0%)
Mean V extension length: NaN
Mean J extension length: NaN

>>>>>>>>>>>>>>>>>>>>>> mixcr assemble <<<<<<<<<<<<<<<<<<<<<<
Running:
mixcr assemble --report /projects/rpci/songyao/pnfioric/arc_project/airr_calculation/tcr_quant/results/mixcr_RS-04396774.assemble.report.txt --json-report /projects/rpci/songyao/pnfioric/arc_project/airr_calculation/tcr_quant/results/mixcr_RS-04396774.assemble.report.json /projects/rpci/songyao/pnfioric/arc_project/airr_calculation/tcr_quant/results/mixcr_RS-04396774.extended.vdjca /projects/rpci/songyao/pnfioric/arc_project/airr_calculation/tcr_quant/results/mixcr_RS-04396774.clna
Initialization: progress unknown
Initialization: progress unknown
===================== report: assemble =====================
Analysis time: 264ms
Final clonotype count: 3
Reads used in clonotypes, percent of total: 64 (0%)
Average number of reads per clonotype: 21.33
Reads dropped due to the lack of a clone sequence, percent of total: 1489 (0%)
Reads dropped due to a too short clonal sequence, percent of total: 0 (0%)
Reads dropped due to low quality, percent of total: 0 (0%)
Reads dropped due to failed mapping, percent of total: 0 (0%)
Reads dropped with low quality clones, percent of total: 0 (0%)
Aligned reads processed: 64
Reads used in clonotypes before clustering, percent of total: 64 (0%)
Number of reads used as a core, percent of used: 64 (100%)
Mapped low quality reads, percent of used: 0 (0%)
Reads clustered in PCR error correction, percent of used: 0 (0%)
Reads pre-clustered due to the similar VJC-lists, percent of used: 0 (0%)
Clonotypes dropped as low quality: 0
Clonotypes eliminated by PCR error correction: 0
Clonotypes pre-clustered due to the similar VJC-lists: 0
Clones dropped in post filtering: 0 (0%)
Reads dropped in post filtering: 0.0 (0%)
Reads filtered by tag prefix: 0 (0%)
TRA chains: 1 (33.33%)
TRA non-functional: 1 (100%)
IGH chains: 1 (33.33%)
IGH non-functional: 0 (0%)
IGK chains: 1 (33.33%)
IGK non-functional: 0 (0%)

>>>>>>>>>>>>>>>>>> mixcr assembleContigs <<<<<<<<<<<<<<<<<<
Running:
mixcr assembleContigs --report /projects/rpci/songyao/pnfioric/arc_project/airr_calculation/tcr_quant/results/mixcr_RS-04396774.assembleContigs.report.txt --json-report /projects/rpci/songyao/pnfioric/arc_project/airr_calculation/tcr_quant/results/mixcr_RS-04396774.assembleContigs.report.json --threads 12 /projects/rpci/songyao/pnfioric/arc_project/airr_calculation/tcr_quant/results/mixcr_RS-04396774.clna /projects/rpci/songyao/pnfioric/arc_project/airr_calculation/tcr_quant/results/mixcr_RS-04396774.contigs.clns
Assembling contigs: 0%
================= report: assembleContigs =================
Analysis time: 125ms
Initial clonotype count: 3
Final clonotype count: 3 (100%)
Canceled assemblies: 0 (0%)
Clones filtered out after assemble: 0 (0%)
Number of premature termination assembly events, percent of number of initial clonotypes: 0.0 (0%)
Longest contig length: 107
Clustered variants: 0 (0%)
Reads in clustered variants: 0.0 (0%)
Reads in divided (newly created) clones: 0.0 (0%)
Clones with ambiguous letters in splitting region: 0 (0%)
Reads in clones with ambiguous letters in splitting region: 0.0 (0%)
Average number of ambiguous letters per clone with ambiguous letters in splitting region: NaN
Clones combined after clustering: 0 (0%)

>>>>>>>>>>>>>>>>>>>>>>>>> mixcr qc <<<<<<<<<<<<<<<<<<<<<<<<<
Running:
mixcr qc --print-to-stdout /projects/rpci/songyao/pnfioric/arc_project/airr_calculation/tcr_quant/results/mixcr_RS-04396774.contigs.clns /projects/rpci/songyao/pnfioric/arc_project/airr_calculation/tcr_quant/results/mixcr_RS-04396774.qc.txt /projects/rpci/songyao/pnfioric/arc_project/airr_calculation/tcr_quant/results/mixcr_RS-04396774.qc.json

  Alignments dropped due to low sequence quality: 0.0% [OK]

>>>>>>>>>>>>>>>>>>>> mixcr exportClones <<<<<<<<<<<<<<<<<<<<
Running:
mixcr exportClones /projects/rpci/songyao/pnfioric/arc_project/airr_calculation/tcr_quant/results/mixcr_RS-04396774.contigs.clns /projects/rpci/songyao/pnfioric/arc_project/airr_calculation/tcr_quant/results/mixcr_RS-04396774.clones.tsv
Analysis finished successfully.
===============================
Visualize results and simplify your immune data analysis with a convenient UI.
Explore and install Platforma.bio here: https://platforma.bio
