Exporting TRB
Exporting clones: 3.4%
Filtered 29 of 1149 clones (97.48%).
Filtered 46.0 of 2780.0 reads (98.35%).
Exporting TRA
Exporting clones: 2.9%
Filtered 35 of 1149 clones (96.95%).
Filtered 52.0 of 2780.0 reads (98.13%).
Exporting IGH
Exporting clones: 0.3%
Filtered 342 of 1149 clones (70.23%).
Filtered 821.0 of 2780.0 reads (70.47%).
Exporting TRG
Exporting clones: 30.8%
Filtered 13 of 1149 clones (98.87%).
Filtered 47.0 of 2780.0 reads (98.31%).
Exporting IGL
Exporting clones: 1.2%
Filtered 260 of 1149 clones (77.37%).
Filtered 710.0 of 2780.0 reads (74.46%).
Exporting IGK
Exporting clones: 0.4%
Filtered 470 of 1149 clones (59.09%).
Filtered 1104.0 of 2780.0 reads (60.29%).
