Exporting TRB
Exporting clones: 50%
Filtered 2 of 818 clones (99.76%).
Filtered 3.0 of 2049.0 reads (99.85%).
Exporting TRA
Exporting clones: 10%
Filtered 10 of 818 clones (98.78%).
Filtered 29.0 of 2049.0 reads (98.58%).
Exporting IGH
Exporting clones: 0.6%
Filtered 178 of 818 clones (78.24%).
Filtered 388.0 of 2049.0 reads (81.06%).
Exporting TRG
Exporting clones: 33.3%
Filtered 3 of 818 clones (99.63%).
Filtered 7.0 of 2049.0 reads (99.66%).
Exporting IGL
Exporting clones: 1.1%
Filtered 178 of 818 clones (78.24%).
Filtered 457.0 of 2049.0 reads (77.7%).
Exporting IGK
Exporting clones: 0.7%
Filtered 447 of 818 clones (45.35%).
Filtered 1165.0 of 2049.0 reads (43.14%).
