Exporting TRB
Exporting clones: 5%
Filtered 20 of 499 clones (95.99%).
Filtered 44.0 of 1489.0 reads (97.04%).
Exporting TRA
Exporting clones: 3.7%
Filtered 27 of 499 clones (94.59%).
Filtered 62.0 of 1489.0 reads (95.84%).
Exporting IGH
Exporting clones: 0.7%
Filtered 135 of 499 clones (72.95%).
Filtered 359.0 of 1489.0 reads (75.89%).
Exporting TRG
Exporting clones: 6.7%
Filtered 15 of 499 clones (96.99%).
Filtered 28.0 of 1489.0 reads (98.12%).
Exporting IGL
Exporting clones: 1%
Filtered 96 of 499 clones (80.76%).
Filtered 274.0 of 1489.0 reads (81.6%).
Exporting IGK
Exporting clones: 1%
Filtered 206 of 499 clones (58.72%).
Filtered 722.0 of 1489.0 reads (51.51%).
