Exporting TRB
Exporting clones: 50%
Filtered 2 of 252 clones (99.21%).
Filtered 4.0 of 669.0 reads (99.4%).
Exporting TRA
Exporting clones: 25%
Filtered 4 of 252 clones (98.41%).
Filtered 6.0 of 669.0 reads (99.1%).
Exporting IGH
Exporting clones: 1.7%
Filtered 58 of 252 clones (76.98%).
Filtered 133.0 of 669.0 reads (80.12%).
Exporting IGL
Exporting clones: 2.2%
Filtered 46 of 252 clones (81.75%).
Filtered 149.0 of 669.0 reads (77.73%).
Exporting IGK
Exporting clones: 0.7%
Filtered 142 of 252 clones (43.65%).
Filtered 377.0 of 669.0 reads (43.65%).
