Exporting TRB
Exporting clones: 3.7%
Filtered 27 of 604 clones (95.53%).
Filtered 62.0 of 3556.0 reads (98.26%).
Exporting TRA
Exporting clones: 4.5%
Filtered 22 of 604 clones (96.36%).
Filtered 39.0 of 3556.0 reads (98.9%).
Exporting IGH
Exporting clones: 0.5%
Filtered 187 of 604 clones (69.04%).
Filtered 1112.0 of 3556.0 reads (68.73%).
Exporting TRG
Exporting clones: 25%
Filtered 4 of 604 clones (99.34%).
Filtered 10.0 of 3556.0 reads (99.72%).
Exporting IGL
Exporting clones: 0.8%
Filtered 131 of 604 clones (78.31%).
Filtered 834.0 of 3556.0 reads (76.55%).
Exporting IGK
Exporting clones: 0.4%
Filtered 233 of 604 clones (61.42%).
Filtered 1499.0 of 3556.0 reads (57.85%).
