Exporting TRB
Exporting clones: 6.7%
Filtered 15 of 691 clones (97.83%).
Filtered 19.0 of 1320.0 reads (98.56%).
Exporting TRA
Exporting clones: 5.6%
Filtered 18 of 691 clones (97.4%).
Filtered 28.0 of 1320.0 reads (97.88%).
Exporting IGH
Exporting clones: 0.6%
Filtered 156 of 691 clones (77.42%).
Filtered 278.0 of 1320.0 reads (78.94%).
Exporting TRG
Exporting clones: 20%
Filtered 5 of 691 clones (99.28%).
Filtered 10.0 of 1320.0 reads (99.24%).
Exporting IGL
Exporting clones: 0.8%
Filtered 130 of 691 clones (81.19%).
Filtered 280.0 of 1320.0 reads (78.79%).
Exporting IGK
Exporting clones: 0.3%
Filtered 367 of 691 clones (46.89%).
Filtered 705.0 of 1320.0 reads (46.59%).
