WARNING: sun.reflect.Reflection.getCallerClass is not supported. This will impact performance.

>>>>>>>>>>>>>>>>>>>>>>> mixcr align <<<<<<<<<<<<<<<<<<<<<<<
Running:
mixcr align --report /projects/rpci/songyao/pnfioric/arc_project/airr_calculation/tcr_quant/results/mixcr_RS-03522202.align.report.txt --json-report /projects/rpci/songyao/pnfioric/arc_project/airr_calculation/tcr_quant/results/mixcr_RS-03522202.align.report.json --threads 12 --preset rna-seq --save-output-file-names /projects/rpci/songyao/pnfioric/arc_project/airr_calculation/tcr_quant/results/mixcr_RS-03522202.align.list.tsv --species hsa /projects/rpci/songyao/pnfioric/arc_project/airr_calculation/fastq_files/RS-03522202/RS-04417163_NJ01203_RS-03522202_S142_R1_001.fastq.gz /projects/rpci/songyao/pnfioric/arc_project/airr_calculation/fastq_files/RS-03522202/RS-04417163_NJ01203_RS-03522202_S142_R2_001.fastq.gz /projects/rpci/songyao/pnfioric/arc_project/airr_calculation/tcr_quant/results/mixcr_RS-03522202.alignments.vdjca
Alignment: 0%
Alignment: 3.5%  ETA: 00:55:34
Alignment: 7%  ETA: 00:53:03
Alignment: 10.5%  ETA: 00:51:03
Alignment: 14%  ETA: 00:48:34
Alignment: 17.6%  ETA: 00:46:34
Alignment: 21.2%  ETA: 00:43:43
Alignment: 24.7%  ETA: 00:42:57
Alignment: 28.2%  ETA: 00:40:33
Alignment: 31.7%  ETA: 00:39:19
Alignment: 35.2%  ETA: 00:36:57
Alignment: 38.7%  ETA: 00:34:36
Alignment: 42.3%  ETA: 00:32:36
Alignment: 45.9%  ETA: 00:30:18
Alignment: 49.4%  ETA: 00:28:53
Alignment: 52.9%  ETA: 00:26:53
Alignment: 56.4%  ETA: 00:24:52
Alignment: 59.8%  ETA: 00:23:07
Alignment: 63.4%  ETA: 00:20:53
Alignment: 66.9%  ETA: 00:18:30
Alignment: 70.4%  ETA: 00:16:51
Alignment: 74%  ETA: 00:14:42
Alignment: 77.5%  ETA: 00:12:59
Alignment: 80.9%  ETA: 00:10:59
Alignment: 84.5%  ETA: 00:08:46
Alignment: 88%  ETA: 00:06:51
Alignment: 91.5%  ETA: 00:04:44
Alignment: 95.1%  ETA: 00:02:46
Alignment: 98.7%  ETA: 00:00:45
====================== report: align ======================
Analysis time: 56.81m
Total sequencing reads: 58240785
Successfully aligned reads: 1323 (0%)
Coverage (percent of successfully aligned):
  CDR3: 364 (27.51%)
  FR3_TO_FR4: 7 (0.53%)
  CDR2_TO_FR4: 5 (0.38%)
  FR2_TO_FR4: 0 (0%)
  CDR1_TO_FR4: 0 (0%)
  VDJRegion: 0 (0%)
Alignment failed: no hits (not TCR/IG?): 56980498 (97.84%)
Alignment failed: no CDR3 parts: 9173 (0.02%)
Alignment failed: low total score: 1249791 (2.15%)
Overlapped: 49424116 (84.86%)
Overlapped and aligned: 1192 (0%)
Overlapped and not aligned: 49422924 (84.86%)
Alignment-aided overlaps, percent of overlapped and aligned: 48 (4.03%)
No CDR3 parts alignments, percent of successfully aligned: 14 (1.06%)
Partial aligned reads, percent of successfully aligned: 945 (71.43%)
Realigned with forced non-floating bound: 17633434 (30.28%)
Realigned with forced non-floating right bound in left read: 582 (0%)
Realigned with forced non-floating left bound in right read: 582 (0%)
TRA chains: 91 (6.88%)
TRA non-functional: 0 (0%)
TRB chains: 23 (1.74%)
TRB non-functional: 0 (0%)
TRD chains: 1 (0.08%)
TRD non-functional: 0 (0%)
TRG chains: 5 (0.38%)
TRG non-functional: 0 (0%)
IGH chains: 430 (32.5%)
IGH non-functional: 1 (0.23%)
TRAD chains: 4 (0.3%)
TRAD non-functional: 0 (0%)
IGK chains: 438 (33.11%)
IGK non-functional: 6 (1.37%)
IGL chains: 331 (25.02%)
IGL non-functional: 0 (0%)
Trimming report:
  R1 reads trimmed left: 21873 (0.04%)
  R1 reads trimmed right: 22524 (0.04%)
  Average R1 nucleotides trimmed left: 0.006377506759223798
  Average R1 nucleotides trimmed right: 0.0068265563384834185
  R2 reads trimmed left: 22257 (0.04%)
  R2 reads trimmed right: 23331 (0.04%)
  Average R2 nucleotides trimmed left: 0.006400136948703559
  Average R2 nucleotides trimmed right: 0.006832754743947905

>>>>>>>>>>>>>>>>>> mixcr assemblePartial <<<<<<<<<<<<<<<<<<
Running:
mixcr assemblePartial --report /projects/rpci/songyao/pnfioric/arc_project/airr_calculation/tcr_quant/results/mixcr_RS-03522202.assemblePartial.report.txt --json-report /projects/rpci/songyao/pnfioric/arc_project/airr_calculation/tcr_quant/results/mixcr_RS-03522202.assemblePartial.report.json /projects/rpci/songyao/pnfioric/arc_project/airr_calculation/tcr_quant/results/mixcr_RS-03522202.alignments.vdjca /projects/rpci/songyao/pnfioric/arc_project/airr_calculation/tcr_quant/results/mixcr_RS-03522202.passembled.1.vdjca
Building index: 0%
Searching for overlaps: 0.1%
================= report: assemblePartial =================
Analysis time: 294ms
Total alignments analysed: 1323
Number of output alignments: 1305 (98.64%)
Alignments already with CDR3 (no overlapping is performed): 375 (28.34%)
Successfully overlapped alignments: 18 (1.36%)
Left parts with too small N-region (failed to extract k-mer): 252 (19.05%)
Extracted k-mer diversity: 1075
Dropped due to wildcard in k-mer: 0 (0%)
Dropped due to too short NRegion parts in overlap: 19 (1.44%)
Dropped overlaps with empty N region due to no complete NDN coverage: 0 (0%)
Number of left-side alignments: 241 (18.22%)
Number of right-side alignments: 461 (34.85%)
Complex overlaps: 0 (0%)
Over-overlaps: 0 (0%)
Partial alignments written to output: 912 (68.93%)

>>>>>>>>>>>>>>>>>> mixcr assemblePartial <<<<<<<<<<<<<<<<<<
Running:
mixcr assemblePartial --report /projects/rpci/songyao/pnfioric/arc_project/airr_calculation/tcr_quant/results/mixcr_RS-03522202.assemblePartial.report.txt --json-report /projects/rpci/songyao/pnfioric/arc_project/airr_calculation/tcr_quant/results/mixcr_RS-03522202.assemblePartial.report.json /projects/rpci/songyao/pnfioric/arc_project/airr_calculation/tcr_quant/results/mixcr_RS-03522202.passembled.1.vdjca /projects/rpci/songyao/pnfioric/arc_project/airr_calculation/tcr_quant/results/mixcr_RS-03522202.passembled.2.vdjca
Building index: 0%
Searching for overlaps: 0.7%
================= report: assemblePartial =================
Analysis time: 141ms
Total alignments analysed: 1305
Number of output alignments: 1305 (100%)
Alignments already with CDR3 (no overlapping is performed): 393 (30.11%)
Successfully overlapped alignments: 0 (0%)
Left parts with too small N-region (failed to extract k-mer): 252 (19.31%)
Extracted k-mer diversity: 1003
Dropped due to wildcard in k-mer: 0 (0%)
Dropped due to too short NRegion parts in overlap: 18 (1.38%)
Dropped overlaps with empty N region due to no complete NDN coverage: 0 (0%)
Number of left-side alignments: 223 (17.09%)
Number of right-side alignments: 443 (33.95%)
Complex overlaps: 0 (0%)
Over-overlaps: 0 (0%)
Partial alignments written to output: 912 (69.89%)

>>>>>>>>>>>>>>>>>>>>>>> mixcr extend <<<<<<<<<<<<<<<<<<<<<<<
Running:
mixcr extend --report /projects/rpci/songyao/pnfioric/arc_project/airr_calculation/tcr_quant/results/mixcr_RS-03522202.extend.report.txt --json-report /projects/rpci/songyao/pnfioric/arc_project/airr_calculation/tcr_quant/results/mixcr_RS-03522202.extend.report.json --threads 12 /projects/rpci/songyao/pnfioric/arc_project/airr_calculation/tcr_quant/results/mixcr_RS-03522202.passembled.2.vdjca /projects/rpci/songyao/pnfioric/arc_project/airr_calculation/tcr_quant/results/mixcr_RS-03522202.extended.vdjca
Extending alignments: 0%
====================== report: extend ======================
Analysis time: 15ms
Extended alignments count: 0 (0%)
V extensions total: 0 (0%)
V extensions with merged targets: 0 (0%)
J extensions total: 0 (0%)
J extensions with merged targets: 0 (0%)
V+J extensions: 0 (0%)
Mean V extension length: NaN
Mean J extension length: NaN

>>>>>>>>>>>>>>>>>>>>>> mixcr assemble <<<<<<<<<<<<<<<<<<<<<<
Running:
mixcr assemble --report /projects/rpci/songyao/pnfioric/arc_project/airr_calculation/tcr_quant/results/mixcr_RS-03522202.assemble.report.txt --json-report /projects/rpci/songyao/pnfioric/arc_project/airr_calculation/tcr_quant/results/mixcr_RS-03522202.assemble.report.json /projects/rpci/songyao/pnfioric/arc_project/airr_calculation/tcr_quant/results/mixcr_RS-03522202.extended.vdjca /projects/rpci/songyao/pnfioric/arc_project/airr_calculation/tcr_quant/results/mixcr_RS-03522202.clna
Initialization: progress unknown
Initialization: progress unknown
===================== report: assemble =====================
Analysis time: 559ms
Final clonotype count: 124
Reads used in clonotypes, percent of total: 390 (0%)
Average number of reads per clonotype: 3.15
Reads dropped due to the lack of a clone sequence, percent of total: 923 (0%)
Reads dropped due to a too short clonal sequence, percent of total: 0 (0%)
Reads dropped due to low quality, percent of total: 0 (0%)
Reads dropped due to failed mapping, percent of total: 8 (0%)
Reads dropped with low quality clones, percent of total: 0 (0%)
Aligned reads processed: 400
Reads used in clonotypes before clustering, percent of total: 392 (0%)
Number of reads used as a core, percent of used: 389 (99.23%)
Mapped low quality reads, percent of used: 3 (0.77%)
Reads clustered in PCR error correction, percent of used: 2 (0.51%)
Reads pre-clustered due to the similar VJC-lists, percent of used: 0 (0%)
Clonotypes dropped as low quality: 0
Clonotypes eliminated by PCR error correction: 2
Clonotypes pre-clustered due to the similar VJC-lists: 0
Clones dropped in post filtering: 0 (0%)
Reads dropped in post filtering: 0.0 (0%)
Reads filtered by tag prefix: 0 (0%)
TRA chains: 3 (2.42%)
TRA non-functional: 0 (0%)
TRB chains: 2 (1.61%)
TRB non-functional: 0 (0%)
IGH chains: 35 (28.23%)
IGH non-functional: 1 (2.86%)
IGK chains: 60 (48.39%)
IGK non-functional: 4 (6.67%)
IGL chains: 24 (19.35%)
IGL non-functional: 0 (0%)

>>>>>>>>>>>>>>>>>> mixcr assembleContigs <<<<<<<<<<<<<<<<<<
Running:
mixcr assembleContigs --report /projects/rpci/songyao/pnfioric/arc_project/airr_calculation/tcr_quant/results/mixcr_RS-03522202.assembleContigs.report.txt --json-report /projects/rpci/songyao/pnfioric/arc_project/airr_calculation/tcr_quant/results/mixcr_RS-03522202.assembleContigs.report.json --threads 12 /projects/rpci/songyao/pnfioric/arc_project/airr_calculation/tcr_quant/results/mixcr_RS-03522202.clna /projects/rpci/songyao/pnfioric/arc_project/airr_calculation/tcr_quant/results/mixcr_RS-03522202.contigs.clns
Assembling contigs: 0%
================= report: assembleContigs =================
Analysis time: 276ms
Initial clonotype count: 124
Final clonotype count: 124 (100%)
Canceled assemblies: 0 (0%)
Clones filtered out after assemble: 0 (0%)
Number of premature termination assembly events, percent of number of initial clonotypes: 0.0 (0%)
Longest contig length: 371
Clustered variants: 0 (0%)
Reads in clustered variants: 0.0 (0%)
Reads in divided (newly created) clones: 0.0 (0%)
Clones with ambiguous letters in splitting region: 0 (0%)
Reads in clones with ambiguous letters in splitting region: 0.0 (0%)
Average number of ambiguous letters per clone with ambiguous letters in splitting region: NaN
Clones combined after clustering: 0 (0%)

>>>>>>>>>>>>>>>>>>>>>>>>> mixcr qc <<<<<<<<<<<<<<<<<<<<<<<<<
Running:
mixcr qc --print-to-stdout /projects/rpci/songyao/pnfioric/arc_project/airr_calculation/tcr_quant/results/mixcr_RS-03522202.contigs.clns /projects/rpci/songyao/pnfioric/arc_project/airr_calculation/tcr_quant/results/mixcr_RS-03522202.qc.txt /projects/rpci/songyao/pnfioric/arc_project/airr_calculation/tcr_quant/results/mixcr_RS-03522202.qc.json

  Alignments dropped due to low sequence quality: 0.0% [OK]

>>>>>>>>>>>>>>>>>>>> mixcr exportClones <<<<<<<<<<<<<<<<<<<<
Running:
mixcr exportClones /projects/rpci/songyao/pnfioric/arc_project/airr_calculation/tcr_quant/results/mixcr_RS-03522202.contigs.clns /projects/rpci/songyao/pnfioric/arc_project/airr_calculation/tcr_quant/results/mixcr_RS-03522202.clones.tsv
Analysis finished successfully.
===============================
Visualize results and simplify your immune data analysis with a convenient UI.
Explore and install Platforma.bio here: https://platforma.bio
