Exporting TRB
Exporting clones: 100%
Filtered 1 of 122 clones (99.18%).
Filtered 3.0 of 797.0 reads (99.62%).
Exporting TRA
Exporting clones: 20%
Filtered 5 of 122 clones (95.9%).
Filtered 18.0 of 797.0 reads (97.74%).
Exporting IGH
Exporting clones: 3.1%
Filtered 32 of 122 clones (73.77%).
Filtered 157.0 of 797.0 reads (80.3%).
Exporting IGL
Exporting clones: 4.5%
Filtered 22 of 122 clones (81.97%).
Filtered 215.0 of 797.0 reads (73.02%).
Exporting IGK
Exporting clones: 1.6%
Filtered 62 of 122 clones (49.18%).
Filtered 404.0 of 797.0 reads (49.31%).
