Exporting TRB
Exporting clones: 100%
Filtered 1 of 246 clones (99.59%).
Filtered 13.0 of 1955.0 reads (99.34%).
Exporting TRA
Exporting clones: 33.3%
Filtered 3 of 246 clones (98.78%).
Filtered 20.0 of 1955.0 reads (98.98%).
Exporting IGH
Exporting clones: 1.5%
Filtered 67 of 246 clones (72.76%).
Filtered 527.0 of 1955.0 reads (73.04%).
Exporting IGL
Exporting clones: 1.5%
Filtered 66 of 246 clones (73.17%).
Filtered 568.0 of 1955.0 reads (70.95%).
Exporting IGK
Exporting clones: 0.9%
Filtered 109 of 246 clones (55.69%).
Filtered 827.0 of 1955.0 reads (57.7%).
