Exporting TRB
Exporting clones: 50%
Filtered 2 of 384 clones (99.48%).
Filtered 7.0 of 1174.0 reads (99.4%).
Exporting TRA
Exporting clones: 33.3%
Filtered 3 of 384 clones (99.22%).
Filtered 3.0 of 1174.0 reads (99.74%).
Exporting IGH
Exporting clones: 1.2%
Filtered 84 of 384 clones (78.12%).
Filtered 211.0 of 1174.0 reads (82.03%).
Exporting TRG
Exporting clones: 100%
Filtered 1 of 384 clones (99.74%).
Filtered 2.0 of 1174.0 reads (99.83%).
Exporting IGL
Exporting clones: 1.2%
Filtered 81 of 384 clones (78.91%).
Filtered 253.0 of 1174.0 reads (78.45%).
Exporting IGK
Exporting clones: 0.5%
Filtered 213 of 384 clones (44.53%).
Filtered 698.0 of 1174.0 reads (40.55%).
