Exporting TRB
Exporting clones: 100%
Filtered 1 of 334 clones (99.7%).
Filtered 6.0 of 2076.0 reads (99.71%).
Exporting TRA
Exporting clones: 50%
Filtered 2 of 334 clones (99.4%).
Filtered 13.0 of 2076.0 reads (99.37%).
Exporting IGH
Exporting clones: 1.2%
Filtered 85 of 334 clones (74.55%).
Filtered 644.0 of 2076.0 reads (68.98%).
Exporting IGL
Exporting clones: 1.7%
Filtered 58 of 334 clones (82.63%).
Filtered 385.0 of 2076.0 reads (81.45%).
Exporting IGK
Exporting clones: 0.5%
Filtered 188 of 334 clones (43.71%).
Filtered 1028.0 of 2076.0 reads (50.48%).
