WARNING: sun.reflect.Reflection.getCallerClass is not supported. This will impact performance.

>>>>>>>>>>>>>>>>>>>>>>> mixcr align <<<<<<<<<<<<<<<<<<<<<<<
Running:
mixcr align --report /projects/rpci/songyao/pnfioric/arc_project/airr_calculation/tcr_quant/results/mixcr_RS-04367509.align.report.txt --json-report /projects/rpci/songyao/pnfioric/arc_project/airr_calculation/tcr_quant/results/mixcr_RS-04367509.align.report.json --threads 12 --preset rna-seq --save-output-file-names /projects/rpci/songyao/pnfioric/arc_project/airr_calculation/tcr_quant/results/mixcr_RS-04367509.align.list.tsv --species hsa /projects/rpci/songyao/pnfioric/arc_project/airr_calculation/fastq_files/RS-04367509/RS-04367509_SCLS06014573-D_RS-04259307_S175_R1_001.fastq.gz /projects/rpci/songyao/pnfioric/arc_project/airr_calculation/fastq_files/RS-04367509/RS-04367509_SCLS06014573-D_RS-04259307_S175_R2_001.fastq.gz /projects/rpci/songyao/pnfioric/arc_project/airr_calculation/tcr_quant/results/mixcr_RS-04367509.alignments.vdjca
Alignment: 0%
Alignment: 5.5%  ETA: 00:34:39
Alignment: 11%  ETA: 00:32:07
Alignment: 16.5%  ETA: 00:30:27
Alignment: 21.9%  ETA: 00:28:45
Alignment: 27.4%  ETA: 00:26:37
Alignment: 32.8%  ETA: 00:24:53
Alignment: 38.2%  ETA: 00:22:46
Alignment: 43.6%  ETA: 00:21:00
Alignment: 49%  ETA: 00:19:00
Alignment: 54.3%  ETA: 00:17:00
Alignment: 59.7%  ETA: 00:15:00
Alignment: 65%  ETA: 00:13:04
Alignment: 70.4%  ETA: 00:11:00
Alignment: 75.7%  ETA: 00:09:11
Alignment: 81.1%  ETA: 00:07:05
Alignment: 86.5%  ETA: 00:04:56
Alignment: 91.9%  ETA: 00:03:01
Alignment: 97.3%  ETA: 00:01:01
====================== report: align ======================
Analysis time: 37.05m
Total sequencing reads: 69359913
Successfully aligned reads: 19411 (0.03%)
Coverage (percent of successfully aligned):
  CDR3: 4043 (20.83%)
  FR3_TO_FR4: 22 (0.11%)
  CDR2_TO_FR4: 0 (0%)
  FR2_TO_FR4: 1 (0.01%)
  CDR1_TO_FR4: 0 (0%)
  VDJRegion: 5 (0.03%)
Alignment failed: no hits (not TCR/IG?): 67506435 (97.33%)
Alignment failed: no CDR3 parts: 47354 (0.07%)
Alignment failed: low total score: 1786713 (2.58%)
Overlapped: 66056709 (95.24%)
Overlapped and aligned: 18971 (0.03%)
Overlapped and not aligned: 66037738 (95.21%)
Alignment-aided overlaps, percent of overlapped and aligned: 120 (0.63%)
No CDR3 parts alignments, percent of successfully aligned: 390 (2.01%)
Partial aligned reads, percent of successfully aligned: 14978 (77.16%)
Realigned with forced non-floating bound: 6606648 (9.53%)
Realigned with forced non-floating right bound in left read: 516 (0%)
Realigned with forced non-floating left bound in right read: 516 (0%)
TRA chains: 2231 (11.49%)
TRA non-functional: 0 (0%)
TRB chains: 631 (3.25%)
TRB non-functional: 0 (0%)
TRD chains: 15 (0.08%)
TRD non-functional: 0 (0%)
TRG chains: 55 (0.28%)
TRG non-functional: 0 (0%)
IGH chains: 6748 (34.76%)
IGH non-functional: 20 (0.3%)
TRAD chains: 28 (0.14%)
TRAD non-functional: 0 (0%)
IGK chains: 4573 (23.56%)
IGK non-functional: 90 (1.97%)
IGL chains: 5130 (26.43%)
IGL non-functional: 20 (0.39%)
Trimming report:
  R1 reads trimmed left: 51944 (0.07%)
  R1 reads trimmed right: 55185 (0.08%)
  Average R1 nucleotides trimmed left: 0.01273105691467635
  Average R1 nucleotides trimmed right: 0.0137522663847632
  R2 reads trimmed left: 53071 (0.08%)
  R2 reads trimmed right: 56158 (0.08%)
  Average R2 nucleotides trimmed left: 0.012551443079232236
  Average R2 nucleotides trimmed right: 0.014603507360224054

>>>>>>>>>>>>>>>>>> mixcr assemblePartial <<<<<<<<<<<<<<<<<<
Running:
mixcr assemblePartial --report /projects/rpci/songyao/pnfioric/arc_project/airr_calculation/tcr_quant/results/mixcr_RS-04367509.assemblePartial.report.txt --json-report /projects/rpci/songyao/pnfioric/arc_project/airr_calculation/tcr_quant/results/mixcr_RS-04367509.assemblePartial.report.json /projects/rpci/songyao/pnfioric/arc_project/airr_calculation/tcr_quant/results/mixcr_RS-04367509.alignments.vdjca /projects/rpci/songyao/pnfioric/arc_project/airr_calculation/tcr_quant/results/mixcr_RS-04367509.passembled.1.vdjca
Building index: 0%
Searching for overlaps: 0%
================= report: assemblePartial =================
Analysis time: 532ms
Total alignments analysed: 19411
Number of output alignments: 19308 (99.47%)
Alignments already with CDR3 (no overlapping is performed): 4263 (21.96%)
Successfully overlapped alignments: 103 (0.53%)
Left parts with too small N-region (failed to extract k-mer): 3617 (18.63%)
Extracted k-mer diversity: 4771
Dropped due to wildcard in k-mer: 0 (0%)
Dropped due to too short NRegion parts in overlap: 137 (0.71%)
Dropped overlaps with empty N region due to no complete NDN coverage: 0 (0%)
Number of left-side alignments: 2094 (10.79%)
Number of right-side alignments: 9462 (48.75%)
Complex overlaps: 0 (0%)
Over-overlaps: 0 (0%)
Partial alignments written to output: 14942 (76.98%)

>>>>>>>>>>>>>>>>>> mixcr assemblePartial <<<<<<<<<<<<<<<<<<
Running:
mixcr assemblePartial --report /projects/rpci/songyao/pnfioric/arc_project/airr_calculation/tcr_quant/results/mixcr_RS-04367509.assemblePartial.report.txt --json-report /projects/rpci/songyao/pnfioric/arc_project/airr_calculation/tcr_quant/results/mixcr_RS-04367509.assemblePartial.report.json /projects/rpci/songyao/pnfioric/arc_project/airr_calculation/tcr_quant/results/mixcr_RS-04367509.passembled.1.vdjca /projects/rpci/songyao/pnfioric/arc_project/airr_calculation/tcr_quant/results/mixcr_RS-04367509.passembled.2.vdjca
Building index: 0%
Searching for overlaps: 0%
================= report: assemblePartial =================
Analysis time: 257ms
Total alignments analysed: 19308
Number of output alignments: 19308 (100%)
Alignments already with CDR3 (no overlapping is performed): 4366 (22.61%)
Successfully overlapped alignments: 0 (0%)
Left parts with too small N-region (failed to extract k-mer): 3617 (18.73%)
Extracted k-mer diversity: 4640
Dropped due to wildcard in k-mer: 0 (0%)
Dropped due to too short NRegion parts in overlap: 80 (0.41%)
Dropped overlaps with empty N region due to no complete NDN coverage: 0 (0%)
Number of left-side alignments: 1991 (10.31%)
Number of right-side alignments: 9359 (48.47%)
Complex overlaps: 0 (0%)
Over-overlaps: 0 (0%)
Partial alignments written to output: 14942 (77.39%)

>>>>>>>>>>>>>>>>>>>>>>> mixcr extend <<<<<<<<<<<<<<<<<<<<<<<
Running:
mixcr extend --report /projects/rpci/songyao/pnfioric/arc_project/airr_calculation/tcr_quant/results/mixcr_RS-04367509.extend.report.txt --json-report /projects/rpci/songyao/pnfioric/arc_project/airr_calculation/tcr_quant/results/mixcr_RS-04367509.extend.report.json --threads 12 /projects/rpci/songyao/pnfioric/arc_project/airr_calculation/tcr_quant/results/mixcr_RS-04367509.passembled.2.vdjca /projects/rpci/songyao/pnfioric/arc_project/airr_calculation/tcr_quant/results/mixcr_RS-04367509.extended.vdjca
Extending alignments: 0%
====================== report: extend ======================
Analysis time: 142ms
Extended alignments count: 14 (0.07%)
V extensions total: 7 (0.04%)
V extensions with merged targets: 0 (0%)
J extensions total: 7 (0.04%)
J extensions with merged targets: 0 (0%)
V+J extensions: 0 (0%)
Mean V extension length: 2.0
Mean J extension length: 14.0

>>>>>>>>>>>>>>>>>>>>>> mixcr assemble <<<<<<<<<<<<<<<<<<<<<<
Running:
mixcr assemble --report /projects/rpci/songyao/pnfioric/arc_project/airr_calculation/tcr_quant/results/mixcr_RS-04367509.assemble.report.txt --json-report /projects/rpci/songyao/pnfioric/arc_project/airr_calculation/tcr_quant/results/mixcr_RS-04367509.assemble.report.json /projects/rpci/songyao/pnfioric/arc_project/airr_calculation/tcr_quant/results/mixcr_RS-04367509.extended.vdjca /projects/rpci/songyao/pnfioric/arc_project/airr_calculation/tcr_quant/results/mixcr_RS-04367509.clna
Initialization: progress unknown
Initialization: progress unknown
===================== report: assemble =====================
Analysis time: 942ms
Final clonotype count: 569
Reads used in clonotypes, percent of total: 4228 (0.01%)
Average number of reads per clonotype: 7.43
Reads dropped due to the lack of a clone sequence, percent of total: 15148 (0.02%)
Reads dropped due to a too short clonal sequence, percent of total: 0 (0%)
Reads dropped due to low quality, percent of total: 0 (0%)
Reads dropped due to failed mapping, percent of total: 19 (0%)
Reads dropped with low quality clones, percent of total: 0 (0%)
Aligned reads processed: 4263
Reads used in clonotypes before clustering, percent of total: 4244 (0.01%)
Number of reads used as a core, percent of used: 4204 (99.06%)
Mapped low quality reads, percent of used: 40 (0.94%)
Reads clustered in PCR error correction, percent of used: 16 (0.38%)
Reads pre-clustered due to the similar VJC-lists, percent of used: 0 (0%)
Clonotypes dropped as low quality: 0
Clonotypes eliminated by PCR error correction: 15
Clonotypes pre-clustered due to the similar VJC-lists: 0
Clones dropped in post filtering: 0 (0%)
Reads dropped in post filtering: 0.0 (0%)
Reads filtered by tag prefix: 0 (0%)
TRA chains: 9 (1.58%)
TRA non-functional: 0 (0%)
TRB chains: 2 (0.35%)
TRB non-functional: 0 (0%)
IGH chains: 175 (30.76%)
IGH non-functional: 6 (3.43%)
IGK chains: 265 (46.57%)
IGK non-functional: 21 (7.92%)
IGL chains: 118 (20.74%)
IGL non-functional: 5 (4.24%)

>>>>>>>>>>>>>>>>>> mixcr assembleContigs <<<<<<<<<<<<<<<<<<
Running:
mixcr assembleContigs --report /projects/rpci/songyao/pnfioric/arc_project/airr_calculation/tcr_quant/results/mixcr_RS-04367509.assembleContigs.report.txt --json-report /projects/rpci/songyao/pnfioric/arc_project/airr_calculation/tcr_quant/results/mixcr_RS-04367509.assembleContigs.report.json --threads 12 /projects/rpci/songyao/pnfioric/arc_project/airr_calculation/tcr_quant/results/mixcr_RS-04367509.clna /projects/rpci/songyao/pnfioric/arc_project/airr_calculation/tcr_quant/results/mixcr_RS-04367509.contigs.clns
Assembling contigs: 0%
================= report: assembleContigs =================
Analysis time: 483ms
Initial clonotype count: 569
Final clonotype count: 569 (100%)
Canceled assemblies: 0 (0%)
Clones filtered out after assemble: 0 (0%)
Number of premature termination assembly events, percent of number of initial clonotypes: 0.0 (0%)
Longest contig length: 332
Clustered variants: 0 (0%)
Reads in clustered variants: 0.0 (0%)
Reads in divided (newly created) clones: 0.0 (0%)
Clones with ambiguous letters in splitting region: 0 (0%)
Reads in clones with ambiguous letters in splitting region: 0.0 (0%)
Average number of ambiguous letters per clone with ambiguous letters in splitting region: NaN
Clones combined after clustering: 0 (0%)

>>>>>>>>>>>>>>>>>>>>>>>>> mixcr qc <<<<<<<<<<<<<<<<<<<<<<<<<
Running:
mixcr qc --print-to-stdout /projects/rpci/songyao/pnfioric/arc_project/airr_calculation/tcr_quant/results/mixcr_RS-04367509.contigs.clns /projects/rpci/songyao/pnfioric/arc_project/airr_calculation/tcr_quant/results/mixcr_RS-04367509.qc.txt /projects/rpci/songyao/pnfioric/arc_project/airr_calculation/tcr_quant/results/mixcr_RS-04367509.qc.json

  Alignments dropped due to low sequence quality: 0.0% [OK]

>>>>>>>>>>>>>>>>>>>> mixcr exportClones <<<<<<<<<<<<<<<<<<<<
Running:
mixcr exportClones /projects/rpci/songyao/pnfioric/arc_project/airr_calculation/tcr_quant/results/mixcr_RS-04367509.contigs.clns /projects/rpci/songyao/pnfioric/arc_project/airr_calculation/tcr_quant/results/mixcr_RS-04367509.clones.tsv
Analysis finished successfully.
===============================
Visualize results and simplify your immune data analysis with a convenient UI.
Explore and install Platforma.bio here: https://platforma.bio
