WARNING: sun.reflect.Reflection.getCallerClass is not supported. This will impact performance.

>>>>>>>>>>>>>>>>>>>>>>> mixcr align <<<<<<<<<<<<<<<<<<<<<<<
Running:
mixcr align --report /projects/rpci/songyao/pnfioric/arc_project/airr_calculation/tcr_quant/results/mixcr_RS-04396801.align.report.txt --json-report /projects/rpci/songyao/pnfioric/arc_project/airr_calculation/tcr_quant/results/mixcr_RS-04396801.align.report.json --threads 12 --preset rna-seq --save-output-file-names /projects/rpci/songyao/pnfioric/arc_project/airr_calculation/tcr_quant/results/mixcr_RS-04396801.align.list.tsv --species hsa /projects/rpci/songyao/pnfioric/arc_project/airr_calculation/fastq_files/RS-04396801/RS-04396801_DRVS08003079-A2_RS-03704687_S140_R1_001.fastq.gz /projects/rpci/songyao/pnfioric/arc_project/airr_calculation/fastq_files/RS-04396801/RS-04396801_DRVS08003079-A2_RS-03704687_S140_R2_001.fastq.gz /projects/rpci/songyao/pnfioric/arc_project/airr_calculation/tcr_quant/results/mixcr_RS-04396801.alignments.vdjca
Alignment: 0%
Alignment: 6.3%  ETA: 00:29:36
Alignment: 12.8%  ETA: 00:27:09
Alignment: 19.2%  ETA: 00:25:01
Alignment: 25.7%  ETA: 00:22:54
Alignment: 32%  ETA: 00:21:28
Alignment: 38.4%  ETA: 00:19:28
Alignment: 44.8%  ETA: 00:17:05
Alignment: 51.2%  ETA: 00:15:21
Alignment: 57.5%  ETA: 00:13:25
Alignment: 63.9%  ETA: 00:11:21
Alignment: 70.3%  ETA: 00:09:11
Alignment: 76.7%  ETA: 00:07:16
Alignment: 83.1%  ETA: 00:05:21
Alignment: 89.4%  ETA: 00:03:19
Alignment: 95.9%  ETA: 00:01:16
====================== report: align ======================
Analysis time: 31.31m
Total sequencing reads: 62658334
Successfully aligned reads: 6520 (0.01%)
Coverage (percent of successfully aligned):
  CDR3: 1321 (20.26%)
  FR3_TO_FR4: 0 (0%)
  CDR2_TO_FR4: 0 (0%)
  FR2_TO_FR4: 0 (0%)
  CDR1_TO_FR4: 0 (0%)
  VDJRegion: 0 (0%)
Alignment failed: no hits (not TCR/IG?): 61072759 (97.47%)
Alignment failed after alignment-aided overlap: 1 (0%)
Alignment failed: no CDR3 parts: 36830 (0.06%)
Alignment failed: low total score: 1542224 (2.46%)
Overlapped: 59403301 (94.81%)
Overlapped and aligned: 6412 (0.01%)
Overlapped and not aligned: 59396889 (94.79%)
Alignment-aided overlaps, percent of overlapped and aligned: 36 (0.56%)
No CDR3 parts alignments, percent of successfully aligned: 123 (1.89%)
Partial aligned reads, percent of successfully aligned: 5076 (77.85%)
V gene chimeras: 22 (0%)
Realigned with forced non-floating bound: 6510138 (10.39%)
Realigned with forced non-floating right bound in left read: 417 (0%)
Realigned with forced non-floating left bound in right read: 417 (0%)
TRA chains: 1028 (15.77%)
TRA non-functional: 0 (0%)
TRB chains: 364 (5.58%)
TRB non-functional: 0 (0%)
TRG chains: 82 (1.26%)
TRG non-functional: 25 (30.49%)
IGH chains: 1484 (22.76%)
IGH non-functional: 0 (0%)
TRAD chains: 13 (0.2%)
TRAD non-functional: 0 (0%)
IGK chains: 1191 (18.27%)
IGK non-functional: 1 (0.08%)
IGL chains: 2358 (36.17%)
IGL non-functional: 72 (3.05%)
Trimming report:
  R1 reads trimmed left: 1269855 (2.03%)
  R1 reads trimmed right: 1284693 (2.05%)
  Average R1 nucleotides trimmed left: 0.34452419370103265
  Average R1 nucleotides trimmed right: 0.36804896536189424
  R2 reads trimmed left: 1250897 (2%)
  R2 reads trimmed right: 1260810 (2.01%)
  Average R2 nucleotides trimmed left: 0.3386496200170276
  Average R2 nucleotides trimmed right: 0.35968538518754745

>>>>>>>>>>>>>>>>>> mixcr assemblePartial <<<<<<<<<<<<<<<<<<
Running:
mixcr assemblePartial --report /projects/rpci/songyao/pnfioric/arc_project/airr_calculation/tcr_quant/results/mixcr_RS-04396801.assemblePartial.report.txt --json-report /projects/rpci/songyao/pnfioric/arc_project/airr_calculation/tcr_quant/results/mixcr_RS-04396801.assemblePartial.report.json /projects/rpci/songyao/pnfioric/arc_project/airr_calculation/tcr_quant/results/mixcr_RS-04396801.alignments.vdjca /projects/rpci/songyao/pnfioric/arc_project/airr_calculation/tcr_quant/results/mixcr_RS-04396801.passembled.1.vdjca
Building index: 0%
Searching for overlaps: 0%
================= report: assemblePartial =================
Analysis time: 360ms
Total alignments analysed: 6520
Number of output alignments: 6433 (98.67%)
Alignments already with CDR3 (no overlapping is performed): 1411 (21.64%)
Successfully overlapped alignments: 87 (1.33%)
Left parts with too small N-region (failed to extract k-mer): 1440 (22.09%)
Extracted k-mer diversity: 1024
Dropped due to wildcard in k-mer: 0 (0%)
Dropped due to too short NRegion parts in overlap: 0 (0%)
Dropped overlaps with empty N region due to no complete NDN coverage: 0 (0%)
Number of left-side alignments: 764 (11.72%)
Number of right-side alignments: 2905 (44.56%)
Complex overlaps: 0 (0%)
Over-overlaps: 0 (0%)
Partial alignments written to output: 4935 (75.69%)

>>>>>>>>>>>>>>>>>> mixcr assemblePartial <<<<<<<<<<<<<<<<<<
Running:
mixcr assemblePartial --report /projects/rpci/songyao/pnfioric/arc_project/airr_calculation/tcr_quant/results/mixcr_RS-04396801.assemblePartial.report.txt --json-report /projects/rpci/songyao/pnfioric/arc_project/airr_calculation/tcr_quant/results/mixcr_RS-04396801.assemblePartial.report.json /projects/rpci/songyao/pnfioric/arc_project/airr_calculation/tcr_quant/results/mixcr_RS-04396801.passembled.1.vdjca /projects/rpci/songyao/pnfioric/arc_project/airr_calculation/tcr_quant/results/mixcr_RS-04396801.passembled.2.vdjca
Building index: 0%
Searching for overlaps: 0%
================= report: assemblePartial =================
Analysis time: 96ms
Total alignments analysed: 6433
Number of output alignments: 6433 (100%)
Alignments already with CDR3 (no overlapping is performed): 1498 (23.29%)
Successfully overlapped alignments: 0 (0%)
Left parts with too small N-region (failed to extract k-mer): 1440 (22.38%)
Extracted k-mer diversity: 1024
Dropped due to wildcard in k-mer: 0 (0%)
Dropped due to too short NRegion parts in overlap: 0 (0%)
Dropped overlaps with empty N region due to no complete NDN coverage: 0 (0%)
Number of left-side alignments: 677 (10.52%)
Number of right-side alignments: 2818 (43.81%)
Complex overlaps: 0 (0%)
Over-overlaps: 0 (0%)
Partial alignments written to output: 4935 (76.71%)

>>>>>>>>>>>>>>>>>>>>>>> mixcr extend <<<<<<<<<<<<<<<<<<<<<<<
Running:
mixcr extend --report /projects/rpci/songyao/pnfioric/arc_project/airr_calculation/tcr_quant/results/mixcr_RS-04396801.extend.report.txt --json-report /projects/rpci/songyao/pnfioric/arc_project/airr_calculation/tcr_quant/results/mixcr_RS-04396801.extend.report.json --threads 12 /projects/rpci/songyao/pnfioric/arc_project/airr_calculation/tcr_quant/results/mixcr_RS-04396801.passembled.2.vdjca /projects/rpci/songyao/pnfioric/arc_project/airr_calculation/tcr_quant/results/mixcr_RS-04396801.extended.vdjca
Extending alignments: 0%
====================== report: extend ======================
Analysis time: 66ms
Extended alignments count: 0 (0%)
V extensions total: 0 (0%)
V extensions with merged targets: 0 (0%)
J extensions total: 0 (0%)
J extensions with merged targets: 0 (0%)
V+J extensions: 0 (0%)
Mean V extension length: NaN
Mean J extension length: NaN

>>>>>>>>>>>>>>>>>>>>>> mixcr assemble <<<<<<<<<<<<<<<<<<<<<<
Running:
mixcr assemble --report /projects/rpci/songyao/pnfioric/arc_project/airr_calculation/tcr_quant/results/mixcr_RS-04396801.assemble.report.txt --json-report /projects/rpci/songyao/pnfioric/arc_project/airr_calculation/tcr_quant/results/mixcr_RS-04396801.assemble.report.json /projects/rpci/songyao/pnfioric/arc_project/airr_calculation/tcr_quant/results/mixcr_RS-04396801.extended.vdjca /projects/rpci/songyao/pnfioric/arc_project/airr_calculation/tcr_quant/results/mixcr_RS-04396801.clna
Initialization: progress unknown
Initialization: progress unknown
===================== report: assemble =====================
Analysis time: 404ms
Final clonotype count: 86
Reads used in clonotypes, percent of total: 1491 (0%)
Average number of reads per clonotype: 17.34
Reads dropped due to the lack of a clone sequence, percent of total: 5025 (0.01%)
Reads dropped due to a too short clonal sequence, percent of total: 0 (0%)
Reads dropped due to low quality, percent of total: 0 (0%)
Reads dropped due to failed mapping, percent of total: 2 (0%)
Reads dropped with low quality clones, percent of total: 0 (0%)
Aligned reads processed: 1495
Reads used in clonotypes before clustering, percent of total: 1493 (0%)
Number of reads used as a core, percent of used: 1484 (99.4%)
Mapped low quality reads, percent of used: 9 (0.6%)
Reads clustered in PCR error correction, percent of used: 2 (0.13%)
Reads pre-clustered due to the similar VJC-lists, percent of used: 0 (0%)
Clonotypes dropped as low quality: 0
Clonotypes eliminated by PCR error correction: 2
Clonotypes pre-clustered due to the similar VJC-lists: 0
Clones dropped in post filtering: 0 (0%)
Reads dropped in post filtering: 0.0 (0%)
Reads filtered by tag prefix: 0 (0%)
TRA chains: 2 (2.33%)
TRA non-functional: 0 (0%)
TRB chains: 1 (1.16%)
TRB non-functional: 0 (0%)
TRG chains: 1 (1.16%)
TRG non-functional: 1 (100%)
IGH chains: 17 (19.77%)
IGH non-functional: 0 (0%)
IGK chains: 40 (46.51%)
IGK non-functional: 1 (2.5%)
IGL chains: 25 (29.07%)
IGL non-functional: 2 (8%)

>>>>>>>>>>>>>>>>>> mixcr assembleContigs <<<<<<<<<<<<<<<<<<
Running:
mixcr assembleContigs --report /projects/rpci/songyao/pnfioric/arc_project/airr_calculation/tcr_quant/results/mixcr_RS-04396801.assembleContigs.report.txt --json-report /projects/rpci/songyao/pnfioric/arc_project/airr_calculation/tcr_quant/results/mixcr_RS-04396801.assembleContigs.report.json --threads 12 /projects/rpci/songyao/pnfioric/arc_project/airr_calculation/tcr_quant/results/mixcr_RS-04396801.clna /projects/rpci/songyao/pnfioric/arc_project/airr_calculation/tcr_quant/results/mixcr_RS-04396801.contigs.clns
Assembling contigs: 0%
================= report: assembleContigs =================
Analysis time: 246ms
Initial clonotype count: 86
Final clonotype count: 86 (100%)
Canceled assemblies: 0 (0%)
Clones filtered out after assemble: 0 (0%)
Number of premature termination assembly events, percent of number of initial clonotypes: 0.0 (0%)
Longest contig length: 269
Clustered variants: 0 (0%)
Reads in clustered variants: 0.0 (0%)
Reads in divided (newly created) clones: 0.0 (0%)
Clones with ambiguous letters in splitting region: 0 (0%)
Reads in clones with ambiguous letters in splitting region: 0.0 (0%)
Average number of ambiguous letters per clone with ambiguous letters in splitting region: NaN
Clones combined after clustering: 0 (0%)

>>>>>>>>>>>>>>>>>>>>>>>>> mixcr qc <<<<<<<<<<<<<<<<<<<<<<<<<
Running:
mixcr qc --print-to-stdout /projects/rpci/songyao/pnfioric/arc_project/airr_calculation/tcr_quant/results/mixcr_RS-04396801.contigs.clns /projects/rpci/songyao/pnfioric/arc_project/airr_calculation/tcr_quant/results/mixcr_RS-04396801.qc.txt /projects/rpci/songyao/pnfioric/arc_project/airr_calculation/tcr_quant/results/mixcr_RS-04396801.qc.json

  Alignments dropped due to low sequence quality: 0.0% [OK]

>>>>>>>>>>>>>>>>>>>> mixcr exportClones <<<<<<<<<<<<<<<<<<<<
Running:
mixcr exportClones /projects/rpci/songyao/pnfioric/arc_project/airr_calculation/tcr_quant/results/mixcr_RS-04396801.contigs.clns /projects/rpci/songyao/pnfioric/arc_project/airr_calculation/tcr_quant/results/mixcr_RS-04396801.clones.tsv
Analysis finished successfully.
===============================
Visualize results and simplify your immune data analysis with a convenient UI.
Explore and install Platforma.bio here: https://platforma.bio
