Exporting TRB
Exporting clones: 50%
Filtered 2 of 57 clones (96.49%).
Filtered 3.0 of 144.0 reads (97.92%).
Exporting TRA
Exporting clones: 50%
Filtered 2 of 57 clones (96.49%).
Filtered 4.0 of 144.0 reads (97.22%).
Exporting IGH
Exporting clones: 7.1%
Filtered 14 of 57 clones (75.44%).
Filtered 37.0 of 144.0 reads (74.31%).
Exporting IGL
Exporting clones: 12.5%
Filtered 8 of 57 clones (85.96%).
Filtered 13.0 of 144.0 reads (90.97%).
Exporting IGK
Exporting clones: 3.2%
Filtered 31 of 57 clones (45.61%).
Filtered 87.0 of 144.0 reads (39.58%).
