Exporting TRB
Exporting clones: 25%
Filtered 4 of 740 clones (99.46%).
Filtered 4.0 of 1850.0 reads (99.78%).
Exporting TRA
Exporting clones: 25%
Filtered 4 of 740 clones (99.46%).
Filtered 7.0 of 1850.0 reads (99.62%).
Exporting IGH
Exporting clones: 0.6%
Filtered 178 of 740 clones (75.95%).
Filtered 379.0 of 1850.0 reads (79.51%).
Exporting TRG
Exporting clones: 50%
Filtered 2 of 740 clones (99.73%).
Filtered 8.0 of 1850.0 reads (99.57%).
Exporting IGL
Exporting clones: 1%
Filtered 205 of 740 clones (72.3%).
Filtered 587.0 of 1850.0 reads (68.27%).
Exporting IGK
Exporting clones: 0.9%
Filtered 347 of 740 clones (53.11%).
Filtered 865.0 of 1850.0 reads (53.24%).
