Exporting TRB
Exporting clones: 7.1%
Filtered 14 of 612 clones (97.71%).
Filtered 23.0 of 2179.0 reads (98.94%).
Exporting TRA
Exporting clones: 20%
Filtered 5 of 612 clones (99.18%).
Filtered 11.0 of 2179.0 reads (99.5%).
Exporting IGH
Exporting clones: 0.6%
Filtered 160 of 612 clones (73.86%).
Filtered 508.0 of 2179.0 reads (76.69%).
Exporting TRG
Exporting clones: 100%
Filtered 1 of 612 clones (99.84%).
Filtered 7.0 of 2179.0 reads (99.68%).
Exporting IGL
Exporting clones: 1.7%
Filtered 116 of 612 clones (81.05%).
Filtered 382.0 of 2179.0 reads (82.47%).
Exporting IGK
Exporting clones: 0.3%
Filtered 316 of 612 clones (48.37%).
Filtered 1248.0 of 2179.0 reads (42.73%).
