Exporting TRB
Exporting clones: 33.3%
Filtered 3 of 495 clones (99.39%).
Filtered 5.0 of 1535.0 reads (99.67%).
Exporting TRA
Exporting clones: 100%
Filtered 1 of 495 clones (99.8%).
Filtered 4.0 of 1535.0 reads (99.74%).
Exporting IGH
Exporting clones: 0.7%
Filtered 138 of 495 clones (72.12%).
Filtered 400.0 of 1535.0 reads (73.94%).
Exporting IGL
Exporting clones: 0.8%
Filtered 125 of 495 clones (74.75%).
Filtered 374.0 of 1535.0 reads (75.64%).
Exporting IGK
Exporting clones: 0.4%
Filtered 228 of 495 clones (53.94%).
Filtered 752.0 of 1535.0 reads (51.01%).
