Exporting TRB
Exporting clones: 25%
Filtered 4 of 263 clones (98.48%).
Filtered 8.0 of 453.0 reads (98.23%).
Exporting TRA
Exporting clones: 20%
Filtered 5 of 263 clones (98.1%).
Filtered 11.0 of 453.0 reads (97.57%).
Exporting IGH
Exporting clones: 1.5%
Filtered 66 of 263 clones (74.9%).
Filtered 116.0 of 453.0 reads (74.39%).
Exporting TRG
Exporting clones: 100%
Filtered 1 of 263 clones (99.62%).
Filtered 1.0 of 453.0 reads (99.78%).
Exporting IGL
Exporting clones: 1.2%
Filtered 83 of 263 clones (68.44%).
Filtered 147.0 of 453.0 reads (67.55%).
Exporting IGK
Exporting clones: 1%
Filtered 104 of 263 clones (60.46%).
Filtered 170.0 of 453.0 reads (62.47%).
