WARNING: sun.reflect.Reflection.getCallerClass is not supported. This will impact performance.

>>>>>>>>>>>>>>>>>>>>>>> mixcr align <<<<<<<<<<<<<<<<<<<<<<<
Running:
mixcr align --report /projects/rpci/songyao/pnfioric/arc_project/airr_calculation/tcr_quant/results/mixcr_RS-04378620.align.report.txt --json-report /projects/rpci/songyao/pnfioric/arc_project/airr_calculation/tcr_quant/results/mixcr_RS-04378620.align.report.json --threads 12 --preset rna-seq --save-output-file-names /projects/rpci/songyao/pnfioric/arc_project/airr_calculation/tcr_quant/results/mixcr_RS-04378620.align.list.tsv --species hsa /projects/rpci/songyao/pnfioric/arc_project/airr_calculation/fastq_files/RS-04378620/RS-04378620_98s-0943-B_RS-04233418_S13_R1_001.fastq.gz /projects/rpci/songyao/pnfioric/arc_project/airr_calculation/fastq_files/RS-04378620/RS-04378620_98s-0943-B_RS-04233418_S13_R2_001.fastq.gz /projects/rpci/songyao/pnfioric/arc_project/airr_calculation/tcr_quant/results/mixcr_RS-04378620.alignments.vdjca
Alignment: 0%
Alignment: 3.1%  ETA: 01:01:52
Alignment: 6.3%  ETA: 00:58:48
Alignment: 9.5%  ETA: 00:56:48
Alignment: 12.7%  ETA: 00:54:44
Alignment: 15.9%  ETA: 00:53:17
Alignment: 19%  ETA: 00:50:49
Alignment: 22.3%  ETA: 00:48:21
Alignment: 25.4%  ETA: 00:46:47
Alignment: 28.6%  ETA: 00:45:37
Alignment: 31.7%  ETA: 00:43:37
Alignment: 34.9%  ETA: 00:41:13
Alignment: 38%  ETA: 00:39:59
Alignment: 41.2%  ETA: 00:36:56
Alignment: 44.3%  ETA: 00:35:35
Alignment: 47.4%  ETA: 00:33:34
Alignment: 50.5%  ETA: 00:32:10
Alignment: 53.6%  ETA: 00:29:54
Alignment: 56.7%  ETA: 00:27:53
Alignment: 59.8%  ETA: 00:25:39
Alignment: 62.9%  ETA: 00:23:52
Alignment: 66.1%  ETA: 00:21:40
Alignment: 69.2%  ETA: 00:19:40
Alignment: 72.3%  ETA: 00:17:40
Alignment: 75.5%  ETA: 00:15:40
Alignment: 78.5%  ETA: 00:13:56
Alignment: 81.7%  ETA: 00:11:49
Alignment: 84.8%  ETA: 00:09:49
Alignment: 87.9%  ETA: 00:07:44
Alignment: 91%  ETA: 00:05:44
Alignment: 94.2%  ETA: 00:03:44
Alignment: 97.3%  ETA: 00:01:40
====================== report: align ======================
Analysis time: 63.74m
Total sequencing reads: 87288186
Successfully aligned reads: 594 (0%)
Coverage (percent of successfully aligned):
  CDR3: 72 (12.12%)
  FR3_TO_FR4: 0 (0%)
  CDR2_TO_FR4: 0 (0%)
  FR2_TO_FR4: 0 (0%)
  CDR1_TO_FR4: 0 (0%)
  VDJRegion: 0 (0%)
Alignment failed: no hits (not TCR/IG?): 86268140 (98.83%)
Alignment failed: no CDR3 parts: 7216 (0.01%)
Alignment failed: low total score: 1012236 (1.16%)
Overlapped: 61748670 (70.74%)
Overlapped and aligned: 529 (0%)
Overlapped and not aligned: 61748141 (70.74%)
Alignment-aided overlaps, percent of overlapped and aligned: 0 (0%)
Partial aligned reads, percent of successfully aligned: 522 (87.88%)
J gene chimeras: 11 (0%)
Realigned with forced non-floating bound: 51079032 (58.52%)
Realigned with forced non-floating right bound in left read: 325 (0%)
Realigned with forced non-floating left bound in right read: 325 (0%)
TRA chains: 30 (5.05%)
TRA non-functional: 0 (0%)
TRB chains: 73 (12.29%)
TRB non-functional: 0 (0%)
TRD chains: 10 (1.68%)
TRD non-functional: 0 (0%)
IGH chains: 90 (15.15%)
IGH non-functional: 0 (0%)
TRAD chains: 39 (6.57%)
TRAD non-functional: 0 (0%)
IGK chains: 94 (15.82%)
IGK non-functional: 0 (0%)
IGL chains: 258 (43.43%)
IGL non-functional: 0 (0%)
Trimming report:
  R1 reads trimmed left: 420339 (0.48%)
  R1 reads trimmed right: 428990 (0.49%)
  Average R1 nucleotides trimmed left: 0.08184159079672018
  Average R1 nucleotides trimmed right: 0.08719997915869164
  R2 reads trimmed left: 416691 (0.48%)
  R2 reads trimmed right: 423547 (0.49%)
  Average R2 nucleotides trimmed left: 0.08100689593893039
  Average R2 nucleotides trimmed right: 0.08616758286167156

>>>>>>>>>>>>>>>>>> mixcr assemblePartial <<<<<<<<<<<<<<<<<<
Running:
mixcr assemblePartial --report /projects/rpci/songyao/pnfioric/arc_project/airr_calculation/tcr_quant/results/mixcr_RS-04378620.assemblePartial.report.txt --json-report /projects/rpci/songyao/pnfioric/arc_project/airr_calculation/tcr_quant/results/mixcr_RS-04378620.assemblePartial.report.json /projects/rpci/songyao/pnfioric/arc_project/airr_calculation/tcr_quant/results/mixcr_RS-04378620.alignments.vdjca /projects/rpci/songyao/pnfioric/arc_project/airr_calculation/tcr_quant/results/mixcr_RS-04378620.passembled.1.vdjca
Building index: 0%
Searching for overlaps: 0.2%
================= report: assemblePartial =================
Analysis time: 132ms
Total alignments analysed: 594
Number of output alignments: 594 (100%)
Alignments already with CDR3 (no overlapping is performed): 72 (12.12%)
Successfully overlapped alignments: 0 (0%)
Left parts with too small N-region (failed to extract k-mer): 93 (15.66%)
Extracted k-mer diversity: 843
Dropped due to wildcard in k-mer: 0 (0%)
Dropped due to too short NRegion parts in overlap: 0 (0%)
Dropped overlaps with empty N region due to no complete NDN coverage: 0 (0%)
Number of left-side alignments: 252 (42.42%)
Number of right-side alignments: 177 (29.8%)
Complex overlaps: 0 (0%)
Over-overlaps: 0 (0%)
Partial alignments written to output: 522 (87.88%)

>>>>>>>>>>>>>>>>>> mixcr assemblePartial <<<<<<<<<<<<<<<<<<
Running:
mixcr assemblePartial --report /projects/rpci/songyao/pnfioric/arc_project/airr_calculation/tcr_quant/results/mixcr_RS-04378620.assemblePartial.report.txt --json-report /projects/rpci/songyao/pnfioric/arc_project/airr_calculation/tcr_quant/results/mixcr_RS-04378620.assemblePartial.report.json /projects/rpci/songyao/pnfioric/arc_project/airr_calculation/tcr_quant/results/mixcr_RS-04378620.passembled.1.vdjca /projects/rpci/songyao/pnfioric/arc_project/airr_calculation/tcr_quant/results/mixcr_RS-04378620.passembled.2.vdjca
Building index: 0%
Searching for overlaps: 3%
================= report: assemblePartial =================
Analysis time: 88ms
Total alignments analysed: 594
Number of output alignments: 594 (100%)
Alignments already with CDR3 (no overlapping is performed): 72 (12.12%)
Successfully overlapped alignments: 0 (0%)
Left parts with too small N-region (failed to extract k-mer): 93 (15.66%)
Extracted k-mer diversity: 843
Dropped due to wildcard in k-mer: 0 (0%)
Dropped due to too short NRegion parts in overlap: 0 (0%)
Dropped overlaps with empty N region due to no complete NDN coverage: 0 (0%)
Number of left-side alignments: 252 (42.42%)
Number of right-side alignments: 177 (29.8%)
Complex overlaps: 0 (0%)
Over-overlaps: 0 (0%)
Partial alignments written to output: 522 (87.88%)

>>>>>>>>>>>>>>>>>>>>>>> mixcr extend <<<<<<<<<<<<<<<<<<<<<<<
Running:
mixcr extend --report /projects/rpci/songyao/pnfioric/arc_project/airr_calculation/tcr_quant/results/mixcr_RS-04378620.extend.report.txt --json-report /projects/rpci/songyao/pnfioric/arc_project/airr_calculation/tcr_quant/results/mixcr_RS-04378620.extend.report.json --threads 12 /projects/rpci/songyao/pnfioric/arc_project/airr_calculation/tcr_quant/results/mixcr_RS-04378620.passembled.2.vdjca /projects/rpci/songyao/pnfioric/arc_project/airr_calculation/tcr_quant/results/mixcr_RS-04378620.extended.vdjca
Extending alignments: 0%
====================== report: extend ======================
Analysis time: 9ms
Extended alignments count: 0 (0%)
V extensions total: 0 (0%)
V extensions with merged targets: 0 (0%)
J extensions total: 0 (0%)
J extensions with merged targets: 0 (0%)
V+J extensions: 0 (0%)
Mean V extension length: NaN
Mean J extension length: NaN

>>>>>>>>>>>>>>>>>>>>>> mixcr assemble <<<<<<<<<<<<<<<<<<<<<<
Running:
mixcr assemble --report /projects/rpci/songyao/pnfioric/arc_project/airr_calculation/tcr_quant/results/mixcr_RS-04378620.assemble.report.txt --json-report /projects/rpci/songyao/pnfioric/arc_project/airr_calculation/tcr_quant/results/mixcr_RS-04378620.assemble.report.json /projects/rpci/songyao/pnfioric/arc_project/airr_calculation/tcr_quant/results/mixcr_RS-04378620.extended.vdjca /projects/rpci/songyao/pnfioric/arc_project/airr_calculation/tcr_quant/results/mixcr_RS-04378620.clna
Initialization: progress unknown
Initialization: progress unknown
===================== report: assemble =====================
Analysis time: 233ms
Final clonotype count: 7
Reads used in clonotypes, percent of total: 71 (0%)
Average number of reads per clonotype: 10.14
Reads dropped due to the lack of a clone sequence, percent of total: 522 (0%)
Reads dropped due to a too short clonal sequence, percent of total: 0 (0%)
Reads dropped due to low quality, percent of total: 0 (0%)
Reads dropped due to failed mapping, percent of total: 1 (0%)
Reads dropped with low quality clones, percent of total: 0 (0%)
Aligned reads processed: 72
Reads used in clonotypes before clustering, percent of total: 71 (0%)
Number of reads used as a core, percent of used: 71 (100%)
Mapped low quality reads, percent of used: 0 (0%)
Reads clustered in PCR error correction, percent of used: 0 (0%)
Reads pre-clustered due to the similar VJC-lists, percent of used: 0 (0%)
Clonotypes dropped as low quality: 0
Clonotypes eliminated by PCR error correction: 0
Clonotypes pre-clustered due to the similar VJC-lists: 0
Clones dropped in post filtering: 0 (0%)
Reads dropped in post filtering: 0.0 (0%)
Reads filtered by tag prefix: 0 (0%)
IGH chains: 2 (28.57%)
IGH non-functional: 0 (0%)
IGK chains: 2 (28.57%)
IGK non-functional: 0 (0%)
IGL chains: 3 (42.86%)
IGL non-functional: 0 (0%)

>>>>>>>>>>>>>>>>>> mixcr assembleContigs <<<<<<<<<<<<<<<<<<
Running:
mixcr assembleContigs --report /projects/rpci/songyao/pnfioric/arc_project/airr_calculation/tcr_quant/results/mixcr_RS-04378620.assembleContigs.report.txt --json-report /projects/rpci/songyao/pnfioric/arc_project/airr_calculation/tcr_quant/results/mixcr_RS-04378620.assembleContigs.report.json --threads 12 /projects/rpci/songyao/pnfioric/arc_project/airr_calculation/tcr_quant/results/mixcr_RS-04378620.clna /projects/rpci/songyao/pnfioric/arc_project/airr_calculation/tcr_quant/results/mixcr_RS-04378620.contigs.clns
Assembling contigs: 0%
================= report: assembleContigs =================
Analysis time: 123ms
Initial clonotype count: 7
Final clonotype count: 7 (100%)
Canceled assemblies: 0 (0%)
Clones filtered out after assemble: 0 (0%)
Number of premature termination assembly events, percent of number of initial clonotypes: 0.0 (0%)
Longest contig length: 179
Clustered variants: 0 (0%)
Reads in clustered variants: 0.0 (0%)
Reads in divided (newly created) clones: 0.0 (0%)
Clones with ambiguous letters in splitting region: 0 (0%)
Reads in clones with ambiguous letters in splitting region: 0.0 (0%)
Average number of ambiguous letters per clone with ambiguous letters in splitting region: NaN
Clones combined after clustering: 0 (0%)

>>>>>>>>>>>>>>>>>>>>>>>>> mixcr qc <<<<<<<<<<<<<<<<<<<<<<<<<
Running:
mixcr qc --print-to-stdout /projects/rpci/songyao/pnfioric/arc_project/airr_calculation/tcr_quant/results/mixcr_RS-04378620.contigs.clns /projects/rpci/songyao/pnfioric/arc_project/airr_calculation/tcr_quant/results/mixcr_RS-04378620.qc.txt /projects/rpci/songyao/pnfioric/arc_project/airr_calculation/tcr_quant/results/mixcr_RS-04378620.qc.json

  Alignments dropped due to low sequence quality: 0.0% [OK]

>>>>>>>>>>>>>>>>>>>> mixcr exportClones <<<<<<<<<<<<<<<<<<<<
Running:
mixcr exportClones /projects/rpci/songyao/pnfioric/arc_project/airr_calculation/tcr_quant/results/mixcr_RS-04378620.contigs.clns /projects/rpci/songyao/pnfioric/arc_project/airr_calculation/tcr_quant/results/mixcr_RS-04378620.clones.tsv
Analysis finished successfully.
===============================
Visualize results and simplify your immune data analysis with a convenient UI.
Explore and install Platforma.bio here: https://platforma.bio
