Exporting TRB
Exporting clones: 12.5%
Filtered 8 of 227 clones (96.48%).
Filtered 21.0 of 774.0 reads (97.29%).
Exporting TRA
Exporting clones: 12.5%
Filtered 8 of 227 clones (96.48%).
Filtered 11.0 of 774.0 reads (98.58%).
Exporting IGH
Exporting clones: 1.7%
Filtered 59 of 227 clones (74.01%).
Filtered 148.0 of 774.0 reads (80.88%).
Exporting TRG
Exporting clones: 50%
Filtered 2 of 227 clones (99.12%).
Filtered 21.0 of 774.0 reads (97.29%).
Exporting IGL
Exporting clones: 2.3%
Filtered 44 of 227 clones (80.62%).
Filtered 177.0 of 774.0 reads (77.13%).
Exporting IGK
Exporting clones: 0.9%
Filtered 106 of 227 clones (53.3%).
Filtered 396.0 of 774.0 reads (48.84%).
