WARNING: sun.reflect.Reflection.getCallerClass is not supported. This will impact performance.

>>>>>>>>>>>>>>>>>>>>>>> mixcr align <<<<<<<<<<<<<<<<<<<<<<<
Running:
mixcr align --report /projects/rpci/songyao/pnfioric/arc_project/airr_calculation/tcr_quant/results/mixcr_RS-04430850.align.report.txt --json-report /projects/rpci/songyao/pnfioric/arc_project/airr_calculation/tcr_quant/results/mixcr_RS-04430850.align.report.json --threads 12 --preset rna-seq --save-output-file-names /projects/rpci/songyao/pnfioric/arc_project/airr_calculation/tcr_quant/results/mixcr_RS-04430850.align.list.tsv --species hsa /projects/rpci/songyao/pnfioric/arc_project/airr_calculation/fastq_files/RS-04430850/RS-04430850_70_RS-04057042_S62_R1_001.fastq.gz /projects/rpci/songyao/pnfioric/arc_project/airr_calculation/fastq_files/RS-04430850/RS-04430850_70_RS-04057042_S62_R2_001.fastq.gz /projects/rpci/songyao/pnfioric/arc_project/airr_calculation/tcr_quant/results/mixcr_RS-04430850.alignments.vdjca
Alignment: 0%
Alignment: 3.2%  ETA: 00:59:40
Alignment: 6.6%  ETA: 00:55:54
Alignment: 9.9%  ETA: 00:55:01
Alignment: 13.2%  ETA: 00:52:28
Alignment: 16.4%  ETA: 00:51:32
Alignment: 19.7%  ETA: 00:49:33
Alignment: 22.9%  ETA: 00:48:03
Alignment: 26.1%  ETA: 00:46:03
Alignment: 29.3%  ETA: 00:43:35
Alignment: 32.7%  ETA: 00:40:17
Alignment: 35.9%  ETA: 00:39:06
Alignment: 39.3%  ETA: 00:36:43
Alignment: 42.5%  ETA: 00:35:51
Alignment: 45.7%  ETA: 00:33:07
Alignment: 49.1%  ETA: 00:30:28
Alignment: 52.4%  ETA: 00:29:04
Alignment: 55.7%  ETA: 00:26:47
Alignment: 58.9%  ETA: 00:25:03
Alignment: 62.2%  ETA: 00:23:03
Alignment: 65.5%  ETA: 00:20:50
Alignment: 68.8%  ETA: 00:19:02
Alignment: 72.1%  ETA: 00:16:51
Alignment: 75.4%  ETA: 00:14:50
Alignment: 78.7%  ETA: 00:12:51
Alignment: 82%  ETA: 00:10:51
Alignment: 85.4%  ETA: 00:08:50
Alignment: 88.7%  ETA: 00:06:51
Alignment: 92%  ETA: 00:04:46
Alignment: 95.3%  ETA: 00:02:49
Alignment: 98.6%  ETA: 00:00:49
====================== report: align ======================
Analysis time: 60.89m
Total sequencing reads: 57399175
Successfully aligned reads: 6776 (0.01%)
Coverage (percent of successfully aligned):
  CDR3: 58 (0.86%)
  FR3_TO_FR4: 0 (0%)
  CDR2_TO_FR4: 0 (0%)
  FR2_TO_FR4: 0 (0%)
  CDR1_TO_FR4: 0 (0%)
  VDJRegion: 0 (0%)
Alignment failed: no hits (not TCR/IG?): 54951395 (95.74%)
Alignment failed: no CDR3 parts: 58448 (0.1%)
Alignment failed: low total score: 2382556 (4.15%)
Overlapped: 27612870 (48.11%)
Overlapped and aligned: 2953 (0.01%)
Overlapped and not aligned: 27609917 (48.1%)
Alignment-aided overlaps, percent of overlapped and aligned: 0 (0%)
No CDR3 parts alignments, percent of successfully aligned: 188 (2.77%)
Partial aligned reads, percent of successfully aligned: 6530 (96.37%)
V gene chimeras: 769 (0%)
J gene chimeras: 348 (0%)
Realigned with forced non-floating bound: 59572610 (103.79%)
Realigned with forced non-floating right bound in left read: 8379 (0.01%)
Realigned with forced non-floating left bound in right read: 8379 (0.01%)
TRA chains: 699 (10.32%)
TRA non-functional: 0 (0%)
TRB chains: 1813 (26.76%)
TRB non-functional: 0 (0%)
TRG chains: 23 (0.34%)
TRG non-functional: 0 (0%)
IGH chains: 1949 (28.76%)
IGH non-functional: 34 (1.74%)
TRAD chains: 1234 (18.21%)
TRAD non-functional: 0 (0%)
IGK chains: 876 (12.93%)
IGK non-functional: 0 (0%)
IGL chains: 182 (2.69%)
IGL non-functional: 24 (13.19%)
Trimming report:
  R1 reads trimmed left: 3096318 (5.39%)
  R1 reads trimmed right: 3123154 (5.44%)
  Average R1 nucleotides trimmed left: 0.9167172350473678
  Average R1 nucleotides trimmed right: 0.9733817080123538
  R2 reads trimmed left: 3037308 (5.29%)
  R2 reads trimmed right: 3064475 (5.34%)
  Average R2 nucleotides trimmed left: 0.8996138359131468
  Average R2 nucleotides trimmed right: 0.9550822812348784

>>>>>>>>>>>>>>>>>> mixcr assemblePartial <<<<<<<<<<<<<<<<<<
Running:
mixcr assemblePartial --report /projects/rpci/songyao/pnfioric/arc_project/airr_calculation/tcr_quant/results/mixcr_RS-04430850.assemblePartial.report.txt --json-report /projects/rpci/songyao/pnfioric/arc_project/airr_calculation/tcr_quant/results/mixcr_RS-04430850.assemblePartial.report.json /projects/rpci/songyao/pnfioric/arc_project/airr_calculation/tcr_quant/results/mixcr_RS-04430850.alignments.vdjca /projects/rpci/songyao/pnfioric/arc_project/airr_calculation/tcr_quant/results/mixcr_RS-04430850.passembled.1.vdjca
Building index: 0%
Searching for overlaps: 0%
================= report: assemblePartial =================
Analysis time: 290ms
Total alignments analysed: 6776
Number of output alignments: 6776 (100%)
Alignments already with CDR3 (no overlapping is performed): 58 (0.86%)
Successfully overlapped alignments: 0 (0%)
Left parts with too small N-region (failed to extract k-mer): 2537 (37.44%)
Extracted k-mer diversity: 2577
Dropped due to wildcard in k-mer: 0 (0%)
Dropped due to too short NRegion parts in overlap: 0 (0%)
Dropped overlaps with empty N region due to no complete NDN coverage: 0 (0%)
Number of left-side alignments: 1961 (28.94%)
Number of right-side alignments: 2071 (30.56%)
Complex overlaps: 0 (0%)
Over-overlaps: 0 (0%)
Partial alignments written to output: 6718 (99.14%)

>>>>>>>>>>>>>>>>>> mixcr assemblePartial <<<<<<<<<<<<<<<<<<
Running:
mixcr assemblePartial --report /projects/rpci/songyao/pnfioric/arc_project/airr_calculation/tcr_quant/results/mixcr_RS-04430850.assemblePartial.report.txt --json-report /projects/rpci/songyao/pnfioric/arc_project/airr_calculation/tcr_quant/results/mixcr_RS-04430850.assemblePartial.report.json /projects/rpci/songyao/pnfioric/arc_project/airr_calculation/tcr_quant/results/mixcr_RS-04430850.passembled.1.vdjca /projects/rpci/songyao/pnfioric/arc_project/airr_calculation/tcr_quant/results/mixcr_RS-04430850.passembled.2.vdjca
Building index: 0%
Searching for overlaps: 0%
================= report: assemblePartial =================
Analysis time: 129ms
Total alignments analysed: 6776
Number of output alignments: 6776 (100%)
Alignments already with CDR3 (no overlapping is performed): 58 (0.86%)
Successfully overlapped alignments: 0 (0%)
Left parts with too small N-region (failed to extract k-mer): 2537 (37.44%)
Extracted k-mer diversity: 2577
Dropped due to wildcard in k-mer: 0 (0%)
Dropped due to too short NRegion parts in overlap: 0 (0%)
Dropped overlaps with empty N region due to no complete NDN coverage: 0 (0%)
Number of left-side alignments: 1961 (28.94%)
Number of right-side alignments: 2071 (30.56%)
Complex overlaps: 0 (0%)
Over-overlaps: 0 (0%)
Partial alignments written to output: 6718 (99.14%)

>>>>>>>>>>>>>>>>>>>>>>> mixcr extend <<<<<<<<<<<<<<<<<<<<<<<
Running:
mixcr extend --report /projects/rpci/songyao/pnfioric/arc_project/airr_calculation/tcr_quant/results/mixcr_RS-04430850.extend.report.txt --json-report /projects/rpci/songyao/pnfioric/arc_project/airr_calculation/tcr_quant/results/mixcr_RS-04430850.extend.report.json --threads 12 /projects/rpci/songyao/pnfioric/arc_project/airr_calculation/tcr_quant/results/mixcr_RS-04430850.passembled.2.vdjca /projects/rpci/songyao/pnfioric/arc_project/airr_calculation/tcr_quant/results/mixcr_RS-04430850.extended.vdjca
Extending alignments: 0%
====================== report: extend ======================
Analysis time: 68ms
Extended alignments count: 0 (0%)
V extensions total: 0 (0%)
V extensions with merged targets: 0 (0%)
J extensions total: 0 (0%)
J extensions with merged targets: 0 (0%)
V+J extensions: 0 (0%)
Mean V extension length: NaN
Mean J extension length: NaN

>>>>>>>>>>>>>>>>>>>>>> mixcr assemble <<<<<<<<<<<<<<<<<<<<<<
Running:
mixcr assemble --report /projects/rpci/songyao/pnfioric/arc_project/airr_calculation/tcr_quant/results/mixcr_RS-04430850.assemble.report.txt --json-report /projects/rpci/songyao/pnfioric/arc_project/airr_calculation/tcr_quant/results/mixcr_RS-04430850.assemble.report.json /projects/rpci/songyao/pnfioric/arc_project/airr_calculation/tcr_quant/results/mixcr_RS-04430850.extended.vdjca /projects/rpci/songyao/pnfioric/arc_project/airr_calculation/tcr_quant/results/mixcr_RS-04430850.clna
Initialization: progress unknown
Initialization: progress unknown
===================== report: assemble =====================
Analysis time: 358ms
Final clonotype count: 2
Reads used in clonotypes, percent of total: 54 (0%)
Average number of reads per clonotype: 27
Reads dropped due to the lack of a clone sequence, percent of total: 6718 (0.01%)
Reads dropped due to a too short clonal sequence, percent of total: 0 (0%)
Reads dropped due to low quality, percent of total: 0 (0%)
Reads dropped due to failed mapping, percent of total: 3 (0%)
Reads dropped with low quality clones, percent of total: 0 (0%)
Aligned reads processed: 58
Reads used in clonotypes before clustering, percent of total: 55 (0%)
Number of reads used as a core, percent of used: 51 (92.73%)
Mapped low quality reads, percent of used: 4 (7.27%)
Reads clustered in PCR error correction, percent of used: 1 (1.82%)
Reads pre-clustered due to the similar VJC-lists, percent of used: 0 (0%)
Clonotypes dropped as low quality: 0
Clonotypes eliminated by PCR error correction: 1
Clonotypes pre-clustered due to the similar VJC-lists: 0
Clones dropped in post filtering: 0 (0%)
Reads dropped in post filtering: 0.0 (0%)
Reads filtered by tag prefix: 0 (0%)
IGH chains: 1 (50%)
IGH non-functional: 1 (100%)
IGL chains: 1 (50%)
IGL non-functional: 1 (100%)

>>>>>>>>>>>>>>>>>> mixcr assembleContigs <<<<<<<<<<<<<<<<<<
Running:
mixcr assembleContigs --report /projects/rpci/songyao/pnfioric/arc_project/airr_calculation/tcr_quant/results/mixcr_RS-04430850.assembleContigs.report.txt --json-report /projects/rpci/songyao/pnfioric/arc_project/airr_calculation/tcr_quant/results/mixcr_RS-04430850.assembleContigs.report.json --threads 12 /projects/rpci/songyao/pnfioric/arc_project/airr_calculation/tcr_quant/results/mixcr_RS-04430850.clna /projects/rpci/songyao/pnfioric/arc_project/airr_calculation/tcr_quant/results/mixcr_RS-04430850.contigs.clns
Assembling contigs: 0%
================= report: assembleContigs =================
Analysis time: 123ms
Initial clonotype count: 2
Final clonotype count: 2 (100%)
Canceled assemblies: 0 (0%)
Clones filtered out after assemble: 0 (0%)
Number of premature termination assembly events, percent of number of initial clonotypes: 0.0 (0%)
Longest contig length: 121
Clustered variants: 0 (0%)
Reads in clustered variants: 0.0 (0%)
Reads in divided (newly created) clones: 0.0 (0%)
Clones with ambiguous letters in splitting region: 0 (0%)
Reads in clones with ambiguous letters in splitting region: 0.0 (0%)
Average number of ambiguous letters per clone with ambiguous letters in splitting region: NaN
Clones combined after clustering: 0 (0%)

>>>>>>>>>>>>>>>>>>>>>>>>> mixcr qc <<<<<<<<<<<<<<<<<<<<<<<<<
Running:
mixcr qc --print-to-stdout /projects/rpci/songyao/pnfioric/arc_project/airr_calculation/tcr_quant/results/mixcr_RS-04430850.contigs.clns /projects/rpci/songyao/pnfioric/arc_project/airr_calculation/tcr_quant/results/mixcr_RS-04430850.qc.txt /projects/rpci/songyao/pnfioric/arc_project/airr_calculation/tcr_quant/results/mixcr_RS-04430850.qc.json

  Alignments dropped due to low sequence quality: 0.0% [OK]

>>>>>>>>>>>>>>>>>>>> mixcr exportClones <<<<<<<<<<<<<<<<<<<<
Running:
mixcr exportClones /projects/rpci/songyao/pnfioric/arc_project/airr_calculation/tcr_quant/results/mixcr_RS-04430850.contigs.clns /projects/rpci/songyao/pnfioric/arc_project/airr_calculation/tcr_quant/results/mixcr_RS-04430850.clones.tsv
Analysis finished successfully.
===============================
Visualize results and simplify your immune data analysis with a convenient UI.
Explore and install Platforma.bio here: https://platforma.bio
