Exporting TRB
Exporting clones: 33.3%
Filtered 3 of 115 clones (97.39%).
Filtered 20.0 of 942.0 reads (97.88%).
Exporting TRA
Exporting clones: 100%
Filtered 1 of 115 clones (99.13%).
Filtered 4.0 of 942.0 reads (99.58%).
Exporting IGH
Exporting clones: 4.2%
Filtered 24 of 115 clones (79.13%).
Filtered 155.0 of 942.0 reads (83.55%).
Exporting IGL
Exporting clones: 3.4%
Filtered 29 of 115 clones (74.78%).
Filtered 258.0 of 942.0 reads (72.61%).
Exporting IGK
Exporting clones: 1.7%
Filtered 58 of 115 clones (49.57%).
Filtered 505.0 of 942.0 reads (46.39%).
