Exporting TRB
Exporting clones: 5.6%
Filtered 18 of 1531 clones (98.82%).
Filtered 36.0 of 8146.0 reads (99.56%).
Exporting TRA
Exporting clones: 4.5%
Filtered 22 of 1531 clones (98.56%).
Filtered 35.0 of 8146.0 reads (99.57%).
Exporting IGH
Exporting clones: 0.2%
Filtered 494 of 1531 clones (67.73%).
Filtered 2072.0 of 8146.0 reads (74.56%).
Exporting TRG
Exporting clones: 22.2%
Filtered 9 of 1531 clones (99.41%).
Filtered 17.0 of 8146.0 reads (99.79%).
Exporting IGL
Exporting clones: 1%
Filtered 314 of 1531 clones (79.49%).
Filtered 1694.0 of 8146.0 reads (79.2%).
Exporting IGK
Exporting clones: 0.4%
Filtered 674 of 1531 clones (55.98%).
Filtered 4292.0 of 8146.0 reads (47.31%).
