Exporting TRB
Exporting clones: 100%
Filtered 1 of 13 clones (92.31%).
Filtered 2.0 of 18.0 reads (88.89%).
Exporting TRA
Exporting clones: 50%
Filtered 2 of 13 clones (84.62%).
Filtered 2.0 of 18.0 reads (88.89%).
Exporting IGH
Exporting clones: 25%
Filtered 4 of 13 clones (69.23%).
Filtered 4.0 of 18.0 reads (77.78%).
Exporting IGL
Exporting clones: 100%
Filtered 1 of 13 clones (92.31%).
Filtered 2.0 of 18.0 reads (88.89%).
Exporting IGK
Exporting clones: 20%
Filtered 5 of 13 clones (61.54%).
Filtered 8.0 of 18.0 reads (55.56%).
