Exporting TRB
Exporting clones: 6.7%
Filtered 15 of 1381 clones (98.91%).
Filtered 23.0 of 6790.0 reads (99.66%).
Exporting TRA
Exporting clones: 4.3%
Filtered 23 of 1381 clones (98.33%).
Filtered 34.0 of 6790.0 reads (99.5%).
Exporting IGH
Exporting clones: 0.2%
Filtered 488 of 1381 clones (64.66%).
Filtered 2156.0 of 6790.0 reads (68.25%).
Exporting TRG
Exporting clones: 25%
Filtered 4 of 1381 clones (99.71%).
Filtered 10.0 of 6790.0 reads (99.85%).
Exporting IGL
Exporting clones: 0.4%
Filtered 264 of 1381 clones (80.88%).
Filtered 1369.0 of 6790.0 reads (79.84%).
Exporting IGK
Exporting clones: 0.2%
Filtered 587 of 1381 clones (57.49%).
Filtered 3198.0 of 6790.0 reads (52.9%).
