Exporting TRB
Exporting clones: 3.6%
Filtered 28 of 913 clones (96.93%).
Filtered 41.0 of 2102.0 reads (98.05%).
Exporting TRA
Exporting clones: 3%
Filtered 33 of 913 clones (96.39%).
Filtered 55.0 of 2102.0 reads (97.38%).
Exporting IGH
Exporting clones: 0.4%
Filtered 253 of 913 clones (72.29%).
Filtered 552.0 of 2102.0 reads (73.74%).
Exporting TRG
Exporting clones: 28.6%
Filtered 14 of 913 clones (98.47%).
Filtered 22.0 of 2102.0 reads (98.95%).
Exporting IGL
Exporting clones: 1.6%
Filtered 183 of 913 clones (79.96%).
Filtered 472.0 of 2102.0 reads (77.55%).
Exporting IGK
Exporting clones: 0.5%
Filtered 402 of 913 clones (55.97%).
Filtered 960.0 of 2102.0 reads (54.33%).
