WARNING: sun.reflect.Reflection.getCallerClass is not supported. This will impact performance.

>>>>>>>>>>>>>>>>>>>>>>> mixcr align <<<<<<<<<<<<<<<<<<<<<<<
Running:
mixcr align --report /projects/rpci/songyao/pnfioric/arc_project/airr_calculation/tcr_quant/results/mixcr_RS-04056908.align.report.txt --json-report /projects/rpci/songyao/pnfioric/arc_project/airr_calculation/tcr_quant/results/mixcr_RS-04056908.align.report.json --threads 12 --preset rna-seq --save-output-file-names /projects/rpci/songyao/pnfioric/arc_project/airr_calculation/tcr_quant/results/mixcr_RS-04056908.align.list.tsv --species hsa /projects/rpci/songyao/pnfioric/arc_project/airr_calculation/fastq_files/RS-04056908/RS-04417059_62_RS-04056908_S63_R1_001.fastq.gz /projects/rpci/songyao/pnfioric/arc_project/airr_calculation/fastq_files/RS-04056908/RS-04417059_62_RS-04056908_S63_R2_001.fastq.gz /projects/rpci/songyao/pnfioric/arc_project/airr_calculation/tcr_quant/results/mixcr_RS-04056908.alignments.vdjca
Alignment: 0%
Alignment: 4.2%  ETA: 00:45:14
Alignment: 8.5%  ETA: 00:42:34
Alignment: 12.7%  ETA: 00:41:31
Alignment: 17.1%  ETA: 00:38:19
Alignment: 21.4%  ETA: 00:36:36
Alignment: 25.7%  ETA: 00:34:36
Alignment: 29.9%  ETA: 00:33:23
Alignment: 34.1%  ETA: 00:30:53
Alignment: 38.3%  ETA: 00:29:20
Alignment: 42.6%  ETA: 00:26:55
Alignment: 46.9%  ETA: 00:24:55
Alignment: 51.1%  ETA: 00:22:55
Alignment: 55.4%  ETA: 00:21:05
Alignment: 59.6%  ETA: 00:19:14
Alignment: 63.8%  ETA: 00:17:06
Alignment: 68.1%  ETA: 00:14:58
Alignment: 72.3%  ETA: 00:13:11
Alignment: 76.5%  ETA: 00:11:11
Alignment: 80.7%  ETA: 00:09:11
Alignment: 84.8%  ETA: 00:07:16
Alignment: 89.1%  ETA: 00:05:06
Alignment: 93.3%  ETA: 00:03:08
Alignment: 97.6%  ETA: 00:01:08
====================== report: align ======================
Analysis time: 47.15m
Total sequencing reads: 70292959
Successfully aligned reads: 4919 (0.01%)
Coverage (percent of successfully aligned):
  CDR3: 874 (17.77%)
  FR3_TO_FR4: 0 (0%)
  CDR2_TO_FR4: 0 (0%)
  FR2_TO_FR4: 0 (0%)
  CDR1_TO_FR4: 0 (0%)
  VDJRegion: 0 (0%)
Alignment failed: no hits (not TCR/IG?): 68664533 (97.68%)
Alignment failed: no CDR3 parts: 17697 (0.03%)
Alignment failed: low total score: 1605810 (2.28%)
Overlapped: 66074602 (94%)
Overlapped and aligned: 4346 (0.01%)
Overlapped and not aligned: 66070256 (93.99%)
Alignment-aided overlaps, percent of overlapped and aligned: 0 (0%)
No CDR3 parts alignments, percent of successfully aligned: 140 (2.85%)
Partial aligned reads, percent of successfully aligned: 3905 (79.39%)
Realigned with forced non-floating bound: 8436714 (12%)
Realigned with forced non-floating right bound in left read: 581 (0%)
Realigned with forced non-floating left bound in right read: 581 (0%)
TRA chains: 637 (12.95%)
TRA non-functional: 6 (0.94%)
TRB chains: 410 (8.34%)
TRB non-functional: 0 (0%)
TRD chains: 10 (0.2%)
TRD non-functional: 0 (0%)
TRG chains: 13 (0.26%)
TRG non-functional: 0 (0%)
IGH chains: 1310 (26.63%)
IGH non-functional: 0 (0%)
TRAD chains: 133 (2.7%)
TRAD non-functional: 0 (0%)
IGK chains: 1321 (26.86%)
IGK non-functional: 56 (4.24%)
IGL chains: 1085 (22.06%)
IGL non-functional: 0 (0%)
Trimming report:
  R1 reads trimmed left: 1143411 (1.63%)
  R1 reads trimmed right: 1178652 (1.68%)
  Average R1 nucleotides trimmed left: 0.2765210381881918
  Average R1 nucleotides trimmed right: 0.2949983226627293
  R2 reads trimmed left: 1126270 (1.6%)
  R2 reads trimmed right: 1161013 (1.65%)
  Average R2 nucleotides trimmed left: 0.2723060072062125
  Average R2 nucleotides trimmed right: 0.29044951714153905

>>>>>>>>>>>>>>>>>> mixcr assemblePartial <<<<<<<<<<<<<<<<<<
Running:
mixcr assemblePartial --report /projects/rpci/songyao/pnfioric/arc_project/airr_calculation/tcr_quant/results/mixcr_RS-04056908.assemblePartial.report.txt --json-report /projects/rpci/songyao/pnfioric/arc_project/airr_calculation/tcr_quant/results/mixcr_RS-04056908.assemblePartial.report.json /projects/rpci/songyao/pnfioric/arc_project/airr_calculation/tcr_quant/results/mixcr_RS-04056908.alignments.vdjca /projects/rpci/songyao/pnfioric/arc_project/airr_calculation/tcr_quant/results/mixcr_RS-04056908.passembled.1.vdjca
Building index: 0%
Searching for overlaps: 0%
================= report: assemblePartial =================
Analysis time: 312ms
Total alignments analysed: 4919
Number of output alignments: 4919 (100%)
Alignments already with CDR3 (no overlapping is performed): 876 (17.81%)
Successfully overlapped alignments: 0 (0%)
Left parts with too small N-region (failed to extract k-mer): 908 (18.46%)
Extracted k-mer diversity: 1047
Dropped due to wildcard in k-mer: 0 (0%)
Dropped due to too short NRegion parts in overlap: 0 (0%)
Dropped overlaps with empty N region due to no complete NDN coverage: 0 (0%)
Number of left-side alignments: 952 (19.35%)
Number of right-side alignments: 2316 (47.08%)
Complex overlaps: 0 (0%)
Over-overlaps: 0 (0%)
Partial alignments written to output: 4043 (82.19%)

>>>>>>>>>>>>>>>>>> mixcr assemblePartial <<<<<<<<<<<<<<<<<<
Running:
mixcr assemblePartial --report /projects/rpci/songyao/pnfioric/arc_project/airr_calculation/tcr_quant/results/mixcr_RS-04056908.assemblePartial.report.txt --json-report /projects/rpci/songyao/pnfioric/arc_project/airr_calculation/tcr_quant/results/mixcr_RS-04056908.assemblePartial.report.json /projects/rpci/songyao/pnfioric/arc_project/airr_calculation/tcr_quant/results/mixcr_RS-04056908.passembled.1.vdjca /projects/rpci/songyao/pnfioric/arc_project/airr_calculation/tcr_quant/results/mixcr_RS-04056908.passembled.2.vdjca
Building index: 0%
Searching for overlaps: 0%
================= report: assemblePartial =================
Analysis time: 197ms
Total alignments analysed: 4919
Number of output alignments: 4919 (100%)
Alignments already with CDR3 (no overlapping is performed): 876 (17.81%)
Successfully overlapped alignments: 0 (0%)
Left parts with too small N-region (failed to extract k-mer): 908 (18.46%)
Extracted k-mer diversity: 1047
Dropped due to wildcard in k-mer: 0 (0%)
Dropped due to too short NRegion parts in overlap: 0 (0%)
Dropped overlaps with empty N region due to no complete NDN coverage: 0 (0%)
Number of left-side alignments: 952 (19.35%)
Number of right-side alignments: 2316 (47.08%)
Complex overlaps: 0 (0%)
Over-overlaps: 0 (0%)
Partial alignments written to output: 4043 (82.19%)

>>>>>>>>>>>>>>>>>>>>>>> mixcr extend <<<<<<<<<<<<<<<<<<<<<<<
Running:
mixcr extend --report /projects/rpci/songyao/pnfioric/arc_project/airr_calculation/tcr_quant/results/mixcr_RS-04056908.extend.report.txt --json-report /projects/rpci/songyao/pnfioric/arc_project/airr_calculation/tcr_quant/results/mixcr_RS-04056908.extend.report.json --threads 12 /projects/rpci/songyao/pnfioric/arc_project/airr_calculation/tcr_quant/results/mixcr_RS-04056908.passembled.2.vdjca /projects/rpci/songyao/pnfioric/arc_project/airr_calculation/tcr_quant/results/mixcr_RS-04056908.extended.vdjca
Extending alignments: 0%
====================== report: extend ======================
Analysis time: 69ms
Extended alignments count: 0 (0%)
V extensions total: 0 (0%)
V extensions with merged targets: 0 (0%)
J extensions total: 0 (0%)
J extensions with merged targets: 0 (0%)
V+J extensions: 0 (0%)
Mean V extension length: NaN
Mean J extension length: NaN

>>>>>>>>>>>>>>>>>>>>>> mixcr assemble <<<<<<<<<<<<<<<<<<<<<<
Running:
mixcr assemble --report /projects/rpci/songyao/pnfioric/arc_project/airr_calculation/tcr_quant/results/mixcr_RS-04056908.assemble.report.txt --json-report /projects/rpci/songyao/pnfioric/arc_project/airr_calculation/tcr_quant/results/mixcr_RS-04056908.assemble.report.json /projects/rpci/songyao/pnfioric/arc_project/airr_calculation/tcr_quant/results/mixcr_RS-04056908.extended.vdjca /projects/rpci/songyao/pnfioric/arc_project/airr_calculation/tcr_quant/results/mixcr_RS-04056908.clna
Initialization: progress unknown
Initialization: progress unknown
===================== report: assemble =====================
Analysis time: 627ms
Final clonotype count: 44
Reads used in clonotypes, percent of total: 870 (0%)
Average number of reads per clonotype: 19.77
Reads dropped due to the lack of a clone sequence, percent of total: 4045 (0.01%)
Reads dropped due to a too short clonal sequence, percent of total: 0 (0%)
Reads dropped due to low quality, percent of total: 0 (0%)
Reads dropped due to failed mapping, percent of total: 4 (0%)
Reads dropped with low quality clones, percent of total: 0 (0%)
Aligned reads processed: 874
Reads used in clonotypes before clustering, percent of total: 870 (0%)
Number of reads used as a core, percent of used: 867 (99.66%)
Mapped low quality reads, percent of used: 3 (0.34%)
Reads clustered in PCR error correction, percent of used: 0 (0%)
Reads pre-clustered due to the similar VJC-lists, percent of used: 0 (0%)
Clonotypes dropped as low quality: 0
Clonotypes eliminated by PCR error correction: 0
Clonotypes pre-clustered due to the similar VJC-lists: 0
Clones dropped in post filtering: 0 (0%)
Reads dropped in post filtering: 0.0 (0%)
Reads filtered by tag prefix: 0 (0%)
TRA chains: 1 (2.27%)
TRA non-functional: 1 (100%)
IGH chains: 9 (20.45%)
IGH non-functional: 0 (0%)
IGK chains: 20 (45.45%)
IGK non-functional: 2 (10%)
IGL chains: 14 (31.82%)
IGL non-functional: 0 (0%)

>>>>>>>>>>>>>>>>>> mixcr assembleContigs <<<<<<<<<<<<<<<<<<
Running:
mixcr assembleContigs --report /projects/rpci/songyao/pnfioric/arc_project/airr_calculation/tcr_quant/results/mixcr_RS-04056908.assembleContigs.report.txt --json-report /projects/rpci/songyao/pnfioric/arc_project/airr_calculation/tcr_quant/results/mixcr_RS-04056908.assembleContigs.report.json --threads 12 /projects/rpci/songyao/pnfioric/arc_project/airr_calculation/tcr_quant/results/mixcr_RS-04056908.clna /projects/rpci/songyao/pnfioric/arc_project/airr_calculation/tcr_quant/results/mixcr_RS-04056908.contigs.clns
Assembling contigs: 0%
================= report: assembleContigs =================
Analysis time: 244ms
Initial clonotype count: 44
Final clonotype count: 44 (100%)
Canceled assemblies: 0 (0%)
Clones filtered out after assemble: 0 (0%)
Number of premature termination assembly events, percent of number of initial clonotypes: 0.0 (0%)
Longest contig length: 157
Clustered variants: 0 (0%)
Reads in clustered variants: 0.0 (0%)
Reads in divided (newly created) clones: 0.0 (0%)
Clones with ambiguous letters in splitting region: 0 (0%)
Reads in clones with ambiguous letters in splitting region: 0.0 (0%)
Average number of ambiguous letters per clone with ambiguous letters in splitting region: NaN
Clones combined after clustering: 0 (0%)

>>>>>>>>>>>>>>>>>>>>>>>>> mixcr qc <<<<<<<<<<<<<<<<<<<<<<<<<
Running:
mixcr qc --print-to-stdout /projects/rpci/songyao/pnfioric/arc_project/airr_calculation/tcr_quant/results/mixcr_RS-04056908.contigs.clns /projects/rpci/songyao/pnfioric/arc_project/airr_calculation/tcr_quant/results/mixcr_RS-04056908.qc.txt /projects/rpci/songyao/pnfioric/arc_project/airr_calculation/tcr_quant/results/mixcr_RS-04056908.qc.json

  Alignments dropped due to low sequence quality: 0.0% [OK]

>>>>>>>>>>>>>>>>>>>> mixcr exportClones <<<<<<<<<<<<<<<<<<<<
Running:
mixcr exportClones /projects/rpci/songyao/pnfioric/arc_project/airr_calculation/tcr_quant/results/mixcr_RS-04056908.contigs.clns /projects/rpci/songyao/pnfioric/arc_project/airr_calculation/tcr_quant/results/mixcr_RS-04056908.clones.tsv
Analysis finished successfully.
===============================
Visualize results and simplify your immune data analysis with a convenient UI.
Explore and install Platforma.bio here: https://platforma.bio
