Exporting TRB
Exporting clones: 33.3%
Filtered 3 of 375 clones (99.2%).
Filtered 13.0 of 3949.0 reads (99.67%).
Exporting TRA
Exporting clones: 100%
Filtered 1 of 375 clones (99.73%).
Filtered 6.0 of 3949.0 reads (99.85%).
Exporting IGH
Exporting clones: 0.9%
Filtered 109 of 375 clones (70.93%).
Filtered 1042.0 of 3949.0 reads (73.61%).
Exporting TRG
Exporting clones: 100%
Filtered 1 of 375 clones (99.73%).
Filtered 8.0 of 3949.0 reads (99.8%).
Exporting IGL
Exporting clones: 1.7%
Filtered 58 of 375 clones (84.53%).
Filtered 537.0 of 3949.0 reads (86.4%).
Exporting IGK
Exporting clones: 0.5%
Filtered 203 of 375 clones (45.87%).
Filtered 2343.0 of 3949.0 reads (40.67%).
