WARNING: sun.reflect.Reflection.getCallerClass is not supported. This will impact performance.

>>>>>>>>>>>>>>>>>>>>>>> mixcr align <<<<<<<<<<<<<<<<<<<<<<<
Running:
mixcr align --report /projects/rpci/songyao/pnfioric/arc_project/airr_calculation/tcr_quant/results/mixcr_RS-04367472.align.report.txt --json-report /projects/rpci/songyao/pnfioric/arc_project/airr_calculation/tcr_quant/results/mixcr_RS-04367472.align.report.json --threads 12 --preset rna-seq --save-output-file-names /projects/rpci/songyao/pnfioric/arc_project/airr_calculation/tcr_quant/results/mixcr_RS-04367472.align.list.tsv --species hsa /projects/rpci/songyao/pnfioric/arc_project/airr_calculation/fastq_files/RS-04367472/RS-04367472_SFOS10015055-B3_RS-03831724_S138_R1_001.fastq.gz /projects/rpci/songyao/pnfioric/arc_project/airr_calculation/fastq_files/RS-04367472/RS-04367472_SFOS10015055-B3_RS-03831724_S138_R2_001.fastq.gz /projects/rpci/songyao/pnfioric/arc_project/airr_calculation/tcr_quant/results/mixcr_RS-04367472.alignments.vdjca
Alignment: 0%
Alignment: 4%  ETA: 00:48:23
Alignment: 8.2%  ETA: 00:43:33
Alignment: 12.5%  ETA: 00:40:56
Alignment: 16.6%  ETA: 00:40:27
Alignment: 20.8%  ETA: 00:37:51
Alignment: 25%  ETA: 00:35:18
Alignment: 29.1%  ETA: 00:34:38
Alignment: 33.3%  ETA: 00:32:07
Alignment: 37.4%  ETA: 00:30:07
Alignment: 41.5%  ETA: 00:28:21
Alignment: 45.6%  ETA: 00:26:34
Alignment: 49.7%  ETA: 00:24:33
Alignment: 53.8%  ETA: 00:22:33
Alignment: 58%  ETA: 00:20:23
Alignment: 62%  ETA: 00:18:42
Alignment: 66%  ETA: 00:16:59
Alignment: 70.1%  ETA: 00:14:36
Alignment: 74.2%  ETA: 00:12:43
Alignment: 78.3%  ETA: 00:10:31
Alignment: 82.4%  ETA: 00:08:31
Alignment: 86.6%  ETA: 00:06:24
Alignment: 90.7%  ETA: 00:04:29
Alignment: 94.8%  ETA: 00:02:31
Alignment: 98.9%  ETA: 00:00:30
====================== report: align ======================
Analysis time: 48.55m
Total sequencing reads: 62573024
Successfully aligned reads: 58431 (0.09%)
Coverage (percent of successfully aligned):
  CDR3: 17512 (29.97%)
  FR3_TO_FR4: 92 (0.16%)
  CDR2_TO_FR4: 39 (0.07%)
  FR2_TO_FR4: 0 (0%)
  CDR1_TO_FR4: 4 (0.01%)
  VDJRegion: 0 (0%)
Alignment failed: no hits (not TCR/IG?): 60884554 (97.3%)
Alignment failed after alignment-aided overlap: 1 (0%)
Alignment failed: no CDR3 parts: 129289 (0.21%)
Alignment failed: low total score: 1500749 (2.4%)
Overlapped: 56410166 (90.15%)
Overlapped and aligned: 55988 (0.09%)
Overlapped and not aligned: 56354178 (90.06%)
Alignment-aided overlaps, percent of overlapped and aligned: 1051 (1.88%)
No CDR3 parts alignments, percent of successfully aligned: 1189 (2.03%)
Partial aligned reads, percent of successfully aligned: 39730 (67.99%)
V gene chimeras: 10 (0%)
J gene chimeras: 22 (0%)
Paired-end alignment conflicts eliminated: 1 (0%)
Realigned with forced non-floating bound: 12327818 (19.7%)
Realigned with forced non-floating right bound in left read: 1329 (0%)
Realigned with forced non-floating left bound in right read: 1329 (0%)
TRA chains: 3148 (5.39%)
TRA non-functional: 18 (0.57%)
TRB chains: 1215 (2.08%)
TRB non-functional: 0 (0%)
TRD chains: 40 (0.07%)
TRD non-functional: 0 (0%)
TRG chains: 146 (0.25%)
TRG non-functional: 11 (7.53%)
IGH chains: 19461 (33.31%)
IGH non-functional: 72 (0.37%)
TRAD chains: 92 (0.16%)
TRAD non-functional: 0 (0%)
IGK chains: 18543 (31.73%)
IGK non-functional: 385 (2.08%)
IGL chains: 15786 (27.02%)
IGL non-functional: 74 (0.47%)
Trimming report:
  R1 reads trimmed left: 167689 (0.27%)
  R1 reads trimmed right: 170202 (0.27%)
  Average R1 nucleotides trimmed left: 0.045558370329041475
  Average R1 nucleotides trimmed right: 0.04849048049843332
  R2 reads trimmed left: 168393 (0.27%)
  R2 reads trimmed right: 170649 (0.27%)
  Average R2 nucleotides trimmed left: 0.04528513756982562
  Average R2 nucleotides trimmed right: 0.04923874224138504

>>>>>>>>>>>>>>>>>> mixcr assemblePartial <<<<<<<<<<<<<<<<<<
Running:
mixcr assemblePartial --report /projects/rpci/songyao/pnfioric/arc_project/airr_calculation/tcr_quant/results/mixcr_RS-04367472.assemblePartial.report.txt --json-report /projects/rpci/songyao/pnfioric/arc_project/airr_calculation/tcr_quant/results/mixcr_RS-04367472.assemblePartial.report.json /projects/rpci/songyao/pnfioric/arc_project/airr_calculation/tcr_quant/results/mixcr_RS-04367472.alignments.vdjca /projects/rpci/songyao/pnfioric/arc_project/airr_calculation/tcr_quant/results/mixcr_RS-04367472.passembled.1.vdjca
Building index: 0%
Searching for overlaps: 0%
Searching for overlaps: 24.3%  ETA: 00:00:03
Searching for overlaps: 57.1%  ETA: 00:00:01
Searching for overlaps: 81.5%  ETA: 00:00:00
================= report: assemblePartial =================
Analysis time: 3.88s
Total alignments analysed: 58431
Number of output alignments: 57545 (98.48%)
Alignments already with CDR3 (no overlapping is performed): 18227 (31.19%)
Successfully overlapped alignments: 886 (1.52%)
Left parts with too small N-region (failed to extract k-mer): 12460 (21.32%)
Extracted k-mer diversity: 18083
Dropped due to wildcard in k-mer: 0 (0%)
Dropped due to too short NRegion parts in overlap: 1234 (2.11%)
Dropped overlaps with empty N region due to no complete NDN coverage: 35 (0.06%)
Number of left-side alignments: 7010 (12%)
Number of right-side alignments: 20842 (35.67%)
Complex overlaps: 0 (0%)
Over-overlaps: 0 (0%)
Partial alignments written to output: 38432 (65.77%)

>>>>>>>>>>>>>>>>>> mixcr assemblePartial <<<<<<<<<<<<<<<<<<
Running:
mixcr assemblePartial --report /projects/rpci/songyao/pnfioric/arc_project/airr_calculation/tcr_quant/results/mixcr_RS-04367472.assemblePartial.report.txt --json-report /projects/rpci/songyao/pnfioric/arc_project/airr_calculation/tcr_quant/results/mixcr_RS-04367472.assemblePartial.report.json /projects/rpci/songyao/pnfioric/arc_project/airr_calculation/tcr_quant/results/mixcr_RS-04367472.passembled.1.vdjca /projects/rpci/songyao/pnfioric/arc_project/airr_calculation/tcr_quant/results/mixcr_RS-04367472.passembled.2.vdjca
Building index: 0%
Searching for overlaps: 0%
Searching for overlaps: 51.6%  ETA: 00:00:00
================= report: assemblePartial =================
Analysis time: 1.89s
Total alignments analysed: 57545
Number of output alignments: 57542 (99.99%)
Alignments already with CDR3 (no overlapping is performed): 19111 (33.21%)
Successfully overlapped alignments: 3 (0.01%)
Left parts with too small N-region (failed to extract k-mer): 12456 (21.65%)
Extracted k-mer diversity: 17230
Dropped due to wildcard in k-mer: 0 (0%)
Dropped due to too short NRegion parts in overlap: 1117 (1.94%)
Dropped overlaps with empty N region due to no complete NDN coverage: 34 (0.06%)
Number of left-side alignments: 6122 (10.64%)
Number of right-side alignments: 19953 (34.67%)
Complex overlaps: 0 (0%)
Over-overlaps: 0 (0%)
Partial alignments written to output: 38428 (66.78%)

>>>>>>>>>>>>>>>>>>>>>>> mixcr extend <<<<<<<<<<<<<<<<<<<<<<<
Running:
mixcr extend --report /projects/rpci/songyao/pnfioric/arc_project/airr_calculation/tcr_quant/results/mixcr_RS-04367472.extend.report.txt --json-report /projects/rpci/songyao/pnfioric/arc_project/airr_calculation/tcr_quant/results/mixcr_RS-04367472.extend.report.json --threads 12 /projects/rpci/songyao/pnfioric/arc_project/airr_calculation/tcr_quant/results/mixcr_RS-04367472.passembled.2.vdjca /projects/rpci/songyao/pnfioric/arc_project/airr_calculation/tcr_quant/results/mixcr_RS-04367472.extended.vdjca
Extending alignments: 0%
====================== report: extend ======================
Analysis time: 680ms
Extended alignments count: 20 (0.03%)
V extensions total: 4 (0.01%)
V extensions with merged targets: 0 (0%)
J extensions total: 16 (0.03%)
J extensions with merged targets: 0 (0%)
V+J extensions: 0 (0%)
Mean V extension length: 3.5
Mean J extension length: 12.1875

>>>>>>>>>>>>>>>>>>>>>> mixcr assemble <<<<<<<<<<<<<<<<<<<<<<
Running:
mixcr assemble --report /projects/rpci/songyao/pnfioric/arc_project/airr_calculation/tcr_quant/results/mixcr_RS-04367472.assemble.report.txt --json-report /projects/rpci/songyao/pnfioric/arc_project/airr_calculation/tcr_quant/results/mixcr_RS-04367472.assemble.report.json /projects/rpci/songyao/pnfioric/arc_project/airr_calculation/tcr_quant/results/mixcr_RS-04367472.extended.vdjca /projects/rpci/songyao/pnfioric/arc_project/airr_calculation/tcr_quant/results/mixcr_RS-04367472.clna
Initialization: progress unknown
Building clones: 1%
Building clones: 85.8%  ETA: 00:00:00
Initialization: progress unknown
Writing alignments: 3.3%
Writing alignments: 82.2%  ETA: 00:00:00
Writing alignments: 95.6%  ETA: 00:00:00
===================== report: assemble =====================
Analysis time: 2.93s
Final clonotype count: 2297
Reads used in clonotypes, percent of total: 18817 (0.03%)
Average number of reads per clonotype: 8.19
Reads dropped due to the lack of a clone sequence, percent of total: 39125 (0.06%)
Reads dropped due to a too short clonal sequence, percent of total: 0 (0%)
Reads dropped due to low quality, percent of total: 0 (0%)
Reads dropped due to failed mapping, percent of total: 209 (0%)
Reads dropped with low quality clones, percent of total: 0 (0%)
Aligned reads processed: 19306
Reads used in clonotypes before clustering, percent of total: 19097 (0.03%)
Number of reads used as a core, percent of used: 18890 (98.92%)
Mapped low quality reads, percent of used: 207 (1.08%)
Reads clustered in PCR error correction, percent of used: 280 (1.47%)
Reads pre-clustered due to the similar VJC-lists, percent of used: 0 (0%)
Clonotypes dropped as low quality: 0
Clonotypes eliminated by PCR error correction: 222
Clonotypes pre-clustered due to the similar VJC-lists: 0
Clones dropped in post filtering: 0 (0%)
Reads dropped in post filtering: 0.0 (0%)
Reads filtered by tag prefix: 0 (0%)
TRA chains: 56 (2.44%)
TRA non-functional: 9 (16.07%)
TRB chains: 43 (1.87%)
TRB non-functional: 0 (0%)
TRD chains: 1 (0.04%)
TRD non-functional: 0 (0%)
TRG chains: 14 (0.61%)
TRG non-functional: 8 (57.14%)
IGH chains: 739 (32.17%)
IGH non-functional: 28 (3.79%)
IGK chains: 918 (39.97%)
IGK non-functional: 92 (10.02%)
IGL chains: 526 (22.9%)
IGL non-functional: 33 (6.27%)

>>>>>>>>>>>>>>>>>> mixcr assembleContigs <<<<<<<<<<<<<<<<<<
Running:
mixcr assembleContigs --report /projects/rpci/songyao/pnfioric/arc_project/airr_calculation/tcr_quant/results/mixcr_RS-04367472.assembleContigs.report.txt --json-report /projects/rpci/songyao/pnfioric/arc_project/airr_calculation/tcr_quant/results/mixcr_RS-04367472.assembleContigs.report.json --threads 12 /projects/rpci/songyao/pnfioric/arc_project/airr_calculation/tcr_quant/results/mixcr_RS-04367472.clna /projects/rpci/songyao/pnfioric/arc_project/airr_calculation/tcr_quant/results/mixcr_RS-04367472.contigs.clns
Assembling contigs: 0%
Assembling contigs: 23.1%  ETA: 00:00:03
================= report: assembleContigs =================
Analysis time: 2.01s
Initial clonotype count: 2297
Final clonotype count: 2297 (100%)
Canceled assemblies: 0 (0%)
Clones filtered out after assemble: 0 (0%)
Number of premature termination assembly events, percent of number of initial clonotypes: 0.0 (0%)
Longest contig length: 396
Clustered variants: 0 (0%)
Reads in clustered variants: 0.0 (0%)
Reads in divided (newly created) clones: 0.0 (0%)
Clones with ambiguous letters in splitting region: 0 (0%)
Reads in clones with ambiguous letters in splitting region: 0.0 (0%)
Average number of ambiguous letters per clone with ambiguous letters in splitting region: NaN
Clones combined after clustering: 0 (0%)

>>>>>>>>>>>>>>>>>>>>>>>>> mixcr qc <<<<<<<<<<<<<<<<<<<<<<<<<
Running:
mixcr qc --print-to-stdout /projects/rpci/songyao/pnfioric/arc_project/airr_calculation/tcr_quant/results/mixcr_RS-04367472.contigs.clns /projects/rpci/songyao/pnfioric/arc_project/airr_calculation/tcr_quant/results/mixcr_RS-04367472.qc.txt /projects/rpci/songyao/pnfioric/arc_project/airr_calculation/tcr_quant/results/mixcr_RS-04367472.qc.json

  Alignments dropped due to low sequence quality: 0.0% [OK]

>>>>>>>>>>>>>>>>>>>> mixcr exportClones <<<<<<<<<<<<<<<<<<<<
Running:
mixcr exportClones /projects/rpci/songyao/pnfioric/arc_project/airr_calculation/tcr_quant/results/mixcr_RS-04367472.contigs.clns /projects/rpci/songyao/pnfioric/arc_project/airr_calculation/tcr_quant/results/mixcr_RS-04367472.clones.tsv
Analysis finished successfully.
===============================
Visualize results and simplify your immune data analysis with a convenient UI.
Explore and install Platforma.bio here: https://platforma.bio
