WARNING: sun.reflect.Reflection.getCallerClass is not supported. This will impact performance.

>>>>>>>>>>>>>>>>>>>>>>> mixcr align <<<<<<<<<<<<<<<<<<<<<<<
Running:
mixcr align --report /projects/rpci/songyao/pnfioric/arc_project/airr_calculation/tcr_quant/results/mixcr_RS-04367448.align.report.txt --json-report /projects/rpci/songyao/pnfioric/arc_project/airr_calculation/tcr_quant/results/mixcr_RS-04367448.align.report.json --threads 12 --preset rna-seq --save-output-file-names /projects/rpci/songyao/pnfioric/arc_project/airr_calculation/tcr_quant/results/mixcr_RS-04367448.align.list.tsv --species hsa /projects/rpci/songyao/pnfioric/arc_project/airr_calculation/fastq_files/RS-04367448/RS-04367448_AABC0231_RS-04247174_S114_R1_001.fastq.gz /projects/rpci/songyao/pnfioric/arc_project/airr_calculation/fastq_files/RS-04367448/RS-04367448_AABC0231_RS-04247174_S114_R2_001.fastq.gz /projects/rpci/songyao/pnfioric/arc_project/airr_calculation/tcr_quant/results/mixcr_RS-04367448.alignments.vdjca
Alignment: 0%
Alignment: 3.3%  ETA: 00:58:06
Alignment: 6.7%  ETA: 00:55:09
Alignment: 10.1%  ETA: 00:52:43
Alignment: 13.5%  ETA: 00:50:43
Alignment: 16.9%  ETA: 00:49:33
Alignment: 20.2%  ETA: 00:47:57
Alignment: 23.6%  ETA: 00:44:48
Alignment: 27%  ETA: 00:43:54
Alignment: 30.2%  ETA: 00:42:38
Alignment: 33.6%  ETA: 00:39:15
Alignment: 37%  ETA: 00:37:15
Alignment: 40.3%  ETA: 00:36:11
Alignment: 43.6%  ETA: 00:34:11
Alignment: 46.9%  ETA: 00:31:38
Alignment: 50.2%  ETA: 00:30:09
Alignment: 53.6%  ETA: 00:27:54
Alignment: 56.9%  ETA: 00:25:54
Alignment: 60.2%  ETA: 00:24:07
Alignment: 63.5%  ETA: 00:22:19
Alignment: 66.8%  ETA: 00:19:57
Alignment: 70.1%  ETA: 00:18:17
Alignment: 73.3%  ETA: 00:16:17
Alignment: 76.6%  ETA: 00:14:09
Alignment: 79.9%  ETA: 00:12:23
Alignment: 83.2%  ETA: 00:09:59
Alignment: 86.6%  ETA: 00:07:54
Alignment: 89.9%  ETA: 00:06:06
Alignment: 93.2%  ETA: 00:04:06
Alignment: 96.6%  ETA: 00:02:00
Alignment: 100%  ETA: 00:00:01
====================== report: align ======================
Analysis time: 60.07m
Total sequencing reads: 72948651
Successfully aligned reads: 4276 (0.01%)
Coverage (percent of successfully aligned):
  CDR3: 93 (2.17%)
  FR3_TO_FR4: 0 (0%)
  CDR2_TO_FR4: 0 (0%)
  FR2_TO_FR4: 0 (0%)
  CDR1_TO_FR4: 0 (0%)
  VDJRegion: 0 (0%)
Alignment failed: no hits (not TCR/IG?): 70666497 (96.87%)
Alignment failed after alignment-aided overlap: 1 (0%)
Alignment failed: no CDR3 parts: 26216 (0.04%)
Alignment failed: low total score: 2251661 (3.09%)
Overlapped: 61751216 (84.65%)
Overlapped and aligned: 3277 (0%)
Overlapped and not aligned: 61747939 (84.65%)
Alignment-aided overlaps, percent of overlapped and aligned: 708 (21.61%)
No CDR3 parts alignments, percent of successfully aligned: 3 (0.07%)
Partial aligned reads, percent of successfully aligned: 4180 (97.75%)
V gene chimeras: 166 (0%)
Paired-end alignment conflicts eliminated: 1 (0%)
Realigned with forced non-floating bound: 22396286 (30.7%)
Realigned with forced non-floating right bound in left read: 1381 (0%)
Realigned with forced non-floating left bound in right read: 1381 (0%)
TRA chains: 868 (20.3%)
TRA non-functional: 0 (0%)
TRB chains: 835 (19.53%)
TRB non-functional: 0 (0%)
IGH chains: 1310 (30.64%)
IGH non-functional: 0 (0%)
TRAD chains: 521 (12.18%)
TRAD non-functional: 0 (0%)
IGK chains: 267 (6.24%)
IGK non-functional: 10 (3.75%)
IGL chains: 475 (11.11%)
IGL non-functional: 0 (0%)
Trimming report:
  R1 reads trimmed left: 1974686 (2.71%)
  R1 reads trimmed right: 2012767 (2.76%)
  Average R1 nucleotides trimmed left: 0.46018001073111003
  Average R1 nucleotides trimmed right: 0.4901640607445914
  R2 reads trimmed left: 1948337 (2.67%)
  R2 reads trimmed right: 1985884 (2.72%)
  Average R2 nucleotides trimmed left: 0.45358528974031337
  Average R2 nucleotides trimmed right: 0.48414044010217544

>>>>>>>>>>>>>>>>>> mixcr assemblePartial <<<<<<<<<<<<<<<<<<
Running:
mixcr assemblePartial --report /projects/rpci/songyao/pnfioric/arc_project/airr_calculation/tcr_quant/results/mixcr_RS-04367448.assemblePartial.report.txt --json-report /projects/rpci/songyao/pnfioric/arc_project/airr_calculation/tcr_quant/results/mixcr_RS-04367448.assemblePartial.report.json /projects/rpci/songyao/pnfioric/arc_project/airr_calculation/tcr_quant/results/mixcr_RS-04367448.alignments.vdjca /projects/rpci/songyao/pnfioric/arc_project/airr_calculation/tcr_quant/results/mixcr_RS-04367448.passembled.1.vdjca
Building index: 0%
Searching for overlaps: 0%
================= report: assemblePartial =================
Analysis time: 271ms
Total alignments analysed: 4276
Number of output alignments: 4276 (100%)
Alignments already with CDR3 (no overlapping is performed): 93 (2.17%)
Successfully overlapped alignments: 0 (0%)
Left parts with too small N-region (failed to extract k-mer): 398 (9.31%)
Extracted k-mer diversity: 1400
Dropped due to wildcard in k-mer: 0 (0%)
Dropped due to too short NRegion parts in overlap: 0 (0%)
Dropped overlaps with empty N region due to no complete NDN coverage: 0 (0%)
Number of left-side alignments: 2633 (61.58%)
Number of right-side alignments: 1152 (26.94%)
Complex overlaps: 0 (0%)
Over-overlaps: 0 (0%)
Partial alignments written to output: 4183 (97.83%)

>>>>>>>>>>>>>>>>>> mixcr assemblePartial <<<<<<<<<<<<<<<<<<
Running:
mixcr assemblePartial --report /projects/rpci/songyao/pnfioric/arc_project/airr_calculation/tcr_quant/results/mixcr_RS-04367448.assemblePartial.report.txt --json-report /projects/rpci/songyao/pnfioric/arc_project/airr_calculation/tcr_quant/results/mixcr_RS-04367448.assemblePartial.report.json /projects/rpci/songyao/pnfioric/arc_project/airr_calculation/tcr_quant/results/mixcr_RS-04367448.passembled.1.vdjca /projects/rpci/songyao/pnfioric/arc_project/airr_calculation/tcr_quant/results/mixcr_RS-04367448.passembled.2.vdjca
Building index: 0%
Searching for overlaps: 0.2%
================= report: assemblePartial =================
Analysis time: 106ms
Total alignments analysed: 4276
Number of output alignments: 4276 (100%)
Alignments already with CDR3 (no overlapping is performed): 93 (2.17%)
Successfully overlapped alignments: 0 (0%)
Left parts with too small N-region (failed to extract k-mer): 398 (9.31%)
Extracted k-mer diversity: 1400
Dropped due to wildcard in k-mer: 0 (0%)
Dropped due to too short NRegion parts in overlap: 0 (0%)
Dropped overlaps with empty N region due to no complete NDN coverage: 0 (0%)
Number of left-side alignments: 2633 (61.58%)
Number of right-side alignments: 1152 (26.94%)
Complex overlaps: 0 (0%)
Over-overlaps: 0 (0%)
Partial alignments written to output: 4183 (97.83%)

>>>>>>>>>>>>>>>>>>>>>>> mixcr extend <<<<<<<<<<<<<<<<<<<<<<<
Running:
mixcr extend --report /projects/rpci/songyao/pnfioric/arc_project/airr_calculation/tcr_quant/results/mixcr_RS-04367448.extend.report.txt --json-report /projects/rpci/songyao/pnfioric/arc_project/airr_calculation/tcr_quant/results/mixcr_RS-04367448.extend.report.json --threads 12 /projects/rpci/songyao/pnfioric/arc_project/airr_calculation/tcr_quant/results/mixcr_RS-04367448.passembled.2.vdjca /projects/rpci/songyao/pnfioric/arc_project/airr_calculation/tcr_quant/results/mixcr_RS-04367448.extended.vdjca
Extending alignments: 0%
====================== report: extend ======================
Analysis time: 38ms
Extended alignments count: 0 (0%)
V extensions total: 0 (0%)
V extensions with merged targets: 0 (0%)
J extensions total: 0 (0%)
J extensions with merged targets: 0 (0%)
V+J extensions: 0 (0%)
Mean V extension length: NaN
Mean J extension length: NaN

>>>>>>>>>>>>>>>>>>>>>> mixcr assemble <<<<<<<<<<<<<<<<<<<<<<
Running:
mixcr assemble --report /projects/rpci/songyao/pnfioric/arc_project/airr_calculation/tcr_quant/results/mixcr_RS-04367448.assemble.report.txt --json-report /projects/rpci/songyao/pnfioric/arc_project/airr_calculation/tcr_quant/results/mixcr_RS-04367448.assemble.report.json /projects/rpci/songyao/pnfioric/arc_project/airr_calculation/tcr_quant/results/mixcr_RS-04367448.extended.vdjca /projects/rpci/songyao/pnfioric/arc_project/airr_calculation/tcr_quant/results/mixcr_RS-04367448.clna
Initialization: progress unknown
Initialization: progress unknown
===================== report: assemble =====================
Analysis time: 377ms
Final clonotype count: 5
Reads used in clonotypes, percent of total: 91 (0%)
Average number of reads per clonotype: 18.2
Reads dropped due to the lack of a clone sequence, percent of total: 4183 (0.01%)
Reads dropped due to a too short clonal sequence, percent of total: 0 (0%)
Reads dropped due to low quality, percent of total: 0 (0%)
Reads dropped due to failed mapping, percent of total: 1 (0%)
Reads dropped with low quality clones, percent of total: 0 (0%)
Aligned reads processed: 93
Reads used in clonotypes before clustering, percent of total: 92 (0%)
Number of reads used as a core, percent of used: 92 (100%)
Mapped low quality reads, percent of used: 0 (0%)
Reads clustered in PCR error correction, percent of used: 1 (1.09%)
Reads pre-clustered due to the similar VJC-lists, percent of used: 0 (0%)
Clonotypes dropped as low quality: 0
Clonotypes eliminated by PCR error correction: 1
Clonotypes pre-clustered due to the similar VJC-lists: 0
Clones dropped in post filtering: 0 (0%)
Reads dropped in post filtering: 0.0 (0%)
Reads filtered by tag prefix: 0 (0%)
IGH chains: 1 (20%)
IGH non-functional: 0 (0%)
IGK chains: 3 (60%)
IGK non-functional: 1 (33.33%)
IGL chains: 1 (20%)
IGL non-functional: 0 (0%)

>>>>>>>>>>>>>>>>>> mixcr assembleContigs <<<<<<<<<<<<<<<<<<
Running:
mixcr assembleContigs --report /projects/rpci/songyao/pnfioric/arc_project/airr_calculation/tcr_quant/results/mixcr_RS-04367448.assembleContigs.report.txt --json-report /projects/rpci/songyao/pnfioric/arc_project/airr_calculation/tcr_quant/results/mixcr_RS-04367448.assembleContigs.report.json --threads 12 /projects/rpci/songyao/pnfioric/arc_project/airr_calculation/tcr_quant/results/mixcr_RS-04367448.clna /projects/rpci/songyao/pnfioric/arc_project/airr_calculation/tcr_quant/results/mixcr_RS-04367448.contigs.clns
Assembling contigs: 0%
================= report: assembleContigs =================
Analysis time: 132ms
Initial clonotype count: 5
Final clonotype count: 5 (100%)
Canceled assemblies: 0 (0%)
Clones filtered out after assemble: 0 (0%)
Number of premature termination assembly events, percent of number of initial clonotypes: 0.0 (0%)
Longest contig length: 109
Clustered variants: 0 (0%)
Reads in clustered variants: 0.0 (0%)
Reads in divided (newly created) clones: 0.0 (0%)
Clones with ambiguous letters in splitting region: 0 (0%)
Reads in clones with ambiguous letters in splitting region: 0.0 (0%)
Average number of ambiguous letters per clone with ambiguous letters in splitting region: NaN
Clones combined after clustering: 0 (0%)

>>>>>>>>>>>>>>>>>>>>>>>>> mixcr qc <<<<<<<<<<<<<<<<<<<<<<<<<
Running:
mixcr qc --print-to-stdout /projects/rpci/songyao/pnfioric/arc_project/airr_calculation/tcr_quant/results/mixcr_RS-04367448.contigs.clns /projects/rpci/songyao/pnfioric/arc_project/airr_calculation/tcr_quant/results/mixcr_RS-04367448.qc.txt /projects/rpci/songyao/pnfioric/arc_project/airr_calculation/tcr_quant/results/mixcr_RS-04367448.qc.json

  Alignments dropped due to low sequence quality: 0.0% [OK]

>>>>>>>>>>>>>>>>>>>> mixcr exportClones <<<<<<<<<<<<<<<<<<<<
Running:
mixcr exportClones /projects/rpci/songyao/pnfioric/arc_project/airr_calculation/tcr_quant/results/mixcr_RS-04367448.contigs.clns /projects/rpci/songyao/pnfioric/arc_project/airr_calculation/tcr_quant/results/mixcr_RS-04367448.clones.tsv
Analysis finished successfully.
===============================
Visualize results and simplify your immune data analysis with a convenient UI.
Explore and install Platforma.bio here: https://platforma.bio
