Exporting TRB
Exporting clones: 100%
Filtered 1 of 1438 clones (99.93%).
Filtered 2.0 of 3447.0 reads (99.94%).
Exporting TRA
Exporting clones: 33.3%
Filtered 3 of 1438 clones (99.79%).
Filtered 4.0 of 3447.0 reads (99.88%).
Exporting IGH
Exporting clones: 0.2%
Filtered 441 of 1438 clones (69.33%).
Filtered 990.0 of 3447.0 reads (71.28%).
Exporting IGL
Exporting clones: 0.8%
Filtered 353 of 1438 clones (75.45%).
Filtered 840.0 of 3447.0 reads (75.63%).
Exporting IGK
Exporting clones: 0.2%
Filtered 640 of 1438 clones (55.49%).
Filtered 1611.0 of 3447.0 reads (53.26%).
