WARNING: sun.reflect.Reflection.getCallerClass is not supported. This will impact performance.

>>>>>>>>>>>>>>>>>>>>>>> mixcr align <<<<<<<<<<<<<<<<<<<<<<<
Running:
mixcr align --report /projects/rpci/songyao/pnfioric/arc_project/airr_calculation/tcr_quant/results/mixcr_RS-03756156.align.report.txt --json-report /projects/rpci/songyao/pnfioric/arc_project/airr_calculation/tcr_quant/results/mixcr_RS-03756156.align.report.json --threads 12 --preset rna-seq --save-output-file-names /projects/rpci/songyao/pnfioric/arc_project/airr_calculation/tcr_quant/results/mixcr_RS-03756156.align.list.tsv --species hsa /projects/rpci/songyao/pnfioric/arc_project/airr_calculation/fastq_files/RS-03756156/RS-04417073_SFOS07014311-A8_RS-03756156_S77_R1_001.fastq.gz /projects/rpci/songyao/pnfioric/arc_project/airr_calculation/fastq_files/RS-03756156/RS-04417073_SFOS07014311-A8_RS-03756156_S77_R2_001.fastq.gz /projects/rpci/songyao/pnfioric/arc_project/airr_calculation/tcr_quant/results/mixcr_RS-03756156.alignments.vdjca
Alignment: 0%
Alignment: 3.7%  ETA: 00:52:35
Alignment: 7.4%  ETA: 00:49:41
Alignment: 11.1%  ETA: 00:48:06
Alignment: 14.8%  ETA: 00:46:06
Alignment: 18.6%  ETA: 00:42:56
Alignment: 22.3%  ETA: 00:41:18
Alignment: 26.1%  ETA: 00:39:39
Alignment: 29.8%  ETA: 00:37:39
Alignment: 33.5%  ETA: 00:35:59
Alignment: 37.2%  ETA: 00:33:40
Alignment: 40.9%  ETA: 00:31:58
Alignment: 44.7%  ETA: 00:29:25
Alignment: 48.4%  ETA: 00:27:40
Alignment: 52.1%  ETA: 00:25:40
Alignment: 55.9%  ETA: 00:23:40
Alignment: 59.5%  ETA: 00:22:05
Alignment: 63.3%  ETA: 00:19:42
Alignment: 67%  ETA: 00:17:42
Alignment: 70.7%  ETA: 00:15:42
Alignment: 74.4%  ETA: 00:13:42
Alignment: 78.1%  ETA: 00:11:49
Alignment: 81.8%  ETA: 00:09:49
Alignment: 85.6%  ETA: 00:07:39
Alignment: 89.3%  ETA: 00:05:47
Alignment: 93%  ETA: 00:03:41
Alignment: 96.8%  ETA: 00:01:41
====================== report: align ======================
Analysis time: 53.74m
Total sequencing reads: 60751109
Successfully aligned reads: 8160 (0.01%)
Coverage (percent of successfully aligned):
  CDR3: 2073 (25.4%)
  FR3_TO_FR4: 25 (0.31%)
  CDR2_TO_FR4: 2 (0.02%)
  FR2_TO_FR4: 0 (0%)
  CDR1_TO_FR4: 0 (0%)
  VDJRegion: 0 (0%)
Alignment failed: no hits (not TCR/IG?): 59009844 (97.13%)
Alignment failed: no CDR3 parts: 30231 (0.05%)
Alignment failed: low total score: 1702874 (2.8%)
Overlapped: 56217387 (92.54%)
Overlapped and aligned: 7767 (0.01%)
Overlapped and not aligned: 56209620 (92.52%)
Alignment-aided overlaps, percent of overlapped and aligned: 88 (1.13%)
No CDR3 parts alignments, percent of successfully aligned: 169 (2.07%)
Partial aligned reads, percent of successfully aligned: 5918 (72.52%)
J gene chimeras: 5 (0%)
Realigned with forced non-floating bound: 9067620 (14.93%)
Realigned with forced non-floating right bound in left read: 772 (0%)
Realigned with forced non-floating left bound in right read: 772 (0%)
TRA chains: 695 (8.52%)
TRA non-functional: 4 (0.58%)
TRB chains: 199 (2.44%)
TRB non-functional: 3 (1.51%)
TRD chains: 10 (0.12%)
TRD non-functional: 0 (0%)
TRG chains: 45 (0.55%)
TRG non-functional: 7 (15.56%)
IGH chains: 2838 (34.78%)
IGH non-functional: 5 (0.18%)
TRAD chains: 10 (0.12%)
TRAD non-functional: 0 (0%)
IGK chains: 2545 (31.19%)
IGK non-functional: 30 (1.18%)
IGL chains: 1818 (22.28%)
IGL non-functional: 1 (0.06%)
Trimming report:
  R1 reads trimmed left: 51428 (0.08%)
  R1 reads trimmed right: 53347 (0.09%)
  Average R1 nucleotides trimmed left: 0.014378009132310654
  Average R1 nucleotides trimmed right: 0.015384114222507444
  R2 reads trimmed left: 51602 (0.08%)
  R2 reads trimmed right: 53984 (0.09%)
  Average R2 nucleotides trimmed left: 0.014332265111407267
  Average R2 nucleotides trimmed right: 0.015319753257508435

>>>>>>>>>>>>>>>>>> mixcr assemblePartial <<<<<<<<<<<<<<<<<<
Running:
mixcr assemblePartial --report /projects/rpci/songyao/pnfioric/arc_project/airr_calculation/tcr_quant/results/mixcr_RS-03756156.assemblePartial.report.txt --json-report /projects/rpci/songyao/pnfioric/arc_project/airr_calculation/tcr_quant/results/mixcr_RS-03756156.assemblePartial.report.json /projects/rpci/songyao/pnfioric/arc_project/airr_calculation/tcr_quant/results/mixcr_RS-03756156.alignments.vdjca /projects/rpci/songyao/pnfioric/arc_project/airr_calculation/tcr_quant/results/mixcr_RS-03756156.passembled.1.vdjca
Building index: 0%
Searching for overlaps: 0%
================= report: assemblePartial =================
Analysis time: 481ms
Total alignments analysed: 8160
Number of output alignments: 8089 (99.13%)
Alignments already with CDR3 (no overlapping is performed): 2158 (26.45%)
Successfully overlapped alignments: 71 (0.87%)
Left parts with too small N-region (failed to extract k-mer): 1539 (18.86%)
Extracted k-mer diversity: 4831
Dropped due to wildcard in k-mer: 0 (0%)
Dropped due to too short NRegion parts in overlap: 69 (0.85%)
Dropped overlaps with empty N region due to no complete NDN coverage: 0 (0%)
Number of left-side alignments: 1077 (13.2%)
Number of right-side alignments: 3409 (41.78%)
Complex overlaps: 0 (0%)
Over-overlaps: 0 (0%)
Partial alignments written to output: 5860 (71.81%)

>>>>>>>>>>>>>>>>>> mixcr assemblePartial <<<<<<<<<<<<<<<<<<
Running:
mixcr assemblePartial --report /projects/rpci/songyao/pnfioric/arc_project/airr_calculation/tcr_quant/results/mixcr_RS-03756156.assemblePartial.report.txt --json-report /projects/rpci/songyao/pnfioric/arc_project/airr_calculation/tcr_quant/results/mixcr_RS-03756156.assemblePartial.report.json /projects/rpci/songyao/pnfioric/arc_project/airr_calculation/tcr_quant/results/mixcr_RS-03756156.passembled.1.vdjca /projects/rpci/songyao/pnfioric/arc_project/airr_calculation/tcr_quant/results/mixcr_RS-03756156.passembled.2.vdjca
Building index: 0%
Searching for overlaps: 0%
================= report: assemblePartial =================
Analysis time: 176ms
Total alignments analysed: 8089
Number of output alignments: 8087 (99.98%)
Alignments already with CDR3 (no overlapping is performed): 2229 (27.56%)
Successfully overlapped alignments: 2 (0.02%)
Left parts with too small N-region (failed to extract k-mer): 1539 (19.03%)
Extracted k-mer diversity: 4632
Dropped due to wildcard in k-mer: 0 (0%)
Dropped due to too short NRegion parts in overlap: 65 (0.8%)
Dropped overlaps with empty N region due to no complete NDN coverage: 0 (0%)
Number of left-side alignments: 1006 (12.44%)
Number of right-side alignments: 3338 (41.27%)
Complex overlaps: 0 (0%)
Over-overlaps: 0 (0%)
Partial alignments written to output: 5856 (72.39%)

>>>>>>>>>>>>>>>>>>>>>>> mixcr extend <<<<<<<<<<<<<<<<<<<<<<<
Running:
mixcr extend --report /projects/rpci/songyao/pnfioric/arc_project/airr_calculation/tcr_quant/results/mixcr_RS-03756156.extend.report.txt --json-report /projects/rpci/songyao/pnfioric/arc_project/airr_calculation/tcr_quant/results/mixcr_RS-03756156.extend.report.json --threads 12 /projects/rpci/songyao/pnfioric/arc_project/airr_calculation/tcr_quant/results/mixcr_RS-03756156.passembled.2.vdjca /projects/rpci/songyao/pnfioric/arc_project/airr_calculation/tcr_quant/results/mixcr_RS-03756156.extended.vdjca
Extending alignments: 0%
====================== report: extend ======================
Analysis time: 89ms
Extended alignments count: 0 (0%)
V extensions total: 0 (0%)
V extensions with merged targets: 0 (0%)
J extensions total: 0 (0%)
J extensions with merged targets: 0 (0%)
V+J extensions: 0 (0%)
Mean V extension length: NaN
Mean J extension length: NaN

>>>>>>>>>>>>>>>>>>>>>> mixcr assemble <<<<<<<<<<<<<<<<<<<<<<
Running:
mixcr assemble --report /projects/rpci/songyao/pnfioric/arc_project/airr_calculation/tcr_quant/results/mixcr_RS-03756156.assemble.report.txt --json-report /projects/rpci/songyao/pnfioric/arc_project/airr_calculation/tcr_quant/results/mixcr_RS-03756156.assemble.report.json /projects/rpci/songyao/pnfioric/arc_project/airr_calculation/tcr_quant/results/mixcr_RS-03756156.extended.vdjca /projects/rpci/songyao/pnfioric/arc_project/airr_calculation/tcr_quant/results/mixcr_RS-03756156.clna
Initialization: progress unknown
Initialization: progress unknown
===================== report: assemble =====================
Analysis time: 1.19s
Final clonotype count: 554
Reads used in clonotypes, percent of total: 2175 (0%)
Average number of reads per clonotype: 3.93
Reads dropped due to the lack of a clone sequence, percent of total: 5941 (0.01%)
Reads dropped due to a too short clonal sequence, percent of total: 0 (0%)
Reads dropped due to low quality, percent of total: 0 (0%)
Reads dropped due to failed mapping, percent of total: 38 (0%)
Reads dropped with low quality clones, percent of total: 0 (0%)
Aligned reads processed: 2219
Reads used in clonotypes before clustering, percent of total: 2181 (0%)
Number of reads used as a core, percent of used: 2163 (99.17%)
Mapped low quality reads, percent of used: 18 (0.83%)
Reads clustered in PCR error correction, percent of used: 6 (0.28%)
Reads pre-clustered due to the similar VJC-lists, percent of used: 0 (0%)
Clonotypes dropped as low quality: 0
Clonotypes eliminated by PCR error correction: 6
Clonotypes pre-clustered due to the similar VJC-lists: 0
Clones dropped in post filtering: 0 (0%)
Reads dropped in post filtering: 0.0 (0%)
Reads filtered by tag prefix: 0 (0%)
TRA chains: 6 (1.08%)
TRA non-functional: 1 (16.67%)
TRB chains: 8 (1.44%)
TRB non-functional: 2 (25%)
TRG chains: 2 (0.36%)
TRG non-functional: 2 (100%)
IGH chains: 159 (28.7%)
IGH non-functional: 2 (1.26%)
IGK chains: 294 (53.07%)
IGK non-functional: 9 (3.06%)
IGL chains: 85 (15.34%)
IGL non-functional: 0 (0%)

>>>>>>>>>>>>>>>>>> mixcr assembleContigs <<<<<<<<<<<<<<<<<<
Running:
mixcr assembleContigs --report /projects/rpci/songyao/pnfioric/arc_project/airr_calculation/tcr_quant/results/mixcr_RS-03756156.assembleContigs.report.txt --json-report /projects/rpci/songyao/pnfioric/arc_project/airr_calculation/tcr_quant/results/mixcr_RS-03756156.assembleContigs.report.json --threads 12 /projects/rpci/songyao/pnfioric/arc_project/airr_calculation/tcr_quant/results/mixcr_RS-03756156.clna /projects/rpci/songyao/pnfioric/arc_project/airr_calculation/tcr_quant/results/mixcr_RS-03756156.contigs.clns
Assembling contigs: 0%
================= report: assembleContigs =================
Analysis time: 701ms
Initial clonotype count: 554
Final clonotype count: 554 (100%)
Canceled assemblies: 0 (0%)
Clones filtered out after assemble: 0 (0%)
Number of premature termination assembly events, percent of number of initial clonotypes: 0.0 (0%)
Longest contig length: 383
Clustered variants: 0 (0%)
Reads in clustered variants: 0.0 (0%)
Reads in divided (newly created) clones: 0.0 (0%)
Clones with ambiguous letters in splitting region: 0 (0%)
Reads in clones with ambiguous letters in splitting region: 0.0 (0%)
Average number of ambiguous letters per clone with ambiguous letters in splitting region: NaN
Clones combined after clustering: 0 (0%)

>>>>>>>>>>>>>>>>>>>>>>>>> mixcr qc <<<<<<<<<<<<<<<<<<<<<<<<<
Running:
mixcr qc --print-to-stdout /projects/rpci/songyao/pnfioric/arc_project/airr_calculation/tcr_quant/results/mixcr_RS-03756156.contigs.clns /projects/rpci/songyao/pnfioric/arc_project/airr_calculation/tcr_quant/results/mixcr_RS-03756156.qc.txt /projects/rpci/songyao/pnfioric/arc_project/airr_calculation/tcr_quant/results/mixcr_RS-03756156.qc.json

  Alignments dropped due to low sequence quality: 0.0% [OK]

>>>>>>>>>>>>>>>>>>>> mixcr exportClones <<<<<<<<<<<<<<<<<<<<
Running:
mixcr exportClones /projects/rpci/songyao/pnfioric/arc_project/airr_calculation/tcr_quant/results/mixcr_RS-03756156.contigs.clns /projects/rpci/songyao/pnfioric/arc_project/airr_calculation/tcr_quant/results/mixcr_RS-03756156.clones.tsv
Analysis finished successfully.
===============================
Visualize results and simplify your immune data analysis with a convenient UI.
Explore and install Platforma.bio here: https://platforma.bio
