Exporting TRB
Exporting clones: 50%
Filtered 2 of 239 clones (99.16%).
Filtered 10.0 of 867.0 reads (98.85%).
Exporting TRA
Exporting clones: 100%
Filtered 1 of 239 clones (99.58%).
Filtered 6.0 of 867.0 reads (99.31%).
Exporting IGH
Exporting clones: 1.4%
Filtered 72 of 239 clones (69.87%).
Filtered 290.0 of 867.0 reads (66.55%).
Exporting IGL
Exporting clones: 1.9%
Filtered 52 of 239 clones (78.24%).
Filtered 217.0 of 867.0 reads (74.97%).
Exporting IGK
Exporting clones: 0.9%
Filtered 112 of 239 clones (53.14%).
Filtered 344.0 of 867.0 reads (60.32%).
