Exporting TRB
Exporting clones: 12.5%
Filtered 8 of 554 clones (98.56%).
Filtered 19.0 of 2175.0 reads (99.13%).
Exporting TRA
Exporting clones: 16.7%
Filtered 6 of 554 clones (98.92%).
Filtered 12.0 of 2175.0 reads (99.45%).
Exporting IGH
Exporting clones: 0.6%
Filtered 159 of 554 clones (71.3%).
Filtered 499.0 of 2175.0 reads (77.06%).
Exporting TRG
Exporting clones: 50%
Filtered 2 of 554 clones (99.64%).
Filtered 7.0 of 2175.0 reads (99.68%).
Exporting IGL
Exporting clones: 2.4%
Filtered 85 of 554 clones (84.66%).
Filtered 368.0 of 2175.0 reads (83.08%).
Exporting IGK
Exporting clones: 1%
Filtered 294 of 554 clones (46.93%).
Filtered 1270.0 of 2175.0 reads (41.61%).
