Exporting TRB
Exporting clones: 25%
Filtered 4 of 319 clones (98.75%).
Filtered 24.0 of 1583.0 reads (98.48%).
Exporting TRA
Exporting clones: 16.7%
Filtered 6 of 319 clones (98.12%).
Filtered 27.0 of 1583.0 reads (98.29%).
Exporting IGH
Exporting clones: 1.1%
Filtered 87 of 319 clones (72.73%).
Filtered 430.0 of 1583.0 reads (72.84%).
Exporting IGL
Exporting clones: 1.7%
Filtered 60 of 319 clones (81.19%).
Filtered 307.0 of 1583.0 reads (80.61%).
Exporting IGK
Exporting clones: 0.6%
Filtered 162 of 319 clones (49.22%).
Filtered 795.0 of 1583.0 reads (49.78%).
