WARNING: sun.reflect.Reflection.getCallerClass is not supported. This will impact performance.

>>>>>>>>>>>>>>>>>>>>>>> mixcr align <<<<<<<<<<<<<<<<<<<<<<<
Running:
mixcr align --report /projects/rpci/songyao/pnfioric/arc_project/airr_calculation/tcr_quant/results/mixcr_RS-04378686.align.report.txt --json-report /projects/rpci/songyao/pnfioric/arc_project/airr_calculation/tcr_quant/results/mixcr_RS-04378686.align.report.json --threads 12 --preset rna-seq --save-output-file-names /projects/rpci/songyao/pnfioric/arc_project/airr_calculation/tcr_quant/results/mixcr_RS-04378686.align.list.tsv --species hsa /projects/rpci/songyao/pnfioric/arc_project/airr_calculation/fastq_files/RS-04378686/RS-04378686_SSFS07003275-B4_RS-03686344_S79_R1_001.fastq.gz /projects/rpci/songyao/pnfioric/arc_project/airr_calculation/fastq_files/RS-04378686/RS-04378686_SSFS07003275-B4_RS-03686344_S79_R2_001.fastq.gz /projects/rpci/songyao/pnfioric/arc_project/airr_calculation/tcr_quant/results/mixcr_RS-04378686.alignments.vdjca
Alignment: 0%
Alignment: 3.5%  ETA: 00:54:47
Alignment: 7.1%  ETA: 00:51:26
Alignment: 10.7%  ETA: 00:49:26
Alignment: 14.4%  ETA: 00:47:03
Alignment: 18%  ETA: 00:45:25
Alignment: 21.6%  ETA: 00:43:03
Alignment: 25.2%  ETA: 00:41:24
Alignment: 28.8%  ETA: 00:39:45
Alignment: 32.4%  ETA: 00:37:45
Alignment: 36%  ETA: 00:36:03
Alignment: 39.6%  ETA: 00:33:28
Alignment: 43.2%  ETA: 00:31:29
Alignment: 46.8%  ETA: 00:29:44
Alignment: 50.3%  ETA: 00:27:58
Alignment: 53.9%  ETA: 00:25:45
Alignment: 57.5%  ETA: 00:23:32
Alignment: 61.1%  ETA: 00:21:44
Alignment: 64.6%  ETA: 00:19:54
Alignment: 68.3%  ETA: 00:17:26
Alignment: 71.9%  ETA: 00:15:43
Alignment: 75.5%  ETA: 00:13:35
Alignment: 79%  ETA: 00:11:55
Alignment: 82.5%  ETA: 00:09:49
Alignment: 86.2%  ETA: 00:07:40
Alignment: 89.7%  ETA: 00:05:44
Alignment: 93.3%  ETA: 00:03:44
Alignment: 96.9%  ETA: 00:01:42
====================== report: align ======================
Analysis time: 55.75m
Total sequencing reads: 65791446
Successfully aligned reads: 2209 (0%)
Coverage (percent of successfully aligned):
  CDR3: 373 (16.89%)
  FR3_TO_FR4: 3 (0.14%)
  CDR2_TO_FR4: 0 (0%)
  FR2_TO_FR4: 0 (0%)
  CDR1_TO_FR4: 0 (0%)
  VDJRegion: 0 (0%)
Alignment failed: no hits (not TCR/IG?): 64238429 (97.64%)
Alignment failed: no CDR3 parts: 19013 (0.03%)
Alignment failed: low total score: 1531795 (2.33%)
Overlapped: 60179327 (91.47%)
Overlapped and aligned: 2001 (0%)
Overlapped and not aligned: 60177326 (91.47%)
Alignment-aided overlaps, percent of overlapped and aligned: 46 (2.3%)
No CDR3 parts alignments, percent of successfully aligned: 48 (2.17%)
Partial aligned reads, percent of successfully aligned: 1788 (80.94%)
V gene chimeras: 9 (0%)
J gene chimeras: 15 (0%)
Realigned with forced non-floating bound: 11224330 (17.06%)
Realigned with forced non-floating right bound in left read: 608 (0%)
Realigned with forced non-floating left bound in right read: 608 (0%)
TRA chains: 239 (10.82%)
TRA non-functional: 0 (0%)
TRB chains: 115 (5.21%)
TRB non-functional: 0 (0%)
TRG chains: 35 (1.58%)
TRG non-functional: 0 (0%)
TRAD chains: 33 (1.49%)
TRAD non-functional: 0 (0%)
IGH chains: 750 (33.95%)
IGH non-functional: 0 (0%)
IGK chains: 545 (24.67%)
IGK non-functional: 4 (0.73%)
IGL chains: 492 (22.27%)
IGL non-functional: 0 (0%)
Trimming report:
  R1 reads trimmed left: 180245 (0.27%)
  R1 reads trimmed right: 183865 (0.28%)
  Average R1 nucleotides trimmed left: 0.04655337716699524
  Average R1 nucleotides trimmed right: 0.049616693331227285
  R2 reads trimmed left: 177138 (0.27%)
  R2 reads trimmed right: 179282 (0.27%)
  Average R2 nucleotides trimmed left: 0.04562097631962672
  Average R2 nucleotides trimmed right: 0.04845854885147227

>>>>>>>>>>>>>>>>>> mixcr assemblePartial <<<<<<<<<<<<<<<<<<
Running:
mixcr assemblePartial --report /projects/rpci/songyao/pnfioric/arc_project/airr_calculation/tcr_quant/results/mixcr_RS-04378686.assemblePartial.report.txt --json-report /projects/rpci/songyao/pnfioric/arc_project/airr_calculation/tcr_quant/results/mixcr_RS-04378686.assemblePartial.report.json /projects/rpci/songyao/pnfioric/arc_project/airr_calculation/tcr_quant/results/mixcr_RS-04378686.alignments.vdjca /projects/rpci/songyao/pnfioric/arc_project/airr_calculation/tcr_quant/results/mixcr_RS-04378686.passembled.1.vdjca
Building index: 0%
Searching for overlaps: 0%
================= report: assemblePartial =================
Analysis time: 245ms
Total alignments analysed: 2209
Number of output alignments: 2209 (100%)
Alignments already with CDR3 (no overlapping is performed): 386 (17.47%)
Successfully overlapped alignments: 0 (0%)
Left parts with too small N-region (failed to extract k-mer): 379 (17.16%)
Extracted k-mer diversity: 2774
Dropped due to wildcard in k-mer: 0 (0%)
Dropped due to too short NRegion parts in overlap: 0 (0%)
Dropped overlaps with empty N region due to no complete NDN coverage: 0 (0%)
Number of left-side alignments: 455 (20.6%)
Number of right-side alignments: 989 (44.77%)
Complex overlaps: 0 (0%)
Over-overlaps: 0 (0%)
Partial alignments written to output: 1823 (82.53%)

>>>>>>>>>>>>>>>>>> mixcr assemblePartial <<<<<<<<<<<<<<<<<<
Running:
mixcr assemblePartial --report /projects/rpci/songyao/pnfioric/arc_project/airr_calculation/tcr_quant/results/mixcr_RS-04378686.assemblePartial.report.txt --json-report /projects/rpci/songyao/pnfioric/arc_project/airr_calculation/tcr_quant/results/mixcr_RS-04378686.assemblePartial.report.json /projects/rpci/songyao/pnfioric/arc_project/airr_calculation/tcr_quant/results/mixcr_RS-04378686.passembled.1.vdjca /projects/rpci/songyao/pnfioric/arc_project/airr_calculation/tcr_quant/results/mixcr_RS-04378686.passembled.2.vdjca
Building index: 0%
Searching for overlaps: 0.4%
================= report: assemblePartial =================
Analysis time: 148ms
Total alignments analysed: 2209
Number of output alignments: 2209 (100%)
Alignments already with CDR3 (no overlapping is performed): 386 (17.47%)
Successfully overlapped alignments: 0 (0%)
Left parts with too small N-region (failed to extract k-mer): 379 (17.16%)
Extracted k-mer diversity: 2774
Dropped due to wildcard in k-mer: 0 (0%)
Dropped due to too short NRegion parts in overlap: 0 (0%)
Dropped overlaps with empty N region due to no complete NDN coverage: 0 (0%)
Number of left-side alignments: 455 (20.6%)
Number of right-side alignments: 989 (44.77%)
Complex overlaps: 0 (0%)
Over-overlaps: 0 (0%)
Partial alignments written to output: 1823 (82.53%)

>>>>>>>>>>>>>>>>>>>>>>> mixcr extend <<<<<<<<<<<<<<<<<<<<<<<
Running:
mixcr extend --report /projects/rpci/songyao/pnfioric/arc_project/airr_calculation/tcr_quant/results/mixcr_RS-04378686.extend.report.txt --json-report /projects/rpci/songyao/pnfioric/arc_project/airr_calculation/tcr_quant/results/mixcr_RS-04378686.extend.report.json --threads 12 /projects/rpci/songyao/pnfioric/arc_project/airr_calculation/tcr_quant/results/mixcr_RS-04378686.passembled.2.vdjca /projects/rpci/songyao/pnfioric/arc_project/airr_calculation/tcr_quant/results/mixcr_RS-04378686.extended.vdjca
Extending alignments: 0%
====================== report: extend ======================
Analysis time: 23ms
Extended alignments count: 1 (0.05%)
V extensions total: 1 (0.05%)
V extensions with merged targets: 0 (0%)
J extensions total: 0 (0%)
J extensions with merged targets: 0 (0%)
V+J extensions: 0 (0%)
Mean V extension length: 1.0
Mean J extension length: NaN

>>>>>>>>>>>>>>>>>>>>>> mixcr assemble <<<<<<<<<<<<<<<<<<<<<<
Running:
mixcr assemble --report /projects/rpci/songyao/pnfioric/arc_project/airr_calculation/tcr_quant/results/mixcr_RS-04378686.assemble.report.txt --json-report /projects/rpci/songyao/pnfioric/arc_project/airr_calculation/tcr_quant/results/mixcr_RS-04378686.assemble.report.json /projects/rpci/songyao/pnfioric/arc_project/airr_calculation/tcr_quant/results/mixcr_RS-04378686.extended.vdjca /projects/rpci/songyao/pnfioric/arc_project/airr_calculation/tcr_quant/results/mixcr_RS-04378686.clna
Initialization: progress unknown
Initialization: progress unknown
===================== report: assemble =====================
Analysis time: 551ms
Final clonotype count: 130
Reads used in clonotypes, percent of total: 366 (0%)
Average number of reads per clonotype: 2.82
Reads dropped due to the lack of a clone sequence, percent of total: 1835 (0%)
Reads dropped due to a too short clonal sequence, percent of total: 0 (0%)
Reads dropped due to low quality, percent of total: 0 (0%)
Reads dropped due to failed mapping, percent of total: 8 (0%)
Reads dropped with low quality clones, percent of total: 0 (0%)
Aligned reads processed: 374
Reads used in clonotypes before clustering, percent of total: 366 (0%)
Number of reads used as a core, percent of used: 360 (98.36%)
Mapped low quality reads, percent of used: 6 (1.64%)
Reads clustered in PCR error correction, percent of used: 0 (0%)
Reads pre-clustered due to the similar VJC-lists, percent of used: 0 (0%)
Clonotypes dropped as low quality: 0
Clonotypes eliminated by PCR error correction: 0
Clonotypes pre-clustered due to the similar VJC-lists: 0
Clones dropped in post filtering: 0 (0%)
Reads dropped in post filtering: 0.0 (0%)
Reads filtered by tag prefix: 0 (0%)
TRA chains: 1 (0.77%)
TRA non-functional: 0 (0%)
TRB chains: 1 (0.77%)
TRB non-functional: 0 (0%)
TRG chains: 2 (1.54%)
TRG non-functional: 0 (0%)
IGH chains: 35 (26.92%)
IGH non-functional: 0 (0%)
IGK chains: 74 (56.92%)
IGK non-functional: 1 (1.35%)
IGL chains: 17 (13.08%)
IGL non-functional: 0 (0%)

>>>>>>>>>>>>>>>>>> mixcr assembleContigs <<<<<<<<<<<<<<<<<<
Running:
mixcr assembleContigs --report /projects/rpci/songyao/pnfioric/arc_project/airr_calculation/tcr_quant/results/mixcr_RS-04378686.assembleContigs.report.txt --json-report /projects/rpci/songyao/pnfioric/arc_project/airr_calculation/tcr_quant/results/mixcr_RS-04378686.assembleContigs.report.json --threads 12 /projects/rpci/songyao/pnfioric/arc_project/airr_calculation/tcr_quant/results/mixcr_RS-04378686.clna /projects/rpci/songyao/pnfioric/arc_project/airr_calculation/tcr_quant/results/mixcr_RS-04378686.contigs.clns
Assembling contigs: 0%
================= report: assembleContigs =================
Analysis time: 213ms
Initial clonotype count: 130
Final clonotype count: 130 (100%)
Canceled assemblies: 0 (0%)
Clones filtered out after assemble: 0 (0%)
Number of premature termination assembly events, percent of number of initial clonotypes: 0.0 (0%)
Longest contig length: 220
Clustered variants: 0 (0%)
Reads in clustered variants: 0.0 (0%)
Reads in divided (newly created) clones: 0.0 (0%)
Clones with ambiguous letters in splitting region: 0 (0%)
Reads in clones with ambiguous letters in splitting region: 0.0 (0%)
Average number of ambiguous letters per clone with ambiguous letters in splitting region: NaN
Clones combined after clustering: 0 (0%)

>>>>>>>>>>>>>>>>>>>>>>>>> mixcr qc <<<<<<<<<<<<<<<<<<<<<<<<<
Running:
mixcr qc --print-to-stdout /projects/rpci/songyao/pnfioric/arc_project/airr_calculation/tcr_quant/results/mixcr_RS-04378686.contigs.clns /projects/rpci/songyao/pnfioric/arc_project/airr_calculation/tcr_quant/results/mixcr_RS-04378686.qc.txt /projects/rpci/songyao/pnfioric/arc_project/airr_calculation/tcr_quant/results/mixcr_RS-04378686.qc.json

  Alignments dropped due to low sequence quality: 0.0% [OK]

>>>>>>>>>>>>>>>>>>>> mixcr exportClones <<<<<<<<<<<<<<<<<<<<
Running:
mixcr exportClones /projects/rpci/songyao/pnfioric/arc_project/airr_calculation/tcr_quant/results/mixcr_RS-04378686.contigs.clns /projects/rpci/songyao/pnfioric/arc_project/airr_calculation/tcr_quant/results/mixcr_RS-04378686.clones.tsv
Analysis finished successfully.
===============================
Visualize results and simplify your immune data analysis with a convenient UI.
Explore and install Platforma.bio here: https://platforma.bio
