Exporting TRB
Exporting clones: 20%
Filtered 5 of 632 clones (99.21%).
Filtered 26.0 of 4211.0 reads (99.38%).
Exporting TRA
Exporting clones: 10%
Filtered 10 of 632 clones (98.42%).
Filtered 36.0 of 4211.0 reads (99.15%).
Exporting TRD
Exporting clones: 100%
Filtered 1 of 632 clones (99.84%).
Filtered 1.0 of 4211.0 reads (99.98%).
Exporting IGH
Exporting clones: 0.5%
Filtered 188 of 632 clones (70.25%).
Filtered 938.0 of 4211.0 reads (77.73%).
Exporting IGL
Exporting clones: 0.9%
Filtered 115 of 632 clones (81.8%).
Filtered 1246.0 of 4211.0 reads (70.41%).
Exporting IGK
Exporting clones: 0.6%
Filtered 313 of 632 clones (50.47%).
Filtered 1964.0 of 4211.0 reads (53.36%).
