Exporting TRB
Exporting clones: 50%
Filtered 2 of 1507 clones (99.87%).
Filtered 6.0 of 5014.0 reads (99.88%).
Exporting TRA
Exporting clones: 16.7%
Filtered 6 of 1507 clones (99.6%).
Filtered 17.0 of 5014.0 reads (99.66%).
Exporting IGH
Exporting clones: 0.2%
Filtered 495 of 1507 clones (67.15%).
Filtered 1557.0 of 5014.0 reads (68.95%).
Exporting IGL
Exporting clones: 0.5%
Filtered 364 of 1507 clones (75.85%).
Filtered 1289.0 of 5014.0 reads (74.29%).
Exporting IGK
Exporting clones: 0.3%
Filtered 640 of 1507 clones (57.53%).
Filtered 2145.0 of 5014.0 reads (57.22%).
