WARNING: sun.reflect.Reflection.getCallerClass is not supported. This will impact performance.

>>>>>>>>>>>>>>>>>>>>>>> mixcr align <<<<<<<<<<<<<<<<<<<<<<<
Running:
mixcr align --report /projects/rpci/songyao/pnfioric/arc_project/airr_calculation/tcr_quant/results/mixcr_RS-04396806.align.report.txt --json-report /projects/rpci/songyao/pnfioric/arc_project/airr_calculation/tcr_quant/results/mixcr_RS-04396806.align.report.json --threads 12 --preset rna-seq --save-output-file-names /projects/rpci/songyao/pnfioric/arc_project/airr_calculation/tcr_quant/results/mixcr_RS-04396806.align.list.tsv --species hsa /projects/rpci/songyao/pnfioric/arc_project/airr_calculation/fastq_files/RS-04396806/RS-04396806_F-97-02611-I_RS-04084274_S145_R1_001.fastq.gz /projects/rpci/songyao/pnfioric/arc_project/airr_calculation/fastq_files/RS-04396806/RS-04396806_F-97-02611-I_RS-04084274_S145_R2_001.fastq.gz /projects/rpci/songyao/pnfioric/arc_project/airr_calculation/tcr_quant/results/mixcr_RS-04396806.alignments.vdjca
Alignment: 0%
Alignment: 3.2%  ETA: 00:59:42
Alignment: 6.5%  ETA: 00:57:42
Alignment: 9.8%  ETA: 00:55:08
Alignment: 13%  ETA: 00:54:12
Alignment: 16.3%  ETA: 00:50:41
Alignment: 19.6%  ETA: 00:48:42
Alignment: 22.8%  ETA: 00:47:37
Alignment: 26.1%  ETA: 00:45:37
Alignment: 29.3%  ETA: 00:44:03
Alignment: 32.5%  ETA: 00:41:38
Alignment: 35.7%  ETA: 00:40:01
Alignment: 38.9%  ETA: 00:38:02
Alignment: 42.2%  ETA: 00:35:40
Alignment: 45.4%  ETA: 00:33:40
Alignment: 48.7%  ETA: 00:31:40
Alignment: 51.9%  ETA: 00:29:58
Alignment: 55.1%  ETA: 00:27:41
Alignment: 58.4%  ETA: 00:25:41
Alignment: 61.6%  ETA: 00:23:26
Alignment: 64.9%  ETA: 00:21:26
Alignment: 68.2%  ETA: 00:19:27
Alignment: 71.4%  ETA: 00:17:26
Alignment: 74.7%  ETA: 00:15:17
Alignment: 78%  ETA: 00:13:34
Alignment: 81.3%  ETA: 00:11:26
Alignment: 84.5%  ETA: 00:09:26
Alignment: 87.8%  ETA: 00:07:32
Alignment: 91.1%  ETA: 00:05:28
Alignment: 94.3%  ETA: 00:03:28
Alignment: 97.6%  ETA: 00:01:26
====================== report: align ======================
Analysis time: 61.5m
Total sequencing reads: 71033759
Successfully aligned reads: 1622 (0%)
Coverage (percent of successfully aligned):
  CDR3: 60 (3.7%)
  FR3_TO_FR4: 0 (0%)
  CDR2_TO_FR4: 0 (0%)
  FR2_TO_FR4: 0 (0%)
  CDR1_TO_FR4: 0 (0%)
  VDJRegion: 0 (0%)
Alignment failed: no hits (not TCR/IG?): 67059695 (94.41%)
Alignment failed after alignment-aided overlap: 124 (0%)
Alignment failed: no CDR3 parts: 18962 (0.03%)
Alignment failed: low total score: 3953356 (5.57%)
Overlapped: 56701034 (79.82%)
Overlapped and aligned: 948 (0%)
Overlapped and not aligned: 56700086 (79.82%)
Alignment-aided overlaps, percent of overlapped and aligned: 0 (0%)
No CDR3 parts alignments, percent of successfully aligned: 64 (3.95%)
Partial aligned reads, percent of successfully aligned: 1498 (92.36%)
Realigned with forced non-floating bound: 28665450 (40.35%)
Realigned with forced non-floating right bound in left read: 2342 (0%)
Realigned with forced non-floating left bound in right read: 2342 (0%)
TRA chains: 155 (9.56%)
TRA non-functional: 0 (0%)
TRB chains: 641 (39.52%)
TRB non-functional: 0 (0%)
TRG chains: 63 (3.88%)
TRG non-functional: 0 (0%)
IGH chains: 302 (18.62%)
IGH non-functional: 0 (0%)
TRAD chains: 53 (3.27%)
TRAD non-functional: 0 (0%)
IGK chains: 48 (2.96%)
IGK non-functional: 0 (0%)
IGL chains: 360 (22.19%)
IGL non-functional: 0 (0%)
Trimming report:
  R1 reads trimmed left: 2866332 (4.04%)
  R1 reads trimmed right: 3005730 (4.23%)
  Average R1 nucleotides trimmed left: 0.6859741295684493
  Average R1 nucleotides trimmed right: 0.7354703979554285
  R2 reads trimmed left: 2838696 (4%)
  R2 reads trimmed right: 2971143 (4.18%)
  Average R2 nucleotides trimmed left: 0.6786610152505093
  Average R2 nucleotides trimmed right: 0.7256925119223945

>>>>>>>>>>>>>>>>>> mixcr assemblePartial <<<<<<<<<<<<<<<<<<
Running:
mixcr assemblePartial --report /projects/rpci/songyao/pnfioric/arc_project/airr_calculation/tcr_quant/results/mixcr_RS-04396806.assemblePartial.report.txt --json-report /projects/rpci/songyao/pnfioric/arc_project/airr_calculation/tcr_quant/results/mixcr_RS-04396806.assemblePartial.report.json /projects/rpci/songyao/pnfioric/arc_project/airr_calculation/tcr_quant/results/mixcr_RS-04396806.alignments.vdjca /projects/rpci/songyao/pnfioric/arc_project/airr_calculation/tcr_quant/results/mixcr_RS-04396806.passembled.1.vdjca
Building index: 0%
Searching for overlaps: 0.1%
================= report: assemblePartial =================
Analysis time: 199ms
Total alignments analysed: 1622
Number of output alignments: 1622 (100%)
Alignments already with CDR3 (no overlapping is performed): 60 (3.7%)
Successfully overlapped alignments: 0 (0%)
Left parts with too small N-region (failed to extract k-mer): 481 (29.65%)
Extracted k-mer diversity: 471
Dropped due to wildcard in k-mer: 0 (0%)
Dropped due to too short NRegion parts in overlap: 0 (0%)
Dropped overlaps with empty N region due to no complete NDN coverage: 0 (0%)
Number of left-side alignments: 698 (43.03%)
Number of right-side alignments: 382 (23.55%)
Complex overlaps: 0 (0%)
Over-overlaps: 0 (0%)
Partial alignments written to output: 1562 (96.3%)

>>>>>>>>>>>>>>>>>> mixcr assemblePartial <<<<<<<<<<<<<<<<<<
Running:
mixcr assemblePartial --report /projects/rpci/songyao/pnfioric/arc_project/airr_calculation/tcr_quant/results/mixcr_RS-04396806.assemblePartial.report.txt --json-report /projects/rpci/songyao/pnfioric/arc_project/airr_calculation/tcr_quant/results/mixcr_RS-04396806.assemblePartial.report.json /projects/rpci/songyao/pnfioric/arc_project/airr_calculation/tcr_quant/results/mixcr_RS-04396806.passembled.1.vdjca /projects/rpci/songyao/pnfioric/arc_project/airr_calculation/tcr_quant/results/mixcr_RS-04396806.passembled.2.vdjca
Building index: 0%
Searching for overlaps: 0.7%
================= report: assemblePartial =================
Analysis time: 84ms
Total alignments analysed: 1622
Number of output alignments: 1622 (100%)
Alignments already with CDR3 (no overlapping is performed): 60 (3.7%)
Successfully overlapped alignments: 0 (0%)
Left parts with too small N-region (failed to extract k-mer): 481 (29.65%)
Extracted k-mer diversity: 471
Dropped due to wildcard in k-mer: 0 (0%)
Dropped due to too short NRegion parts in overlap: 0 (0%)
Dropped overlaps with empty N region due to no complete NDN coverage: 0 (0%)
Number of left-side alignments: 698 (43.03%)
Number of right-side alignments: 382 (23.55%)
Complex overlaps: 0 (0%)
Over-overlaps: 0 (0%)
Partial alignments written to output: 1562 (96.3%)

>>>>>>>>>>>>>>>>>>>>>>> mixcr extend <<<<<<<<<<<<<<<<<<<<<<<
Running:
mixcr extend --report /projects/rpci/songyao/pnfioric/arc_project/airr_calculation/tcr_quant/results/mixcr_RS-04396806.extend.report.txt --json-report /projects/rpci/songyao/pnfioric/arc_project/airr_calculation/tcr_quant/results/mixcr_RS-04396806.extend.report.json --threads 12 /projects/rpci/songyao/pnfioric/arc_project/airr_calculation/tcr_quant/results/mixcr_RS-04396806.passembled.2.vdjca /projects/rpci/songyao/pnfioric/arc_project/airr_calculation/tcr_quant/results/mixcr_RS-04396806.extended.vdjca
Extending alignments: 0%
====================== report: extend ======================
Analysis time: 16ms
Extended alignments count: 0 (0%)
V extensions total: 0 (0%)
V extensions with merged targets: 0 (0%)
J extensions total: 0 (0%)
J extensions with merged targets: 0 (0%)
V+J extensions: 0 (0%)
Mean V extension length: NaN
Mean J extension length: NaN

>>>>>>>>>>>>>>>>>>>>>> mixcr assemble <<<<<<<<<<<<<<<<<<<<<<
Running:
mixcr assemble --report /projects/rpci/songyao/pnfioric/arc_project/airr_calculation/tcr_quant/results/mixcr_RS-04396806.assemble.report.txt --json-report /projects/rpci/songyao/pnfioric/arc_project/airr_calculation/tcr_quant/results/mixcr_RS-04396806.assemble.report.json /projects/rpci/songyao/pnfioric/arc_project/airr_calculation/tcr_quant/results/mixcr_RS-04396806.extended.vdjca /projects/rpci/songyao/pnfioric/arc_project/airr_calculation/tcr_quant/results/mixcr_RS-04396806.clna
Initialization: progress unknown
Initialization: progress unknown
===================== report: assemble =====================
Analysis time: 280ms
Final clonotype count: 1
Reads used in clonotypes, percent of total: 60 (0%)
Average number of reads per clonotype: 60
Reads dropped due to the lack of a clone sequence, percent of total: 1562 (0%)
Reads dropped due to a too short clonal sequence, percent of total: 0 (0%)
Reads dropped due to low quality, percent of total: 0 (0%)
Reads dropped due to failed mapping, percent of total: 0 (0%)
Reads dropped with low quality clones, percent of total: 0 (0%)
Aligned reads processed: 60
Reads used in clonotypes before clustering, percent of total: 60 (0%)
Number of reads used as a core, percent of used: 59 (98.33%)
Mapped low quality reads, percent of used: 1 (1.67%)
Reads clustered in PCR error correction, percent of used: 0 (0%)
Reads pre-clustered due to the similar VJC-lists, percent of used: 0 (0%)
Clonotypes dropped as low quality: 0
Clonotypes eliminated by PCR error correction: 0
Clonotypes pre-clustered due to the similar VJC-lists: 0
Clones dropped in post filtering: 0 (0%)
Reads dropped in post filtering: 0.0 (0%)
Reads filtered by tag prefix: 0 (0%)
TRB chains: 1 (100%)
TRB non-functional: 0 (0%)

>>>>>>>>>>>>>>>>>> mixcr assembleContigs <<<<<<<<<<<<<<<<<<
Running:
mixcr assembleContigs --report /projects/rpci/songyao/pnfioric/arc_project/airr_calculation/tcr_quant/results/mixcr_RS-04396806.assembleContigs.report.txt --json-report /projects/rpci/songyao/pnfioric/arc_project/airr_calculation/tcr_quant/results/mixcr_RS-04396806.assembleContigs.report.json --threads 12 /projects/rpci/songyao/pnfioric/arc_project/airr_calculation/tcr_quant/results/mixcr_RS-04396806.clna /projects/rpci/songyao/pnfioric/arc_project/airr_calculation/tcr_quant/results/mixcr_RS-04396806.contigs.clns
Assembling contigs: 0%
================= report: assembleContigs =================
Analysis time: 137ms
Initial clonotype count: 1
Final clonotype count: 1 (100%)
Canceled assemblies: 0 (0%)
Clones filtered out after assemble: 0 (0%)
Number of premature termination assembly events, percent of number of initial clonotypes: 0.0 (0%)
Longest contig length: 101
Clustered variants: 0 (0%)
Reads in clustered variants: 0.0 (0%)
Reads in divided (newly created) clones: 0.0 (0%)
Clones with ambiguous letters in splitting region: 0 (0%)
Reads in clones with ambiguous letters in splitting region: 0.0 (0%)
Average number of ambiguous letters per clone with ambiguous letters in splitting region: NaN
Clones combined after clustering: 0 (0%)

>>>>>>>>>>>>>>>>>>>>>>>>> mixcr qc <<<<<<<<<<<<<<<<<<<<<<<<<
Running:
mixcr qc --print-to-stdout /projects/rpci/songyao/pnfioric/arc_project/airr_calculation/tcr_quant/results/mixcr_RS-04396806.contigs.clns /projects/rpci/songyao/pnfioric/arc_project/airr_calculation/tcr_quant/results/mixcr_RS-04396806.qc.txt /projects/rpci/songyao/pnfioric/arc_project/airr_calculation/tcr_quant/results/mixcr_RS-04396806.qc.json

  Alignments dropped due to low sequence quality: 0.0% [OK]

>>>>>>>>>>>>>>>>>>>> mixcr exportClones <<<<<<<<<<<<<<<<<<<<
Running:
mixcr exportClones /projects/rpci/songyao/pnfioric/arc_project/airr_calculation/tcr_quant/results/mixcr_RS-04396806.contigs.clns /projects/rpci/songyao/pnfioric/arc_project/airr_calculation/tcr_quant/results/mixcr_RS-04396806.clones.tsv
Analysis finished successfully.
===============================
Visualize results and simplify your immune data analysis with a convenient UI.
Explore and install Platforma.bio here: https://platforma.bio
