WARNING: sun.reflect.Reflection.getCallerClass is not supported. This will impact performance.

>>>>>>>>>>>>>>>>>>>>>>> mixcr align <<<<<<<<<<<<<<<<<<<<<<<
Running:
mixcr align --report /projects/rpci/songyao/pnfioric/arc_project/airr_calculation/tcr_quant/results/mixcr_RS-04367344.align.report.txt --json-report /projects/rpci/songyao/pnfioric/arc_project/airr_calculation/tcr_quant/results/mixcr_RS-04367344.align.report.json --threads 12 --preset rna-seq --save-output-file-names /projects/rpci/songyao/pnfioric/arc_project/airr_calculation/tcr_quant/results/mixcr_RS-04367344.align.list.tsv --species hsa /projects/rpci/songyao/pnfioric/arc_project/airr_calculation/fastq_files/RS-04367344/RS-04367344_AABC0014_RS-04246020_S10_R1_001.fastq.gz /projects/rpci/songyao/pnfioric/arc_project/airr_calculation/fastq_files/RS-04367344/RS-04367344_AABC0014_RS-04246020_S10_R2_001.fastq.gz /projects/rpci/songyao/pnfioric/arc_project/airr_calculation/tcr_quant/results/mixcr_RS-04367344.alignments.vdjca
Alignment: 0%
Alignment: 3.6%  ETA: 00:53:15
Alignment: 7.3%  ETA: 00:50:49
Alignment: 11%  ETA: 00:47:16
Alignment: 14.7%  ETA: 00:46:23
Alignment: 18.4%  ETA: 00:44:23
Alignment: 22.1%  ETA: 00:42:23
Alignment: 25.8%  ETA: 00:40:03
Alignment: 29.4%  ETA: 00:39:20
Alignment: 33%  ETA: 00:36:25
Alignment: 36.7%  ETA: 00:34:08
Alignment: 40.4%  ETA: 00:32:56
Alignment: 44%  ETA: 00:30:56
Alignment: 47.7%  ETA: 00:28:27
Alignment: 51.3%  ETA: 00:27:08
Alignment: 54.9%  ETA: 00:24:55
Alignment: 58.5%  ETA: 00:23:07
Alignment: 62.1%  ETA: 00:21:07
Alignment: 65.7%  ETA: 00:19:07
Alignment: 69.2%  ETA: 00:17:07
Alignment: 72.8%  ETA: 00:15:16
Alignment: 76.4%  ETA: 00:13:16
Alignment: 79.9%  ETA: 00:11:15
Alignment: 83.6%  ETA: 00:09:05
Alignment: 87.3%  ETA: 00:06:48
Alignment: 90.9%  ETA: 00:05:08
Alignment: 94.5%  ETA: 00:03:03
Alignment: 98.1%  ETA: 00:01:00
====================== report: align ======================
Analysis time: 55.04m
Total sequencing reads: 70504665
Successfully aligned reads: 6356 (0.01%)
Coverage (percent of successfully aligned):
  CDR3: 30 (0.47%)
  FR3_TO_FR4: 0 (0%)
  CDR2_TO_FR4: 0 (0%)
  FR2_TO_FR4: 0 (0%)
  CDR1_TO_FR4: 0 (0%)
  VDJRegion: 0 (0%)
Alignment failed: no hits (not TCR/IG?): 69120409 (98.04%)
Alignment failed: no CDR3 parts: 12213 (0.02%)
Alignment failed: low total score: 1365687 (1.94%)
Overlapped: 52886845 (75.01%)
Overlapped and aligned: 589 (0%)
Overlapped and not aligned: 52886256 (75.01%)
Alignment-aided overlaps, percent of overlapped and aligned: 39 (6.62%)
No CDR3 parts alignments, percent of successfully aligned: 29 (0.46%)
Partial aligned reads, percent of successfully aligned: 6297 (99.07%)
V gene chimeras: 9 (0%)
Realigned with forced non-floating bound: 35235718 (49.98%)
Realigned with forced non-floating right bound in left read: 656 (0%)
Realigned with forced non-floating left bound in right read: 656 (0%)
TRA chains: 505 (7.95%)
TRA non-functional: 0 (0%)
TRB chains: 46 (0.72%)
TRB non-functional: 0 (0%)
TRD chains: 23 (0.36%)
TRD non-functional: 0 (0%)
IGH chains: 5605 (88.18%)
IGH non-functional: 0 (0%)
IGK chains: 110 (1.73%)
IGK non-functional: 0 (0%)
IGL chains: 67 (1.05%)
IGL non-functional: 0 (0%)
Trimming report:
  R1 reads trimmed left: 527256 (0.75%)
  R1 reads trimmed right: 537096 (0.76%)
  Average R1 nucleotides trimmed left: 0.12713104870436587
  Average R1 nucleotides trimmed right: 0.13534356910993053
  R2 reads trimmed left: 520790 (0.74%)
  R2 reads trimmed right: 530272 (0.75%)
  Average R2 nucleotides trimmed left: 0.1251185577578448
  Average R2 nucleotides trimmed right: 0.13421798401566762

>>>>>>>>>>>>>>>>>> mixcr assemblePartial <<<<<<<<<<<<<<<<<<
Running:
mixcr assemblePartial --report /projects/rpci/songyao/pnfioric/arc_project/airr_calculation/tcr_quant/results/mixcr_RS-04367344.assemblePartial.report.txt --json-report /projects/rpci/songyao/pnfioric/arc_project/airr_calculation/tcr_quant/results/mixcr_RS-04367344.assemblePartial.report.json /projects/rpci/songyao/pnfioric/arc_project/airr_calculation/tcr_quant/results/mixcr_RS-04367344.alignments.vdjca /projects/rpci/songyao/pnfioric/arc_project/airr_calculation/tcr_quant/results/mixcr_RS-04367344.passembled.1.vdjca
Building index: 0%
Searching for overlaps: 0%
================= report: assemblePartial =================
Analysis time: 201ms
Total alignments analysed: 6356
Number of output alignments: 6356 (100%)
Alignments already with CDR3 (no overlapping is performed): 30 (0.47%)
Successfully overlapped alignments: 0 (0%)
Left parts with too small N-region (failed to extract k-mer): 78 (1.23%)
Extracted k-mer diversity: 412
Dropped due to wildcard in k-mer: 0 (0%)
Dropped due to too short NRegion parts in overlap: 0 (0%)
Dropped overlaps with empty N region due to no complete NDN coverage: 0 (0%)
Number of left-side alignments: 286 (4.5%)
Number of right-side alignments: 5962 (93.8%)
Complex overlaps: 0 (0%)
Over-overlaps: 0 (0%)
Partial alignments written to output: 6326 (99.53%)

>>>>>>>>>>>>>>>>>> mixcr assemblePartial <<<<<<<<<<<<<<<<<<
Running:
mixcr assemblePartial --report /projects/rpci/songyao/pnfioric/arc_project/airr_calculation/tcr_quant/results/mixcr_RS-04367344.assemblePartial.report.txt --json-report /projects/rpci/songyao/pnfioric/arc_project/airr_calculation/tcr_quant/results/mixcr_RS-04367344.assemblePartial.report.json /projects/rpci/songyao/pnfioric/arc_project/airr_calculation/tcr_quant/results/mixcr_RS-04367344.passembled.1.vdjca /projects/rpci/songyao/pnfioric/arc_project/airr_calculation/tcr_quant/results/mixcr_RS-04367344.passembled.2.vdjca
Building index: 0%
Searching for overlaps: 0%
================= report: assemblePartial =================
Analysis time: 71ms
Total alignments analysed: 6356
Number of output alignments: 6356 (100%)
Alignments already with CDR3 (no overlapping is performed): 30 (0.47%)
Successfully overlapped alignments: 0 (0%)
Left parts with too small N-region (failed to extract k-mer): 78 (1.23%)
Extracted k-mer diversity: 412
Dropped due to wildcard in k-mer: 0 (0%)
Dropped due to too short NRegion parts in overlap: 0 (0%)
Dropped overlaps with empty N region due to no complete NDN coverage: 0 (0%)
Number of left-side alignments: 286 (4.5%)
Number of right-side alignments: 5962 (93.8%)
Complex overlaps: 0 (0%)
Over-overlaps: 0 (0%)
Partial alignments written to output: 6326 (99.53%)

>>>>>>>>>>>>>>>>>>>>>>> mixcr extend <<<<<<<<<<<<<<<<<<<<<<<
Running:
mixcr extend --report /projects/rpci/songyao/pnfioric/arc_project/airr_calculation/tcr_quant/results/mixcr_RS-04367344.extend.report.txt --json-report /projects/rpci/songyao/pnfioric/arc_project/airr_calculation/tcr_quant/results/mixcr_RS-04367344.extend.report.json --threads 12 /projects/rpci/songyao/pnfioric/arc_project/airr_calculation/tcr_quant/results/mixcr_RS-04367344.passembled.2.vdjca /projects/rpci/songyao/pnfioric/arc_project/airr_calculation/tcr_quant/results/mixcr_RS-04367344.extended.vdjca
Extending alignments: 0%
====================== report: extend ======================
Analysis time: 136ms
Extended alignments count: 0 (0%)
V extensions total: 0 (0%)
V extensions with merged targets: 0 (0%)
J extensions total: 0 (0%)
J extensions with merged targets: 0 (0%)
V+J extensions: 0 (0%)
Mean V extension length: NaN
Mean J extension length: NaN

>>>>>>>>>>>>>>>>>>>>>> mixcr assemble <<<<<<<<<<<<<<<<<<<<<<
Running:
mixcr assemble --report /projects/rpci/songyao/pnfioric/arc_project/airr_calculation/tcr_quant/results/mixcr_RS-04367344.assemble.report.txt --json-report /projects/rpci/songyao/pnfioric/arc_project/airr_calculation/tcr_quant/results/mixcr_RS-04367344.assemble.report.json /projects/rpci/songyao/pnfioric/arc_project/airr_calculation/tcr_quant/results/mixcr_RS-04367344.extended.vdjca /projects/rpci/songyao/pnfioric/arc_project/airr_calculation/tcr_quant/results/mixcr_RS-04367344.clna
Initialization: progress unknown
Initialization: progress unknown
===================== report: assemble =====================
Analysis time: 216ms
Final clonotype count: 1
Reads used in clonotypes, percent of total: 30 (0%)
Average number of reads per clonotype: 30
Reads dropped due to the lack of a clone sequence, percent of total: 6326 (0.01%)
Reads dropped due to a too short clonal sequence, percent of total: 0 (0%)
Reads dropped due to low quality, percent of total: 0 (0%)
Reads dropped due to failed mapping, percent of total: 0 (0%)
Reads dropped with low quality clones, percent of total: 0 (0%)
Aligned reads processed: 30
Reads used in clonotypes before clustering, percent of total: 30 (0%)
Number of reads used as a core, percent of used: 30 (100%)
Mapped low quality reads, percent of used: 0 (0%)
Reads clustered in PCR error correction, percent of used: 0 (0%)
Reads pre-clustered due to the similar VJC-lists, percent of used: 0 (0%)
Clonotypes dropped as low quality: 0
Clonotypes eliminated by PCR error correction: 0
Clonotypes pre-clustered due to the similar VJC-lists: 0
Clones dropped in post filtering: 0 (0%)
Reads dropped in post filtering: 0.0 (0%)
Reads filtered by tag prefix: 0 (0%)
IGK chains: 1 (100%)
IGK non-functional: 0 (0%)

>>>>>>>>>>>>>>>>>> mixcr assembleContigs <<<<<<<<<<<<<<<<<<
Running:
mixcr assembleContigs --report /projects/rpci/songyao/pnfioric/arc_project/airr_calculation/tcr_quant/results/mixcr_RS-04367344.assembleContigs.report.txt --json-report /projects/rpci/songyao/pnfioric/arc_project/airr_calculation/tcr_quant/results/mixcr_RS-04367344.assembleContigs.report.json --threads 12 /projects/rpci/songyao/pnfioric/arc_project/airr_calculation/tcr_quant/results/mixcr_RS-04367344.clna /projects/rpci/songyao/pnfioric/arc_project/airr_calculation/tcr_quant/results/mixcr_RS-04367344.contigs.clns
Assembling contigs: 0%
================= report: assembleContigs =================
Analysis time: 118ms
Initial clonotype count: 1
Final clonotype count: 1 (100%)
Canceled assemblies: 0 (0%)
Clones filtered out after assemble: 0 (0%)
Number of premature termination assembly events, percent of number of initial clonotypes: 0.0 (0%)
Longest contig length: 101
Clustered variants: 0 (0%)
Reads in clustered variants: 0.0 (0%)
Reads in divided (newly created) clones: 0.0 (0%)
Clones with ambiguous letters in splitting region: 0 (0%)
Reads in clones with ambiguous letters in splitting region: 0.0 (0%)
Average number of ambiguous letters per clone with ambiguous letters in splitting region: NaN
Clones combined after clustering: 0 (0%)

>>>>>>>>>>>>>>>>>>>>>>>>> mixcr qc <<<<<<<<<<<<<<<<<<<<<<<<<
Running:
mixcr qc --print-to-stdout /projects/rpci/songyao/pnfioric/arc_project/airr_calculation/tcr_quant/results/mixcr_RS-04367344.contigs.clns /projects/rpci/songyao/pnfioric/arc_project/airr_calculation/tcr_quant/results/mixcr_RS-04367344.qc.txt /projects/rpci/songyao/pnfioric/arc_project/airr_calculation/tcr_quant/results/mixcr_RS-04367344.qc.json

  Alignments dropped due to low sequence quality: 0.0% [OK]

>>>>>>>>>>>>>>>>>>>> mixcr exportClones <<<<<<<<<<<<<<<<<<<<
Running:
mixcr exportClones /projects/rpci/songyao/pnfioric/arc_project/airr_calculation/tcr_quant/results/mixcr_RS-04367344.contigs.clns /projects/rpci/songyao/pnfioric/arc_project/airr_calculation/tcr_quant/results/mixcr_RS-04367344.clones.tsv
Analysis finished successfully.
===============================
Visualize results and simplify your immune data analysis with a convenient UI.
Explore and install Platforma.bio here: https://platforma.bio
