WARNING: sun.reflect.Reflection.getCallerClass is not supported. This will impact performance.

>>>>>>>>>>>>>>>>>>>>>>> mixcr align <<<<<<<<<<<<<<<<<<<<<<<
Running:
mixcr align --report /projects/rpci/songyao/pnfioric/arc_project/airr_calculation/tcr_quant/results/mixcr_RS-04396702.align.report.txt --json-report /projects/rpci/songyao/pnfioric/arc_project/airr_calculation/tcr_quant/results/mixcr_RS-04396702.align.report.json --threads 12 --preset rna-seq --save-output-file-names /projects/rpci/songyao/pnfioric/arc_project/airr_calculation/tcr_quant/results/mixcr_RS-04396702.align.list.tsv --species hsa /projects/rpci/songyao/pnfioric/arc_project/airr_calculation/fastq_files/RS-04396702/RS-04396702_S95-4455-2A_RS-04104779_S54_R1_001.fastq.gz /projects/rpci/songyao/pnfioric/arc_project/airr_calculation/fastq_files/RS-04396702/RS-04396702_S95-4455-2A_RS-04104779_S54_R2_001.fastq.gz /projects/rpci/songyao/pnfioric/arc_project/airr_calculation/tcr_quant/results/mixcr_RS-04396702.alignments.vdjca
Alignment: 0%
Alignment: 3.8%  ETA: 00:49:57
Alignment: 7.7%  ETA: 00:47:57
Alignment: 11.6%  ETA: 00:45:34
Alignment: 15.5%  ETA: 00:43:35
Alignment: 19.4%  ETA: 00:41:14
Alignment: 23.3%  ETA: 00:38:55
Alignment: 27.2%  ETA: 00:37:50
Alignment: 31%  ETA: 00:36:08
Alignment: 34.8%  ETA: 00:33:51
Alignment: 38.6%  ETA: 00:32:08
Alignment: 42.5%  ETA: 00:29:52
Alignment: 46.3%  ETA: 00:28:06
Alignment: 50.1%  ETA: 00:26:07
Alignment: 53.9%  ETA: 00:24:19
Alignment: 57.7%  ETA: 00:22:31
Alignment: 61.5%  ETA: 00:20:20
Alignment: 65.3%  ETA: 00:18:10
Alignment: 69.1%  ETA: 00:16:10
Alignment: 73.1%  ETA: 00:13:33
Alignment: 76.9%  ETA: 00:12:05
Alignment: 80.7%  ETA: 00:10:11
Alignment: 84.4%  ETA: 00:08:16
Alignment: 88.3%  ETA: 00:06:08
Alignment: 92.1%  ETA: 00:04:11
Alignment: 95.9%  ETA: 00:02:07
Alignment: 99.7%  ETA: 00:00:08
====================== report: align ======================
Analysis time: 52.19m
Total sequencing reads: 68993560
Successfully aligned reads: 2541 (0%)
Coverage (percent of successfully aligned):
  CDR3: 156 (6.14%)
  FR3_TO_FR4: 0 (0%)
  CDR2_TO_FR4: 0 (0%)
  FR2_TO_FR4: 0 (0%)
  CDR1_TO_FR4: 0 (0%)
  VDJRegion: 0 (0%)
Alignment failed: no hits (not TCR/IG?): 64360908 (93.29%)
Alignment failed: no CDR3 parts: 22389 (0.03%)
Alignment failed: low total score: 4607722 (6.68%)
Overlapped: 59858065 (86.76%)
Overlapped and aligned: 2309 (0%)
Overlapped and not aligned: 59855756 (86.76%)
Alignment-aided overlaps, percent of overlapped and aligned: 4 (0.17%)
No CDR3 parts alignments, percent of successfully aligned: 53 (2.09%)
Partial aligned reads, percent of successfully aligned: 2332 (91.77%)
Realigned with forced non-floating bound: 18270998 (26.48%)
Realigned with forced non-floating right bound in left read: 1240 (0%)
Realigned with forced non-floating left bound in right read: 1240 (0%)
TRA chains: 495 (19.48%)
TRA non-functional: 0 (0%)
TRB chains: 367 (14.44%)
TRB non-functional: 0 (0%)
TRD chains: 9 (0.35%)
TRD non-functional: 0 (0%)
TRG chains: 56 (2.2%)
TRG non-functional: 0 (0%)
IGH chains: 528 (20.78%)
IGH non-functional: 0 (0%)
TRAD chains: 150 (5.9%)
TRAD non-functional: 0 (0%)
IGK chains: 182 (7.16%)
IGK non-functional: 88 (48.35%)
IGL chains: 754 (29.67%)
IGL non-functional: 0 (0%)
Trimming report:
  R1 reads trimmed left: 1626972 (2.36%)
  R1 reads trimmed right: 1659454 (2.41%)
  Average R1 nucleotides trimmed left: 0.4008816040221725
  Average R1 nucleotides trimmed right: 0.42845016259488566
  R2 reads trimmed left: 1615223 (2.34%)
  R2 reads trimmed right: 1642270 (2.38%)
  Average R2 nucleotides trimmed left: 0.3972824565075349
  Average R2 nucleotides trimmed right: 0.42267001441873703

>>>>>>>>>>>>>>>>>> mixcr assemblePartial <<<<<<<<<<<<<<<<<<
Running:
mixcr assemblePartial --report /projects/rpci/songyao/pnfioric/arc_project/airr_calculation/tcr_quant/results/mixcr_RS-04396702.assemblePartial.report.txt --json-report /projects/rpci/songyao/pnfioric/arc_project/airr_calculation/tcr_quant/results/mixcr_RS-04396702.assemblePartial.report.json /projects/rpci/songyao/pnfioric/arc_project/airr_calculation/tcr_quant/results/mixcr_RS-04396702.alignments.vdjca /projects/rpci/songyao/pnfioric/arc_project/airr_calculation/tcr_quant/results/mixcr_RS-04396702.passembled.1.vdjca
Building index: 0%
Searching for overlaps: 0%
================= report: assemblePartial =================
Analysis time: 248ms
Total alignments analysed: 2541
Number of output alignments: 2541 (100%)
Alignments already with CDR3 (no overlapping is performed): 156 (6.14%)
Successfully overlapped alignments: 0 (0%)
Left parts with too small N-region (failed to extract k-mer): 331 (13.03%)
Extracted k-mer diversity: 426
Dropped due to wildcard in k-mer: 0 (0%)
Dropped due to too short NRegion parts in overlap: 0 (0%)
Dropped overlaps with empty N region due to no complete NDN coverage: 0 (0%)
Number of left-side alignments: 1029 (40.5%)
Number of right-side alignments: 1025 (40.34%)
Complex overlaps: 0 (0%)
Over-overlaps: 0 (0%)
Partial alignments written to output: 2385 (93.86%)

>>>>>>>>>>>>>>>>>> mixcr assemblePartial <<<<<<<<<<<<<<<<<<
Running:
mixcr assemblePartial --report /projects/rpci/songyao/pnfioric/arc_project/airr_calculation/tcr_quant/results/mixcr_RS-04396702.assemblePartial.report.txt --json-report /projects/rpci/songyao/pnfioric/arc_project/airr_calculation/tcr_quant/results/mixcr_RS-04396702.assemblePartial.report.json /projects/rpci/songyao/pnfioric/arc_project/airr_calculation/tcr_quant/results/mixcr_RS-04396702.passembled.1.vdjca /projects/rpci/songyao/pnfioric/arc_project/airr_calculation/tcr_quant/results/mixcr_RS-04396702.passembled.2.vdjca
Building index: 0%
Searching for overlaps: 1%
================= report: assemblePartial =================
Analysis time: 100ms
Total alignments analysed: 2541
Number of output alignments: 2541 (100%)
Alignments already with CDR3 (no overlapping is performed): 156 (6.14%)
Successfully overlapped alignments: 0 (0%)
Left parts with too small N-region (failed to extract k-mer): 331 (13.03%)
Extracted k-mer diversity: 426
Dropped due to wildcard in k-mer: 0 (0%)
Dropped due to too short NRegion parts in overlap: 0 (0%)
Dropped overlaps with empty N region due to no complete NDN coverage: 0 (0%)
Number of left-side alignments: 1029 (40.5%)
Number of right-side alignments: 1025 (40.34%)
Complex overlaps: 0 (0%)
Over-overlaps: 0 (0%)
Partial alignments written to output: 2385 (93.86%)

>>>>>>>>>>>>>>>>>>>>>>> mixcr extend <<<<<<<<<<<<<<<<<<<<<<<
Running:
mixcr extend --report /projects/rpci/songyao/pnfioric/arc_project/airr_calculation/tcr_quant/results/mixcr_RS-04396702.extend.report.txt --json-report /projects/rpci/songyao/pnfioric/arc_project/airr_calculation/tcr_quant/results/mixcr_RS-04396702.extend.report.json --threads 12 /projects/rpci/songyao/pnfioric/arc_project/airr_calculation/tcr_quant/results/mixcr_RS-04396702.passembled.2.vdjca /projects/rpci/songyao/pnfioric/arc_project/airr_calculation/tcr_quant/results/mixcr_RS-04396702.extended.vdjca
Extending alignments: 0%
====================== report: extend ======================
Analysis time: 47ms
Extended alignments count: 0 (0%)
V extensions total: 0 (0%)
V extensions with merged targets: 0 (0%)
J extensions total: 0 (0%)
J extensions with merged targets: 0 (0%)
V+J extensions: 0 (0%)
Mean V extension length: NaN
Mean J extension length: NaN

>>>>>>>>>>>>>>>>>>>>>> mixcr assemble <<<<<<<<<<<<<<<<<<<<<<
Running:
mixcr assemble --report /projects/rpci/songyao/pnfioric/arc_project/airr_calculation/tcr_quant/results/mixcr_RS-04396702.assemble.report.txt --json-report /projects/rpci/songyao/pnfioric/arc_project/airr_calculation/tcr_quant/results/mixcr_RS-04396702.assemble.report.json /projects/rpci/songyao/pnfioric/arc_project/airr_calculation/tcr_quant/results/mixcr_RS-04396702.extended.vdjca /projects/rpci/songyao/pnfioric/arc_project/airr_calculation/tcr_quant/results/mixcr_RS-04396702.clna
Initialization: progress unknown
Initialization: progress unknown
===================== report: assemble =====================
Analysis time: 214ms
Final clonotype count: 7
Reads used in clonotypes, percent of total: 155 (0%)
Average number of reads per clonotype: 22.14
Reads dropped due to the lack of a clone sequence, percent of total: 2385 (0%)
Reads dropped due to a too short clonal sequence, percent of total: 0 (0%)
Reads dropped due to low quality, percent of total: 0 (0%)
Reads dropped due to failed mapping, percent of total: 1 (0%)
Reads dropped with low quality clones, percent of total: 0 (0%)
Aligned reads processed: 156
Reads used in clonotypes before clustering, percent of total: 155 (0%)
Number of reads used as a core, percent of used: 153 (98.71%)
Mapped low quality reads, percent of used: 2 (1.29%)
Reads clustered in PCR error correction, percent of used: 0 (0%)
Reads pre-clustered due to the similar VJC-lists, percent of used: 0 (0%)
Clonotypes dropped as low quality: 0
Clonotypes eliminated by PCR error correction: 0
Clonotypes pre-clustered due to the similar VJC-lists: 0
Clones dropped in post filtering: 0 (0%)
Reads dropped in post filtering: 0.0 (0%)
Reads filtered by tag prefix: 0 (0%)
TRB chains: 1 (14.29%)
TRB non-functional: 0 (0%)
TRD chains: 1 (14.29%)
TRD non-functional: 0 (0%)
IGK chains: 3 (42.86%)
IGK non-functional: 1 (33.33%)
IGL chains: 2 (28.57%)
IGL non-functional: 0 (0%)

>>>>>>>>>>>>>>>>>> mixcr assembleContigs <<<<<<<<<<<<<<<<<<
Running:
mixcr assembleContigs --report /projects/rpci/songyao/pnfioric/arc_project/airr_calculation/tcr_quant/results/mixcr_RS-04396702.assembleContigs.report.txt --json-report /projects/rpci/songyao/pnfioric/arc_project/airr_calculation/tcr_quant/results/mixcr_RS-04396702.assembleContigs.report.json --threads 12 /projects/rpci/songyao/pnfioric/arc_project/airr_calculation/tcr_quant/results/mixcr_RS-04396702.clna /projects/rpci/songyao/pnfioric/arc_project/airr_calculation/tcr_quant/results/mixcr_RS-04396702.contigs.clns
Assembling contigs: 0%
================= report: assembleContigs =================
Analysis time: 132ms
Initial clonotype count: 7
Final clonotype count: 7 (100%)
Canceled assemblies: 0 (0%)
Clones filtered out after assemble: 0 (0%)
Number of premature termination assembly events, percent of number of initial clonotypes: 0.0 (0%)
Longest contig length: 121
Clustered variants: 0 (0%)
Reads in clustered variants: 0.0 (0%)
Reads in divided (newly created) clones: 0.0 (0%)
Clones with ambiguous letters in splitting region: 0 (0%)
Reads in clones with ambiguous letters in splitting region: 0.0 (0%)
Average number of ambiguous letters per clone with ambiguous letters in splitting region: NaN
Clones combined after clustering: 0 (0%)

>>>>>>>>>>>>>>>>>>>>>>>>> mixcr qc <<<<<<<<<<<<<<<<<<<<<<<<<
Running:
mixcr qc --print-to-stdout /projects/rpci/songyao/pnfioric/arc_project/airr_calculation/tcr_quant/results/mixcr_RS-04396702.contigs.clns /projects/rpci/songyao/pnfioric/arc_project/airr_calculation/tcr_quant/results/mixcr_RS-04396702.qc.txt /projects/rpci/songyao/pnfioric/arc_project/airr_calculation/tcr_quant/results/mixcr_RS-04396702.qc.json

  Alignments dropped due to low sequence quality: 0.0% [OK]

>>>>>>>>>>>>>>>>>>>> mixcr exportClones <<<<<<<<<<<<<<<<<<<<
Running:
mixcr exportClones /projects/rpci/songyao/pnfioric/arc_project/airr_calculation/tcr_quant/results/mixcr_RS-04396702.contigs.clns /projects/rpci/songyao/pnfioric/arc_project/airr_calculation/tcr_quant/results/mixcr_RS-04396702.clones.tsv
Analysis finished successfully.
===============================
Visualize results and simplify your immune data analysis with a convenient UI.
Explore and install Platforma.bio here: https://platforma.bio
