Exporting TRB
Exporting clones: 50%
Filtered 2 of 154 clones (98.7%).
Filtered 9.0 of 577.0 reads (98.44%).
Exporting IGH
Exporting clones: 3.4%
Filtered 29 of 154 clones (81.17%).
Filtered 108.0 of 577.0 reads (81.28%).
Exporting TRG
Exporting clones: 100%
Filtered 1 of 154 clones (99.35%).
Filtered 3.0 of 577.0 reads (99.48%).
Exporting IGL
Exporting clones: 3.7%
Filtered 27 of 154 clones (82.47%).
Filtered 86.0 of 577.0 reads (85.1%).
Exporting IGK
Exporting clones: 1.1%
Filtered 95 of 154 clones (38.31%).
Filtered 371.0 of 577.0 reads (35.7%).
