Exporting TRA
Exporting clones: 50%
Filtered 2 of 52 clones (96.15%).
Filtered 2.0 of 145.0 reads (98.62%).
Exporting IGH
Exporting clones: 11.1%
Filtered 9 of 52 clones (82.69%).
Filtered 27.0 of 145.0 reads (81.38%).
Exporting TRG
Exporting clones: 100%
Filtered 1 of 52 clones (98.08%).
Filtered 2.0 of 145.0 reads (98.62%).
Exporting IGL
Exporting clones: 7.7%
Filtered 13 of 52 clones (75%).
Filtered 40.0 of 145.0 reads (72.41%).
Exporting IGK
Exporting clones: 3.7%
Filtered 27 of 52 clones (48.08%).
Filtered 74.0 of 145.0 reads (48.97%).
