WARNING: sun.reflect.Reflection.getCallerClass is not supported. This will impact performance.

>>>>>>>>>>>>>>>>>>>>>>> mixcr align <<<<<<<<<<<<<<<<<<<<<<<
Running:
mixcr align --report /projects/rpci/songyao/pnfioric/arc_project/airr_calculation/tcr_quant/results/mixcr_RS-04378729.align.report.txt --json-report /projects/rpci/songyao/pnfioric/arc_project/airr_calculation/tcr_quant/results/mixcr_RS-04378729.align.report.json --threads 12 --preset rna-seq --save-output-file-names /projects/rpci/songyao/pnfioric/arc_project/airr_calculation/tcr_quant/results/mixcr_RS-04378729.align.list.tsv --species hsa /projects/rpci/songyao/pnfioric/arc_project/airr_calculation/fastq_files/RS-04378729/RS-04378729_HAYS08003192-C2_RS-04262471_S122_R1_001.fastq.gz /projects/rpci/songyao/pnfioric/arc_project/airr_calculation/fastq_files/RS-04378729/RS-04378729_HAYS08003192-C2_RS-04262471_S122_R2_001.fastq.gz /projects/rpci/songyao/pnfioric/arc_project/airr_calculation/tcr_quant/results/mixcr_RS-04378729.alignments.vdjca
Alignment: 0%
Alignment: 3.7%  ETA: 00:51:26
Alignment: 7.5%  ETA: 00:49:01
Alignment: 11.3%  ETA: 00:46:16
Alignment: 15.1%  ETA: 00:44:59
Alignment: 19%  ETA: 00:41:37
Alignment: 22.8%  ETA: 00:40:35
Alignment: 26.6%  ETA: 00:38:55
Alignment: 30.4%  ETA: 00:36:54
Alignment: 34.1%  ETA: 00:34:55
Alignment: 37.9%  ETA: 00:33:11
Alignment: 41.7%  ETA: 00:30:25
Alignment: 45.5%  ETA: 00:28:39
Alignment: 49.3%  ETA: 00:26:53
Alignment: 53.1%  ETA: 00:24:53
Alignment: 56.8%  ETA: 00:22:53
Alignment: 60.6%  ETA: 00:20:52
Alignment: 64.4%  ETA: 00:18:53
Alignment: 68.2%  ETA: 00:16:44
Alignment: 72%  ETA: 00:14:52
Alignment: 75.8%  ETA: 00:12:45
Alignment: 79.4%  ETA: 00:11:09
Alignment: 83.2%  ETA: 00:08:53
Alignment: 87%  ETA: 00:06:57
Alignment: 90.8%  ETA: 00:04:51
Alignment: 94.5%  ETA: 00:02:53
Alignment: 98.4%  ETA: 00:00:49
====================== report: align ======================
Analysis time: 52.88m
Total sequencing reads: 67523417
Successfully aligned reads: 5349 (0.01%)
Coverage (percent of successfully aligned):
  CDR3: 1192 (22.28%)
  FR3_TO_FR4: 0 (0%)
  CDR2_TO_FR4: 0 (0%)
  FR2_TO_FR4: 0 (0%)
  CDR1_TO_FR4: 0 (0%)
  VDJRegion: 0 (0%)
Alignment failed: no hits (not TCR/IG?): 65952719 (97.67%)
Alignment failed: no CDR3 parts: 25641 (0.04%)
Alignment failed: low total score: 1539708 (2.28%)
Overlapped: 64835992 (96.02%)
Overlapped and aligned: 5331 (0.01%)
Overlapped and not aligned: 64830661 (96.01%)
Alignment-aided overlaps, percent of overlapped and aligned: 1 (0.02%)
No CDR3 parts alignments, percent of successfully aligned: 69 (1.29%)
Partial aligned reads, percent of successfully aligned: 4088 (76.43%)
Realigned with forced non-floating bound: 5374852 (7.96%)
Realigned with forced non-floating right bound in left read: 252 (0%)
Realigned with forced non-floating left bound in right read: 252 (0%)
TRA chains: 613 (11.46%)
TRA non-functional: 0 (0%)
TRB chains: 127 (2.37%)
TRB non-functional: 0 (0%)
TRG chains: 91 (1.7%)
TRG non-functional: 0 (0%)
IGH chains: 1738 (32.49%)
IGH non-functional: 0 (0%)
IGK chains: 1710 (31.97%)
IGK non-functional: 6 (0.35%)
IGL chains: 1070 (20%)
IGL non-functional: 0 (0%)
Trimming report:
  R1 reads trimmed left: 873878 (1.29%)
  R1 reads trimmed right: 895469 (1.33%)
  Average R1 nucleotides trimmed left: 0.21998944455076969
  Average R1 nucleotides trimmed right: 0.23449165790884072
  R2 reads trimmed left: 863945 (1.28%)
  R2 reads trimmed right: 883918 (1.31%)
  Average R2 nucleotides trimmed left: 0.217361941265502
  Average R2 nucleotides trimmed right: 0.2315329658154

>>>>>>>>>>>>>>>>>> mixcr assemblePartial <<<<<<<<<<<<<<<<<<
Running:
mixcr assemblePartial --report /projects/rpci/songyao/pnfioric/arc_project/airr_calculation/tcr_quant/results/mixcr_RS-04378729.assemblePartial.report.txt --json-report /projects/rpci/songyao/pnfioric/arc_project/airr_calculation/tcr_quant/results/mixcr_RS-04378729.assemblePartial.report.json /projects/rpci/songyao/pnfioric/arc_project/airr_calculation/tcr_quant/results/mixcr_RS-04378729.alignments.vdjca /projects/rpci/songyao/pnfioric/arc_project/airr_calculation/tcr_quant/results/mixcr_RS-04378729.passembled.1.vdjca
Building index: 0%
Searching for overlaps: 0%
================= report: assemblePartial =================
Analysis time: 305ms
Total alignments analysed: 5349
Number of output alignments: 5349 (100%)
Alignments already with CDR3 (no overlapping is performed): 1192 (22.28%)
Successfully overlapped alignments: 0 (0%)
Left parts with too small N-region (failed to extract k-mer): 668 (12.49%)
Extracted k-mer diversity: 668
Dropped due to wildcard in k-mer: 0 (0%)
Dropped due to too short NRegion parts in overlap: 0 (0%)
Dropped overlaps with empty N region due to no complete NDN coverage: 0 (0%)
Number of left-side alignments: 1027 (19.2%)
Number of right-side alignments: 2462 (46.03%)
Complex overlaps: 0 (0%)
Over-overlaps: 0 (0%)
Partial alignments written to output: 4157 (77.72%)

>>>>>>>>>>>>>>>>>> mixcr assemblePartial <<<<<<<<<<<<<<<<<<
Running:
mixcr assemblePartial --report /projects/rpci/songyao/pnfioric/arc_project/airr_calculation/tcr_quant/results/mixcr_RS-04378729.assemblePartial.report.txt --json-report /projects/rpci/songyao/pnfioric/arc_project/airr_calculation/tcr_quant/results/mixcr_RS-04378729.assemblePartial.report.json /projects/rpci/songyao/pnfioric/arc_project/airr_calculation/tcr_quant/results/mixcr_RS-04378729.passembled.1.vdjca /projects/rpci/songyao/pnfioric/arc_project/airr_calculation/tcr_quant/results/mixcr_RS-04378729.passembled.2.vdjca
Building index: 0%
Searching for overlaps: 0%
================= report: assemblePartial =================
Analysis time: 135ms
Total alignments analysed: 5349
Number of output alignments: 5349 (100%)
Alignments already with CDR3 (no overlapping is performed): 1192 (22.28%)
Successfully overlapped alignments: 0 (0%)
Left parts with too small N-region (failed to extract k-mer): 668 (12.49%)
Extracted k-mer diversity: 668
Dropped due to wildcard in k-mer: 0 (0%)
Dropped due to too short NRegion parts in overlap: 0 (0%)
Dropped overlaps with empty N region due to no complete NDN coverage: 0 (0%)
Number of left-side alignments: 1027 (19.2%)
Number of right-side alignments: 2462 (46.03%)
Complex overlaps: 0 (0%)
Over-overlaps: 0 (0%)
Partial alignments written to output: 4157 (77.72%)

>>>>>>>>>>>>>>>>>>>>>>> mixcr extend <<<<<<<<<<<<<<<<<<<<<<<
Running:
mixcr extend --report /projects/rpci/songyao/pnfioric/arc_project/airr_calculation/tcr_quant/results/mixcr_RS-04378729.extend.report.txt --json-report /projects/rpci/songyao/pnfioric/arc_project/airr_calculation/tcr_quant/results/mixcr_RS-04378729.extend.report.json --threads 12 /projects/rpci/songyao/pnfioric/arc_project/airr_calculation/tcr_quant/results/mixcr_RS-04378729.passembled.2.vdjca /projects/rpci/songyao/pnfioric/arc_project/airr_calculation/tcr_quant/results/mixcr_RS-04378729.extended.vdjca
Extending alignments: 0%
====================== report: extend ======================
Analysis time: 93ms
Extended alignments count: 0 (0%)
V extensions total: 0 (0%)
V extensions with merged targets: 0 (0%)
J extensions total: 0 (0%)
J extensions with merged targets: 0 (0%)
V+J extensions: 0 (0%)
Mean V extension length: NaN
Mean J extension length: NaN

>>>>>>>>>>>>>>>>>>>>>> mixcr assemble <<<<<<<<<<<<<<<<<<<<<<
Running:
mixcr assemble --report /projects/rpci/songyao/pnfioric/arc_project/airr_calculation/tcr_quant/results/mixcr_RS-04378729.assemble.report.txt --json-report /projects/rpci/songyao/pnfioric/arc_project/airr_calculation/tcr_quant/results/mixcr_RS-04378729.assemble.report.json /projects/rpci/songyao/pnfioric/arc_project/airr_calculation/tcr_quant/results/mixcr_RS-04378729.extended.vdjca /projects/rpci/songyao/pnfioric/arc_project/airr_calculation/tcr_quant/results/mixcr_RS-04378729.clna
Initialization: progress unknown
Initialization: progress unknown
===================== report: assemble =====================
Analysis time: 542ms
Final clonotype count: 50
Reads used in clonotypes, percent of total: 1185 (0%)
Average number of reads per clonotype: 23.7
Reads dropped due to the lack of a clone sequence, percent of total: 4157 (0.01%)
Reads dropped due to a too short clonal sequence, percent of total: 0 (0%)
Reads dropped due to low quality, percent of total: 0 (0%)
Reads dropped due to failed mapping, percent of total: 3 (0%)
Reads dropped with low quality clones, percent of total: 0 (0%)
Aligned reads processed: 1192
Reads used in clonotypes before clustering, percent of total: 1189 (0%)
Number of reads used as a core, percent of used: 1177 (98.99%)
Mapped low quality reads, percent of used: 12 (1.01%)
Reads clustered in PCR error correction, percent of used: 4 (0.34%)
Reads pre-clustered due to the similar VJC-lists, percent of used: 0 (0%)
Clonotypes dropped as low quality: 0
Clonotypes eliminated by PCR error correction: 4
Clonotypes pre-clustered due to the similar VJC-lists: 0
Clones dropped in post filtering: 0 (0%)
Reads dropped in post filtering: 0.0 (0%)
Reads filtered by tag prefix: 0 (0%)
TRB chains: 1 (2%)
TRB non-functional: 0 (0%)
IGH chains: 10 (20%)
IGH non-functional: 0 (0%)
IGK chains: 29 (58%)
IGK non-functional: 1 (3.45%)
IGL chains: 10 (20%)
IGL non-functional: 0 (0%)

>>>>>>>>>>>>>>>>>> mixcr assembleContigs <<<<<<<<<<<<<<<<<<
Running:
mixcr assembleContigs --report /projects/rpci/songyao/pnfioric/arc_project/airr_calculation/tcr_quant/results/mixcr_RS-04378729.assembleContigs.report.txt --json-report /projects/rpci/songyao/pnfioric/arc_project/airr_calculation/tcr_quant/results/mixcr_RS-04378729.assembleContigs.report.json --threads 12 /projects/rpci/songyao/pnfioric/arc_project/airr_calculation/tcr_quant/results/mixcr_RS-04378729.clna /projects/rpci/songyao/pnfioric/arc_project/airr_calculation/tcr_quant/results/mixcr_RS-04378729.contigs.clns
Assembling contigs: 0%
================= report: assembleContigs =================
Analysis time: 352ms
Initial clonotype count: 50
Final clonotype count: 50 (100%)
Canceled assemblies: 0 (0%)
Clones filtered out after assemble: 0 (0%)
Number of premature termination assembly events, percent of number of initial clonotypes: 0.0 (0%)
Longest contig length: 170
Clustered variants: 0 (0%)
Reads in clustered variants: 0.0 (0%)
Reads in divided (newly created) clones: 0.0 (0%)
Clones with ambiguous letters in splitting region: 0 (0%)
Reads in clones with ambiguous letters in splitting region: 0.0 (0%)
Average number of ambiguous letters per clone with ambiguous letters in splitting region: NaN
Clones combined after clustering: 0 (0%)

>>>>>>>>>>>>>>>>>>>>>>>>> mixcr qc <<<<<<<<<<<<<<<<<<<<<<<<<
Running:
mixcr qc --print-to-stdout /projects/rpci/songyao/pnfioric/arc_project/airr_calculation/tcr_quant/results/mixcr_RS-04378729.contigs.clns /projects/rpci/songyao/pnfioric/arc_project/airr_calculation/tcr_quant/results/mixcr_RS-04378729.qc.txt /projects/rpci/songyao/pnfioric/arc_project/airr_calculation/tcr_quant/results/mixcr_RS-04378729.qc.json

  Alignments dropped due to low sequence quality: 0.0% [OK]

>>>>>>>>>>>>>>>>>>>> mixcr exportClones <<<<<<<<<<<<<<<<<<<<
Running:
mixcr exportClones /projects/rpci/songyao/pnfioric/arc_project/airr_calculation/tcr_quant/results/mixcr_RS-04378729.contigs.clns /projects/rpci/songyao/pnfioric/arc_project/airr_calculation/tcr_quant/results/mixcr_RS-04378729.clones.tsv
Analysis finished successfully.
===============================
Visualize results and simplify your immune data analysis with a convenient UI.
Explore and install Platforma.bio here: https://platforma.bio
