Exporting TRB
Exporting clones: 100%
Filtered 1 of 80 clones (98.75%).
Filtered 17.0 of 442.0 reads (96.15%).
Exporting TRA
Exporting clones: 33.3%
Filtered 3 of 80 clones (96.25%).
Filtered 27.0 of 442.0 reads (93.89%).
Exporting IGH
Exporting clones: 5.6%
Filtered 18 of 80 clones (77.5%).
Filtered 76.0 of 442.0 reads (82.81%).
Exporting IGL
Exporting clones: 13.3%
Filtered 15 of 80 clones (81.25%).
Filtered 58.0 of 442.0 reads (86.88%).
Exporting IGK
Exporting clones: 2.3%
Filtered 43 of 80 clones (46.25%).
Filtered 264.0 of 442.0 reads (40.27%).
