Exporting TRB
Exporting clones: 3.3%
Filtered 30 of 2446 clones (98.77%).
Filtered 50.0 of 17468.0 reads (99.71%).
Exporting TRA
Exporting clones: 1.9%
Filtered 53 of 2446 clones (97.83%).
Filtered 77.0 of 17468.0 reads (99.56%).
Exporting IGH
Exporting clones: 0.1%
Filtered 827 of 2446 clones (66.19%).
Filtered 5413.0 of 17468.0 reads (69.01%).
Exporting TRG
Exporting clones: 55.6%
Filtered 9 of 2446 clones (99.63%).
Filtered 22.0 of 17468.0 reads (99.87%).
Exporting IGL
Exporting clones: 0.7%
Filtered 612 of 2446 clones (74.98%).
Filtered 5418.0 of 17468.0 reads (68.98%).
Exporting IGK
Exporting clones: 0.1%
Filtered 915 of 2446 clones (62.59%).
Filtered 6488.0 of 17468.0 reads (62.86%).
