Exporting TRB
Exporting clones: 20%
Filtered 5 of 258 clones (98.06%).
Filtered 25.0 of 1438.0 reads (98.26%).
Exporting TRA
Exporting clones: 16.7%
Filtered 6 of 258 clones (97.67%).
Filtered 39.0 of 1438.0 reads (97.29%).
Exporting IGH
Exporting clones: 1.6%
Filtered 64 of 258 clones (75.19%).
Filtered 287.0 of 1438.0 reads (80.04%).
Exporting IGL
Exporting clones: 2.1%
Filtered 47 of 258 clones (81.78%).
Filtered 327.0 of 1438.0 reads (77.26%).
Exporting IGK
Exporting clones: 0.7%
Filtered 136 of 258 clones (47.29%).
Filtered 760.0 of 1438.0 reads (47.15%).
