Exporting TRB
Exporting clones: 50%
Filtered 2 of 54 clones (96.3%).
Filtered 4.0 of 230.0 reads (98.26%).
Exporting TRA
Exporting clones: 50%
Filtered 2 of 54 clones (96.3%).
Filtered 2.0 of 230.0 reads (99.13%).
Exporting IGH
Exporting clones: 8.3%
Filtered 12 of 54 clones (77.78%).
Filtered 29.0 of 230.0 reads (87.39%).
Exporting TRG
Exporting clones: 50%
Filtered 2 of 54 clones (96.3%).
Filtered 18.0 of 230.0 reads (92.17%).
Exporting IGL
Exporting clones: 10%
Filtered 10 of 54 clones (81.48%).
Filtered 38.0 of 230.0 reads (83.48%).
Exporting IGK
Exporting clones: 3.8%
Filtered 26 of 54 clones (51.85%).
Filtered 139.0 of 230.0 reads (39.57%).
