Exporting TRB
Exporting clones: 25%
Filtered 4 of 361 clones (98.89%).
Filtered 7.0 of 913.0 reads (99.23%).
Exporting TRA
Exporting clones: 16.7%
Filtered 6 of 361 clones (98.34%).
Filtered 11.0 of 913.0 reads (98.8%).
Exporting IGH
Exporting clones: 0.9%
Filtered 106 of 361 clones (70.64%).
Filtered 268.0 of 913.0 reads (70.65%).
Exporting TRG
Exporting clones: 25%
Filtered 4 of 361 clones (98.89%).
Filtered 19.0 of 913.0 reads (97.92%).
Exporting IGL
Exporting clones: 1.3%
Filtered 75 of 361 clones (79.22%).
Filtered 196.0 of 913.0 reads (78.53%).
Exporting IGK
Exporting clones: 0.6%
Filtered 166 of 361 clones (54.02%).
Filtered 412.0 of 913.0 reads (54.87%).
