WARNING: sun.reflect.Reflection.getCallerClass is not supported. This will impact performance.

>>>>>>>>>>>>>>>>>>>>>>> mixcr align <<<<<<<<<<<<<<<<<<<<<<<
Running:
mixcr align --report /projects/rpci/songyao/pnfioric/arc_project/airr_calculation/tcr_quant/results/mixcr_RS-04251304.align.report.txt --json-report /projects/rpci/songyao/pnfioric/arc_project/airr_calculation/tcr_quant/results/mixcr_RS-04251304.align.report.json --threads 12 --preset rna-seq --save-output-file-names /projects/rpci/songyao/pnfioric/arc_project/airr_calculation/tcr_quant/results/mixcr_RS-04251304.align.list.tsv --species hsa /projects/rpci/songyao/pnfioric/arc_project/airr_calculation/fastq_files/RS-04251304/RS-04417219_SCHS11007390-B1_RS-04251304_S183_R1_001.fastq.gz /projects/rpci/songyao/pnfioric/arc_project/airr_calculation/fastq_files/RS-04251304/RS-04417219_SCHS11007390-B1_RS-04251304_S183_R2_001.fastq.gz /projects/rpci/songyao/pnfioric/arc_project/airr_calculation/tcr_quant/results/mixcr_RS-04251304.alignments.vdjca
Alignment: 0%
Alignment: 4.2%  ETA: 00:45:51
Alignment: 8.4%  ETA: 00:43:09
Alignment: 12.6%  ETA: 00:42:11
Alignment: 16.8%  ETA: 00:39:12
Alignment: 21.1%  ETA: 00:37:12
Alignment: 25.3%  ETA: 00:35:11
Alignment: 29.5%  ETA: 00:33:28
Alignment: 33.7%  ETA: 00:31:44
Alignment: 37.8%  ETA: 00:29:59
Alignment: 42%  ETA: 00:27:31
Alignment: 46.3%  ETA: 00:25:18
Alignment: 50.5%  ETA: 00:23:18
Alignment: 54.7%  ETA: 00:21:40
Alignment: 58.9%  ETA: 00:19:40
Alignment: 63%  ETA: 00:17:49
Alignment: 67.3%  ETA: 00:15:33
Alignment: 71.5%  ETA: 00:13:33
Alignment: 75.7%  ETA: 00:11:33
Alignment: 79.9%  ETA: 00:09:38
Alignment: 84%  ETA: 00:07:38
Alignment: 88.2%  ETA: 00:05:38
Alignment: 92.5%  ETA: 00:03:30
Alignment: 96.7%  ETA: 00:01:33
====================== report: align ======================
Analysis time: 47.58m
Total sequencing reads: 60529657
Successfully aligned reads: 3357 (0.01%)
Coverage (percent of successfully aligned):
  CDR3: 469 (13.97%)
  FR3_TO_FR4: 0 (0%)
  CDR2_TO_FR4: 0 (0%)
  FR2_TO_FR4: 0 (0%)
  CDR1_TO_FR4: 0 (0%)
  VDJRegion: 0 (0%)
Alignment failed: no hits (not TCR/IG?): 59070875 (97.59%)
Alignment failed after alignment-aided overlap: 1 (0%)
Alignment failed: no CDR3 parts: 21274 (0.04%)
Alignment failed: low total score: 1434150 (2.37%)
Overlapped: 57610483 (95.18%)
Overlapped and aligned: 3301 (0.01%)
Overlapped and not aligned: 57607182 (95.17%)
Alignment-aided overlaps, percent of overlapped and aligned: 3 (0.09%)
No CDR3 parts alignments, percent of successfully aligned: 96 (2.86%)
Partial aligned reads, percent of successfully aligned: 2792 (83.17%)
Realigned with forced non-floating bound: 5838354 (9.65%)
Realigned with forced non-floating right bound in left read: 216 (0%)
Realigned with forced non-floating left bound in right read: 216 (0%)
TRA chains: 185 (5.51%)
TRA non-functional: 9 (4.86%)
TRB chains: 79 (2.35%)
TRB non-functional: 0 (0%)
TRG chains: 16 (0.48%)
TRG non-functional: 0 (0%)
IGH chains: 779 (23.21%)
IGH non-functional: 0 (0%)
IGK chains: 597 (17.78%)
IGK non-functional: 9 (1.51%)
IGL chains: 1701 (50.67%)
IGL non-functional: 0 (0%)
Trimming report:
  R1 reads trimmed left: 1142267 (1.89%)
  R1 reads trimmed right: 1158058 (1.91%)
  Average R1 nucleotides trimmed left: 0.32080487421232207
  Average R1 nucleotides trimmed right: 0.34096305881924954
  R2 reads trimmed left: 1128828 (1.86%)
  R2 reads trimmed right: 1144765 (1.89%)
  Average R2 nucleotides trimmed left: 0.3169651531314641
  Average R2 nucleotides trimmed right: 0.33686498504361256

>>>>>>>>>>>>>>>>>> mixcr assemblePartial <<<<<<<<<<<<<<<<<<
Running:
mixcr assemblePartial --report /projects/rpci/songyao/pnfioric/arc_project/airr_calculation/tcr_quant/results/mixcr_RS-04251304.assemblePartial.report.txt --json-report /projects/rpci/songyao/pnfioric/arc_project/airr_calculation/tcr_quant/results/mixcr_RS-04251304.assemblePartial.report.json /projects/rpci/songyao/pnfioric/arc_project/airr_calculation/tcr_quant/results/mixcr_RS-04251304.alignments.vdjca /projects/rpci/songyao/pnfioric/arc_project/airr_calculation/tcr_quant/results/mixcr_RS-04251304.passembled.1.vdjca
Building index: 0%
Searching for overlaps: 0%
================= report: assemblePartial =================
Analysis time: 278ms
Total alignments analysed: 3357
Number of output alignments: 3357 (100%)
Alignments already with CDR3 (no overlapping is performed): 475 (14.15%)
Successfully overlapped alignments: 0 (0%)
Left parts with too small N-region (failed to extract k-mer): 1033 (30.77%)
Extracted k-mer diversity: 904
Dropped due to wildcard in k-mer: 0 (0%)
Dropped due to too short NRegion parts in overlap: 0 (0%)
Dropped overlaps with empty N region due to no complete NDN coverage: 0 (0%)
Number of left-side alignments: 752 (22.4%)
Number of right-side alignments: 1097 (32.68%)
Complex overlaps: 0 (0%)
Over-overlaps: 0 (0%)
Partial alignments written to output: 2882 (85.85%)

>>>>>>>>>>>>>>>>>> mixcr assemblePartial <<<<<<<<<<<<<<<<<<
Running:
mixcr assemblePartial --report /projects/rpci/songyao/pnfioric/arc_project/airr_calculation/tcr_quant/results/mixcr_RS-04251304.assemblePartial.report.txt --json-report /projects/rpci/songyao/pnfioric/arc_project/airr_calculation/tcr_quant/results/mixcr_RS-04251304.assemblePartial.report.json /projects/rpci/songyao/pnfioric/arc_project/airr_calculation/tcr_quant/results/mixcr_RS-04251304.passembled.1.vdjca /projects/rpci/songyao/pnfioric/arc_project/airr_calculation/tcr_quant/results/mixcr_RS-04251304.passembled.2.vdjca
Building index: 0%
Searching for overlaps: 0.5%
================= report: assemblePartial =================
Analysis time: 86ms
Total alignments analysed: 3357
Number of output alignments: 3357 (100%)
Alignments already with CDR3 (no overlapping is performed): 475 (14.15%)
Successfully overlapped alignments: 0 (0%)
Left parts with too small N-region (failed to extract k-mer): 1033 (30.77%)
Extracted k-mer diversity: 904
Dropped due to wildcard in k-mer: 0 (0%)
Dropped due to too short NRegion parts in overlap: 0 (0%)
Dropped overlaps with empty N region due to no complete NDN coverage: 0 (0%)
Number of left-side alignments: 752 (22.4%)
Number of right-side alignments: 1097 (32.68%)
Complex overlaps: 0 (0%)
Over-overlaps: 0 (0%)
Partial alignments written to output: 2882 (85.85%)

>>>>>>>>>>>>>>>>>>>>>>> mixcr extend <<<<<<<<<<<<<<<<<<<<<<<
Running:
mixcr extend --report /projects/rpci/songyao/pnfioric/arc_project/airr_calculation/tcr_quant/results/mixcr_RS-04251304.extend.report.txt --json-report /projects/rpci/songyao/pnfioric/arc_project/airr_calculation/tcr_quant/results/mixcr_RS-04251304.extend.report.json --threads 12 /projects/rpci/songyao/pnfioric/arc_project/airr_calculation/tcr_quant/results/mixcr_RS-04251304.passembled.2.vdjca /projects/rpci/songyao/pnfioric/arc_project/airr_calculation/tcr_quant/results/mixcr_RS-04251304.extended.vdjca
Extending alignments: 0%
====================== report: extend ======================
Analysis time: 31ms
Extended alignments count: 0 (0%)
V extensions total: 0 (0%)
V extensions with merged targets: 0 (0%)
J extensions total: 0 (0%)
J extensions with merged targets: 0 (0%)
V+J extensions: 0 (0%)
Mean V extension length: NaN
Mean J extension length: NaN

>>>>>>>>>>>>>>>>>>>>>> mixcr assemble <<<<<<<<<<<<<<<<<<<<<<
Running:
mixcr assemble --report /projects/rpci/songyao/pnfioric/arc_project/airr_calculation/tcr_quant/results/mixcr_RS-04251304.assemble.report.txt --json-report /projects/rpci/songyao/pnfioric/arc_project/airr_calculation/tcr_quant/results/mixcr_RS-04251304.assemble.report.json /projects/rpci/songyao/pnfioric/arc_project/airr_calculation/tcr_quant/results/mixcr_RS-04251304.extended.vdjca /projects/rpci/songyao/pnfioric/arc_project/airr_calculation/tcr_quant/results/mixcr_RS-04251304.clna
Initialization: progress unknown
Initialization: progress unknown
===================== report: assemble =====================
Analysis time: 455ms
Final clonotype count: 52
Reads used in clonotypes, percent of total: 468 (0%)
Average number of reads per clonotype: 9
Reads dropped due to the lack of a clone sequence, percent of total: 2888 (0%)
Reads dropped due to a too short clonal sequence, percent of total: 0 (0%)
Reads dropped due to low quality, percent of total: 0 (0%)
Reads dropped due to failed mapping, percent of total: 0 (0%)
Reads dropped with low quality clones, percent of total: 0 (0%)
Aligned reads processed: 469
Reads used in clonotypes before clustering, percent of total: 469 (0%)
Number of reads used as a core, percent of used: 468 (99.79%)
Mapped low quality reads, percent of used: 1 (0.21%)
Reads clustered in PCR error correction, percent of used: 1 (0.21%)
Reads pre-clustered due to the similar VJC-lists, percent of used: 0 (0%)
Clonotypes dropped as low quality: 0
Clonotypes eliminated by PCR error correction: 1
Clonotypes pre-clustered due to the similar VJC-lists: 0
Clones dropped in post filtering: 0 (0%)
Reads dropped in post filtering: 0.0 (0%)
Reads filtered by tag prefix: 0 (0%)
TRA chains: 3 (5.77%)
TRA non-functional: 2 (66.67%)
IGH chains: 12 (23.08%)
IGH non-functional: 0 (0%)
IGK chains: 26 (50%)
IGK non-functional: 1 (3.85%)
IGL chains: 11 (21.15%)
IGL non-functional: 0 (0%)

>>>>>>>>>>>>>>>>>> mixcr assembleContigs <<<<<<<<<<<<<<<<<<
Running:
mixcr assembleContigs --report /projects/rpci/songyao/pnfioric/arc_project/airr_calculation/tcr_quant/results/mixcr_RS-04251304.assembleContigs.report.txt --json-report /projects/rpci/songyao/pnfioric/arc_project/airr_calculation/tcr_quant/results/mixcr_RS-04251304.assembleContigs.report.json --threads 12 /projects/rpci/songyao/pnfioric/arc_project/airr_calculation/tcr_quant/results/mixcr_RS-04251304.clna /projects/rpci/songyao/pnfioric/arc_project/airr_calculation/tcr_quant/results/mixcr_RS-04251304.contigs.clns
Assembling contigs: 0%
================= report: assembleContigs =================
Analysis time: 196ms
Initial clonotype count: 52
Final clonotype count: 52 (100%)
Canceled assemblies: 0 (0%)
Clones filtered out after assemble: 0 (0%)
Number of premature termination assembly events, percent of number of initial clonotypes: 0.0 (0%)
Longest contig length: 177
Clustered variants: 0 (0%)
Reads in clustered variants: 0.0 (0%)
Reads in divided (newly created) clones: 0.0 (0%)
Clones with ambiguous letters in splitting region: 0 (0%)
Reads in clones with ambiguous letters in splitting region: 0.0 (0%)
Average number of ambiguous letters per clone with ambiguous letters in splitting region: NaN
Clones combined after clustering: 0 (0%)

>>>>>>>>>>>>>>>>>>>>>>>>> mixcr qc <<<<<<<<<<<<<<<<<<<<<<<<<
Running:
mixcr qc --print-to-stdout /projects/rpci/songyao/pnfioric/arc_project/airr_calculation/tcr_quant/results/mixcr_RS-04251304.contigs.clns /projects/rpci/songyao/pnfioric/arc_project/airr_calculation/tcr_quant/results/mixcr_RS-04251304.qc.txt /projects/rpci/songyao/pnfioric/arc_project/airr_calculation/tcr_quant/results/mixcr_RS-04251304.qc.json

  Alignments dropped due to low sequence quality: 0.0% [OK]

>>>>>>>>>>>>>>>>>>>> mixcr exportClones <<<<<<<<<<<<<<<<<<<<
Running:
mixcr exportClones /projects/rpci/songyao/pnfioric/arc_project/airr_calculation/tcr_quant/results/mixcr_RS-04251304.contigs.clns /projects/rpci/songyao/pnfioric/arc_project/airr_calculation/tcr_quant/results/mixcr_RS-04251304.clones.tsv
Analysis finished successfully.
===============================
Visualize results and simplify your immune data analysis with a convenient UI.
Explore and install Platforma.bio here: https://platforma.bio
