WARNING: sun.reflect.Reflection.getCallerClass is not supported. This will impact performance.

>>>>>>>>>>>>>>>>>>>>>>> mixcr align <<<<<<<<<<<<<<<<<<<<<<<
Running:
mixcr align --report /projects/rpci/songyao/pnfioric/arc_project/airr_calculation/tcr_quant/results/mixcr_RS-04396724.align.report.txt --json-report /projects/rpci/songyao/pnfioric/arc_project/airr_calculation/tcr_quant/results/mixcr_RS-04396724.align.report.json --threads 12 --preset rna-seq --save-output-file-names /projects/rpci/songyao/pnfioric/arc_project/airr_calculation/tcr_quant/results/mixcr_RS-04396724.align.list.tsv --species hsa /projects/rpci/songyao/pnfioric/arc_project/airr_calculation/fastq_files/RS-04396724/RS-04396724_WCRS07001292-A1_RS-03857992_S76_R1_001.fastq.gz /projects/rpci/songyao/pnfioric/arc_project/airr_calculation/fastq_files/RS-04396724/RS-04396724_WCRS07001292-A1_RS-03857992_S76_R2_001.fastq.gz /projects/rpci/songyao/pnfioric/arc_project/airr_calculation/tcr_quant/results/mixcr_RS-04396724.alignments.vdjca
Alignment: 0%
Alignment: 3.6%  ETA: 00:53:51
Alignment: 7.2%  ETA: 00:51:25
Alignment: 10.8%  ETA: 00:49:01
Alignment: 14.4%  ETA: 00:47:24
Alignment: 18%  ETA: 00:45:24
Alignment: 21.7%  ETA: 00:42:41
Alignment: 25.3%  ETA: 00:41:22
Alignment: 28.9%  ETA: 00:39:42
Alignment: 32.5%  ETA: 00:38:02
Alignment: 36%  ETA: 00:35:43
Alignment: 39.6%  ETA: 00:33:43
Alignment: 43.3%  ETA: 00:31:11
Alignment: 46.9%  ETA: 00:29:11
Alignment: 50.5%  ETA: 00:27:54
Alignment: 54%  ETA: 00:25:40
Alignment: 57.6%  ETA: 00:23:40
Alignment: 61.2%  ETA: 00:21:40
Alignment: 64.8%  ETA: 00:19:30
Alignment: 68.4%  ETA: 00:17:20
Alignment: 72.1%  ETA: 00:15:29
Alignment: 75.6%  ETA: 00:13:44
Alignment: 79.2%  ETA: 00:11:37
Alignment: 82.8%  ETA: 00:09:37
Alignment: 86.3%  ETA: 00:07:37
Alignment: 90%  ETA: 00:05:33
Alignment: 93.6%  ETA: 00:03:33
Alignment: 97.2%  ETA: 00:01:32
====================== report: align ======================
Analysis time: 55.59m
Total sequencing reads: 68645922
Successfully aligned reads: 38445 (0.06%)
Coverage (percent of successfully aligned):
  CDR3: 6497 (16.9%)
  FR3_TO_FR4: 26 (0.07%)
  CDR2_TO_FR4: 26 (0.07%)
  FR2_TO_FR4: 0 (0%)
  CDR1_TO_FR4: 0 (0%)
  VDJRegion: 0 (0%)
Alignment failed: no hits (not TCR/IG?): 66638404 (97.08%)
Alignment failed: no CDR3 parts: 98245 (0.14%)
Alignment failed: low total score: 1870828 (2.73%)
Overlapped: 65511026 (95.43%)
Overlapped and aligned: 38143 (0.06%)
Overlapped and not aligned: 65472883 (95.38%)
Alignment-aided overlaps, percent of overlapped and aligned: 96 (0.25%)
No CDR3 parts alignments, percent of successfully aligned: 495 (1.29%)
Partial aligned reads, percent of successfully aligned: 31453 (81.81%)
Realigned with forced non-floating bound: 6269984 (9.13%)
Realigned with forced non-floating right bound in left read: 946 (0%)
Realigned with forced non-floating left bound in right read: 946 (0%)
TRA chains: 1435 (3.73%)
TRA non-functional: 0 (0%)
TRB chains: 480 (1.25%)
TRB non-functional: 0 (0%)
TRD chains: 3 (0.01%)
TRD non-functional: 0 (0%)
TRG chains: 163 (0.42%)
TRG non-functional: 0 (0%)
IGH chains: 20166 (52.45%)
IGH non-functional: 27 (0.13%)
TRAD chains: 130 (0.34%)
TRAD non-functional: 0 (0%)
IGK chains: 4006 (10.42%)
IGK non-functional: 93 (2.32%)
IGL chains: 12062 (31.37%)
IGL non-functional: 22 (0.18%)
Trimming report:
  R1 reads trimmed left: 411948 (0.6%)
  R1 reads trimmed right: 429285 (0.63%)
  Average R1 nucleotides trimmed left: 0.10201398416645929
  Average R1 nucleotides trimmed right: 0.1112375473666156
  R2 reads trimmed left: 409607 (0.6%)
  R2 reads trimmed right: 421238 (0.61%)
  Average R2 nucleotides trimmed left: 0.10065815708615583
  Average R2 nucleotides trimmed right: 0.10767686971995219

>>>>>>>>>>>>>>>>>> mixcr assemblePartial <<<<<<<<<<<<<<<<<<
Running:
mixcr assemblePartial --report /projects/rpci/songyao/pnfioric/arc_project/airr_calculation/tcr_quant/results/mixcr_RS-04396724.assemblePartial.report.txt --json-report /projects/rpci/songyao/pnfioric/arc_project/airr_calculation/tcr_quant/results/mixcr_RS-04396724.assemblePartial.report.json /projects/rpci/songyao/pnfioric/arc_project/airr_calculation/tcr_quant/results/mixcr_RS-04396724.alignments.vdjca /projects/rpci/songyao/pnfioric/arc_project/airr_calculation/tcr_quant/results/mixcr_RS-04396724.passembled.1.vdjca
Building index: 0%
Searching for overlaps: 0%
Searching for overlaps: 89.1%  ETA: 00:00:00
================= report: assemblePartial =================
Analysis time: 1.59s
Total alignments analysed: 38445
Number of output alignments: 38342 (99.73%)
Alignments already with CDR3 (no overlapping is performed): 7050 (18.34%)
Successfully overlapped alignments: 103 (0.27%)
Left parts with too small N-region (failed to extract k-mer): 10751 (27.96%)
Extracted k-mer diversity: 7808
Dropped due to wildcard in k-mer: 0 (0%)
Dropped due to too short NRegion parts in overlap: 166 (0.43%)
Dropped overlaps with empty N region due to no complete NDN coverage: 0 (0%)
Number of left-side alignments: 10425 (27.12%)
Number of right-side alignments: 10233 (26.62%)
Complex overlaps: 0 (0%)
Over-overlaps: 0 (0%)
Partial alignments written to output: 31189 (81.13%)

>>>>>>>>>>>>>>>>>> mixcr assemblePartial <<<<<<<<<<<<<<<<<<
Running:
mixcr assemblePartial --report /projects/rpci/songyao/pnfioric/arc_project/airr_calculation/tcr_quant/results/mixcr_RS-04396724.assemblePartial.report.txt --json-report /projects/rpci/songyao/pnfioric/arc_project/airr_calculation/tcr_quant/results/mixcr_RS-04396724.assemblePartial.report.json /projects/rpci/songyao/pnfioric/arc_project/airr_calculation/tcr_quant/results/mixcr_RS-04396724.passembled.1.vdjca /projects/rpci/songyao/pnfioric/arc_project/airr_calculation/tcr_quant/results/mixcr_RS-04396724.passembled.2.vdjca
Building index: 0%
Searching for overlaps: 0%
================= report: assemblePartial =================
Analysis time: 1.1s
Total alignments analysed: 38342
Number of output alignments: 38342 (100%)
Alignments already with CDR3 (no overlapping is performed): 7153 (18.66%)
Successfully overlapped alignments: 0 (0%)
Left parts with too small N-region (failed to extract k-mer): 10751 (28.04%)
Extracted k-mer diversity: 7724
Dropped due to wildcard in k-mer: 0 (0%)
Dropped due to too short NRegion parts in overlap: 152 (0.4%)
Dropped overlaps with empty N region due to no complete NDN coverage: 0 (0%)
Number of left-side alignments: 10322 (26.92%)
Number of right-side alignments: 10116 (26.38%)
Complex overlaps: 0 (0%)
Over-overlaps: 0 (0%)
Partial alignments written to output: 31189 (81.34%)

>>>>>>>>>>>>>>>>>>>>>>> mixcr extend <<<<<<<<<<<<<<<<<<<<<<<
Running:
mixcr extend --report /projects/rpci/songyao/pnfioric/arc_project/airr_calculation/tcr_quant/results/mixcr_RS-04396724.extend.report.txt --json-report /projects/rpci/songyao/pnfioric/arc_project/airr_calculation/tcr_quant/results/mixcr_RS-04396724.extend.report.json --threads 12 /projects/rpci/songyao/pnfioric/arc_project/airr_calculation/tcr_quant/results/mixcr_RS-04396724.passembled.2.vdjca /projects/rpci/songyao/pnfioric/arc_project/airr_calculation/tcr_quant/results/mixcr_RS-04396724.extended.vdjca
Extending alignments: 0%
====================== report: extend ======================
Analysis time: 518ms
Extended alignments count: 0 (0%)
V extensions total: 0 (0%)
V extensions with merged targets: 0 (0%)
J extensions total: 0 (0%)
J extensions with merged targets: 0 (0%)
V+J extensions: 0 (0%)
Mean V extension length: NaN
Mean J extension length: NaN

>>>>>>>>>>>>>>>>>>>>>> mixcr assemble <<<<<<<<<<<<<<<<<<<<<<
Running:
mixcr assemble --report /projects/rpci/songyao/pnfioric/arc_project/airr_calculation/tcr_quant/results/mixcr_RS-04396724.assemble.report.txt --json-report /projects/rpci/songyao/pnfioric/arc_project/airr_calculation/tcr_quant/results/mixcr_RS-04396724.assemble.report.json /projects/rpci/songyao/pnfioric/arc_project/airr_calculation/tcr_quant/results/mixcr_RS-04396724.extended.vdjca /projects/rpci/songyao/pnfioric/arc_project/airr_calculation/tcr_quant/results/mixcr_RS-04396724.clna
Initialization: progress unknown
Initialization: progress unknown
Writing alignments: 44.4%
Writing alignments: 98.7%  ETA: 00:00:00
===================== report: assemble =====================
Analysis time: 1.61s
Final clonotype count: 471
Reads used in clonotypes, percent of total: 6679 (0.01%)
Average number of reads per clonotype: 14.18
Reads dropped due to the lack of a clone sequence, percent of total: 31742 (0.05%)
Reads dropped due to a too short clonal sequence, percent of total: 0 (0%)
Reads dropped due to low quality, percent of total: 0 (0%)
Reads dropped due to failed mapping, percent of total: 14 (0%)
Reads dropped with low quality clones, percent of total: 0 (0%)
Aligned reads processed: 6703
Reads used in clonotypes before clustering, percent of total: 6689 (0.01%)
Number of reads used as a core, percent of used: 6659 (99.55%)
Mapped low quality reads, percent of used: 30 (0.45%)
Reads clustered in PCR error correction, percent of used: 10 (0.15%)
Reads pre-clustered due to the similar VJC-lists, percent of used: 0 (0%)
Clonotypes dropped as low quality: 0
Clonotypes eliminated by PCR error correction: 9
Clonotypes pre-clustered due to the similar VJC-lists: 0
Clones dropped in post filtering: 0 (0%)
Reads dropped in post filtering: 0.0 (0%)
Reads filtered by tag prefix: 0 (0%)
TRB chains: 1 (0.21%)
TRB non-functional: 0 (0%)
IGH chains: 164 (34.82%)
IGH non-functional: 3 (1.83%)
IGK chains: 145 (30.79%)
IGK non-functional: 7 (4.83%)
IGL chains: 161 (34.18%)
IGL non-functional: 2 (1.24%)

>>>>>>>>>>>>>>>>>> mixcr assembleContigs <<<<<<<<<<<<<<<<<<
Running:
mixcr assembleContigs --report /projects/rpci/songyao/pnfioric/arc_project/airr_calculation/tcr_quant/results/mixcr_RS-04396724.assembleContigs.report.txt --json-report /projects/rpci/songyao/pnfioric/arc_project/airr_calculation/tcr_quant/results/mixcr_RS-04396724.assembleContigs.report.json --threads 12 /projects/rpci/songyao/pnfioric/arc_project/airr_calculation/tcr_quant/results/mixcr_RS-04396724.clna /projects/rpci/songyao/pnfioric/arc_project/airr_calculation/tcr_quant/results/mixcr_RS-04396724.contigs.clns
Assembling contigs: 0%
================= report: assembleContigs =================
Analysis time: 672ms
Initial clonotype count: 471
Final clonotype count: 471 (100%)
Canceled assemblies: 0 (0%)
Clones filtered out after assemble: 0 (0%)
Number of premature termination assembly events, percent of number of initial clonotypes: 0.0 (0%)
Longest contig length: 246
Clustered variants: 0 (0%)
Reads in clustered variants: 0.0 (0%)
Reads in divided (newly created) clones: 0.0 (0%)
Clones with ambiguous letters in splitting region: 0 (0%)
Reads in clones with ambiguous letters in splitting region: 0.0 (0%)
Average number of ambiguous letters per clone with ambiguous letters in splitting region: NaN
Clones combined after clustering: 0 (0%)

>>>>>>>>>>>>>>>>>>>>>>>>> mixcr qc <<<<<<<<<<<<<<<<<<<<<<<<<
Running:
mixcr qc --print-to-stdout /projects/rpci/songyao/pnfioric/arc_project/airr_calculation/tcr_quant/results/mixcr_RS-04396724.contigs.clns /projects/rpci/songyao/pnfioric/arc_project/airr_calculation/tcr_quant/results/mixcr_RS-04396724.qc.txt /projects/rpci/songyao/pnfioric/arc_project/airr_calculation/tcr_quant/results/mixcr_RS-04396724.qc.json

  Alignments dropped due to low sequence quality: 0.0% [OK]

>>>>>>>>>>>>>>>>>>>> mixcr exportClones <<<<<<<<<<<<<<<<<<<<
Running:
mixcr exportClones /projects/rpci/songyao/pnfioric/arc_project/airr_calculation/tcr_quant/results/mixcr_RS-04396724.contigs.clns /projects/rpci/songyao/pnfioric/arc_project/airr_calculation/tcr_quant/results/mixcr_RS-04396724.clones.tsv
Analysis finished successfully.
===============================
Visualize results and simplify your immune data analysis with a convenient UI.
Explore and install Platforma.bio here: https://platforma.bio
