WARNING: sun.reflect.Reflection.getCallerClass is not supported. This will impact performance.

>>>>>>>>>>>>>>>>>>>>>>> mixcr align <<<<<<<<<<<<<<<<<<<<<<<
Running:
mixcr align --report /projects/rpci/songyao/pnfioric/arc_project/airr_calculation/tcr_quant/results/mixcr_RS-04378726.align.report.txt --json-report /projects/rpci/songyao/pnfioric/arc_project/airr_calculation/tcr_quant/results/mixcr_RS-04378726.align.report.json --threads 12 --preset rna-seq --save-output-file-names /projects/rpci/songyao/pnfioric/arc_project/airr_calculation/tcr_quant/results/mixcr_RS-04378726.align.list.tsv --species hsa /projects/rpci/songyao/pnfioric/arc_project/airr_calculation/fastq_files/RS-04378726/RS-04378726_STRS07006628-H_RS-03854198_S119_R1_001.fastq.gz /projects/rpci/songyao/pnfioric/arc_project/airr_calculation/fastq_files/RS-04378726/RS-04378726_STRS07006628-H_RS-03854198_S119_R2_001.fastq.gz /projects/rpci/songyao/pnfioric/arc_project/airr_calculation/tcr_quant/results/mixcr_RS-04378726.alignments.vdjca
Alignment: 0%
Alignment: 3.6%  ETA: 00:54:08
Alignment: 7.2%  ETA: 00:51:43
Alignment: 10.8%  ETA: 00:49:19
Alignment: 14.4%  ETA: 00:47:20
Alignment: 18%  ETA: 00:45:19
Alignment: 21.7%  ETA: 00:42:59
Alignment: 25.3%  ETA: 00:41:19
Alignment: 28.9%  ETA: 00:39:37
Alignment: 32.4%  ETA: 00:37:56
Alignment: 36%  ETA: 00:35:38
Alignment: 39.6%  ETA: 00:33:39
Alignment: 43.2%  ETA: 00:31:38
Alignment: 46.8%  ETA: 00:29:38
Alignment: 50.4%  ETA: 00:27:38
Alignment: 53.9%  ETA: 00:25:51
Alignment: 57.5%  ETA: 00:23:51
Alignment: 61.1%  ETA: 00:21:40
Alignment: 64.7%  ETA: 00:19:50
Alignment: 68.3%  ETA: 00:17:32
Alignment: 71.9%  ETA: 00:15:40
Alignment: 75.5%  ETA: 00:13:40
Alignment: 79%  ETA: 00:11:53
Alignment: 82.6%  ETA: 00:09:42
Alignment: 86.1%  ETA: 00:07:46
Alignment: 89.7%  ETA: 00:05:43
Alignment: 93.3%  ETA: 00:03:43
Alignment: 96.9%  ETA: 00:01:41
====================== report: align ======================
Analysis time: 55.75m
Total sequencing reads: 72326079
Successfully aligned reads: 10032 (0.01%)
Coverage (percent of successfully aligned):
  CDR3: 2232 (22.25%)
  FR3_TO_FR4: 0 (0%)
  CDR2_TO_FR4: 0 (0%)
  FR2_TO_FR4: 0 (0%)
  CDR1_TO_FR4: 0 (0%)
  VDJRegion: 0 (0%)
Alignment failed: no hits (not TCR/IG?): 70790215 (97.88%)
Alignment failed: no CDR3 parts: 31270 (0.04%)
Alignment failed: low total score: 1494562 (2.07%)
Overlapped: 68728430 (95.03%)
Overlapped and aligned: 9768 (0.01%)
Overlapped and not aligned: 68718662 (95.01%)
Alignment-aided overlaps, percent of overlapped and aligned: 13 (0.13%)
No CDR3 parts alignments, percent of successfully aligned: 60 (0.6%)
Partial aligned reads, percent of successfully aligned: 7740 (77.15%)
V gene chimeras: 1 (0%)
Realigned with forced non-floating bound: 7195324 (9.95%)
Realigned with forced non-floating right bound in left read: 361 (0%)
Realigned with forced non-floating left bound in right read: 361 (0%)
TRA chains: 323 (3.22%)
TRA non-functional: 0 (0%)
TRB chains: 188 (1.87%)
TRB non-functional: 0 (0%)
TRD chains: 6 (0.06%)
TRD non-functional: 0 (0%)
TRG chains: 20 (0.2%)
TRG non-functional: 0 (0%)
IGH chains: 4971 (49.55%)
IGH non-functional: 0 (0%)
TRAD chains: 1 (0.01%)
TRAD non-functional: 0 (0%)
IGK chains: 2967 (29.58%)
IGK non-functional: 80 (2.7%)
IGL chains: 1556 (15.51%)
IGL non-functional: 17 (1.09%)
Trimming report:
  R1 reads trimmed left: 742110 (1.03%)
  R1 reads trimmed right: 754740 (1.04%)
  Average R1 nucleotides trimmed left: 0.17440843157002883
  Average R1 nucleotides trimmed right: 0.18558698585056713
  R2 reads trimmed left: 730533 (1.01%)
  R2 reads trimmed right: 741544 (1.03%)
  Average R2 nucleotides trimmed left: 0.17155600264186863
  Average R2 nucleotides trimmed right: 0.18239651841212076

>>>>>>>>>>>>>>>>>> mixcr assemblePartial <<<<<<<<<<<<<<<<<<
Running:
mixcr assemblePartial --report /projects/rpci/songyao/pnfioric/arc_project/airr_calculation/tcr_quant/results/mixcr_RS-04378726.assemblePartial.report.txt --json-report /projects/rpci/songyao/pnfioric/arc_project/airr_calculation/tcr_quant/results/mixcr_RS-04378726.assemblePartial.report.json /projects/rpci/songyao/pnfioric/arc_project/airr_calculation/tcr_quant/results/mixcr_RS-04378726.alignments.vdjca /projects/rpci/songyao/pnfioric/arc_project/airr_calculation/tcr_quant/results/mixcr_RS-04378726.passembled.1.vdjca
Building index: 0%
Searching for overlaps: 0%
================= report: assemblePartial =================
Analysis time: 836ms
Total alignments analysed: 10032
Number of output alignments: 9972 (99.4%)
Alignments already with CDR3 (no overlapping is performed): 2271 (22.64%)
Successfully overlapped alignments: 60 (0.6%)
Left parts with too small N-region (failed to extract k-mer): 2168 (21.61%)
Extracted k-mer diversity: 1683
Dropped due to wildcard in k-mer: 0 (0%)
Dropped due to too short NRegion parts in overlap: 118 (1.18%)
Dropped overlaps with empty N region due to no complete NDN coverage: 0 (0%)
Number of left-side alignments: 2785 (27.76%)
Number of right-side alignments: 2808 (27.99%)
Complex overlaps: 0 (0%)
Over-overlaps: 0 (0%)
Partial alignments written to output: 7641 (76.17%)

>>>>>>>>>>>>>>>>>> mixcr assemblePartial <<<<<<<<<<<<<<<<<<
Running:
mixcr assemblePartial --report /projects/rpci/songyao/pnfioric/arc_project/airr_calculation/tcr_quant/results/mixcr_RS-04378726.assemblePartial.report.txt --json-report /projects/rpci/songyao/pnfioric/arc_project/airr_calculation/tcr_quant/results/mixcr_RS-04378726.assemblePartial.report.json /projects/rpci/songyao/pnfioric/arc_project/airr_calculation/tcr_quant/results/mixcr_RS-04378726.passembled.1.vdjca /projects/rpci/songyao/pnfioric/arc_project/airr_calculation/tcr_quant/results/mixcr_RS-04378726.passembled.2.vdjca
Building index: 0%
Searching for overlaps: 0%
================= report: assemblePartial =================
Analysis time: 393ms
Total alignments analysed: 9972
Number of output alignments: 9972 (100%)
Alignments already with CDR3 (no overlapping is performed): 2331 (23.38%)
Successfully overlapped alignments: 0 (0%)
Left parts with too small N-region (failed to extract k-mer): 2168 (21.74%)
Extracted k-mer diversity: 1680
Dropped due to wildcard in k-mer: 0 (0%)
Dropped due to too short NRegion parts in overlap: 112 (1.12%)
Dropped overlaps with empty N region due to no complete NDN coverage: 0 (0%)
Number of left-side alignments: 2725 (27.33%)
Number of right-side alignments: 2748 (27.56%)
Complex overlaps: 0 (0%)
Over-overlaps: 0 (0%)
Partial alignments written to output: 7641 (76.62%)

>>>>>>>>>>>>>>>>>>>>>>> mixcr extend <<<<<<<<<<<<<<<<<<<<<<<
Running:
mixcr extend --report /projects/rpci/songyao/pnfioric/arc_project/airr_calculation/tcr_quant/results/mixcr_RS-04378726.extend.report.txt --json-report /projects/rpci/songyao/pnfioric/arc_project/airr_calculation/tcr_quant/results/mixcr_RS-04378726.extend.report.json --threads 12 /projects/rpci/songyao/pnfioric/arc_project/airr_calculation/tcr_quant/results/mixcr_RS-04378726.passembled.2.vdjca /projects/rpci/songyao/pnfioric/arc_project/airr_calculation/tcr_quant/results/mixcr_RS-04378726.extended.vdjca
Extending alignments: 0%
====================== report: extend ======================
Analysis time: 148ms
Extended alignments count: 1 (0.01%)
V extensions total: 0 (0%)
V extensions with merged targets: 0 (0%)
J extensions total: 1 (0.01%)
J extensions with merged targets: 0 (0%)
V+J extensions: 0 (0%)
Mean V extension length: NaN
Mean J extension length: 10.0

>>>>>>>>>>>>>>>>>>>>>> mixcr assemble <<<<<<<<<<<<<<<<<<<<<<
Running:
mixcr assemble --report /projects/rpci/songyao/pnfioric/arc_project/airr_calculation/tcr_quant/results/mixcr_RS-04378726.assemble.report.txt --json-report /projects/rpci/songyao/pnfioric/arc_project/airr_calculation/tcr_quant/results/mixcr_RS-04378726.assemble.report.json /projects/rpci/songyao/pnfioric/arc_project/airr_calculation/tcr_quant/results/mixcr_RS-04378726.extended.vdjca /projects/rpci/songyao/pnfioric/arc_project/airr_calculation/tcr_quant/results/mixcr_RS-04378726.clna
Initialization: progress unknown
Initialization: progress unknown
===================== report: assemble =====================
Analysis time: 690ms
Final clonotype count: 124
Reads used in clonotypes, percent of total: 2330 (0%)
Average number of reads per clonotype: 18.79
Reads dropped due to the lack of a clone sequence, percent of total: 7679 (0.01%)
Reads dropped due to a too short clonal sequence, percent of total: 0 (0%)
Reads dropped due to low quality, percent of total: 0 (0%)
Reads dropped due to failed mapping, percent of total: 13 (0%)
Reads dropped with low quality clones, percent of total: 0 (0%)
Aligned reads processed: 2353
Reads used in clonotypes before clustering, percent of total: 2340 (0%)
Number of reads used as a core, percent of used: 2327 (99.44%)
Mapped low quality reads, percent of used: 13 (0.56%)
Reads clustered in PCR error correction, percent of used: 10 (0.43%)
Reads pre-clustered due to the similar VJC-lists, percent of used: 0 (0%)
Clonotypes dropped as low quality: 0
Clonotypes eliminated by PCR error correction: 7
Clonotypes pre-clustered due to the similar VJC-lists: 0
Clones dropped in post filtering: 0 (0%)
Reads dropped in post filtering: 0.0 (0%)
Reads filtered by tag prefix: 0 (0%)
TRA chains: 1 (0.81%)
TRA non-functional: 1 (100%)
IGH chains: 44 (35.48%)
IGH non-functional: 0 (0%)
IGK chains: 57 (45.97%)
IGK non-functional: 7 (12.28%)
IGL chains: 22 (17.74%)
IGL non-functional: 1 (4.55%)

>>>>>>>>>>>>>>>>>> mixcr assembleContigs <<<<<<<<<<<<<<<<<<
Running:
mixcr assembleContigs --report /projects/rpci/songyao/pnfioric/arc_project/airr_calculation/tcr_quant/results/mixcr_RS-04378726.assembleContigs.report.txt --json-report /projects/rpci/songyao/pnfioric/arc_project/airr_calculation/tcr_quant/results/mixcr_RS-04378726.assembleContigs.report.json --threads 12 /projects/rpci/songyao/pnfioric/arc_project/airr_calculation/tcr_quant/results/mixcr_RS-04378726.clna /projects/rpci/songyao/pnfioric/arc_project/airr_calculation/tcr_quant/results/mixcr_RS-04378726.contigs.clns
Assembling contigs: 0%
================= report: assembleContigs =================
Analysis time: 377ms
Initial clonotype count: 124
Final clonotype count: 124 (100%)
Canceled assemblies: 0 (0%)
Clones filtered out after assemble: 0 (0%)
Number of premature termination assembly events, percent of number of initial clonotypes: 0.0 (0%)
Longest contig length: 287
Clustered variants: 0 (0%)
Reads in clustered variants: 0.0 (0%)
Reads in divided (newly created) clones: 0.0 (0%)
Clones with ambiguous letters in splitting region: 0 (0%)
Reads in clones with ambiguous letters in splitting region: 0.0 (0%)
Average number of ambiguous letters per clone with ambiguous letters in splitting region: NaN
Clones combined after clustering: 0 (0%)

>>>>>>>>>>>>>>>>>>>>>>>>> mixcr qc <<<<<<<<<<<<<<<<<<<<<<<<<
Running:
mixcr qc --print-to-stdout /projects/rpci/songyao/pnfioric/arc_project/airr_calculation/tcr_quant/results/mixcr_RS-04378726.contigs.clns /projects/rpci/songyao/pnfioric/arc_project/airr_calculation/tcr_quant/results/mixcr_RS-04378726.qc.txt /projects/rpci/songyao/pnfioric/arc_project/airr_calculation/tcr_quant/results/mixcr_RS-04378726.qc.json

  Alignments dropped due to low sequence quality: 0.0% [OK]

>>>>>>>>>>>>>>>>>>>> mixcr exportClones <<<<<<<<<<<<<<<<<<<<
Running:
mixcr exportClones /projects/rpci/songyao/pnfioric/arc_project/airr_calculation/tcr_quant/results/mixcr_RS-04378726.contigs.clns /projects/rpci/songyao/pnfioric/arc_project/airr_calculation/tcr_quant/results/mixcr_RS-04378726.clones.tsv
Analysis finished successfully.
===============================
Visualize results and simplify your immune data analysis with a convenient UI.
Explore and install Platforma.bio here: https://platforma.bio
