WARNING: sun.reflect.Reflection.getCallerClass is not supported. This will impact performance.

>>>>>>>>>>>>>>>>>>>>>>> mixcr align <<<<<<<<<<<<<<<<<<<<<<<
Running:
mixcr align --report /projects/rpci/songyao/pnfioric/arc_project/airr_calculation/tcr_quant/results/mixcr_RS-04367476.align.report.txt --json-report /projects/rpci/songyao/pnfioric/arc_project/airr_calculation/tcr_quant/results/mixcr_RS-04367476.align.report.json --threads 12 --preset rna-seq --save-output-file-names /projects/rpci/songyao/pnfioric/arc_project/airr_calculation/tcr_quant/results/mixcr_RS-04367476.align.list.tsv --species hsa /projects/rpci/songyao/pnfioric/arc_project/airr_calculation/fastq_files/RS-04367476/RS-04367476_SACS12018793-B7_RS-03617041_S142_R1_001.fastq.gz /projects/rpci/songyao/pnfioric/arc_project/airr_calculation/fastq_files/RS-04367476/RS-04367476_SACS12018793-B7_RS-03617041_S142_R2_001.fastq.gz /projects/rpci/songyao/pnfioric/arc_project/airr_calculation/tcr_quant/results/mixcr_RS-04367476.alignments.vdjca
Alignment: 0%
Alignment: 3.7%  ETA: 00:51:55
Alignment: 7.4%  ETA: 00:49:29
Alignment: 11.3%  ETA: 00:46:41
Alignment: 14.9%  ETA: 00:46:16
Alignment: 18.6%  ETA: 00:44:16
Alignment: 22.3%  ETA: 00:41:53
Alignment: 26.1%  ETA: 00:39:12
Alignment: 29.8%  ETA: 00:38:11
Alignment: 33.5%  ETA: 00:35:15
Alignment: 37.2%  ETA: 00:34:08
Alignment: 40.9%  ETA: 00:31:51
Alignment: 44.6%  ETA: 00:30:07
Alignment: 48.3%  ETA: 00:27:52
Alignment: 52%  ETA: 00:26:21
Alignment: 55.7%  ETA: 00:23:54
Alignment: 59.3%  ETA: 00:22:06
Alignment: 63%  ETA: 00:20:18
Alignment: 66.7%  ETA: 00:18:07
Alignment: 70.3%  ETA: 00:16:17
Alignment: 74%  ETA: 00:14:16
Alignment: 77.6%  ETA: 00:12:09
Alignment: 81.3%  ETA: 00:10:09
Alignment: 85%  ETA: 00:08:04
Alignment: 88.8%  ETA: 00:06:00
Alignment: 92.4%  ETA: 00:04:09
Alignment: 96.1%  ETA: 00:02:05
Alignment: 99.8%  ETA: 00:00:05
====================== report: align ======================
Analysis time: 54.15m
Total sequencing reads: 61452384
Successfully aligned reads: 19817 (0.03%)
Coverage (percent of successfully aligned):
  CDR3: 7131 (35.98%)
  FR3_TO_FR4: 43 (0.22%)
  CDR2_TO_FR4: 17 (0.09%)
  FR2_TO_FR4: 0 (0%)
  CDR1_TO_FR4: 16 (0.08%)
  VDJRegion: 6 (0.03%)
Alignment failed: no hits (not TCR/IG?): 60021532 (97.67%)
Alignment failed after alignment-aided overlap: 17 (0%)
Alignment failed: no CDR3 parts: 43246 (0.07%)
Alignment failed: low total score: 1367772 (2.23%)
Overlapped: 55443306 (90.22%)
Overlapped and aligned: 19101 (0.03%)
Overlapped and not aligned: 55424205 (90.19%)
Alignment-aided overlaps, percent of overlapped and aligned: 328 (1.72%)
No CDR3 parts alignments, percent of successfully aligned: 410 (2.07%)
Partial aligned reads, percent of successfully aligned: 12276 (61.95%)
Realigned with forced non-floating bound: 12018812 (19.56%)
Realigned with forced non-floating right bound in left read: 616 (0%)
Realigned with forced non-floating left bound in right read: 616 (0%)
TRA chains: 505 (2.55%)
TRA non-functional: 0 (0%)
TRB chains: 141 (0.71%)
TRB non-functional: 0 (0%)
TRD chains: 16 (0.08%)
TRD non-functional: 0 (0%)
TRG chains: 19 (0.1%)
TRG non-functional: 0 (0%)
IGH chains: 6472 (32.66%)
IGH non-functional: 28 (0.43%)
TRAD chains: 9 (0.05%)
TRAD non-functional: 0 (0%)
IGK chains: 8314 (41.95%)
IGK non-functional: 208 (2.5%)
IGL chains: 4341 (21.91%)
IGL non-functional: 29 (0.67%)
Trimming report:
  R1 reads trimmed left: 37263 (0.06%)
  R1 reads trimmed right: 38497 (0.06%)
  Average R1 nucleotides trimmed left: 0.010307183526028867
  Average R1 nucleotides trimmed right: 0.011083491895123223
  R2 reads trimmed left: 38816 (0.06%)
  R2 reads trimmed right: 39754 (0.06%)
  Average R2 nucleotides trimmed left: 0.010264125798602053
  Average R2 nucleotides trimmed right: 0.012085373286738558

>>>>>>>>>>>>>>>>>> mixcr assemblePartial <<<<<<<<<<<<<<<<<<
Running:
mixcr assemblePartial --report /projects/rpci/songyao/pnfioric/arc_project/airr_calculation/tcr_quant/results/mixcr_RS-04367476.assemblePartial.report.txt --json-report /projects/rpci/songyao/pnfioric/arc_project/airr_calculation/tcr_quant/results/mixcr_RS-04367476.assemblePartial.report.json /projects/rpci/songyao/pnfioric/arc_project/airr_calculation/tcr_quant/results/mixcr_RS-04367476.alignments.vdjca /projects/rpci/songyao/pnfioric/arc_project/airr_calculation/tcr_quant/results/mixcr_RS-04367476.passembled.1.vdjca
Building index: 0%
Searching for overlaps: 0%
Searching for overlaps: 85.3%  ETA: 00:00:00
================= report: assemblePartial =================
Analysis time: 1.71s
Total alignments analysed: 19817
Number of output alignments: 19488 (98.34%)
Alignments already with CDR3 (no overlapping is performed): 7500 (37.85%)
Successfully overlapped alignments: 329 (1.66%)
Left parts with too small N-region (failed to extract k-mer): 3864 (19.5%)
Extracted k-mer diversity: 5678
Dropped due to wildcard in k-mer: 0 (0%)
Dropped due to too short NRegion parts in overlap: 435 (2.2%)
Dropped overlaps with empty N region due to no complete NDN coverage: 0 (0%)
Number of left-side alignments: 2308 (11.65%)
Number of right-side alignments: 6177 (31.17%)
Complex overlaps: 0 (0%)
Over-overlaps: 0 (0%)
Partial alignments written to output: 11659 (58.83%)

>>>>>>>>>>>>>>>>>> mixcr assemblePartial <<<<<<<<<<<<<<<<<<
Running:
mixcr assemblePartial --report /projects/rpci/songyao/pnfioric/arc_project/airr_calculation/tcr_quant/results/mixcr_RS-04367476.assemblePartial.report.txt --json-report /projects/rpci/songyao/pnfioric/arc_project/airr_calculation/tcr_quant/results/mixcr_RS-04367476.assemblePartial.report.json /projects/rpci/songyao/pnfioric/arc_project/airr_calculation/tcr_quant/results/mixcr_RS-04367476.passembled.1.vdjca /projects/rpci/songyao/pnfioric/arc_project/airr_calculation/tcr_quant/results/mixcr_RS-04367476.passembled.2.vdjca
Building index: 0%
Searching for overlaps: 0%
================= report: assemblePartial =================
Analysis time: 750ms
Total alignments analysed: 19488
Number of output alignments: 19488 (100%)
Alignments already with CDR3 (no overlapping is performed): 7829 (40.17%)
Successfully overlapped alignments: 0 (0%)
Left parts with too small N-region (failed to extract k-mer): 3862 (19.82%)
Extracted k-mer diversity: 5350
Dropped due to wildcard in k-mer: 0 (0%)
Dropped due to too short NRegion parts in overlap: 398 (2.04%)
Dropped overlaps with empty N region due to no complete NDN coverage: 0 (0%)
Number of left-side alignments: 1979 (10.15%)
Number of right-side alignments: 5846 (30%)
Complex overlaps: 0 (0%)
Over-overlaps: 0 (0%)
Partial alignments written to output: 11659 (59.83%)

>>>>>>>>>>>>>>>>>>>>>>> mixcr extend <<<<<<<<<<<<<<<<<<<<<<<
Running:
mixcr extend --report /projects/rpci/songyao/pnfioric/arc_project/airr_calculation/tcr_quant/results/mixcr_RS-04367476.extend.report.txt --json-report /projects/rpci/songyao/pnfioric/arc_project/airr_calculation/tcr_quant/results/mixcr_RS-04367476.extend.report.json --threads 12 /projects/rpci/songyao/pnfioric/arc_project/airr_calculation/tcr_quant/results/mixcr_RS-04367476.passembled.2.vdjca /projects/rpci/songyao/pnfioric/arc_project/airr_calculation/tcr_quant/results/mixcr_RS-04367476.extended.vdjca
Extending alignments: 0%
====================== report: extend ======================
Analysis time: 213ms
Extended alignments count: 0 (0%)
V extensions total: 0 (0%)
V extensions with merged targets: 0 (0%)
J extensions total: 0 (0%)
J extensions with merged targets: 0 (0%)
V+J extensions: 0 (0%)
Mean V extension length: NaN
Mean J extension length: NaN

>>>>>>>>>>>>>>>>>>>>>> mixcr assemble <<<<<<<<<<<<<<<<<<<<<<
Running:
mixcr assemble --report /projects/rpci/songyao/pnfioric/arc_project/airr_calculation/tcr_quant/results/mixcr_RS-04367476.assemble.report.txt --json-report /projects/rpci/songyao/pnfioric/arc_project/airr_calculation/tcr_quant/results/mixcr_RS-04367476.assemble.report.json /projects/rpci/songyao/pnfioric/arc_project/airr_calculation/tcr_quant/results/mixcr_RS-04367476.extended.vdjca /projects/rpci/songyao/pnfioric/arc_project/airr_calculation/tcr_quant/results/mixcr_RS-04367476.clna
Initialization: progress unknown
Building clones: 78.4%
Initialization: progress unknown
Writing alignments: 81.1%
===================== report: assemble =====================
Analysis time: 1.59s
Final clonotype count: 779
Reads used in clonotypes, percent of total: 7631 (0.01%)
Average number of reads per clonotype: 9.8
Reads dropped due to the lack of a clone sequence, percent of total: 12028 (0.02%)
Reads dropped due to a too short clonal sequence, percent of total: 0 (0%)
Reads dropped due to low quality, percent of total: 0 (0%)
Reads dropped due to failed mapping, percent of total: 53 (0%)
Reads dropped with low quality clones, percent of total: 0 (0%)
Aligned reads processed: 7789
Reads used in clonotypes before clustering, percent of total: 7736 (0.01%)
Number of reads used as a core, percent of used: 7664 (99.07%)
Mapped low quality reads, percent of used: 72 (0.93%)
Reads clustered in PCR error correction, percent of used: 105 (1.36%)
Reads pre-clustered due to the similar VJC-lists, percent of used: 0 (0%)
Clonotypes dropped as low quality: 0
Clonotypes eliminated by PCR error correction: 71
Clonotypes pre-clustered due to the similar VJC-lists: 0
Clones dropped in post filtering: 0 (0%)
Reads dropped in post filtering: 0.0 (0%)
Reads filtered by tag prefix: 0 (0%)
TRA chains: 4 (0.51%)
TRA non-functional: 0 (0%)
TRB chains: 3 (0.39%)
TRB non-functional: 0 (0%)
IGH chains: 265 (34.02%)
IGH non-functional: 9 (3.4%)
IGK chains: 350 (44.93%)
IGK non-functional: 53 (15.14%)
IGL chains: 157 (20.15%)
IGL non-functional: 8 (5.1%)

>>>>>>>>>>>>>>>>>> mixcr assembleContigs <<<<<<<<<<<<<<<<<<
Running:
mixcr assembleContigs --report /projects/rpci/songyao/pnfioric/arc_project/airr_calculation/tcr_quant/results/mixcr_RS-04367476.assembleContigs.report.txt --json-report /projects/rpci/songyao/pnfioric/arc_project/airr_calculation/tcr_quant/results/mixcr_RS-04367476.assembleContigs.report.json --threads 12 /projects/rpci/songyao/pnfioric/arc_project/airr_calculation/tcr_quant/results/mixcr_RS-04367476.clna /projects/rpci/songyao/pnfioric/arc_project/airr_calculation/tcr_quant/results/mixcr_RS-04367476.contigs.clns
Assembling contigs: 0%
Assembling contigs: 32.1%  ETA: 00:00:02
================= report: assembleContigs =================
Analysis time: 1.32s
Initial clonotype count: 779
Final clonotype count: 779 (100%)
Canceled assemblies: 0 (0%)
Clones filtered out after assemble: 0 (0%)
Number of premature termination assembly events, percent of number of initial clonotypes: 0.0 (0%)
Longest contig length: 357
Clustered variants: 0 (0%)
Reads in clustered variants: 0.0 (0%)
Reads in divided (newly created) clones: 0.0 (0%)
Clones with ambiguous letters in splitting region: 0 (0%)
Reads in clones with ambiguous letters in splitting region: 0.0 (0%)
Average number of ambiguous letters per clone with ambiguous letters in splitting region: NaN
Clones combined after clustering: 0 (0%)

>>>>>>>>>>>>>>>>>>>>>>>>> mixcr qc <<<<<<<<<<<<<<<<<<<<<<<<<
Running:
mixcr qc --print-to-stdout /projects/rpci/songyao/pnfioric/arc_project/airr_calculation/tcr_quant/results/mixcr_RS-04367476.contigs.clns /projects/rpci/songyao/pnfioric/arc_project/airr_calculation/tcr_quant/results/mixcr_RS-04367476.qc.txt /projects/rpci/songyao/pnfioric/arc_project/airr_calculation/tcr_quant/results/mixcr_RS-04367476.qc.json

  Alignments dropped due to low sequence quality: 0.0% [OK]

>>>>>>>>>>>>>>>>>>>> mixcr exportClones <<<<<<<<<<<<<<<<<<<<
Running:
mixcr exportClones /projects/rpci/songyao/pnfioric/arc_project/airr_calculation/tcr_quant/results/mixcr_RS-04367476.contigs.clns /projects/rpci/songyao/pnfioric/arc_project/airr_calculation/tcr_quant/results/mixcr_RS-04367476.clones.tsv
Analysis finished successfully.
===============================
Visualize results and simplify your immune data analysis with a convenient UI.
Explore and install Platforma.bio here: https://platforma.bio
