Exporting TRB
Exporting clones: 50%
Filtered 2 of 124 clones (98.39%).
Filtered 2.0 of 390.0 reads (99.49%).
Exporting TRA
Exporting clones: 33.3%
Filtered 3 of 124 clones (97.58%).
Filtered 3.0 of 390.0 reads (99.23%).
Exporting IGH
Exporting clones: 2.9%
Filtered 35 of 124 clones (71.77%).
Filtered 101.0 of 390.0 reads (74.1%).
Exporting IGL
Exporting clones: 4.2%
Filtered 24 of 124 clones (80.65%).
Filtered 57.0 of 390.0 reads (85.38%).
Exporting IGK
Exporting clones: 1.7%
Filtered 60 of 124 clones (51.61%).
Filtered 227.0 of 390.0 reads (41.79%).
