WARNING: sun.reflect.Reflection.getCallerClass is not supported. This will impact performance.

>>>>>>>>>>>>>>>>>>>>>>> mixcr align <<<<<<<<<<<<<<<<<<<<<<<
Running:
mixcr align --report /projects/rpci/songyao/pnfioric/arc_project/airr_calculation/tcr_quant/results/mixcr_RS-04396847.align.report.txt --json-report /projects/rpci/songyao/pnfioric/arc_project/airr_calculation/tcr_quant/results/mixcr_RS-04396847.align.report.json --threads 12 --preset rna-seq --save-output-file-names /projects/rpci/songyao/pnfioric/arc_project/airr_calculation/tcr_quant/results/mixcr_RS-04396847.align.list.tsv --species hsa /projects/rpci/songyao/pnfioric/arc_project/airr_calculation/fastq_files/RS-04396847/RS-04396847_HAYS13004411-B5_RS-04267057_S186_R1_001.fastq.gz /projects/rpci/songyao/pnfioric/arc_project/airr_calculation/fastq_files/RS-04396847/RS-04396847_HAYS13004411-B5_RS-04267057_S186_R2_001.fastq.gz /projects/rpci/songyao/pnfioric/arc_project/airr_calculation/tcr_quant/results/mixcr_RS-04396847.alignments.vdjca
Alignment: 0%
Alignment: 2.7%  ETA: 01:12:39
Alignment: 5.5%  ETA: 01:08:02
Alignment: 8.2%  ETA: 01:07:17
Alignment: 10.9%  ETA: 01:05:16
Alignment: 13.6%  ETA: 01:03:52
Alignment: 16.4%  ETA: 01:00:43
Alignment: 19.1%  ETA: 00:58:43
Alignment: 21.9%  ETA: 00:56:11
Alignment: 24.6%  ETA: 00:55:13
Alignment: 27.3%  ETA: 00:53:44
Alignment: 30%  ETA: 00:51:43
Alignment: 32.8%  ETA: 00:49:43
Alignment: 35.5%  ETA: 00:47:44
Alignment: 38.2%  ETA: 00:45:43
Alignment: 40.9%  ETA: 00:43:18
Alignment: 43.6%  ETA: 00:41:43
Alignment: 46.3%  ETA: 00:39:20
Alignment: 49%  ETA: 00:37:42
Alignment: 51.8%  ETA: 00:35:21
Alignment: 54.5%  ETA: 00:33:21
Alignment: 57.2%  ETA: 00:31:58
Alignment: 59.9%  ETA: 00:29:40
Alignment: 62.6%  ETA: 00:27:40
Alignment: 65.3%  ETA: 00:25:10
Alignment: 68.1%  ETA: 00:23:10
Alignment: 70.8%  ETA: 00:21:23
Alignment: 73.6%  ETA: 00:19:11
Alignment: 76.3%  ETA: 00:17:32
Alignment: 79%  ETA: 00:15:32
Alignment: 81.7%  ETA: 00:13:24
Alignment: 84.4%  ETA: 00:11:39
Alignment: 87.1%  ETA: 00:09:32
Alignment: 89.8%  ETA: 00:07:22
Alignment: 92.6%  ETA: 00:05:26
Alignment: 95.3%  ETA: 00:03:23
Alignment: 98.1%  ETA: 00:01:23
====================== report: align ======================
Analysis time: 73.44m
Total sequencing reads: 76830239
Successfully aligned reads: 4904 (0.01%)
Coverage (percent of successfully aligned):
  CDR3: 1357 (27.67%)
  FR3_TO_FR4: 15 (0.31%)
  CDR2_TO_FR4: 6 (0.12%)
  FR2_TO_FR4: 0 (0%)
  CDR1_TO_FR4: 0 (0%)
  VDJRegion: 0 (0%)
Alignment failed: no hits (not TCR/IG?): 75002361 (97.62%)
Alignment failed: no CDR3 parts: 23164 (0.03%)
Alignment failed: low total score: 1799810 (2.34%)
Overlapped: 63550255 (82.72%)
Overlapped and aligned: 4324 (0.01%)
Overlapped and not aligned: 63545931 (82.71%)
Alignment-aided overlaps, percent of overlapped and aligned: 169 (3.91%)
No CDR3 parts alignments, percent of successfully aligned: 108 (2.2%)
Partial aligned reads, percent of successfully aligned: 3439 (70.13%)
V gene chimeras: 3 (0%)
Realigned with forced non-floating bound: 26560306 (34.57%)
Realigned with forced non-floating right bound in left read: 943 (0%)
Realigned with forced non-floating left bound in right read: 943 (0%)
TRA chains: 382 (7.79%)
TRA non-functional: 0 (0%)
TRB chains: 117 (2.39%)
TRB non-functional: 0 (0%)
TRD chains: 1 (0.02%)
TRD non-functional: 0 (0%)
TRG chains: 31 (0.63%)
TRG non-functional: 0 (0%)
IGH chains: 1427 (29.1%)
IGH non-functional: 4 (0.28%)
TRAD chains: 15 (0.31%)
TRAD non-functional: 0 (0%)
IGK chains: 1415 (28.85%)
IGK non-functional: 34 (2.4%)
IGL chains: 1516 (30.91%)
IGL non-functional: 4 (0.26%)
Trimming report:
  R1 reads trimmed left: 42160 (0.05%)
  R1 reads trimmed right: 47073 (0.06%)
  Average R1 nucleotides trimmed left: 0.0093237507695375
  Average R1 nucleotides trimmed right: 0.012311532702638085
  R2 reads trimmed left: 45486 (0.06%)
  R2 reads trimmed right: 44460 (0.06%)
  Average R2 nucleotides trimmed left: 0.009300179321321649
  Average R2 nucleotides trimmed right: 0.010113908405256946

>>>>>>>>>>>>>>>>>> mixcr assemblePartial <<<<<<<<<<<<<<<<<<
Running:
mixcr assemblePartial --report /projects/rpci/songyao/pnfioric/arc_project/airr_calculation/tcr_quant/results/mixcr_RS-04396847.assemblePartial.report.txt --json-report /projects/rpci/songyao/pnfioric/arc_project/airr_calculation/tcr_quant/results/mixcr_RS-04396847.assemblePartial.report.json /projects/rpci/songyao/pnfioric/arc_project/airr_calculation/tcr_quant/results/mixcr_RS-04396847.alignments.vdjca /projects/rpci/songyao/pnfioric/arc_project/airr_calculation/tcr_quant/results/mixcr_RS-04396847.passembled.1.vdjca
Building index: 0%
Searching for overlaps: 0%
================= report: assemblePartial =================
Analysis time: 405ms
Total alignments analysed: 4904
Number of output alignments: 4876 (99.43%)
Alignments already with CDR3 (no overlapping is performed): 1438 (29.32%)
Successfully overlapped alignments: 28 (0.57%)
Left parts with too small N-region (failed to extract k-mer): 883 (18.01%)
Extracted k-mer diversity: 4211
Dropped due to wildcard in k-mer: 0 (0%)
Dropped due to too short NRegion parts in overlap: 13 (0.27%)
Dropped overlaps with empty N region due to no complete NDN coverage: 1 (0.02%)
Number of left-side alignments: 619 (12.62%)
Number of right-side alignments: 1993 (40.64%)
Complex overlaps: 0 (0%)
Over-overlaps: 0 (0%)
Partial alignments written to output: 3410 (69.54%)

>>>>>>>>>>>>>>>>>> mixcr assemblePartial <<<<<<<<<<<<<<<<<<
Running:
mixcr assemblePartial --report /projects/rpci/songyao/pnfioric/arc_project/airr_calculation/tcr_quant/results/mixcr_RS-04396847.assemblePartial.report.txt --json-report /projects/rpci/songyao/pnfioric/arc_project/airr_calculation/tcr_quant/results/mixcr_RS-04396847.assemblePartial.report.json /projects/rpci/songyao/pnfioric/arc_project/airr_calculation/tcr_quant/results/mixcr_RS-04396847.passembled.1.vdjca /projects/rpci/songyao/pnfioric/arc_project/airr_calculation/tcr_quant/results/mixcr_RS-04396847.passembled.2.vdjca
Building index: 0%
Searching for overlaps: 0.2%
================= report: assemblePartial =================
Analysis time: 153ms
Total alignments analysed: 4876
Number of output alignments: 4876 (100%)
Alignments already with CDR3 (no overlapping is performed): 1466 (30.07%)
Successfully overlapped alignments: 0 (0%)
Left parts with too small N-region (failed to extract k-mer): 883 (18.11%)
Extracted k-mer diversity: 4127
Dropped due to wildcard in k-mer: 0 (0%)
Dropped due to too short NRegion parts in overlap: 11 (0.23%)
Dropped overlaps with empty N region due to no complete NDN coverage: 1 (0.02%)
Number of left-side alignments: 591 (12.12%)
Number of right-side alignments: 1965 (40.3%)
Complex overlaps: 0 (0%)
Over-overlaps: 0 (0%)
Partial alignments written to output: 3410 (69.93%)

>>>>>>>>>>>>>>>>>>>>>>> mixcr extend <<<<<<<<<<<<<<<<<<<<<<<
Running:
mixcr extend --report /projects/rpci/songyao/pnfioric/arc_project/airr_calculation/tcr_quant/results/mixcr_RS-04396847.extend.report.txt --json-report /projects/rpci/songyao/pnfioric/arc_project/airr_calculation/tcr_quant/results/mixcr_RS-04396847.extend.report.json --threads 12 /projects/rpci/songyao/pnfioric/arc_project/airr_calculation/tcr_quant/results/mixcr_RS-04396847.passembled.2.vdjca /projects/rpci/songyao/pnfioric/arc_project/airr_calculation/tcr_quant/results/mixcr_RS-04396847.extended.vdjca
Extending alignments: 0%
====================== report: extend ======================
Analysis time: 54ms
Extended alignments count: 3 (0.06%)
V extensions total: 0 (0%)
V extensions with merged targets: 0 (0%)
J extensions total: 3 (0.06%)
J extensions with merged targets: 0 (0%)
V+J extensions: 0 (0%)
Mean V extension length: NaN
Mean J extension length: 3.6666666666666665

>>>>>>>>>>>>>>>>>>>>>> mixcr assemble <<<<<<<<<<<<<<<<<<<<<<
Running:
mixcr assemble --report /projects/rpci/songyao/pnfioric/arc_project/airr_calculation/tcr_quant/results/mixcr_RS-04396847.assemble.report.txt --json-report /projects/rpci/songyao/pnfioric/arc_project/airr_calculation/tcr_quant/results/mixcr_RS-04396847.assemble.report.json /projects/rpci/songyao/pnfioric/arc_project/airr_calculation/tcr_quant/results/mixcr_RS-04396847.extended.vdjca /projects/rpci/songyao/pnfioric/arc_project/airr_calculation/tcr_quant/results/mixcr_RS-04396847.clna
Initialization: progress unknown
Initialization: progress unknown
===================== report: assemble =====================
Analysis time: 1.19s
Final clonotype count: 668
Reads used in clonotypes, percent of total: 1343 (0%)
Average number of reads per clonotype: 2.01
Reads dropped due to the lack of a clone sequence, percent of total: 3488 (0%)
Reads dropped due to a too short clonal sequence, percent of total: 0 (0%)
Reads dropped due to low quality, percent of total: 0 (0%)
Reads dropped due to failed mapping, percent of total: 71 (0%)
Reads dropped with low quality clones, percent of total: 0 (0%)
Aligned reads processed: 1416
Reads used in clonotypes before clustering, percent of total: 1345 (0%)
Number of reads used as a core, percent of used: 1336 (99.33%)
Mapped low quality reads, percent of used: 9 (0.67%)
Reads clustered in PCR error correction, percent of used: 2 (0.15%)
Reads pre-clustered due to the similar VJC-lists, percent of used: 0 (0%)
Clonotypes dropped as low quality: 0
Clonotypes eliminated by PCR error correction: 2
Clonotypes pre-clustered due to the similar VJC-lists: 0
Clones dropped in post filtering: 0 (0%)
Reads dropped in post filtering: 0.0 (0%)
Reads filtered by tag prefix: 0 (0%)
TRA chains: 4 (0.6%)
TRA non-functional: 0 (0%)
TRB chains: 7 (1.05%)
TRB non-functional: 0 (0%)
TRG chains: 1 (0.15%)
TRG non-functional: 0 (0%)
IGH chains: 148 (22.16%)
IGH non-functional: 1 (0.68%)
IGK chains: 347 (51.95%)
IGK non-functional: 19 (5.48%)
IGL chains: 161 (24.1%)
IGL non-functional: 5 (3.11%)

>>>>>>>>>>>>>>>>>> mixcr assembleContigs <<<<<<<<<<<<<<<<<<
Running:
mixcr assembleContigs --report /projects/rpci/songyao/pnfioric/arc_project/airr_calculation/tcr_quant/results/mixcr_RS-04396847.assembleContigs.report.txt --json-report /projects/rpci/songyao/pnfioric/arc_project/airr_calculation/tcr_quant/results/mixcr_RS-04396847.assembleContigs.report.json --threads 12 /projects/rpci/songyao/pnfioric/arc_project/airr_calculation/tcr_quant/results/mixcr_RS-04396847.clna /projects/rpci/songyao/pnfioric/arc_project/airr_calculation/tcr_quant/results/mixcr_RS-04396847.contigs.clns
Assembling contigs: 0%
================= report: assembleContigs =================
Analysis time: 578ms
Initial clonotype count: 668
Final clonotype count: 668 (100%)
Canceled assemblies: 0 (0%)
Clones filtered out after assemble: 0 (0%)
Number of premature termination assembly events, percent of number of initial clonotypes: 0.0 (0%)
Longest contig length: 384
Clustered variants: 0 (0%)
Reads in clustered variants: 0.0 (0%)
Reads in divided (newly created) clones: 0.0 (0%)
Clones with ambiguous letters in splitting region: 0 (0%)
Reads in clones with ambiguous letters in splitting region: 0.0 (0%)
Average number of ambiguous letters per clone with ambiguous letters in splitting region: NaN
Clones combined after clustering: 0 (0%)

>>>>>>>>>>>>>>>>>>>>>>>>> mixcr qc <<<<<<<<<<<<<<<<<<<<<<<<<
Running:
mixcr qc --print-to-stdout /projects/rpci/songyao/pnfioric/arc_project/airr_calculation/tcr_quant/results/mixcr_RS-04396847.contigs.clns /projects/rpci/songyao/pnfioric/arc_project/airr_calculation/tcr_quant/results/mixcr_RS-04396847.qc.txt /projects/rpci/songyao/pnfioric/arc_project/airr_calculation/tcr_quant/results/mixcr_RS-04396847.qc.json

  Alignments dropped due to low sequence quality: 0.0% [OK]

>>>>>>>>>>>>>>>>>>>> mixcr exportClones <<<<<<<<<<<<<<<<<<<<
Running:
mixcr exportClones /projects/rpci/songyao/pnfioric/arc_project/airr_calculation/tcr_quant/results/mixcr_RS-04396847.contigs.clns /projects/rpci/songyao/pnfioric/arc_project/airr_calculation/tcr_quant/results/mixcr_RS-04396847.clones.tsv
Analysis finished successfully.
===============================
Visualize results and simplify your immune data analysis with a convenient UI.
Explore and install Platforma.bio here: https://platforma.bio
