WARNING: sun.reflect.Reflection.getCallerClass is not supported. This will impact performance.

>>>>>>>>>>>>>>>>>>>>>>> mixcr align <<<<<<<<<<<<<<<<<<<<<<<
Running:
mixcr align --report /projects/rpci/songyao/pnfioric/arc_project/airr_calculation/tcr_quant/results/mixcr_RS-03792488.align.report.txt --json-report /projects/rpci/songyao/pnfioric/arc_project/airr_calculation/tcr_quant/results/mixcr_RS-03792488.align.report.json --threads 12 --preset rna-seq --save-output-file-names /projects/rpci/songyao/pnfioric/arc_project/airr_calculation/tcr_quant/results/mixcr_RS-03792488.align.list.tsv --species hsa /projects/rpci/songyao/pnfioric/arc_project/airr_calculation/fastq_files/RS-03792488/RS-04417225_SCHS09015771-A3_RS-03792488_S189_R1_001.fastq.gz /projects/rpci/songyao/pnfioric/arc_project/airr_calculation/fastq_files/RS-03792488/RS-04417225_SCHS09015771-A3_RS-03792488_S189_R2_001.fastq.gz /projects/rpci/songyao/pnfioric/arc_project/airr_calculation/tcr_quant/results/mixcr_RS-03792488.alignments.vdjca
Alignment: 0%
Alignment: 4.8%  ETA: 00:39:16
Alignment: 9.7%  ETA: 00:37:16
Alignment: 14.5%  ETA: 00:35:16
Alignment: 19.5%  ETA: 00:32:41
Alignment: 24.4%  ETA: 00:30:41
Alignment: 29.2%  ETA: 00:29:33
Alignment: 34%  ETA: 00:27:23
Alignment: 38.8%  ETA: 00:25:23
Alignment: 43.7%  ETA: 00:23:06
Alignment: 48.6%  ETA: 00:20:59
Alignment: 53.4%  ETA: 00:19:20
Alignment: 58.2%  ETA: 00:17:19
Alignment: 63%  ETA: 00:15:25
Alignment: 67.9%  ETA: 00:13:10
Alignment: 72.7%  ETA: 00:11:15
Alignment: 77.6%  ETA: 00:09:14
Alignment: 82.4%  ETA: 00:07:21
Alignment: 87.2%  ETA: 00:05:16
Alignment: 92.1%  ETA: 00:03:16
Alignment: 97%  ETA: 00:01:14
====================== report: align ======================
Analysis time: 41.26m
Total sequencing reads: 71728981
Successfully aligned reads: 3103 (0%)
Coverage (percent of successfully aligned):
  CDR3: 514 (16.56%)
  FR3_TO_FR4: 2 (0.06%)
  CDR2_TO_FR4: 2 (0.06%)
  FR2_TO_FR4: 0 (0%)
  CDR1_TO_FR4: 0 (0%)
  VDJRegion: 1 (0.03%)
Alignment failed: no hits (not TCR/IG?): 69945517 (97.51%)
Alignment failed after alignment-aided overlap: 1 (0%)
Alignment failed: no CDR3 parts: 23491 (0.03%)
Alignment failed: low total score: 1756869 (2.45%)
Overlapped: 65380047 (91.15%)
Overlapped and aligned: 2910 (0%)
Overlapped and not aligned: 65377137 (91.14%)
Alignment-aided overlaps, percent of overlapped and aligned: 47 (1.62%)
No CDR3 parts alignments, percent of successfully aligned: 31 (1%)
Partial aligned reads, percent of successfully aligned: 2558 (82.44%)
Paired-end alignment conflicts eliminated: 2 (0%)
Realigned with forced non-floating bound: 12697962 (17.7%)
Realigned with forced non-floating right bound in left read: 725 (0%)
Realigned with forced non-floating left bound in right read: 725 (0%)
TRA chains: 937 (30.2%)
TRA non-functional: 0 (0%)
TRB chains: 213 (6.86%)
TRB non-functional: 1 (0.47%)
TRD chains: 2 (0.06%)
TRD non-functional: 0 (0%)
TRG chains: 29 (0.93%)
TRG non-functional: 9 (31.03%)
IGH chains: 804 (25.91%)
IGH non-functional: 10 (1.24%)
TRAD chains: 8 (0.26%)
TRAD non-functional: 0 (0%)
IGK chains: 501 (16.15%)
IGK non-functional: 15 (2.99%)
IGL chains: 609 (19.63%)
IGL non-functional: 2 (0.33%)
Trimming report:
  R1 reads trimmed left: 40970 (0.06%)
  R1 reads trimmed right: 42444 (0.06%)
  Average R1 nucleotides trimmed left: 0.009700820927596894
  Average R1 nucleotides trimmed right: 0.010382079734270865
  R2 reads trimmed left: 39039 (0.05%)
  R2 reads trimmed right: 41454 (0.06%)
  Average R2 nucleotides trimmed left: 0.009160732396295997
  Average R2 nucleotides trimmed right: 0.009798870556937091

>>>>>>>>>>>>>>>>>> mixcr assemblePartial <<<<<<<<<<<<<<<<<<
Running:
mixcr assemblePartial --report /projects/rpci/songyao/pnfioric/arc_project/airr_calculation/tcr_quant/results/mixcr_RS-03792488.assemblePartial.report.txt --json-report /projects/rpci/songyao/pnfioric/arc_project/airr_calculation/tcr_quant/results/mixcr_RS-03792488.assemblePartial.report.json /projects/rpci/songyao/pnfioric/arc_project/airr_calculation/tcr_quant/results/mixcr_RS-03792488.alignments.vdjca /projects/rpci/songyao/pnfioric/arc_project/airr_calculation/tcr_quant/results/mixcr_RS-03792488.passembled.1.vdjca
Building index: 0%
Searching for overlaps: 0%
================= report: assemblePartial =================
Analysis time: 186ms
Total alignments analysed: 3103
Number of output alignments: 3101 (99.94%)
Alignments already with CDR3 (no overlapping is performed): 547 (17.63%)
Successfully overlapped alignments: 2 (0.06%)
Left parts with too small N-region (failed to extract k-mer): 494 (15.92%)
Extracted k-mer diversity: 1647
Dropped due to wildcard in k-mer: 0 (0%)
Dropped due to too short NRegion parts in overlap: 0 (0%)
Dropped overlaps with empty N region due to no complete NDN coverage: 0 (0%)
Number of left-side alignments: 344 (11.09%)
Number of right-side alignments: 1721 (55.46%)
Complex overlaps: 0 (0%)
Over-overlaps: 0 (0%)
Partial alignments written to output: 2552 (82.24%)

>>>>>>>>>>>>>>>>>> mixcr assemblePartial <<<<<<<<<<<<<<<<<<
Running:
mixcr assemblePartial --report /projects/rpci/songyao/pnfioric/arc_project/airr_calculation/tcr_quant/results/mixcr_RS-03792488.assemblePartial.report.txt --json-report /projects/rpci/songyao/pnfioric/arc_project/airr_calculation/tcr_quant/results/mixcr_RS-03792488.assemblePartial.report.json /projects/rpci/songyao/pnfioric/arc_project/airr_calculation/tcr_quant/results/mixcr_RS-03792488.passembled.1.vdjca /projects/rpci/songyao/pnfioric/arc_project/airr_calculation/tcr_quant/results/mixcr_RS-03792488.passembled.2.vdjca
Building index: 0%
Searching for overlaps: 0.5%
================= report: assemblePartial =================
Analysis time: 60ms
Total alignments analysed: 3101
Number of output alignments: 3101 (100%)
Alignments already with CDR3 (no overlapping is performed): 549 (17.7%)
Successfully overlapped alignments: 0 (0%)
Left parts with too small N-region (failed to extract k-mer): 494 (15.93%)
Extracted k-mer diversity: 1647
Dropped due to wildcard in k-mer: 0 (0%)
Dropped due to too short NRegion parts in overlap: 0 (0%)
Dropped overlaps with empty N region due to no complete NDN coverage: 0 (0%)
Number of left-side alignments: 342 (11.03%)
Number of right-side alignments: 1719 (55.43%)
Complex overlaps: 0 (0%)
Over-overlaps: 0 (0%)
Partial alignments written to output: 2552 (82.3%)

>>>>>>>>>>>>>>>>>>>>>>> mixcr extend <<<<<<<<<<<<<<<<<<<<<<<
Running:
mixcr extend --report /projects/rpci/songyao/pnfioric/arc_project/airr_calculation/tcr_quant/results/mixcr_RS-03792488.extend.report.txt --json-report /projects/rpci/songyao/pnfioric/arc_project/airr_calculation/tcr_quant/results/mixcr_RS-03792488.extend.report.json --threads 12 /projects/rpci/songyao/pnfioric/arc_project/airr_calculation/tcr_quant/results/mixcr_RS-03792488.passembled.2.vdjca /projects/rpci/songyao/pnfioric/arc_project/airr_calculation/tcr_quant/results/mixcr_RS-03792488.extended.vdjca
Extending alignments: 0%
====================== report: extend ======================
Analysis time: 23ms
Extended alignments count: 3 (0.1%)
V extensions total: 0 (0%)
V extensions with merged targets: 0 (0%)
J extensions total: 3 (0.1%)
J extensions with merged targets: 0 (0%)
V+J extensions: 0 (0%)
Mean V extension length: NaN
Mean J extension length: 12.0

>>>>>>>>>>>>>>>>>>>>>> mixcr assemble <<<<<<<<<<<<<<<<<<<<<<
Running:
mixcr assemble --report /projects/rpci/songyao/pnfioric/arc_project/airr_calculation/tcr_quant/results/mixcr_RS-03792488.assemble.report.txt --json-report /projects/rpci/songyao/pnfioric/arc_project/airr_calculation/tcr_quant/results/mixcr_RS-03792488.assemble.report.json /projects/rpci/songyao/pnfioric/arc_project/airr_calculation/tcr_quant/results/mixcr_RS-03792488.extended.vdjca /projects/rpci/songyao/pnfioric/arc_project/airr_calculation/tcr_quant/results/mixcr_RS-03792488.clna
Initialization: progress unknown
Initialization: progress unknown
===================== report: assemble =====================
Analysis time: 527ms
Final clonotype count: 218
Reads used in clonotypes, percent of total: 500 (0%)
Average number of reads per clonotype: 2.29
Reads dropped due to the lack of a clone sequence, percent of total: 2582 (0%)
Reads dropped due to a too short clonal sequence, percent of total: 0 (0%)
Reads dropped due to low quality, percent of total: 0 (0%)
Reads dropped due to failed mapping, percent of total: 21 (0%)
Reads dropped with low quality clones, percent of total: 0 (0%)
Aligned reads processed: 521
Reads used in clonotypes before clustering, percent of total: 500 (0%)
Number of reads used as a core, percent of used: 498 (99.6%)
Mapped low quality reads, percent of used: 2 (0.4%)
Reads clustered in PCR error correction, percent of used: 0 (0%)
Reads pre-clustered due to the similar VJC-lists, percent of used: 0 (0%)
Clonotypes dropped as low quality: 0
Clonotypes eliminated by PCR error correction: 0
Clonotypes pre-clustered due to the similar VJC-lists: 0
Clones dropped in post filtering: 0 (0%)
Reads dropped in post filtering: 0.0 (0%)
Reads filtered by tag prefix: 0 (0%)
TRA chains: 6 (2.75%)
TRA non-functional: 0 (0%)
TRB chains: 5 (2.29%)
TRB non-functional: 1 (20%)
TRG chains: 3 (1.38%)
TRG non-functional: 3 (100%)
IGH chains: 53 (24.31%)
IGH non-functional: 4 (7.55%)
IGK chains: 104 (47.71%)
IGK non-functional: 7 (6.73%)
IGL chains: 47 (21.56%)
IGL non-functional: 1 (2.13%)

>>>>>>>>>>>>>>>>>> mixcr assembleContigs <<<<<<<<<<<<<<<<<<
Running:
mixcr assembleContigs --report /projects/rpci/songyao/pnfioric/arc_project/airr_calculation/tcr_quant/results/mixcr_RS-03792488.assembleContigs.report.txt --json-report /projects/rpci/songyao/pnfioric/arc_project/airr_calculation/tcr_quant/results/mixcr_RS-03792488.assembleContigs.report.json --threads 12 /projects/rpci/songyao/pnfioric/arc_project/airr_calculation/tcr_quant/results/mixcr_RS-03792488.clna /projects/rpci/songyao/pnfioric/arc_project/airr_calculation/tcr_quant/results/mixcr_RS-03792488.contigs.clns
Assembling contigs: 0%
================= report: assembleContigs =================
Analysis time: 429ms
Initial clonotype count: 218
Final clonotype count: 218 (100%)
Canceled assemblies: 0 (0%)
Clones filtered out after assemble: 0 (0%)
Number of premature termination assembly events, percent of number of initial clonotypes: 0.0 (0%)
Longest contig length: 233
Clustered variants: 0 (0%)
Reads in clustered variants: 0.0 (0%)
Reads in divided (newly created) clones: 0.0 (0%)
Clones with ambiguous letters in splitting region: 0 (0%)
Reads in clones with ambiguous letters in splitting region: 0.0 (0%)
Average number of ambiguous letters per clone with ambiguous letters in splitting region: NaN
Clones combined after clustering: 0 (0%)

>>>>>>>>>>>>>>>>>>>>>>>>> mixcr qc <<<<<<<<<<<<<<<<<<<<<<<<<
Running:
mixcr qc --print-to-stdout /projects/rpci/songyao/pnfioric/arc_project/airr_calculation/tcr_quant/results/mixcr_RS-03792488.contigs.clns /projects/rpci/songyao/pnfioric/arc_project/airr_calculation/tcr_quant/results/mixcr_RS-03792488.qc.txt /projects/rpci/songyao/pnfioric/arc_project/airr_calculation/tcr_quant/results/mixcr_RS-03792488.qc.json

  Alignments dropped due to low sequence quality: 0.0% [OK]

>>>>>>>>>>>>>>>>>>>> mixcr exportClones <<<<<<<<<<<<<<<<<<<<
Running:
mixcr exportClones /projects/rpci/songyao/pnfioric/arc_project/airr_calculation/tcr_quant/results/mixcr_RS-03792488.contigs.clns /projects/rpci/songyao/pnfioric/arc_project/airr_calculation/tcr_quant/results/mixcr_RS-03792488.clones.tsv
Analysis finished successfully.
===============================
Visualize results and simplify your immune data analysis with a convenient UI.
Explore and install Platforma.bio here: https://platforma.bio
