Exporting TRB
Exporting clones: 20%
Filtered 5 of 179 clones (97.21%).
Filtered 10.0 of 724.0 reads (98.62%).
Exporting TRA
Exporting clones: 33.3%
Filtered 3 of 179 clones (98.32%).
Filtered 7.0 of 724.0 reads (99.03%).
Exporting IGH
Exporting clones: 2%
Filtered 50 of 179 clones (72.07%).
Filtered 154.0 of 724.0 reads (78.73%).
Exporting TRG
Exporting clones: 100%
Filtered 1 of 179 clones (99.44%).
Filtered 2.0 of 724.0 reads (99.72%).
Exporting IGL
Exporting clones: 2.4%
Filtered 41 of 179 clones (77.09%).
Filtered 162.0 of 724.0 reads (77.62%).
Exporting IGK
Exporting clones: 1.3%
Filtered 79 of 179 clones (55.87%).
Filtered 389.0 of 724.0 reads (46.27%).
