WARNING: sun.reflect.Reflection.getCallerClass is not supported. This will impact performance.

>>>>>>>>>>>>>>>>>>>>>>> mixcr align <<<<<<<<<<<<<<<<<<<<<<<
Running:
mixcr align --report /projects/rpci/songyao/pnfioric/arc_project/airr_calculation/tcr_quant/results/mixcr_RS-04218233.align.report.txt --json-report /projects/rpci/songyao/pnfioric/arc_project/airr_calculation/tcr_quant/results/mixcr_RS-04218233.align.report.json --threads 12 --preset rna-seq --save-output-file-names /projects/rpci/songyao/pnfioric/arc_project/airr_calculation/tcr_quant/results/mixcr_RS-04218233.align.list.tsv --species hsa /projects/rpci/songyao/pnfioric/arc_project/airr_calculation/fastq_files/RS-04218233/RS-04417057_971053-1A_RS-04218233_S61_R1_001.fastq.gz /projects/rpci/songyao/pnfioric/arc_project/airr_calculation/fastq_files/RS-04218233/RS-04417057_971053-1A_RS-04218233_S61_R2_001.fastq.gz /projects/rpci/songyao/pnfioric/arc_project/airr_calculation/tcr_quant/results/mixcr_RS-04218233.alignments.vdjca
Alignment: 0%
Alignment: 3.9%  ETA: 00:49:16
Alignment: 7.8%  ETA: 00:46:53
Alignment: 11.7%  ETA: 00:45:34
Alignment: 15.7%  ETA: 00:42:37
Alignment: 19.6%  ETA: 00:40:56
Alignment: 23.6%  ETA: 00:38:38
Alignment: 27.5%  ETA: 00:37:11
Alignment: 31.4%  ETA: 00:35:11
Alignment: 35.2%  ETA: 00:33:25
Alignment: 39.2%  ETA: 00:30:59
Alignment: 43.1%  ETA: 00:29:11
Alignment: 47%  ETA: 00:26:35
Alignment: 50.9%  ETA: 00:25:08
Alignment: 54.8%  ETA: 00:23:08
Alignment: 58.7%  ETA: 00:21:18
Alignment: 62.6%  ETA: 00:19:28
Alignment: 66.5%  ETA: 00:16:55
Alignment: 70.4%  ETA: 00:15:17
Alignment: 74.3%  ETA: 00:13:10
Alignment: 78.2%  ETA: 00:11:15
Alignment: 82%  ETA: 00:09:16
Alignment: 86%  ETA: 00:07:07
Alignment: 89.9%  ETA: 00:05:11
Alignment: 93.8%  ETA: 00:03:09
Alignment: 97.8%  ETA: 00:01:06
====================== report: align ======================
Analysis time: 51.13m
Total sequencing reads: 88877918
Successfully aligned reads: 1995 (0%)
Coverage (percent of successfully aligned):
  CDR3: 386 (19.35%)
  FR3_TO_FR4: 0 (0%)
  CDR2_TO_FR4: 0 (0%)
  FR2_TO_FR4: 0 (0%)
  CDR1_TO_FR4: 0 (0%)
  VDJRegion: 0 (0%)
Alignment failed: no hits (not TCR/IG?): 88173063 (99.21%)
Alignment failed: no CDR3 parts: 6723 (0.01%)
Alignment failed: low total score: 696137 (0.78%)
Overlapped: 48057128 (54.07%)
Overlapped and aligned: 1966 (0%)
Overlapped and not aligned: 48055162 (54.07%)
Alignment-aided overlaps, percent of overlapped and aligned: 38 (1.93%)
No CDR3 parts alignments, percent of successfully aligned: 30 (1.5%)
Partial aligned reads, percent of successfully aligned: 1579 (79.15%)
Realigned with forced non-floating bound: 81641656 (91.86%)
Realigned with forced non-floating right bound in left read: 56 (0%)
Realigned with forced non-floating left bound in right read: 56 (0%)
TRA chains: 57 (2.86%)
TRA non-functional: 0 (0%)
TRB chains: 1 (0.05%)
TRB non-functional: 0 (0%)
IGH chains: 809 (40.55%)
IGH non-functional: 4 (0.49%)
TRAD chains: 10 (0.5%)
TRAD non-functional: 0 (0%)
IGK chains: 467 (23.41%)
IGK non-functional: 0 (0%)
IGL chains: 651 (32.63%)
IGL non-functional: 0 (0%)
Trimming report:
  R1 reads trimmed left: 531934 (0.6%)
  R1 reads trimmed right: 539628 (0.61%)
  Average R1 nucleotides trimmed left: 0.10173636155608416
  Average R1 nucleotides trimmed right: 0.10816748655160892
  R2 reads trimmed left: 520138 (0.59%)
  R2 reads trimmed right: 528625 (0.59%)
  Average R2 nucleotides trimmed left: 0.09939701782843292
  Average R2 nucleotides trimmed right: 0.10565240738425039

>>>>>>>>>>>>>>>>>> mixcr assemblePartial <<<<<<<<<<<<<<<<<<
Running:
mixcr assemblePartial --report /projects/rpci/songyao/pnfioric/arc_project/airr_calculation/tcr_quant/results/mixcr_RS-04218233.assemblePartial.report.txt --json-report /projects/rpci/songyao/pnfioric/arc_project/airr_calculation/tcr_quant/results/mixcr_RS-04218233.assemblePartial.report.json /projects/rpci/songyao/pnfioric/arc_project/airr_calculation/tcr_quant/results/mixcr_RS-04218233.alignments.vdjca /projects/rpci/songyao/pnfioric/arc_project/airr_calculation/tcr_quant/results/mixcr_RS-04218233.passembled.1.vdjca
Building index: 0%
Searching for overlaps: 0.1%
================= report: assemblePartial =================
Analysis time: 201ms
Total alignments analysed: 1995
Number of output alignments: 1995 (100%)
Alignments already with CDR3 (no overlapping is performed): 386 (19.35%)
Successfully overlapped alignments: 0 (0%)
Left parts with too small N-region (failed to extract k-mer): 410 (20.55%)
Extracted k-mer diversity: 507
Dropped due to wildcard in k-mer: 0 (0%)
Dropped due to too short NRegion parts in overlap: 0 (0%)
Dropped overlaps with empty N region due to no complete NDN coverage: 0 (0%)
Number of left-side alignments: 335 (16.79%)
Number of right-side alignments: 864 (43.31%)
Complex overlaps: 0 (0%)
Over-overlaps: 0 (0%)
Partial alignments written to output: 1609 (80.65%)

>>>>>>>>>>>>>>>>>> mixcr assemblePartial <<<<<<<<<<<<<<<<<<
Running:
mixcr assemblePartial --report /projects/rpci/songyao/pnfioric/arc_project/airr_calculation/tcr_quant/results/mixcr_RS-04218233.assemblePartial.report.txt --json-report /projects/rpci/songyao/pnfioric/arc_project/airr_calculation/tcr_quant/results/mixcr_RS-04218233.assemblePartial.report.json /projects/rpci/songyao/pnfioric/arc_project/airr_calculation/tcr_quant/results/mixcr_RS-04218233.passembled.1.vdjca /projects/rpci/songyao/pnfioric/arc_project/airr_calculation/tcr_quant/results/mixcr_RS-04218233.passembled.2.vdjca
Building index: 0%
Searching for overlaps: 0.6%
================= report: assemblePartial =================
Analysis time: 50ms
Total alignments analysed: 1995
Number of output alignments: 1995 (100%)
Alignments already with CDR3 (no overlapping is performed): 386 (19.35%)
Successfully overlapped alignments: 0 (0%)
Left parts with too small N-region (failed to extract k-mer): 410 (20.55%)
Extracted k-mer diversity: 507
Dropped due to wildcard in k-mer: 0 (0%)
Dropped due to too short NRegion parts in overlap: 0 (0%)
Dropped overlaps with empty N region due to no complete NDN coverage: 0 (0%)
Number of left-side alignments: 335 (16.79%)
Number of right-side alignments: 864 (43.31%)
Complex overlaps: 0 (0%)
Over-overlaps: 0 (0%)
Partial alignments written to output: 1609 (80.65%)

>>>>>>>>>>>>>>>>>>>>>>> mixcr extend <<<<<<<<<<<<<<<<<<<<<<<
Running:
mixcr extend --report /projects/rpci/songyao/pnfioric/arc_project/airr_calculation/tcr_quant/results/mixcr_RS-04218233.extend.report.txt --json-report /projects/rpci/songyao/pnfioric/arc_project/airr_calculation/tcr_quant/results/mixcr_RS-04218233.extend.report.json --threads 12 /projects/rpci/songyao/pnfioric/arc_project/airr_calculation/tcr_quant/results/mixcr_RS-04218233.passembled.2.vdjca /projects/rpci/songyao/pnfioric/arc_project/airr_calculation/tcr_quant/results/mixcr_RS-04218233.extended.vdjca
Extending alignments: 0%
====================== report: extend ======================
Analysis time: 21ms
Extended alignments count: 0 (0%)
V extensions total: 0 (0%)
V extensions with merged targets: 0 (0%)
J extensions total: 0 (0%)
J extensions with merged targets: 0 (0%)
V+J extensions: 0 (0%)
Mean V extension length: NaN
Mean J extension length: NaN

>>>>>>>>>>>>>>>>>>>>>> mixcr assemble <<<<<<<<<<<<<<<<<<<<<<
Running:
mixcr assemble --report /projects/rpci/songyao/pnfioric/arc_project/airr_calculation/tcr_quant/results/mixcr_RS-04218233.assemble.report.txt --json-report /projects/rpci/songyao/pnfioric/arc_project/airr_calculation/tcr_quant/results/mixcr_RS-04218233.assemble.report.json /projects/rpci/songyao/pnfioric/arc_project/airr_calculation/tcr_quant/results/mixcr_RS-04218233.extended.vdjca /projects/rpci/songyao/pnfioric/arc_project/airr_calculation/tcr_quant/results/mixcr_RS-04218233.clna
Initialization: progress unknown
Initialization: progress unknown
===================== report: assemble =====================
Analysis time: 334ms
Final clonotype count: 64
Reads used in clonotypes, percent of total: 384 (0%)
Average number of reads per clonotype: 6
Reads dropped due to the lack of a clone sequence, percent of total: 1609 (0%)
Reads dropped due to a too short clonal sequence, percent of total: 0 (0%)
Reads dropped due to low quality, percent of total: 0 (0%)
Reads dropped due to failed mapping, percent of total: 2 (0%)
Reads dropped with low quality clones, percent of total: 0 (0%)
Aligned reads processed: 386
Reads used in clonotypes before clustering, percent of total: 384 (0%)
Number of reads used as a core, percent of used: 384 (100%)
Mapped low quality reads, percent of used: 0 (0%)
Reads clustered in PCR error correction, percent of used: 0 (0%)
Reads pre-clustered due to the similar VJC-lists, percent of used: 0 (0%)
Clonotypes dropped as low quality: 0
Clonotypes eliminated by PCR error correction: 0
Clonotypes pre-clustered due to the similar VJC-lists: 0
Clones dropped in post filtering: 0 (0%)
Reads dropped in post filtering: 0.0 (0%)
Reads filtered by tag prefix: 0 (0%)
IGH chains: 18 (28.12%)
IGH non-functional: 1 (5.56%)
IGK chains: 35 (54.69%)
IGK non-functional: 0 (0%)
IGL chains: 11 (17.19%)
IGL non-functional: 0 (0%)

>>>>>>>>>>>>>>>>>> mixcr assembleContigs <<<<<<<<<<<<<<<<<<
Running:
mixcr assembleContigs --report /projects/rpci/songyao/pnfioric/arc_project/airr_calculation/tcr_quant/results/mixcr_RS-04218233.assembleContigs.report.txt --json-report /projects/rpci/songyao/pnfioric/arc_project/airr_calculation/tcr_quant/results/mixcr_RS-04218233.assembleContigs.report.json --threads 12 /projects/rpci/songyao/pnfioric/arc_project/airr_calculation/tcr_quant/results/mixcr_RS-04218233.clna /projects/rpci/songyao/pnfioric/arc_project/airr_calculation/tcr_quant/results/mixcr_RS-04218233.contigs.clns
Assembling contigs: 0%
================= report: assembleContigs =================
Analysis time: 152ms
Initial clonotype count: 64
Final clonotype count: 64 (100%)
Canceled assemblies: 0 (0%)
Clones filtered out after assemble: 0 (0%)
Number of premature termination assembly events, percent of number of initial clonotypes: 0.0 (0%)
Longest contig length: 187
Clustered variants: 0 (0%)
Reads in clustered variants: 0.0 (0%)
Reads in divided (newly created) clones: 0.0 (0%)
Clones with ambiguous letters in splitting region: 0 (0%)
Reads in clones with ambiguous letters in splitting region: 0.0 (0%)
Average number of ambiguous letters per clone with ambiguous letters in splitting region: NaN
Clones combined after clustering: 0 (0%)

>>>>>>>>>>>>>>>>>>>>>>>>> mixcr qc <<<<<<<<<<<<<<<<<<<<<<<<<
Running:
mixcr qc --print-to-stdout /projects/rpci/songyao/pnfioric/arc_project/airr_calculation/tcr_quant/results/mixcr_RS-04218233.contigs.clns /projects/rpci/songyao/pnfioric/arc_project/airr_calculation/tcr_quant/results/mixcr_RS-04218233.qc.txt /projects/rpci/songyao/pnfioric/arc_project/airr_calculation/tcr_quant/results/mixcr_RS-04218233.qc.json

  Alignments dropped due to low sequence quality: 0.0% [OK]

>>>>>>>>>>>>>>>>>>>> mixcr exportClones <<<<<<<<<<<<<<<<<<<<
Running:
mixcr exportClones /projects/rpci/songyao/pnfioric/arc_project/airr_calculation/tcr_quant/results/mixcr_RS-04218233.contigs.clns /projects/rpci/songyao/pnfioric/arc_project/airr_calculation/tcr_quant/results/mixcr_RS-04218233.clones.tsv
Analysis finished successfully.
===============================
Visualize results and simplify your immune data analysis with a convenient UI.
Explore and install Platforma.bio here: https://platforma.bio
