Exporting TRB
Exporting clones: 7.1%
Filtered 14 of 920 clones (98.48%).
Filtered 24.0 of 3708.0 reads (99.35%).
Exporting TRA
Exporting clones: 7.1%
Filtered 14 of 920 clones (98.48%).
Filtered 25.0 of 3708.0 reads (99.33%).
Exporting IGH
Exporting clones: 0.4%
Filtered 282 of 920 clones (69.35%).
Filtered 947.0 of 3708.0 reads (74.46%).
Exporting TRG
Exporting clones: 33.3%
Filtered 3 of 920 clones (99.67%).
Filtered 12.0 of 3708.0 reads (99.68%).
Exporting IGL
Exporting clones: 0.4%
Filtered 232 of 920 clones (74.78%).
Filtered 892.0 of 3708.0 reads (75.94%).
Exporting IGK
Exporting clones: 0.3%
Filtered 375 of 920 clones (59.24%).
Filtered 1808.0 of 3708.0 reads (51.24%).
