Exporting TRB
Exporting clones: 33.3%
Filtered 3 of 522 clones (99.43%).
Filtered 9.0 of 1370.0 reads (99.34%).
Exporting TRA
Exporting clones: 12.5%
Filtered 8 of 522 clones (98.47%).
Filtered 16.0 of 1370.0 reads (98.83%).
Exporting IGH
Exporting clones: 0.8%
Filtered 130 of 522 clones (75.1%).
Filtered 303.0 of 1370.0 reads (77.88%).
Exporting TRG
Exporting clones: 33.3%
Filtered 3 of 522 clones (99.43%).
Filtered 8.0 of 1370.0 reads (99.42%).
Exporting IGL
Exporting clones: 0.9%
Filtered 108 of 522 clones (79.31%).
Filtered 284.0 of 1370.0 reads (79.27%).
Exporting IGK
Exporting clones: 0.4%
Filtered 270 of 522 clones (48.28%).
Filtered 750.0 of 1370.0 reads (45.26%).
