Exporting TRB
Exporting clones: 12.5%
Filtered 8 of 2148 clones (99.63%).
Filtered 8.0 of 4050.0 reads (99.8%).
Exporting TRA
Exporting clones: 9.1%
Filtered 11 of 2148 clones (99.49%).
Filtered 23.0 of 4050.0 reads (99.43%).
Exporting IGH
Exporting clones: 0.2%
Filtered 561 of 2148 clones (73.88%).
Filtered 901.0 of 4050.0 reads (77.75%).
Exporting TRG
Exporting clones: 20%
Filtered 5 of 2148 clones (99.77%).
Filtered 6.0 of 4050.0 reads (99.85%).
Exporting IGL
Exporting clones: 0.2%
Filtered 533 of 2148 clones (75.19%).
Filtered 1019.0 of 4050.0 reads (74.84%).
Exporting IGK
Exporting clones: 0.2%
Filtered 1030 of 2148 clones (52.05%).
Filtered 2093.0 of 4050.0 reads (48.32%).
