Exporting TRB
Exporting clones: 3%
Filtered 33 of 1486 clones (97.78%).
Filtered 92.0 of 8693.0 reads (98.94%).
Exporting TRA
Exporting clones: 3.3%
Filtered 30 of 1486 clones (97.98%).
Filtered 69.0 of 8693.0 reads (99.21%).
Exporting IGH
Exporting clones: 0.2%
Filtered 407 of 1486 clones (72.61%).
Filtered 2270.0 of 8693.0 reads (73.89%).
Exporting TRG
Exporting clones: 55.6%
Filtered 9 of 1486 clones (99.39%).
Filtered 37.0 of 8693.0 reads (99.57%).
Exporting IGL
Exporting clones: 0.5%
Filtered 402 of 1486 clones (72.95%).
Filtered 2551.0 of 8693.0 reads (70.65%).
Exporting IGK
Exporting clones: 0.5%
Filtered 605 of 1486 clones (59.29%).
Filtered 3674.0 of 8693.0 reads (57.74%).
