Exporting TRB
Exporting clones: 50%
Filtered 2 of 569 clones (99.65%).
Filtered 7.0 of 4228.0 reads (99.83%).
Exporting TRA
Exporting clones: 11.1%
Filtered 9 of 569 clones (98.42%).
Filtered 34.0 of 4228.0 reads (99.2%).
Exporting IGH
Exporting clones: 0.6%
Filtered 175 of 569 clones (69.24%).
Filtered 937.0 of 4228.0 reads (77.84%).
Exporting IGL
Exporting clones: 0.8%
Filtered 118 of 569 clones (79.26%).
Filtered 1057.0 of 4228.0 reads (75%).
Exporting IGK
Exporting clones: 0.4%
Filtered 265 of 569 clones (53.43%).
Filtered 2193.0 of 4228.0 reads (48.13%).
