WARNING: sun.reflect.Reflection.getCallerClass is not supported. This will impact performance.

>>>>>>>>>>>>>>>>>>>>>>> mixcr align <<<<<<<<<<<<<<<<<<<<<<<
Running:
mixcr align --report /projects/rpci/songyao/pnfioric/arc_project/airr_calculation/tcr_quant/results/mixcr_RS-04396666.align.report.txt --json-report /projects/rpci/songyao/pnfioric/arc_project/airr_calculation/tcr_quant/results/mixcr_RS-04396666.align.report.json --threads 12 --preset rna-seq --save-output-file-names /projects/rpci/songyao/pnfioric/arc_project/airr_calculation/tcr_quant/results/mixcr_RS-04396666.align.list.tsv --species hsa /projects/rpci/songyao/pnfioric/arc_project/airr_calculation/fastq_files/RS-04396666/RS-04396666_SSCS12006436-A1_RS-03898409_S36_R1_001.fastq.gz /projects/rpci/songyao/pnfioric/arc_project/airr_calculation/fastq_files/RS-04396666/RS-04396666_SSCS12006436-A1_RS-03898409_S36_R2_001.fastq.gz /projects/rpci/songyao/pnfioric/arc_project/airr_calculation/tcr_quant/results/mixcr_RS-04396666.alignments.vdjca
Alignment: 0%
Alignment: 4.8%  ETA: 00:39:51
Alignment: 9.6%  ETA: 00:37:51
Alignment: 14.3%  ETA: 00:35:51
Alignment: 19.2%  ETA: 00:33:01
Alignment: 24.1%  ETA: 00:31:16
Alignment: 28.9%  ETA: 00:29:46
Alignment: 33.6%  ETA: 00:27:46
Alignment: 38.4%  ETA: 00:26:00
Alignment: 43.2%  ETA: 00:23:35
Alignment: 48%  ETA: 00:21:35
Alignment: 52.8%  ETA: 00:19:45
Alignment: 57.6%  ETA: 00:17:45
Alignment: 62.3%  ETA: 00:15:54
Alignment: 67.2%  ETA: 00:13:31
Alignment: 72%  ETA: 00:11:38
Alignment: 76.8%  ETA: 00:09:38
Alignment: 81.5%  ETA: 00:07:47
Alignment: 86.3%  ETA: 00:05:43
Alignment: 91.1%  ETA: 00:03:43
Alignment: 96%  ETA: 00:01:38
====================== report: align ======================
Analysis time: 41.71m
Total sequencing reads: 50243038
Successfully aligned reads: 582 (0%)
Coverage (percent of successfully aligned):
  CDR3: 76 (13.06%)
  FR3_TO_FR4: 0 (0%)
  CDR2_TO_FR4: 0 (0%)
  FR2_TO_FR4: 0 (0%)
  CDR1_TO_FR4: 0 (0%)
  VDJRegion: 0 (0%)
Alignment failed: no hits (not TCR/IG?): 48777894 (97.08%)
Alignment failed: no CDR3 parts: 14420 (0.03%)
Alignment failed: low total score: 1450142 (2.89%)
Overlapped: 47192593 (93.93%)
Overlapped and aligned: 550 (0%)
Overlapped and not aligned: 47192043 (93.93%)
Alignment-aided overlaps, percent of overlapped and aligned: 7 (1.27%)
No CDR3 parts alignments, percent of successfully aligned: 7 (1.2%)
Partial aligned reads, percent of successfully aligned: 499 (85.74%)
Paired-end alignment conflicts eliminated: 9 (0%)
Realigned with forced non-floating bound: 6100904 (12.14%)
Realigned with forced non-floating right bound in left read: 407 (0%)
Realigned with forced non-floating left bound in right read: 407 (0%)
TRA chains: 136 (23.37%)
TRA non-functional: 0 (0%)
TRB chains: 27 (4.64%)
TRB non-functional: 0 (0%)
TRG chains: 12 (2.06%)
TRG non-functional: 6 (50%)
IGH chains: 107 (18.38%)
IGH non-functional: 0 (0%)
TRAD chains: 3 (0.52%)
TRAD non-functional: 0 (0%)
IGK chains: 116 (19.93%)
IGK non-functional: 0 (0%)
IGL chains: 181 (31.1%)
IGL non-functional: 0 (0%)
Trimming report:
  R1 reads trimmed left: 45562 (0.09%)
  R1 reads trimmed right: 49011 (0.1%)
  Average R1 nucleotides trimmed left: 0.015411846711976294
  Average R1 nucleotides trimmed right: 0.01868885794684629
  R2 reads trimmed left: 46915 (0.09%)
  R2 reads trimmed right: 46737 (0.09%)
  Average R2 nucleotides trimmed left: 0.015166877448772107
  Average R2 nucleotides trimmed right: 0.01635975913717638

>>>>>>>>>>>>>>>>>> mixcr assemblePartial <<<<<<<<<<<<<<<<<<
Running:
mixcr assemblePartial --report /projects/rpci/songyao/pnfioric/arc_project/airr_calculation/tcr_quant/results/mixcr_RS-04396666.assemblePartial.report.txt --json-report /projects/rpci/songyao/pnfioric/arc_project/airr_calculation/tcr_quant/results/mixcr_RS-04396666.assemblePartial.report.json /projects/rpci/songyao/pnfioric/arc_project/airr_calculation/tcr_quant/results/mixcr_RS-04396666.alignments.vdjca /projects/rpci/songyao/pnfioric/arc_project/airr_calculation/tcr_quant/results/mixcr_RS-04396666.passembled.1.vdjca
Building index: 0%
Searching for overlaps: 0.2%
================= report: assemblePartial =================
Analysis time: 207ms
Total alignments analysed: 582
Number of output alignments: 582 (100%)
Alignments already with CDR3 (no overlapping is performed): 76 (13.06%)
Successfully overlapped alignments: 0 (0%)
Left parts with too small N-region (failed to extract k-mer): 109 (18.73%)
Extracted k-mer diversity: 737
Dropped due to wildcard in k-mer: 0 (0%)
Dropped due to too short NRegion parts in overlap: 0 (0%)
Dropped overlaps with empty N region due to no complete NDN coverage: 0 (0%)
Number of left-side alignments: 145 (24.91%)
Number of right-side alignments: 261 (44.85%)
Complex overlaps: 0 (0%)
Over-overlaps: 0 (0%)
Partial alignments written to output: 506 (86.94%)

>>>>>>>>>>>>>>>>>> mixcr assemblePartial <<<<<<<<<<<<<<<<<<
Running:
mixcr assemblePartial --report /projects/rpci/songyao/pnfioric/arc_project/airr_calculation/tcr_quant/results/mixcr_RS-04396666.assemblePartial.report.txt --json-report /projects/rpci/songyao/pnfioric/arc_project/airr_calculation/tcr_quant/results/mixcr_RS-04396666.assemblePartial.report.json /projects/rpci/songyao/pnfioric/arc_project/airr_calculation/tcr_quant/results/mixcr_RS-04396666.passembled.1.vdjca /projects/rpci/songyao/pnfioric/arc_project/airr_calculation/tcr_quant/results/mixcr_RS-04396666.passembled.2.vdjca
Building index: 0%
Searching for overlaps: 0.5%
================= report: assemblePartial =================
Analysis time: 77ms
Total alignments analysed: 582
Number of output alignments: 582 (100%)
Alignments already with CDR3 (no overlapping is performed): 76 (13.06%)
Successfully overlapped alignments: 0 (0%)
Left parts with too small N-region (failed to extract k-mer): 109 (18.73%)
Extracted k-mer diversity: 737
Dropped due to wildcard in k-mer: 0 (0%)
Dropped due to too short NRegion parts in overlap: 0 (0%)
Dropped overlaps with empty N region due to no complete NDN coverage: 0 (0%)
Number of left-side alignments: 145 (24.91%)
Number of right-side alignments: 261 (44.85%)
Complex overlaps: 0 (0%)
Over-overlaps: 0 (0%)
Partial alignments written to output: 506 (86.94%)

>>>>>>>>>>>>>>>>>>>>>>> mixcr extend <<<<<<<<<<<<<<<<<<<<<<<
Running:
mixcr extend --report /projects/rpci/songyao/pnfioric/arc_project/airr_calculation/tcr_quant/results/mixcr_RS-04396666.extend.report.txt --json-report /projects/rpci/songyao/pnfioric/arc_project/airr_calculation/tcr_quant/results/mixcr_RS-04396666.extend.report.json --threads 12 /projects/rpci/songyao/pnfioric/arc_project/airr_calculation/tcr_quant/results/mixcr_RS-04396666.passembled.2.vdjca /projects/rpci/songyao/pnfioric/arc_project/airr_calculation/tcr_quant/results/mixcr_RS-04396666.extended.vdjca
Extending alignments: 0%
====================== report: extend ======================
Analysis time: 10ms
Extended alignments count: 0 (0%)
V extensions total: 0 (0%)
V extensions with merged targets: 0 (0%)
J extensions total: 0 (0%)
J extensions with merged targets: 0 (0%)
V+J extensions: 0 (0%)
Mean V extension length: NaN
Mean J extension length: NaN

>>>>>>>>>>>>>>>>>>>>>> mixcr assemble <<<<<<<<<<<<<<<<<<<<<<
Running:
mixcr assemble --report /projects/rpci/songyao/pnfioric/arc_project/airr_calculation/tcr_quant/results/mixcr_RS-04396666.assemble.report.txt --json-report /projects/rpci/songyao/pnfioric/arc_project/airr_calculation/tcr_quant/results/mixcr_RS-04396666.assemble.report.json /projects/rpci/songyao/pnfioric/arc_project/airr_calculation/tcr_quant/results/mixcr_RS-04396666.extended.vdjca /projects/rpci/songyao/pnfioric/arc_project/airr_calculation/tcr_quant/results/mixcr_RS-04396666.clna
Initialization: progress unknown
Initialization: progress unknown
===================== report: assemble =====================
Analysis time: 284ms
Final clonotype count: 25
Reads used in clonotypes, percent of total: 76 (0%)
Average number of reads per clonotype: 3.04
Reads dropped due to the lack of a clone sequence, percent of total: 506 (0%)
Reads dropped due to a too short clonal sequence, percent of total: 0 (0%)
Reads dropped due to low quality, percent of total: 0 (0%)
Reads dropped due to failed mapping, percent of total: 0 (0%)
Reads dropped with low quality clones, percent of total: 0 (0%)
Aligned reads processed: 76
Reads used in clonotypes before clustering, percent of total: 76 (0%)
Number of reads used as a core, percent of used: 76 (100%)
Mapped low quality reads, percent of used: 0 (0%)
Reads clustered in PCR error correction, percent of used: 0 (0%)
Reads pre-clustered due to the similar VJC-lists, percent of used: 0 (0%)
Clonotypes dropped as low quality: 0
Clonotypes eliminated by PCR error correction: 0
Clonotypes pre-clustered due to the similar VJC-lists: 0
Clones dropped in post filtering: 0 (0%)
Reads dropped in post filtering: 0.0 (0%)
Reads filtered by tag prefix: 0 (0%)
TRG chains: 1 (4%)
TRG non-functional: 1 (100%)
IGH chains: 7 (28%)
IGH non-functional: 0 (0%)
IGK chains: 14 (56%)
IGK non-functional: 0 (0%)
IGL chains: 3 (12%)
IGL non-functional: 0 (0%)

>>>>>>>>>>>>>>>>>> mixcr assembleContigs <<<<<<<<<<<<<<<<<<
Running:
mixcr assembleContigs --report /projects/rpci/songyao/pnfioric/arc_project/airr_calculation/tcr_quant/results/mixcr_RS-04396666.assembleContigs.report.txt --json-report /projects/rpci/songyao/pnfioric/arc_project/airr_calculation/tcr_quant/results/mixcr_RS-04396666.assembleContigs.report.json --threads 12 /projects/rpci/songyao/pnfioric/arc_project/airr_calculation/tcr_quant/results/mixcr_RS-04396666.clna /projects/rpci/songyao/pnfioric/arc_project/airr_calculation/tcr_quant/results/mixcr_RS-04396666.contigs.clns
Assembling contigs: 0%
================= report: assembleContigs =================
Analysis time: 122ms
Initial clonotype count: 25
Final clonotype count: 25 (100%)
Canceled assemblies: 0 (0%)
Clones filtered out after assemble: 0 (0%)
Number of premature termination assembly events, percent of number of initial clonotypes: 0.0 (0%)
Longest contig length: 209
Clustered variants: 0 (0%)
Reads in clustered variants: 0.0 (0%)
Reads in divided (newly created) clones: 0.0 (0%)
Clones with ambiguous letters in splitting region: 0 (0%)
Reads in clones with ambiguous letters in splitting region: 0.0 (0%)
Average number of ambiguous letters per clone with ambiguous letters in splitting region: NaN
Clones combined after clustering: 0 (0%)

>>>>>>>>>>>>>>>>>>>>>>>>> mixcr qc <<<<<<<<<<<<<<<<<<<<<<<<<
Running:
mixcr qc --print-to-stdout /projects/rpci/songyao/pnfioric/arc_project/airr_calculation/tcr_quant/results/mixcr_RS-04396666.contigs.clns /projects/rpci/songyao/pnfioric/arc_project/airr_calculation/tcr_quant/results/mixcr_RS-04396666.qc.txt /projects/rpci/songyao/pnfioric/arc_project/airr_calculation/tcr_quant/results/mixcr_RS-04396666.qc.json

  Alignments dropped due to low sequence quality: 0.0% [OK]

>>>>>>>>>>>>>>>>>>>> mixcr exportClones <<<<<<<<<<<<<<<<<<<<
Running:
mixcr exportClones /projects/rpci/songyao/pnfioric/arc_project/airr_calculation/tcr_quant/results/mixcr_RS-04396666.contigs.clns /projects/rpci/songyao/pnfioric/arc_project/airr_calculation/tcr_quant/results/mixcr_RS-04396666.clones.tsv
Analysis finished successfully.
===============================
Visualize results and simplify your immune data analysis with a convenient UI.
Explore and install Platforma.bio here: https://platforma.bio
