Exporting TRB
Exporting clones: 8.3%
Filtered 12 of 214 clones (94.39%).
Filtered 19.0 of 668.0 reads (97.16%).
Exporting TRA
Exporting clones: 5%
Filtered 20 of 214 clones (90.65%).
Filtered 49.0 of 668.0 reads (92.66%).
Exporting IGH
Exporting clones: 1.8%
Filtered 56 of 214 clones (73.83%).
Filtered 127.0 of 668.0 reads (80.99%).
Exporting TRG
Exporting clones: 16.7%
Filtered 6 of 214 clones (97.2%).
Filtered 11.0 of 668.0 reads (98.35%).
Exporting IGL
Exporting clones: 2.5%
Filtered 40 of 214 clones (81.31%).
Filtered 89.0 of 668.0 reads (86.68%).
Exporting IGK
Exporting clones: 1.2%
Filtered 80 of 214 clones (62.62%).
Filtered 373.0 of 668.0 reads (44.16%).
