Exporting TRB
Exporting clones: 50%
Filtered 2 of 132 clones (98.48%).
Filtered 2.0 of 401.0 reads (99.5%).
Exporting TRA
Exporting clones: 20%
Filtered 5 of 132 clones (96.21%).
Filtered 13.0 of 401.0 reads (96.76%).
Exporting IGH
Exporting clones: 3.8%
Filtered 26 of 132 clones (80.3%).
Filtered 81.0 of 401.0 reads (79.8%).
Exporting TRG
Exporting clones: 25%
Filtered 4 of 132 clones (96.97%).
Filtered 21.0 of 401.0 reads (94.76%).
Exporting IGL
Exporting clones: 3.6%
Filtered 28 of 132 clones (78.79%).
Filtered 67.0 of 401.0 reads (83.29%).
Exporting IGK
Exporting clones: 1.5%
Filtered 67 of 132 clones (49.24%).
Filtered 217.0 of 401.0 reads (45.89%).
