Exporting TRB
Exporting clones: 6.7%
Filtered 15 of 412 clones (96.36%).
Filtered 31.0 of 1509.0 reads (97.95%).
Exporting TRA
Exporting clones: 4.8%
Filtered 21 of 412 clones (94.9%).
Filtered 40.0 of 1509.0 reads (97.35%).
Exporting IGH
Exporting clones: 0.9%
Filtered 115 of 412 clones (72.09%).
Filtered 379.0 of 1509.0 reads (74.88%).
Exporting TRG
Exporting clones: 100%
Filtered 2 of 412 clones (99.51%).
Filtered 6.0 of 1509.0 reads (99.6%).
Exporting IGL
Exporting clones: 3.2%
Filtered 94 of 412 clones (77.18%).
Filtered 322.0 of 1509.0 reads (78.66%).
Exporting IGK
Exporting clones: 0.6%
Filtered 165 of 412 clones (59.95%).
Filtered 731.0 of 1509.0 reads (51.56%).
