Exporting TRB
Exporting clones: 20%
Filtered 5 of 1241 clones (99.6%).
Filtered 13.0 of 5267.0 reads (99.75%).
Exporting TRA
Exporting clones: 16.7%
Filtered 6 of 1241 clones (99.52%).
Filtered 13.0 of 5267.0 reads (99.75%).
Exporting IGH
Exporting clones: 0.2%
Filtered 410 of 1241 clones (66.96%).
Filtered 1519.0 of 5267.0 reads (71.16%).
Exporting IGL
Exporting clones: 0.9%
Filtered 333 of 1241 clones (73.17%).
Filtered 1509.0 of 5267.0 reads (71.35%).
Exporting IGK
Exporting clones: 0.6%
Filtered 487 of 1241 clones (60.76%).
Filtered 2213.0 of 5267.0 reads (57.98%).
