Exporting TRB
Exporting clones: 16.7%
Filtered 6 of 637 clones (99.06%).
Filtered 17.0 of 2025.0 reads (99.16%).
Exporting TRA
Exporting clones: 16.7%
Filtered 6 of 637 clones (99.06%).
Filtered 6.0 of 2025.0 reads (99.7%).
Exporting TRD
Exporting clones: 50%
Filtered 2 of 637 clones (99.69%).
Filtered 4.0 of 2025.0 reads (99.8%).
Exporting IGH
Exporting clones: 0.5%
Filtered 217 of 637 clones (65.93%).
Filtered 676.0 of 2025.0 reads (66.62%).
Exporting TRG
Exporting clones: 33.3%
Filtered 3 of 637 clones (99.53%).
Filtered 6.0 of 2025.0 reads (99.7%).
Exporting IGL
Exporting clones: 0.7%
Filtered 134 of 637 clones (78.96%).
Filtered 363.0 of 2025.0 reads (82.07%).
Exporting IGK
Exporting clones: 0.4%
Filtered 269 of 637 clones (57.77%).
Filtered 953.0 of 2025.0 reads (52.94%).
