WARNING: sun.reflect.Reflection.getCallerClass is not supported. This will impact performance.

>>>>>>>>>>>>>>>>>>>>>>> mixcr align <<<<<<<<<<<<<<<<<<<<<<<
Running:
mixcr align --report /projects/rpci/songyao/pnfioric/arc_project/airr_calculation/tcr_quant/results/mixcr_RS-04430833.align.report.txt --json-report /projects/rpci/songyao/pnfioric/arc_project/airr_calculation/tcr_quant/results/mixcr_RS-04430833.align.report.json --threads 12 --preset rna-seq --save-output-file-names /projects/rpci/songyao/pnfioric/arc_project/airr_calculation/tcr_quant/results/mixcr_RS-04430833.align.list.tsv --species hsa /projects/rpci/songyao/pnfioric/arc_project/airr_calculation/fastq_files/RS-04430833/RS-04430833_OAKS08014105-B3_RS-03860508_S45_R1_001.fastq.gz /projects/rpci/songyao/pnfioric/arc_project/airr_calculation/fastq_files/RS-04430833/RS-04430833_OAKS08014105-B3_RS-03860508_S45_R2_001.fastq.gz /projects/rpci/songyao/pnfioric/arc_project/airr_calculation/tcr_quant/results/mixcr_RS-04430833.alignments.vdjca
Alignment: 0%
Alignment: 4.7%  ETA: 00:40:23
Alignment: 9.5%  ETA: 00:37:41
Alignment: 14.3%  ETA: 00:36:01
Alignment: 19%  ETA: 00:34:01
Alignment: 23.8%  ETA: 00:32:01
Alignment: 28.6%  ETA: 00:29:44
Alignment: 33.4%  ETA: 00:27:29
Alignment: 38.3%  ETA: 00:25:16
Alignment: 43.1%  ETA: 00:23:41
Alignment: 47.9%  ETA: 00:21:41
Alignment: 52.8%  ETA: 00:19:30
Alignment: 57.5%  ETA: 00:17:50
Alignment: 62.3%  ETA: 00:15:50
Alignment: 67.1%  ETA: 00:13:42
Alignment: 71.9%  ETA: 00:11:49
Alignment: 76.7%  ETA: 00:09:43
Alignment: 81.5%  ETA: 00:07:38
Alignment: 86.4%  ETA: 00:05:34
Alignment: 91.2%  ETA: 00:03:37
Alignment: 96.1%  ETA: 00:01:37
====================== report: align ======================
Analysis time: 41.66m
Total sequencing reads: 45573872
Successfully aligned reads: 7084 (0.02%)
Coverage (percent of successfully aligned):
  CDR3: 1122 (15.84%)
  FR3_TO_FR4: 8 (0.11%)
  CDR2_TO_FR4: 0 (0%)
  FR2_TO_FR4: 0 (0%)
  CDR1_TO_FR4: 0 (0%)
  VDJRegion: 3 (0.04%)
Alignment failed: no hits (not TCR/IG?): 44424907 (97.48%)
Alignment failed after alignment-aided overlap: 2 (0%)
Alignment failed: no CDR3 parts: 19425 (0.04%)
Alignment failed: low total score: 1122454 (2.46%)
Overlapped: 41514236 (91.09%)
Overlapped and aligned: 6738 (0.01%)
Overlapped and not aligned: 41507498 (91.08%)
Alignment-aided overlaps, percent of overlapped and aligned: 89 (1.32%)
No CDR3 parts alignments, percent of successfully aligned: 98 (1.38%)
Partial aligned reads, percent of successfully aligned: 5864 (82.78%)
V gene chimeras: 4 (0%)
Realigned with forced non-floating bound: 8119450 (17.82%)
Realigned with forced non-floating right bound in left read: 432 (0%)
Realigned with forced non-floating left bound in right read: 432 (0%)
TRA chains: 2213 (31.24%)
TRA non-functional: 4 (0.18%)
TRB chains: 462 (6.52%)
TRB non-functional: 4 (0.87%)
TRD chains: 21 (0.3%)
TRD non-functional: 0 (0%)
TRG chains: 80 (1.13%)
TRG non-functional: 9 (11.25%)
IGH chains: 1783 (25.17%)
IGH non-functional: 1 (0.06%)
TRAD chains: 51 (0.72%)
TRAD non-functional: 0 (0%)
IGK chains: 1474 (20.81%)
IGK non-functional: 24 (1.63%)
IGL chains: 1000 (14.12%)
IGL non-functional: 1 (0.1%)
Trimming report:
  R1 reads trimmed left: 14996 (0.03%)
  R1 reads trimmed right: 14379 (0.03%)
  Average R1 nucleotides trimmed left: 0.0052366189118185965
  Average R1 nucleotides trimmed right: 0.005554893382769847
  R2 reads trimmed left: 14093 (0.03%)
  R2 reads trimmed right: 14145 (0.03%)
  Average R2 nucleotides trimmed left: 0.005310433135898569
  Average R2 nucleotides trimmed right: 0.00546962522736712

>>>>>>>>>>>>>>>>>> mixcr assemblePartial <<<<<<<<<<<<<<<<<<
Running:
mixcr assemblePartial --report /projects/rpci/songyao/pnfioric/arc_project/airr_calculation/tcr_quant/results/mixcr_RS-04430833.assemblePartial.report.txt --json-report /projects/rpci/songyao/pnfioric/arc_project/airr_calculation/tcr_quant/results/mixcr_RS-04430833.assemblePartial.report.json /projects/rpci/songyao/pnfioric/arc_project/airr_calculation/tcr_quant/results/mixcr_RS-04430833.alignments.vdjca /projects/rpci/songyao/pnfioric/arc_project/airr_calculation/tcr_quant/results/mixcr_RS-04430833.passembled.1.vdjca
Building index: 0%
Searching for overlaps: 0%
================= report: assemblePartial =================
Analysis time: 465ms
Total alignments analysed: 7084
Number of output alignments: 7065 (99.73%)
Alignments already with CDR3 (no overlapping is performed): 1177 (16.61%)
Successfully overlapped alignments: 19 (0.27%)
Left parts with too small N-region (failed to extract k-mer): 994 (14.03%)
Extracted k-mer diversity: 5041
Dropped due to wildcard in k-mer: 0 (0%)
Dropped due to too short NRegion parts in overlap: 9 (0.13%)
Dropped overlaps with empty N region due to no complete NDN coverage: 0 (0%)
Number of left-side alignments: 796 (11.24%)
Number of right-side alignments: 4127 (58.26%)
Complex overlaps: 0 (0%)
Over-overlaps: 0 (0%)
Partial alignments written to output: 5869 (82.85%)

>>>>>>>>>>>>>>>>>> mixcr assemblePartial <<<<<<<<<<<<<<<<<<
Running:
mixcr assemblePartial --report /projects/rpci/songyao/pnfioric/arc_project/airr_calculation/tcr_quant/results/mixcr_RS-04430833.assemblePartial.report.txt --json-report /projects/rpci/songyao/pnfioric/arc_project/airr_calculation/tcr_quant/results/mixcr_RS-04430833.assemblePartial.report.json /projects/rpci/songyao/pnfioric/arc_project/airr_calculation/tcr_quant/results/mixcr_RS-04430833.passembled.1.vdjca /projects/rpci/songyao/pnfioric/arc_project/airr_calculation/tcr_quant/results/mixcr_RS-04430833.passembled.2.vdjca
Building index: 0%
Searching for overlaps: 0%
================= report: assemblePartial =================
Analysis time: 134ms
Total alignments analysed: 7065
Number of output alignments: 7065 (100%)
Alignments already with CDR3 (no overlapping is performed): 1196 (16.93%)
Successfully overlapped alignments: 0 (0%)
Left parts with too small N-region (failed to extract k-mer): 994 (14.07%)
Extracted k-mer diversity: 4968
Dropped due to wildcard in k-mer: 0 (0%)
Dropped due to too short NRegion parts in overlap: 6 (0.08%)
Dropped overlaps with empty N region due to no complete NDN coverage: 0 (0%)
Number of left-side alignments: 777 (11%)
Number of right-side alignments: 4108 (58.15%)
Complex overlaps: 0 (0%)
Over-overlaps: 0 (0%)
Partial alignments written to output: 5869 (83.07%)

>>>>>>>>>>>>>>>>>>>>>>> mixcr extend <<<<<<<<<<<<<<<<<<<<<<<
Running:
mixcr extend --report /projects/rpci/songyao/pnfioric/arc_project/airr_calculation/tcr_quant/results/mixcr_RS-04430833.extend.report.txt --json-report /projects/rpci/songyao/pnfioric/arc_project/airr_calculation/tcr_quant/results/mixcr_RS-04430833.extend.report.json --threads 12 /projects/rpci/songyao/pnfioric/arc_project/airr_calculation/tcr_quant/results/mixcr_RS-04430833.passembled.2.vdjca /projects/rpci/songyao/pnfioric/arc_project/airr_calculation/tcr_quant/results/mixcr_RS-04430833.extended.vdjca
Extending alignments: 0%
====================== report: extend ======================
Analysis time: 53ms
Extended alignments count: 8 (0.11%)
V extensions total: 1 (0.01%)
V extensions with merged targets: 0 (0%)
J extensions total: 7 (0.1%)
J extensions with merged targets: 0 (0%)
V+J extensions: 0 (0%)
Mean V extension length: 5.0
Mean J extension length: 10.857142857142858

>>>>>>>>>>>>>>>>>>>>>> mixcr assemble <<<<<<<<<<<<<<<<<<<<<<
Running:
mixcr assemble --report /projects/rpci/songyao/pnfioric/arc_project/airr_calculation/tcr_quant/results/mixcr_RS-04430833.assemble.report.txt --json-report /projects/rpci/songyao/pnfioric/arc_project/airr_calculation/tcr_quant/results/mixcr_RS-04430833.assemble.report.json /projects/rpci/songyao/pnfioric/arc_project/airr_calculation/tcr_quant/results/mixcr_RS-04430833.extended.vdjca /projects/rpci/songyao/pnfioric/arc_project/airr_calculation/tcr_quant/results/mixcr_RS-04430833.clna
Initialization: progress unknown
Initialization: progress unknown
===================== report: assemble =====================
Analysis time: 919ms
Final clonotype count: 430
Reads used in clonotypes, percent of total: 1116 (0%)
Average number of reads per clonotype: 2.6
Reads dropped due to the lack of a clone sequence, percent of total: 5916 (0.01%)
Reads dropped due to a too short clonal sequence, percent of total: 1 (0%)
Reads dropped due to low quality, percent of total: 0 (0%)
Reads dropped due to failed mapping, percent of total: 49 (0%)
Reads dropped with low quality clones, percent of total: 0 (0%)
Aligned reads processed: 1168
Reads used in clonotypes before clustering, percent of total: 1118 (0%)
Number of reads used as a core, percent of used: 1110 (99.28%)
Mapped low quality reads, percent of used: 8 (0.72%)
Reads clustered in PCR error correction, percent of used: 2 (0.18%)
Reads pre-clustered due to the similar VJC-lists, percent of used: 0 (0%)
Clonotypes dropped as low quality: 0
Clonotypes eliminated by PCR error correction: 2
Clonotypes pre-clustered due to the similar VJC-lists: 0
Clones dropped in post filtering: 0 (0%)
Reads dropped in post filtering: 0.0 (0%)
Reads filtered by tag prefix: 0 (0%)
TRA chains: 15 (3.49%)
TRA non-functional: 2 (13.33%)
TRB chains: 14 (3.26%)
TRB non-functional: 3 (21.43%)
TRG chains: 9 (2.09%)
TRG non-functional: 5 (55.56%)
IGH chains: 109 (25.35%)
IGH non-functional: 1 (0.92%)
IGK chains: 210 (48.84%)
IGK non-functional: 11 (5.24%)
IGL chains: 73 (16.98%)
IGL non-functional: 1 (1.37%)

>>>>>>>>>>>>>>>>>> mixcr assembleContigs <<<<<<<<<<<<<<<<<<
Running:
mixcr assembleContigs --report /projects/rpci/songyao/pnfioric/arc_project/airr_calculation/tcr_quant/results/mixcr_RS-04430833.assembleContigs.report.txt --json-report /projects/rpci/songyao/pnfioric/arc_project/airr_calculation/tcr_quant/results/mixcr_RS-04430833.assembleContigs.report.json --threads 12 /projects/rpci/songyao/pnfioric/arc_project/airr_calculation/tcr_quant/results/mixcr_RS-04430833.clna /projects/rpci/songyao/pnfioric/arc_project/airr_calculation/tcr_quant/results/mixcr_RS-04430833.contigs.clns
Assembling contigs: 0%
================= report: assembleContigs =================
Analysis time: 494ms
Initial clonotype count: 430
Final clonotype count: 430 (100%)
Canceled assemblies: 0 (0%)
Clones filtered out after assemble: 0 (0%)
Number of premature termination assembly events, percent of number of initial clonotypes: 0.0 (0%)
Longest contig length: 322
Clustered variants: 0 (0%)
Reads in clustered variants: 0.0 (0%)
Reads in divided (newly created) clones: 0.0 (0%)
Clones with ambiguous letters in splitting region: 0 (0%)
Reads in clones with ambiguous letters in splitting region: 0.0 (0%)
Average number of ambiguous letters per clone with ambiguous letters in splitting region: NaN
Clones combined after clustering: 0 (0%)

>>>>>>>>>>>>>>>>>>>>>>>>> mixcr qc <<<<<<<<<<<<<<<<<<<<<<<<<
Running:
mixcr qc --print-to-stdout /projects/rpci/songyao/pnfioric/arc_project/airr_calculation/tcr_quant/results/mixcr_RS-04430833.contigs.clns /projects/rpci/songyao/pnfioric/arc_project/airr_calculation/tcr_quant/results/mixcr_RS-04430833.qc.txt /projects/rpci/songyao/pnfioric/arc_project/airr_calculation/tcr_quant/results/mixcr_RS-04430833.qc.json

  Alignments dropped due to low sequence quality: 0.0% [OK]

>>>>>>>>>>>>>>>>>>>> mixcr exportClones <<<<<<<<<<<<<<<<<<<<
Running:
mixcr exportClones /projects/rpci/songyao/pnfioric/arc_project/airr_calculation/tcr_quant/results/mixcr_RS-04430833.contigs.clns /projects/rpci/songyao/pnfioric/arc_project/airr_calculation/tcr_quant/results/mixcr_RS-04430833.clones.tsv
Analysis finished successfully.
===============================
Visualize results and simplify your immune data analysis with a convenient UI.
Explore and install Platforma.bio here: https://platforma.bio
