Exporting TRB
Exporting clones: 50%
Filtered 2 of 106 clones (98.11%).
Filtered 4.0 of 393.0 reads (98.98%).
Exporting TRA
Exporting clones: 100%
Filtered 1 of 106 clones (99.06%).
Filtered 6.0 of 393.0 reads (98.47%).
Exporting IGH
Exporting clones: 3.1%
Filtered 32 of 106 clones (69.81%).
Filtered 111.0 of 393.0 reads (71.76%).
Exporting IGL
Exporting clones: 5.6%
Filtered 18 of 106 clones (83.02%).
Filtered 88.0 of 393.0 reads (77.61%).
Exporting IGK
Exporting clones: 1.9%
Filtered 53 of 106 clones (50%).
Filtered 184.0 of 393.0 reads (53.18%).
