WARNING: sun.reflect.Reflection.getCallerClass is not supported. This will impact performance.

>>>>>>>>>>>>>>>>>>>>>>> mixcr align <<<<<<<<<<<<<<<<<<<<<<<
Running:
mixcr align --report /projects/rpci/songyao/pnfioric/arc_project/airr_calculation/tcr_quant/results/mixcr_RS-04378612.align.report.txt --json-report /projects/rpci/songyao/pnfioric/arc_project/airr_calculation/tcr_quant/results/mixcr_RS-04378612.align.report.json --threads 12 --preset rna-seq --save-output-file-names /projects/rpci/songyao/pnfioric/arc_project/airr_calculation/tcr_quant/results/mixcr_RS-04378612.align.list.tsv --species hsa /projects/rpci/songyao/pnfioric/arc_project/airr_calculation/fastq_files/RS-04378612/RS-04378612_W97-13937-A3_RS-04170886_S5_R1_001.fastq.gz /projects/rpci/songyao/pnfioric/arc_project/airr_calculation/fastq_files/RS-04378612/RS-04378612_W97-13937-A3_RS-04170886_S5_R2_001.fastq.gz /projects/rpci/songyao/pnfioric/arc_project/airr_calculation/tcr_quant/results/mixcr_RS-04378612.alignments.vdjca
Alignment: 0%
Alignment: 3.8%  ETA: 00:50:14
Alignment: 7.7%  ETA: 00:47:25
Alignment: 11.6%  ETA: 00:45:25
Alignment: 15.5%  ETA: 00:43:25
Alignment: 19.4%  ETA: 00:41:46
Alignment: 23.3%  ETA: 00:39:26
Alignment: 27.2%  ETA: 00:37:26
Alignment: 31%  ETA: 00:36:03
Alignment: 34.8%  ETA: 00:34:03
Alignment: 38.6%  ETA: 00:32:03
Alignment: 42.5%  ETA: 00:29:47
Alignment: 46.4%  ETA: 00:27:47
Alignment: 50.2%  ETA: 00:26:01
Alignment: 54%  ETA: 00:24:01
Alignment: 57.9%  ETA: 00:21:49
Alignment: 61.7%  ETA: 00:20:00
Alignment: 65.5%  ETA: 00:18:00
Alignment: 69.4%  ETA: 00:15:51
Alignment: 73.2%  ETA: 00:13:59
Alignment: 77.1%  ETA: 00:11:59
Alignment: 80.9%  ETA: 00:09:59
Alignment: 84.8%  ETA: 00:07:49
Alignment: 88.6%  ETA: 00:05:57
Alignment: 92.4%  ETA: 00:03:57
Alignment: 96.3%  ETA: 00:01:55
====================== report: align ======================
Analysis time: 51.97m
Total sequencing reads: 64588352
Successfully aligned reads: 10081 (0.02%)
Coverage (percent of successfully aligned):
  CDR3: 1820 (18.05%)
  FR3_TO_FR4: 0 (0%)
  CDR2_TO_FR4: 0 (0%)
  FR2_TO_FR4: 0 (0%)
  CDR1_TO_FR4: 0 (0%)
  VDJRegion: 52 (0.52%)
Alignment failed: no hits (not TCR/IG?): 62783271 (97.21%)
Alignment failed: no CDR3 parts: 31739 (0.05%)
Alignment failed: low total score: 1763261 (2.73%)
Overlapped: 61328011 (94.95%)
Overlapped and aligned: 10000 (0.02%)
Overlapped and not aligned: 61318011 (94.94%)
Alignment-aided overlaps, percent of overlapped and aligned: 32 (0.32%)
No CDR3 parts alignments, percent of successfully aligned: 113 (1.12%)
Partial aligned reads, percent of successfully aligned: 8148 (80.83%)
Paired-end alignment conflicts eliminated: 1 (0%)
Realigned with forced non-floating bound: 6520746 (10.1%)
Realigned with forced non-floating right bound in left read: 425 (0%)
Realigned with forced non-floating left bound in right read: 425 (0%)
TRA chains: 1521 (15.09%)
TRA non-functional: 0 (0%)
TRB chains: 302 (3%)
TRB non-functional: 0 (0%)
TRD chains: 27 (0.27%)
TRD non-functional: 0 (0%)
TRG chains: 48 (0.48%)
TRG non-functional: 8 (16.67%)
IGH chains: 3861 (38.3%)
IGH non-functional: 24 (0.62%)
TRAD chains: 7 (0.07%)
TRAD non-functional: 0 (0%)
IGK chains: 2327 (23.08%)
IGK non-functional: 50 (2.15%)
IGL chains: 1988 (19.72%)
IGL non-functional: 5 (0.25%)
Trimming report:
  R1 reads trimmed left: 1216235 (1.88%)
  R1 reads trimmed right: 1261093 (1.95%)
  Average R1 nucleotides trimmed left: 0.32010318207221017
  Average R1 nucleotides trimmed right: 0.3420136652503535
  R2 reads trimmed left: 1196200 (1.85%)
  R2 reads trimmed right: 1238939 (1.92%)
  Average R2 nucleotides trimmed left: 0.3147048557609892
  Average R2 nucleotides trimmed right: 0.3360968243933519

>>>>>>>>>>>>>>>>>> mixcr assemblePartial <<<<<<<<<<<<<<<<<<
Running:
mixcr assemblePartial --report /projects/rpci/songyao/pnfioric/arc_project/airr_calculation/tcr_quant/results/mixcr_RS-04378612.assemblePartial.report.txt --json-report /projects/rpci/songyao/pnfioric/arc_project/airr_calculation/tcr_quant/results/mixcr_RS-04378612.assemblePartial.report.json /projects/rpci/songyao/pnfioric/arc_project/airr_calculation/tcr_quant/results/mixcr_RS-04378612.alignments.vdjca /projects/rpci/songyao/pnfioric/arc_project/airr_calculation/tcr_quant/results/mixcr_RS-04378612.passembled.1.vdjca
Building index: 0%
Searching for overlaps: 0%
================= report: assemblePartial =================
Analysis time: 340ms
Total alignments analysed: 10081
Number of output alignments: 10081 (100%)
Alignments already with CDR3 (no overlapping is performed): 1964 (19.48%)
Successfully overlapped alignments: 0 (0%)
Left parts with too small N-region (failed to extract k-mer): 1502 (14.9%)
Extracted k-mer diversity: 733
Dropped due to wildcard in k-mer: 0 (0%)
Dropped due to too short NRegion parts in overlap: 3 (0.03%)
Dropped overlaps with empty N region due to no complete NDN coverage: 0 (0%)
Number of left-side alignments: 1248 (12.38%)
Number of right-side alignments: 5367 (53.24%)
Complex overlaps: 0 (0%)
Over-overlaps: 0 (0%)
Partial alignments written to output: 8117 (80.52%)

>>>>>>>>>>>>>>>>>> mixcr assemblePartial <<<<<<<<<<<<<<<<<<
Running:
mixcr assemblePartial --report /projects/rpci/songyao/pnfioric/arc_project/airr_calculation/tcr_quant/results/mixcr_RS-04378612.assemblePartial.report.txt --json-report /projects/rpci/songyao/pnfioric/arc_project/airr_calculation/tcr_quant/results/mixcr_RS-04378612.assemblePartial.report.json /projects/rpci/songyao/pnfioric/arc_project/airr_calculation/tcr_quant/results/mixcr_RS-04378612.passembled.1.vdjca /projects/rpci/songyao/pnfioric/arc_project/airr_calculation/tcr_quant/results/mixcr_RS-04378612.passembled.2.vdjca
Building index: 0%
Searching for overlaps: 0%
================= report: assemblePartial =================
Analysis time: 146ms
Total alignments analysed: 10081
Number of output alignments: 10081 (100%)
Alignments already with CDR3 (no overlapping is performed): 1964 (19.48%)
Successfully overlapped alignments: 0 (0%)
Left parts with too small N-region (failed to extract k-mer): 1502 (14.9%)
Extracted k-mer diversity: 733
Dropped due to wildcard in k-mer: 0 (0%)
Dropped due to too short NRegion parts in overlap: 3 (0.03%)
Dropped overlaps with empty N region due to no complete NDN coverage: 0 (0%)
Number of left-side alignments: 1248 (12.38%)
Number of right-side alignments: 5367 (53.24%)
Complex overlaps: 0 (0%)
Over-overlaps: 0 (0%)
Partial alignments written to output: 8117 (80.52%)

>>>>>>>>>>>>>>>>>>>>>>> mixcr extend <<<<<<<<<<<<<<<<<<<<<<<
Running:
mixcr extend --report /projects/rpci/songyao/pnfioric/arc_project/airr_calculation/tcr_quant/results/mixcr_RS-04378612.extend.report.txt --json-report /projects/rpci/songyao/pnfioric/arc_project/airr_calculation/tcr_quant/results/mixcr_RS-04378612.extend.report.json --threads 12 /projects/rpci/songyao/pnfioric/arc_project/airr_calculation/tcr_quant/results/mixcr_RS-04378612.passembled.2.vdjca /projects/rpci/songyao/pnfioric/arc_project/airr_calculation/tcr_quant/results/mixcr_RS-04378612.extended.vdjca
Extending alignments: 0%
====================== report: extend ======================
Analysis time: 90ms
Extended alignments count: 0 (0%)
V extensions total: 0 (0%)
V extensions with merged targets: 0 (0%)
J extensions total: 0 (0%)
J extensions with merged targets: 0 (0%)
V+J extensions: 0 (0%)
Mean V extension length: NaN
Mean J extension length: NaN

>>>>>>>>>>>>>>>>>>>>>> mixcr assemble <<<<<<<<<<<<<<<<<<<<<<
Running:
mixcr assemble --report /projects/rpci/songyao/pnfioric/arc_project/airr_calculation/tcr_quant/results/mixcr_RS-04378612.assemble.report.txt --json-report /projects/rpci/songyao/pnfioric/arc_project/airr_calculation/tcr_quant/results/mixcr_RS-04378612.assemble.report.json /projects/rpci/songyao/pnfioric/arc_project/airr_calculation/tcr_quant/results/mixcr_RS-04378612.extended.vdjca /projects/rpci/songyao/pnfioric/arc_project/airr_calculation/tcr_quant/results/mixcr_RS-04378612.clna
Initialization: progress unknown
Initialization: progress unknown
===================== report: assemble =====================
Analysis time: 651ms
Final clonotype count: 98
Reads used in clonotypes, percent of total: 1816 (0%)
Average number of reads per clonotype: 18.53
Reads dropped due to the lack of a clone sequence, percent of total: 8261 (0.01%)
Reads dropped due to a too short clonal sequence, percent of total: 0 (0%)
Reads dropped due to low quality, percent of total: 0 (0%)
Reads dropped due to failed mapping, percent of total: 1 (0%)
Reads dropped with low quality clones, percent of total: 0 (0%)
Aligned reads processed: 1820
Reads used in clonotypes before clustering, percent of total: 1819 (0%)
Number of reads used as a core, percent of used: 1810 (99.51%)
Mapped low quality reads, percent of used: 9 (0.49%)
Reads clustered in PCR error correction, percent of used: 3 (0.16%)
Reads pre-clustered due to the similar VJC-lists, percent of used: 0 (0%)
Clonotypes dropped as low quality: 0
Clonotypes eliminated by PCR error correction: 3
Clonotypes pre-clustered due to the similar VJC-lists: 0
Clones dropped in post filtering: 0 (0%)
Reads dropped in post filtering: 0.0 (0%)
Reads filtered by tag prefix: 0 (0%)
TRB chains: 1 (1.02%)
TRB non-functional: 0 (0%)
TRG chains: 1 (1.02%)
TRG non-functional: 1 (100%)
IGH chains: 33 (33.67%)
IGH non-functional: 2 (6.06%)
IGK chains: 47 (47.96%)
IGK non-functional: 6 (12.77%)
IGL chains: 16 (16.33%)
IGL non-functional: 1 (6.25%)

>>>>>>>>>>>>>>>>>> mixcr assembleContigs <<<<<<<<<<<<<<<<<<
Running:
mixcr assembleContigs --report /projects/rpci/songyao/pnfioric/arc_project/airr_calculation/tcr_quant/results/mixcr_RS-04378612.assembleContigs.report.txt --json-report /projects/rpci/songyao/pnfioric/arc_project/airr_calculation/tcr_quant/results/mixcr_RS-04378612.assembleContigs.report.json --threads 12 /projects/rpci/songyao/pnfioric/arc_project/airr_calculation/tcr_quant/results/mixcr_RS-04378612.clna /projects/rpci/songyao/pnfioric/arc_project/airr_calculation/tcr_quant/results/mixcr_RS-04378612.contigs.clns
Assembling contigs: 0%
================= report: assembleContigs =================
Analysis time: 296ms
Initial clonotype count: 98
Final clonotype count: 98 (100%)
Canceled assemblies: 0 (0%)
Clones filtered out after assemble: 0 (0%)
Number of premature termination assembly events, percent of number of initial clonotypes: 0.0 (0%)
Longest contig length: 231
Clustered variants: 0 (0%)
Reads in clustered variants: 0.0 (0%)
Reads in divided (newly created) clones: 0.0 (0%)
Clones with ambiguous letters in splitting region: 0 (0%)
Reads in clones with ambiguous letters in splitting region: 0.0 (0%)
Average number of ambiguous letters per clone with ambiguous letters in splitting region: NaN
Clones combined after clustering: 0 (0%)

>>>>>>>>>>>>>>>>>>>>>>>>> mixcr qc <<<<<<<<<<<<<<<<<<<<<<<<<
Running:
mixcr qc --print-to-stdout /projects/rpci/songyao/pnfioric/arc_project/airr_calculation/tcr_quant/results/mixcr_RS-04378612.contigs.clns /projects/rpci/songyao/pnfioric/arc_project/airr_calculation/tcr_quant/results/mixcr_RS-04378612.qc.txt /projects/rpci/songyao/pnfioric/arc_project/airr_calculation/tcr_quant/results/mixcr_RS-04378612.qc.json

  Alignments dropped due to low sequence quality: 0.0% [OK]

>>>>>>>>>>>>>>>>>>>> mixcr exportClones <<<<<<<<<<<<<<<<<<<<
Running:
mixcr exportClones /projects/rpci/songyao/pnfioric/arc_project/airr_calculation/tcr_quant/results/mixcr_RS-04378612.contigs.clns /projects/rpci/songyao/pnfioric/arc_project/airr_calculation/tcr_quant/results/mixcr_RS-04378612.clones.tsv
Analysis finished successfully.
===============================
Visualize results and simplify your immune data analysis with a convenient UI.
Explore and install Platforma.bio here: https://platforma.bio
