WARNING: sun.reflect.Reflection.getCallerClass is not supported. This will impact performance.

>>>>>>>>>>>>>>>>>>>>>>> mixcr align <<<<<<<<<<<<<<<<<<<<<<<
Running:
mixcr align --report /projects/rpci/songyao/pnfioric/arc_project/airr_calculation/tcr_quant/results/mixcr_RS-04367421.align.report.txt --json-report /projects/rpci/songyao/pnfioric/arc_project/airr_calculation/tcr_quant/results/mixcr_RS-04367421.align.report.json --threads 12 --preset rna-seq --save-output-file-names /projects/rpci/songyao/pnfioric/arc_project/airr_calculation/tcr_quant/results/mixcr_RS-04367421.align.list.tsv --species hsa /projects/rpci/songyao/pnfioric/arc_project/airr_calculation/fastq_files/RS-04367421/RS-04367421_OAKS12005560-A7_RS-04256821_S87_R1_001.fastq.gz /projects/rpci/songyao/pnfioric/arc_project/airr_calculation/fastq_files/RS-04367421/RS-04367421_OAKS12005560-A7_RS-04256821_S87_R2_001.fastq.gz /projects/rpci/songyao/pnfioric/arc_project/airr_calculation/tcr_quant/results/mixcr_RS-04367421.alignments.vdjca
Alignment: 0%
Alignment: 3.4%  ETA: 00:57:08
Alignment: 6.8%  ETA: 00:55:08
Alignment: 10.2%  ETA: 00:52:40
Alignment: 13.6%  ETA: 00:50:12
Alignment: 17%  ETA: 00:49:33
Alignment: 20.3%  ETA: 00:47:33
Alignment: 23.8%  ETA: 00:44:18
Alignment: 27.1%  ETA: 00:43:54
Alignment: 30.4%  ETA: 00:41:54
Alignment: 33.8%  ETA: 00:39:09
Alignment: 37.1%  ETA: 00:37:30
Alignment: 40.4%  ETA: 00:36:11
Alignment: 43.8%  ETA: 00:33:51
Alignment: 47.1%  ETA: 00:31:34
Alignment: 50.4%  ETA: 00:29:50
Alignment: 53.7%  ETA: 00:28:07
Alignment: 57.1%  ETA: 00:25:36
Alignment: 60.4%  ETA: 00:24:05
Alignment: 63.7%  ETA: 00:21:51
Alignment: 67%  ETA: 00:20:03
Alignment: 70.3%  ETA: 00:18:03
Alignment: 73.6%  ETA: 00:16:03
Alignment: 76.9%  ETA: 00:14:03
Alignment: 80.1%  ETA: 00:12:03
Alignment: 83.5%  ETA: 00:09:57
Alignment: 86.9%  ETA: 00:07:46
Alignment: 90.2%  ETA: 00:05:55
Alignment: 93.5%  ETA: 00:03:58
Alignment: 96.8%  ETA: 00:01:54
====================== report: align ======================
Analysis time: 59.94m
Total sequencing reads: 63789003
Successfully aligned reads: 1465 (0%)
Coverage (percent of successfully aligned):
  CDR3: 224 (15.29%)
  FR3_TO_FR4: 2 (0.14%)
  CDR2_TO_FR4: 2 (0.14%)
  FR2_TO_FR4: 0 (0%)
  CDR1_TO_FR4: 0 (0%)
  VDJRegion: 1 (0.07%)
Alignment failed: no hits (not TCR/IG?): 62181791 (97.48%)
Alignment failed: no CDR3 parts: 18766 (0.03%)
Alignment failed: low total score: 1586981 (2.49%)
Overlapped: 55252702 (86.62%)
Overlapped and aligned: 1344 (0%)
Overlapped and not aligned: 55251358 (86.62%)
Alignment-aided overlaps, percent of overlapped and aligned: 19 (1.41%)
No CDR3 parts alignments, percent of successfully aligned: 25 (1.71%)
Partial aligned reads, percent of successfully aligned: 1216 (83%)
V gene chimeras: 1 (0%)
Realigned with forced non-floating bound: 17072640 (26.76%)
Realigned with forced non-floating right bound in left read: 1011 (0%)
Realigned with forced non-floating left bound in right read: 1011 (0%)
TRA chains: 515 (35.15%)
TRA non-functional: 0 (0%)
TRB chains: 66 (4.51%)
TRB non-functional: 0 (0%)
TRD chains: 14 (0.96%)
TRD non-functional: 0 (0%)
TRG chains: 10 (0.68%)
TRG non-functional: 1 (10%)
IGH chains: 259 (17.68%)
IGH non-functional: 0 (0%)
TRAD chains: 5 (0.34%)
TRAD non-functional: 0 (0%)
IGK chains: 241 (16.45%)
IGK non-functional: 6 (2.49%)
IGL chains: 355 (24.23%)
IGL non-functional: 0 (0%)
Trimming report:
  R1 reads trimmed left: 25586 (0.04%)
  R1 reads trimmed right: 26313 (0.04%)
  Average R1 nucleotides trimmed left: 0.006818792888172276
  Average R1 nucleotides trimmed right: 0.007339196068011911
  R2 reads trimmed left: 27213 (0.04%)
  R2 reads trimmed right: 27864 (0.04%)
  Average R2 nucleotides trimmed left: 0.006790637564910679
  Average R2 nucleotides trimmed right: 0.00842047962405056

>>>>>>>>>>>>>>>>>> mixcr assemblePartial <<<<<<<<<<<<<<<<<<
Running:
mixcr assemblePartial --report /projects/rpci/songyao/pnfioric/arc_project/airr_calculation/tcr_quant/results/mixcr_RS-04367421.assemblePartial.report.txt --json-report /projects/rpci/songyao/pnfioric/arc_project/airr_calculation/tcr_quant/results/mixcr_RS-04367421.assemblePartial.report.json /projects/rpci/songyao/pnfioric/arc_project/airr_calculation/tcr_quant/results/mixcr_RS-04367421.alignments.vdjca /projects/rpci/songyao/pnfioric/arc_project/airr_calculation/tcr_quant/results/mixcr_RS-04367421.passembled.1.vdjca
Building index: 0%
Searching for overlaps: 0.1%
================= report: assemblePartial =================
Analysis time: 223ms
Total alignments analysed: 1465
Number of output alignments: 1464 (99.93%)
Alignments already with CDR3 (no overlapping is performed): 229 (15.63%)
Successfully overlapped alignments: 1 (0.07%)
Left parts with too small N-region (failed to extract k-mer): 164 (11.19%)
Extracted k-mer diversity: 1345
Dropped due to wildcard in k-mer: 0 (0%)
Dropped due to too short NRegion parts in overlap: 0 (0%)
Dropped overlaps with empty N region due to no complete NDN coverage: 0 (0%)
Number of left-side alignments: 204 (13.92%)
Number of right-side alignments: 868 (59.25%)
Complex overlaps: 0 (0%)
Over-overlaps: 0 (0%)
Partial alignments written to output: 1234 (84.23%)

>>>>>>>>>>>>>>>>>> mixcr assemblePartial <<<<<<<<<<<<<<<<<<
Running:
mixcr assemblePartial --report /projects/rpci/songyao/pnfioric/arc_project/airr_calculation/tcr_quant/results/mixcr_RS-04367421.assemblePartial.report.txt --json-report /projects/rpci/songyao/pnfioric/arc_project/airr_calculation/tcr_quant/results/mixcr_RS-04367421.assemblePartial.report.json /projects/rpci/songyao/pnfioric/arc_project/airr_calculation/tcr_quant/results/mixcr_RS-04367421.passembled.1.vdjca /projects/rpci/songyao/pnfioric/arc_project/airr_calculation/tcr_quant/results/mixcr_RS-04367421.passembled.2.vdjca
Building index: 0%
Searching for overlaps: 0.6%
================= report: assemblePartial =================
Analysis time: 67ms
Total alignments analysed: 1464
Number of output alignments: 1464 (100%)
Alignments already with CDR3 (no overlapping is performed): 230 (15.71%)
Successfully overlapped alignments: 0 (0%)
Left parts with too small N-region (failed to extract k-mer): 164 (11.2%)
Extracted k-mer diversity: 1331
Dropped due to wildcard in k-mer: 0 (0%)
Dropped due to too short NRegion parts in overlap: 0 (0%)
Dropped overlaps with empty N region due to no complete NDN coverage: 0 (0%)
Number of left-side alignments: 203 (13.87%)
Number of right-side alignments: 867 (59.22%)
Complex overlaps: 0 (0%)
Over-overlaps: 0 (0%)
Partial alignments written to output: 1234 (84.29%)

>>>>>>>>>>>>>>>>>>>>>>> mixcr extend <<<<<<<<<<<<<<<<<<<<<<<
Running:
mixcr extend --report /projects/rpci/songyao/pnfioric/arc_project/airr_calculation/tcr_quant/results/mixcr_RS-04367421.extend.report.txt --json-report /projects/rpci/songyao/pnfioric/arc_project/airr_calculation/tcr_quant/results/mixcr_RS-04367421.extend.report.json --threads 12 /projects/rpci/songyao/pnfioric/arc_project/airr_calculation/tcr_quant/results/mixcr_RS-04367421.passembled.2.vdjca /projects/rpci/songyao/pnfioric/arc_project/airr_calculation/tcr_quant/results/mixcr_RS-04367421.extended.vdjca
Extending alignments: 0%
====================== report: extend ======================
Analysis time: 17ms
Extended alignments count: 0 (0%)
V extensions total: 0 (0%)
V extensions with merged targets: 0 (0%)
J extensions total: 0 (0%)
J extensions with merged targets: 0 (0%)
V+J extensions: 0 (0%)
Mean V extension length: NaN
Mean J extension length: NaN

>>>>>>>>>>>>>>>>>>>>>> mixcr assemble <<<<<<<<<<<<<<<<<<<<<<
Running:
mixcr assemble --report /projects/rpci/songyao/pnfioric/arc_project/airr_calculation/tcr_quant/results/mixcr_RS-04367421.assemble.report.txt --json-report /projects/rpci/songyao/pnfioric/arc_project/airr_calculation/tcr_quant/results/mixcr_RS-04367421.assemble.report.json /projects/rpci/songyao/pnfioric/arc_project/airr_calculation/tcr_quant/results/mixcr_RS-04367421.extended.vdjca /projects/rpci/songyao/pnfioric/arc_project/airr_calculation/tcr_quant/results/mixcr_RS-04367421.clna
Initialization: progress unknown
Initialization: progress unknown
===================== report: assemble =====================
Analysis time: 524ms
Final clonotype count: 123
Reads used in clonotypes, percent of total: 211 (0%)
Average number of reads per clonotype: 1.72
Reads dropped due to the lack of a clone sequence, percent of total: 1239 (0%)
Reads dropped due to a too short clonal sequence, percent of total: 0 (0%)
Reads dropped due to low quality, percent of total: 0 (0%)
Reads dropped due to failed mapping, percent of total: 15 (0%)
Reads dropped with low quality clones, percent of total: 0 (0%)
Aligned reads processed: 226
Reads used in clonotypes before clustering, percent of total: 211 (0%)
Number of reads used as a core, percent of used: 210 (99.53%)
Mapped low quality reads, percent of used: 1 (0.47%)
Reads clustered in PCR error correction, percent of used: 0 (0%)
Reads pre-clustered due to the similar VJC-lists, percent of used: 0 (0%)
Clonotypes dropped as low quality: 0
Clonotypes eliminated by PCR error correction: 0
Clonotypes pre-clustered due to the similar VJC-lists: 0
Clones dropped in post filtering: 0 (0%)
Reads dropped in post filtering: 0.0 (0%)
Reads filtered by tag prefix: 0 (0%)
TRA chains: 2 (1.63%)
TRA non-functional: 0 (0%)
TRB chains: 1 (0.81%)
TRB non-functional: 0 (0%)
TRG chains: 1 (0.81%)
TRG non-functional: 1 (100%)
IGH chains: 28 (22.76%)
IGH non-functional: 0 (0%)
IGK chains: 63 (51.22%)
IGK non-functional: 4 (6.35%)
IGL chains: 28 (22.76%)
IGL non-functional: 0 (0%)

>>>>>>>>>>>>>>>>>> mixcr assembleContigs <<<<<<<<<<<<<<<<<<
Running:
mixcr assembleContigs --report /projects/rpci/songyao/pnfioric/arc_project/airr_calculation/tcr_quant/results/mixcr_RS-04367421.assembleContigs.report.txt --json-report /projects/rpci/songyao/pnfioric/arc_project/airr_calculation/tcr_quant/results/mixcr_RS-04367421.assembleContigs.report.json --threads 12 /projects/rpci/songyao/pnfioric/arc_project/airr_calculation/tcr_quant/results/mixcr_RS-04367421.clna /projects/rpci/songyao/pnfioric/arc_project/airr_calculation/tcr_quant/results/mixcr_RS-04367421.contigs.clns
Assembling contigs: 0%
================= report: assembleContigs =================
Analysis time: 205ms
Initial clonotype count: 123
Final clonotype count: 123 (100%)
Canceled assemblies: 0 (0%)
Clones filtered out after assemble: 0 (0%)
Number of premature termination assembly events, percent of number of initial clonotypes: 0.0 (0%)
Longest contig length: 231
Clustered variants: 0 (0%)
Reads in clustered variants: 0.0 (0%)
Reads in divided (newly created) clones: 0.0 (0%)
Clones with ambiguous letters in splitting region: 0 (0%)
Reads in clones with ambiguous letters in splitting region: 0.0 (0%)
Average number of ambiguous letters per clone with ambiguous letters in splitting region: NaN
Clones combined after clustering: 0 (0%)

>>>>>>>>>>>>>>>>>>>>>>>>> mixcr qc <<<<<<<<<<<<<<<<<<<<<<<<<
Running:
mixcr qc --print-to-stdout /projects/rpci/songyao/pnfioric/arc_project/airr_calculation/tcr_quant/results/mixcr_RS-04367421.contigs.clns /projects/rpci/songyao/pnfioric/arc_project/airr_calculation/tcr_quant/results/mixcr_RS-04367421.qc.txt /projects/rpci/songyao/pnfioric/arc_project/airr_calculation/tcr_quant/results/mixcr_RS-04367421.qc.json

  Alignments dropped due to low sequence quality: 0.0% [OK]

>>>>>>>>>>>>>>>>>>>> mixcr exportClones <<<<<<<<<<<<<<<<<<<<
Running:
mixcr exportClones /projects/rpci/songyao/pnfioric/arc_project/airr_calculation/tcr_quant/results/mixcr_RS-04367421.contigs.clns /projects/rpci/songyao/pnfioric/arc_project/airr_calculation/tcr_quant/results/mixcr_RS-04367421.clones.tsv
Analysis finished successfully.
===============================
Visualize results and simplify your immune data analysis with a convenient UI.
Explore and install Platforma.bio here: https://platforma.bio
