Exporting TRB
Exporting clones: 100%
Filtered 1 of 13 clones (92.31%).
Filtered 1.0 of 141.0 reads (99.29%).
Exporting TRA
Exporting clones: 50%
Filtered 2 of 13 clones (84.62%).
Filtered 8.0 of 141.0 reads (94.33%).
Exporting IGH
Exporting clones: 25%
Filtered 4 of 13 clones (69.23%).
Filtered 82.0 of 141.0 reads (41.84%).
Exporting IGL
Exporting clones: 100%
Filtered 1 of 13 clones (92.31%).
Filtered 21.0 of 141.0 reads (85.11%).
Exporting IGK
Exporting clones: 20%
Filtered 5 of 13 clones (61.54%).
Filtered 29.0 of 141.0 reads (79.43%).
