Exporting TRB
Exporting clones: 100%
Filtered 1 of 282 clones (99.65%).
Filtered 4.0 of 707.0 reads (99.43%).
Exporting TRA
Exporting clones: 33.3%
Filtered 3 of 282 clones (98.94%).
Filtered 4.0 of 707.0 reads (99.43%).
Exporting IGH
Exporting clones: 1.4%
Filtered 73 of 282 clones (74.11%).
Filtered 189.0 of 707.0 reads (73.27%).
Exporting TRG
Exporting clones: 100%
Filtered 1 of 282 clones (99.65%).
Filtered 1.0 of 707.0 reads (99.86%).
Exporting IGL
Exporting clones: 1.6%
Filtered 61 of 282 clones (78.37%).
Filtered 154.0 of 707.0 reads (78.22%).
Exporting IGK
Exporting clones: 0.7%
Filtered 143 of 282 clones (49.29%).
Filtered 355.0 of 707.0 reads (49.79%).
