Exporting TRB
Exporting clones: 50%
Filtered 2 of 196 clones (98.98%).
Filtered 3.0 of 511.0 reads (99.41%).
Exporting TRA
Exporting clones: 50%
Filtered 2 of 196 clones (98.98%).
Filtered 2.0 of 511.0 reads (99.61%).
Exporting IGH
Exporting clones: 2.1%
Filtered 47 of 196 clones (76.02%).
Filtered 112.0 of 511.0 reads (78.08%).
Exporting IGL
Exporting clones: 2.4%
Filtered 41 of 196 clones (79.08%).
Filtered 112.0 of 511.0 reads (78.08%).
Exporting IGK
Exporting clones: 1%
Filtered 104 of 196 clones (46.94%).
Filtered 282.0 of 511.0 reads (44.81%).
