Exporting TRB
Exporting clones: 33.3%
Filtered 3 of 93 clones (96.77%).
Filtered 31.0 of 741.0 reads (95.82%).
Exporting TRA
Exporting clones: 33.3%
Filtered 3 of 93 clones (96.77%).
Filtered 33.0 of 741.0 reads (95.55%).
Exporting IGH
Exporting clones: 3.7%
Filtered 27 of 93 clones (70.97%).
Filtered 229.0 of 741.0 reads (69.1%).
Exporting IGL
Exporting clones: 7.7%
Filtered 13 of 93 clones (86.02%).
Filtered 83.0 of 741.0 reads (88.8%).
Exporting IGK
Exporting clones: 2.1%
Filtered 47 of 93 clones (49.46%).
Filtered 365.0 of 741.0 reads (50.74%).
