Exporting TRB
Exporting clones: 33.3%
Filtered 3 of 387 clones (99.22%).
Filtered 5.0 of 1048.0 reads (99.52%).
Exporting TRA
Exporting clones: 11.1%
Filtered 9 of 387 clones (97.67%).
Filtered 25.0 of 1048.0 reads (97.61%).
Exporting IGH
Exporting clones: 1.1%
Filtered 92 of 387 clones (76.23%).
Filtered 209.0 of 1048.0 reads (80.06%).
Exporting TRG
Exporting clones: 100%
Filtered 1 of 387 clones (99.74%).
Filtered 2.0 of 1048.0 reads (99.81%).
Exporting IGL
Exporting clones: 1%
Filtered 104 of 387 clones (73.13%).
Filtered 367.0 of 1048.0 reads (64.98%).
Exporting IGK
Exporting clones: 0.6%
Filtered 178 of 387 clones (54.01%).
Filtered 440.0 of 1048.0 reads (58.02%).
