Exporting TRB
Exporting clones: 5%
Filtered 20 of 1838 clones (98.91%).
Filtered 35.0 of 7449.0 reads (99.53%).
Exporting TRA
Exporting clones: 3.4%
Filtered 29 of 1838 clones (98.42%).
Filtered 53.0 of 7449.0 reads (99.29%).
Exporting IGH
Exporting clones: 0.2%
Filtered 476 of 1838 clones (74.1%).
Filtered 1608.0 of 7449.0 reads (78.41%).
Exporting TRG
Exporting clones: 28.6%
Filtered 7 of 1838 clones (99.62%).
Filtered 13.0 of 7449.0 reads (99.83%).
Exporting IGL
Exporting clones: 0.5%
Filtered 438 of 1838 clones (76.17%).
Filtered 1776.0 of 7449.0 reads (76.16%).
Exporting IGK
Exporting clones: 0.2%
Filtered 868 of 1838 clones (52.77%).
Filtered 3964.0 of 7449.0 reads (46.78%).
