WARNING: sun.reflect.Reflection.getCallerClass is not supported. This will impact performance.

>>>>>>>>>>>>>>>>>>>>>>> mixcr align <<<<<<<<<<<<<<<<<<<<<<<
Running:
mixcr align --report /projects/rpci/songyao/pnfioric/arc_project/airr_calculation/tcr_quant/results/mixcr_RS-04430818.align.report.txt --json-report /projects/rpci/songyao/pnfioric/arc_project/airr_calculation/tcr_quant/results/mixcr_RS-04430818.align.report.json --threads 12 --preset rna-seq --save-output-file-names /projects/rpci/songyao/pnfioric/arc_project/airr_calculation/tcr_quant/results/mixcr_RS-04430818.align.list.tsv --species hsa /projects/rpci/songyao/pnfioric/arc_project/airr_calculation/fastq_files/RS-04430818/RS-04430818_STRS06008143-K_RS-03722224_S30_R1_001.fastq.gz /projects/rpci/songyao/pnfioric/arc_project/airr_calculation/fastq_files/RS-04430818/RS-04430818_STRS06008143-K_RS-03722224_S30_R2_001.fastq.gz /projects/rpci/songyao/pnfioric/arc_project/airr_calculation/tcr_quant/results/mixcr_RS-04430818.alignments.vdjca
Alignment: 0%
Alignment: 4.4%  ETA: 00:43:45
Alignment: 8.8%  ETA: 00:41:22
Alignment: 13.2%  ETA: 00:39:22
Alignment: 17.6%  ETA: 00:37:01
Alignment: 22%  ETA: 00:35:41
Alignment: 26.4%  ETA: 00:33:22
Alignment: 30.9%  ETA: 00:30:47
Alignment: 35.4%  ETA: 00:28:47
Alignment: 39.9%  ETA: 00:26:47
Alignment: 44.4%  ETA: 00:24:33
Alignment: 48.9%  ETA: 00:22:46
Alignment: 53.3%  ETA: 00:20:58
Alignment: 57.8%  ETA: 00:18:58
Alignment: 62.3%  ETA: 00:16:48
Alignment: 66.7%  ETA: 00:15:06
Alignment: 71.1%  ETA: 00:12:58
Alignment: 75.6%  ETA: 00:10:58
Alignment: 80.1%  ETA: 00:08:52
Alignment: 84.6%  ETA: 00:06:48
Alignment: 89.1%  ETA: 00:04:48
Alignment: 93.7%  ETA: 00:02:48
Alignment: 98.2%  ETA: 00:00:48
====================== report: align ======================
Analysis time: 44.86m
Total sequencing reads: 47539441
Successfully aligned reads: 4281 (0.01%)
Coverage (percent of successfully aligned):
  CDR3: 966 (22.56%)
  FR3_TO_FR4: 2 (0.05%)
  CDR2_TO_FR4: 0 (0%)
  FR2_TO_FR4: 0 (0%)
  CDR1_TO_FR4: 0 (0%)
  VDJRegion: 1 (0.02%)
Alignment failed: no hits (not TCR/IG?): 46444598 (97.7%)
Alignment failed after alignment-aided overlap: 2 (0%)
Alignment failed: no CDR3 parts: 18900 (0.04%)
Alignment failed: low total score: 1071660 (2.25%)
Overlapped: 41353706 (86.99%)
Overlapped and aligned: 3833 (0.01%)
Overlapped and not aligned: 41349873 (86.98%)
Alignment-aided overlaps, percent of overlapped and aligned: 121 (3.16%)
No CDR3 parts alignments, percent of successfully aligned: 106 (2.48%)
Partial aligned reads, percent of successfully aligned: 3209 (74.96%)
J gene chimeras: 4 (0%)
Realigned with forced non-floating bound: 12371712 (26.02%)
Realigned with forced non-floating right bound in left read: 631 (0%)
Realigned with forced non-floating left bound in right read: 631 (0%)
TRA chains: 378 (8.83%)
TRA non-functional: 0 (0%)
TRB chains: 114 (2.66%)
TRB non-functional: 0 (0%)
TRD chains: 2 (0.05%)
TRD non-functional: 0 (0%)
TRG chains: 27 (0.63%)
TRG non-functional: 18 (66.67%)
IGH chains: 1391 (32.49%)
IGH non-functional: 6 (0.43%)
TRAD chains: 70 (1.64%)
TRAD non-functional: 0 (0%)
IGK chains: 1187 (27.73%)
IGK non-functional: 7 (0.59%)
IGL chains: 1112 (25.98%)
IGL non-functional: 2 (0.18%)
Trimming report:
  R1 reads trimmed left: 30535 (0.06%)
  R1 reads trimmed right: 30159 (0.06%)
  Average R1 nucleotides trimmed left: 0.010564007262937736
  Average R1 nucleotides trimmed right: 0.011222660359005904
  R2 reads trimmed left: 29503 (0.06%)
  R2 reads trimmed right: 29800 (0.06%)
  Average R2 nucleotides trimmed left: 0.010604962729788935
  Average R2 nucleotides trimmed right: 0.011095839347374742

>>>>>>>>>>>>>>>>>> mixcr assemblePartial <<<<<<<<<<<<<<<<<<
Running:
mixcr assemblePartial --report /projects/rpci/songyao/pnfioric/arc_project/airr_calculation/tcr_quant/results/mixcr_RS-04430818.assemblePartial.report.txt --json-report /projects/rpci/songyao/pnfioric/arc_project/airr_calculation/tcr_quant/results/mixcr_RS-04430818.assemblePartial.report.json /projects/rpci/songyao/pnfioric/arc_project/airr_calculation/tcr_quant/results/mixcr_RS-04430818.alignments.vdjca /projects/rpci/songyao/pnfioric/arc_project/airr_calculation/tcr_quant/results/mixcr_RS-04430818.passembled.1.vdjca
Building index: 0%
Searching for overlaps: 0%
================= report: assemblePartial =================
Analysis time: 449ms
Total alignments analysed: 4281
Number of output alignments: 4268 (99.7%)
Alignments already with CDR3 (no overlapping is performed): 981 (22.92%)
Successfully overlapped alignments: 13 (0.3%)
Left parts with too small N-region (failed to extract k-mer): 647 (15.11%)
Extracted k-mer diversity: 4262
Dropped due to wildcard in k-mer: 0 (0%)
Dropped due to too short NRegion parts in overlap: 9 (0.21%)
Dropped overlaps with empty N region due to no complete NDN coverage: 0 (0%)
Number of left-side alignments: 711 (16.61%)
Number of right-side alignments: 1957 (45.71%)
Complex overlaps: 0 (0%)
Over-overlaps: 0 (0%)
Partial alignments written to output: 3274 (76.48%)

>>>>>>>>>>>>>>>>>> mixcr assemblePartial <<<<<<<<<<<<<<<<<<
Running:
mixcr assemblePartial --report /projects/rpci/songyao/pnfioric/arc_project/airr_calculation/tcr_quant/results/mixcr_RS-04430818.assemblePartial.report.txt --json-report /projects/rpci/songyao/pnfioric/arc_project/airr_calculation/tcr_quant/results/mixcr_RS-04430818.assemblePartial.report.json /projects/rpci/songyao/pnfioric/arc_project/airr_calculation/tcr_quant/results/mixcr_RS-04430818.passembled.1.vdjca /projects/rpci/songyao/pnfioric/arc_project/airr_calculation/tcr_quant/results/mixcr_RS-04430818.passembled.2.vdjca
Building index: 0%
Searching for overlaps: 0.1%
================= report: assemblePartial =================
Analysis time: 105ms
Total alignments analysed: 4268
Number of output alignments: 4268 (100%)
Alignments already with CDR3 (no overlapping is performed): 994 (23.29%)
Successfully overlapped alignments: 0 (0%)
Left parts with too small N-region (failed to extract k-mer): 647 (15.16%)
Extracted k-mer diversity: 4183
Dropped due to wildcard in k-mer: 0 (0%)
Dropped due to too short NRegion parts in overlap: 9 (0.21%)
Dropped overlaps with empty N region due to no complete NDN coverage: 0 (0%)
Number of left-side alignments: 698 (16.35%)
Number of right-side alignments: 1944 (45.55%)
Complex overlaps: 0 (0%)
Over-overlaps: 0 (0%)
Partial alignments written to output: 3274 (76.71%)

>>>>>>>>>>>>>>>>>>>>>>> mixcr extend <<<<<<<<<<<<<<<<<<<<<<<
Running:
mixcr extend --report /projects/rpci/songyao/pnfioric/arc_project/airr_calculation/tcr_quant/results/mixcr_RS-04430818.extend.report.txt --json-report /projects/rpci/songyao/pnfioric/arc_project/airr_calculation/tcr_quant/results/mixcr_RS-04430818.extend.report.json --threads 12 /projects/rpci/songyao/pnfioric/arc_project/airr_calculation/tcr_quant/results/mixcr_RS-04430818.passembled.2.vdjca /projects/rpci/songyao/pnfioric/arc_project/airr_calculation/tcr_quant/results/mixcr_RS-04430818.extended.vdjca
Extending alignments: 0%
====================== report: extend ======================
Analysis time: 45ms
Extended alignments count: 0 (0%)
V extensions total: 0 (0%)
V extensions with merged targets: 0 (0%)
J extensions total: 0 (0%)
J extensions with merged targets: 0 (0%)
V+J extensions: 0 (0%)
Mean V extension length: NaN
Mean J extension length: NaN

>>>>>>>>>>>>>>>>>>>>>> mixcr assemble <<<<<<<<<<<<<<<<<<<<<<
Running:
mixcr assemble --report /projects/rpci/songyao/pnfioric/arc_project/airr_calculation/tcr_quant/results/mixcr_RS-04430818.assemble.report.txt --json-report /projects/rpci/songyao/pnfioric/arc_project/airr_calculation/tcr_quant/results/mixcr_RS-04430818.assemble.report.json /projects/rpci/songyao/pnfioric/arc_project/airr_calculation/tcr_quant/results/mixcr_RS-04430818.extended.vdjca /projects/rpci/songyao/pnfioric/arc_project/airr_calculation/tcr_quant/results/mixcr_RS-04430818.clna
Initialization: progress unknown
Initialization: progress unknown
===================== report: assemble =====================
Analysis time: 807ms
Final clonotype count: 314
Reads used in clonotypes, percent of total: 952 (0%)
Average number of reads per clonotype: 3.03
Reads dropped due to the lack of a clone sequence, percent of total: 3289 (0.01%)
Reads dropped due to a too short clonal sequence, percent of total: 0 (0%)
Reads dropped due to low quality, percent of total: 0 (0%)
Reads dropped due to failed mapping, percent of total: 40 (0%)
Reads dropped with low quality clones, percent of total: 0 (0%)
Aligned reads processed: 992
Reads used in clonotypes before clustering, percent of total: 952 (0%)
Number of reads used as a core, percent of used: 939 (98.63%)
Mapped low quality reads, percent of used: 13 (1.37%)
Reads clustered in PCR error correction, percent of used: 0 (0%)
Reads pre-clustered due to the similar VJC-lists, percent of used: 0 (0%)
Clonotypes dropped as low quality: 0
Clonotypes eliminated by PCR error correction: 0
Clonotypes pre-clustered due to the similar VJC-lists: 0
Clones dropped in post filtering: 0 (0%)
Reads dropped in post filtering: 0.0 (0%)
Reads filtered by tag prefix: 0 (0%)
TRA chains: 3 (0.96%)
TRA non-functional: 0 (0%)
TRB chains: 1 (0.32%)
TRB non-functional: 0 (0%)
TRG chains: 2 (0.64%)
TRG non-functional: 2 (100%)
IGH chains: 80 (25.48%)
IGH non-functional: 2 (2.5%)
IGK chains: 159 (50.64%)
IGK non-functional: 3 (1.89%)
IGL chains: 69 (21.97%)
IGL non-functional: 1 (1.45%)

>>>>>>>>>>>>>>>>>> mixcr assembleContigs <<<<<<<<<<<<<<<<<<
Running:
mixcr assembleContigs --report /projects/rpci/songyao/pnfioric/arc_project/airr_calculation/tcr_quant/results/mixcr_RS-04430818.assembleContigs.report.txt --json-report /projects/rpci/songyao/pnfioric/arc_project/airr_calculation/tcr_quant/results/mixcr_RS-04430818.assembleContigs.report.json --threads 12 /projects/rpci/songyao/pnfioric/arc_project/airr_calculation/tcr_quant/results/mixcr_RS-04430818.clna /projects/rpci/songyao/pnfioric/arc_project/airr_calculation/tcr_quant/results/mixcr_RS-04430818.contigs.clns
Assembling contigs: 0%
================= report: assembleContigs =================
Analysis time: 459ms
Initial clonotype count: 314
Final clonotype count: 314 (100%)
Canceled assemblies: 0 (0%)
Clones filtered out after assemble: 0 (0%)
Number of premature termination assembly events, percent of number of initial clonotypes: 0.0 (0%)
Longest contig length: 353
Clustered variants: 0 (0%)
Reads in clustered variants: 0.0 (0%)
Reads in divided (newly created) clones: 0.0 (0%)
Clones with ambiguous letters in splitting region: 0 (0%)
Reads in clones with ambiguous letters in splitting region: 0.0 (0%)
Average number of ambiguous letters per clone with ambiguous letters in splitting region: NaN
Clones combined after clustering: 0 (0%)

>>>>>>>>>>>>>>>>>>>>>>>>> mixcr qc <<<<<<<<<<<<<<<<<<<<<<<<<
Running:
mixcr qc --print-to-stdout /projects/rpci/songyao/pnfioric/arc_project/airr_calculation/tcr_quant/results/mixcr_RS-04430818.contigs.clns /projects/rpci/songyao/pnfioric/arc_project/airr_calculation/tcr_quant/results/mixcr_RS-04430818.qc.txt /projects/rpci/songyao/pnfioric/arc_project/airr_calculation/tcr_quant/results/mixcr_RS-04430818.qc.json

  Alignments dropped due to low sequence quality: 0.0% [OK]

>>>>>>>>>>>>>>>>>>>> mixcr exportClones <<<<<<<<<<<<<<<<<<<<
Running:
mixcr exportClones /projects/rpci/songyao/pnfioric/arc_project/airr_calculation/tcr_quant/results/mixcr_RS-04430818.contigs.clns /projects/rpci/songyao/pnfioric/arc_project/airr_calculation/tcr_quant/results/mixcr_RS-04430818.clones.tsv
Analysis finished successfully.
===============================
Visualize results and simplify your immune data analysis with a convenient UI.
Explore and install Platforma.bio here: https://platforma.bio
