Exporting TRB
Exporting clones: 4.3%
Filtered 23 of 2791 clones (99.18%).
Filtered 44.0 of 17268.0 reads (99.75%).
Exporting TRA
Exporting clones: 3%
Filtered 33 of 2791 clones (98.82%).
Filtered 56.0 of 17268.0 reads (99.68%).
Exporting IGH
Exporting clones: 0.1%
Filtered 928 of 2791 clones (66.75%).
Filtered 4120.0 of 17268.0 reads (76.14%).
Exporting TRG
Exporting clones: 71.4%
Filtered 7 of 2791 clones (99.75%).
Filtered 25.0 of 17268.0 reads (99.86%).
Exporting IGL
Exporting clones: 0.3%
Filtered 649 of 2791 clones (76.75%).
Filtered 5617.0 of 17268.0 reads (67.47%).
Exporting IGK
Exporting clones: 0.3%
Filtered 1151 of 2791 clones (58.76%).
Filtered 7406.0 of 17268.0 reads (57.11%).
