Exporting TRB
Exporting clones: 4.5%
Filtered 22 of 1311 clones (98.32%).
Filtered 37.0 of 8999.0 reads (99.59%).
Exporting TRA
Exporting clones: 5.9%
Filtered 17 of 1311 clones (98.7%).
Filtered 32.0 of 8999.0 reads (99.64%).
Exporting IGH
Exporting clones: 0.2%
Filtered 462 of 1311 clones (64.76%).
Filtered 2316.0 of 8999.0 reads (74.26%).
Exporting TRG
Exporting clones: 40%
Filtered 5 of 1311 clones (99.62%).
Filtered 14.0 of 8999.0 reads (99.84%).
Exporting IGL
Exporting clones: 0.4%
Filtered 244 of 1311 clones (81.39%).
Filtered 2328.0 of 8999.0 reads (74.13%).
Exporting IGK
Exporting clones: 0.2%
Filtered 561 of 1311 clones (57.21%).
Filtered 4272.0 of 8999.0 reads (52.53%).
