Exporting TRB
Exporting clones: 33.3%
Filtered 3 of 342 clones (99.12%).
Filtered 6.0 of 4692.0 reads (99.87%).
Exporting TRA
Exporting clones: 33.3%
Filtered 3 of 342 clones (99.12%).
Filtered 21.0 of 4692.0 reads (99.55%).
Exporting IGH
Exporting clones: 1.1%
Filtered 93 of 342 clones (72.81%).
Filtered 887.0 of 4692.0 reads (81.1%).
Exporting IGL
Exporting clones: 1.9%
Filtered 54 of 342 clones (84.21%).
Filtered 720.0 of 4692.0 reads (84.65%).
Exporting IGK
Exporting clones: 0.5%
Filtered 189 of 342 clones (44.74%).
Filtered 3058.0 of 4692.0 reads (34.83%).
