WARNING: sun.reflect.Reflection.getCallerClass is not supported. This will impact performance.

>>>>>>>>>>>>>>>>>>>>>>> mixcr align <<<<<<<<<<<<<<<<<<<<<<<
Running:
mixcr align --report /projects/rpci/songyao/pnfioric/arc_project/airr_calculation/tcr_quant/results/mixcr_RS-03766374.align.report.txt --json-report /projects/rpci/songyao/pnfioric/arc_project/airr_calculation/tcr_quant/results/mixcr_RS-03766374.align.report.json --threads 12 --preset rna-seq --save-output-file-names /projects/rpci/songyao/pnfioric/arc_project/airr_calculation/tcr_quant/results/mixcr_RS-03766374.align.list.tsv --species hsa /projects/rpci/songyao/pnfioric/arc_project/airr_calculation/fastq_files/RS-03766374/RS-04417074_SFOS08013499-A2_RS-03766374_S78_R1_001.fastq.gz /projects/rpci/songyao/pnfioric/arc_project/airr_calculation/fastq_files/RS-03766374/RS-04417074_SFOS08013499-A2_RS-03766374_S78_R2_001.fastq.gz /projects/rpci/songyao/pnfioric/arc_project/airr_calculation/tcr_quant/results/mixcr_RS-03766374.alignments.vdjca
Alignment: 0%
Alignment: 4.1%  ETA: 00:46:59
Alignment: 8.2%  ETA: 00:44:59
Alignment: 12.3%  ETA: 00:42:38
Alignment: 16.4%  ETA: 00:40:38
Alignment: 20.6%  ETA: 00:38:01
Alignment: 24.7%  ETA: 00:36:36
Alignment: 28.8%  ETA: 00:34:53
Alignment: 32.9%  ETA: 00:32:37
Alignment: 36.9%  ETA: 00:31:08
Alignment: 41%  ETA: 00:28:39
Alignment: 45.2%  ETA: 00:26:39
Alignment: 49.3%  ETA: 00:24:39
Alignment: 53.4%  ETA: 00:22:39
Alignment: 57.4%  ETA: 00:21:01
Alignment: 61.6%  ETA: 00:18:41
Alignment: 65.7%  ETA: 00:16:41
Alignment: 69.8%  ETA: 00:14:49
Alignment: 73.9%  ETA: 00:12:42
Alignment: 77.9%  ETA: 00:10:48
Alignment: 82%  ETA: 00:08:48
Alignment: 86.1%  ETA: 00:06:44
Alignment: 90.3%  ETA: 00:04:44
Alignment: 94.4%  ETA: 00:02:44
Alignment: 98.5%  ETA: 00:00:42
====================== report: align ======================
Analysis time: 48.74m
Total sequencing reads: 60690170
Successfully aligned reads: 2282 (0%)
Coverage (percent of successfully aligned):
  CDR3: 456 (19.98%)
  FR3_TO_FR4: 0 (0%)
  CDR2_TO_FR4: 0 (0%)
  FR2_TO_FR4: 7 (0.31%)
  CDR1_TO_FR4: 0 (0%)
  VDJRegion: 0 (0%)
Alignment failed: no hits (not TCR/IG?): 59234420 (97.6%)
Alignment failed: no CDR3 parts: 17059 (0.03%)
Alignment failed: low total score: 1436409 (2.37%)
Overlapped: 57188290 (94.23%)
Overlapped and aligned: 2129 (0%)
Overlapped and not aligned: 57186161 (94.23%)
Alignment-aided overlaps, percent of overlapped and aligned: 57 (2.68%)
No CDR3 parts alignments, percent of successfully aligned: 33 (1.45%)
Partial aligned reads, percent of successfully aligned: 1793 (78.57%)
Realigned with forced non-floating bound: 7003874 (11.54%)
Realigned with forced non-floating right bound in left read: 470 (0%)
Realigned with forced non-floating left bound in right read: 470 (0%)
TRA chains: 447 (19.59%)
TRA non-functional: 0 (0%)
TRB chains: 155 (6.79%)
TRB non-functional: 0 (0%)
TRD chains: 11 (0.48%)
TRD non-functional: 0 (0%)
TRG chains: 44 (1.93%)
TRG non-functional: 0 (0%)
IGH chains: 525 (23.01%)
IGH non-functional: 4 (0.76%)
TRAD chains: 5 (0.22%)
TRAD non-functional: 0 (0%)
IGK chains: 511 (22.39%)
IGK non-functional: 11 (2.15%)
IGL chains: 584 (25.59%)
IGL non-functional: 7 (1.2%)
Trimming report:
  R1 reads trimmed left: 119048 (0.2%)
  R1 reads trimmed right: 122087 (0.2%)
  Average R1 nucleotides trimmed left: 0.033337243906220726
  Average R1 nucleotides trimmed right: 0.03554226326932352
  R2 reads trimmed left: 118183 (0.19%)
  R2 reads trimmed right: 121785 (0.2%)
  Average R2 nucleotides trimmed left: 0.033004306957782455
  Average R2 nucleotides trimmed right: 0.03516946813627314

>>>>>>>>>>>>>>>>>> mixcr assemblePartial <<<<<<<<<<<<<<<<<<
Running:
mixcr assemblePartial --report /projects/rpci/songyao/pnfioric/arc_project/airr_calculation/tcr_quant/results/mixcr_RS-03766374.assemblePartial.report.txt --json-report /projects/rpci/songyao/pnfioric/arc_project/airr_calculation/tcr_quant/results/mixcr_RS-03766374.assemblePartial.report.json /projects/rpci/songyao/pnfioric/arc_project/airr_calculation/tcr_quant/results/mixcr_RS-03766374.alignments.vdjca /projects/rpci/songyao/pnfioric/arc_project/airr_calculation/tcr_quant/results/mixcr_RS-03766374.passembled.1.vdjca
Building index: 0%
Searching for overlaps: 0.1%
================= report: assemblePartial =================
Analysis time: 254ms
Total alignments analysed: 2282
Number of output alignments: 2281 (99.96%)
Alignments already with CDR3 (no overlapping is performed): 457 (20.03%)
Successfully overlapped alignments: 1 (0.04%)
Left parts with too small N-region (failed to extract k-mer): 320 (14.02%)
Extracted k-mer diversity: 1341
Dropped due to wildcard in k-mer: 0 (0%)
Dropped due to too short NRegion parts in overlap: 0 (0%)
Dropped overlaps with empty N region due to no complete NDN coverage: 0 (0%)
Number of left-side alignments: 412 (18.05%)
Number of right-side alignments: 1104 (48.38%)
Complex overlaps: 0 (0%)
Over-overlaps: 0 (0%)
Partial alignments written to output: 1823 (79.89%)

>>>>>>>>>>>>>>>>>> mixcr assemblePartial <<<<<<<<<<<<<<<<<<
Running:
mixcr assemblePartial --report /projects/rpci/songyao/pnfioric/arc_project/airr_calculation/tcr_quant/results/mixcr_RS-03766374.assemblePartial.report.txt --json-report /projects/rpci/songyao/pnfioric/arc_project/airr_calculation/tcr_quant/results/mixcr_RS-03766374.assemblePartial.report.json /projects/rpci/songyao/pnfioric/arc_project/airr_calculation/tcr_quant/results/mixcr_RS-03766374.passembled.1.vdjca /projects/rpci/songyao/pnfioric/arc_project/airr_calculation/tcr_quant/results/mixcr_RS-03766374.passembled.2.vdjca
Building index: 0%
Searching for overlaps: 1.1%
================= report: assemblePartial =================
Analysis time: 123ms
Total alignments analysed: 2281
Number of output alignments: 2281 (100%)
Alignments already with CDR3 (no overlapping is performed): 458 (20.08%)
Successfully overlapped alignments: 0 (0%)
Left parts with too small N-region (failed to extract k-mer): 320 (14.03%)
Extracted k-mer diversity: 1341
Dropped due to wildcard in k-mer: 0 (0%)
Dropped due to too short NRegion parts in overlap: 0 (0%)
Dropped overlaps with empty N region due to no complete NDN coverage: 0 (0%)
Number of left-side alignments: 411 (18.02%)
Number of right-side alignments: 1103 (48.36%)
Complex overlaps: 0 (0%)
Over-overlaps: 0 (0%)
Partial alignments written to output: 1823 (79.92%)

>>>>>>>>>>>>>>>>>>>>>>> mixcr extend <<<<<<<<<<<<<<<<<<<<<<<
Running:
mixcr extend --report /projects/rpci/songyao/pnfioric/arc_project/airr_calculation/tcr_quant/results/mixcr_RS-03766374.extend.report.txt --json-report /projects/rpci/songyao/pnfioric/arc_project/airr_calculation/tcr_quant/results/mixcr_RS-03766374.extend.report.json --threads 12 /projects/rpci/songyao/pnfioric/arc_project/airr_calculation/tcr_quant/results/mixcr_RS-03766374.passembled.2.vdjca /projects/rpci/songyao/pnfioric/arc_project/airr_calculation/tcr_quant/results/mixcr_RS-03766374.extended.vdjca
Extending alignments: 0%
====================== report: extend ======================
Analysis time: 21ms
Extended alignments count: 0 (0%)
V extensions total: 0 (0%)
V extensions with merged targets: 0 (0%)
J extensions total: 0 (0%)
J extensions with merged targets: 0 (0%)
V+J extensions: 0 (0%)
Mean V extension length: NaN
Mean J extension length: NaN

>>>>>>>>>>>>>>>>>>>>>> mixcr assemble <<<<<<<<<<<<<<<<<<<<<<
Running:
mixcr assemble --report /projects/rpci/songyao/pnfioric/arc_project/airr_calculation/tcr_quant/results/mixcr_RS-03766374.assemble.report.txt --json-report /projects/rpci/songyao/pnfioric/arc_project/airr_calculation/tcr_quant/results/mixcr_RS-03766374.assemble.report.json /projects/rpci/songyao/pnfioric/arc_project/airr_calculation/tcr_quant/results/mixcr_RS-03766374.extended.vdjca /projects/rpci/songyao/pnfioric/arc_project/airr_calculation/tcr_quant/results/mixcr_RS-03766374.clna
Initialization: progress unknown
Initialization: progress unknown
===================== report: assemble =====================
Analysis time: 469ms
Final clonotype count: 102
Reads used in clonotypes, percent of total: 455 (0%)
Average number of reads per clonotype: 4.46
Reads dropped due to the lack of a clone sequence, percent of total: 1824 (0%)
Reads dropped due to a too short clonal sequence, percent of total: 0 (0%)
Reads dropped due to low quality, percent of total: 0 (0%)
Reads dropped due to failed mapping, percent of total: 3 (0%)
Reads dropped with low quality clones, percent of total: 0 (0%)
Aligned reads processed: 458
Reads used in clonotypes before clustering, percent of total: 455 (0%)
Number of reads used as a core, percent of used: 454 (99.78%)
Mapped low quality reads, percent of used: 1 (0.22%)
Reads clustered in PCR error correction, percent of used: 0 (0%)
Reads pre-clustered due to the similar VJC-lists, percent of used: 0 (0%)
Clonotypes dropped as low quality: 0
Clonotypes eliminated by PCR error correction: 0
Clonotypes pre-clustered due to the similar VJC-lists: 0
Clones dropped in post filtering: 0 (0%)
Reads dropped in post filtering: 0.0 (0%)
Reads filtered by tag prefix: 0 (0%)
TRG chains: 1 (0.98%)
TRG non-functional: 0 (0%)
IGH chains: 21 (20.59%)
IGH non-functional: 1 (4.76%)
IGK chains: 54 (52.94%)
IGK non-functional: 3 (5.56%)
IGL chains: 26 (25.49%)
IGL non-functional: 1 (3.85%)

>>>>>>>>>>>>>>>>>> mixcr assembleContigs <<<<<<<<<<<<<<<<<<
Running:
mixcr assembleContigs --report /projects/rpci/songyao/pnfioric/arc_project/airr_calculation/tcr_quant/results/mixcr_RS-03766374.assembleContigs.report.txt --json-report /projects/rpci/songyao/pnfioric/arc_project/airr_calculation/tcr_quant/results/mixcr_RS-03766374.assembleContigs.report.json --threads 12 /projects/rpci/songyao/pnfioric/arc_project/airr_calculation/tcr_quant/results/mixcr_RS-03766374.clna /projects/rpci/songyao/pnfioric/arc_project/airr_calculation/tcr_quant/results/mixcr_RS-03766374.contigs.clns
Assembling contigs: 0%
================= report: assembleContigs =================
Analysis time: 230ms
Initial clonotype count: 102
Final clonotype count: 102 (100%)
Canceled assemblies: 0 (0%)
Clones filtered out after assemble: 0 (0%)
Number of premature termination assembly events, percent of number of initial clonotypes: 0.0 (0%)
Longest contig length: 211
Clustered variants: 0 (0%)
Reads in clustered variants: 0.0 (0%)
Reads in divided (newly created) clones: 0.0 (0%)
Clones with ambiguous letters in splitting region: 0 (0%)
Reads in clones with ambiguous letters in splitting region: 0.0 (0%)
Average number of ambiguous letters per clone with ambiguous letters in splitting region: NaN
Clones combined after clustering: 0 (0%)

>>>>>>>>>>>>>>>>>>>>>>>>> mixcr qc <<<<<<<<<<<<<<<<<<<<<<<<<
Running:
mixcr qc --print-to-stdout /projects/rpci/songyao/pnfioric/arc_project/airr_calculation/tcr_quant/results/mixcr_RS-03766374.contigs.clns /projects/rpci/songyao/pnfioric/arc_project/airr_calculation/tcr_quant/results/mixcr_RS-03766374.qc.txt /projects/rpci/songyao/pnfioric/arc_project/airr_calculation/tcr_quant/results/mixcr_RS-03766374.qc.json

  Alignments dropped due to low sequence quality: 0.0% [OK]

>>>>>>>>>>>>>>>>>>>> mixcr exportClones <<<<<<<<<<<<<<<<<<<<
Running:
mixcr exportClones /projects/rpci/songyao/pnfioric/arc_project/airr_calculation/tcr_quant/results/mixcr_RS-03766374.contigs.clns /projects/rpci/songyao/pnfioric/arc_project/airr_calculation/tcr_quant/results/mixcr_RS-03766374.clones.tsv
Analysis finished successfully.
===============================
Visualize results and simplify your immune data analysis with a convenient UI.
Explore and install Platforma.bio here: https://platforma.bio
