Exporting TRB
Exporting clones: 100%
Filtered 1 of 104 clones (99.04%).
Filtered 3.0 of 806.0 reads (99.63%).
Exporting TRA
Exporting clones: 16.7%
Filtered 6 of 104 clones (94.23%).
Filtered 14.0 of 806.0 reads (98.26%).
Exporting IGH
Exporting clones: 3.3%
Filtered 30 of 104 clones (71.15%).
Filtered 188.0 of 806.0 reads (76.67%).
Exporting IGL
Exporting clones: 3.8%
Filtered 26 of 104 clones (75%).
Filtered 388.0 of 806.0 reads (51.86%).
Exporting IGK
Exporting clones: 2.4%
Filtered 41 of 104 clones (60.58%).
Filtered 213.0 of 806.0 reads (73.57%).
