Exporting TRB
Exporting clones: 12.5%
Filtered 8 of 844 clones (99.05%).
Filtered 17.0 of 3376.0 reads (99.5%).
Exporting TRA
Exporting clones: 14.3%
Filtered 7 of 844 clones (99.17%).
Filtered 16.0 of 3376.0 reads (99.53%).
Exporting IGH
Exporting clones: 0.4%
Filtered 249 of 844 clones (70.5%).
Filtered 869.0 of 3376.0 reads (74.26%).
Exporting TRG
Exporting clones: 50%
Filtered 2 of 844 clones (99.76%).
Filtered 4.0 of 3376.0 reads (99.88%).
Exporting IGL
Exporting clones: 0.5%
Filtered 201 of 844 clones (76.18%).
Filtered 852.0 of 3376.0 reads (74.76%).
Exporting IGK
Exporting clones: 0.3%
Filtered 377 of 844 clones (55.33%).
Filtered 1618.0 of 3376.0 reads (52.07%).
