WARNING: sun.reflect.Reflection.getCallerClass is not supported. This will impact performance.

>>>>>>>>>>>>>>>>>>>>>>> mixcr align <<<<<<<<<<<<<<<<<<<<<<<
Running:
mixcr align --report /projects/rpci/songyao/pnfioric/arc_project/airr_calculation/tcr_quant/results/mixcr_RS-04430827.align.report.txt --json-report /projects/rpci/songyao/pnfioric/arc_project/airr_calculation/tcr_quant/results/mixcr_RS-04430827.align.report.json --threads 12 --preset rna-seq --save-output-file-names /projects/rpci/songyao/pnfioric/arc_project/airr_calculation/tcr_quant/results/mixcr_RS-04430827.align.list.tsv --species hsa /projects/rpci/songyao/pnfioric/arc_project/airr_calculation/fastq_files/RS-04430827/RS-04430827_SCHS12014602-A6_RS-03694123_S39_R1_001.fastq.gz /projects/rpci/songyao/pnfioric/arc_project/airr_calculation/fastq_files/RS-04430827/RS-04430827_SCHS12014602-A6_RS-03694123_S39_R2_001.fastq.gz /projects/rpci/songyao/pnfioric/arc_project/airr_calculation/tcr_quant/results/mixcr_RS-04430827.alignments.vdjca
Alignment: 0%
Alignment: 5%  ETA: 00:37:46
Alignment: 10.1%  ETA: 00:35:46
Alignment: 15.1%  ETA: 00:33:46
Alignment: 20.1%  ETA: 00:31:46
Alignment: 25.1%  ETA: 00:29:46
Alignment: 30.2%  ETA: 00:27:31
Alignment: 35.4%  ETA: 00:25:04
Alignment: 40.4%  ETA: 00:23:29
Alignment: 45.5%  ETA: 00:21:29
Alignment: 50.6%  ETA: 00:19:19
Alignment: 55.7%  ETA: 00:17:38
Alignment: 60.6%  ETA: 00:15:47
Alignment: 65.7%  ETA: 00:13:39
Alignment: 70.7%  ETA: 00:11:39
Alignment: 75.6%  ETA: 00:10:03
Alignment: 80.4%  ETA: 00:08:08
Alignment: 85.2%  ETA: 00:06:08
Alignment: 90%  ETA: 00:04:08
Alignment: 94.8%  ETA: 00:02:08
Alignment: 99.6%  ETA: 00:00:09
====================== report: align ======================
Analysis time: 40.21m
Total sequencing reads: 44863467
Successfully aligned reads: 4109 (0.01%)
Coverage (percent of successfully aligned):
  CDR3: 810 (19.71%)
  FR3_TO_FR4: 15 (0.37%)
  CDR2_TO_FR4: 0 (0%)
  FR2_TO_FR4: 0 (0%)
  CDR1_TO_FR4: 0 (0%)
  VDJRegion: 0 (0%)
Alignment failed: no hits (not TCR/IG?): 43864671 (97.77%)
Alignment failed: no CDR3 parts: 16553 (0.04%)
Alignment failed: low total score: 978134 (2.18%)
Overlapped: 38992543 (86.91%)
Overlapped and aligned: 3338 (0.01%)
Overlapped and not aligned: 38989205 (86.91%)
Alignment-aided overlaps, percent of overlapped and aligned: 150 (4.49%)
No CDR3 parts alignments, percent of successfully aligned: 79 (1.92%)
Partial aligned reads, percent of successfully aligned: 3220 (78.36%)
Realigned with forced non-floating bound: 11742148 (26.17%)
Realigned with forced non-floating right bound in left read: 1287 (0%)
Realigned with forced non-floating left bound in right read: 1287 (0%)
TRA chains: 329 (8.01%)
TRA non-functional: 0 (0%)
TRB chains: 170 (4.14%)
TRB non-functional: 0 (0%)
TRD chains: 6 (0.15%)
TRD non-functional: 0 (0%)
TRG chains: 19 (0.46%)
TRG non-functional: 0 (0%)
TRAD chains: 243 (5.91%)
TRAD non-functional: 0 (0%)
IGH chains: 1038 (25.26%)
IGH non-functional: 6 (0.58%)
IGK chains: 1167 (28.4%)
IGK non-functional: 1 (0.09%)
IGL chains: 1137 (27.67%)
IGL non-functional: 0 (0%)
Trimming report:
  R1 reads trimmed left: 343919 (0.77%)
  R1 reads trimmed right: 347040 (0.77%)
  Average R1 nucleotides trimmed left: 0.12997314719346145
  Average R1 nucleotides trimmed right: 0.13804434686244824
  R2 reads trimmed left: 325543 (0.73%)
  R2 reads trimmed right: 329279 (0.73%)
  Average R2 nucleotides trimmed left: 0.12341496032841154
  Average R2 nucleotides trimmed right: 0.13092606061854292

>>>>>>>>>>>>>>>>>> mixcr assemblePartial <<<<<<<<<<<<<<<<<<
Running:
mixcr assemblePartial --report /projects/rpci/songyao/pnfioric/arc_project/airr_calculation/tcr_quant/results/mixcr_RS-04430827.assemblePartial.report.txt --json-report /projects/rpci/songyao/pnfioric/arc_project/airr_calculation/tcr_quant/results/mixcr_RS-04430827.assemblePartial.report.json /projects/rpci/songyao/pnfioric/arc_project/airr_calculation/tcr_quant/results/mixcr_RS-04430827.alignments.vdjca /projects/rpci/songyao/pnfioric/arc_project/airr_calculation/tcr_quant/results/mixcr_RS-04430827.passembled.1.vdjca
Building index: 0%
Searching for overlaps: 0%
================= report: assemblePartial =================
Analysis time: 262ms
Total alignments analysed: 4109
Number of output alignments: 4109 (100%)
Alignments already with CDR3 (no overlapping is performed): 815 (19.83%)
Successfully overlapped alignments: 0 (0%)
Left parts with too small N-region (failed to extract k-mer): 887 (21.59%)
Extracted k-mer diversity: 1928
Dropped due to wildcard in k-mer: 0 (0%)
Dropped due to too short NRegion parts in overlap: 0 (0%)
Dropped overlaps with empty N region due to no complete NDN coverage: 0 (0%)
Number of left-side alignments: 839 (20.42%)
Number of right-side alignments: 1634 (39.77%)
Complex overlaps: 0 (0%)
Over-overlaps: 0 (0%)
Partial alignments written to output: 3294 (80.17%)

>>>>>>>>>>>>>>>>>> mixcr assemblePartial <<<<<<<<<<<<<<<<<<
Running:
mixcr assemblePartial --report /projects/rpci/songyao/pnfioric/arc_project/airr_calculation/tcr_quant/results/mixcr_RS-04430827.assemblePartial.report.txt --json-report /projects/rpci/songyao/pnfioric/arc_project/airr_calculation/tcr_quant/results/mixcr_RS-04430827.assemblePartial.report.json /projects/rpci/songyao/pnfioric/arc_project/airr_calculation/tcr_quant/results/mixcr_RS-04430827.passembled.1.vdjca /projects/rpci/songyao/pnfioric/arc_project/airr_calculation/tcr_quant/results/mixcr_RS-04430827.passembled.2.vdjca
Building index: 0%
Searching for overlaps: 0.1%
================= report: assemblePartial =================
Analysis time: 92ms
Total alignments analysed: 4109
Number of output alignments: 4109 (100%)
Alignments already with CDR3 (no overlapping is performed): 815 (19.83%)
Successfully overlapped alignments: 0 (0%)
Left parts with too small N-region (failed to extract k-mer): 887 (21.59%)
Extracted k-mer diversity: 1928
Dropped due to wildcard in k-mer: 0 (0%)
Dropped due to too short NRegion parts in overlap: 0 (0%)
Dropped overlaps with empty N region due to no complete NDN coverage: 0 (0%)
Number of left-side alignments: 839 (20.42%)
Number of right-side alignments: 1634 (39.77%)
Complex overlaps: 0 (0%)
Over-overlaps: 0 (0%)
Partial alignments written to output: 3294 (80.17%)

>>>>>>>>>>>>>>>>>>>>>>> mixcr extend <<<<<<<<<<<<<<<<<<<<<<<
Running:
mixcr extend --report /projects/rpci/songyao/pnfioric/arc_project/airr_calculation/tcr_quant/results/mixcr_RS-04430827.extend.report.txt --json-report /projects/rpci/songyao/pnfioric/arc_project/airr_calculation/tcr_quant/results/mixcr_RS-04430827.extend.report.json --threads 12 /projects/rpci/songyao/pnfioric/arc_project/airr_calculation/tcr_quant/results/mixcr_RS-04430827.passembled.2.vdjca /projects/rpci/songyao/pnfioric/arc_project/airr_calculation/tcr_quant/results/mixcr_RS-04430827.extended.vdjca
Extending alignments: 0%
====================== report: extend ======================
Analysis time: 59ms
Extended alignments count: 0 (0%)
V extensions total: 0 (0%)
V extensions with merged targets: 0 (0%)
J extensions total: 0 (0%)
J extensions with merged targets: 0 (0%)
V+J extensions: 0 (0%)
Mean V extension length: NaN
Mean J extension length: NaN

>>>>>>>>>>>>>>>>>>>>>> mixcr assemble <<<<<<<<<<<<<<<<<<<<<<
Running:
mixcr assemble --report /projects/rpci/songyao/pnfioric/arc_project/airr_calculation/tcr_quant/results/mixcr_RS-04430827.assemble.report.txt --json-report /projects/rpci/songyao/pnfioric/arc_project/airr_calculation/tcr_quant/results/mixcr_RS-04430827.assemble.report.json /projects/rpci/songyao/pnfioric/arc_project/airr_calculation/tcr_quant/results/mixcr_RS-04430827.extended.vdjca /projects/rpci/songyao/pnfioric/arc_project/airr_calculation/tcr_quant/results/mixcr_RS-04430827.clna
Initialization: progress unknown
Initialization: progress unknown
===================== report: assemble =====================
Analysis time: 573ms
Final clonotype count: 99
Reads used in clonotypes, percent of total: 803 (0%)
Average number of reads per clonotype: 8.11
Reads dropped due to the lack of a clone sequence, percent of total: 3299 (0.01%)
Reads dropped due to a too short clonal sequence, percent of total: 0 (0%)
Reads dropped due to low quality, percent of total: 0 (0%)
Reads dropped due to failed mapping, percent of total: 7 (0%)
Reads dropped with low quality clones, percent of total: 0 (0%)
Aligned reads processed: 810
Reads used in clonotypes before clustering, percent of total: 803 (0%)
Number of reads used as a core, percent of used: 795 (99%)
Mapped low quality reads, percent of used: 8 (1%)
Reads clustered in PCR error correction, percent of used: 0 (0%)
Reads pre-clustered due to the similar VJC-lists, percent of used: 0 (0%)
Clonotypes dropped as low quality: 0
Clonotypes eliminated by PCR error correction: 0
Clonotypes pre-clustered due to the similar VJC-lists: 0
Clones dropped in post filtering: 0 (0%)
Reads dropped in post filtering: 0.0 (0%)
Reads filtered by tag prefix: 0 (0%)
TRB chains: 3 (3.03%)
TRB non-functional: 0 (0%)
IGH chains: 27 (27.27%)
IGH non-functional: 1 (3.7%)
IGK chains: 49 (49.49%)
IGK non-functional: 1 (2.04%)
IGL chains: 20 (20.2%)
IGL non-functional: 0 (0%)

>>>>>>>>>>>>>>>>>> mixcr assembleContigs <<<<<<<<<<<<<<<<<<
Running:
mixcr assembleContigs --report /projects/rpci/songyao/pnfioric/arc_project/airr_calculation/tcr_quant/results/mixcr_RS-04430827.assembleContigs.report.txt --json-report /projects/rpci/songyao/pnfioric/arc_project/airr_calculation/tcr_quant/results/mixcr_RS-04430827.assembleContigs.report.json --threads 12 /projects/rpci/songyao/pnfioric/arc_project/airr_calculation/tcr_quant/results/mixcr_RS-04430827.clna /projects/rpci/songyao/pnfioric/arc_project/airr_calculation/tcr_quant/results/mixcr_RS-04430827.contigs.clns
Assembling contigs: 0%
================= report: assembleContigs =================
Analysis time: 365ms
Initial clonotype count: 99
Final clonotype count: 99 (100%)
Canceled assemblies: 0 (0%)
Clones filtered out after assemble: 0 (0%)
Number of premature termination assembly events, percent of number of initial clonotypes: 0.0 (0%)
Longest contig length: 201
Clustered variants: 0 (0%)
Reads in clustered variants: 0.0 (0%)
Reads in divided (newly created) clones: 0.0 (0%)
Clones with ambiguous letters in splitting region: 0 (0%)
Reads in clones with ambiguous letters in splitting region: 0.0 (0%)
Average number of ambiguous letters per clone with ambiguous letters in splitting region: NaN
Clones combined after clustering: 0 (0%)

>>>>>>>>>>>>>>>>>>>>>>>>> mixcr qc <<<<<<<<<<<<<<<<<<<<<<<<<
Running:
mixcr qc --print-to-stdout /projects/rpci/songyao/pnfioric/arc_project/airr_calculation/tcr_quant/results/mixcr_RS-04430827.contigs.clns /projects/rpci/songyao/pnfioric/arc_project/airr_calculation/tcr_quant/results/mixcr_RS-04430827.qc.txt /projects/rpci/songyao/pnfioric/arc_project/airr_calculation/tcr_quant/results/mixcr_RS-04430827.qc.json

  Alignments dropped due to low sequence quality: 0.0% [OK]

>>>>>>>>>>>>>>>>>>>> mixcr exportClones <<<<<<<<<<<<<<<<<<<<
Running:
mixcr exportClones /projects/rpci/songyao/pnfioric/arc_project/airr_calculation/tcr_quant/results/mixcr_RS-04430827.contigs.clns /projects/rpci/songyao/pnfioric/arc_project/airr_calculation/tcr_quant/results/mixcr_RS-04430827.clones.tsv
Analysis finished successfully.
===============================
Visualize results and simplify your immune data analysis with a convenient UI.
Explore and install Platforma.bio here: https://platforma.bio
