Exporting TRB
Exporting clones: 20%
Filtered 5 of 583 clones (99.14%).
Filtered 13.0 of 5413.0 reads (99.76%).
Exporting TRA
Exporting clones: 16.7%
Filtered 6 of 583 clones (98.97%).
Filtered 7.0 of 5413.0 reads (99.87%).
Exporting IGH
Exporting clones: 0.6%
Filtered 178 of 583 clones (69.47%).
Filtered 1340.0 of 5413.0 reads (75.24%).
Exporting TRG
Exporting clones: 25%
Filtered 4 of 583 clones (99.31%).
Filtered 17.0 of 5413.0 reads (99.69%).
Exporting IGL
Exporting clones: 1.1%
Filtered 92 of 583 clones (84.22%).
Filtered 704.0 of 5413.0 reads (86.99%).
Exporting IGK
Exporting clones: 1%
Filtered 298 of 583 clones (48.89%).
Filtered 3332.0 of 5413.0 reads (38.44%).
