Exporting TRB
Exporting clones: 50%
Filtered 2 of 126 clones (98.41%).
Filtered 2.0 of 348.0 reads (99.43%).
Exporting TRA
Exporting clones: 50%
Filtered 2 of 126 clones (98.41%).
Filtered 2.0 of 348.0 reads (99.43%).
Exporting IGH
Exporting clones: 2.9%
Filtered 34 of 126 clones (73.02%).
Filtered 102.0 of 348.0 reads (70.69%).
Exporting TRG
Exporting clones: 33.3%
Filtered 3 of 126 clones (97.62%).
Filtered 7.0 of 348.0 reads (97.99%).
Exporting IGL
Exporting clones: 3.7%
Filtered 27 of 126 clones (78.57%).
Filtered 97.0 of 348.0 reads (72.13%).
Exporting IGK
Exporting clones: 1.7%
Filtered 58 of 126 clones (53.97%).
Filtered 138.0 of 348.0 reads (60.34%).
