Exporting TRB
Exporting clones: 33.3%
Filtered 3 of 477 clones (99.37%).
Filtered 20.0 of 5805.0 reads (99.66%).
Exporting TRA
Exporting clones: 16.7%
Filtered 6 of 477 clones (98.74%).
Filtered 38.0 of 5805.0 reads (99.35%).
Exporting IGH
Exporting clones: 0.6%
Filtered 169 of 477 clones (64.57%).
Filtered 1769.0 of 5805.0 reads (69.53%).
Exporting TRG
Exporting clones: 50%
Filtered 2 of 477 clones (99.58%).
Filtered 17.0 of 5805.0 reads (99.71%).
Exporting IGL
Exporting clones: 1.8%
Filtered 109 of 477 clones (77.15%).
Filtered 1820.0 of 5805.0 reads (68.65%).
Exporting IGK
Exporting clones: 1.1%
Filtered 188 of 477 clones (60.59%).
Filtered 2141.0 of 5805.0 reads (63.12%).
