Exporting TRB
Exporting clones: 16.7%
Filtered 6 of 66 clones (90.91%).
Filtered 16.0 of 182.0 reads (91.21%).
Exporting TRA
Exporting clones: 100%
Filtered 1 of 66 clones (98.48%).
Filtered 2.0 of 182.0 reads (98.9%).
Exporting IGH
Exporting clones: 5%
Filtered 20 of 66 clones (69.7%).
Filtered 55.0 of 182.0 reads (69.78%).
Exporting IGL
Exporting clones: 10%
Filtered 10 of 66 clones (84.85%).
Filtered 30.0 of 182.0 reads (83.52%).
Exporting IGK
Exporting clones: 3.4%
Filtered 29 of 66 clones (56.06%).
Filtered 79.0 of 182.0 reads (56.59%).
