Exporting TRB
Exporting clones: 100%
Filtered 1 of 86 clones (98.84%).
Filtered 5.0 of 1491.0 reads (99.66%).
Exporting TRA
Exporting clones: 50%
Filtered 2 of 86 clones (97.67%).
Filtered 54.0 of 1491.0 reads (96.38%).
Exporting IGH
Exporting clones: 5.9%
Filtered 17 of 86 clones (80.23%).
Filtered 185.0 of 1491.0 reads (87.59%).
Exporting TRG
Exporting clones: 100%
Filtered 1 of 86 clones (98.84%).
Filtered 25.0 of 1491.0 reads (98.32%).
Exporting IGL
Exporting clones: 4%
Filtered 25 of 86 clones (70.93%).
Filtered 785.0 of 1491.0 reads (47.35%).
Exporting IGK
Exporting clones: 2.5%
Filtered 40 of 86 clones (53.49%).
Filtered 437.0 of 1491.0 reads (70.69%).
