WARNING: sun.reflect.Reflection.getCallerClass is not supported. This will impact performance.

>>>>>>>>>>>>>>>>>>>>>>> mixcr align <<<<<<<<<<<<<<<<<<<<<<<
Running:
mixcr align --report /projects/rpci/songyao/pnfioric/arc_project/airr_calculation/tcr_quant/results/mixcr_RS-04367466.align.report.txt --json-report /projects/rpci/songyao/pnfioric/arc_project/airr_calculation/tcr_quant/results/mixcr_RS-04367466.align.report.json --threads 12 --preset rna-seq --save-output-file-names /projects/rpci/songyao/pnfioric/arc_project/airr_calculation/tcr_quant/results/mixcr_RS-04367466.align.list.tsv --species hsa /projects/rpci/songyao/pnfioric/arc_project/airr_calculation/fastq_files/RS-04367466/RS-04367466_SCHS11018346-G6_RS-03840950_S132_R1_001.fastq.gz /projects/rpci/songyao/pnfioric/arc_project/airr_calculation/fastq_files/RS-04367466/RS-04367466_SCHS11018346-G6_RS-03840950_S132_R2_001.fastq.gz /projects/rpci/songyao/pnfioric/arc_project/airr_calculation/tcr_quant/results/mixcr_RS-04367466.alignments.vdjca
Alignment: 0%
Alignment: 4.6%  ETA: 00:41:14
Alignment: 9.3%  ETA: 00:38:26
Alignment: 14%  ETA: 00:36:41
Alignment: 18.7%  ETA: 00:35:10
Alignment: 23.3%  ETA: 00:32:42
Alignment: 27.9%  ETA: 00:31:35
Alignment: 32.5%  ETA: 00:29:10
Alignment: 37.2%  ETA: 00:27:10
Alignment: 41.7%  ETA: 00:25:32
Alignment: 46.3%  ETA: 00:23:32
Alignment: 50.8%  ETA: 00:21:41
Alignment: 55.4%  ETA: 00:19:32
Alignment: 60%  ETA: 00:17:24
Alignment: 64.5%  ETA: 00:15:39
Alignment: 69%  ETA: 00:13:45
Alignment: 73.5%  ETA: 00:11:51
Alignment: 78%  ETA: 00:09:51
Alignment: 82.5%  ETA: 00:07:43
Alignment: 87%  ETA: 00:05:43
Alignment: 91.5%  ETA: 00:03:45
Alignment: 96%  ETA: 00:01:45
====================== report: align ======================
Analysis time: 43.78m
Total sequencing reads: 63481098
Successfully aligned reads: 7883 (0.01%)
Coverage (percent of successfully aligned):
  CDR3: 2534 (32.15%)
  FR3_TO_FR4: 0 (0%)
  CDR2_TO_FR4: 0 (0%)
  FR2_TO_FR4: 0 (0%)
  CDR1_TO_FR4: 0 (0%)
  VDJRegion: 0 (0%)
Alignment failed: no hits (not TCR/IG?): 61795551 (97.34%)
Alignment failed: no CDR3 parts: 32186 (0.05%)
Alignment failed: low total score: 1645478 (2.59%)
Overlapped: 60900411 (95.93%)
Overlapped and aligned: 7718 (0.01%)
Overlapped and not aligned: 60892693 (95.92%)
Alignment-aided overlaps, percent of overlapped and aligned: 34 (0.44%)
No CDR3 parts alignments, percent of successfully aligned: 231 (2.93%)
Partial aligned reads, percent of successfully aligned: 5118 (64.92%)
V gene chimeras: 6 (0%)
Paired-end alignment conflicts eliminated: 1 (0%)
Realigned with forced non-floating bound: 5161442 (8.13%)
Realigned with forced non-floating right bound in left read: 348 (0%)
Realigned with forced non-floating left bound in right read: 348 (0%)
TRA chains: 273 (3.46%)
TRA non-functional: 0 (0%)
TRB chains: 49 (0.62%)
TRB non-functional: 0 (0%)
TRG chains: 14 (0.18%)
TRG non-functional: 0 (0%)
IGH chains: 2896 (36.74%)
IGH non-functional: 2 (0.07%)
TRAD chains: 14 (0.18%)
TRAD non-functional: 0 (0%)
IGK chains: 3213 (40.76%)
IGK non-functional: 18 (0.56%)
IGL chains: 1424 (18.06%)
IGL non-functional: 0 (0%)
Trimming report:
  R1 reads trimmed left: 172520 (0.27%)
  R1 reads trimmed right: 177857 (0.28%)
  Average R1 nucleotides trimmed left: 0.046199626225746755
  Average R1 nucleotides trimmed right: 0.049383298316610716
  R2 reads trimmed left: 172837 (0.27%)
  R2 reads trimmed right: 177896 (0.28%)
  Average R2 nucleotides trimmed left: 0.04581568516663023
  Average R2 nucleotides trimmed right: 0.05004195107022251

>>>>>>>>>>>>>>>>>> mixcr assemblePartial <<<<<<<<<<<<<<<<<<
Running:
mixcr assemblePartial --report /projects/rpci/songyao/pnfioric/arc_project/airr_calculation/tcr_quant/results/mixcr_RS-04367466.assemblePartial.report.txt --json-report /projects/rpci/songyao/pnfioric/arc_project/airr_calculation/tcr_quant/results/mixcr_RS-04367466.assemblePartial.report.json /projects/rpci/songyao/pnfioric/arc_project/airr_calculation/tcr_quant/results/mixcr_RS-04367466.alignments.vdjca /projects/rpci/songyao/pnfioric/arc_project/airr_calculation/tcr_quant/results/mixcr_RS-04367466.passembled.1.vdjca
Building index: 0%
Searching for overlaps: 0%
================= report: assemblePartial =================
Analysis time: 398ms
Total alignments analysed: 7883
Number of output alignments: 7872 (99.86%)
Alignments already with CDR3 (no overlapping is performed): 2592 (32.88%)
Successfully overlapped alignments: 11 (0.14%)
Left parts with too small N-region (failed to extract k-mer): 1885 (23.91%)
Extracted k-mer diversity: 1988
Dropped due to wildcard in k-mer: 0 (0%)
Dropped due to too short NRegion parts in overlap: 44 (0.56%)
Dropped overlaps with empty N region due to no complete NDN coverage: 0 (0%)
Number of left-side alignments: 754 (9.56%)
Number of right-side alignments: 2659 (33.73%)
Complex overlaps: 0 (0%)
Over-overlaps: 0 (0%)
Partial alignments written to output: 5269 (66.84%)

>>>>>>>>>>>>>>>>>> mixcr assemblePartial <<<<<<<<<<<<<<<<<<
Running:
mixcr assemblePartial --report /projects/rpci/songyao/pnfioric/arc_project/airr_calculation/tcr_quant/results/mixcr_RS-04367466.assemblePartial.report.txt --json-report /projects/rpci/songyao/pnfioric/arc_project/airr_calculation/tcr_quant/results/mixcr_RS-04367466.assemblePartial.report.json /projects/rpci/songyao/pnfioric/arc_project/airr_calculation/tcr_quant/results/mixcr_RS-04367466.passembled.1.vdjca /projects/rpci/songyao/pnfioric/arc_project/airr_calculation/tcr_quant/results/mixcr_RS-04367466.passembled.2.vdjca
Building index: 0%
Searching for overlaps: 0.2%
================= report: assemblePartial =================
Analysis time: 140ms
Total alignments analysed: 7872
Number of output alignments: 7872 (100%)
Alignments already with CDR3 (no overlapping is performed): 2603 (33.07%)
Successfully overlapped alignments: 0 (0%)
Left parts with too small N-region (failed to extract k-mer): 1885 (23.95%)
Extracted k-mer diversity: 1920
Dropped due to wildcard in k-mer: 0 (0%)
Dropped due to too short NRegion parts in overlap: 38 (0.48%)
Dropped overlaps with empty N region due to no complete NDN coverage: 0 (0%)
Number of left-side alignments: 743 (9.44%)
Number of right-side alignments: 2648 (33.64%)
Complex overlaps: 0 (0%)
Over-overlaps: 0 (0%)
Partial alignments written to output: 5269 (66.93%)

>>>>>>>>>>>>>>>>>>>>>>> mixcr extend <<<<<<<<<<<<<<<<<<<<<<<
Running:
mixcr extend --report /projects/rpci/songyao/pnfioric/arc_project/airr_calculation/tcr_quant/results/mixcr_RS-04367466.extend.report.txt --json-report /projects/rpci/songyao/pnfioric/arc_project/airr_calculation/tcr_quant/results/mixcr_RS-04367466.extend.report.json --threads 12 /projects/rpci/songyao/pnfioric/arc_project/airr_calculation/tcr_quant/results/mixcr_RS-04367466.passembled.2.vdjca /projects/rpci/songyao/pnfioric/arc_project/airr_calculation/tcr_quant/results/mixcr_RS-04367466.extended.vdjca
Extending alignments: 0%
====================== report: extend ======================
Analysis time: 100ms
Extended alignments count: 0 (0%)
V extensions total: 0 (0%)
V extensions with merged targets: 0 (0%)
J extensions total: 0 (0%)
J extensions with merged targets: 0 (0%)
V+J extensions: 0 (0%)
Mean V extension length: NaN
Mean J extension length: NaN

>>>>>>>>>>>>>>>>>>>>>> mixcr assemble <<<<<<<<<<<<<<<<<<<<<<
Running:
mixcr assemble --report /projects/rpci/songyao/pnfioric/arc_project/airr_calculation/tcr_quant/results/mixcr_RS-04367466.assemble.report.txt --json-report /projects/rpci/songyao/pnfioric/arc_project/airr_calculation/tcr_quant/results/mixcr_RS-04367466.assemble.report.json /projects/rpci/songyao/pnfioric/arc_project/airr_calculation/tcr_quant/results/mixcr_RS-04367466.extended.vdjca /projects/rpci/songyao/pnfioric/arc_project/airr_calculation/tcr_quant/results/mixcr_RS-04367466.clna
Initialization: progress unknown
Initialization: progress unknown
===================== report: assemble =====================
Analysis time: 725ms
Final clonotype count: 279
Reads used in clonotypes, percent of total: 2506 (0%)
Average number of reads per clonotype: 8.98
Reads dropped due to the lack of a clone sequence, percent of total: 5327 (0.01%)
Reads dropped due to a too short clonal sequence, percent of total: 0 (0%)
Reads dropped due to low quality, percent of total: 0 (0%)
Reads dropped due to failed mapping, percent of total: 30 (0%)
Reads dropped with low quality clones, percent of total: 0 (0%)
Aligned reads processed: 2556
Reads used in clonotypes before clustering, percent of total: 2526 (0%)
Number of reads used as a core, percent of used: 2501 (99.01%)
Mapped low quality reads, percent of used: 25 (0.99%)
Reads clustered in PCR error correction, percent of used: 20 (0.79%)
Reads pre-clustered due to the similar VJC-lists, percent of used: 0 (0%)
Clonotypes dropped as low quality: 0
Clonotypes eliminated by PCR error correction: 12
Clonotypes pre-clustered due to the similar VJC-lists: 0
Clones dropped in post filtering: 0 (0%)
Reads dropped in post filtering: 0.0 (0%)
Reads filtered by tag prefix: 0 (0%)
TRB chains: 1 (0.36%)
TRB non-functional: 0 (0%)
IGH chains: 72 (25.81%)
IGH non-functional: 0 (0%)
IGK chains: 163 (58.42%)
IGK non-functional: 5 (3.07%)
IGL chains: 43 (15.41%)
IGL non-functional: 0 (0%)

>>>>>>>>>>>>>>>>>> mixcr assembleContigs <<<<<<<<<<<<<<<<<<
Running:
mixcr assembleContigs --report /projects/rpci/songyao/pnfioric/arc_project/airr_calculation/tcr_quant/results/mixcr_RS-04367466.assembleContigs.report.txt --json-report /projects/rpci/songyao/pnfioric/arc_project/airr_calculation/tcr_quant/results/mixcr_RS-04367466.assembleContigs.report.json --threads 12 /projects/rpci/songyao/pnfioric/arc_project/airr_calculation/tcr_quant/results/mixcr_RS-04367466.clna /projects/rpci/songyao/pnfioric/arc_project/airr_calculation/tcr_quant/results/mixcr_RS-04367466.contigs.clns
Assembling contigs: 0%
================= report: assembleContigs =================
Analysis time: 440ms
Initial clonotype count: 279
Final clonotype count: 279 (100%)
Canceled assemblies: 0 (0%)
Clones filtered out after assemble: 0 (0%)
Number of premature termination assembly events, percent of number of initial clonotypes: 0.0 (0%)
Longest contig length: 259
Clustered variants: 0 (0%)
Reads in clustered variants: 0.0 (0%)
Reads in divided (newly created) clones: 0.0 (0%)
Clones with ambiguous letters in splitting region: 0 (0%)
Reads in clones with ambiguous letters in splitting region: 0.0 (0%)
Average number of ambiguous letters per clone with ambiguous letters in splitting region: NaN
Clones combined after clustering: 0 (0%)

>>>>>>>>>>>>>>>>>>>>>>>>> mixcr qc <<<<<<<<<<<<<<<<<<<<<<<<<
Running:
mixcr qc --print-to-stdout /projects/rpci/songyao/pnfioric/arc_project/airr_calculation/tcr_quant/results/mixcr_RS-04367466.contigs.clns /projects/rpci/songyao/pnfioric/arc_project/airr_calculation/tcr_quant/results/mixcr_RS-04367466.qc.txt /projects/rpci/songyao/pnfioric/arc_project/airr_calculation/tcr_quant/results/mixcr_RS-04367466.qc.json

  Alignments dropped due to low sequence quality: 0.0% [OK]

>>>>>>>>>>>>>>>>>>>> mixcr exportClones <<<<<<<<<<<<<<<<<<<<
Running:
mixcr exportClones /projects/rpci/songyao/pnfioric/arc_project/airr_calculation/tcr_quant/results/mixcr_RS-04367466.contigs.clns /projects/rpci/songyao/pnfioric/arc_project/airr_calculation/tcr_quant/results/mixcr_RS-04367466.clones.tsv
Analysis finished successfully.
===============================
Visualize results and simplify your immune data analysis with a convenient UI.
Explore and install Platforma.bio here: https://platforma.bio
