WARNING: sun.reflect.Reflection.getCallerClass is not supported. This will impact performance.

>>>>>>>>>>>>>>>>>>>>>>> mixcr align <<<<<<<<<<<<<<<<<<<<<<<
Running:
mixcr align --report /projects/rpci/songyao/pnfioric/arc_project/airr_calculation/tcr_quant/results/mixcr_RS-04075008.align.report.txt --json-report /projects/rpci/songyao/pnfioric/arc_project/airr_calculation/tcr_quant/results/mixcr_RS-04075008.align.report.json --threads 12 --preset rna-seq --save-output-file-names /projects/rpci/songyao/pnfioric/arc_project/airr_calculation/tcr_quant/results/mixcr_RS-04075008.align.list.tsv --species hsa /projects/rpci/songyao/pnfioric/arc_project/airr_calculation/fastq_files/RS-04075008/RS-04417137_171_RS-04075008_S116_R1_001.fastq.gz /projects/rpci/songyao/pnfioric/arc_project/airr_calculation/fastq_files/RS-04075008/RS-04417137_171_RS-04075008_S116_R2_001.fastq.gz /projects/rpci/songyao/pnfioric/arc_project/airr_calculation/tcr_quant/results/mixcr_RS-04075008.alignments.vdjca
Alignment: 0%
Alignment: 4.4%  ETA: 00:43:53
Alignment: 8.8%  ETA: 00:41:33
Alignment: 13.1%  ETA: 00:39:33
Alignment: 17.6%  ETA: 00:37:16
Alignment: 22%  ETA: 00:34:59
Alignment: 26.4%  ETA: 00:33:15
Alignment: 30.8%  ETA: 00:31:45
Alignment: 35.2%  ETA: 00:29:45
Alignment: 39.5%  ETA: 00:27:45
Alignment: 44%  ETA: 00:25:08
Alignment: 48.4%  ETA: 00:23:30
Alignment: 52.8%  ETA: 00:21:30
Alignment: 57.2%  ETA: 00:19:30
Alignment: 61.5%  ETA: 00:17:39
Alignment: 65.9%  ETA: 00:15:39
Alignment: 70.3%  ETA: 00:13:25
Alignment: 74.7%  ETA: 00:11:31
Alignment: 79.1%  ETA: 00:09:36
Alignment: 83.4%  ETA: 00:07:36
Alignment: 87.8%  ETA: 00:05:36
Alignment: 92.2%  ETA: 00:03:31
Alignment: 96.6%  ETA: 00:01:31
====================== report: align ======================
Analysis time: 45.55m
Total sequencing reads: 65755084
Successfully aligned reads: 3656 (0.01%)
Coverage (percent of successfully aligned):
  CDR3: 13 (0.36%)
  FR3_TO_FR4: 0 (0%)
  CDR2_TO_FR4: 0 (0%)
  FR2_TO_FR4: 0 (0%)
  CDR1_TO_FR4: 0 (0%)
  VDJRegion: 0 (0%)
Alignment failed: no hits (not TCR/IG?): 63667844 (96.83%)
Alignment failed: no CDR3 parts: 22237 (0.03%)
Alignment failed: low total score: 2061347 (3.13%)
Overlapped: 57941344 (88.12%)
Overlapped and aligned: 3362 (0.01%)
Overlapped and not aligned: 57937982 (88.11%)
Alignment-aided overlaps, percent of overlapped and aligned: 0 (0%)
Partial aligned reads, percent of successfully aligned: 3643 (99.64%)
Realigned with forced non-floating bound: 15627480 (23.77%)
Realigned with forced non-floating right bound in left read: 404 (0%)
Realigned with forced non-floating left bound in right read: 404 (0%)
TRA chains: 1780 (48.69%)
TRA non-functional: 0 (0%)
TRB chains: 707 (19.34%)
TRB non-functional: 0 (0%)
IGH chains: 259 (7.08%)
IGH non-functional: 0 (0%)
IGK chains: 481 (13.16%)
IGK non-functional: 0 (0%)
IGL chains: 429 (11.73%)
IGL non-functional: 0 (0%)
Trimming report:
  R1 reads trimmed left: 3718003 (5.65%)
  R1 reads trimmed right: 3766986 (5.73%)
  Average R1 nucleotides trimmed left: 0.9612267851410546
  Average R1 nucleotides trimmed right: 1.021716206765092
  R2 reads trimmed left: 3676487 (5.59%)
  R2 reads trimmed right: 3724981 (5.66%)
  Average R2 nucleotides trimmed left: 0.950411773483553
  Average R2 nucleotides trimmed right: 1.0101782852258236

>>>>>>>>>>>>>>>>>> mixcr assemblePartial <<<<<<<<<<<<<<<<<<
Running:
mixcr assemblePartial --report /projects/rpci/songyao/pnfioric/arc_project/airr_calculation/tcr_quant/results/mixcr_RS-04075008.assemblePartial.report.txt --json-report /projects/rpci/songyao/pnfioric/arc_project/airr_calculation/tcr_quant/results/mixcr_RS-04075008.assemblePartial.report.json /projects/rpci/songyao/pnfioric/arc_project/airr_calculation/tcr_quant/results/mixcr_RS-04075008.alignments.vdjca /projects/rpci/songyao/pnfioric/arc_project/airr_calculation/tcr_quant/results/mixcr_RS-04075008.passembled.1.vdjca
Building index: 0%
Searching for overlaps: 0%
================= report: assemblePartial =================
Analysis time: 286ms
Total alignments analysed: 3656
Number of output alignments: 3656 (100%)
Alignments already with CDR3 (no overlapping is performed): 13 (0.36%)
Successfully overlapped alignments: 0 (0%)
Left parts with too small N-region (failed to extract k-mer): 476 (13.02%)
Extracted k-mer diversity: 613
Dropped due to wildcard in k-mer: 0 (0%)
Dropped due to too short NRegion parts in overlap: 0 (0%)
Dropped overlaps with empty N region due to no complete NDN coverage: 0 (0%)
Number of left-side alignments: 1027 (28.09%)
Number of right-side alignments: 2140 (58.53%)
Complex overlaps: 0 (0%)
Over-overlaps: 0 (0%)
Partial alignments written to output: 3643 (99.64%)

>>>>>>>>>>>>>>>>>> mixcr assemblePartial <<<<<<<<<<<<<<<<<<
Running:
mixcr assemblePartial --report /projects/rpci/songyao/pnfioric/arc_project/airr_calculation/tcr_quant/results/mixcr_RS-04075008.assemblePartial.report.txt --json-report /projects/rpci/songyao/pnfioric/arc_project/airr_calculation/tcr_quant/results/mixcr_RS-04075008.assemblePartial.report.json /projects/rpci/songyao/pnfioric/arc_project/airr_calculation/tcr_quant/results/mixcr_RS-04075008.passembled.1.vdjca /projects/rpci/songyao/pnfioric/arc_project/airr_calculation/tcr_quant/results/mixcr_RS-04075008.passembled.2.vdjca
Building index: 0%
Searching for overlaps: 0.3%
================= report: assemblePartial =================
Analysis time: 82ms
Total alignments analysed: 3656
Number of output alignments: 3656 (100%)
Alignments already with CDR3 (no overlapping is performed): 13 (0.36%)
Successfully overlapped alignments: 0 (0%)
Left parts with too small N-region (failed to extract k-mer): 476 (13.02%)
Extracted k-mer diversity: 613
Dropped due to wildcard in k-mer: 0 (0%)
Dropped due to too short NRegion parts in overlap: 0 (0%)
Dropped overlaps with empty N region due to no complete NDN coverage: 0 (0%)
Number of left-side alignments: 1027 (28.09%)
Number of right-side alignments: 2140 (58.53%)
Complex overlaps: 0 (0%)
Over-overlaps: 0 (0%)
Partial alignments written to output: 3643 (99.64%)

>>>>>>>>>>>>>>>>>>>>>>> mixcr extend <<<<<<<<<<<<<<<<<<<<<<<
Running:
mixcr extend --report /projects/rpci/songyao/pnfioric/arc_project/airr_calculation/tcr_quant/results/mixcr_RS-04075008.extend.report.txt --json-report /projects/rpci/songyao/pnfioric/arc_project/airr_calculation/tcr_quant/results/mixcr_RS-04075008.extend.report.json --threads 12 /projects/rpci/songyao/pnfioric/arc_project/airr_calculation/tcr_quant/results/mixcr_RS-04075008.passembled.2.vdjca /projects/rpci/songyao/pnfioric/arc_project/airr_calculation/tcr_quant/results/mixcr_RS-04075008.extended.vdjca
Extending alignments: 0%
====================== report: extend ======================
Analysis time: 37ms
Extended alignments count: 0 (0%)
V extensions total: 0 (0%)
V extensions with merged targets: 0 (0%)
J extensions total: 0 (0%)
J extensions with merged targets: 0 (0%)
V+J extensions: 0 (0%)
Mean V extension length: NaN
Mean J extension length: NaN

>>>>>>>>>>>>>>>>>>>>>> mixcr assemble <<<<<<<<<<<<<<<<<<<<<<
Running:
mixcr assemble --report /projects/rpci/songyao/pnfioric/arc_project/airr_calculation/tcr_quant/results/mixcr_RS-04075008.assemble.report.txt --json-report /projects/rpci/songyao/pnfioric/arc_project/airr_calculation/tcr_quant/results/mixcr_RS-04075008.assemble.report.json /projects/rpci/songyao/pnfioric/arc_project/airr_calculation/tcr_quant/results/mixcr_RS-04075008.extended.vdjca /projects/rpci/songyao/pnfioric/arc_project/airr_calculation/tcr_quant/results/mixcr_RS-04075008.clna
Initialization: progress unknown
Initialization: progress unknown
===================== report: assemble =====================
Analysis time: 350ms
Final clonotype count: 1
Reads used in clonotypes, percent of total: 13 (0%)
Average number of reads per clonotype: 13
Reads dropped due to the lack of a clone sequence, percent of total: 3643 (0.01%)
Reads dropped due to a too short clonal sequence, percent of total: 0 (0%)
Reads dropped due to low quality, percent of total: 0 (0%)
Reads dropped due to failed mapping, percent of total: 0 (0%)
Reads dropped with low quality clones, percent of total: 0 (0%)
Aligned reads processed: 13
Reads used in clonotypes before clustering, percent of total: 13 (0%)
Number of reads used as a core, percent of used: 13 (100%)
Mapped low quality reads, percent of used: 0 (0%)
Reads clustered in PCR error correction, percent of used: 0 (0%)
Reads pre-clustered due to the similar VJC-lists, percent of used: 0 (0%)
Clonotypes dropped as low quality: 0
Clonotypes eliminated by PCR error correction: 0
Clonotypes pre-clustered due to the similar VJC-lists: 0
Clones dropped in post filtering: 0 (0%)
Reads dropped in post filtering: 0.0 (0%)
Reads filtered by tag prefix: 0 (0%)
IGK chains: 1 (100%)
IGK non-functional: 0 (0%)

>>>>>>>>>>>>>>>>>> mixcr assembleContigs <<<<<<<<<<<<<<<<<<
Running:
mixcr assembleContigs --report /projects/rpci/songyao/pnfioric/arc_project/airr_calculation/tcr_quant/results/mixcr_RS-04075008.assembleContigs.report.txt --json-report /projects/rpci/songyao/pnfioric/arc_project/airr_calculation/tcr_quant/results/mixcr_RS-04075008.assembleContigs.report.json --threads 12 /projects/rpci/songyao/pnfioric/arc_project/airr_calculation/tcr_quant/results/mixcr_RS-04075008.clna /projects/rpci/songyao/pnfioric/arc_project/airr_calculation/tcr_quant/results/mixcr_RS-04075008.contigs.clns
Assembling contigs: 0%
================= report: assembleContigs =================
Analysis time: 116ms
Initial clonotype count: 1
Final clonotype count: 1 (100%)
Canceled assemblies: 0 (0%)
Clones filtered out after assemble: 0 (0%)
Number of premature termination assembly events, percent of number of initial clonotypes: 0.0 (0%)
Longest contig length: 92
Clustered variants: 0 (0%)
Reads in clustered variants: 0.0 (0%)
Reads in divided (newly created) clones: 0.0 (0%)
Clones with ambiguous letters in splitting region: 0 (0%)
Reads in clones with ambiguous letters in splitting region: 0.0 (0%)
Average number of ambiguous letters per clone with ambiguous letters in splitting region: NaN
Clones combined after clustering: 0 (0%)

>>>>>>>>>>>>>>>>>>>>>>>>> mixcr qc <<<<<<<<<<<<<<<<<<<<<<<<<
Running:
mixcr qc --print-to-stdout /projects/rpci/songyao/pnfioric/arc_project/airr_calculation/tcr_quant/results/mixcr_RS-04075008.contigs.clns /projects/rpci/songyao/pnfioric/arc_project/airr_calculation/tcr_quant/results/mixcr_RS-04075008.qc.txt /projects/rpci/songyao/pnfioric/arc_project/airr_calculation/tcr_quant/results/mixcr_RS-04075008.qc.json

  Alignments dropped due to low sequence quality: 0.0% [OK]

>>>>>>>>>>>>>>>>>>>> mixcr exportClones <<<<<<<<<<<<<<<<<<<<
Running:
mixcr exportClones /projects/rpci/songyao/pnfioric/arc_project/airr_calculation/tcr_quant/results/mixcr_RS-04075008.contigs.clns /projects/rpci/songyao/pnfioric/arc_project/airr_calculation/tcr_quant/results/mixcr_RS-04075008.clones.tsv
Analysis finished successfully.
===============================
Visualize results and simplify your immune data analysis with a convenient UI.
Explore and install Platforma.bio here: https://platforma.bio
