Exporting TRB
Exporting clones: 0.9%
Filtered 108 of 3145 clones (96.57%).
Filtered 173.0 of 50749.0 reads (99.66%).
Exporting TRA
Exporting clones: 0.9%
Filtered 115 of 3145 clones (96.34%).
Filtered 176.0 of 50749.0 reads (99.65%).
Exporting IGH
Exporting clones: 0.1%
Filtered 1208 of 3145 clones (61.59%).
Filtered 15486.0 of 50749.0 reads (69.49%).
Exporting TRG
Exporting clones: 16.7%
Filtered 24 of 3145 clones (99.24%).
Filtered 42.0 of 50749.0 reads (99.92%).
Exporting IGL
Exporting clones: 0.7%
Filtered 581 of 3145 clones (81.53%).
Filtered 13754.0 of 50749.0 reads (72.9%).
Exporting IGK
Exporting clones: 0.3%
Filtered 1109 of 3145 clones (64.74%).
Filtered 21118.0 of 50749.0 reads (58.39%).
