Exporting TRB
Exporting clones: 11.1%
Filtered 9 of 333 clones (97.3%).
Filtered 12.0 of 540.0 reads (97.78%).
Exporting TRA
Exporting clones: 7.7%
Filtered 13 of 333 clones (96.1%).
Filtered 23.0 of 540.0 reads (95.74%).
Exporting IGH
Exporting clones: 1.2%
Filtered 85 of 333 clones (74.47%).
Filtered 139.0 of 540.0 reads (74.26%).
Exporting TRG
Exporting clones: 100%
Filtered 1 of 333 clones (99.7%).
Filtered 5.0 of 540.0 reads (99.07%).
Exporting IGL
Exporting clones: 1.4%
Filtered 69 of 333 clones (79.28%).
Filtered 108.0 of 540.0 reads (80%).
Exporting IGK
Exporting clones: 0.6%
Filtered 156 of 333 clones (53.15%).
Filtered 253.0 of 540.0 reads (53.15%).
