Exporting TRB
Exporting clones: 14.3%
Filtered 7 of 269 clones (97.4%).
Filtered 23.0 of 1521.0 reads (98.49%).
Exporting TRA
Exporting clones: 25%
Filtered 4 of 269 clones (98.51%).
Filtered 16.0 of 1521.0 reads (98.95%).
Exporting IGH
Exporting clones: 1.3%
Filtered 76 of 269 clones (71.75%).
Filtered 515.0 of 1521.0 reads (66.14%).
Exporting TRG
Exporting clones: 100%
Filtered 1 of 269 clones (99.63%).
Filtered 8.0 of 1521.0 reads (99.47%).
Exporting IGL
Exporting clones: 3.8%
Filtered 52 of 269 clones (80.67%).
Filtered 370.0 of 1521.0 reads (75.67%).
Exporting IGK
Exporting clones: 0.8%
Filtered 129 of 269 clones (52.04%).
Filtered 589.0 of 1521.0 reads (61.28%).
