Exporting TRB
Exporting clones: 5.6%
Filtered 18 of 404 clones (95.54%).
Filtered 21.0 of 981.0 reads (97.86%).
Exporting TRA
Exporting clones: 10%
Filtered 10 of 404 clones (97.52%).
Filtered 17.0 of 981.0 reads (98.27%).
Exporting TRD
Exporting clones: 100%
Filtered 1 of 404 clones (99.75%).
Filtered 2.0 of 981.0 reads (99.8%).
Exporting IGH
Exporting clones: 0.9%
Filtered 106 of 404 clones (73.76%).
Filtered 247.0 of 981.0 reads (74.82%).
Exporting TRG
Exporting clones: 25%
Filtered 8 of 404 clones (98.02%).
Filtered 17.0 of 981.0 reads (98.27%).
Exporting IGL
Exporting clones: 0.9%
Filtered 109 of 404 clones (73.02%).
Filtered 363.0 of 981.0 reads (63%).
Exporting IGK
Exporting clones: 0.7%
Filtered 152 of 404 clones (62.38%).
Filtered 314.0 of 981.0 reads (67.99%).
