Exporting TRB
Exporting clones: 100%
Filtered 1 of 374 clones (99.73%).
Filtered 2.0 of 4566.0 reads (99.96%).
Exporting TRA
Exporting clones: 6.7%
Filtered 15 of 374 clones (95.99%).
Filtered 56.0 of 4566.0 reads (98.77%).
Exporting IGH
Exporting clones: 0.9%
Filtered 117 of 374 clones (68.72%).
Filtered 954.0 of 4566.0 reads (79.11%).
Exporting TRG
Exporting clones: 50%
Filtered 2 of 374 clones (99.47%).
Filtered 9.0 of 4566.0 reads (99.8%).
Exporting IGL
Exporting clones: 1.1%
Filtered 94 of 374 clones (74.87%).
Filtered 1315.0 of 4566.0 reads (71.2%).
Exporting IGK
Exporting clones: 1.4%
Filtered 145 of 374 clones (61.23%).
Filtered 2230.0 of 4566.0 reads (51.16%).
