Exporting TRB
Exporting clones: 6.7%
Filtered 15 of 210 clones (92.86%).
Filtered 21.0 of 450.0 reads (95.33%).
Exporting TRA
Exporting clones: 4.2%
Filtered 24 of 210 clones (88.57%).
Filtered 33.0 of 450.0 reads (92.67%).
Exporting IGH
Exporting clones: 2.7%
Filtered 37 of 210 clones (82.38%).
Filtered 94.0 of 450.0 reads (79.11%).
Exporting TRG
Exporting clones: 28.6%
Filtered 7 of 210 clones (96.67%).
Filtered 14.0 of 450.0 reads (96.89%).
Exporting IGL
Exporting clones: 4.7%
Filtered 43 of 210 clones (79.52%).
Filtered 112.0 of 450.0 reads (75.11%).
Exporting IGK
Exporting clones: 1.2%
Filtered 84 of 210 clones (60%).
Filtered 176.0 of 450.0 reads (60.89%).
