Exporting TRB
Exporting clones: 100%
Filtered 1 of 57 clones (98.25%).
Filtered 2.0 of 151.0 reads (98.68%).
Exporting TRA
Exporting clones: 50%
Filtered 2 of 57 clones (96.49%).
Filtered 6.0 of 151.0 reads (96.03%).
Exporting IGH
Exporting clones: 7.7%
Filtered 13 of 57 clones (77.19%).
Filtered 19.0 of 151.0 reads (87.42%).
Exporting TRG
Exporting clones: 50%
Filtered 2 of 57 clones (96.49%).
Filtered 4.0 of 151.0 reads (97.35%).
Exporting IGL
Exporting clones: 9.1%
Filtered 11 of 57 clones (80.7%).
Filtered 18.0 of 151.0 reads (88.08%).
Exporting IGK
Exporting clones: 3.6%
Filtered 28 of 57 clones (50.88%).
Filtered 102.0 of 151.0 reads (32.45%).
