Exporting TRB
Exporting clones: 33.3%
Filtered 3 of 227 clones (98.68%).
Filtered 12.0 of 856.0 reads (98.6%).
Exporting TRA
Exporting clones: 20%
Filtered 5 of 227 clones (97.8%).
Filtered 17.0 of 856.0 reads (98.01%).
Exporting IGH
Exporting clones: 1.6%
Filtered 64 of 227 clones (71.81%).
Filtered 239.0 of 856.0 reads (72.08%).
Exporting IGL
Exporting clones: 2.3%
Filtered 43 of 227 clones (81.06%).
Filtered 166.0 of 856.0 reads (80.61%).
Exporting IGK
Exporting clones: 0.9%
Filtered 112 of 227 clones (50.66%).
Filtered 422.0 of 856.0 reads (50.7%).
