Exporting TRB
Exporting clones: 100%
Filtered 1 of 207 clones (99.52%).
Filtered 1.0 of 661.0 reads (99.85%).
Exporting TRA
Exporting clones: 25%
Filtered 4 of 207 clones (98.07%).
Filtered 6.0 of 661.0 reads (99.09%).
Exporting IGH
Exporting clones: 1.9%
Filtered 54 of 207 clones (73.91%).
Filtered 114.0 of 661.0 reads (82.75%).
Exporting IGL
Exporting clones: 2.4%
Filtered 42 of 207 clones (79.71%).
Filtered 110.0 of 661.0 reads (83.36%).
Exporting IGK
Exporting clones: 0.9%
Filtered 106 of 207 clones (48.79%).
Filtered 430.0 of 661.0 reads (34.95%).
