Exporting TRB
Exporting clones: 11.1%
Filtered 9 of 437 clones (97.94%).
Filtered 14.0 of 1722.0 reads (99.19%).
Exporting TRA
Exporting clones: 50%
Filtered 2 of 437 clones (99.54%).
Filtered 3.0 of 1722.0 reads (99.83%).
Exporting IGH
Exporting clones: 0.9%
Filtered 107 of 437 clones (75.51%).
Filtered 338.0 of 1722.0 reads (80.37%).
Exporting TRG
Exporting clones: 66.7%
Filtered 3 of 437 clones (99.31%).
Filtered 10.0 of 1722.0 reads (99.42%).
Exporting IGL
Exporting clones: 1.9%
Filtered 104 of 437 clones (76.2%).
Filtered 413.0 of 1722.0 reads (76.02%).
Exporting IGK
Exporting clones: 1.4%
Filtered 212 of 437 clones (51.49%).
Filtered 944.0 of 1722.0 reads (45.18%).
