Exporting TRB
Exporting clones: 100%
Filtered 1 of 141 clones (99.29%).
Filtered 1.0 of 360.0 reads (99.72%).
Exporting TRA
Exporting clones: 25%
Filtered 4 of 141 clones (97.16%).
Filtered 9.0 of 360.0 reads (97.5%).
Exporting IGH
Exporting clones: 2.4%
Filtered 42 of 141 clones (70.21%).
Filtered 83.0 of 360.0 reads (76.94%).
Exporting IGL
Exporting clones: 2.6%
Filtered 38 of 141 clones (73.05%).
Filtered 113.0 of 360.0 reads (68.61%).
Exporting IGK
Exporting clones: 1.8%
Filtered 56 of 141 clones (60.28%).
Filtered 154.0 of 360.0 reads (57.22%).
