Exporting TRB
Exporting clones: 10%
Filtered 10 of 569 clones (98.24%).
Filtered 17.0 of 1356.0 reads (98.75%).
Exporting TRA
Exporting clones: 11.1%
Filtered 9 of 569 clones (98.42%).
Filtered 15.0 of 1356.0 reads (98.89%).
Exporting IGH
Exporting clones: 0.6%
Filtered 174 of 569 clones (69.42%).
Filtered 371.0 of 1356.0 reads (72.64%).
Exporting TRG
Exporting clones: 50%
Filtered 2 of 569 clones (99.65%).
Filtered 4.0 of 1356.0 reads (99.71%).
Exporting IGL
Exporting clones: 0.7%
Filtered 151 of 569 clones (73.46%).
Filtered 405.0 of 1356.0 reads (70.13%).
Exporting IGK
Exporting clones: 1.3%
Filtered 223 of 569 clones (60.81%).
Filtered 544.0 of 1356.0 reads (59.88%).
