Exporting TRA
Exporting clones: 100%
Filtered 1 of 42 clones (97.62%).
Filtered 4.0 of 158.0 reads (97.47%).
Exporting IGH
Exporting clones: 8.3%
Filtered 12 of 42 clones (71.43%).
Filtered 39.0 of 158.0 reads (75.32%).
Exporting TRG
Exporting clones: 50%
Filtered 2 of 42 clones (95.24%).
Filtered 19.0 of 158.0 reads (87.97%).
Exporting IGL
Exporting clones: 12.5%
Filtered 8 of 42 clones (80.95%).
Filtered 25.0 of 158.0 reads (84.18%).
Exporting IGK
Exporting clones: 5.3%
Filtered 19 of 42 clones (54.76%).
Filtered 71.0 of 158.0 reads (55.06%).
