Exporting TRB
Exporting clones: 100%
Filtered 1 of 113 clones (99.12%).
Filtered 1.0 of 267.0 reads (99.63%).
Exporting TRA
Exporting clones: 25%
Filtered 4 of 113 clones (96.46%).
Filtered 5.0 of 267.0 reads (98.13%).
Exporting IGH
Exporting clones: 4%
Filtered 25 of 113 clones (77.88%).
Filtered 58.0 of 267.0 reads (78.28%).
Exporting IGL
Exporting clones: 3.2%
Filtered 31 of 113 clones (72.57%).
Filtered 90.0 of 267.0 reads (66.29%).
Exporting IGK
Exporting clones: 1.9%
Filtered 52 of 113 clones (53.98%).
Filtered 113.0 of 267.0 reads (57.68%).
