Exporting TRB
Exporting clones: 11.1%
Filtered 9 of 1359 clones (99.34%).
Filtered 16.0 of 7525.0 reads (99.79%).
Exporting TRA
Exporting clones: 4.5%
Filtered 22 of 1359 clones (98.38%).
Filtered 39.0 of 7525.0 reads (99.48%).
Exporting IGH
Exporting clones: 0.2%
Filtered 407 of 1359 clones (70.05%).
Filtered 1381.0 of 7525.0 reads (81.65%).
Exporting TRG
Filtered 2 of 1359 clones (99.85%).
Filtered 5.0 of 7525.0 reads (99.93%).
Exporting IGL
Exporting clones: 0.5%
Filtered 202 of 1359 clones (85.14%).
Filtered 921.0 of 7525.0 reads (87.76%).
Exporting IGK
Exporting clones: 0.3%
Filtered 717 of 1359 clones (47.24%).
Filtered 5163.0 of 7525.0 reads (31.39%).
