Exporting TRB
Exporting clones: 33.3%
Filtered 3 of 602 clones (99.5%).
Filtered 7.0 of 1547.0 reads (99.55%).
Exporting TRA
Exporting clones: 33.3%
Filtered 3 of 602 clones (99.5%).
Filtered 4.0 of 1547.0 reads (99.74%).
Exporting IGH
Exporting clones: 0.6%
Filtered 158 of 602 clones (73.75%).
Filtered 353.0 of 1547.0 reads (77.18%).
Exporting TRG
Exporting clones: 100%
Filtered 1 of 602 clones (99.83%).
Filtered 2.0 of 1547.0 reads (99.87%).
Exporting IGL
Exporting clones: 1.4%
Filtered 140 of 602 clones (76.74%).
Filtered 345.0 of 1547.0 reads (77.7%).
Exporting IGK
Exporting clones: 0.3%
Filtered 297 of 602 clones (50.66%).
Filtered 836.0 of 1547.0 reads (45.96%).
