WARNING: sun.reflect.Reflection.getCallerClass is not supported. This will impact performance.

>>>>>>>>>>>>>>>>>>>>>>> mixcr align <<<<<<<<<<<<<<<<<<<<<<<
Running:
mixcr align --report /projects/rpci/songyao/pnfioric/arc_project/airr_calculation/tcr_quant/results/mixcr_RS-04378613.align.report.txt --json-report /projects/rpci/songyao/pnfioric/arc_project/airr_calculation/tcr_quant/results/mixcr_RS-04378613.align.report.json --threads 12 --preset rna-seq --save-output-file-names /projects/rpci/songyao/pnfioric/arc_project/airr_calculation/tcr_quant/results/mixcr_RS-04378613.align.list.tsv --species hsa /projects/rpci/songyao/pnfioric/arc_project/airr_calculation/fastq_files/RS-04378613/RS-04378613_S98-18751-1_RS-04225391_S6_R1_001.fastq.gz /projects/rpci/songyao/pnfioric/arc_project/airr_calculation/fastq_files/RS-04378613/RS-04378613_S98-18751-1_RS-04225391_S6_R2_001.fastq.gz /projects/rpci/songyao/pnfioric/arc_project/airr_calculation/tcr_quant/results/mixcr_RS-04378613.alignments.vdjca
Alignment: 0%
Alignment: 3%  ETA: 01:05:19
Alignment: 6%  ETA: 01:02:42
Alignment: 8.9%  ETA: 01:01:17
Alignment: 12%  ETA: 00:58:09
Alignment: 14.9%  ETA: 00:57:15
Alignment: 18%  ETA: 00:54:11
Alignment: 21%  ETA: 00:52:42
Alignment: 24%  ETA: 00:50:42
Alignment: 27%  ETA: 00:48:13
Alignment: 29.9%  ETA: 00:47:37
Alignment: 32.9%  ETA: 00:45:09
Alignment: 35.9%  ETA: 00:43:09
Alignment: 38.8%  ETA: 00:41:34
Alignment: 41.9%  ETA: 00:38:25
Alignment: 44.8%  ETA: 00:37:31
Alignment: 47.8%  ETA: 00:35:09
Alignment: 50.7%  ETA: 00:33:09
Alignment: 53.7%  ETA: 00:31:10
Alignment: 56.7%  ETA: 00:28:51
Alignment: 59.7%  ETA: 00:26:52
Alignment: 62.7%  ETA: 00:25:07
Alignment: 65.6%  ETA: 00:23:07
Alignment: 68.6%  ETA: 00:20:54
Alignment: 71.7%  ETA: 00:18:42
Alignment: 74.6%  ETA: 00:17:03
Alignment: 77.6%  ETA: 00:15:04
Alignment: 80.6%  ETA: 00:13:12
Alignment: 83.5%  ETA: 00:11:05
Alignment: 86.5%  ETA: 00:08:58
Alignment: 89.5%  ETA: 00:07:03
Alignment: 92.5%  ETA: 00:04:59
Alignment: 95.5%  ETA: 00:02:57
Alignment: 98.5%  ETA: 00:01:00
====================== report: align ======================
Analysis time: 67.04m
Total sequencing reads: 71336238
Successfully aligned reads: 2225 (0%)
Coverage (percent of successfully aligned):
  CDR3: 23 (1.03%)
  FR3_TO_FR4: 0 (0%)
  CDR2_TO_FR4: 0 (0%)
  FR2_TO_FR4: 0 (0%)
  CDR1_TO_FR4: 0 (0%)
  VDJRegion: 0 (0%)
Alignment failed: no hits (not TCR/IG?): 64006287 (89.72%)
Alignment failed after alignment-aided overlap: 1 (0%)
Alignment failed: no CDR3 parts: 69873 (0.1%)
Alignment failed: low total score: 7257852 (10.17%)
Overlapped: 60045017 (84.17%)
Overlapped and aligned: 2141 (0%)
Overlapped and not aligned: 60042876 (84.17%)
Alignment-aided overlaps, percent of overlapped and aligned: 14 (0.65%)
No CDR3 parts alignments, percent of successfully aligned: 43 (1.93%)
Partial aligned reads, percent of successfully aligned: 2159 (97.03%)
J gene chimeras: 3 (0%)
Paired-end alignment conflicts eliminated: 1 (0%)
Realigned with forced non-floating bound: 22582470 (31.66%)
Realigned with forced non-floating right bound in left read: 3083 (0%)
Realigned with forced non-floating left bound in right read: 3083 (0%)
TRA chains: 373 (16.76%)
TRA non-functional: 2 (0.54%)
TRB chains: 328 (14.74%)
TRB non-functional: 0 (0%)
TRD chains: 23 (1.03%)
TRD non-functional: 0 (0%)
TRG chains: 84 (3.78%)
TRG non-functional: 0 (0%)
IGH chains: 746 (33.53%)
IGH non-functional: 0 (0%)
TRAD chains: 119 (5.35%)
TRAD non-functional: 0 (0%)
IGK chains: 234 (10.52%)
IGK non-functional: 0 (0%)
IGL chains: 318 (14.29%)
IGL non-functional: 0 (0%)
Trimming report:
  R1 reads trimmed left: 67958 (0.1%)
  R1 reads trimmed right: 71449 (0.1%)
  Average R1 nucleotides trimmed left: 0.016178299169631007
  Average R1 nucleotides trimmed right: 0.01743669185358499
  R2 reads trimmed left: 67522 (0.09%)
  R2 reads trimmed right: 69551 (0.1%)
  Average R2 nucleotides trimmed left: 0.015944547005688748
  Average R2 nucleotides trimmed right: 0.01703236719603857

>>>>>>>>>>>>>>>>>> mixcr assemblePartial <<<<<<<<<<<<<<<<<<
Running:
mixcr assemblePartial --report /projects/rpci/songyao/pnfioric/arc_project/airr_calculation/tcr_quant/results/mixcr_RS-04378613.assemblePartial.report.txt --json-report /projects/rpci/songyao/pnfioric/arc_project/airr_calculation/tcr_quant/results/mixcr_RS-04378613.assemblePartial.report.json /projects/rpci/songyao/pnfioric/arc_project/airr_calculation/tcr_quant/results/mixcr_RS-04378613.alignments.vdjca /projects/rpci/songyao/pnfioric/arc_project/airr_calculation/tcr_quant/results/mixcr_RS-04378613.passembled.1.vdjca
Building index: 0%
Searching for overlaps: 0%
================= report: assemblePartial =================
Analysis time: 251ms
Total alignments analysed: 2225
Number of output alignments: 2223 (99.91%)
Alignments already with CDR3 (no overlapping is performed): 27 (1.21%)
Successfully overlapped alignments: 2 (0.09%)
Left parts with too small N-region (failed to extract k-mer): 258 (11.6%)
Extracted k-mer diversity: 7673
Dropped due to wildcard in k-mer: 0 (0%)
Dropped due to too short NRegion parts in overlap: 0 (0%)
Dropped overlaps with empty N region due to no complete NDN coverage: 0 (0%)
Number of left-side alignments: 824 (37.03%)
Number of right-side alignments: 1119 (50.29%)
Complex overlaps: 0 (0%)
Over-overlaps: 0 (0%)
Partial alignments written to output: 2194 (98.61%)

>>>>>>>>>>>>>>>>>> mixcr assemblePartial <<<<<<<<<<<<<<<<<<
Running:
mixcr assemblePartial --report /projects/rpci/songyao/pnfioric/arc_project/airr_calculation/tcr_quant/results/mixcr_RS-04378613.assemblePartial.report.txt --json-report /projects/rpci/songyao/pnfioric/arc_project/airr_calculation/tcr_quant/results/mixcr_RS-04378613.assemblePartial.report.json /projects/rpci/songyao/pnfioric/arc_project/airr_calculation/tcr_quant/results/mixcr_RS-04378613.passembled.1.vdjca /projects/rpci/songyao/pnfioric/arc_project/airr_calculation/tcr_quant/results/mixcr_RS-04378613.passembled.2.vdjca
Building index: 0%
Searching for overlaps: 0.2%
================= report: assemblePartial =================
Analysis time: 120ms
Total alignments analysed: 2223
Number of output alignments: 2223 (100%)
Alignments already with CDR3 (no overlapping is performed): 29 (1.3%)
Successfully overlapped alignments: 0 (0%)
Left parts with too small N-region (failed to extract k-mer): 258 (11.61%)
Extracted k-mer diversity: 7662
Dropped due to wildcard in k-mer: 0 (0%)
Dropped due to too short NRegion parts in overlap: 0 (0%)
Dropped overlaps with empty N region due to no complete NDN coverage: 0 (0%)
Number of left-side alignments: 822 (36.98%)
Number of right-side alignments: 1117 (50.25%)
Complex overlaps: 0 (0%)
Over-overlaps: 0 (0%)
Partial alignments written to output: 2194 (98.7%)

>>>>>>>>>>>>>>>>>>>>>>> mixcr extend <<<<<<<<<<<<<<<<<<<<<<<
Running:
mixcr extend --report /projects/rpci/songyao/pnfioric/arc_project/airr_calculation/tcr_quant/results/mixcr_RS-04378613.extend.report.txt --json-report /projects/rpci/songyao/pnfioric/arc_project/airr_calculation/tcr_quant/results/mixcr_RS-04378613.extend.report.json --threads 12 /projects/rpci/songyao/pnfioric/arc_project/airr_calculation/tcr_quant/results/mixcr_RS-04378613.passembled.2.vdjca /projects/rpci/songyao/pnfioric/arc_project/airr_calculation/tcr_quant/results/mixcr_RS-04378613.extended.vdjca
Extending alignments: 0%
====================== report: extend ======================
Analysis time: 24ms
Extended alignments count: 3 (0.13%)
V extensions total: 0 (0%)
V extensions with merged targets: 0 (0%)
J extensions total: 3 (0.13%)
J extensions with merged targets: 0 (0%)
V+J extensions: 0 (0%)
Mean V extension length: NaN
Mean J extension length: 14.0

>>>>>>>>>>>>>>>>>>>>>> mixcr assemble <<<<<<<<<<<<<<<<<<<<<<
Running:
mixcr assemble --report /projects/rpci/songyao/pnfioric/arc_project/airr_calculation/tcr_quant/results/mixcr_RS-04378613.assemble.report.txt --json-report /projects/rpci/songyao/pnfioric/arc_project/airr_calculation/tcr_quant/results/mixcr_RS-04378613.assemble.report.json /projects/rpci/songyao/pnfioric/arc_project/airr_calculation/tcr_quant/results/mixcr_RS-04378613.extended.vdjca /projects/rpci/songyao/pnfioric/arc_project/airr_calculation/tcr_quant/results/mixcr_RS-04378613.clna
Initialization: progress unknown
Initialization: progress unknown
===================== report: assemble =====================
Analysis time: 303ms
Final clonotype count: 13
Reads used in clonotypes, percent of total: 29 (0%)
Average number of reads per clonotype: 2.23
Reads dropped due to the lack of a clone sequence, percent of total: 2195 (0%)
Reads dropped due to a too short clonal sequence, percent of total: 0 (0%)
Reads dropped due to low quality, percent of total: 0 (0%)
Reads dropped due to failed mapping, percent of total: 1 (0%)
Reads dropped with low quality clones, percent of total: 0 (0%)
Aligned reads processed: 30
Reads used in clonotypes before clustering, percent of total: 29 (0%)
Number of reads used as a core, percent of used: 29 (100%)
Mapped low quality reads, percent of used: 0 (0%)
Reads clustered in PCR error correction, percent of used: 0 (0%)
Reads pre-clustered due to the similar VJC-lists, percent of used: 0 (0%)
Clonotypes dropped as low quality: 0
Clonotypes eliminated by PCR error correction: 0
Clonotypes pre-clustered due to the similar VJC-lists: 0
Clones dropped in post filtering: 0 (0%)
Reads dropped in post filtering: 0.0 (0%)
Reads filtered by tag prefix: 0 (0%)
TRA chains: 2 (15.38%)
TRA non-functional: 1 (50%)
TRB chains: 1 (7.69%)
TRB non-functional: 0 (0%)
IGK chains: 6 (46.15%)
IGK non-functional: 0 (0%)
IGL chains: 4 (30.77%)
IGL non-functional: 0 (0%)

>>>>>>>>>>>>>>>>>> mixcr assembleContigs <<<<<<<<<<<<<<<<<<
Running:
mixcr assembleContigs --report /projects/rpci/songyao/pnfioric/arc_project/airr_calculation/tcr_quant/results/mixcr_RS-04378613.assembleContigs.report.txt --json-report /projects/rpci/songyao/pnfioric/arc_project/airr_calculation/tcr_quant/results/mixcr_RS-04378613.assembleContigs.report.json --threads 12 /projects/rpci/songyao/pnfioric/arc_project/airr_calculation/tcr_quant/results/mixcr_RS-04378613.clna /projects/rpci/songyao/pnfioric/arc_project/airr_calculation/tcr_quant/results/mixcr_RS-04378613.contigs.clns
Assembling contigs: 0%
================= report: assembleContigs =================
Analysis time: 106ms
Initial clonotype count: 13
Final clonotype count: 13 (100%)
Canceled assemblies: 0 (0%)
Clones filtered out after assemble: 0 (0%)
Number of premature termination assembly events, percent of number of initial clonotypes: 0.0 (0%)
Longest contig length: 233
Clustered variants: 0 (0%)
Reads in clustered variants: 0.0 (0%)
Reads in divided (newly created) clones: 0.0 (0%)
Clones with ambiguous letters in splitting region: 0 (0%)
Reads in clones with ambiguous letters in splitting region: 0.0 (0%)
Average number of ambiguous letters per clone with ambiguous letters in splitting region: NaN
Clones combined after clustering: 0 (0%)

>>>>>>>>>>>>>>>>>>>>>>>>> mixcr qc <<<<<<<<<<<<<<<<<<<<<<<<<
Running:
mixcr qc --print-to-stdout /projects/rpci/songyao/pnfioric/arc_project/airr_calculation/tcr_quant/results/mixcr_RS-04378613.contigs.clns /projects/rpci/songyao/pnfioric/arc_project/airr_calculation/tcr_quant/results/mixcr_RS-04378613.qc.txt /projects/rpci/songyao/pnfioric/arc_project/airr_calculation/tcr_quant/results/mixcr_RS-04378613.qc.json

  Alignments dropped due to low sequence quality: 0.0% [OK]

>>>>>>>>>>>>>>>>>>>> mixcr exportClones <<<<<<<<<<<<<<<<<<<<
Running:
mixcr exportClones /projects/rpci/songyao/pnfioric/arc_project/airr_calculation/tcr_quant/results/mixcr_RS-04378613.contigs.clns /projects/rpci/songyao/pnfioric/arc_project/airr_calculation/tcr_quant/results/mixcr_RS-04378613.clones.tsv
Analysis finished successfully.
===============================
Visualize results and simplify your immune data analysis with a convenient UI.
Explore and install Platforma.bio here: https://platforma.bio
