Exporting TRB
Exporting clones: 5.6%
Filtered 18 of 1014 clones (98.22%).
Filtered 56.0 of 8248.0 reads (99.32%).
Exporting TRA
Exporting clones: 9.1%
Filtered 11 of 1014 clones (98.92%).
Filtered 22.0 of 8248.0 reads (99.73%).
Exporting IGH
Exporting clones: 0.3%
Filtered 303 of 1014 clones (70.12%).
Filtered 1647.0 of 8248.0 reads (80.03%).
Exporting TRG
Exporting clones: 100%
Filtered 2 of 1014 clones (99.8%).
Filtered 4.0 of 8248.0 reads (99.95%).
Exporting IGL
Exporting clones: 0.5%
Filtered 184 of 1014 clones (81.85%).
Filtered 1342.0 of 8248.0 reads (83.73%).
Exporting IGK
Exporting clones: 0.2%
Filtered 496 of 1014 clones (51.08%).
Filtered 5177.0 of 8248.0 reads (37.23%).
