Exporting TRB
Exporting clones: 50%
Filtered 2 of 165 clones (98.79%).
Filtered 2.0 of 320.0 reads (99.38%).
Exporting IGH
Exporting clones: 2.3%
Filtered 43 of 165 clones (73.94%).
Filtered 76.0 of 320.0 reads (76.25%).
Exporting TRG
Exporting clones: 50%
Filtered 2 of 165 clones (98.79%).
Filtered 2.0 of 320.0 reads (99.38%).
Exporting IGL
Exporting clones: 4.8%
Filtered 21 of 165 clones (87.27%).
Filtered 43.0 of 320.0 reads (86.56%).
Exporting IGK
Exporting clones: 1%
Filtered 97 of 165 clones (41.21%).
Filtered 197.0 of 320.0 reads (38.44%).
