Exporting TRB
Exporting clones: 14.3%
Filtered 7 of 1120 clones (99.38%).
Filtered 7.0 of 4927.0 reads (99.86%).
Exporting TRA
Exporting clones: 14.3%
Filtered 7 of 1120 clones (99.38%).
Filtered 10.0 of 4927.0 reads (99.8%).
Exporting IGH
Exporting clones: 0.3%
Filtered 300 of 1120 clones (73.21%).
Filtered 1025.0 of 4927.0 reads (79.2%).
Exporting TRG
Exporting clones: 33.3%
Filtered 3 of 1120 clones (99.73%).
Filtered 15.0 of 4927.0 reads (99.7%).
Exporting IGL
Exporting clones: 0.5%
Filtered 200 of 1120 clones (82.14%).
Filtered 741.0 of 4927.0 reads (84.96%).
Exporting IGK
Exporting clones: 0.2%
Filtered 603 of 1120 clones (46.16%).
Filtered 3129.0 of 4927.0 reads (36.49%).
