Exporting TRB
Exporting clones: 10%
Filtered 10 of 1426 clones (99.3%).
Filtered 18.0 of 2581.0 reads (99.3%).
Exporting TRA
Exporting clones: 6.7%
Filtered 15 of 1426 clones (98.95%).
Filtered 24.0 of 2581.0 reads (99.07%).
Exporting IGH
Exporting clones: 0.3%
Filtered 363 of 1426 clones (74.54%).
Filtered 624.0 of 2581.0 reads (75.82%).
Exporting TRG
Exporting clones: 66.7%
Filtered 3 of 1426 clones (99.79%).
Filtered 3.0 of 2581.0 reads (99.88%).
Exporting IGL
Exporting clones: 0.3%
Filtered 373 of 1426 clones (73.84%).
Filtered 703.0 of 2581.0 reads (72.76%).
Exporting IGK
Exporting clones: 0.3%
Filtered 662 of 1426 clones (53.58%).
Filtered 1209.0 of 2581.0 reads (53.16%).
