WARNING: sun.reflect.Reflection.getCallerClass is not supported. This will impact performance.

>>>>>>>>>>>>>>>>>>>>>>> mixcr align <<<<<<<<<<<<<<<<<<<<<<<
Running:
mixcr align --report /projects/rpci/songyao/pnfioric/arc_project/airr_calculation/tcr_quant/results/mixcr_RS-04212079.align.report.txt --json-report /projects/rpci/songyao/pnfioric/arc_project/airr_calculation/tcr_quant/results/mixcr_RS-04212079.align.report.json --threads 12 --preset rna-seq --save-output-file-names /projects/rpci/songyao/pnfioric/arc_project/airr_calculation/tcr_quant/results/mixcr_RS-04212079.align.list.tsv --species hsa /projects/rpci/songyao/pnfioric/arc_project/airr_calculation/fastq_files/RS-04212079/RS-04417051_L-085-7-95-D9_RS-04212079_S55_R1_001.fastq.gz /projects/rpci/songyao/pnfioric/arc_project/airr_calculation/fastq_files/RS-04212079/RS-04417051_L-085-7-95-D9_RS-04212079_S55_R2_001.fastq.gz /projects/rpci/songyao/pnfioric/arc_project/airr_calculation/tcr_quant/results/mixcr_RS-04212079.alignments.vdjca
Alignment: 0%
Alignment: 5%  ETA: 00:38:02
Alignment: 10.1%  ETA: 00:35:17
Alignment: 15.2%  ETA: 00:32:57
Alignment: 20.4%  ETA: 00:30:37
Alignment: 25.6%  ETA: 00:28:38
Alignment: 30.8%  ETA: 00:26:54
Alignment: 35.9%  ETA: 00:24:54
Alignment: 41%  ETA: 00:23:09
Alignment: 46.2%  ETA: 00:20:56
Alignment: 51.3%  ETA: 00:18:55
Alignment: 56.4%  ETA: 00:17:06
Alignment: 61.4%  ETA: 00:15:17
Alignment: 66.6%  ETA: 00:12:50
Alignment: 71.8%  ETA: 00:10:58
Alignment: 76.8%  ETA: 00:09:11
Alignment: 81.9%  ETA: 00:07:11
Alignment: 86.9%  ETA: 00:05:10
Alignment: 92%  ETA: 00:03:11
Alignment: 97.1%  ETA: 00:01:07
====================== report: align ======================
Analysis time: 39.16m
Total sequencing reads: 44545750
Successfully aligned reads: 4157 (0.01%)
Coverage (percent of successfully aligned):
  CDR3: 0 (0%)
  FR3_TO_FR4: 0 (0%)
  CDR2_TO_FR4: 0 (0%)
  FR2_TO_FR4: 0 (0%)
  CDR1_TO_FR4: 0 (0%)
  VDJRegion: 0 (0%)
Alignment failed: no hits (not TCR/IG?): 43034087 (96.61%)
Alignment failed: no CDR3 parts: 31765 (0.07%)
Alignment failed: low total score: 1475741 (3.31%)
Overlapped: 18878103 (42.38%)
Overlapped and aligned: 2457 (0.01%)
Overlapped and not aligned: 18875646 (42.37%)
Alignment-aided overlaps, percent of overlapped and aligned: 0 (0%)
Partial aligned reads, percent of successfully aligned: 4157 (100%)
V gene chimeras: 38 (0%)
Realigned with forced non-floating bound: 51335294 (115.24%)
Realigned with forced non-floating right bound in left read: 2874 (0.01%)
Realigned with forced non-floating left bound in right read: 2874 (0.01%)
TRA chains: 314 (7.55%)
TRA non-functional: 0 (0%)
TRB chains: 274 (6.59%)
TRB non-functional: 0 (0%)
TRD chains: 391 (9.41%)
TRD non-functional: 0 (0%)
TRAD chains: 207 (4.98%)
TRAD non-functional: 0 (0%)
IGH chains: 1952 (46.96%)
IGH non-functional: 0 (0%)
IGK chains: 88 (2.12%)
IGK non-functional: 0 (0%)
IGL chains: 931 (22.4%)
IGL non-functional: 0 (0%)
Trimming report:
  R1 reads trimmed left: 9040538 (20.29%)
  R1 reads trimmed right: 9126741 (20.49%)
  Average R1 nucleotides trimmed left: 3.450137038886987
  Average R1 nucleotides trimmed right: 3.6653597705729504
  R2 reads trimmed left: 8829646 (19.82%)
  R2 reads trimmed right: 8920091 (20.02%)
  Average R2 nucleotides trimmed left: 3.3695946077908667
  Average R2 nucleotides trimmed right: 3.579986822536381

>>>>>>>>>>>>>>>>>> mixcr assemblePartial <<<<<<<<<<<<<<<<<<
Running:
mixcr assemblePartial --report /projects/rpci/songyao/pnfioric/arc_project/airr_calculation/tcr_quant/results/mixcr_RS-04212079.assemblePartial.report.txt --json-report /projects/rpci/songyao/pnfioric/arc_project/airr_calculation/tcr_quant/results/mixcr_RS-04212079.assemblePartial.report.json /projects/rpci/songyao/pnfioric/arc_project/airr_calculation/tcr_quant/results/mixcr_RS-04212079.alignments.vdjca /projects/rpci/songyao/pnfioric/arc_project/airr_calculation/tcr_quant/results/mixcr_RS-04212079.passembled.1.vdjca
Building index: 0%
Searching for overlaps: 0%
================= report: assemblePartial =================
Analysis time: 300ms
Total alignments analysed: 4157
Number of output alignments: 4157 (100%)
Alignments already with CDR3 (no overlapping is performed): 0 (0%)
Successfully overlapped alignments: 0 (0%)
Left parts with too small N-region (failed to extract k-mer): 1085 (26.1%)
Extracted k-mer diversity: 1160
Dropped due to wildcard in k-mer: 0 (0%)
Dropped due to too short NRegion parts in overlap: 0 (0%)
Dropped overlaps with empty N region due to no complete NDN coverage: 0 (0%)
Number of left-side alignments: 2367 (56.94%)
Number of right-side alignments: 918 (22.08%)
Complex overlaps: 0 (0%)
Over-overlaps: 0 (0%)
Partial alignments written to output: 4157 (100%)

>>>>>>>>>>>>>>>>>> mixcr assemblePartial <<<<<<<<<<<<<<<<<<
Running:
mixcr assemblePartial --report /projects/rpci/songyao/pnfioric/arc_project/airr_calculation/tcr_quant/results/mixcr_RS-04212079.assemblePartial.report.txt --json-report /projects/rpci/songyao/pnfioric/arc_project/airr_calculation/tcr_quant/results/mixcr_RS-04212079.assemblePartial.report.json /projects/rpci/songyao/pnfioric/arc_project/airr_calculation/tcr_quant/results/mixcr_RS-04212079.passembled.1.vdjca /projects/rpci/songyao/pnfioric/arc_project/airr_calculation/tcr_quant/results/mixcr_RS-04212079.passembled.2.vdjca
Building index: 0%
Searching for overlaps: 0.1%
================= report: assemblePartial =================
Analysis time: 130ms
Total alignments analysed: 4157
Number of output alignments: 4157 (100%)
Alignments already with CDR3 (no overlapping is performed): 0 (0%)
Successfully overlapped alignments: 0 (0%)
Left parts with too small N-region (failed to extract k-mer): 1085 (26.1%)
Extracted k-mer diversity: 1160
Dropped due to wildcard in k-mer: 0 (0%)
Dropped due to too short NRegion parts in overlap: 0 (0%)
Dropped overlaps with empty N region due to no complete NDN coverage: 0 (0%)
Number of left-side alignments: 2367 (56.94%)
Number of right-side alignments: 918 (22.08%)
Complex overlaps: 0 (0%)
Over-overlaps: 0 (0%)
Partial alignments written to output: 4157 (100%)

>>>>>>>>>>>>>>>>>>>>>>> mixcr extend <<<<<<<<<<<<<<<<<<<<<<<
Running:
mixcr extend --report /projects/rpci/songyao/pnfioric/arc_project/airr_calculation/tcr_quant/results/mixcr_RS-04212079.extend.report.txt --json-report /projects/rpci/songyao/pnfioric/arc_project/airr_calculation/tcr_quant/results/mixcr_RS-04212079.extend.report.json --threads 12 /projects/rpci/songyao/pnfioric/arc_project/airr_calculation/tcr_quant/results/mixcr_RS-04212079.passembled.2.vdjca /projects/rpci/songyao/pnfioric/arc_project/airr_calculation/tcr_quant/results/mixcr_RS-04212079.extended.vdjca
Extending alignments: 0%
====================== report: extend ======================
Analysis time: 83ms
Extended alignments count: 0 (0%)
V extensions total: 0 (0%)
V extensions with merged targets: 0 (0%)
J extensions total: 0 (0%)
J extensions with merged targets: 0 (0%)
V+J extensions: 0 (0%)
Mean V extension length: NaN
Mean J extension length: NaN

>>>>>>>>>>>>>>>>>>>>>> mixcr assemble <<<<<<<<<<<<<<<<<<<<<<
Running:
mixcr assemble --report /projects/rpci/songyao/pnfioric/arc_project/airr_calculation/tcr_quant/results/mixcr_RS-04212079.assemble.report.txt --json-report /projects/rpci/songyao/pnfioric/arc_project/airr_calculation/tcr_quant/results/mixcr_RS-04212079.assemble.report.json /projects/rpci/songyao/pnfioric/arc_project/airr_calculation/tcr_quant/results/mixcr_RS-04212079.extended.vdjca /projects/rpci/songyao/pnfioric/arc_project/airr_calculation/tcr_quant/results/mixcr_RS-04212079.clna
Initialization: progress unknown
Initialization: progress unknown
===================== report: assemble =====================
Analysis time: 314ms
Final clonotype count: 0
Reads used in clonotypes, percent of total: 0 (0%)
Average number of reads per clonotype: NaN
Reads dropped due to the lack of a clone sequence, percent of total: 4157 (0.01%)
Reads dropped due to a too short clonal sequence, percent of total: 0 (0%)
Reads dropped due to low quality, percent of total: 0 (0%)
Reads dropped due to failed mapping, percent of total: 0 (0%)
Reads dropped with low quality clones, percent of total: 0 (0%)
Aligned reads processed: 0
Reads used in clonotypes before clustering, percent of total: 0 (0%)
Number of reads used as a core, percent of used: 0 (NaN%)
Mapped low quality reads, percent of used: 0 (NaN%)
Reads clustered in PCR error correction, percent of used: 0 (NaN%)
Reads pre-clustered due to the similar VJC-lists, percent of used: 0 (NaN%)
Clonotypes dropped as low quality: 0
Clonotypes eliminated by PCR error correction: 0
Clonotypes pre-clustered due to the similar VJC-lists: 0
Clones dropped in post filtering: 0 (NaN%)
Reads dropped in post filtering: 0.0 (0%)
Reads filtered by tag prefix: 0 (0%)

>>>>>>>>>>>>>>>>>> mixcr assembleContigs <<<<<<<<<<<<<<<<<<
Running:
mixcr assembleContigs --report /projects/rpci/songyao/pnfioric/arc_project/airr_calculation/tcr_quant/results/mixcr_RS-04212079.assembleContigs.report.txt --json-report /projects/rpci/songyao/pnfioric/arc_project/airr_calculation/tcr_quant/results/mixcr_RS-04212079.assembleContigs.report.json --threads 12 /projects/rpci/songyao/pnfioric/arc_project/airr_calculation/tcr_quant/results/mixcr_RS-04212079.clna /projects/rpci/songyao/pnfioric/arc_project/airr_calculation/tcr_quant/results/mixcr_RS-04212079.contigs.clns
Assembling contigs: 0%
================= report: assembleContigs =================
Analysis time: 63ms
Initial clonotype count: 0
Final clonotype count: 0 (NaN%)
Canceled assemblies: 0 (NaN%)
Clones filtered out after assemble: 0 (NaN%)
Number of premature termination assembly events, percent of number of initial clonotypes: 0.0 (NaN%)
Longest contig length: 0
Clustered variants: 0 (NaN%)
Reads in clustered variants: 0.0 (NaN%)
Reads in divided (newly created) clones: 0.0 (NaN%)
Clones with ambiguous letters in splitting region: 0 (NaN%)
Reads in clones with ambiguous letters in splitting region: 0.0 (NaN%)
Average number of ambiguous letters per clone with ambiguous letters in splitting region: NaN
Clones combined after clustering: 0 (NaN%)

>>>>>>>>>>>>>>>>>>>>>>>>> mixcr qc <<<<<<<<<<<<<<<<<<<<<<<<<
Running:
mixcr qc --print-to-stdout /projects/rpci/songyao/pnfioric/arc_project/airr_calculation/tcr_quant/results/mixcr_RS-04212079.contigs.clns /projects/rpci/songyao/pnfioric/arc_project/airr_calculation/tcr_quant/results/mixcr_RS-04212079.qc.txt /projects/rpci/songyao/pnfioric/arc_project/airr_calculation/tcr_quant/results/mixcr_RS-04212079.qc.json

  Alignments dropped due to low sequence quality: 0.0% [OK]

>>>>>>>>>>>>>>>>>>>> mixcr exportClones <<<<<<<<<<<<<<<<<<<<
Running:
mixcr exportClones /projects/rpci/songyao/pnfioric/arc_project/airr_calculation/tcr_quant/results/mixcr_RS-04212079.contigs.clns /projects/rpci/songyao/pnfioric/arc_project/airr_calculation/tcr_quant/results/mixcr_RS-04212079.clones.tsv
Analysis finished successfully.
===============================
Visualize results and simplify your immune data analysis with a convenient UI.
Explore and install Platforma.bio here: https://platforma.bio
