Exporting TRB
Exporting clones: 3%
Filtered 33 of 2817 clones (98.83%).
Filtered 84.0 of 16809.0 reads (99.5%).
Exporting TRA
Exporting clones: 2.1%
Filtered 48 of 2817 clones (98.3%).
Filtered 91.0 of 16809.0 reads (99.46%).
Exporting IGH
Exporting clones: 0.1%
Filtered 939 of 2817 clones (66.67%).
Filtered 4533.0 of 16809.0 reads (73.03%).
Exporting TRG
Exporting clones: 27.8%
Filtered 18 of 2817 clones (99.36%).
Filtered 49.0 of 16809.0 reads (99.71%).
Exporting IGL
Exporting clones: 0.6%
Filtered 678 of 2817 clones (75.93%).
Filtered 4939.0 of 16809.0 reads (70.62%).
Exporting IGK
Exporting clones: 0.4%
Filtered 1101 of 2817 clones (60.92%).
Filtered 7113.0 of 16809.0 reads (57.68%).
