WARNING: sun.reflect.Reflection.getCallerClass is not supported. This will impact performance.

>>>>>>>>>>>>>>>>>>>>>>> mixcr align <<<<<<<<<<<<<<<<<<<<<<<
Running:
mixcr align --report /projects/rpci/songyao/pnfioric/arc_project/airr_calculation/tcr_quant/results/mixcr_RS-03726102.align.report.txt --json-report /projects/rpci/songyao/pnfioric/arc_project/airr_calculation/tcr_quant/results/mixcr_RS-03726102.align.report.json --threads 12 --preset rna-seq --save-output-file-names /projects/rpci/songyao/pnfioric/arc_project/airr_calculation/tcr_quant/results/mixcr_RS-03726102.align.list.tsv --species hsa /projects/rpci/songyao/pnfioric/arc_project/airr_calculation/fastq_files/RS-03726102/RS-04417020_WCRS06015763-A2_RS-03726102_S29_R1_001.fastq.gz /projects/rpci/songyao/pnfioric/arc_project/airr_calculation/fastq_files/RS-03726102/RS-04417020_WCRS06015763-A2_RS-03726102_S29_R2_001.fastq.gz /projects/rpci/songyao/pnfioric/arc_project/airr_calculation/tcr_quant/results/mixcr_RS-03726102.alignments.vdjca
Alignment: 0%
Alignment: 5.2%  ETA: 00:36:08
Alignment: 10.5%  ETA: 00:33:44
Alignment: 15.8%  ETA: 00:31:55
Alignment: 21.2%  ETA: 00:29:23
Alignment: 26.5%  ETA: 00:27:53
Alignment: 31.7%  ETA: 00:25:53
Alignment: 37%  ETA: 00:23:53
Alignment: 42.3%  ETA: 00:21:45
Alignment: 47.6%  ETA: 00:19:45
Alignment: 52.9%  ETA: 00:17:58
Alignment: 58.1%  ETA: 00:15:52
Alignment: 63.4%  ETA: 00:13:57
Alignment: 68.7%  ETA: 00:11:53
Alignment: 73.9%  ETA: 00:09:53
Alignment: 79.2%  ETA: 00:07:56
Alignment: 84.4%  ETA: 00:05:53
Alignment: 89.8%  ETA: 00:03:51
Alignment: 95%  ETA: 00:01:53
====================== report: align ======================
Analysis time: 37.88m
Total sequencing reads: 65092586
Successfully aligned reads: 24843 (0.04%)
Coverage (percent of successfully aligned):
  CDR3: 8839 (35.58%)
  FR3_TO_FR4: 18 (0.07%)
  CDR2_TO_FR4: 10 (0.04%)
  FR2_TO_FR4: 0 (0%)
  CDR1_TO_FR4: 0 (0%)
  VDJRegion: 1 (0%)
Alignment failed: no hits (not TCR/IG?): 63393741 (97.39%)
Alignment failed after alignment-aided overlap: 6 (0%)
Alignment failed: no CDR3 parts: 71468 (0.11%)
Alignment failed: low total score: 1602528 (2.46%)
Overlapped: 59622007 (91.6%)
Overlapped and aligned: 23643 (0.04%)
Overlapped and not aligned: 59598364 (91.56%)
Alignment-aided overlaps, percent of overlapped and aligned: 424 (1.79%)
No CDR3 parts alignments, percent of successfully aligned: 579 (2.33%)
Partial aligned reads, percent of successfully aligned: 15425 (62.09%)
V gene chimeras: 1 (0%)
Paired-end alignment conflicts eliminated: 1 (0%)
Realigned with forced non-floating bound: 10942006 (16.81%)
Realigned with forced non-floating right bound in left read: 942 (0%)
Realigned with forced non-floating left bound in right read: 942 (0%)
TRA chains: 143 (0.58%)
TRA non-functional: 0 (0%)
TRB chains: 74 (0.3%)
TRB non-functional: 0 (0%)
TRD chains: 1 (0%)
TRD non-functional: 1 (100%)
TRG chains: 23 (0.09%)
TRG non-functional: 0 (0%)
IGH chains: 9612 (38.69%)
IGH non-functional: 34 (0.35%)
TRAD chains: 9 (0.04%)
TRAD non-functional: 0 (0%)
IGK chains: 11102 (44.69%)
IGK non-functional: 112 (1.01%)
IGL chains: 3879 (15.61%)
IGL non-functional: 2 (0.05%)
Trimming report:
  R1 reads trimmed left: 55146 (0.08%)
  R1 reads trimmed right: 57475 (0.09%)
  Average R1 nucleotides trimmed left: 0.014394742282938336
  Average R1 nucleotides trimmed right: 0.015444477808885946
  R2 reads trimmed left: 55477 (0.09%)
  R2 reads trimmed right: 58220 (0.09%)
  Average R2 nucleotides trimmed left: 0.014392514686695656
  Average R2 nucleotides trimmed right: 0.015399971972230447

>>>>>>>>>>>>>>>>>> mixcr assemblePartial <<<<<<<<<<<<<<<<<<
Running:
mixcr assemblePartial --report /projects/rpci/songyao/pnfioric/arc_project/airr_calculation/tcr_quant/results/mixcr_RS-03726102.assemblePartial.report.txt --json-report /projects/rpci/songyao/pnfioric/arc_project/airr_calculation/tcr_quant/results/mixcr_RS-03726102.assemblePartial.report.json /projects/rpci/songyao/pnfioric/arc_project/airr_calculation/tcr_quant/results/mixcr_RS-03726102.alignments.vdjca /projects/rpci/songyao/pnfioric/arc_project/airr_calculation/tcr_quant/results/mixcr_RS-03726102.passembled.1.vdjca
Building index: 0%
Searching for overlaps: 0%
Searching for overlaps: 80.8%  ETA: 00:00:00
================= report: assemblePartial =================
Analysis time: 1.43s
Total alignments analysed: 24843
Number of output alignments: 24398 (98.21%)
Alignments already with CDR3 (no overlapping is performed): 9035 (36.37%)
Successfully overlapped alignments: 445 (1.79%)
Left parts with too small N-region (failed to extract k-mer): 4208 (16.94%)
Extracted k-mer diversity: 7657
Dropped due to wildcard in k-mer: 0 (0%)
Dropped due to too short NRegion parts in overlap: 448 (1.8%)
Dropped overlaps with empty N region due to no complete NDN coverage: 5 (0.02%)
Number of left-side alignments: 3474 (13.98%)
Number of right-side alignments: 8177 (32.91%)
Complex overlaps: 0 (0%)
Over-overlaps: 0 (0%)
Partial alignments written to output: 14918 (60.05%)

>>>>>>>>>>>>>>>>>> mixcr assemblePartial <<<<<<<<<<<<<<<<<<
Running:
mixcr assemblePartial --report /projects/rpci/songyao/pnfioric/arc_project/airr_calculation/tcr_quant/results/mixcr_RS-03726102.assemblePartial.report.txt --json-report /projects/rpci/songyao/pnfioric/arc_project/airr_calculation/tcr_quant/results/mixcr_RS-03726102.assemblePartial.report.json /projects/rpci/songyao/pnfioric/arc_project/airr_calculation/tcr_quant/results/mixcr_RS-03726102.passembled.1.vdjca /projects/rpci/songyao/pnfioric/arc_project/airr_calculation/tcr_quant/results/mixcr_RS-03726102.passembled.2.vdjca
Building index: 0%
Searching for overlaps: 0%
================= report: assemblePartial =================
Analysis time: 1.09s
Total alignments analysed: 24398
Number of output alignments: 24396 (99.99%)
Alignments already with CDR3 (no overlapping is performed): 9470 (38.81%)
Successfully overlapped alignments: 2 (0.01%)
Left parts with too small N-region (failed to extract k-mer): 4207 (17.24%)
Extracted k-mer diversity: 7329
Dropped due to wildcard in k-mer: 0 (0%)
Dropped due to too short NRegion parts in overlap: 414 (1.7%)
Dropped overlaps with empty N region due to no complete NDN coverage: 4 (0.02%)
Number of left-side alignments: 3037 (12.45%)
Number of right-side alignments: 7731 (31.69%)
Complex overlaps: 0 (0%)
Over-overlaps: 2 (0.01%)
Partial alignments written to output: 14924 (61.17%)

>>>>>>>>>>>>>>>>>>>>>>> mixcr extend <<<<<<<<<<<<<<<<<<<<<<<
Running:
mixcr extend --report /projects/rpci/songyao/pnfioric/arc_project/airr_calculation/tcr_quant/results/mixcr_RS-03726102.extend.report.txt --json-report /projects/rpci/songyao/pnfioric/arc_project/airr_calculation/tcr_quant/results/mixcr_RS-03726102.extend.report.json --threads 12 /projects/rpci/songyao/pnfioric/arc_project/airr_calculation/tcr_quant/results/mixcr_RS-03726102.passembled.2.vdjca /projects/rpci/songyao/pnfioric/arc_project/airr_calculation/tcr_quant/results/mixcr_RS-03726102.extended.vdjca
Extending alignments: 0%
====================== report: extend ======================
Analysis time: 279ms
Extended alignments count: 9 (0.04%)
V extensions total: 0 (0%)
V extensions with merged targets: 0 (0%)
J extensions total: 9 (0.04%)
J extensions with merged targets: 0 (0%)
V+J extensions: 0 (0%)
Mean V extension length: NaN
Mean J extension length: 15.0

>>>>>>>>>>>>>>>>>>>>>> mixcr assemble <<<<<<<<<<<<<<<<<<<<<<
Running:
mixcr assemble --report /projects/rpci/songyao/pnfioric/arc_project/airr_calculation/tcr_quant/results/mixcr_RS-03726102.assemble.report.txt --json-report /projects/rpci/songyao/pnfioric/arc_project/airr_calculation/tcr_quant/results/mixcr_RS-03726102.assemble.report.json /projects/rpci/songyao/pnfioric/arc_project/airr_calculation/tcr_quant/results/mixcr_RS-03726102.extended.vdjca /projects/rpci/songyao/pnfioric/arc_project/airr_calculation/tcr_quant/results/mixcr_RS-03726102.clna
Initialization: progress unknown
Initialization: progress unknown
Writing alignments: 86.7%
===================== report: assemble =====================
Analysis time: 1.2s
Final clonotype count: 883
Reads used in clonotypes, percent of total: 9484 (0.01%)
Average number of reads per clonotype: 10.74
Reads dropped due to the lack of a clone sequence, percent of total: 15125 (0.02%)
Reads dropped due to a too short clonal sequence, percent of total: 0 (0%)
Reads dropped due to low quality, percent of total: 0 (0%)
Reads dropped due to failed mapping, percent of total: 70 (0%)
Reads dropped with low quality clones, percent of total: 0 (0%)
Aligned reads processed: 9718
Reads used in clonotypes before clustering, percent of total: 9648 (0.01%)
Number of reads used as a core, percent of used: 9573 (99.22%)
Mapped low quality reads, percent of used: 75 (0.78%)
Reads clustered in PCR error correction, percent of used: 164 (1.7%)
Reads pre-clustered due to the similar VJC-lists, percent of used: 0 (0%)
Clonotypes dropped as low quality: 0
Clonotypes eliminated by PCR error correction: 92
Clonotypes pre-clustered due to the similar VJC-lists: 0
Clones dropped in post filtering: 0 (0%)
Reads dropped in post filtering: 0.0 (0%)
Reads filtered by tag prefix: 0 (0%)
TRA chains: 1 (0.11%)
TRA non-functional: 0 (0%)
TRB chains: 2 (0.23%)
TRB non-functional: 0 (0%)
TRG chains: 1 (0.11%)
TRG non-functional: 0 (0%)
IGH chains: 341 (38.62%)
IGH non-functional: 10 (2.93%)
IGK chains: 392 (44.39%)
IGK non-functional: 28 (7.14%)
IGL chains: 146 (16.53%)
IGL non-functional: 2 (1.37%)

>>>>>>>>>>>>>>>>>> mixcr assembleContigs <<<<<<<<<<<<<<<<<<
Running:
mixcr assembleContigs --report /projects/rpci/songyao/pnfioric/arc_project/airr_calculation/tcr_quant/results/mixcr_RS-03726102.assembleContigs.report.txt --json-report /projects/rpci/songyao/pnfioric/arc_project/airr_calculation/tcr_quant/results/mixcr_RS-03726102.assembleContigs.report.json --threads 12 /projects/rpci/songyao/pnfioric/arc_project/airr_calculation/tcr_quant/results/mixcr_RS-03726102.clna /projects/rpci/songyao/pnfioric/arc_project/airr_calculation/tcr_quant/results/mixcr_RS-03726102.contigs.clns
Assembling contigs: 0%
================= report: assembleContigs =================
Analysis time: 889ms
Initial clonotype count: 883
Final clonotype count: 883 (100%)
Canceled assemblies: 0 (0%)
Clones filtered out after assemble: 0 (0%)
Number of premature termination assembly events, percent of number of initial clonotypes: 0.0 (0%)
Longest contig length: 410
Clustered variants: 0 (0%)
Reads in clustered variants: 0.0 (0%)
Reads in divided (newly created) clones: 0.0 (0%)
Clones with ambiguous letters in splitting region: 0 (0%)
Reads in clones with ambiguous letters in splitting region: 0.0 (0%)
Average number of ambiguous letters per clone with ambiguous letters in splitting region: NaN
Clones combined after clustering: 0 (0%)

>>>>>>>>>>>>>>>>>>>>>>>>> mixcr qc <<<<<<<<<<<<<<<<<<<<<<<<<
Running:
mixcr qc --print-to-stdout /projects/rpci/songyao/pnfioric/arc_project/airr_calculation/tcr_quant/results/mixcr_RS-03726102.contigs.clns /projects/rpci/songyao/pnfioric/arc_project/airr_calculation/tcr_quant/results/mixcr_RS-03726102.qc.txt /projects/rpci/songyao/pnfioric/arc_project/airr_calculation/tcr_quant/results/mixcr_RS-03726102.qc.json

  Alignments dropped due to low sequence quality: 0.0% [OK]

>>>>>>>>>>>>>>>>>>>> mixcr exportClones <<<<<<<<<<<<<<<<<<<<
Running:
mixcr exportClones /projects/rpci/songyao/pnfioric/arc_project/airr_calculation/tcr_quant/results/mixcr_RS-03726102.contigs.clns /projects/rpci/songyao/pnfioric/arc_project/airr_calculation/tcr_quant/results/mixcr_RS-03726102.clones.tsv
Analysis finished successfully.
===============================
Visualize results and simplify your immune data analysis with a convenient UI.
Explore and install Platforma.bio here: https://platforma.bio
