WARNING: sun.reflect.Reflection.getCallerClass is not supported. This will impact performance.

>>>>>>>>>>>>>>>>>>>>>>> mixcr align <<<<<<<<<<<<<<<<<<<<<<<
Running:
mixcr align --report /projects/rpci/songyao/pnfioric/arc_project/airr_calculation/tcr_quant/results/mixcr_RS-04367477.align.report.txt --json-report /projects/rpci/songyao/pnfioric/arc_project/airr_calculation/tcr_quant/results/mixcr_RS-04367477.align.report.json --threads 12 --preset rna-seq --save-output-file-names /projects/rpci/songyao/pnfioric/arc_project/airr_calculation/tcr_quant/results/mixcr_RS-04367477.align.list.tsv --species hsa /projects/rpci/songyao/pnfioric/arc_project/airr_calculation/fastq_files/RS-04367477/RS-04367477_OAKS08012383-B6_RS-04035265_S143_R1_001.fastq.gz /projects/rpci/songyao/pnfioric/arc_project/airr_calculation/fastq_files/RS-04367477/RS-04367477_OAKS08012383-B6_RS-04035265_S143_R2_001.fastq.gz /projects/rpci/songyao/pnfioric/arc_project/airr_calculation/tcr_quant/results/mixcr_RS-04367477.alignments.vdjca
Alignment: 0%
Alignment: 3%  ETA: 01:05:27
Alignment: 6%  ETA: 01:02:50
Alignment: 9%  ETA: 01:00:17
Alignment: 12.1%  ETA: 00:57:13
Alignment: 15%  ETA: 00:57:19
Alignment: 18%  ETA: 00:54:48
Alignment: 21%  ETA: 00:52:18
Alignment: 24%  ETA: 00:50:46
Alignment: 27%  ETA: 00:49:14
Alignment: 30%  ETA: 00:47:14
Alignment: 32.9%  ETA: 00:45:14
Alignment: 35.9%  ETA: 00:42:25
Alignment: 38.9%  ETA: 00:41:12
Alignment: 41.9%  ETA: 00:39:12
Alignment: 44.8%  ETA: 00:37:34
Alignment: 47.8%  ETA: 00:34:52
Alignment: 50.7%  ETA: 00:33:32
Alignment: 53.7%  ETA: 00:31:13
Alignment: 56.6%  ETA: 00:29:30
Alignment: 59.6%  ETA: 00:27:14
Alignment: 62.5%  ETA: 00:25:44
Alignment: 65.5%  ETA: 00:23:16
Alignment: 68.4%  ETA: 00:21:42
Alignment: 71.3%  ETA: 00:19:30
Alignment: 74.3%  ETA: 00:17:30
Alignment: 77.2%  ETA: 00:15:20
Alignment: 80.2%  ETA: 00:13:38
Alignment: 83.2%  ETA: 00:11:08
Alignment: 86.2%  ETA: 00:09:08
Alignment: 89.2%  ETA: 00:07:18
Alignment: 92.1%  ETA: 00:05:26
Alignment: 95%  ETA: 00:03:20
Alignment: 98%  ETA: 00:01:20
====================== report: align ======================
Analysis time: 67.42m
Total sequencing reads: 70280471
Successfully aligned reads: 12448 (0.02%)
Coverage (percent of successfully aligned):
  CDR3: 3230 (25.95%)
  FR3_TO_FR4: 23 (0.18%)
  CDR2_TO_FR4: 8 (0.06%)
  FR2_TO_FR4: 2 (0.02%)
  CDR1_TO_FR4: 0 (0%)
  VDJRegion: 0 (0%)
Alignment failed: no hits (not TCR/IG?): 68538587 (97.52%)
Alignment failed after alignment-aided overlap: 10 (0%)
Alignment failed: no CDR3 parts: 41680 (0.06%)
Alignment failed: low total score: 1687746 (2.4%)
Overlapped: 60736975 (86.42%)
Overlapped and aligned: 11297 (0.02%)
Overlapped and not aligned: 60725678 (86.4%)
Alignment-aided overlaps, percent of overlapped and aligned: 405 (3.59%)
No CDR3 parts alignments, percent of successfully aligned: 418 (3.36%)
Partial aligned reads, percent of successfully aligned: 8800 (70.69%)
V gene chimeras: 9 (0%)
Realigned with forced non-floating bound: 19087802 (27.16%)
Realigned with forced non-floating right bound in left read: 1258 (0%)
Realigned with forced non-floating left bound in right read: 1258 (0%)
TRA chains: 472 (3.79%)
TRA non-functional: 7 (1.48%)
TRB chains: 181 (1.45%)
TRB non-functional: 0 (0%)
TRG chains: 20 (0.16%)
TRG non-functional: 2 (10%)
IGH chains: 3519 (28.27%)
IGH non-functional: 22 (0.63%)
TRAD chains: 11 (0.09%)
TRAD non-functional: 0 (0%)
IGK chains: 3132 (25.16%)
IGK non-functional: 56 (1.79%)
IGL chains: 5113 (41.07%)
IGL non-functional: 23 (0.45%)
Trimming report:
  R1 reads trimmed left: 19176 (0.03%)
  R1 reads trimmed right: 20293 (0.03%)
  Average R1 nucleotides trimmed left: 0.00463747603512788
  Average R1 nucleotides trimmed right: 0.005060424253559712
  R2 reads trimmed left: 21173 (0.03%)
  R2 reads trimmed right: 22093 (0.03%)
  Average R2 nucleotides trimmed left: 0.004673375054643558
  Average R2 nucleotides trimmed right: 0.006099219226917247

>>>>>>>>>>>>>>>>>> mixcr assemblePartial <<<<<<<<<<<<<<<<<<
Running:
mixcr assemblePartial --report /projects/rpci/songyao/pnfioric/arc_project/airr_calculation/tcr_quant/results/mixcr_RS-04367477.assemblePartial.report.txt --json-report /projects/rpci/songyao/pnfioric/arc_project/airr_calculation/tcr_quant/results/mixcr_RS-04367477.assemblePartial.report.json /projects/rpci/songyao/pnfioric/arc_project/airr_calculation/tcr_quant/results/mixcr_RS-04367477.alignments.vdjca /projects/rpci/songyao/pnfioric/arc_project/airr_calculation/tcr_quant/results/mixcr_RS-04367477.passembled.1.vdjca
Building index: 0%
Searching for overlaps: 0%
================= report: assemblePartial =================
Analysis time: 1.21s
Total alignments analysed: 12448
Number of output alignments: 12143 (97.55%)
Alignments already with CDR3 (no overlapping is performed): 3383 (27.18%)
Successfully overlapped alignments: 305 (2.45%)
Left parts with too small N-region (failed to extract k-mer): 1560 (12.53%)
Extracted k-mer diversity: 6185
Dropped due to wildcard in k-mer: 0 (0%)
Dropped due to too short NRegion parts in overlap: 381 (3.06%)
Dropped overlaps with empty N region due to no complete NDN coverage: 0 (0%)
Number of left-side alignments: 1369 (11%)
Number of right-side alignments: 6194 (49.76%)
Complex overlaps: 0 (0%)
Over-overlaps: 0 (0%)
Partial alignments written to output: 8455 (67.92%)

>>>>>>>>>>>>>>>>>> mixcr assemblePartial <<<<<<<<<<<<<<<<<<
Running:
mixcr assemblePartial --report /projects/rpci/songyao/pnfioric/arc_project/airr_calculation/tcr_quant/results/mixcr_RS-04367477.assemblePartial.report.txt --json-report /projects/rpci/songyao/pnfioric/arc_project/airr_calculation/tcr_quant/results/mixcr_RS-04367477.assemblePartial.report.json /projects/rpci/songyao/pnfioric/arc_project/airr_calculation/tcr_quant/results/mixcr_RS-04367477.passembled.1.vdjca /projects/rpci/songyao/pnfioric/arc_project/airr_calculation/tcr_quant/results/mixcr_RS-04367477.passembled.2.vdjca
Building index: 0%
Searching for overlaps: 0%
================= report: assemblePartial =================
Analysis time: 463ms
Total alignments analysed: 12143
Number of output alignments: 12142 (99.99%)
Alignments already with CDR3 (no overlapping is performed): 3687 (30.36%)
Successfully overlapped alignments: 1 (0.01%)
Left parts with too small N-region (failed to extract k-mer): 1560 (12.85%)
Extracted k-mer diversity: 5798
Dropped due to wildcard in k-mer: 0 (0%)
Dropped due to too short NRegion parts in overlap: 283 (2.33%)
Dropped overlaps with empty N region due to no complete NDN coverage: 0 (0%)
Number of left-side alignments: 1065 (8.77%)
Number of right-side alignments: 5884 (48.46%)
Complex overlaps: 0 (0%)
Over-overlaps: 1 (0.01%)
Partial alignments written to output: 8454 (69.62%)

>>>>>>>>>>>>>>>>>>>>>>> mixcr extend <<<<<<<<<<<<<<<<<<<<<<<
Running:
mixcr extend --report /projects/rpci/songyao/pnfioric/arc_project/airr_calculation/tcr_quant/results/mixcr_RS-04367477.extend.report.txt --json-report /projects/rpci/songyao/pnfioric/arc_project/airr_calculation/tcr_quant/results/mixcr_RS-04367477.extend.report.json --threads 12 /projects/rpci/songyao/pnfioric/arc_project/airr_calculation/tcr_quant/results/mixcr_RS-04367477.passembled.2.vdjca /projects/rpci/songyao/pnfioric/arc_project/airr_calculation/tcr_quant/results/mixcr_RS-04367477.extended.vdjca
Extending alignments: 0%
====================== report: extend ======================
Analysis time: 189ms
Extended alignments count: 3 (0.02%)
V extensions total: 0 (0%)
V extensions with merged targets: 0 (0%)
J extensions total: 3 (0.02%)
J extensions with merged targets: 0 (0%)
V+J extensions: 0 (0%)
Mean V extension length: NaN
Mean J extension length: 9.0

>>>>>>>>>>>>>>>>>>>>>> mixcr assemble <<<<<<<<<<<<<<<<<<<<<<
Running:
mixcr assemble --report /projects/rpci/songyao/pnfioric/arc_project/airr_calculation/tcr_quant/results/mixcr_RS-04367477.assemble.report.txt --json-report /projects/rpci/songyao/pnfioric/arc_project/airr_calculation/tcr_quant/results/mixcr_RS-04367477.assemble.report.json /projects/rpci/songyao/pnfioric/arc_project/airr_calculation/tcr_quant/results/mixcr_RS-04367477.extended.vdjca /projects/rpci/songyao/pnfioric/arc_project/airr_calculation/tcr_quant/results/mixcr_RS-04367477.clna
Initialization: progress unknown
Initialization: progress unknown
Writing alignments: 89.6%
===================== report: assemble =====================
Analysis time: 1.38s
Final clonotype count: 718
Reads used in clonotypes, percent of total: 3734 (0.01%)
Average number of reads per clonotype: 5.2
Reads dropped due to the lack of a clone sequence, percent of total: 8609 (0.01%)
Reads dropped due to a too short clonal sequence, percent of total: 0 (0%)
Reads dropped due to low quality, percent of total: 0 (0%)
Reads dropped due to failed mapping, percent of total: 77 (0%)
Reads dropped with low quality clones, percent of total: 0 (0%)
Aligned reads processed: 3839
Reads used in clonotypes before clustering, percent of total: 3762 (0.01%)
Number of reads used as a core, percent of used: 3725 (99.02%)
Mapped low quality reads, percent of used: 37 (0.98%)
Reads clustered in PCR error correction, percent of used: 28 (0.74%)
Reads pre-clustered due to the similar VJC-lists, percent of used: 0 (0%)
Clonotypes dropped as low quality: 0
Clonotypes eliminated by PCR error correction: 26
Clonotypes pre-clustered due to the similar VJC-lists: 0
Clones dropped in post filtering: 0 (0%)
Reads dropped in post filtering: 0.0 (0%)
Reads filtered by tag prefix: 0 (0%)
TRA chains: 12 (1.67%)
TRA non-functional: 3 (25%)
TRB chains: 1 (0.14%)
TRB non-functional: 0 (0%)
TRG chains: 2 (0.28%)
TRG non-functional: 1 (50%)
IGH chains: 205 (28.55%)
IGH non-functional: 4 (1.95%)
IGK chains: 299 (41.64%)
IGK non-functional: 19 (6.35%)
IGL chains: 199 (27.72%)
IGL non-functional: 8 (4.02%)

>>>>>>>>>>>>>>>>>> mixcr assembleContigs <<<<<<<<<<<<<<<<<<
Running:
mixcr assembleContigs --report /projects/rpci/songyao/pnfioric/arc_project/airr_calculation/tcr_quant/results/mixcr_RS-04367477.assembleContigs.report.txt --json-report /projects/rpci/songyao/pnfioric/arc_project/airr_calculation/tcr_quant/results/mixcr_RS-04367477.assembleContigs.report.json --threads 12 /projects/rpci/songyao/pnfioric/arc_project/airr_calculation/tcr_quant/results/mixcr_RS-04367477.clna /projects/rpci/songyao/pnfioric/arc_project/airr_calculation/tcr_quant/results/mixcr_RS-04367477.contigs.clns
Assembling contigs: 0%
================= report: assembleContigs =================
Analysis time: 978ms
Initial clonotype count: 718
Final clonotype count: 718 (100%)
Canceled assemblies: 0 (0%)
Clones filtered out after assemble: 0 (0%)
Number of premature termination assembly events, percent of number of initial clonotypes: 0.0 (0%)
Longest contig length: 465
Clustered variants: 0 (0%)
Reads in clustered variants: 0.0 (0%)
Reads in divided (newly created) clones: 0.0 (0%)
Clones with ambiguous letters in splitting region: 0 (0%)
Reads in clones with ambiguous letters in splitting region: 0.0 (0%)
Average number of ambiguous letters per clone with ambiguous letters in splitting region: NaN
Clones combined after clustering: 0 (0%)

>>>>>>>>>>>>>>>>>>>>>>>>> mixcr qc <<<<<<<<<<<<<<<<<<<<<<<<<
Running:
mixcr qc --print-to-stdout /projects/rpci/songyao/pnfioric/arc_project/airr_calculation/tcr_quant/results/mixcr_RS-04367477.contigs.clns /projects/rpci/songyao/pnfioric/arc_project/airr_calculation/tcr_quant/results/mixcr_RS-04367477.qc.txt /projects/rpci/songyao/pnfioric/arc_project/airr_calculation/tcr_quant/results/mixcr_RS-04367477.qc.json

  Alignments dropped due to low sequence quality: 0.0% [OK]

>>>>>>>>>>>>>>>>>>>> mixcr exportClones <<<<<<<<<<<<<<<<<<<<
Running:
mixcr exportClones /projects/rpci/songyao/pnfioric/arc_project/airr_calculation/tcr_quant/results/mixcr_RS-04367477.contigs.clns /projects/rpci/songyao/pnfioric/arc_project/airr_calculation/tcr_quant/results/mixcr_RS-04367477.clones.tsv
Analysis finished successfully.
===============================
Visualize results and simplify your immune data analysis with a convenient UI.
Explore and install Platforma.bio here: https://platforma.bio
