Exporting TRB
Exporting clones: 100%
Filtered 1 of 718 clones (99.86%).
Filtered 4.0 of 3734.0 reads (99.89%).
Exporting TRA
Exporting clones: 8.3%
Filtered 12 of 718 clones (98.33%).
Filtered 20.0 of 3734.0 reads (99.46%).
Exporting IGH
Exporting clones: 0.5%
Filtered 205 of 718 clones (71.45%).
Filtered 713.0 of 3734.0 reads (80.91%).
Exporting TRG
Exporting clones: 50%
Filtered 2 of 718 clones (99.72%).
Filtered 3.0 of 3734.0 reads (99.92%).
Exporting IGL
Exporting clones: 0.5%
Filtered 199 of 718 clones (72.28%).
Filtered 1511.0 of 3734.0 reads (59.53%).
Exporting IGK
Exporting clones: 0.3%
Filtered 299 of 718 clones (58.36%).
Filtered 1483.0 of 3734.0 reads (60.28%).
