Exporting TRB
Exporting clones: 12.5%
Filtered 8 of 890 clones (99.1%).
Filtered 14.0 of 4158.0 reads (99.66%).
Exporting TRA
Exporting clones: 12.5%
Filtered 8 of 890 clones (99.1%).
Filtered 29.0 of 4158.0 reads (99.3%).
Exporting IGH
Exporting clones: 0.4%
Filtered 227 of 890 clones (74.49%).
Filtered 807.0 of 4158.0 reads (80.59%).
Exporting TRG
Exporting clones: 50%
Filtered 2 of 890 clones (99.78%).
Filtered 14.0 of 4158.0 reads (99.66%).
Exporting IGL
Exporting clones: 0.4%
Filtered 224 of 890 clones (74.83%).
Filtered 987.0 of 4158.0 reads (76.26%).
Exporting IGK
Exporting clones: 0.5%
Filtered 421 of 890 clones (52.7%).
Filtered 2307.0 of 4158.0 reads (44.52%).
