WARNING: sun.reflect.Reflection.getCallerClass is not supported. This will impact performance.

>>>>>>>>>>>>>>>>>>>>>>> mixcr align <<<<<<<<<<<<<<<<<<<<<<<
Running:
mixcr align --report /projects/rpci/songyao/pnfioric/arc_project/airr_calculation/tcr_quant/results/mixcr_RS-04367491.align.report.txt --json-report /projects/rpci/songyao/pnfioric/arc_project/airr_calculation/tcr_quant/results/mixcr_RS-04367491.align.report.json --threads 12 --preset rna-seq --save-output-file-names /projects/rpci/songyao/pnfioric/arc_project/airr_calculation/tcr_quant/results/mixcr_RS-04367491.align.list.tsv --species hsa /projects/rpci/songyao/pnfioric/arc_project/airr_calculation/fastq_files/RS-04367491/RS-04367491_ZS98-5939-B2_RS-04227207_S157_R1_001.fastq.gz /projects/rpci/songyao/pnfioric/arc_project/airr_calculation/fastq_files/RS-04367491/RS-04367491_ZS98-5939-B2_RS-04227207_S157_R2_001.fastq.gz /projects/rpci/songyao/pnfioric/arc_project/airr_calculation/tcr_quant/results/mixcr_RS-04367491.alignments.vdjca
Alignment: 0%
Alignment: 2.7%  ETA: 01:11:28
Alignment: 5.5%  ETA: 01:07:50
Alignment: 8.3%  ETA: 01:06:37
Alignment: 11.1%  ETA: 01:02:11
Alignment: 13.9%  ETA: 01:02:32
Alignment: 16.6%  ETA: 01:00:32
Alignment: 19.3%  ETA: 01:00:04
Alignment: 22.1%  ETA: 00:56:35
Alignment: 24.9%  ETA: 00:53:51
Alignment: 27.5%  ETA: 00:55:24
Alignment: 30.2%  ETA: 00:52:00
Alignment: 32.9%  ETA: 00:48:42
Alignment: 35.7%  ETA: 00:46:05
Alignment: 38.4%  ETA: 00:45:18
Alignment: 41.1%  ETA: 00:43:50
Alignment: 43.8%  ETA: 00:41:51
Alignment: 46.6%  ETA: 00:38:48
Alignment: 49.2%  ETA: 00:37:48
Alignment: 51.9%  ETA: 00:35:47
Alignment: 54.7%  ETA: 00:33:19
Alignment: 57.3%  ETA: 00:31:46
Alignment: 60%  ETA: 00:30:35
Alignment: 62.6%  ETA: 00:27:48
Alignment: 65.3%  ETA: 00:26:09
Alignment: 67.9%  ETA: 00:24:11
Alignment: 70.6%  ETA: 00:22:09
Alignment: 73.3%  ETA: 00:20:11
Alignment: 75.9%  ETA: 00:18:26
Alignment: 78.6%  ETA: 00:15:57
Alignment: 81.2%  ETA: 00:14:09
Alignment: 83.8%  ETA: 00:12:31
Alignment: 86.6%  ETA: 00:09:45
Alignment: 89.3%  ETA: 00:07:52
Alignment: 91.9%  ETA: 00:06:05
Alignment: 94.6%  ETA: 00:03:56
Alignment: 97.3%  ETA: 00:02:02
====================== report: align ======================
Analysis time: 74.02m
Total sequencing reads: 71688713
Successfully aligned reads: 1303 (0%)
Coverage (percent of successfully aligned):
  CDR3: 51 (3.91%)
  FR3_TO_FR4: 0 (0%)
  CDR2_TO_FR4: 0 (0%)
  FR2_TO_FR4: 0 (0%)
  CDR1_TO_FR4: 0 (0%)
  VDJRegion: 0 (0%)
Alignment failed: no hits (not TCR/IG?): 70857991 (98.84%)
Alignment failed: no CDR3 parts: 8167 (0.01%)
Alignment failed: low total score: 821252 (1.15%)
Overlapped: 41193715 (57.46%)
Overlapped and aligned: 968 (0%)
Overlapped and not aligned: 41192747 (57.46%)
Alignment-aided overlaps, percent of overlapped and aligned: 65 (6.71%)
No CDR3 parts alignments, percent of successfully aligned: 49 (3.76%)
Partial aligned reads, percent of successfully aligned: 1203 (92.33%)
V gene chimeras: 25 (0%)
J gene chimeras: 8 (0%)
Paired-end alignment conflicts eliminated: 1 (0%)
Realigned with forced non-floating bound: 60990126 (85.08%)
Realigned with forced non-floating right bound in left read: 584 (0%)
Realigned with forced non-floating left bound in right read: 584 (0%)
TRA chains: 133 (10.21%)
TRA non-functional: 8 (6.02%)
TRB chains: 136 (10.44%)
TRB non-functional: 0 (0%)
TRD chains: 5 (0.38%)
TRD non-functional: 0 (0%)
TRG chains: 30 (2.3%)
TRG non-functional: 0 (0%)
IGH chains: 420 (32.23%)
IGH non-functional: 0 (0%)
TRAD chains: 73 (5.6%)
TRAD non-functional: 0 (0%)
IGK chains: 272 (20.87%)
IGK non-functional: 0 (0%)
IGL chains: 234 (17.96%)
IGL non-functional: 0 (0%)
Trimming report:
  R1 reads trimmed left: 117314 (0.16%)
  R1 reads trimmed right: 121345 (0.17%)
  Average R1 nucleotides trimmed left: 0.027820795164784168
  Average R1 nucleotides trimmed right: 0.029798275218024906
  R2 reads trimmed left: 117855 (0.16%)
  R2 reads trimmed right: 121642 (0.17%)
  Average R2 nucleotides trimmed left: 0.027519687792414406
  Average R2 nucleotides trimmed right: 0.030493307921429697

>>>>>>>>>>>>>>>>>> mixcr assemblePartial <<<<<<<<<<<<<<<<<<
Running:
mixcr assemblePartial --report /projects/rpci/songyao/pnfioric/arc_project/airr_calculation/tcr_quant/results/mixcr_RS-04367491.assemblePartial.report.txt --json-report /projects/rpci/songyao/pnfioric/arc_project/airr_calculation/tcr_quant/results/mixcr_RS-04367491.assemblePartial.report.json /projects/rpci/songyao/pnfioric/arc_project/airr_calculation/tcr_quant/results/mixcr_RS-04367491.alignments.vdjca /projects/rpci/songyao/pnfioric/arc_project/airr_calculation/tcr_quant/results/mixcr_RS-04367491.passembled.1.vdjca
Building index: 0%
Searching for overlaps: 0.1%
================= report: assemblePartial =================
Analysis time: 202ms
Total alignments analysed: 1303
Number of output alignments: 1303 (100%)
Alignments already with CDR3 (no overlapping is performed): 51 (3.91%)
Successfully overlapped alignments: 0 (0%)
Left parts with too small N-region (failed to extract k-mer): 171 (13.12%)
Extracted k-mer diversity: 2669
Dropped due to wildcard in k-mer: 0 (0%)
Dropped due to too short NRegion parts in overlap: 0 (0%)
Dropped overlaps with empty N region due to no complete NDN coverage: 0 (0%)
Number of left-side alignments: 666 (51.11%)
Number of right-side alignments: 409 (31.39%)
Complex overlaps: 0 (0%)
Over-overlaps: 0 (0%)
Partial alignments written to output: 1252 (96.09%)

>>>>>>>>>>>>>>>>>> mixcr assemblePartial <<<<<<<<<<<<<<<<<<
Running:
mixcr assemblePartial --report /projects/rpci/songyao/pnfioric/arc_project/airr_calculation/tcr_quant/results/mixcr_RS-04367491.assemblePartial.report.txt --json-report /projects/rpci/songyao/pnfioric/arc_project/airr_calculation/tcr_quant/results/mixcr_RS-04367491.assemblePartial.report.json /projects/rpci/songyao/pnfioric/arc_project/airr_calculation/tcr_quant/results/mixcr_RS-04367491.passembled.1.vdjca /projects/rpci/songyao/pnfioric/arc_project/airr_calculation/tcr_quant/results/mixcr_RS-04367491.passembled.2.vdjca
Building index: 0%
Searching for overlaps: 0.6%
================= report: assemblePartial =================
Analysis time: 82ms
Total alignments analysed: 1303
Number of output alignments: 1303 (100%)
Alignments already with CDR3 (no overlapping is performed): 51 (3.91%)
Successfully overlapped alignments: 0 (0%)
Left parts with too small N-region (failed to extract k-mer): 171 (13.12%)
Extracted k-mer diversity: 2669
Dropped due to wildcard in k-mer: 0 (0%)
Dropped due to too short NRegion parts in overlap: 0 (0%)
Dropped overlaps with empty N region due to no complete NDN coverage: 0 (0%)
Number of left-side alignments: 666 (51.11%)
Number of right-side alignments: 409 (31.39%)
Complex overlaps: 0 (0%)
Over-overlaps: 0 (0%)
Partial alignments written to output: 1252 (96.09%)

>>>>>>>>>>>>>>>>>>>>>>> mixcr extend <<<<<<<<<<<<<<<<<<<<<<<
Running:
mixcr extend --report /projects/rpci/songyao/pnfioric/arc_project/airr_calculation/tcr_quant/results/mixcr_RS-04367491.extend.report.txt --json-report /projects/rpci/songyao/pnfioric/arc_project/airr_calculation/tcr_quant/results/mixcr_RS-04367491.extend.report.json --threads 12 /projects/rpci/songyao/pnfioric/arc_project/airr_calculation/tcr_quant/results/mixcr_RS-04367491.passembled.2.vdjca /projects/rpci/songyao/pnfioric/arc_project/airr_calculation/tcr_quant/results/mixcr_RS-04367491.extended.vdjca
Extending alignments: 0%
====================== report: extend ======================
Analysis time: 15ms
Extended alignments count: 0 (0%)
V extensions total: 0 (0%)
V extensions with merged targets: 0 (0%)
J extensions total: 0 (0%)
J extensions with merged targets: 0 (0%)
V+J extensions: 0 (0%)
Mean V extension length: NaN
Mean J extension length: NaN

>>>>>>>>>>>>>>>>>>>>>> mixcr assemble <<<<<<<<<<<<<<<<<<<<<<
Running:
mixcr assemble --report /projects/rpci/songyao/pnfioric/arc_project/airr_calculation/tcr_quant/results/mixcr_RS-04367491.assemble.report.txt --json-report /projects/rpci/songyao/pnfioric/arc_project/airr_calculation/tcr_quant/results/mixcr_RS-04367491.assemble.report.json /projects/rpci/songyao/pnfioric/arc_project/airr_calculation/tcr_quant/results/mixcr_RS-04367491.extended.vdjca /projects/rpci/songyao/pnfioric/arc_project/airr_calculation/tcr_quant/results/mixcr_RS-04367491.clna
Initialization: progress unknown
Initialization: progress unknown
===================== report: assemble =====================
Analysis time: 310ms
Final clonotype count: 9
Reads used in clonotypes, percent of total: 51 (0%)
Average number of reads per clonotype: 5.67
Reads dropped due to the lack of a clone sequence, percent of total: 1252 (0%)
Reads dropped due to a too short clonal sequence, percent of total: 0 (0%)
Reads dropped due to low quality, percent of total: 0 (0%)
Reads dropped due to failed mapping, percent of total: 0 (0%)
Reads dropped with low quality clones, percent of total: 0 (0%)
Aligned reads processed: 51
Reads used in clonotypes before clustering, percent of total: 51 (0%)
Number of reads used as a core, percent of used: 50 (98.04%)
Mapped low quality reads, percent of used: 1 (1.96%)
Reads clustered in PCR error correction, percent of used: 0 (0%)
Reads pre-clustered due to the similar VJC-lists, percent of used: 0 (0%)
Clonotypes dropped as low quality: 0
Clonotypes eliminated by PCR error correction: 0
Clonotypes pre-clustered due to the similar VJC-lists: 0
Clones dropped in post filtering: 0 (0%)
Reads dropped in post filtering: 0.0 (0%)
Reads filtered by tag prefix: 0 (0%)
TRA chains: 1 (11.11%)
TRA non-functional: 1 (100%)
IGH chains: 3 (33.33%)
IGH non-functional: 0 (0%)
IGK chains: 3 (33.33%)
IGK non-functional: 0 (0%)
IGL chains: 2 (22.22%)
IGL non-functional: 0 (0%)

>>>>>>>>>>>>>>>>>> mixcr assembleContigs <<<<<<<<<<<<<<<<<<
Running:
mixcr assembleContigs --report /projects/rpci/songyao/pnfioric/arc_project/airr_calculation/tcr_quant/results/mixcr_RS-04367491.assembleContigs.report.txt --json-report /projects/rpci/songyao/pnfioric/arc_project/airr_calculation/tcr_quant/results/mixcr_RS-04367491.assembleContigs.report.json --threads 12 /projects/rpci/songyao/pnfioric/arc_project/airr_calculation/tcr_quant/results/mixcr_RS-04367491.clna /projects/rpci/songyao/pnfioric/arc_project/airr_calculation/tcr_quant/results/mixcr_RS-04367491.contigs.clns
Assembling contigs: 0%
================= report: assembleContigs =================
Analysis time: 126ms
Initial clonotype count: 9
Final clonotype count: 9 (100%)
Canceled assemblies: 0 (0%)
Clones filtered out after assemble: 0 (0%)
Number of premature termination assembly events, percent of number of initial clonotypes: 0.0 (0%)
Longest contig length: 153
Clustered variants: 0 (0%)
Reads in clustered variants: 0.0 (0%)
Reads in divided (newly created) clones: 0.0 (0%)
Clones with ambiguous letters in splitting region: 0 (0%)
Reads in clones with ambiguous letters in splitting region: 0.0 (0%)
Average number of ambiguous letters per clone with ambiguous letters in splitting region: NaN
Clones combined after clustering: 0 (0%)

>>>>>>>>>>>>>>>>>>>>>>>>> mixcr qc <<<<<<<<<<<<<<<<<<<<<<<<<
Running:
mixcr qc --print-to-stdout /projects/rpci/songyao/pnfioric/arc_project/airr_calculation/tcr_quant/results/mixcr_RS-04367491.contigs.clns /projects/rpci/songyao/pnfioric/arc_project/airr_calculation/tcr_quant/results/mixcr_RS-04367491.qc.txt /projects/rpci/songyao/pnfioric/arc_project/airr_calculation/tcr_quant/results/mixcr_RS-04367491.qc.json

  Alignments dropped due to low sequence quality: 0.0% [OK]

>>>>>>>>>>>>>>>>>>>> mixcr exportClones <<<<<<<<<<<<<<<<<<<<
Running:
mixcr exportClones /projects/rpci/songyao/pnfioric/arc_project/airr_calculation/tcr_quant/results/mixcr_RS-04367491.contigs.clns /projects/rpci/songyao/pnfioric/arc_project/airr_calculation/tcr_quant/results/mixcr_RS-04367491.clones.tsv
Analysis finished successfully.
===============================
Visualize results and simplify your immune data analysis with a convenient UI.
Explore and install Platforma.bio here: https://platforma.bio
