Exporting TRB
Exporting clones: 100%
Filtered 1 of 17 clones (94.12%).
Filtered 1.0 of 76.0 reads (98.68%).
Exporting IGH
Exporting clones: 33.3%
Filtered 3 of 17 clones (82.35%).
Filtered 9.0 of 76.0 reads (88.16%).
Exporting TRG
Exporting clones: 100%
Filtered 1 of 17 clones (94.12%).
Filtered 6.0 of 76.0 reads (92.11%).
Exporting IGL
Exporting clones: 33.3%
Filtered 3 of 17 clones (82.35%).
Filtered 15.0 of 76.0 reads (80.26%).
Exporting IGK
Exporting clones: 11.1%
Filtered 9 of 17 clones (47.06%).
Filtered 45.0 of 76.0 reads (40.79%).
