Exporting TRA
Exporting clones: 100%
Filtered 1 of 51 clones (98.04%).
Filtered 4.0 of 919.0 reads (99.56%).
Exporting IGH
Exporting clones: 8.3%
Filtered 12 of 51 clones (76.47%).
Filtered 119.0 of 919.0 reads (87.05%).
Exporting TRG
Exporting clones: 100%
Filtered 1 of 51 clones (98.04%).
Filtered 6.0 of 919.0 reads (99.35%).
Exporting IGL
Exporting clones: 9.1%
Filtered 11 of 51 clones (78.43%).
Filtered 169.0 of 919.0 reads (81.61%).
Exporting IGK
Exporting clones: 3.8%
Filtered 26 of 51 clones (49.02%).
Filtered 621.0 of 919.0 reads (32.43%).
