Exporting TRB
Exporting clones: 50%
Filtered 2 of 191 clones (98.95%).
Filtered 4.0 of 821.0 reads (99.51%).
Exporting TRA
Exporting clones: 33.3%
Filtered 3 of 191 clones (98.43%).
Filtered 9.0 of 821.0 reads (98.9%).
Exporting IGH
Exporting clones: 2%
Filtered 49 of 191 clones (74.35%).
Filtered 165.0 of 821.0 reads (79.9%).
Exporting IGL
Exporting clones: 2.3%
Filtered 44 of 191 clones (76.96%).
Filtered 247.0 of 821.0 reads (69.91%).
Exporting IGK
Exporting clones: 1.1%
Filtered 93 of 191 clones (51.31%).
Filtered 396.0 of 821.0 reads (51.77%).
