Exporting TRB
Exporting clones: 4%
Filtered 25 of 4105 clones (99.39%).
Filtered 70.0 of 26906.0 reads (99.74%).
Exporting TRA
Exporting clones: 2.8%
Filtered 36 of 4105 clones (99.12%).
Filtered 86.0 of 26906.0 reads (99.68%).
Exporting TRD
Exporting clones: 50%
Filtered 2 of 4105 clones (99.95%).
Filtered 5.0 of 26906.0 reads (99.98%).
Exporting IGH
Exporting clones: 0.1%
Filtered 1347 of 4105 clones (67.19%).
Filtered 4938.0 of 26906.0 reads (81.65%).
Exporting TRG
Exporting clones: 100%
Filtered 4 of 4105 clones (99.9%).
Filtered 6.0 of 26906.0 reads (99.98%).
Exporting IGL
Exporting clones: 0.1%
Filtered 1273 of 4105 clones (68.99%).
Filtered 10273.0 of 26906.0 reads (61.82%).
Exporting IGK
Exporting clones: 0.2%
Filtered 1418 of 4105 clones (65.46%).
Filtered 11528.0 of 26906.0 reads (57.15%).
