Exporting TRB
Exporting clones: 11.1%
Filtered 9 of 933 clones (99.04%).
Filtered 35.0 of 6375.0 reads (99.45%).
Exporting TRA
Exporting clones: 14.3%
Filtered 7 of 933 clones (99.25%).
Filtered 25.0 of 6375.0 reads (99.61%).
Exporting IGH
Exporting clones: 0.3%
Filtered 288 of 933 clones (69.13%).
Filtered 1384.0 of 6375.0 reads (78.29%).
Exporting IGL
Exporting clones: 0.5%
Filtered 201 of 933 clones (78.46%).
Filtered 1646.0 of 6375.0 reads (74.18%).
Exporting IGK
Exporting clones: 0.7%
Filtered 428 of 933 clones (54.13%).
Filtered 3285.0 of 6375.0 reads (48.47%).
