WARNING: sun.reflect.Reflection.getCallerClass is not supported. This will impact performance.

>>>>>>>>>>>>>>>>>>>>>>> mixcr align <<<<<<<<<<<<<<<<<<<<<<<
Running:
mixcr align --report /projects/rpci/songyao/pnfioric/arc_project/airr_calculation/tcr_quant/results/mixcr_RS-04079693.align.report.txt --json-report /projects/rpci/songyao/pnfioric/arc_project/airr_calculation/tcr_quant/results/mixcr_RS-04079693.align.report.json --threads 12 --preset rna-seq --save-output-file-names /projects/rpci/songyao/pnfioric/arc_project/airr_calculation/tcr_quant/results/mixcr_RS-04079693.align.list.tsv --species hsa /projects/rpci/songyao/pnfioric/arc_project/airr_calculation/fastq_files/RS-04079693/RS-04417065_242_RS-04079693_S69_R1_001.fastq.gz /projects/rpci/songyao/pnfioric/arc_project/airr_calculation/fastq_files/RS-04079693/RS-04417065_242_RS-04079693_S69_R2_001.fastq.gz /projects/rpci/songyao/pnfioric/arc_project/airr_calculation/tcr_quant/results/mixcr_RS-04079693.alignments.vdjca
Alignment: 0%
Alignment: 4%  ETA: 00:47:45
Alignment: 8.1%  ETA: 00:44:58
Alignment: 12.1%  ETA: 00:44:05
Alignment: 16.1%  ETA: 00:41:22
Alignment: 20.2%  ETA: 00:39:22
Alignment: 24.3%  ETA: 00:37:03
Alignment: 28.2%  ETA: 00:36:18
Alignment: 32.3%  ETA: 00:33:42
Alignment: 36.3%  ETA: 00:31:42
Alignment: 40.3%  ETA: 00:29:41
Alignment: 44.3%  ETA: 00:27:42
Alignment: 48.4%  ETA: 00:25:28
Alignment: 52.4%  ETA: 00:23:41
Alignment: 56.4%  ETA: 00:21:52
Alignment: 60.4%  ETA: 00:19:52
Alignment: 64.4%  ETA: 00:17:42
Alignment: 68.4%  ETA: 00:15:42
Alignment: 72.4%  ETA: 00:13:43
Alignment: 76.5%  ETA: 00:11:42
Alignment: 80.5%  ETA: 00:09:42
Alignment: 84.5%  ETA: 00:07:47
Alignment: 88.5%  ETA: 00:05:40
Alignment: 92.6%  ETA: 00:03:40
Alignment: 96.6%  ETA: 00:01:40
====================== report: align ======================
Analysis time: 49.7m
Total sequencing reads: 60232749
Successfully aligned reads: 11519 (0.02%)
Coverage (percent of successfully aligned):
  CDR3: 1460 (12.67%)
  FR3_TO_FR4: 0 (0%)
  CDR2_TO_FR4: 0 (0%)
  FR2_TO_FR4: 0 (0%)
  CDR1_TO_FR4: 0 (0%)
  VDJRegion: 0 (0%)
Alignment failed: no hits (not TCR/IG?): 58416076 (96.98%)
Alignment failed after alignment-aided overlap: 8 (0%)
Alignment failed: no CDR3 parts: 36455 (0.06%)
Alignment failed: low total score: 1768691 (2.94%)
Overlapped: 57263831 (95.07%)
Overlapped and aligned: 11014 (0.02%)
Overlapped and not aligned: 57252817 (95.05%)
Alignment-aided overlaps, percent of overlapped and aligned: 38 (0.35%)
No CDR3 parts alignments, percent of successfully aligned: 148 (1.28%)
Partial aligned reads, percent of successfully aligned: 9911 (86.04%)
Realigned with forced non-floating bound: 5937912 (9.86%)
Realigned with forced non-floating right bound in left read: 630 (0%)
Realigned with forced non-floating left bound in right read: 630 (0%)
TRA chains: 2964 (25.73%)
TRA non-functional: 2 (0.07%)
TRB chains: 607 (5.27%)
TRB non-functional: 0 (0%)
TRD chains: 8 (0.07%)
TRD non-functional: 0 (0%)
TRG chains: 138 (1.2%)
TRG non-functional: 7 (5.07%)
IGH chains: 4203 (36.49%)
IGH non-functional: 14 (0.33%)
TRAD chains: 46 (0.4%)
TRAD non-functional: 0 (0%)
IGK chains: 1647 (14.3%)
IGK non-functional: 4 (0.24%)
IGL chains: 1906 (16.55%)
IGL non-functional: 21 (1.1%)
Trimming report:
  R1 reads trimmed left: 475840 (0.79%)
  R1 reads trimmed right: 484143 (0.8%)
  Average R1 nucleotides trimmed left: 0.13429383739400638
  Average R1 nucleotides trimmed right: 0.1428084579038556
  R2 reads trimmed left: 472435 (0.78%)
  R2 reads trimmed right: 481080 (0.8%)
  Average R2 nucleotides trimmed left: 0.13324806078500584
  Average R2 nucleotides trimmed right: 0.14167671477189261

>>>>>>>>>>>>>>>>>> mixcr assemblePartial <<<<<<<<<<<<<<<<<<
Running:
mixcr assemblePartial --report /projects/rpci/songyao/pnfioric/arc_project/airr_calculation/tcr_quant/results/mixcr_RS-04079693.assemblePartial.report.txt --json-report /projects/rpci/songyao/pnfioric/arc_project/airr_calculation/tcr_quant/results/mixcr_RS-04079693.assemblePartial.report.json /projects/rpci/songyao/pnfioric/arc_project/airr_calculation/tcr_quant/results/mixcr_RS-04079693.alignments.vdjca /projects/rpci/songyao/pnfioric/arc_project/airr_calculation/tcr_quant/results/mixcr_RS-04079693.passembled.1.vdjca
Building index: 0%
Searching for overlaps: 0%
================= report: assemblePartial =================
Analysis time: 482ms
Total alignments analysed: 11519
Number of output alignments: 11519 (100%)
Alignments already with CDR3 (no overlapping is performed): 1594 (13.84%)
Successfully overlapped alignments: 0 (0%)
Left parts with too small N-region (failed to extract k-mer): 1751 (15.2%)
Extracted k-mer diversity: 3046
Dropped due to wildcard in k-mer: 0 (0%)
Dropped due to too short NRegion parts in overlap: 189 (1.64%)
Dropped overlaps with empty N region due to no complete NDN coverage: 0 (0%)
Number of left-side alignments: 1512 (13.13%)
Number of right-side alignments: 6679 (57.98%)
Complex overlaps: 0 (0%)
Over-overlaps: 0 (0%)
Partial alignments written to output: 9925 (86.16%)

>>>>>>>>>>>>>>>>>> mixcr assemblePartial <<<<<<<<<<<<<<<<<<
Running:
mixcr assemblePartial --report /projects/rpci/songyao/pnfioric/arc_project/airr_calculation/tcr_quant/results/mixcr_RS-04079693.assemblePartial.report.txt --json-report /projects/rpci/songyao/pnfioric/arc_project/airr_calculation/tcr_quant/results/mixcr_RS-04079693.assemblePartial.report.json /projects/rpci/songyao/pnfioric/arc_project/airr_calculation/tcr_quant/results/mixcr_RS-04079693.passembled.1.vdjca /projects/rpci/songyao/pnfioric/arc_project/airr_calculation/tcr_quant/results/mixcr_RS-04079693.passembled.2.vdjca
Building index: 0%
Searching for overlaps: 0%
================= report: assemblePartial =================
Analysis time: 283ms
Total alignments analysed: 11519
Number of output alignments: 11519 (100%)
Alignments already with CDR3 (no overlapping is performed): 1594 (13.84%)
Successfully overlapped alignments: 0 (0%)
Left parts with too small N-region (failed to extract k-mer): 1751 (15.2%)
Extracted k-mer diversity: 3046
Dropped due to wildcard in k-mer: 0 (0%)
Dropped due to too short NRegion parts in overlap: 189 (1.64%)
Dropped overlaps with empty N region due to no complete NDN coverage: 0 (0%)
Number of left-side alignments: 1512 (13.13%)
Number of right-side alignments: 6679 (57.98%)
Complex overlaps: 0 (0%)
Over-overlaps: 0 (0%)
Partial alignments written to output: 9925 (86.16%)

>>>>>>>>>>>>>>>>>>>>>>> mixcr extend <<<<<<<<<<<<<<<<<<<<<<<
Running:
mixcr extend --report /projects/rpci/songyao/pnfioric/arc_project/airr_calculation/tcr_quant/results/mixcr_RS-04079693.extend.report.txt --json-report /projects/rpci/songyao/pnfioric/arc_project/airr_calculation/tcr_quant/results/mixcr_RS-04079693.extend.report.json --threads 12 /projects/rpci/songyao/pnfioric/arc_project/airr_calculation/tcr_quant/results/mixcr_RS-04079693.passembled.2.vdjca /projects/rpci/songyao/pnfioric/arc_project/airr_calculation/tcr_quant/results/mixcr_RS-04079693.extended.vdjca
Extending alignments: 0%
====================== report: extend ======================
Analysis time: 94ms
Extended alignments count: 23 (0.2%)
V extensions total: 0 (0%)
V extensions with merged targets: 0 (0%)
J extensions total: 23 (0.2%)
J extensions with merged targets: 1 (0.01%)
V+J extensions: 0 (0%)
Mean V extension length: NaN
Mean J extension length: 7.956521739130435

>>>>>>>>>>>>>>>>>>>>>> mixcr assemble <<<<<<<<<<<<<<<<<<<<<<
Running:
mixcr assemble --report /projects/rpci/songyao/pnfioric/arc_project/airr_calculation/tcr_quant/results/mixcr_RS-04079693.assemble.report.txt --json-report /projects/rpci/songyao/pnfioric/arc_project/airr_calculation/tcr_quant/results/mixcr_RS-04079693.assemble.report.json /projects/rpci/songyao/pnfioric/arc_project/airr_calculation/tcr_quant/results/mixcr_RS-04079693.extended.vdjca /projects/rpci/songyao/pnfioric/arc_project/airr_calculation/tcr_quant/results/mixcr_RS-04079693.clna
Initialization: progress unknown
Initialization: progress unknown
===================== report: assemble =====================
Analysis time: 856ms
Final clonotype count: 255
Reads used in clonotypes, percent of total: 1482 (0%)
Average number of reads per clonotype: 5.81
Reads dropped due to the lack of a clone sequence, percent of total: 10036 (0.02%)
Reads dropped due to a too short clonal sequence, percent of total: 0 (0%)
Reads dropped due to low quality, percent of total: 0 (0%)
Reads dropped due to failed mapping, percent of total: 1 (0%)
Reads dropped with low quality clones, percent of total: 0 (0%)
Aligned reads processed: 1483
Reads used in clonotypes before clustering, percent of total: 1482 (0%)
Number of reads used as a core, percent of used: 1471 (99.26%)
Mapped low quality reads, percent of used: 11 (0.74%)
Reads clustered in PCR error correction, percent of used: 0 (0%)
Reads pre-clustered due to the similar VJC-lists, percent of used: 0 (0%)
Clonotypes dropped as low quality: 0
Clonotypes eliminated by PCR error correction: 0
Clonotypes pre-clustered due to the similar VJC-lists: 0
Clones dropped in post filtering: 0 (0%)
Reads dropped in post filtering: 0.0 (0%)
Reads filtered by tag prefix: 0 (0%)
TRA chains: 6 (2.35%)
TRA non-functional: 1 (16.67%)
TRB chains: 4 (1.57%)
TRB non-functional: 0 (0%)
TRG chains: 5 (1.96%)
TRG non-functional: 3 (60%)
IGH chains: 66 (25.88%)
IGH non-functional: 3 (4.55%)
IGK chains: 106 (41.57%)
IGK non-functional: 2 (1.89%)
IGL chains: 68 (26.67%)
IGL non-functional: 2 (2.94%)

>>>>>>>>>>>>>>>>>> mixcr assembleContigs <<<<<<<<<<<<<<<<<<
Running:
mixcr assembleContigs --report /projects/rpci/songyao/pnfioric/arc_project/airr_calculation/tcr_quant/results/mixcr_RS-04079693.assembleContigs.report.txt --json-report /projects/rpci/songyao/pnfioric/arc_project/airr_calculation/tcr_quant/results/mixcr_RS-04079693.assembleContigs.report.json --threads 12 /projects/rpci/songyao/pnfioric/arc_project/airr_calculation/tcr_quant/results/mixcr_RS-04079693.clna /projects/rpci/songyao/pnfioric/arc_project/airr_calculation/tcr_quant/results/mixcr_RS-04079693.contigs.clns
Assembling contigs: 0%
================= report: assembleContigs =================
Analysis time: 401ms
Initial clonotype count: 255
Final clonotype count: 255 (100%)
Canceled assemblies: 0 (0%)
Clones filtered out after assemble: 0 (0%)
Number of premature termination assembly events, percent of number of initial clonotypes: 0.0 (0%)
Longest contig length: 206
Clustered variants: 0 (0%)
Reads in clustered variants: 0.0 (0%)
Reads in divided (newly created) clones: 0.0 (0%)
Clones with ambiguous letters in splitting region: 0 (0%)
Reads in clones with ambiguous letters in splitting region: 0.0 (0%)
Average number of ambiguous letters per clone with ambiguous letters in splitting region: NaN
Clones combined after clustering: 0 (0%)

>>>>>>>>>>>>>>>>>>>>>>>>> mixcr qc <<<<<<<<<<<<<<<<<<<<<<<<<
Running:
mixcr qc --print-to-stdout /projects/rpci/songyao/pnfioric/arc_project/airr_calculation/tcr_quant/results/mixcr_RS-04079693.contigs.clns /projects/rpci/songyao/pnfioric/arc_project/airr_calculation/tcr_quant/results/mixcr_RS-04079693.qc.txt /projects/rpci/songyao/pnfioric/arc_project/airr_calculation/tcr_quant/results/mixcr_RS-04079693.qc.json

  Alignments dropped due to low sequence quality: 0.0% [OK]

>>>>>>>>>>>>>>>>>>>> mixcr exportClones <<<<<<<<<<<<<<<<<<<<
Running:
mixcr exportClones /projects/rpci/songyao/pnfioric/arc_project/airr_calculation/tcr_quant/results/mixcr_RS-04079693.contigs.clns /projects/rpci/songyao/pnfioric/arc_project/airr_calculation/tcr_quant/results/mixcr_RS-04079693.clones.tsv
Analysis finished successfully.
===============================
Visualize results and simplify your immune data analysis with a convenient UI.
Explore and install Platforma.bio here: https://platforma.bio
