Exporting TRA
Exporting clones: 50%
Filtered 2 of 111 clones (98.2%).
Filtered 4.0 of 247.0 reads (98.38%).
Exporting IGH
Exporting clones: 3.1%
Filtered 32 of 111 clones (71.17%).
Filtered 61.0 of 247.0 reads (75.3%).
Exporting TRG
Exporting clones: 50%
Filtered 2 of 111 clones (98.2%).
Filtered 4.0 of 247.0 reads (98.38%).
Exporting IGL
Exporting clones: 6.2%
Filtered 16 of 111 clones (85.59%).
Filtered 36.0 of 247.0 reads (85.43%).
Exporting IGK
Exporting clones: 1.7%
Filtered 59 of 111 clones (46.85%).
Filtered 142.0 of 247.0 reads (42.51%).
