Exporting TRB
Exporting clones: 2.2%
Filtered 45 of 2799 clones (98.39%).
Filtered 79.0 of 11984.0 reads (99.34%).
Exporting TRA
Exporting clones: 1.6%
Filtered 64 of 2799 clones (97.71%).
Filtered 118.0 of 11984.0 reads (99.02%).
Exporting IGH
Exporting clones: 0.1%
Filtered 1016 of 2799 clones (63.7%).
Filtered 3574.0 of 11984.0 reads (70.18%).
Exporting TRG
Exporting clones: 15%
Filtered 20 of 2799 clones (99.29%).
Filtered 43.0 of 11984.0 reads (99.64%).
Exporting IGL
Exporting clones: 0.6%
Filtered 685 of 2799 clones (75.53%).
Filtered 3126.0 of 11984.0 reads (73.92%).
Exporting IGK
Exporting clones: 0.1%
Filtered 969 of 2799 clones (65.38%).
Filtered 5044.0 of 11984.0 reads (57.91%).
