WARNING: sun.reflect.Reflection.getCallerClass is not supported. This will impact performance.

>>>>>>>>>>>>>>>>>>>>>>> mixcr align <<<<<<<<<<<<<<<<<<<<<<<
Running:
mixcr align --report /projects/rpci/songyao/pnfioric/arc_project/airr_calculation/tcr_quant/results/mixcr_RS-04430816.align.report.txt --json-report /projects/rpci/songyao/pnfioric/arc_project/airr_calculation/tcr_quant/results/mixcr_RS-04430816.align.report.json --threads 12 --preset rna-seq --save-output-file-names /projects/rpci/songyao/pnfioric/arc_project/airr_calculation/tcr_quant/results/mixcr_RS-04430816.align.list.tsv --species hsa /projects/rpci/songyao/pnfioric/arc_project/airr_calculation/fastq_files/RS-04430816/RS-04430816_RCHS07003948-A8_RS-04273511_S28_R1_001.fastq.gz /projects/rpci/songyao/pnfioric/arc_project/airr_calculation/fastq_files/RS-04430816/RS-04430816_RCHS07003948-A8_RS-04273511_S28_R2_001.fastq.gz /projects/rpci/songyao/pnfioric/arc_project/airr_calculation/tcr_quant/results/mixcr_RS-04430816.alignments.vdjca
Alignment: 0%
Alignment: 7.5%  ETA: 00:24:45
Alignment: 14.9%  ETA: 00:22:45
Alignment: 22.4%  ETA: 00:20:45
Alignment: 30%  ETA: 00:18:32
Alignment: 37.7%  ETA: 00:16:14
Alignment: 45.2%  ETA: 00:14:30
Alignment: 52.8%  ETA: 00:12:30
Alignment: 60.3%  ETA: 00:10:34
Alignment: 67.8%  ETA: 00:08:37
Alignment: 75.3%  ETA: 00:06:34
Alignment: 82.9%  ETA: 00:04:30
Alignment: 90.5%  ETA: 00:02:30
Alignment: 98.1%  ETA: 00:00:29
====================== report: align ======================
Analysis time: 26.54m
Total sequencing reads: 45049331
Successfully aligned reads: 1951 (0%)
Coverage (percent of successfully aligned):
  CDR3: 35 (1.79%)
  FR3_TO_FR4: 0 (0%)
  CDR2_TO_FR4: 0 (0%)
  FR2_TO_FR4: 0 (0%)
  CDR1_TO_FR4: 0 (0%)
  VDJRegion: 0 (0%)
Alignment failed: no hits (not TCR/IG?): 43880610 (97.41%)
Alignment failed after alignment-aided overlap: 3 (0%)
Alignment failed: no CDR3 parts: 15694 (0.03%)
Alignment failed: low total score: 1151073 (2.56%)
Overlapped: 39326603 (87.3%)
Overlapped and aligned: 1123 (0%)
Overlapped and not aligned: 39325480 (87.29%)
Alignment-aided overlaps, percent of overlapped and aligned: 43 (3.83%)
No CDR3 parts alignments, percent of successfully aligned: 50 (2.56%)
Partial aligned reads, percent of successfully aligned: 1866 (95.64%)
V gene chimeras: 31 (0%)
J gene chimeras: 16 (0%)
Paired-end alignment conflicts eliminated: 2 (0%)
Realigned with forced non-floating bound: 11445542 (25.41%)
Realigned with forced non-floating right bound in left read: 1019 (0%)
Realigned with forced non-floating left bound in right read: 1019 (0%)
TRA chains: 282 (14.45%)
TRA non-functional: 0 (0%)
TRB chains: 278 (14.25%)
TRB non-functional: 0 (0%)
TRD chains: 7 (0.36%)
TRD non-functional: 0 (0%)
TRG chains: 37 (1.9%)
TRG non-functional: 0 (0%)
IGH chains: 663 (33.98%)
IGH non-functional: 0 (0%)
TRAD chains: 107 (5.48%)
TRAD non-functional: 0 (0%)
IGK chains: 207 (10.61%)
IGK non-functional: 0 (0%)
IGL chains: 370 (18.96%)
IGL non-functional: 0 (0%)
Trimming report:
  R1 reads trimmed left: 13207 (0.03%)
  R1 reads trimmed right: 12807 (0.03%)
  Average R1 nucleotides trimmed left: 0.004614052981164137
  Average R1 nucleotides trimmed right: 0.004913147322875893
  R2 reads trimmed left: 12309 (0.03%)
  R2 reads trimmed right: 12573 (0.03%)
  Average R2 nucleotides trimmed left: 0.004709548294956922
  Average R2 nucleotides trimmed right: 0.004827530069203469

>>>>>>>>>>>>>>>>>> mixcr assemblePartial <<<<<<<<<<<<<<<<<<
Running:
mixcr assemblePartial --report /projects/rpci/songyao/pnfioric/arc_project/airr_calculation/tcr_quant/results/mixcr_RS-04430816.assemblePartial.report.txt --json-report /projects/rpci/songyao/pnfioric/arc_project/airr_calculation/tcr_quant/results/mixcr_RS-04430816.assemblePartial.report.json /projects/rpci/songyao/pnfioric/arc_project/airr_calculation/tcr_quant/results/mixcr_RS-04430816.alignments.vdjca /projects/rpci/songyao/pnfioric/arc_project/airr_calculation/tcr_quant/results/mixcr_RS-04430816.passembled.1.vdjca
Building index: 0%
Searching for overlaps: 0.1%
================= report: assemblePartial =================
Analysis time: 269ms
Total alignments analysed: 1951
Number of output alignments: 1951 (100%)
Alignments already with CDR3 (no overlapping is performed): 45 (2.31%)
Successfully overlapped alignments: 0 (0%)
Left parts with too small N-region (failed to extract k-mer): 283 (14.51%)
Extracted k-mer diversity: 8180
Dropped due to wildcard in k-mer: 0 (0%)
Dropped due to too short NRegion parts in overlap: 0 (0%)
Dropped overlaps with empty N region due to no complete NDN coverage: 0 (0%)
Number of left-side alignments: 999 (51.2%)
Number of right-side alignments: 658 (33.73%)
Complex overlaps: 0 (0%)
Over-overlaps: 0 (0%)
Partial alignments written to output: 1906 (97.69%)

>>>>>>>>>>>>>>>>>> mixcr assemblePartial <<<<<<<<<<<<<<<<<<
Running:
mixcr assemblePartial --report /projects/rpci/songyao/pnfioric/arc_project/airr_calculation/tcr_quant/results/mixcr_RS-04430816.assemblePartial.report.txt --json-report /projects/rpci/songyao/pnfioric/arc_project/airr_calculation/tcr_quant/results/mixcr_RS-04430816.assemblePartial.report.json /projects/rpci/songyao/pnfioric/arc_project/airr_calculation/tcr_quant/results/mixcr_RS-04430816.passembled.1.vdjca /projects/rpci/songyao/pnfioric/arc_project/airr_calculation/tcr_quant/results/mixcr_RS-04430816.passembled.2.vdjca
Building index: 0%
Searching for overlaps: 0.9%
================= report: assemblePartial =================
Analysis time: 79ms
Total alignments analysed: 1951
Number of output alignments: 1951 (100%)
Alignments already with CDR3 (no overlapping is performed): 45 (2.31%)
Successfully overlapped alignments: 0 (0%)
Left parts with too small N-region (failed to extract k-mer): 283 (14.51%)
Extracted k-mer diversity: 8180
Dropped due to wildcard in k-mer: 0 (0%)
Dropped due to too short NRegion parts in overlap: 0 (0%)
Dropped overlaps with empty N region due to no complete NDN coverage: 0 (0%)
Number of left-side alignments: 999 (51.2%)
Number of right-side alignments: 658 (33.73%)
Complex overlaps: 0 (0%)
Over-overlaps: 0 (0%)
Partial alignments written to output: 1906 (97.69%)

>>>>>>>>>>>>>>>>>>>>>>> mixcr extend <<<<<<<<<<<<<<<<<<<<<<<
Running:
mixcr extend --report /projects/rpci/songyao/pnfioric/arc_project/airr_calculation/tcr_quant/results/mixcr_RS-04430816.extend.report.txt --json-report /projects/rpci/songyao/pnfioric/arc_project/airr_calculation/tcr_quant/results/mixcr_RS-04430816.extend.report.json --threads 12 /projects/rpci/songyao/pnfioric/arc_project/airr_calculation/tcr_quant/results/mixcr_RS-04430816.passembled.2.vdjca /projects/rpci/songyao/pnfioric/arc_project/airr_calculation/tcr_quant/results/mixcr_RS-04430816.extended.vdjca
Extending alignments: 0%
====================== report: extend ======================
Analysis time: 17ms
Extended alignments count: 0 (0%)
V extensions total: 0 (0%)
V extensions with merged targets: 0 (0%)
J extensions total: 0 (0%)
J extensions with merged targets: 0 (0%)
V+J extensions: 0 (0%)
Mean V extension length: NaN
Mean J extension length: NaN

>>>>>>>>>>>>>>>>>>>>>> mixcr assemble <<<<<<<<<<<<<<<<<<<<<<
Running:
mixcr assemble --report /projects/rpci/songyao/pnfioric/arc_project/airr_calculation/tcr_quant/results/mixcr_RS-04430816.assemble.report.txt --json-report /projects/rpci/songyao/pnfioric/arc_project/airr_calculation/tcr_quant/results/mixcr_RS-04430816.assemble.report.json /projects/rpci/songyao/pnfioric/arc_project/airr_calculation/tcr_quant/results/mixcr_RS-04430816.extended.vdjca /projects/rpci/songyao/pnfioric/arc_project/airr_calculation/tcr_quant/results/mixcr_RS-04430816.clna
Initialization: progress unknown
Initialization: progress unknown
===================== report: assemble =====================
Analysis time: 286ms
Final clonotype count: 16
Reads used in clonotypes, percent of total: 29 (0%)
Average number of reads per clonotype: 1.81
Reads dropped due to the lack of a clone sequence, percent of total: 1916 (0%)
Reads dropped due to a too short clonal sequence, percent of total: 0 (0%)
Reads dropped due to low quality, percent of total: 0 (0%)
Reads dropped due to failed mapping, percent of total: 6 (0%)
Reads dropped with low quality clones, percent of total: 0 (0%)
Aligned reads processed: 35
Reads used in clonotypes before clustering, percent of total: 29 (0%)
Number of reads used as a core, percent of used: 29 (100%)
Mapped low quality reads, percent of used: 0 (0%)
Reads clustered in PCR error correction, percent of used: 0 (0%)
Reads pre-clustered due to the similar VJC-lists, percent of used: 0 (0%)
Clonotypes dropped as low quality: 0
Clonotypes eliminated by PCR error correction: 0
Clonotypes pre-clustered due to the similar VJC-lists: 0
Clones dropped in post filtering: 0 (0%)
Reads dropped in post filtering: 0.0 (0%)
Reads filtered by tag prefix: 0 (0%)
TRA chains: 1 (6.25%)
TRA non-functional: 0 (0%)
IGH chains: 1 (6.25%)
IGH non-functional: 0 (0%)
IGK chains: 10 (62.5%)
IGK non-functional: 0 (0%)
IGL chains: 4 (25%)
IGL non-functional: 0 (0%)

>>>>>>>>>>>>>>>>>> mixcr assembleContigs <<<<<<<<<<<<<<<<<<
Running:
mixcr assembleContigs --report /projects/rpci/songyao/pnfioric/arc_project/airr_calculation/tcr_quant/results/mixcr_RS-04430816.assembleContigs.report.txt --json-report /projects/rpci/songyao/pnfioric/arc_project/airr_calculation/tcr_quant/results/mixcr_RS-04430816.assembleContigs.report.json --threads 12 /projects/rpci/songyao/pnfioric/arc_project/airr_calculation/tcr_quant/results/mixcr_RS-04430816.clna /projects/rpci/songyao/pnfioric/arc_project/airr_calculation/tcr_quant/results/mixcr_RS-04430816.contigs.clns
Assembling contigs: 0%
================= report: assembleContigs =================
Analysis time: 90ms
Initial clonotype count: 16
Final clonotype count: 16 (100%)
Canceled assemblies: 0 (0%)
Clones filtered out after assemble: 0 (0%)
Number of premature termination assembly events, percent of number of initial clonotypes: 0.0 (0%)
Longest contig length: 195
Clustered variants: 0 (0%)
Reads in clustered variants: 0.0 (0%)
Reads in divided (newly created) clones: 0.0 (0%)
Clones with ambiguous letters in splitting region: 0 (0%)
Reads in clones with ambiguous letters in splitting region: 0.0 (0%)
Average number of ambiguous letters per clone with ambiguous letters in splitting region: NaN
Clones combined after clustering: 0 (0%)

>>>>>>>>>>>>>>>>>>>>>>>>> mixcr qc <<<<<<<<<<<<<<<<<<<<<<<<<
Running:
mixcr qc --print-to-stdout /projects/rpci/songyao/pnfioric/arc_project/airr_calculation/tcr_quant/results/mixcr_RS-04430816.contigs.clns /projects/rpci/songyao/pnfioric/arc_project/airr_calculation/tcr_quant/results/mixcr_RS-04430816.qc.txt /projects/rpci/songyao/pnfioric/arc_project/airr_calculation/tcr_quant/results/mixcr_RS-04430816.qc.json

  Alignments dropped due to low sequence quality: 0.0% [OK]

>>>>>>>>>>>>>>>>>>>> mixcr exportClones <<<<<<<<<<<<<<<<<<<<
Running:
mixcr exportClones /projects/rpci/songyao/pnfioric/arc_project/airr_calculation/tcr_quant/results/mixcr_RS-04430816.contigs.clns /projects/rpci/songyao/pnfioric/arc_project/airr_calculation/tcr_quant/results/mixcr_RS-04430816.clones.tsv
Analysis finished successfully.
===============================
Visualize results and simplify your immune data analysis with a convenient UI.
Explore and install Platforma.bio here: https://platforma.bio
