Exporting TRB
Exporting clones: 10%
Filtered 10 of 697 clones (98.57%).
Filtered 17.0 of 2599.0 reads (99.35%).
Exporting TRA
Exporting clones: 7.1%
Filtered 14 of 697 clones (97.99%).
Filtered 31.0 of 2599.0 reads (98.81%).
Exporting IGH
Exporting clones: 0.6%
Filtered 181 of 697 clones (74.03%).
Filtered 533.0 of 2599.0 reads (79.49%).
Exporting TRG
Exporting clones: 50%
Filtered 2 of 697 clones (99.71%).
Filtered 5.0 of 2599.0 reads (99.81%).
Exporting IGL
Exporting clones: 0.6%
Filtered 167 of 697 clones (76.04%).
Filtered 661.0 of 2599.0 reads (74.57%).
Exporting IGK
Exporting clones: 0.3%
Filtered 323 of 697 clones (53.66%).
Filtered 1352.0 of 2599.0 reads (47.98%).
