WARNING: sun.reflect.Reflection.getCallerClass is not supported. This will impact performance.

>>>>>>>>>>>>>>>>>>>>>>> mixcr align <<<<<<<<<<<<<<<<<<<<<<<
Running:
mixcr align --report /projects/rpci/songyao/pnfioric/arc_project/airr_calculation/tcr_quant/results/mixcr_RS-04367461.align.report.txt --json-report /projects/rpci/songyao/pnfioric/arc_project/airr_calculation/tcr_quant/results/mixcr_RS-04367461.align.report.json --threads 12 --preset rna-seq --save-output-file-names /projects/rpci/songyao/pnfioric/arc_project/airr_calculation/tcr_quant/results/mixcr_RS-04367461.align.list.tsv --species hsa /projects/rpci/songyao/pnfioric/arc_project/airr_calculation/fastq_files/RS-04367461/RS-04367461_SCHS08011739-B4_RS-03857991_S127_R1_001.fastq.gz /projects/rpci/songyao/pnfioric/arc_project/airr_calculation/fastq_files/RS-04367461/RS-04367461_SCHS08011739-B4_RS-03857991_S127_R2_001.fastq.gz /projects/rpci/songyao/pnfioric/arc_project/airr_calculation/tcr_quant/results/mixcr_RS-04367461.alignments.vdjca
Alignment: 0%
Alignment: 4%  ETA: 00:48:00
Alignment: 8%  ETA: 00:46:01
Alignment: 12.1%  ETA: 00:43:25
Alignment: 16%  ETA: 00:42:16
Alignment: 20%  ETA: 00:39:59
Alignment: 24%  ETA: 00:38:00
Alignment: 27.9%  ETA: 00:36:45
Alignment: 31.7%  ETA: 00:36:18
Alignment: 35.4%  ETA: 00:34:49
Alignment: 39.1%  ETA: 00:33:04
Alignment: 42.8%  ETA: 00:30:50
Alignment: 46.5%  ETA: 00:29:03
Alignment: 50.2%  ETA: 00:27:03
Alignment: 53.9%  ETA: 00:24:51
Alignment: 57.6%  ETA: 00:22:51
Alignment: 61.4%  ETA: 00:20:13
Alignment: 65.2%  ETA: 00:18:30
Alignment: 68.8%  ETA: 00:17:02
Alignment: 72.6%  ETA: 00:14:34
Alignment: 76.2%  ETA: 00:13:05
Alignment: 79.9%  ETA: 00:10:54
Alignment: 83.6%  ETA: 00:08:54
Alignment: 87.4%  ETA: 00:06:36
Alignment: 91.2%  ETA: 00:04:33
Alignment: 95.1%  ETA: 00:02:29
Alignment: 99.1%  ETA: 00:00:27
====================== report: align ======================
Analysis time: 52.49m
Total sequencing reads: 76860958
Successfully aligned reads: 3166 (0%)
Coverage (percent of successfully aligned):
  CDR3: 341 (10.77%)
  FR3_TO_FR4: 0 (0%)
  CDR2_TO_FR4: 0 (0%)
  FR2_TO_FR4: 0 (0%)
  CDR1_TO_FR4: 0 (0%)
  VDJRegion: 0 (0%)
Alignment failed: no hits (not TCR/IG?): 75344593 (98.03%)
Alignment failed: no CDR3 parts: 13537 (0.02%)
Alignment failed: low total score: 1499662 (1.95%)
Overlapped: 73519873 (95.65%)
Overlapped and aligned: 2525 (0%)
Overlapped and not aligned: 73517348 (95.65%)
Alignment-aided overlaps, percent of overlapped and aligned: 105 (4.16%)
No CDR3 parts alignments, percent of successfully aligned: 102 (3.22%)
Partial aligned reads, percent of successfully aligned: 2723 (86.01%)
Realigned with forced non-floating bound: 6682380 (8.69%)
Realigned with forced non-floating right bound in left read: 269 (0%)
Realigned with forced non-floating left bound in right read: 269 (0%)
TRA chains: 216 (6.82%)
TRA non-functional: 0 (0%)
TRB chains: 343 (10.83%)
TRB non-functional: 0 (0%)
TRG chains: 16 (0.51%)
TRG non-functional: 0 (0%)
IGH chains: 793 (25.05%)
IGH non-functional: 1 (0.13%)
TRAD chains: 388 (12.26%)
TRAD non-functional: 0 (0%)
IGK chains: 589 (18.6%)
IGK non-functional: 0 (0%)
IGL chains: 821 (25.93%)
IGL non-functional: 0 (0%)
Trimming report:
  R1 reads trimmed left: 954591 (1.24%)
  R1 reads trimmed right: 990597 (1.29%)
  Average R1 nucleotides trimmed left: 0.21113564574617974
  Average R1 nucleotides trimmed right: 0.2259241421372864
  R2 reads trimmed left: 934445 (1.22%)
  R2 reads trimmed right: 970262 (1.26%)
  Average R2 nucleotides trimmed left: 0.2062013720932284
  Average R2 nucleotides trimmed right: 0.22170081460603183

>>>>>>>>>>>>>>>>>> mixcr assemblePartial <<<<<<<<<<<<<<<<<<
Running:
mixcr assemblePartial --report /projects/rpci/songyao/pnfioric/arc_project/airr_calculation/tcr_quant/results/mixcr_RS-04367461.assemblePartial.report.txt --json-report /projects/rpci/songyao/pnfioric/arc_project/airr_calculation/tcr_quant/results/mixcr_RS-04367461.assemblePartial.report.json /projects/rpci/songyao/pnfioric/arc_project/airr_calculation/tcr_quant/results/mixcr_RS-04367461.alignments.vdjca /projects/rpci/songyao/pnfioric/arc_project/airr_calculation/tcr_quant/results/mixcr_RS-04367461.passembled.1.vdjca
Building index: 0%
Searching for overlaps: 0%
================= report: assemblePartial =================
Analysis time: 227ms
Total alignments analysed: 3166
Number of output alignments: 3166 (100%)
Alignments already with CDR3 (no overlapping is performed): 341 (10.77%)
Successfully overlapped alignments: 0 (0%)
Left parts with too small N-region (failed to extract k-mer): 418 (13.2%)
Extracted k-mer diversity: 1323
Dropped due to wildcard in k-mer: 0 (0%)
Dropped due to too short NRegion parts in overlap: 0 (0%)
Dropped overlaps with empty N region due to no complete NDN coverage: 0 (0%)
Number of left-side alignments: 1602 (50.6%)
Number of right-side alignments: 806 (25.46%)
Complex overlaps: 0 (0%)
Over-overlaps: 0 (0%)
Partial alignments written to output: 2825 (89.23%)

>>>>>>>>>>>>>>>>>> mixcr assemblePartial <<<<<<<<<<<<<<<<<<
Running:
mixcr assemblePartial --report /projects/rpci/songyao/pnfioric/arc_project/airr_calculation/tcr_quant/results/mixcr_RS-04367461.assemblePartial.report.txt --json-report /projects/rpci/songyao/pnfioric/arc_project/airr_calculation/tcr_quant/results/mixcr_RS-04367461.assemblePartial.report.json /projects/rpci/songyao/pnfioric/arc_project/airr_calculation/tcr_quant/results/mixcr_RS-04367461.passembled.1.vdjca /projects/rpci/songyao/pnfioric/arc_project/airr_calculation/tcr_quant/results/mixcr_RS-04367461.passembled.2.vdjca
Building index: 0%
Searching for overlaps: 0.3%
================= report: assemblePartial =================
Analysis time: 56ms
Total alignments analysed: 3166
Number of output alignments: 3166 (100%)
Alignments already with CDR3 (no overlapping is performed): 341 (10.77%)
Successfully overlapped alignments: 0 (0%)
Left parts with too small N-region (failed to extract k-mer): 418 (13.2%)
Extracted k-mer diversity: 1323
Dropped due to wildcard in k-mer: 0 (0%)
Dropped due to too short NRegion parts in overlap: 0 (0%)
Dropped overlaps with empty N region due to no complete NDN coverage: 0 (0%)
Number of left-side alignments: 1602 (50.6%)
Number of right-side alignments: 806 (25.46%)
Complex overlaps: 0 (0%)
Over-overlaps: 0 (0%)
Partial alignments written to output: 2825 (89.23%)

>>>>>>>>>>>>>>>>>>>>>>> mixcr extend <<<<<<<<<<<<<<<<<<<<<<<
Running:
mixcr extend --report /projects/rpci/songyao/pnfioric/arc_project/airr_calculation/tcr_quant/results/mixcr_RS-04367461.extend.report.txt --json-report /projects/rpci/songyao/pnfioric/arc_project/airr_calculation/tcr_quant/results/mixcr_RS-04367461.extend.report.json --threads 12 /projects/rpci/songyao/pnfioric/arc_project/airr_calculation/tcr_quant/results/mixcr_RS-04367461.passembled.2.vdjca /projects/rpci/songyao/pnfioric/arc_project/airr_calculation/tcr_quant/results/mixcr_RS-04367461.extended.vdjca
Extending alignments: 0%
====================== report: extend ======================
Analysis time: 59ms
Extended alignments count: 0 (0%)
V extensions total: 0 (0%)
V extensions with merged targets: 0 (0%)
J extensions total: 0 (0%)
J extensions with merged targets: 0 (0%)
V+J extensions: 0 (0%)
Mean V extension length: NaN
Mean J extension length: NaN

>>>>>>>>>>>>>>>>>>>>>> mixcr assemble <<<<<<<<<<<<<<<<<<<<<<
Running:
mixcr assemble --report /projects/rpci/songyao/pnfioric/arc_project/airr_calculation/tcr_quant/results/mixcr_RS-04367461.assemble.report.txt --json-report /projects/rpci/songyao/pnfioric/arc_project/airr_calculation/tcr_quant/results/mixcr_RS-04367461.assemble.report.json /projects/rpci/songyao/pnfioric/arc_project/airr_calculation/tcr_quant/results/mixcr_RS-04367461.extended.vdjca /projects/rpci/songyao/pnfioric/arc_project/airr_calculation/tcr_quant/results/mixcr_RS-04367461.clna
Initialization: progress unknown
Initialization: progress unknown
===================== report: assemble =====================
Analysis time: 270ms
Final clonotype count: 12
Reads used in clonotypes, percent of total: 339 (0%)
Average number of reads per clonotype: 28.25
Reads dropped due to the lack of a clone sequence, percent of total: 2825 (0%)
Reads dropped due to a too short clonal sequence, percent of total: 0 (0%)
Reads dropped due to low quality, percent of total: 0 (0%)
Reads dropped due to failed mapping, percent of total: 1 (0%)
Reads dropped with low quality clones, percent of total: 0 (0%)
Aligned reads processed: 341
Reads used in clonotypes before clustering, percent of total: 340 (0%)
Number of reads used as a core, percent of used: 337 (99.12%)
Mapped low quality reads, percent of used: 3 (0.88%)
Reads clustered in PCR error correction, percent of used: 1 (0.29%)
Reads pre-clustered due to the similar VJC-lists, percent of used: 0 (0%)
Clonotypes dropped as low quality: 0
Clonotypes eliminated by PCR error correction: 1
Clonotypes pre-clustered due to the similar VJC-lists: 0
Clones dropped in post filtering: 0 (0%)
Reads dropped in post filtering: 0.0 (0%)
Reads filtered by tag prefix: 0 (0%)
IGH chains: 4 (33.33%)
IGH non-functional: 0 (0%)
IGK chains: 4 (33.33%)
IGK non-functional: 0 (0%)
IGL chains: 4 (33.33%)
IGL non-functional: 0 (0%)

>>>>>>>>>>>>>>>>>> mixcr assembleContigs <<<<<<<<<<<<<<<<<<
Running:
mixcr assembleContigs --report /projects/rpci/songyao/pnfioric/arc_project/airr_calculation/tcr_quant/results/mixcr_RS-04367461.assembleContigs.report.txt --json-report /projects/rpci/songyao/pnfioric/arc_project/airr_calculation/tcr_quant/results/mixcr_RS-04367461.assembleContigs.report.json --threads 12 /projects/rpci/songyao/pnfioric/arc_project/airr_calculation/tcr_quant/results/mixcr_RS-04367461.clna /projects/rpci/songyao/pnfioric/arc_project/airr_calculation/tcr_quant/results/mixcr_RS-04367461.contigs.clns
Assembling contigs: 0%
================= report: assembleContigs =================
Analysis time: 149ms
Initial clonotype count: 12
Final clonotype count: 12 (100%)
Canceled assemblies: 0 (0%)
Clones filtered out after assemble: 0 (0%)
Number of premature termination assembly events, percent of number of initial clonotypes: 0.0 (0%)
Longest contig length: 144
Clustered variants: 0 (0%)
Reads in clustered variants: 0.0 (0%)
Reads in divided (newly created) clones: 0.0 (0%)
Clones with ambiguous letters in splitting region: 0 (0%)
Reads in clones with ambiguous letters in splitting region: 0.0 (0%)
Average number of ambiguous letters per clone with ambiguous letters in splitting region: NaN
Clones combined after clustering: 0 (0%)

>>>>>>>>>>>>>>>>>>>>>>>>> mixcr qc <<<<<<<<<<<<<<<<<<<<<<<<<
Running:
mixcr qc --print-to-stdout /projects/rpci/songyao/pnfioric/arc_project/airr_calculation/tcr_quant/results/mixcr_RS-04367461.contigs.clns /projects/rpci/songyao/pnfioric/arc_project/airr_calculation/tcr_quant/results/mixcr_RS-04367461.qc.txt /projects/rpci/songyao/pnfioric/arc_project/airr_calculation/tcr_quant/results/mixcr_RS-04367461.qc.json

  Alignments dropped due to low sequence quality: 0.0% [OK]

>>>>>>>>>>>>>>>>>>>> mixcr exportClones <<<<<<<<<<<<<<<<<<<<
Running:
mixcr exportClones /projects/rpci/songyao/pnfioric/arc_project/airr_calculation/tcr_quant/results/mixcr_RS-04367461.contigs.clns /projects/rpci/songyao/pnfioric/arc_project/airr_calculation/tcr_quant/results/mixcr_RS-04367461.clones.tsv
Analysis finished successfully.
===============================
Visualize results and simplify your immune data analysis with a convenient UI.
Explore and install Platforma.bio here: https://platforma.bio
