Exporting TRB
Exporting clones: 20%
Filtered 5 of 713 clones (99.3%).
Filtered 28.0 of 11175.0 reads (99.75%).
Exporting TRA
Exporting clones: 16.7%
Filtered 6 of 713 clones (99.16%).
Filtered 46.0 of 11175.0 reads (99.59%).
Exporting IGH
Exporting clones: 0.4%
Filtered 225 of 713 clones (68.44%).
Filtered 2838.0 of 11175.0 reads (74.6%).
Exporting IGL
Exporting clones: 0.5%
Filtered 184 of 713 clones (74.19%).
Filtered 4203.0 of 11175.0 reads (62.39%).
Exporting IGK
Exporting clones: 0.7%
Filtered 293 of 713 clones (58.91%).
Filtered 4060.0 of 11175.0 reads (63.67%).
