WARNING: sun.reflect.Reflection.getCallerClass is not supported. This will impact performance.

>>>>>>>>>>>>>>>>>>>>>>> mixcr align <<<<<<<<<<<<<<<<<<<<<<<
Running:
mixcr align --report /projects/rpci/songyao/pnfioric/arc_project/airr_calculation/tcr_quant/results/mixcr_RS-04396661.align.report.txt --json-report /projects/rpci/songyao/pnfioric/arc_project/airr_calculation/tcr_quant/results/mixcr_RS-04396661.align.report.json --threads 12 --preset rna-seq --save-output-file-names /projects/rpci/songyao/pnfioric/arc_project/airr_calculation/tcr_quant/results/mixcr_RS-04396661.align.list.tsv --species hsa /projects/rpci/songyao/pnfioric/arc_project/airr_calculation/fastq_files/RS-04396661/RS-04396661_RWCS09002141-A1_RS-04269510_S31_R1_001.fastq.gz /projects/rpci/songyao/pnfioric/arc_project/airr_calculation/fastq_files/RS-04396661/RS-04396661_RWCS09002141-A1_RS-04269510_S31_R2_001.fastq.gz /projects/rpci/songyao/pnfioric/arc_project/airr_calculation/tcr_quant/results/mixcr_RS-04396661.alignments.vdjca
Alignment: 0%
Alignment: 3.6%  ETA: 00:54:16
Alignment: 7.2%  ETA: 00:50:24
Alignment: 10.9%  ETA: 00:48:24
Alignment: 14.6%  ETA: 00:46:49
Alignment: 18.3%  ETA: 00:43:39
Alignment: 22%  ETA: 00:42:23
Alignment: 25.7%  ETA: 00:40:23
Alignment: 29.3%  ETA: 00:38:44
Alignment: 33%  ETA: 00:36:43
Alignment: 36.6%  ETA: 00:35:22
Alignment: 40.2%  ETA: 00:32:28
Alignment: 43.9%  ETA: 00:30:28
Alignment: 47.6%  ETA: 00:28:44
Alignment: 51.2%  ETA: 00:26:44
Alignment: 54.9%  ETA: 00:24:30
Alignment: 58.5%  ETA: 00:22:55
Alignment: 62.1%  ETA: 00:20:55
Alignment: 65.8%  ETA: 00:18:34
Alignment: 69.5%  ETA: 00:16:25
Alignment: 73.2%  ETA: 00:14:33
Alignment: 76.9%  ETA: 00:12:33
Alignment: 80.5%  ETA: 00:10:53
Alignment: 84.1%  ETA: 00:08:41
Alignment: 87.7%  ETA: 00:06:51
Alignment: 91.4%  ETA: 00:04:37
Alignment: 95.2%  ETA: 00:02:34
Alignment: 98.9%  ETA: 00:00:37
====================== report: align ======================
Analysis time: 54.66m
Total sequencing reads: 61514010
Successfully aligned reads: 5276 (0.01%)
Coverage (percent of successfully aligned):
  CDR3: 1064 (20.17%)
  FR3_TO_FR4: 6 (0.11%)
  CDR2_TO_FR4: 2 (0.04%)
  FR2_TO_FR4: 0 (0%)
  CDR1_TO_FR4: 0 (0%)
  VDJRegion: 0 (0%)
Alignment failed: no hits (not TCR/IG?): 59923995 (97.42%)
Alignment failed: no CDR3 parts: 28446 (0.05%)
Alignment failed: low total score: 1556293 (2.53%)
Overlapped: 54590662 (88.75%)
Overlapped and aligned: 4938 (0.01%)
Overlapped and not aligned: 54585724 (88.74%)
Alignment-aided overlaps, percent of overlapped and aligned: 112 (2.27%)
No CDR3 parts alignments, percent of successfully aligned: 131 (2.48%)
Partial aligned reads, percent of successfully aligned: 4081 (77.35%)
J gene chimeras: 3 (0%)
Realigned with forced non-floating bound: 13846920 (22.51%)
Realigned with forced non-floating right bound in left read: 821 (0%)
Realigned with forced non-floating left bound in right read: 821 (0%)
TRA chains: 768 (14.56%)
TRA non-functional: 5 (0.65%)
TRB chains: 126 (2.39%)
TRB non-functional: 0 (0%)
TRD chains: 3 (0.06%)
TRD non-functional: 0 (0%)
TRG chains: 9 (0.17%)
TRG non-functional: 2 (22.22%)
IGH chains: 1610 (30.52%)
IGH non-functional: 12 (0.75%)
TRAD chains: 15 (0.28%)
TRAD non-functional: 0 (0%)
IGK chains: 1177 (22.31%)
IGK non-functional: 26 (2.21%)
IGL chains: 1568 (29.72%)
IGL non-functional: 3 (0.19%)
Trimming report:
  R1 reads trimmed left: 70003 (0.11%)
  R1 reads trimmed right: 75012 (0.12%)
  Average R1 nucleotides trimmed left: 0.019342357944149634
  Average R1 nucleotides trimmed right: 0.022894101685128315
  R2 reads trimmed left: 71647 (0.12%)
  R2 reads trimmed right: 72090 (0.12%)
  Average R2 nucleotides trimmed left: 0.019065396647040243
  Average R2 nucleotides trimmed right: 0.02052782772574898

>>>>>>>>>>>>>>>>>> mixcr assemblePartial <<<<<<<<<<<<<<<<<<
Running:
mixcr assemblePartial --report /projects/rpci/songyao/pnfioric/arc_project/airr_calculation/tcr_quant/results/mixcr_RS-04396661.assemblePartial.report.txt --json-report /projects/rpci/songyao/pnfioric/arc_project/airr_calculation/tcr_quant/results/mixcr_RS-04396661.assemblePartial.report.json /projects/rpci/songyao/pnfioric/arc_project/airr_calculation/tcr_quant/results/mixcr_RS-04396661.alignments.vdjca /projects/rpci/songyao/pnfioric/arc_project/airr_calculation/tcr_quant/results/mixcr_RS-04396661.passembled.1.vdjca
Building index: 0%
Searching for overlaps: 0%
================= report: assemblePartial =================
Analysis time: 342ms
Total alignments analysed: 5276
Number of output alignments: 5268 (99.85%)
Alignments already with CDR3 (no overlapping is performed): 1142 (21.65%)
Successfully overlapped alignments: 8 (0.15%)
Left parts with too small N-region (failed to extract k-mer): 882 (16.72%)
Extracted k-mer diversity: 3785
Dropped due to wildcard in k-mer: 0 (0%)
Dropped due to too short NRegion parts in overlap: 27 (0.51%)
Dropped overlaps with empty N region due to no complete NDN coverage: 0 (0%)
Number of left-side alignments: 793 (15.03%)
Number of right-side alignments: 2473 (46.87%)
Complex overlaps: 0 (0%)
Over-overlaps: 0 (0%)
Partial alignments written to output: 4118 (78.05%)

>>>>>>>>>>>>>>>>>> mixcr assemblePartial <<<<<<<<<<<<<<<<<<
Running:
mixcr assemblePartial --report /projects/rpci/songyao/pnfioric/arc_project/airr_calculation/tcr_quant/results/mixcr_RS-04396661.assemblePartial.report.txt --json-report /projects/rpci/songyao/pnfioric/arc_project/airr_calculation/tcr_quant/results/mixcr_RS-04396661.assemblePartial.report.json /projects/rpci/songyao/pnfioric/arc_project/airr_calculation/tcr_quant/results/mixcr_RS-04396661.passembled.1.vdjca /projects/rpci/songyao/pnfioric/arc_project/airr_calculation/tcr_quant/results/mixcr_RS-04396661.passembled.2.vdjca
Building index: 0%
Searching for overlaps: 0%
================= report: assemblePartial =================
Analysis time: 100ms
Total alignments analysed: 5268
Number of output alignments: 5268 (100%)
Alignments already with CDR3 (no overlapping is performed): 1150 (21.83%)
Successfully overlapped alignments: 0 (0%)
Left parts with too small N-region (failed to extract k-mer): 882 (16.74%)
Extracted k-mer diversity: 3743
Dropped due to wildcard in k-mer: 0 (0%)
Dropped due to too short NRegion parts in overlap: 24 (0.46%)
Dropped overlaps with empty N region due to no complete NDN coverage: 0 (0%)
Number of left-side alignments: 785 (14.9%)
Number of right-side alignments: 2465 (46.79%)
Complex overlaps: 0 (0%)
Over-overlaps: 0 (0%)
Partial alignments written to output: 4118 (78.17%)

>>>>>>>>>>>>>>>>>>>>>>> mixcr extend <<<<<<<<<<<<<<<<<<<<<<<
Running:
mixcr extend --report /projects/rpci/songyao/pnfioric/arc_project/airr_calculation/tcr_quant/results/mixcr_RS-04396661.extend.report.txt --json-report /projects/rpci/songyao/pnfioric/arc_project/airr_calculation/tcr_quant/results/mixcr_RS-04396661.extend.report.json --threads 12 /projects/rpci/songyao/pnfioric/arc_project/airr_calculation/tcr_quant/results/mixcr_RS-04396661.passembled.2.vdjca /projects/rpci/songyao/pnfioric/arc_project/airr_calculation/tcr_quant/results/mixcr_RS-04396661.extended.vdjca
Extending alignments: 0%
====================== report: extend ======================
Analysis time: 76ms
Extended alignments count: 5 (0.09%)
V extensions total: 0 (0%)
V extensions with merged targets: 0 (0%)
J extensions total: 5 (0.09%)
J extensions with merged targets: 0 (0%)
V+J extensions: 0 (0%)
Mean V extension length: NaN
Mean J extension length: 12.0

>>>>>>>>>>>>>>>>>>>>>> mixcr assemble <<<<<<<<<<<<<<<<<<<<<<
Running:
mixcr assemble --report /projects/rpci/songyao/pnfioric/arc_project/airr_calculation/tcr_quant/results/mixcr_RS-04396661.assemble.report.txt --json-report /projects/rpci/songyao/pnfioric/arc_project/airr_calculation/tcr_quant/results/mixcr_RS-04396661.assemble.report.json /projects/rpci/songyao/pnfioric/arc_project/airr_calculation/tcr_quant/results/mixcr_RS-04396661.extended.vdjca /projects/rpci/songyao/pnfioric/arc_project/airr_calculation/tcr_quant/results/mixcr_RS-04396661.clna
Initialization: progress unknown
Initialization: progress unknown
===================== report: assemble =====================
Analysis time: 941ms
Final clonotype count: 387
Reads used in clonotypes, percent of total: 1048 (0%)
Average number of reads per clonotype: 2.71
Reads dropped due to the lack of a clone sequence, percent of total: 4191 (0.01%)
Reads dropped due to a too short clonal sequence, percent of total: 0 (0%)
Reads dropped due to low quality, percent of total: 0 (0%)
Reads dropped due to failed mapping, percent of total: 37 (0%)
Reads dropped with low quality clones, percent of total: 0 (0%)
Aligned reads processed: 1085
Reads used in clonotypes before clustering, percent of total: 1048 (0%)
Number of reads used as a core, percent of used: 1046 (99.81%)
Mapped low quality reads, percent of used: 2 (0.19%)
Reads clustered in PCR error correction, percent of used: 0 (0%)
Reads pre-clustered due to the similar VJC-lists, percent of used: 0 (0%)
Clonotypes dropped as low quality: 0
Clonotypes eliminated by PCR error correction: 0
Clonotypes pre-clustered due to the similar VJC-lists: 0
Clones dropped in post filtering: 0 (0%)
Reads dropped in post filtering: 0.0 (0%)
Reads filtered by tag prefix: 0 (0%)
TRA chains: 9 (2.33%)
TRA non-functional: 2 (22.22%)
TRB chains: 3 (0.78%)
TRB non-functional: 0 (0%)
TRG chains: 1 (0.26%)
TRG non-functional: 1 (100%)
IGH chains: 92 (23.77%)
IGH non-functional: 2 (2.17%)
IGK chains: 178 (45.99%)
IGK non-functional: 9 (5.06%)
IGL chains: 104 (26.87%)
IGL non-functional: 2 (1.92%)

>>>>>>>>>>>>>>>>>> mixcr assembleContigs <<<<<<<<<<<<<<<<<<
Running:
mixcr assembleContigs --report /projects/rpci/songyao/pnfioric/arc_project/airr_calculation/tcr_quant/results/mixcr_RS-04396661.assembleContigs.report.txt --json-report /projects/rpci/songyao/pnfioric/arc_project/airr_calculation/tcr_quant/results/mixcr_RS-04396661.assembleContigs.report.json --threads 12 /projects/rpci/songyao/pnfioric/arc_project/airr_calculation/tcr_quant/results/mixcr_RS-04396661.clna /projects/rpci/songyao/pnfioric/arc_project/airr_calculation/tcr_quant/results/mixcr_RS-04396661.contigs.clns
Assembling contigs: 0%
================= report: assembleContigs =================
Analysis time: 577ms
Initial clonotype count: 387
Final clonotype count: 387 (100%)
Canceled assemblies: 0 (0%)
Clones filtered out after assemble: 0 (0%)
Number of premature termination assembly events, percent of number of initial clonotypes: 0.0 (0%)
Longest contig length: 297
Clustered variants: 0 (0%)
Reads in clustered variants: 0.0 (0%)
Reads in divided (newly created) clones: 0.0 (0%)
Clones with ambiguous letters in splitting region: 0 (0%)
Reads in clones with ambiguous letters in splitting region: 0.0 (0%)
Average number of ambiguous letters per clone with ambiguous letters in splitting region: NaN
Clones combined after clustering: 0 (0%)

>>>>>>>>>>>>>>>>>>>>>>>>> mixcr qc <<<<<<<<<<<<<<<<<<<<<<<<<
Running:
mixcr qc --print-to-stdout /projects/rpci/songyao/pnfioric/arc_project/airr_calculation/tcr_quant/results/mixcr_RS-04396661.contigs.clns /projects/rpci/songyao/pnfioric/arc_project/airr_calculation/tcr_quant/results/mixcr_RS-04396661.qc.txt /projects/rpci/songyao/pnfioric/arc_project/airr_calculation/tcr_quant/results/mixcr_RS-04396661.qc.json

  Alignments dropped due to low sequence quality: 0.0% [OK]

>>>>>>>>>>>>>>>>>>>> mixcr exportClones <<<<<<<<<<<<<<<<<<<<
Running:
mixcr exportClones /projects/rpci/songyao/pnfioric/arc_project/airr_calculation/tcr_quant/results/mixcr_RS-04396661.contigs.clns /projects/rpci/songyao/pnfioric/arc_project/airr_calculation/tcr_quant/results/mixcr_RS-04396661.clones.tsv
Analysis finished successfully.
===============================
Visualize results and simplify your immune data analysis with a convenient UI.
Explore and install Platforma.bio here: https://platforma.bio
