Exporting TRB
Exporting clones: 12.5%
Filtered 8 of 440 clones (98.18%).
Filtered 13.0 of 999.0 reads (98.7%).
Exporting TRA
Exporting clones: 7.7%
Filtered 13 of 440 clones (97.05%).
Filtered 18.0 of 999.0 reads (98.2%).
Exporting IGH
Exporting clones: 1%
Filtered 100 of 440 clones (77.27%).
Filtered 200.0 of 999.0 reads (79.98%).
Exporting TRG
Exporting clones: 50%
Filtered 2 of 440 clones (99.55%).
Filtered 2.0 of 999.0 reads (99.8%).
Exporting IGL
Exporting clones: 1.1%
Filtered 92 of 440 clones (79.09%).
Filtered 224.0 of 999.0 reads (77.58%).
Exporting IGK
Exporting clones: 0.4%
Filtered 225 of 440 clones (48.86%).
Filtered 542.0 of 999.0 reads (45.75%).
