WARNING: sun.reflect.Reflection.getCallerClass is not supported. This will impact performance.

>>>>>>>>>>>>>>>>>>>>>>> mixcr align <<<<<<<<<<<<<<<<<<<<<<<
Running:
mixcr align --report /projects/rpci/songyao/pnfioric/arc_project/airr_calculation/tcr_quant/results/mixcr_RS-04430868.align.report.txt --json-report /projects/rpci/songyao/pnfioric/arc_project/airr_calculation/tcr_quant/results/mixcr_RS-04430868.align.report.json --threads 12 --preset rna-seq --save-output-file-names /projects/rpci/songyao/pnfioric/arc_project/airr_calculation/tcr_quant/results/mixcr_RS-04430868.align.list.tsv --species hsa /projects/rpci/songyao/pnfioric/arc_project/airr_calculation/fastq_files/RS-04430868/RS-04430868_HAYS07015124-B7_RS-03747921_S80_R1_001.fastq.gz /projects/rpci/songyao/pnfioric/arc_project/airr_calculation/fastq_files/RS-04430868/RS-04430868_HAYS07015124-B7_RS-03747921_S80_R2_001.fastq.gz /projects/rpci/songyao/pnfioric/arc_project/airr_calculation/tcr_quant/results/mixcr_RS-04430868.alignments.vdjca
Alignment: 0%
Alignment: 4.6%  ETA: 00:41:54
Alignment: 9.2%  ETA: 00:39:11
Alignment: 13.8%  ETA: 00:37:31
Alignment: 18.4%  ETA: 00:35:31
Alignment: 23%  ETA: 00:33:13
Alignment: 27.6%  ETA: 00:31:30
Alignment: 32.4%  ETA: 00:28:28
Alignment: 37.1%  ETA: 00:26:28
Alignment: 41.8%  ETA: 00:24:41
Alignment: 46.5%  ETA: 00:22:41
Alignment: 51.2%  ETA: 00:20:53
Alignment: 55.8%  ETA: 00:19:03
Alignment: 60.5%  ETA: 00:16:54
Alignment: 65.1%  ETA: 00:15:02
Alignment: 69.8%  ETA: 00:13:02
Alignment: 74.5%  ETA: 00:10:56
Alignment: 79.1%  ETA: 00:08:56
Alignment: 83.8%  ETA: 00:06:51
Alignment: 88.6%  ETA: 00:04:51
Alignment: 93.3%  ETA: 00:02:51
Alignment: 98%  ETA: 00:00:51
====================== report: align ======================
Analysis time: 42.92m
Total sequencing reads: 47460931
Successfully aligned reads: 7426 (0.02%)
Coverage (percent of successfully aligned):
  CDR3: 1964 (26.45%)
  FR3_TO_FR4: 16 (0.22%)
  CDR2_TO_FR4: 7 (0.09%)
  FR2_TO_FR4: 0 (0%)
  CDR1_TO_FR4: 0 (0%)
  VDJRegion: 0 (0%)
Alignment failed: no hits (not TCR/IG?): 46359350 (97.68%)
Alignment failed after alignment-aided overlap: 1 (0%)
Alignment failed: no CDR3 parts: 21526 (0.05%)
Alignment failed: low total score: 1072628 (2.26%)
Overlapped: 41998557 (88.49%)
Overlapped and aligned: 6947 (0.01%)
Overlapped and not aligned: 41991610 (88.48%)
Alignment-aided overlaps, percent of overlapped and aligned: 135 (1.94%)
No CDR3 parts alignments, percent of successfully aligned: 117 (1.58%)
Partial aligned reads, percent of successfully aligned: 5345 (71.98%)
V gene chimeras: 9 (0%)
Paired-end alignment conflicts eliminated: 2 (0%)
Realigned with forced non-floating bound: 10925018 (23.02%)
Realigned with forced non-floating right bound in left read: 563 (0%)
Realigned with forced non-floating left bound in right read: 563 (0%)
TRA chains: 563 (7.58%)
TRA non-functional: 4 (0.71%)
TRB chains: 176 (2.37%)
TRB non-functional: 0 (0%)
TRD chains: 3 (0.04%)
TRD non-functional: 0 (0%)
TRG chains: 50 (0.67%)
TRG non-functional: 4 (8%)
IGH chains: 2813 (37.88%)
IGH non-functional: 11 (0.39%)
TRAD chains: 10 (0.13%)
TRAD non-functional: 0 (0%)
IGK chains: 1982 (26.69%)
IGK non-functional: 58 (2.93%)
IGL chains: 1829 (24.63%)
IGL non-functional: 9 (0.49%)
Trimming report:
  R1 reads trimmed left: 32693 (0.07%)
  R1 reads trimmed right: 32152 (0.07%)
  Average R1 nucleotides trimmed left: 0.011357341473137137
  Average R1 nucleotides trimmed right: 0.012046982390631992
  R2 reads trimmed left: 31501 (0.07%)
  R2 reads trimmed right: 31680 (0.07%)
  Average R2 nucleotides trimmed left: 0.011324135213445349
  Average R2 nucleotides trimmed right: 0.011868920144023302

>>>>>>>>>>>>>>>>>> mixcr assemblePartial <<<<<<<<<<<<<<<<<<
Running:
mixcr assemblePartial --report /projects/rpci/songyao/pnfioric/arc_project/airr_calculation/tcr_quant/results/mixcr_RS-04430868.assemblePartial.report.txt --json-report /projects/rpci/songyao/pnfioric/arc_project/airr_calculation/tcr_quant/results/mixcr_RS-04430868.assemblePartial.report.json /projects/rpci/songyao/pnfioric/arc_project/airr_calculation/tcr_quant/results/mixcr_RS-04430868.alignments.vdjca /projects/rpci/songyao/pnfioric/arc_project/airr_calculation/tcr_quant/results/mixcr_RS-04430868.passembled.1.vdjca
Building index: 0%
Searching for overlaps: 0%
================= report: assemblePartial =================
Analysis time: 550ms
Total alignments analysed: 7426
Number of output alignments: 7403 (99.69%)
Alignments already with CDR3 (no overlapping is performed): 2018 (27.17%)
Successfully overlapped alignments: 23 (0.31%)
Left parts with too small N-region (failed to extract k-mer): 1349 (18.17%)
Extracted k-mer diversity: 6379
Dropped due to wildcard in k-mer: 0 (0%)
Dropped due to too short NRegion parts in overlap: 22 (0.3%)
Dropped overlaps with empty N region due to no complete NDN coverage: 1 (0.01%)
Number of left-side alignments: 973 (13.1%)
Number of right-side alignments: 3111 (41.89%)
Complex overlaps: 0 (0%)
Over-overlaps: 0 (0%)
Partial alignments written to output: 5362 (72.21%)

>>>>>>>>>>>>>>>>>> mixcr assemblePartial <<<<<<<<<<<<<<<<<<
Running:
mixcr assemblePartial --report /projects/rpci/songyao/pnfioric/arc_project/airr_calculation/tcr_quant/results/mixcr_RS-04430868.assemblePartial.report.txt --json-report /projects/rpci/songyao/pnfioric/arc_project/airr_calculation/tcr_quant/results/mixcr_RS-04430868.assemblePartial.report.json /projects/rpci/songyao/pnfioric/arc_project/airr_calculation/tcr_quant/results/mixcr_RS-04430868.passembled.1.vdjca /projects/rpci/songyao/pnfioric/arc_project/airr_calculation/tcr_quant/results/mixcr_RS-04430868.passembled.2.vdjca
Building index: 0%
Searching for overlaps: 0%
================= report: assemblePartial =================
Analysis time: 120ms
Total alignments analysed: 7403
Number of output alignments: 7403 (100%)
Alignments already with CDR3 (no overlapping is performed): 2040 (27.56%)
Successfully overlapped alignments: 0 (0%)
Left parts with too small N-region (failed to extract k-mer): 1349 (18.22%)
Extracted k-mer diversity: 6402
Dropped due to wildcard in k-mer: 0 (0%)
Dropped due to too short NRegion parts in overlap: 22 (0.3%)
Dropped overlaps with empty N region due to no complete NDN coverage: 1 (0.01%)
Number of left-side alignments: 951 (12.85%)
Number of right-side alignments: 3088 (41.71%)
Complex overlaps: 0 (0%)
Over-overlaps: 0 (0%)
Partial alignments written to output: 5363 (72.44%)

>>>>>>>>>>>>>>>>>>>>>>> mixcr extend <<<<<<<<<<<<<<<<<<<<<<<
Running:
mixcr extend --report /projects/rpci/songyao/pnfioric/arc_project/airr_calculation/tcr_quant/results/mixcr_RS-04430868.extend.report.txt --json-report /projects/rpci/songyao/pnfioric/arc_project/airr_calculation/tcr_quant/results/mixcr_RS-04430868.extend.report.json --threads 12 /projects/rpci/songyao/pnfioric/arc_project/airr_calculation/tcr_quant/results/mixcr_RS-04430868.passembled.2.vdjca /projects/rpci/songyao/pnfioric/arc_project/airr_calculation/tcr_quant/results/mixcr_RS-04430868.extended.vdjca
Extending alignments: 0%
====================== report: extend ======================
Analysis time: 102ms
Extended alignments count: 1 (0.01%)
V extensions total: 0 (0%)
V extensions with merged targets: 0 (0%)
J extensions total: 1 (0.01%)
J extensions with merged targets: 0 (0%)
V+J extensions: 0 (0%)
Mean V extension length: NaN
Mean J extension length: 12.0

>>>>>>>>>>>>>>>>>>>>>> mixcr assemble <<<<<<<<<<<<<<<<<<<<<<
Running:
mixcr assemble --report /projects/rpci/songyao/pnfioric/arc_project/airr_calculation/tcr_quant/results/mixcr_RS-04430868.assemble.report.txt --json-report /projects/rpci/songyao/pnfioric/arc_project/airr_calculation/tcr_quant/results/mixcr_RS-04430868.assemble.report.json /projects/rpci/songyao/pnfioric/arc_project/airr_calculation/tcr_quant/results/mixcr_RS-04430868.extended.vdjca /projects/rpci/songyao/pnfioric/arc_project/airr_calculation/tcr_quant/results/mixcr_RS-04430868.clna
Initialization: progress unknown
Initialization: progress unknown
Writing alignments: 91.2%
===================== report: assemble =====================
Analysis time: 1.33s
Final clonotype count: 946
Reads used in clonotypes, percent of total: 1846 (0%)
Average number of reads per clonotype: 1.95
Reads dropped due to the lack of a clone sequence, percent of total: 5417 (0.01%)
Reads dropped due to a too short clonal sequence, percent of total: 0 (0%)
Reads dropped due to low quality, percent of total: 0 (0%)
Reads dropped due to failed mapping, percent of total: 163 (0%)
Reads dropped with low quality clones, percent of total: 0 (0%)
Aligned reads processed: 2009
Reads used in clonotypes before clustering, percent of total: 1846 (0%)
Number of reads used as a core, percent of used: 1820 (98.59%)
Mapped low quality reads, percent of used: 26 (1.41%)
Reads clustered in PCR error correction, percent of used: 0 (0%)
Reads pre-clustered due to the similar VJC-lists, percent of used: 0 (0%)
Clonotypes dropped as low quality: 0
Clonotypes eliminated by PCR error correction: 0
Clonotypes pre-clustered due to the similar VJC-lists: 0
Clones dropped in post filtering: 0 (0%)
Reads dropped in post filtering: 0.0 (0%)
Reads filtered by tag prefix: 0 (0%)
TRA chains: 10 (1.06%)
TRA non-functional: 3 (30%)
TRB chains: 6 (0.63%)
TRB non-functional: 0 (0%)
TRG chains: 3 (0.32%)
TRG non-functional: 2 (66.67%)
IGH chains: 279 (29.49%)
IGH non-functional: 6 (2.15%)
IGK chains: 434 (45.88%)
IGK non-functional: 29 (6.68%)
IGL chains: 214 (22.62%)
IGL non-functional: 4 (1.87%)

>>>>>>>>>>>>>>>>>> mixcr assembleContigs <<<<<<<<<<<<<<<<<<
Running:
mixcr assembleContigs --report /projects/rpci/songyao/pnfioric/arc_project/airr_calculation/tcr_quant/results/mixcr_RS-04430868.assembleContigs.report.txt --json-report /projects/rpci/songyao/pnfioric/arc_project/airr_calculation/tcr_quant/results/mixcr_RS-04430868.assembleContigs.report.json --threads 12 /projects/rpci/songyao/pnfioric/arc_project/airr_calculation/tcr_quant/results/mixcr_RS-04430868.clna /projects/rpci/songyao/pnfioric/arc_project/airr_calculation/tcr_quant/results/mixcr_RS-04430868.contigs.clns
Assembling contigs: 0%
================= report: assembleContigs =================
Analysis time: 851ms
Initial clonotype count: 946
Final clonotype count: 946 (100%)
Canceled assemblies: 0 (0%)
Clones filtered out after assemble: 0 (0%)
Number of premature termination assembly events, percent of number of initial clonotypes: 0.0 (0%)
Longest contig length: 295
Clustered variants: 0 (0%)
Reads in clustered variants: 0.0 (0%)
Reads in divided (newly created) clones: 0.0 (0%)
Clones with ambiguous letters in splitting region: 0 (0%)
Reads in clones with ambiguous letters in splitting region: 0.0 (0%)
Average number of ambiguous letters per clone with ambiguous letters in splitting region: NaN
Clones combined after clustering: 0 (0%)

>>>>>>>>>>>>>>>>>>>>>>>>> mixcr qc <<<<<<<<<<<<<<<<<<<<<<<<<
Running:
mixcr qc --print-to-stdout /projects/rpci/songyao/pnfioric/arc_project/airr_calculation/tcr_quant/results/mixcr_RS-04430868.contigs.clns /projects/rpci/songyao/pnfioric/arc_project/airr_calculation/tcr_quant/results/mixcr_RS-04430868.qc.txt /projects/rpci/songyao/pnfioric/arc_project/airr_calculation/tcr_quant/results/mixcr_RS-04430868.qc.json

  Alignments dropped due to low sequence quality: 0.0% [OK]

>>>>>>>>>>>>>>>>>>>> mixcr exportClones <<<<<<<<<<<<<<<<<<<<
Running:
mixcr exportClones /projects/rpci/songyao/pnfioric/arc_project/airr_calculation/tcr_quant/results/mixcr_RS-04430868.contigs.clns /projects/rpci/songyao/pnfioric/arc_project/airr_calculation/tcr_quant/results/mixcr_RS-04430868.clones.tsv
Analysis finished successfully.
===============================
Visualize results and simplify your immune data analysis with a convenient UI.
Explore and install Platforma.bio here: https://platforma.bio
