Exporting TRB
Exporting clones: 100%
Filtered 1 of 129 clones (99.22%).
Filtered 1.0 of 246.0 reads (99.59%).
Exporting TRA
Exporting clones: 25%
Filtered 4 of 129 clones (96.9%).
Filtered 7.0 of 246.0 reads (97.15%).
Exporting IGH
Exporting clones: 3.4%
Filtered 29 of 129 clones (77.52%).
Filtered 56.0 of 246.0 reads (77.24%).
Exporting TRG
Exporting clones: 100%
Filtered 1 of 129 clones (99.22%).
Filtered 2.0 of 246.0 reads (99.19%).
Exporting IGL
Exporting clones: 4%
Filtered 25 of 129 clones (80.62%).
Filtered 43.0 of 246.0 reads (82.52%).
Exporting IGK
Exporting clones: 1.4%
Filtered 69 of 129 clones (46.51%).
Filtered 137.0 of 246.0 reads (44.31%).
