WARNING: sun.reflect.Reflection.getCallerClass is not supported. This will impact performance.

>>>>>>>>>>>>>>>>>>>>>>> mixcr align <<<<<<<<<<<<<<<<<<<<<<<
Running:
mixcr align --report /projects/rpci/songyao/pnfioric/arc_project/airr_calculation/tcr_quant/results/mixcr_RS-04367357.align.report.txt --json-report /projects/rpci/songyao/pnfioric/arc_project/airr_calculation/tcr_quant/results/mixcr_RS-04367357.align.report.json --threads 12 --preset rna-seq --save-output-file-names /projects/rpci/songyao/pnfioric/arc_project/airr_calculation/tcr_quant/results/mixcr_RS-04367357.align.list.tsv --species hsa /projects/rpci/songyao/pnfioric/arc_project/airr_calculation/fastq_files/RS-04367357/RS-04367357_OAKS09001557-B3_RS-03756155_S23_R1_001.fastq.gz /projects/rpci/songyao/pnfioric/arc_project/airr_calculation/fastq_files/RS-04367357/RS-04367357_OAKS09001557-B3_RS-03756155_S23_R2_001.fastq.gz /projects/rpci/songyao/pnfioric/arc_project/airr_calculation/tcr_quant/results/mixcr_RS-04367357.alignments.vdjca
Alignment: 0%
Alignment: 3.2%  ETA: 00:59:42
Alignment: 6.5%  ETA: 00:57:41
Alignment: 9.8%  ETA: 00:54:36
Alignment: 13.1%  ETA: 00:52:04
Alignment: 16.3%  ETA: 00:52:07
Alignment: 19.6%  ETA: 00:49:36
Alignment: 22.9%  ETA: 00:47:07
Alignment: 26.1%  ETA: 00:46:04
Alignment: 29.3%  ETA: 00:44:03
Alignment: 32.5%  ETA: 00:42:30
Alignment: 35.7%  ETA: 00:39:40
Alignment: 38.8%  ETA: 00:39:41
Alignment: 42%  ETA: 00:36:31
Alignment: 45.2%  ETA: 00:33:48
Alignment: 48.5%  ETA: 00:31:09
Alignment: 51.8%  ETA: 00:29:27
Alignment: 55.1%  ETA: 00:27:27
Alignment: 58.3%  ETA: 00:25:27
Alignment: 61.6%  ETA: 00:23:42
Alignment: 64.8%  ETA: 00:21:56
Alignment: 68%  ETA: 00:19:43
Alignment: 71.3%  ETA: 00:17:32
Alignment: 74.5%  ETA: 00:15:52
Alignment: 77.8%  ETA: 00:13:25
Alignment: 81.1%  ETA: 00:11:33
Alignment: 84.4%  ETA: 00:09:26
Alignment: 87.7%  ETA: 00:07:26
Alignment: 90.9%  ETA: 00:05:35
Alignment: 94.3%  ETA: 00:03:28
Alignment: 97.6%  ETA: 00:01:26
====================== report: align ======================
Analysis time: 61.53m
Total sequencing reads: 60792978
Successfully aligned reads: 3186 (0.01%)
Coverage (percent of successfully aligned):
  CDR3: 774 (24.29%)
  FR3_TO_FR4: 10 (0.31%)
  CDR2_TO_FR4: 6 (0.19%)
  FR2_TO_FR4: 0 (0%)
  CDR1_TO_FR4: 0 (0%)
  VDJRegion: 0 (0%)
Alignment failed: no hits (not TCR/IG?): 59270418 (97.5%)
Alignment failed: no CDR3 parts: 17557 (0.03%)
Alignment failed: low total score: 1501817 (2.47%)
Overlapped: 52148128 (85.78%)
Overlapped and aligned: 2861 (0%)
Overlapped and not aligned: 52145267 (85.78%)
Alignment-aided overlaps, percent of overlapped and aligned: 90 (3.15%)
No CDR3 parts alignments, percent of successfully aligned: 49 (1.54%)
Partial aligned reads, percent of successfully aligned: 2363 (74.17%)
V gene chimeras: 2 (0%)
Paired-end alignment conflicts eliminated: 2 (0%)
Realigned with forced non-floating bound: 17289880 (28.44%)
Realigned with forced non-floating right bound in left read: 787 (0%)
Realigned with forced non-floating left bound in right read: 787 (0%)
TRA chains: 558 (17.51%)
TRA non-functional: 2 (0.36%)
TRB chains: 152 (4.77%)
TRB non-functional: 1 (0.66%)
TRD chains: 7 (0.22%)
TRD non-functional: 0 (0%)
TRG chains: 30 (0.94%)
TRG non-functional: 3 (10%)
IGH chains: 898 (28.19%)
IGH non-functional: 10 (1.11%)
TRAD chains: 10 (0.31%)
TRAD non-functional: 0 (0%)
IGK chains: 705 (22.13%)
IGK non-functional: 10 (1.42%)
IGL chains: 826 (25.93%)
IGL non-functional: 2 (0.24%)
Trimming report:
  R1 reads trimmed left: 2157 (0%)
  R1 reads trimmed right: 2719 (0%)
  Average R1 nucleotides trimmed left: 6.025695928236975E-4
  Average R1 nucleotides trimmed right: 7.61305030985651E-4
  R2 reads trimmed left: 3977 (0.01%)
  R2 reads trimmed right: 4419 (0.01%)
  Average R2 nucleotides trimmed left: 6.644188412681478E-4
  Average R2 nucleotides trimmed right: 0.0018916822926489964

>>>>>>>>>>>>>>>>>> mixcr assemblePartial <<<<<<<<<<<<<<<<<<
Running:
mixcr assemblePartial --report /projects/rpci/songyao/pnfioric/arc_project/airr_calculation/tcr_quant/results/mixcr_RS-04367357.assemblePartial.report.txt --json-report /projects/rpci/songyao/pnfioric/arc_project/airr_calculation/tcr_quant/results/mixcr_RS-04367357.assemblePartial.report.json /projects/rpci/songyao/pnfioric/arc_project/airr_calculation/tcr_quant/results/mixcr_RS-04367357.alignments.vdjca /projects/rpci/songyao/pnfioric/arc_project/airr_calculation/tcr_quant/results/mixcr_RS-04367357.passembled.1.vdjca
Building index: 0%
Searching for overlaps: 0%
================= report: assemblePartial =================
Analysis time: 331ms
Total alignments analysed: 3186
Number of output alignments: 3181 (99.84%)
Alignments already with CDR3 (no overlapping is performed): 816 (25.61%)
Successfully overlapped alignments: 5 (0.16%)
Left parts with too small N-region (failed to extract k-mer): 480 (15.07%)
Extracted k-mer diversity: 4147
Dropped due to wildcard in k-mer: 0 (0%)
Dropped due to too short NRegion parts in overlap: 1 (0.03%)
Dropped overlaps with empty N region due to no complete NDN coverage: 0 (0%)
Number of left-side alignments: 450 (14.12%)
Number of right-side alignments: 1452 (45.57%)
Complex overlaps: 0 (0%)
Over-overlaps: 0 (0%)
Partial alignments written to output: 2360 (74.07%)

>>>>>>>>>>>>>>>>>> mixcr assemblePartial <<<<<<<<<<<<<<<<<<
Running:
mixcr assemblePartial --report /projects/rpci/songyao/pnfioric/arc_project/airr_calculation/tcr_quant/results/mixcr_RS-04367357.assemblePartial.report.txt --json-report /projects/rpci/songyao/pnfioric/arc_project/airr_calculation/tcr_quant/results/mixcr_RS-04367357.assemblePartial.report.json /projects/rpci/songyao/pnfioric/arc_project/airr_calculation/tcr_quant/results/mixcr_RS-04367357.passembled.1.vdjca /projects/rpci/songyao/pnfioric/arc_project/airr_calculation/tcr_quant/results/mixcr_RS-04367357.passembled.2.vdjca
Building index: 0%
Searching for overlaps: 0.1%
================= report: assemblePartial =================
Analysis time: 71ms
Total alignments analysed: 3181
Number of output alignments: 3181 (100%)
Alignments already with CDR3 (no overlapping is performed): 821 (25.81%)
Successfully overlapped alignments: 0 (0%)
Left parts with too small N-region (failed to extract k-mer): 480 (15.09%)
Extracted k-mer diversity: 4095
Dropped due to wildcard in k-mer: 0 (0%)
Dropped due to too short NRegion parts in overlap: 0 (0%)
Dropped overlaps with empty N region due to no complete NDN coverage: 0 (0%)
Number of left-side alignments: 445 (13.99%)
Number of right-side alignments: 1447 (45.49%)
Complex overlaps: 0 (0%)
Over-overlaps: 0 (0%)
Partial alignments written to output: 2360 (74.19%)

>>>>>>>>>>>>>>>>>>>>>>> mixcr extend <<<<<<<<<<<<<<<<<<<<<<<
Running:
mixcr extend --report /projects/rpci/songyao/pnfioric/arc_project/airr_calculation/tcr_quant/results/mixcr_RS-04367357.extend.report.txt --json-report /projects/rpci/songyao/pnfioric/arc_project/airr_calculation/tcr_quant/results/mixcr_RS-04367357.extend.report.json --threads 12 /projects/rpci/songyao/pnfioric/arc_project/airr_calculation/tcr_quant/results/mixcr_RS-04367357.passembled.2.vdjca /projects/rpci/songyao/pnfioric/arc_project/airr_calculation/tcr_quant/results/mixcr_RS-04367357.extended.vdjca
Extending alignments: 0%
====================== report: extend ======================
Analysis time: 32ms
Extended alignments count: 5 (0.16%)
V extensions total: 5 (0.16%)
V extensions with merged targets: 0 (0%)
J extensions total: 0 (0%)
J extensions with merged targets: 0 (0%)
V+J extensions: 0 (0%)
Mean V extension length: 3.4
Mean J extension length: NaN

>>>>>>>>>>>>>>>>>>>>>> mixcr assemble <<<<<<<<<<<<<<<<<<<<<<
Running:
mixcr assemble --report /projects/rpci/songyao/pnfioric/arc_project/airr_calculation/tcr_quant/results/mixcr_RS-04367357.assemble.report.txt --json-report /projects/rpci/songyao/pnfioric/arc_project/airr_calculation/tcr_quant/results/mixcr_RS-04367357.assemble.report.json /projects/rpci/songyao/pnfioric/arc_project/airr_calculation/tcr_quant/results/mixcr_RS-04367357.extended.vdjca /projects/rpci/songyao/pnfioric/arc_project/airr_calculation/tcr_quant/results/mixcr_RS-04367357.clna
Initialization: progress unknown
Initialization: progress unknown
===================== report: assemble =====================
Analysis time: 847ms
Final clonotype count: 463
Reads used in clonotypes, percent of total: 748 (0%)
Average number of reads per clonotype: 1.62
Reads dropped due to the lack of a clone sequence, percent of total: 2397 (0%)
Reads dropped due to a too short clonal sequence, percent of total: 0 (0%)
Reads dropped due to low quality, percent of total: 0 (0%)
Reads dropped due to failed mapping, percent of total: 41 (0%)
Reads dropped with low quality clones, percent of total: 0 (0%)
Aligned reads processed: 789
Reads used in clonotypes before clustering, percent of total: 748 (0%)
Number of reads used as a core, percent of used: 744 (99.47%)
Mapped low quality reads, percent of used: 4 (0.53%)
Reads clustered in PCR error correction, percent of used: 0 (0%)
Reads pre-clustered due to the similar VJC-lists, percent of used: 0 (0%)
Clonotypes dropped as low quality: 0
Clonotypes eliminated by PCR error correction: 0
Clonotypes pre-clustered due to the similar VJC-lists: 0
Clones dropped in post filtering: 0 (0%)
Reads dropped in post filtering: 0.0 (0%)
Reads filtered by tag prefix: 0 (0%)
TRA chains: 7 (1.51%)
TRA non-functional: 2 (28.57%)
TRB chains: 7 (1.51%)
TRB non-functional: 1 (14.29%)
TRG chains: 3 (0.65%)
TRG non-functional: 3 (100%)
IGH chains: 125 (27%)
IGH non-functional: 2 (1.6%)
IGK chains: 208 (44.92%)
IGK non-functional: 4 (1.92%)
IGL chains: 113 (24.41%)
IGL non-functional: 2 (1.77%)

>>>>>>>>>>>>>>>>>> mixcr assembleContigs <<<<<<<<<<<<<<<<<<
Running:
mixcr assembleContigs --report /projects/rpci/songyao/pnfioric/arc_project/airr_calculation/tcr_quant/results/mixcr_RS-04367357.assembleContigs.report.txt --json-report /projects/rpci/songyao/pnfioric/arc_project/airr_calculation/tcr_quant/results/mixcr_RS-04367357.assembleContigs.report.json --threads 12 /projects/rpci/songyao/pnfioric/arc_project/airr_calculation/tcr_quant/results/mixcr_RS-04367357.clna /projects/rpci/songyao/pnfioric/arc_project/airr_calculation/tcr_quant/results/mixcr_RS-04367357.contigs.clns
Assembling contigs: 0%
================= report: assembleContigs =================
Analysis time: 510ms
Initial clonotype count: 463
Final clonotype count: 463 (100%)
Canceled assemblies: 0 (0%)
Clones filtered out after assemble: 0 (0%)
Number of premature termination assembly events, percent of number of initial clonotypes: 0.0 (0%)
Longest contig length: 280
Clustered variants: 0 (0%)
Reads in clustered variants: 0.0 (0%)
Reads in divided (newly created) clones: 0.0 (0%)
Clones with ambiguous letters in splitting region: 0 (0%)
Reads in clones with ambiguous letters in splitting region: 0.0 (0%)
Average number of ambiguous letters per clone with ambiguous letters in splitting region: NaN
Clones combined after clustering: 0 (0%)

>>>>>>>>>>>>>>>>>>>>>>>>> mixcr qc <<<<<<<<<<<<<<<<<<<<<<<<<
Running:
mixcr qc --print-to-stdout /projects/rpci/songyao/pnfioric/arc_project/airr_calculation/tcr_quant/results/mixcr_RS-04367357.contigs.clns /projects/rpci/songyao/pnfioric/arc_project/airr_calculation/tcr_quant/results/mixcr_RS-04367357.qc.txt /projects/rpci/songyao/pnfioric/arc_project/airr_calculation/tcr_quant/results/mixcr_RS-04367357.qc.json

  Alignments dropped due to low sequence quality: 0.0% [OK]

>>>>>>>>>>>>>>>>>>>> mixcr exportClones <<<<<<<<<<<<<<<<<<<<
Running:
mixcr exportClones /projects/rpci/songyao/pnfioric/arc_project/airr_calculation/tcr_quant/results/mixcr_RS-04367357.contigs.clns /projects/rpci/songyao/pnfioric/arc_project/airr_calculation/tcr_quant/results/mixcr_RS-04367357.clones.tsv
Analysis finished successfully.
===============================
Visualize results and simplify your immune data analysis with a convenient UI.
Explore and install Platforma.bio here: https://platforma.bio
