Exporting TRB
Exporting clones: 100%
Filtered 1 of 1021 clones (99.9%).
Filtered 14.0 of 12388.0 reads (99.89%).
Exporting TRA
Exporting clones: 20%
Filtered 5 of 1021 clones (99.51%).
Filtered 23.0 of 12388.0 reads (99.81%).
Exporting IGH
Exporting clones: 0.3%
Filtered 317 of 1021 clones (68.95%).
Filtered 3310.0 of 12388.0 reads (73.28%).
Exporting TRG
Exporting clones: 50%
Filtered 2 of 1021 clones (99.8%).
Filtered 19.0 of 12388.0 reads (99.85%).
Exporting IGL
Exporting clones: 0.4%
Filtered 267 of 1021 clones (73.85%).
Filtered 3569.0 of 12388.0 reads (71.19%).
Exporting IGK
Exporting clones: 0.2%
Filtered 429 of 1021 clones (57.98%).
Filtered 5453.0 of 12388.0 reads (55.98%).
