WARNING: sun.reflect.Reflection.getCallerClass is not supported. This will impact performance.

>>>>>>>>>>>>>>>>>>>>>>> mixcr align <<<<<<<<<<<<<<<<<<<<<<<
Running:
mixcr align --report /projects/rpci/songyao/pnfioric/arc_project/airr_calculation/tcr_quant/results/mixcr_RS-04396758.align.report.txt --json-report /projects/rpci/songyao/pnfioric/arc_project/airr_calculation/tcr_quant/results/mixcr_RS-04396758.align.report.json --threads 12 --preset rna-seq --save-output-file-names /projects/rpci/songyao/pnfioric/arc_project/airr_calculation/tcr_quant/results/mixcr_RS-04396758.align.list.tsv --species hsa /projects/rpci/songyao/pnfioric/arc_project/airr_calculation/fastq_files/RS-04396758/RS-04396758_FP-98-8950-F_RS-04089053_S97_R1_001.fastq.gz /projects/rpci/songyao/pnfioric/arc_project/airr_calculation/fastq_files/RS-04396758/RS-04396758_FP-98-8950-F_RS-04089053_S97_R2_001.fastq.gz /projects/rpci/songyao/pnfioric/arc_project/airr_calculation/tcr_quant/results/mixcr_RS-04396758.alignments.vdjca
Alignment: 0%
Alignment: 3%  ETA: 01:04:17
Alignment: 6.1%  ETA: 01:00:44
Alignment: 9.2%  ETA: 00:59:13
Alignment: 12.2%  ETA: 00:57:43
Alignment: 15.3%  ETA: 00:54:47
Alignment: 18.4%  ETA: 00:52:19
Alignment: 21.5%  ETA: 00:50:45
Alignment: 24.6%  ETA: 00:48:45
Alignment: 27.7%  ETA: 00:47:34
Alignment: 30.7%  ETA: 00:45:33
Alignment: 33.7%  ETA: 00:43:34
Alignment: 36.8%  ETA: 00:41:33
Alignment: 39.8%  ETA: 00:39:34
Alignment: 42.9%  ETA: 00:37:15
Alignment: 46%  ETA: 00:35:14
Alignment: 49%  ETA: 00:33:32
Alignment: 52%  ETA: 00:31:32
Alignment: 55.1%  ETA: 00:29:16
Alignment: 58.2%  ETA: 00:27:31
Alignment: 61.2%  ETA: 00:25:30
Alignment: 64.2%  ETA: 00:23:31
Alignment: 67.3%  ETA: 00:21:08
Alignment: 70.4%  ETA: 00:19:08
Alignment: 73.5%  ETA: 00:17:17
Alignment: 76.5%  ETA: 00:15:25
Alignment: 79.6%  ETA: 00:13:25
Alignment: 82.6%  ETA: 00:11:32
Alignment: 85.7%  ETA: 00:09:21
Alignment: 88.7%  ETA: 00:07:25
Alignment: 91.8%  ETA: 00:05:22
Alignment: 94.9%  ETA: 00:03:17
Alignment: 98%  ETA: 00:01:18
====================== report: align ======================
Analysis time: 65.35m
Total sequencing reads: 81043112
Successfully aligned reads: 1676 (0%)
Coverage (percent of successfully aligned):
  CDR3: 12 (0.72%)
  FR3_TO_FR4: 0 (0%)
  CDR2_TO_FR4: 0 (0%)
  FR2_TO_FR4: 0 (0%)
  CDR1_TO_FR4: 0 (0%)
  VDJRegion: 0 (0%)
Alignment failed: no hits (not TCR/IG?): 78736746 (97.15%)
Alignment failed: no CDR3 parts: 15403 (0.02%)
Alignment failed: low total score: 2289287 (2.82%)
Overlapped: 68144134 (84.08%)
Overlapped and aligned: 1610 (0%)
Overlapped and not aligned: 68142524 (84.08%)
Alignment-aided overlaps, percent of overlapped and aligned: 0 (0%)
No CDR3 parts alignments, percent of successfully aligned: 4 (0.24%)
Partial aligned reads, percent of successfully aligned: 1660 (99.05%)
Realigned with forced non-floating bound: 25797956 (31.83%)
Realigned with forced non-floating right bound in left read: 774 (0%)
Realigned with forced non-floating left bound in right read: 774 (0%)
TRA chains: 619 (36.93%)
TRA non-functional: 0 (0%)
TRB chains: 165 (9.84%)
TRB non-functional: 0 (0%)
IGH chains: 404 (24.11%)
IGH non-functional: 0 (0%)
TRAD chains: 39 (2.33%)
TRAD non-functional: 0 (0%)
IGK chains: 196 (11.69%)
IGK non-functional: 0 (0%)
IGL chains: 253 (15.1%)
IGL non-functional: 0 (0%)
Trimming report:
  R1 reads trimmed left: 2681587 (3.31%)
  R1 reads trimmed right: 2732004 (3.37%)
  Average R1 nucleotides trimmed left: 0.5624959095845184
  Average R1 nucleotides trimmed right: 0.6005083195719335
  R2 reads trimmed left: 2653333 (3.27%)
  R2 reads trimmed right: 2697123 (3.33%)
  Average R2 nucleotides trimmed left: 0.5558770250579717
  Average R2 nucleotides trimmed right: 0.5914475742244449

>>>>>>>>>>>>>>>>>> mixcr assemblePartial <<<<<<<<<<<<<<<<<<
Running:
mixcr assemblePartial --report /projects/rpci/songyao/pnfioric/arc_project/airr_calculation/tcr_quant/results/mixcr_RS-04396758.assemblePartial.report.txt --json-report /projects/rpci/songyao/pnfioric/arc_project/airr_calculation/tcr_quant/results/mixcr_RS-04396758.assemblePartial.report.json /projects/rpci/songyao/pnfioric/arc_project/airr_calculation/tcr_quant/results/mixcr_RS-04396758.alignments.vdjca /projects/rpci/songyao/pnfioric/arc_project/airr_calculation/tcr_quant/results/mixcr_RS-04396758.passembled.1.vdjca
Building index: 0%
Searching for overlaps: 0.1%
================= report: assemblePartial =================
Analysis time: 198ms
Total alignments analysed: 1676
Number of output alignments: 1676 (100%)
Alignments already with CDR3 (no overlapping is performed): 12 (0.72%)
Successfully overlapped alignments: 0 (0%)
Left parts with too small N-region (failed to extract k-mer): 154 (9.19%)
Extracted k-mer diversity: 239
Dropped due to wildcard in k-mer: 0 (0%)
Dropped due to too short NRegion parts in overlap: 0 (0%)
Dropped overlaps with empty N region due to no complete NDN coverage: 0 (0%)
Number of left-side alignments: 407 (24.28%)
Number of right-side alignments: 1103 (65.81%)
Complex overlaps: 0 (0%)
Over-overlaps: 0 (0%)
Partial alignments written to output: 1664 (99.28%)

>>>>>>>>>>>>>>>>>> mixcr assemblePartial <<<<<<<<<<<<<<<<<<
Running:
mixcr assemblePartial --report /projects/rpci/songyao/pnfioric/arc_project/airr_calculation/tcr_quant/results/mixcr_RS-04396758.assemblePartial.report.txt --json-report /projects/rpci/songyao/pnfioric/arc_project/airr_calculation/tcr_quant/results/mixcr_RS-04396758.assemblePartial.report.json /projects/rpci/songyao/pnfioric/arc_project/airr_calculation/tcr_quant/results/mixcr_RS-04396758.passembled.1.vdjca /projects/rpci/songyao/pnfioric/arc_project/airr_calculation/tcr_quant/results/mixcr_RS-04396758.passembled.2.vdjca
Building index: 0%
Searching for overlaps: 0.2%
================= report: assemblePartial =================
Analysis time: 99ms
Total alignments analysed: 1676
Number of output alignments: 1676 (100%)
Alignments already with CDR3 (no overlapping is performed): 12 (0.72%)
Successfully overlapped alignments: 0 (0%)
Left parts with too small N-region (failed to extract k-mer): 154 (9.19%)
Extracted k-mer diversity: 239
Dropped due to wildcard in k-mer: 0 (0%)
Dropped due to too short NRegion parts in overlap: 0 (0%)
Dropped overlaps with empty N region due to no complete NDN coverage: 0 (0%)
Number of left-side alignments: 407 (24.28%)
Number of right-side alignments: 1103 (65.81%)
Complex overlaps: 0 (0%)
Over-overlaps: 0 (0%)
Partial alignments written to output: 1664 (99.28%)

>>>>>>>>>>>>>>>>>>>>>>> mixcr extend <<<<<<<<<<<<<<<<<<<<<<<
Running:
mixcr extend --report /projects/rpci/songyao/pnfioric/arc_project/airr_calculation/tcr_quant/results/mixcr_RS-04396758.extend.report.txt --json-report /projects/rpci/songyao/pnfioric/arc_project/airr_calculation/tcr_quant/results/mixcr_RS-04396758.extend.report.json --threads 12 /projects/rpci/songyao/pnfioric/arc_project/airr_calculation/tcr_quant/results/mixcr_RS-04396758.passembled.2.vdjca /projects/rpci/songyao/pnfioric/arc_project/airr_calculation/tcr_quant/results/mixcr_RS-04396758.extended.vdjca
Extending alignments: 0%
====================== report: extend ======================
Analysis time: 19ms
Extended alignments count: 0 (0%)
V extensions total: 0 (0%)
V extensions with merged targets: 0 (0%)
J extensions total: 0 (0%)
J extensions with merged targets: 0 (0%)
V+J extensions: 0 (0%)
Mean V extension length: NaN
Mean J extension length: NaN

>>>>>>>>>>>>>>>>>>>>>> mixcr assemble <<<<<<<<<<<<<<<<<<<<<<
Running:
mixcr assemble --report /projects/rpci/songyao/pnfioric/arc_project/airr_calculation/tcr_quant/results/mixcr_RS-04396758.assemble.report.txt --json-report /projects/rpci/songyao/pnfioric/arc_project/airr_calculation/tcr_quant/results/mixcr_RS-04396758.assemble.report.json /projects/rpci/songyao/pnfioric/arc_project/airr_calculation/tcr_quant/results/mixcr_RS-04396758.extended.vdjca /projects/rpci/songyao/pnfioric/arc_project/airr_calculation/tcr_quant/results/mixcr_RS-04396758.clna
Initialization: progress unknown
Initialization: progress unknown
===================== report: assemble =====================
Analysis time: 275ms
Final clonotype count: 3
Reads used in clonotypes, percent of total: 12 (0%)
Average number of reads per clonotype: 4
Reads dropped due to the lack of a clone sequence, percent of total: 1664 (0%)
Reads dropped due to a too short clonal sequence, percent of total: 0 (0%)
Reads dropped due to low quality, percent of total: 0 (0%)
Reads dropped due to failed mapping, percent of total: 0 (0%)
Reads dropped with low quality clones, percent of total: 0 (0%)
Aligned reads processed: 12
Reads used in clonotypes before clustering, percent of total: 12 (0%)
Number of reads used as a core, percent of used: 12 (100%)
Mapped low quality reads, percent of used: 0 (0%)
Reads clustered in PCR error correction, percent of used: 0 (0%)
Reads pre-clustered due to the similar VJC-lists, percent of used: 0 (0%)
Clonotypes dropped as low quality: 0
Clonotypes eliminated by PCR error correction: 0
Clonotypes pre-clustered due to the similar VJC-lists: 0
Clones dropped in post filtering: 0 (0%)
Reads dropped in post filtering: 0.0 (0%)
Reads filtered by tag prefix: 0 (0%)
IGH chains: 1 (33.33%)
IGH non-functional: 0 (0%)
IGK chains: 2 (66.67%)
IGK non-functional: 0 (0%)

>>>>>>>>>>>>>>>>>> mixcr assembleContigs <<<<<<<<<<<<<<<<<<
Running:
mixcr assembleContigs --report /projects/rpci/songyao/pnfioric/arc_project/airr_calculation/tcr_quant/results/mixcr_RS-04396758.assembleContigs.report.txt --json-report /projects/rpci/songyao/pnfioric/arc_project/airr_calculation/tcr_quant/results/mixcr_RS-04396758.assembleContigs.report.json --threads 12 /projects/rpci/songyao/pnfioric/arc_project/airr_calculation/tcr_quant/results/mixcr_RS-04396758.clna /projects/rpci/songyao/pnfioric/arc_project/airr_calculation/tcr_quant/results/mixcr_RS-04396758.contigs.clns
Assembling contigs: 0%
================= report: assembleContigs =================
Analysis time: 113ms
Initial clonotype count: 3
Final clonotype count: 3 (100%)
Canceled assemblies: 0 (0%)
Clones filtered out after assemble: 0 (0%)
Number of premature termination assembly events, percent of number of initial clonotypes: 0.0 (0%)
Longest contig length: 133
Clustered variants: 0 (0%)
Reads in clustered variants: 0.0 (0%)
Reads in divided (newly created) clones: 0.0 (0%)
Clones with ambiguous letters in splitting region: 0 (0%)
Reads in clones with ambiguous letters in splitting region: 0.0 (0%)
Average number of ambiguous letters per clone with ambiguous letters in splitting region: NaN
Clones combined after clustering: 0 (0%)

>>>>>>>>>>>>>>>>>>>>>>>>> mixcr qc <<<<<<<<<<<<<<<<<<<<<<<<<
Running:
mixcr qc --print-to-stdout /projects/rpci/songyao/pnfioric/arc_project/airr_calculation/tcr_quant/results/mixcr_RS-04396758.contigs.clns /projects/rpci/songyao/pnfioric/arc_project/airr_calculation/tcr_quant/results/mixcr_RS-04396758.qc.txt /projects/rpci/songyao/pnfioric/arc_project/airr_calculation/tcr_quant/results/mixcr_RS-04396758.qc.json

  Alignments dropped due to low sequence quality: 0.0% [OK]

>>>>>>>>>>>>>>>>>>>> mixcr exportClones <<<<<<<<<<<<<<<<<<<<
Running:
mixcr exportClones /projects/rpci/songyao/pnfioric/arc_project/airr_calculation/tcr_quant/results/mixcr_RS-04396758.contigs.clns /projects/rpci/songyao/pnfioric/arc_project/airr_calculation/tcr_quant/results/mixcr_RS-04396758.clones.tsv
Analysis finished successfully.
===============================
Visualize results and simplify your immune data analysis with a convenient UI.
Explore and install Platforma.bio here: https://platforma.bio
