WARNING: sun.reflect.Reflection.getCallerClass is not supported. This will impact performance.

>>>>>>>>>>>>>>>>>>>>>>> mixcr align <<<<<<<<<<<<<<<<<<<<<<<
Running:
mixcr align --report /projects/rpci/songyao/pnfioric/arc_project/airr_calculation/tcr_quant/results/mixcr_RS-04430830.align.report.txt --json-report /projects/rpci/songyao/pnfioric/arc_project/airr_calculation/tcr_quant/results/mixcr_RS-04430830.align.report.json --threads 12 --preset rna-seq --save-output-file-names /projects/rpci/songyao/pnfioric/arc_project/airr_calculation/tcr_quant/results/mixcr_RS-04430830.align.list.tsv --species hsa /projects/rpci/songyao/pnfioric/arc_project/airr_calculation/fastq_files/RS-04430830/RS-04430830_SCHS09010625-D5_RS-03874397_S42_R1_001.fastq.gz /projects/rpci/songyao/pnfioric/arc_project/airr_calculation/fastq_files/RS-04430830/RS-04430830_SCHS09010625-D5_RS-03874397_S42_R2_001.fastq.gz /projects/rpci/songyao/pnfioric/arc_project/airr_calculation/tcr_quant/results/mixcr_RS-04430830.alignments.vdjca
Alignment: 0%
Alignment: 3.1%  ETA: 01:01:41
Alignment: 6.3%  ETA: 00:58:35
Alignment: 9.5%  ETA: 00:57:39
Alignment: 12.7%  ETA: 00:54:37
Alignment: 15.8%  ETA: 00:53:06
Alignment: 19%  ETA: 00:51:35
Alignment: 22.2%  ETA: 00:49:08
Alignment: 25.3%  ETA: 00:47:34
Alignment: 28.5%  ETA: 00:45:08
Alignment: 31.7%  ETA: 00:42:21
Alignment: 34.9%  ETA: 00:40:20
Alignment: 38.1%  ETA: 00:38:42
Alignment: 41.3%  ETA: 00:37:03
Alignment: 44.5%  ETA: 00:34:24
Alignment: 47.7%  ETA: 00:33:01
Alignment: 50.9%  ETA: 00:30:43
Alignment: 54%  ETA: 00:29:00
Alignment: 57.2%  ETA: 00:26:44
Alignment: 60.4%  ETA: 00:25:28
Alignment: 63.5%  ETA: 00:23:14
Alignment: 66.7%  ETA: 00:21:02
Alignment: 69.9%  ETA: 00:18:50
Alignment: 73%  ETA: 00:17:01
Alignment: 76.2%  ETA: 00:14:52
Alignment: 79.5%  ETA: 00:12:44
Alignment: 82.7%  ETA: 00:10:50
Alignment: 85.8%  ETA: 00:08:56
Alignment: 89%  ETA: 00:06:56
Alignment: 92.2%  ETA: 00:04:49
Alignment: 95.4%  ETA: 00:02:51
Alignment: 98.6%  ETA: 00:00:50
====================== report: align ======================
Analysis time: 62.92m
Total sequencing reads: 72130264
Successfully aligned reads: 6301 (0.01%)
Coverage (percent of successfully aligned):
  CDR3: 388 (6.16%)
  FR3_TO_FR4: 0 (0%)
  CDR2_TO_FR4: 0 (0%)
  FR2_TO_FR4: 0 (0%)
  CDR1_TO_FR4: 0 (0%)
  VDJRegion: 0 (0%)
Alignment failed: no hits (not TCR/IG?): 69348391 (96.14%)
Alignment failed: no CDR3 parts: 52118 (0.07%)
Alignment failed: low total score: 2723454 (3.78%)
Overlapped: 44524465 (61.73%)
Overlapped and aligned: 3082 (0%)
Overlapped and not aligned: 44521383 (61.72%)
Alignment-aided overlaps, percent of overlapped and aligned: 645 (20.93%)
No CDR3 parts alignments, percent of successfully aligned: 40 (0.63%)
Partial aligned reads, percent of successfully aligned: 5873 (93.21%)
V gene chimeras: 2 (0%)
Paired-end alignment conflicts eliminated: 2 (0%)
Realigned with forced non-floating bound: 55212888 (76.55%)
Realigned with forced non-floating right bound in left read: 4052 (0.01%)
Realigned with forced non-floating left bound in right read: 4052 (0.01%)
TRA chains: 681 (10.81%)
TRA non-functional: 0 (0%)
TRB chains: 1446 (22.95%)
TRB non-functional: 0 (0%)
TRG chains: 27 (0.43%)
TRG non-functional: 0 (0%)
TRAD chains: 594 (9.43%)
TRAD non-functional: 0 (0%)
IGH chains: 539 (8.55%)
IGH non-functional: 0 (0%)
IGK chains: 1244 (19.74%)
IGK non-functional: 0 (0%)
IGL chains: 1770 (28.09%)
IGL non-functional: 2 (0.11%)
Trimming report:
  R1 reads trimmed left: 7768338 (10.77%)
  R1 reads trimmed right: 7860329 (10.9%)
  Average R1 nucleotides trimmed left: 1.8305626609102665
  Average R1 nucleotides trimmed right: 1.9442799488436644
  R2 reads trimmed left: 7691158 (10.66%)
  R2 reads trimmed right: 7782896 (10.79%)
  Average R2 nucleotides trimmed left: 1.812755489152237
  Average R2 nucleotides trimmed right: 1.9251812110378523

>>>>>>>>>>>>>>>>>> mixcr assemblePartial <<<<<<<<<<<<<<<<<<
Running:
mixcr assemblePartial --report /projects/rpci/songyao/pnfioric/arc_project/airr_calculation/tcr_quant/results/mixcr_RS-04430830.assemblePartial.report.txt --json-report /projects/rpci/songyao/pnfioric/arc_project/airr_calculation/tcr_quant/results/mixcr_RS-04430830.assemblePartial.report.json /projects/rpci/songyao/pnfioric/arc_project/airr_calculation/tcr_quant/results/mixcr_RS-04430830.alignments.vdjca /projects/rpci/songyao/pnfioric/arc_project/airr_calculation/tcr_quant/results/mixcr_RS-04430830.passembled.1.vdjca
Building index: 0%
Searching for overlaps: 0%
================= report: assemblePartial =================
Analysis time: 294ms
Total alignments analysed: 6301
Number of output alignments: 6301 (100%)
Alignments already with CDR3 (no overlapping is performed): 388 (6.16%)
Successfully overlapped alignments: 0 (0%)
Left parts with too small N-region (failed to extract k-mer): 2448 (38.85%)
Extracted k-mer diversity: 1920
Dropped due to wildcard in k-mer: 0 (0%)
Dropped due to too short NRegion parts in overlap: 0 (0%)
Dropped overlaps with empty N region due to no complete NDN coverage: 0 (0%)
Number of left-side alignments: 2325 (36.9%)
Number of right-side alignments: 1548 (24.57%)
Complex overlaps: 0 (0%)
Over-overlaps: 0 (0%)
Partial alignments written to output: 5913 (93.84%)

>>>>>>>>>>>>>>>>>> mixcr assemblePartial <<<<<<<<<<<<<<<<<<
Running:
mixcr assemblePartial --report /projects/rpci/songyao/pnfioric/arc_project/airr_calculation/tcr_quant/results/mixcr_RS-04430830.assemblePartial.report.txt --json-report /projects/rpci/songyao/pnfioric/arc_project/airr_calculation/tcr_quant/results/mixcr_RS-04430830.assemblePartial.report.json /projects/rpci/songyao/pnfioric/arc_project/airr_calculation/tcr_quant/results/mixcr_RS-04430830.passembled.1.vdjca /projects/rpci/songyao/pnfioric/arc_project/airr_calculation/tcr_quant/results/mixcr_RS-04430830.passembled.2.vdjca
Building index: 0%
Searching for overlaps: 0%
================= report: assemblePartial =================
Analysis time: 108ms
Total alignments analysed: 6301
Number of output alignments: 6301 (100%)
Alignments already with CDR3 (no overlapping is performed): 388 (6.16%)
Successfully overlapped alignments: 0 (0%)
Left parts with too small N-region (failed to extract k-mer): 2448 (38.85%)
Extracted k-mer diversity: 1920
Dropped due to wildcard in k-mer: 0 (0%)
Dropped due to too short NRegion parts in overlap: 0 (0%)
Dropped overlaps with empty N region due to no complete NDN coverage: 0 (0%)
Number of left-side alignments: 2325 (36.9%)
Number of right-side alignments: 1548 (24.57%)
Complex overlaps: 0 (0%)
Over-overlaps: 0 (0%)
Partial alignments written to output: 5913 (93.84%)

>>>>>>>>>>>>>>>>>>>>>>> mixcr extend <<<<<<<<<<<<<<<<<<<<<<<
Running:
mixcr extend --report /projects/rpci/songyao/pnfioric/arc_project/airr_calculation/tcr_quant/results/mixcr_RS-04430830.extend.report.txt --json-report /projects/rpci/songyao/pnfioric/arc_project/airr_calculation/tcr_quant/results/mixcr_RS-04430830.extend.report.json --threads 12 /projects/rpci/songyao/pnfioric/arc_project/airr_calculation/tcr_quant/results/mixcr_RS-04430830.passembled.2.vdjca /projects/rpci/songyao/pnfioric/arc_project/airr_calculation/tcr_quant/results/mixcr_RS-04430830.extended.vdjca
Extending alignments: 0%
====================== report: extend ======================
Analysis time: 90ms
Extended alignments count: 0 (0%)
V extensions total: 0 (0%)
V extensions with merged targets: 0 (0%)
J extensions total: 0 (0%)
J extensions with merged targets: 0 (0%)
V+J extensions: 0 (0%)
Mean V extension length: NaN
Mean J extension length: NaN

>>>>>>>>>>>>>>>>>>>>>> mixcr assemble <<<<<<<<<<<<<<<<<<<<<<
Running:
mixcr assemble --report /projects/rpci/songyao/pnfioric/arc_project/airr_calculation/tcr_quant/results/mixcr_RS-04430830.assemble.report.txt --json-report /projects/rpci/songyao/pnfioric/arc_project/airr_calculation/tcr_quant/results/mixcr_RS-04430830.assemble.report.json /projects/rpci/songyao/pnfioric/arc_project/airr_calculation/tcr_quant/results/mixcr_RS-04430830.extended.vdjca /projects/rpci/songyao/pnfioric/arc_project/airr_calculation/tcr_quant/results/mixcr_RS-04430830.clna
Initialization: progress unknown
Initialization: progress unknown
===================== report: assemble =====================
Analysis time: 485ms
Final clonotype count: 12
Reads used in clonotypes, percent of total: 385 (0%)
Average number of reads per clonotype: 32.08
Reads dropped due to the lack of a clone sequence, percent of total: 5913 (0.01%)
Reads dropped due to a too short clonal sequence, percent of total: 0 (0%)
Reads dropped due to low quality, percent of total: 0 (0%)
Reads dropped due to failed mapping, percent of total: 3 (0%)
Reads dropped with low quality clones, percent of total: 0 (0%)
Aligned reads processed: 388
Reads used in clonotypes before clustering, percent of total: 385 (0%)
Number of reads used as a core, percent of used: 376 (97.66%)
Mapped low quality reads, percent of used: 9 (2.34%)
Reads clustered in PCR error correction, percent of used: 0 (0%)
Reads pre-clustered due to the similar VJC-lists, percent of used: 0 (0%)
Clonotypes dropped as low quality: 0
Clonotypes eliminated by PCR error correction: 0
Clonotypes pre-clustered due to the similar VJC-lists: 0
Clones dropped in post filtering: 0 (0%)
Reads dropped in post filtering: 0.0 (0%)
Reads filtered by tag prefix: 0 (0%)
IGH chains: 1 (8.33%)
IGH non-functional: 0 (0%)
IGK chains: 7 (58.33%)
IGK non-functional: 0 (0%)
IGL chains: 4 (33.33%)
IGL non-functional: 0 (0%)

>>>>>>>>>>>>>>>>>> mixcr assembleContigs <<<<<<<<<<<<<<<<<<
Running:
mixcr assembleContigs --report /projects/rpci/songyao/pnfioric/arc_project/airr_calculation/tcr_quant/results/mixcr_RS-04430830.assembleContigs.report.txt --json-report /projects/rpci/songyao/pnfioric/arc_project/airr_calculation/tcr_quant/results/mixcr_RS-04430830.assembleContigs.report.json --threads 12 /projects/rpci/songyao/pnfioric/arc_project/airr_calculation/tcr_quant/results/mixcr_RS-04430830.clna /projects/rpci/songyao/pnfioric/arc_project/airr_calculation/tcr_quant/results/mixcr_RS-04430830.contigs.clns
Assembling contigs: 0%
================= report: assembleContigs =================
Analysis time: 176ms
Initial clonotype count: 12
Final clonotype count: 12 (100%)
Canceled assemblies: 0 (0%)
Clones filtered out after assemble: 0 (0%)
Number of premature termination assembly events, percent of number of initial clonotypes: 0.0 (0%)
Longest contig length: 157
Clustered variants: 0 (0%)
Reads in clustered variants: 0.0 (0%)
Reads in divided (newly created) clones: 0.0 (0%)
Clones with ambiguous letters in splitting region: 0 (0%)
Reads in clones with ambiguous letters in splitting region: 0.0 (0%)
Average number of ambiguous letters per clone with ambiguous letters in splitting region: NaN
Clones combined after clustering: 0 (0%)

>>>>>>>>>>>>>>>>>>>>>>>>> mixcr qc <<<<<<<<<<<<<<<<<<<<<<<<<
Running:
mixcr qc --print-to-stdout /projects/rpci/songyao/pnfioric/arc_project/airr_calculation/tcr_quant/results/mixcr_RS-04430830.contigs.clns /projects/rpci/songyao/pnfioric/arc_project/airr_calculation/tcr_quant/results/mixcr_RS-04430830.qc.txt /projects/rpci/songyao/pnfioric/arc_project/airr_calculation/tcr_quant/results/mixcr_RS-04430830.qc.json

  Alignments dropped due to low sequence quality: 0.0% [OK]

>>>>>>>>>>>>>>>>>>>> mixcr exportClones <<<<<<<<<<<<<<<<<<<<
Running:
mixcr exportClones /projects/rpci/songyao/pnfioric/arc_project/airr_calculation/tcr_quant/results/mixcr_RS-04430830.contigs.clns /projects/rpci/songyao/pnfioric/arc_project/airr_calculation/tcr_quant/results/mixcr_RS-04430830.clones.tsv
Analysis finished successfully.
===============================
Visualize results and simplify your immune data analysis with a convenient UI.
Explore and install Platforma.bio here: https://platforma.bio
