Exporting TRB
Exporting clones: 50%
Filtered 2 of 652 clones (99.69%).
Filtered 2.0 of 1551.0 reads (99.87%).
Exporting TRA
Exporting clones: 33.3%
Filtered 3 of 652 clones (99.54%).
Filtered 10.0 of 1551.0 reads (99.36%).
Exporting IGH
Exporting clones: 0.6%
Filtered 169 of 652 clones (74.08%).
Filtered 451.0 of 1551.0 reads (70.92%).
Exporting TRG
Exporting clones: 50%
Filtered 4 of 652 clones (99.39%).
Filtered 7.0 of 1551.0 reads (99.55%).
Exporting IGL
Exporting clones: 0.8%
Filtered 129 of 652 clones (80.21%).
Filtered 334.0 of 1551.0 reads (78.47%).
Exporting IGK
Exporting clones: 0.3%
Filtered 345 of 652 clones (47.09%).
Filtered 747.0 of 1551.0 reads (51.84%).
