WARNING: sun.reflect.Reflection.getCallerClass is not supported. This will impact performance.

>>>>>>>>>>>>>>>>>>>>>>> mixcr align <<<<<<<<<<<<<<<<<<<<<<<
Running:
mixcr align --report /projects/rpci/songyao/pnfioric/arc_project/airr_calculation/tcr_quant/results/mixcr_RS-04396722.align.report.txt --json-report /projects/rpci/songyao/pnfioric/arc_project/airr_calculation/tcr_quant/results/mixcr_RS-04396722.align.report.json --threads 12 --preset rna-seq --save-output-file-names /projects/rpci/songyao/pnfioric/arc_project/airr_calculation/tcr_quant/results/mixcr_RS-04396722.align.list.tsv --species hsa /projects/rpci/songyao/pnfioric/arc_project/airr_calculation/fastq_files/RS-04396722/RS-04396722_OAKS10002330-B3_RS-03840989_S74_R1_001.fastq.gz /projects/rpci/songyao/pnfioric/arc_project/airr_calculation/fastq_files/RS-04396722/RS-04396722_OAKS10002330-B3_RS-03840989_S74_R2_001.fastq.gz /projects/rpci/songyao/pnfioric/arc_project/airr_calculation/tcr_quant/results/mixcr_RS-04396722.alignments.vdjca
Alignment: 0%
Alignment: 3.1%  ETA: 01:02:33
Alignment: 6.2%  ETA: 01:01:06
Alignment: 9.3%  ETA: 00:57:32
Alignment: 12.4%  ETA: 00:57:03
Alignment: 15.5%  ETA: 00:53:35
Alignment: 18.7%  ETA: 00:51:36
Alignment: 21.8%  ETA: 00:50:02
Alignment: 24.9%  ETA: 00:48:28
Alignment: 28%  ETA: 00:46:54
Alignment: 31.1%  ETA: 00:44:29
Alignment: 34.1%  ETA: 00:43:16
Alignment: 37.2%  ETA: 00:41:16
Alignment: 40.2%  ETA: 00:38:55
Alignment: 43.4%  ETA: 00:36:14
Alignment: 46.4%  ETA: 00:34:52
Alignment: 49.5%  ETA: 00:32:52
Alignment: 52.6%  ETA: 00:30:35
Alignment: 55.7%  ETA: 00:29:07
Alignment: 58.7%  ETA: 00:26:52
Alignment: 61.8%  ETA: 00:24:38
Alignment: 64.9%  ETA: 00:22:51
Alignment: 68%  ETA: 00:20:28
Alignment: 71.1%  ETA: 00:18:49
Alignment: 74.2%  ETA: 00:16:30
Alignment: 77.3%  ETA: 00:14:47
Alignment: 80.4%  ETA: 00:12:47
Alignment: 83.4%  ETA: 00:10:47
Alignment: 86.5%  ETA: 00:08:53
Alignment: 89.6%  ETA: 00:06:43
Alignment: 92.7%  ETA: 00:04:40
Alignment: 95.8%  ETA: 00:02:42
Alignment: 99%  ETA: 00:00:39
====================== report: align ======================
Analysis time: 64.73m
Total sequencing reads: 71545203
Successfully aligned reads: 780 (0%)
Coverage (percent of successfully aligned):
  CDR3: 88 (11.28%)
  FR3_TO_FR4: 0 (0%)
  CDR2_TO_FR4: 0 (0%)
  FR2_TO_FR4: 0 (0%)
  CDR1_TO_FR4: 0 (0%)
  VDJRegion: 0 (0%)
Alignment failed: no hits (not TCR/IG?): 69796569 (97.56%)
Alignment failed: no CDR3 parts: 15378 (0.02%)
Alignment failed: low total score: 1732476 (2.42%)
Overlapped: 64675991 (90.4%)
Overlapped and aligned: 697 (0%)
Overlapped and not aligned: 64675294 (90.4%)
Alignment-aided overlaps, percent of overlapped and aligned: 17 (2.44%)
No CDR3 parts alignments, percent of successfully aligned: 10 (1.28%)
Partial aligned reads, percent of successfully aligned: 682 (87.44%)
Realigned with forced non-floating bound: 13738458 (19.2%)
Realigned with forced non-floating right bound in left read: 739 (0%)
Realigned with forced non-floating left bound in right read: 739 (0%)
TRA chains: 200 (25.64%)
TRA non-functional: 0 (0%)
TRB chains: 110 (14.1%)
TRB non-functional: 0 (0%)
TRD chains: 5 (0.64%)
TRD non-functional: 0 (0%)
TRG chains: 5 (0.64%)
TRG non-functional: 1 (20%)
IGH chains: 144 (18.46%)
IGH non-functional: 0 (0%)
TRAD chains: 5 (0.64%)
TRAD non-functional: 0 (0%)
IGK chains: 103 (13.21%)
IGK non-functional: 1 (0.97%)
IGL chains: 208 (26.67%)
IGL non-functional: 0 (0%)
Trimming report:
  R1 reads trimmed left: 46106 (0.06%)
  R1 reads trimmed right: 51041 (0.07%)
  Average R1 nucleotides trimmed left: 0.010947959711568643
  Average R1 nucleotides trimmed right: 0.01397288648408755
  R2 reads trimmed left: 48900 (0.07%)
  R2 reads trimmed right: 48580 (0.07%)
  Average R2 nucleotides trimmed left: 0.010904616484210688
  Average R2 nucleotides trimmed right: 0.011836405020753104

>>>>>>>>>>>>>>>>>> mixcr assemblePartial <<<<<<<<<<<<<<<<<<
Running:
mixcr assemblePartial --report /projects/rpci/songyao/pnfioric/arc_project/airr_calculation/tcr_quant/results/mixcr_RS-04396722.assemblePartial.report.txt --json-report /projects/rpci/songyao/pnfioric/arc_project/airr_calculation/tcr_quant/results/mixcr_RS-04396722.assemblePartial.report.json /projects/rpci/songyao/pnfioric/arc_project/airr_calculation/tcr_quant/results/mixcr_RS-04396722.alignments.vdjca /projects/rpci/songyao/pnfioric/arc_project/airr_calculation/tcr_quant/results/mixcr_RS-04396722.passembled.1.vdjca
Building index: 0%
Searching for overlaps: 0.1%
================= report: assemblePartial =================
Analysis time: 235ms
Total alignments analysed: 780
Number of output alignments: 780 (100%)
Alignments already with CDR3 (no overlapping is performed): 90 (11.54%)
Successfully overlapped alignments: 0 (0%)
Left parts with too small N-region (failed to extract k-mer): 135 (17.31%)
Extracted k-mer diversity: 970
Dropped due to wildcard in k-mer: 0 (0%)
Dropped due to too short NRegion parts in overlap: 0 (0%)
Dropped overlaps with empty N region due to no complete NDN coverage: 0 (0%)
Number of left-side alignments: 180 (23.08%)
Number of right-side alignments: 388 (49.74%)
Complex overlaps: 0 (0%)
Over-overlaps: 0 (0%)
Partial alignments written to output: 690 (88.46%)

>>>>>>>>>>>>>>>>>> mixcr assemblePartial <<<<<<<<<<<<<<<<<<
Running:
mixcr assemblePartial --report /projects/rpci/songyao/pnfioric/arc_project/airr_calculation/tcr_quant/results/mixcr_RS-04396722.assemblePartial.report.txt --json-report /projects/rpci/songyao/pnfioric/arc_project/airr_calculation/tcr_quant/results/mixcr_RS-04396722.assemblePartial.report.json /projects/rpci/songyao/pnfioric/arc_project/airr_calculation/tcr_quant/results/mixcr_RS-04396722.passembled.1.vdjca /projects/rpci/songyao/pnfioric/arc_project/airr_calculation/tcr_quant/results/mixcr_RS-04396722.passembled.2.vdjca
Building index: 0%
Searching for overlaps: 1.7%
================= report: assemblePartial =================
Analysis time: 105ms
Total alignments analysed: 780
Number of output alignments: 780 (100%)
Alignments already with CDR3 (no overlapping is performed): 90 (11.54%)
Successfully overlapped alignments: 0 (0%)
Left parts with too small N-region (failed to extract k-mer): 135 (17.31%)
Extracted k-mer diversity: 970
Dropped due to wildcard in k-mer: 0 (0%)
Dropped due to too short NRegion parts in overlap: 0 (0%)
Dropped overlaps with empty N region due to no complete NDN coverage: 0 (0%)
Number of left-side alignments: 180 (23.08%)
Number of right-side alignments: 388 (49.74%)
Complex overlaps: 0 (0%)
Over-overlaps: 0 (0%)
Partial alignments written to output: 690 (88.46%)

>>>>>>>>>>>>>>>>>>>>>>> mixcr extend <<<<<<<<<<<<<<<<<<<<<<<
Running:
mixcr extend --report /projects/rpci/songyao/pnfioric/arc_project/airr_calculation/tcr_quant/results/mixcr_RS-04396722.extend.report.txt --json-report /projects/rpci/songyao/pnfioric/arc_project/airr_calculation/tcr_quant/results/mixcr_RS-04396722.extend.report.json --threads 12 /projects/rpci/songyao/pnfioric/arc_project/airr_calculation/tcr_quant/results/mixcr_RS-04396722.passembled.2.vdjca /projects/rpci/songyao/pnfioric/arc_project/airr_calculation/tcr_quant/results/mixcr_RS-04396722.extended.vdjca
Extending alignments: 0%
====================== report: extend ======================
Analysis time: 9ms
Extended alignments count: 0 (0%)
V extensions total: 0 (0%)
V extensions with merged targets: 0 (0%)
J extensions total: 0 (0%)
J extensions with merged targets: 0 (0%)
V+J extensions: 0 (0%)
Mean V extension length: NaN
Mean J extension length: NaN

>>>>>>>>>>>>>>>>>>>>>> mixcr assemble <<<<<<<<<<<<<<<<<<<<<<
Running:
mixcr assemble --report /projects/rpci/songyao/pnfioric/arc_project/airr_calculation/tcr_quant/results/mixcr_RS-04396722.assemble.report.txt --json-report /projects/rpci/songyao/pnfioric/arc_project/airr_calculation/tcr_quant/results/mixcr_RS-04396722.assemble.report.json /projects/rpci/songyao/pnfioric/arc_project/airr_calculation/tcr_quant/results/mixcr_RS-04396722.extended.vdjca /projects/rpci/songyao/pnfioric/arc_project/airr_calculation/tcr_quant/results/mixcr_RS-04396722.clna
Initialization: progress unknown
Initialization: progress unknown
===================== report: assemble =====================
Analysis time: 347ms
Final clonotype count: 36
Reads used in clonotypes, percent of total: 87 (0%)
Average number of reads per clonotype: 2.42
Reads dropped due to the lack of a clone sequence, percent of total: 692 (0%)
Reads dropped due to a too short clonal sequence, percent of total: 0 (0%)
Reads dropped due to low quality, percent of total: 0 (0%)
Reads dropped due to failed mapping, percent of total: 1 (0%)
Reads dropped with low quality clones, percent of total: 0 (0%)
Aligned reads processed: 88
Reads used in clonotypes before clustering, percent of total: 87 (0%)
Number of reads used as a core, percent of used: 87 (100%)
Mapped low quality reads, percent of used: 0 (0%)
Reads clustered in PCR error correction, percent of used: 0 (0%)
Reads pre-clustered due to the similar VJC-lists, percent of used: 0 (0%)
Clonotypes dropped as low quality: 0
Clonotypes eliminated by PCR error correction: 0
Clonotypes pre-clustered due to the similar VJC-lists: 0
Clones dropped in post filtering: 0 (0%)
Reads dropped in post filtering: 0.0 (0%)
Reads filtered by tag prefix: 0 (0%)
TRA chains: 1 (2.78%)
TRA non-functional: 0 (0%)
TRB chains: 1 (2.78%)
TRB non-functional: 0 (0%)
TRG chains: 1 (2.78%)
TRG non-functional: 1 (100%)
IGH chains: 10 (27.78%)
IGH non-functional: 0 (0%)
IGK chains: 13 (36.11%)
IGK non-functional: 1 (7.69%)
IGL chains: 10 (27.78%)
IGL non-functional: 0 (0%)

>>>>>>>>>>>>>>>>>> mixcr assembleContigs <<<<<<<<<<<<<<<<<<
Running:
mixcr assembleContigs --report /projects/rpci/songyao/pnfioric/arc_project/airr_calculation/tcr_quant/results/mixcr_RS-04396722.assembleContigs.report.txt --json-report /projects/rpci/songyao/pnfioric/arc_project/airr_calculation/tcr_quant/results/mixcr_RS-04396722.assembleContigs.report.json --threads 12 /projects/rpci/songyao/pnfioric/arc_project/airr_calculation/tcr_quant/results/mixcr_RS-04396722.clna /projects/rpci/songyao/pnfioric/arc_project/airr_calculation/tcr_quant/results/mixcr_RS-04396722.contigs.clns
Assembling contigs: 0%
================= report: assembleContigs =================
Analysis time: 149ms
Initial clonotype count: 36
Final clonotype count: 36 (100%)
Canceled assemblies: 0 (0%)
Clones filtered out after assemble: 0 (0%)
Number of premature termination assembly events, percent of number of initial clonotypes: 0.0 (0%)
Longest contig length: 197
Clustered variants: 0 (0%)
Reads in clustered variants: 0.0 (0%)
Reads in divided (newly created) clones: 0.0 (0%)
Clones with ambiguous letters in splitting region: 0 (0%)
Reads in clones with ambiguous letters in splitting region: 0.0 (0%)
Average number of ambiguous letters per clone with ambiguous letters in splitting region: NaN
Clones combined after clustering: 0 (0%)

>>>>>>>>>>>>>>>>>>>>>>>>> mixcr qc <<<<<<<<<<<<<<<<<<<<<<<<<
Running:
mixcr qc --print-to-stdout /projects/rpci/songyao/pnfioric/arc_project/airr_calculation/tcr_quant/results/mixcr_RS-04396722.contigs.clns /projects/rpci/songyao/pnfioric/arc_project/airr_calculation/tcr_quant/results/mixcr_RS-04396722.qc.txt /projects/rpci/songyao/pnfioric/arc_project/airr_calculation/tcr_quant/results/mixcr_RS-04396722.qc.json

  Alignments dropped due to low sequence quality: 0.0% [OK]

>>>>>>>>>>>>>>>>>>>> mixcr exportClones <<<<<<<<<<<<<<<<<<<<
Running:
mixcr exportClones /projects/rpci/songyao/pnfioric/arc_project/airr_calculation/tcr_quant/results/mixcr_RS-04396722.contigs.clns /projects/rpci/songyao/pnfioric/arc_project/airr_calculation/tcr_quant/results/mixcr_RS-04396722.clones.tsv
Analysis finished successfully.
===============================
Visualize results and simplify your immune data analysis with a convenient UI.
Explore and install Platforma.bio here: https://platforma.bio
