Exporting TRB
Exporting clones: 100%
Filtered 1 of 283 clones (99.65%).
Filtered 1.0 of 777.0 reads (99.87%).
Exporting TRA
Exporting clones: 20%
Filtered 5 of 283 clones (98.23%).
Filtered 13.0 of 777.0 reads (98.33%).
Exporting IGH
Exporting clones: 1.5%
Filtered 68 of 283 clones (75.97%).
Filtered 203.0 of 777.0 reads (73.87%).
Exporting IGL
Exporting clones: 1.4%
Filtered 74 of 283 clones (73.85%).
Filtered 188.0 of 777.0 reads (75.8%).
Exporting IGK
Exporting clones: 0.7%
Filtered 135 of 283 clones (52.3%).
Filtered 372.0 of 777.0 reads (52.12%).
