WARNING: sun.reflect.Reflection.getCallerClass is not supported. This will impact performance.

>>>>>>>>>>>>>>>>>>>>>>> mixcr align <<<<<<<<<<<<<<<<<<<<<<<
Running:
mixcr align --report /projects/rpci/songyao/pnfioric/arc_project/airr_calculation/tcr_quant/results/mixcr_RS-04396710.align.report.txt --json-report /projects/rpci/songyao/pnfioric/arc_project/airr_calculation/tcr_quant/results/mixcr_RS-04396710.align.report.json --threads 12 --preset rna-seq --save-output-file-names /projects/rpci/songyao/pnfioric/arc_project/airr_calculation/tcr_quant/results/mixcr_RS-04396710.align.list.tsv --species hsa /projects/rpci/songyao/pnfioric/arc_project/airr_calculation/fastq_files/RS-04396710/RS-04396710_98S-2169-2_RS-04233861_S62_R1_001.fastq.gz /projects/rpci/songyao/pnfioric/arc_project/airr_calculation/fastq_files/RS-04396710/RS-04396710_98S-2169-2_RS-04233861_S62_R2_001.fastq.gz /projects/rpci/songyao/pnfioric/arc_project/airr_calculation/tcr_quant/results/mixcr_RS-04396710.alignments.vdjca
Alignment: 0%
Alignment: 3.4%  ETA: 00:56:26
Alignment: 6.9%  ETA: 00:53:06
Alignment: 10.4%  ETA: 00:51:31
Alignment: 13.9%  ETA: 00:49:31
Alignment: 17.4%  ETA: 00:46:45
Alignment: 21%  ETA: 00:44:44
Alignment: 24.5%  ETA: 00:43:06
Alignment: 27.9%  ETA: 00:41:47
Alignment: 31.4%  ETA: 00:39:46
Alignment: 34.8%  ETA: 00:37:47
Alignment: 38.2%  ETA: 00:36:05
Alignment: 41.7%  ETA: 00:33:14
Alignment: 45.2%  ETA: 00:31:46
Alignment: 48.7%  ETA: 00:29:31
Alignment: 52.1%  ETA: 00:27:45
Alignment: 55.6%  ETA: 00:25:32
Alignment: 59%  ETA: 00:23:56
Alignment: 62.4%  ETA: 00:21:56
Alignment: 65.9%  ETA: 00:19:25
Alignment: 69.5%  ETA: 00:17:25
Alignment: 72.9%  ETA: 00:15:34
Alignment: 76.4%  ETA: 00:13:34
Alignment: 79.8%  ETA: 00:11:47
Alignment: 83.3%  ETA: 00:09:35
Alignment: 86.7%  ETA: 00:07:45
Alignment: 90.2%  ETA: 00:05:34
Alignment: 93.7%  ETA: 00:03:36
Alignment: 97.2%  ETA: 00:01:35
====================== report: align ======================
Analysis time: 57.63m
Total sequencing reads: 70474681
Successfully aligned reads: 4070 (0.01%)
Coverage (percent of successfully aligned):
  CDR3: 688 (16.9%)
  FR3_TO_FR4: 1 (0.02%)
  CDR2_TO_FR4: 0 (0%)
  FR2_TO_FR4: 0 (0%)
  CDR1_TO_FR4: 0 (0%)
  VDJRegion: 0 (0%)
Alignment failed: no hits (not TCR/IG?): 68873856 (97.73%)
Alignment failed: no CDR3 parts: 23649 (0.03%)
Alignment failed: low total score: 1573106 (2.23%)
Overlapped: 61037981 (86.61%)
Overlapped and aligned: 3941 (0.01%)
Overlapped and not aligned: 61034040 (86.6%)
Alignment-aided overlaps, percent of overlapped and aligned: 26 (0.66%)
No CDR3 parts alignments, percent of successfully aligned: 93 (2.29%)
Partial aligned reads, percent of successfully aligned: 3289 (80.81%)
Realigned with forced non-floating bound: 18873452 (26.78%)
Realigned with forced non-floating right bound in left read: 463 (0%)
Realigned with forced non-floating left bound in right read: 463 (0%)
TRA chains: 458 (11.25%)
TRA non-functional: 0 (0%)
TRB chains: 102 (2.51%)
TRB non-functional: 3 (2.94%)
TRD chains: 7 (0.17%)
TRD non-functional: 0 (0%)
TRG chains: 13 (0.32%)
TRG non-functional: 0 (0%)
IGH chains: 1262 (31.01%)
IGH non-functional: 7 (0.55%)
TRAD chains: 9 (0.22%)
TRAD non-functional: 0 (0%)
IGK chains: 636 (15.63%)
IGK non-functional: 13 (2.04%)
IGL chains: 1583 (38.89%)
IGL non-functional: 1 (0.06%)
Trimming report:
  R1 reads trimmed left: 193745 (0.27%)
  R1 reads trimmed right: 199975 (0.28%)
  Average R1 nucleotides trimmed left: 0.046729690057057516
  Average R1 nucleotides trimmed right: 0.05175894304509161
  R2 reads trimmed left: 193822 (0.28%)
  R2 reads trimmed right: 195394 (0.28%)
  Average R2 nucleotides trimmed left: 0.04611281603388882
  Average R2 nucleotides trimmed right: 0.04920604039342867

>>>>>>>>>>>>>>>>>> mixcr assemblePartial <<<<<<<<<<<<<<<<<<
Running:
mixcr assemblePartial --report /projects/rpci/songyao/pnfioric/arc_project/airr_calculation/tcr_quant/results/mixcr_RS-04396710.assemblePartial.report.txt --json-report /projects/rpci/songyao/pnfioric/arc_project/airr_calculation/tcr_quant/results/mixcr_RS-04396710.assemblePartial.report.json /projects/rpci/songyao/pnfioric/arc_project/airr_calculation/tcr_quant/results/mixcr_RS-04396710.alignments.vdjca /projects/rpci/songyao/pnfioric/arc_project/airr_calculation/tcr_quant/results/mixcr_RS-04396710.passembled.1.vdjca
Building index: 0%
Searching for overlaps: 0%
================= report: assemblePartial =================
Analysis time: 219ms
Total alignments analysed: 4070
Number of output alignments: 4059 (99.73%)
Alignments already with CDR3 (no overlapping is performed): 746 (18.33%)
Successfully overlapped alignments: 11 (0.27%)
Left parts with too small N-region (failed to extract k-mer): 851 (20.91%)
Extracted k-mer diversity: 1676
Dropped due to wildcard in k-mer: 0 (0%)
Dropped due to too short NRegion parts in overlap: 0 (0%)
Dropped overlaps with empty N region due to no complete NDN coverage: 0 (0%)
Number of left-side alignments: 586 (14.4%)
Number of right-side alignments: 1905 (46.81%)
Complex overlaps: 0 (0%)
Over-overlaps: 0 (0%)
Partial alignments written to output: 3302 (81.13%)

>>>>>>>>>>>>>>>>>> mixcr assemblePartial <<<<<<<<<<<<<<<<<<
Running:
mixcr assemblePartial --report /projects/rpci/songyao/pnfioric/arc_project/airr_calculation/tcr_quant/results/mixcr_RS-04396710.assemblePartial.report.txt --json-report /projects/rpci/songyao/pnfioric/arc_project/airr_calculation/tcr_quant/results/mixcr_RS-04396710.assemblePartial.report.json /projects/rpci/songyao/pnfioric/arc_project/airr_calculation/tcr_quant/results/mixcr_RS-04396710.passembled.1.vdjca /projects/rpci/songyao/pnfioric/arc_project/airr_calculation/tcr_quant/results/mixcr_RS-04396710.passembled.2.vdjca
Building index: 0%
Searching for overlaps: 0.3%
================= report: assemblePartial =================
Analysis time: 71ms
Total alignments analysed: 4059
Number of output alignments: 4059 (100%)
Alignments already with CDR3 (no overlapping is performed): 757 (18.65%)
Successfully overlapped alignments: 0 (0%)
Left parts with too small N-region (failed to extract k-mer): 851 (20.97%)
Extracted k-mer diversity: 1655
Dropped due to wildcard in k-mer: 0 (0%)
Dropped due to too short NRegion parts in overlap: 0 (0%)
Dropped overlaps with empty N region due to no complete NDN coverage: 0 (0%)
Number of left-side alignments: 575 (14.17%)
Number of right-side alignments: 1894 (46.66%)
Complex overlaps: 0 (0%)
Over-overlaps: 0 (0%)
Partial alignments written to output: 3302 (81.35%)

>>>>>>>>>>>>>>>>>>>>>>> mixcr extend <<<<<<<<<<<<<<<<<<<<<<<
Running:
mixcr extend --report /projects/rpci/songyao/pnfioric/arc_project/airr_calculation/tcr_quant/results/mixcr_RS-04396710.extend.report.txt --json-report /projects/rpci/songyao/pnfioric/arc_project/airr_calculation/tcr_quant/results/mixcr_RS-04396710.extend.report.json --threads 12 /projects/rpci/songyao/pnfioric/arc_project/airr_calculation/tcr_quant/results/mixcr_RS-04396710.passembled.2.vdjca /projects/rpci/songyao/pnfioric/arc_project/airr_calculation/tcr_quant/results/mixcr_RS-04396710.extended.vdjca
Extending alignments: 0%
====================== report: extend ======================
Analysis time: 32ms
Extended alignments count: 0 (0%)
V extensions total: 0 (0%)
V extensions with merged targets: 0 (0%)
J extensions total: 0 (0%)
J extensions with merged targets: 0 (0%)
V+J extensions: 0 (0%)
Mean V extension length: NaN
Mean J extension length: NaN

>>>>>>>>>>>>>>>>>>>>>> mixcr assemble <<<<<<<<<<<<<<<<<<<<<<
Running:
mixcr assemble --report /projects/rpci/songyao/pnfioric/arc_project/airr_calculation/tcr_quant/results/mixcr_RS-04396710.assemble.report.txt --json-report /projects/rpci/songyao/pnfioric/arc_project/airr_calculation/tcr_quant/results/mixcr_RS-04396710.assemble.report.json /projects/rpci/songyao/pnfioric/arc_project/airr_calculation/tcr_quant/results/mixcr_RS-04396710.extended.vdjca /projects/rpci/songyao/pnfioric/arc_project/airr_calculation/tcr_quant/results/mixcr_RS-04396710.clna
Initialization: progress unknown
Initialization: progress unknown
===================== report: assemble =====================
Analysis time: 673ms
Final clonotype count: 190
Reads used in clonotypes, percent of total: 699 (0%)
Average number of reads per clonotype: 3.68
Reads dropped due to the lack of a clone sequence, percent of total: 3360 (0%)
Reads dropped due to a too short clonal sequence, percent of total: 0 (0%)
Reads dropped due to low quality, percent of total: 0 (0%)
Reads dropped due to failed mapping, percent of total: 11 (0%)
Reads dropped with low quality clones, percent of total: 0 (0%)
Aligned reads processed: 710
Reads used in clonotypes before clustering, percent of total: 699 (0%)
Number of reads used as a core, percent of used: 697 (99.71%)
Mapped low quality reads, percent of used: 2 (0.29%)
Reads clustered in PCR error correction, percent of used: 0 (0%)
Reads pre-clustered due to the similar VJC-lists, percent of used: 0 (0%)
Clonotypes dropped as low quality: 0
Clonotypes eliminated by PCR error correction: 0
Clonotypes pre-clustered due to the similar VJC-lists: 0
Clones dropped in post filtering: 0 (0%)
Reads dropped in post filtering: 0.0 (0%)
Reads filtered by tag prefix: 0 (0%)
TRB chains: 2 (1.05%)
TRB non-functional: 1 (50%)
IGH chains: 47 (24.74%)
IGH non-functional: 3 (6.38%)
IGK chains: 79 (41.58%)
IGK non-functional: 5 (6.33%)
IGL chains: 62 (32.63%)
IGL non-functional: 1 (1.61%)

>>>>>>>>>>>>>>>>>> mixcr assembleContigs <<<<<<<<<<<<<<<<<<
Running:
mixcr assembleContigs --report /projects/rpci/songyao/pnfioric/arc_project/airr_calculation/tcr_quant/results/mixcr_RS-04396710.assembleContigs.report.txt --json-report /projects/rpci/songyao/pnfioric/arc_project/airr_calculation/tcr_quant/results/mixcr_RS-04396710.assembleContigs.report.json --threads 12 /projects/rpci/songyao/pnfioric/arc_project/airr_calculation/tcr_quant/results/mixcr_RS-04396710.clna /projects/rpci/songyao/pnfioric/arc_project/airr_calculation/tcr_quant/results/mixcr_RS-04396710.contigs.clns
Assembling contigs: 0%
================= report: assembleContigs =================
Analysis time: 284ms
Initial clonotype count: 190
Final clonotype count: 190 (100%)
Canceled assemblies: 0 (0%)
Clones filtered out after assemble: 0 (0%)
Number of premature termination assembly events, percent of number of initial clonotypes: 0.0 (0%)
Longest contig length: 290
Clustered variants: 0 (0%)
Reads in clustered variants: 0.0 (0%)
Reads in divided (newly created) clones: 0.0 (0%)
Clones with ambiguous letters in splitting region: 0 (0%)
Reads in clones with ambiguous letters in splitting region: 0.0 (0%)
Average number of ambiguous letters per clone with ambiguous letters in splitting region: NaN
Clones combined after clustering: 0 (0%)

>>>>>>>>>>>>>>>>>>>>>>>>> mixcr qc <<<<<<<<<<<<<<<<<<<<<<<<<
Running:
mixcr qc --print-to-stdout /projects/rpci/songyao/pnfioric/arc_project/airr_calculation/tcr_quant/results/mixcr_RS-04396710.contigs.clns /projects/rpci/songyao/pnfioric/arc_project/airr_calculation/tcr_quant/results/mixcr_RS-04396710.qc.txt /projects/rpci/songyao/pnfioric/arc_project/airr_calculation/tcr_quant/results/mixcr_RS-04396710.qc.json

  Alignments dropped due to low sequence quality: 0.0% [OK]

>>>>>>>>>>>>>>>>>>>> mixcr exportClones <<<<<<<<<<<<<<<<<<<<
Running:
mixcr exportClones /projects/rpci/songyao/pnfioric/arc_project/airr_calculation/tcr_quant/results/mixcr_RS-04396710.contigs.clns /projects/rpci/songyao/pnfioric/arc_project/airr_calculation/tcr_quant/results/mixcr_RS-04396710.clones.tsv
Analysis finished successfully.
===============================
Visualize results and simplify your immune data analysis with a convenient UI.
Explore and install Platforma.bio here: https://platforma.bio
