Exporting TRB
Exporting clones: 33.3%
Filtered 3 of 220 clones (98.64%).
Filtered 9.0 of 589.0 reads (98.47%).
Exporting TRA
Exporting clones: 25%
Filtered 4 of 220 clones (98.18%).
Filtered 10.0 of 589.0 reads (98.3%).
Exporting IGH
Exporting clones: 1.9%
Filtered 52 of 220 clones (76.36%).
Filtered 115.0 of 589.0 reads (80.48%).
Exporting TRG
Exporting clones: 33.3%
Filtered 3 of 220 clones (98.64%).
Filtered 10.0 of 589.0 reads (98.3%).
Exporting IGL
Exporting clones: 2.2%
Filtered 46 of 220 clones (79.09%).
Filtered 114.0 of 589.0 reads (80.65%).
Exporting IGK
Exporting clones: 0.9%
Filtered 112 of 220 clones (49.09%).
Filtered 331.0 of 589.0 reads (43.8%).
