Exporting TRB
Exporting clones: 2.2%
Filtered 46 of 1378 clones (96.66%).
Filtered 80.0 of 3614.0 reads (97.79%).
Exporting TRA
Exporting clones: 1.8%
Filtered 56 of 1378 clones (95.94%).
Filtered 75.0 of 3614.0 reads (97.92%).
Exporting TRD
Exporting clones: 50%
Filtered 2 of 1378 clones (99.85%).
Filtered 6.0 of 3614.0 reads (99.83%).
Exporting IGH
Exporting clones: 0.3%
Filtered 360 of 1378 clones (73.88%).
Filtered 958.0 of 3614.0 reads (73.49%).
Exporting TRG
Exporting clones: 16.7%
Filtered 18 of 1378 clones (98.69%).
Filtered 35.0 of 3614.0 reads (99.03%).
Exporting IGL
Exporting clones: 0.6%
Filtered 331 of 1378 clones (75.98%).
Filtered 1021.0 of 3614.0 reads (71.75%).
Exporting IGK
Exporting clones: 0.2%
Filtered 565 of 1378 clones (59%).
Filtered 1439.0 of 3614.0 reads (60.18%).
