Exporting TRB
Exporting clones: 4.2%
Filtered 24 of 1584 clones (98.48%).
Filtered 45.0 of 33396.0 reads (99.87%).
Exporting TRA
Exporting clones: 3.3%
Filtered 30 of 1584 clones (98.11%).
Filtered 59.0 of 33396.0 reads (99.82%).
Exporting IGH
Exporting clones: 0.2%
Filtered 567 of 1584 clones (64.2%).
Filtered 8335.0 of 33396.0 reads (75.04%).
Exporting TRG
Exporting clones: 100%
Filtered 4 of 1584 clones (99.75%).
Filtered 12.0 of 33396.0 reads (99.96%).
Exporting IGL
Exporting clones: 1%
Filtered 288 of 1584 clones (81.82%).
Filtered 11491.0 of 33396.0 reads (65.59%).
Exporting IGK
Exporting clones: 0.6%
Filtered 671 of 1584 clones (57.64%).
Filtered 13454.0 of 33396.0 reads (59.71%).
