WARNING: sun.reflect.Reflection.getCallerClass is not supported. This will impact performance.

>>>>>>>>>>>>>>>>>>>>>>> mixcr align <<<<<<<<<<<<<<<<<<<<<<<
Running:
mixcr align --report /projects/rpci/songyao/pnfioric/arc_project/airr_calculation/tcr_quant/results/mixcr_RS-04430802.align.report.txt --json-report /projects/rpci/songyao/pnfioric/arc_project/airr_calculation/tcr_quant/results/mixcr_RS-04430802.align.report.json --threads 12 --preset rna-seq --save-output-file-names /projects/rpci/songyao/pnfioric/arc_project/airr_calculation/tcr_quant/results/mixcr_RS-04430802.align.list.tsv --species hsa /projects/rpci/songyao/pnfioric/arc_project/airr_calculation/fastq_files/RS-04430802/RS-04430802_100_RS-04059953_S16_R1_001.fastq.gz /projects/rpci/songyao/pnfioric/arc_project/airr_calculation/fastq_files/RS-04430802/RS-04430802_100_RS-04059953_S16_R2_001.fastq.gz /projects/rpci/songyao/pnfioric/arc_project/airr_calculation/tcr_quant/results/mixcr_RS-04430802.alignments.vdjca
Alignment: 0%
Alignment: 3.5%  ETA: 00:54:30
Alignment: 7.1%  ETA: 00:51:28
Alignment: 10.7%  ETA: 00:50:28
Alignment: 14.2%  ETA: 00:48:27
Alignment: 17.9%  ETA: 00:45:06
Alignment: 21.5%  ETA: 00:43:06
Alignment: 25.1%  ETA: 00:41:55
Alignment: 28.7%  ETA: 00:39:55
Alignment: 32.1%  ETA: 00:39:05
Alignment: 35.8%  ETA: 00:34:36
Alignment: 39.5%  ETA: 00:33:34
Alignment: 43%  ETA: 00:31:53
Alignment: 46.6%  ETA: 00:29:35
Alignment: 50.2%  ETA: 00:27:35
Alignment: 53.8%  ETA: 00:25:50
Alignment: 57.4%  ETA: 00:23:50
Alignment: 60.9%  ETA: 00:22:04
Alignment: 64.5%  ETA: 00:19:39
Alignment: 68.2%  ETA: 00:17:39
Alignment: 71.8%  ETA: 00:15:39
Alignment: 75.4%  ETA: 00:13:22
Alignment: 79.1%  ETA: 00:11:29
Alignment: 82.7%  ETA: 00:09:42
Alignment: 86.3%  ETA: 00:07:37
Alignment: 89.8%  ETA: 00:05:41
Alignment: 93.4%  ETA: 00:03:41
Alignment: 97%  ETA: 00:01:43
====================== report: align ======================
Analysis time: 55.75m
Total sequencing reads: 60499088
Successfully aligned reads: 7556 (0.01%)
Coverage (percent of successfully aligned):
  CDR3: 0 (0%)
  FR3_TO_FR4: 0 (0%)
  CDR2_TO_FR4: 0 (0%)
  FR2_TO_FR4: 0 (0%)
  CDR1_TO_FR4: 0 (0%)
  VDJRegion: 0 (0%)
Alignment failed: no hits (not TCR/IG?): 58256652 (96.29%)
Alignment failed: no CDR3 parts: 40335 (0.07%)
Alignment failed: low total score: 2194545 (3.63%)
Overlapped: 31207660 (51.58%)
Overlapped and aligned: 2092 (0%)
Overlapped and not aligned: 31205568 (51.58%)
Alignment-aided overlaps, percent of overlapped and aligned: 8 (0.38%)
No CDR3 parts alignments, percent of successfully aligned: 855 (11.32%)
Partial aligned reads, percent of successfully aligned: 6701 (88.68%)
Realigned with forced non-floating bound: 58582872 (96.83%)
Realigned with forced non-floating right bound in left read: 3208 (0.01%)
Realigned with forced non-floating left bound in right read: 3208 (0.01%)
TRA chains: 957 (12.67%)
TRA non-functional: 0 (0%)
TRB chains: 1197 (15.84%)
TRB non-functional: 0 (0%)
TRG chains: 198 (2.62%)
TRG non-functional: 0 (0%)
IGH chains: 1880 (24.88%)
IGH non-functional: 0 (0%)
TRAD chains: 243 (3.22%)
TRAD non-functional: 0 (0%)
IGK chains: 757 (10.02%)
IGK non-functional: 0 (0%)
IGL chains: 2324 (30.76%)
IGL non-functional: 0 (0%)
Trimming report:
  R1 reads trimmed left: 7177937 (11.86%)
  R1 reads trimmed right: 7223536 (11.94%)
  Average R1 nucleotides trimmed left: 2.0166558213241164
  Average R1 nucleotides trimmed right: 2.139675626184646
  R2 reads trimmed left: 7022056 (11.61%)
  R2 reads trimmed right: 7071452 (11.69%)
  Average R2 nucleotides trimmed left: 1.9732406048831679
  Average R2 nucleotides trimmed right: 2.093506483932452

>>>>>>>>>>>>>>>>>> mixcr assemblePartial <<<<<<<<<<<<<<<<<<
Running:
mixcr assemblePartial --report /projects/rpci/songyao/pnfioric/arc_project/airr_calculation/tcr_quant/results/mixcr_RS-04430802.assemblePartial.report.txt --json-report /projects/rpci/songyao/pnfioric/arc_project/airr_calculation/tcr_quant/results/mixcr_RS-04430802.assemblePartial.report.json /projects/rpci/songyao/pnfioric/arc_project/airr_calculation/tcr_quant/results/mixcr_RS-04430802.alignments.vdjca /projects/rpci/songyao/pnfioric/arc_project/airr_calculation/tcr_quant/results/mixcr_RS-04430802.passembled.1.vdjca
Building index: 0%
Searching for overlaps: 0%
================= report: assemblePartial =================
Analysis time: 389ms
Total alignments analysed: 7556
Number of output alignments: 7556 (100%)
Alignments already with CDR3 (no overlapping is performed): 0 (0%)
Successfully overlapped alignments: 0 (0%)
Left parts with too small N-region (failed to extract k-mer): 1467 (19.42%)
Extracted k-mer diversity: 5338
Dropped due to wildcard in k-mer: 0 (0%)
Dropped due to too short NRegion parts in overlap: 0 (0%)
Dropped overlaps with empty N region due to no complete NDN coverage: 0 (0%)
Number of left-side alignments: 4816 (63.74%)
Number of right-side alignments: 1275 (16.87%)
Complex overlaps: 0 (0%)
Over-overlaps: 0 (0%)
Partial alignments written to output: 7556 (100%)

>>>>>>>>>>>>>>>>>> mixcr assemblePartial <<<<<<<<<<<<<<<<<<
Running:
mixcr assemblePartial --report /projects/rpci/songyao/pnfioric/arc_project/airr_calculation/tcr_quant/results/mixcr_RS-04430802.assemblePartial.report.txt --json-report /projects/rpci/songyao/pnfioric/arc_project/airr_calculation/tcr_quant/results/mixcr_RS-04430802.assemblePartial.report.json /projects/rpci/songyao/pnfioric/arc_project/airr_calculation/tcr_quant/results/mixcr_RS-04430802.passembled.1.vdjca /projects/rpci/songyao/pnfioric/arc_project/airr_calculation/tcr_quant/results/mixcr_RS-04430802.passembled.2.vdjca
Building index: 0%
Searching for overlaps: 0%
================= report: assemblePartial =================
Analysis time: 187ms
Total alignments analysed: 7556
Number of output alignments: 7556 (100%)
Alignments already with CDR3 (no overlapping is performed): 0 (0%)
Successfully overlapped alignments: 0 (0%)
Left parts with too small N-region (failed to extract k-mer): 1467 (19.42%)
Extracted k-mer diversity: 5338
Dropped due to wildcard in k-mer: 0 (0%)
Dropped due to too short NRegion parts in overlap: 0 (0%)
Dropped overlaps with empty N region due to no complete NDN coverage: 0 (0%)
Number of left-side alignments: 4816 (63.74%)
Number of right-side alignments: 1275 (16.87%)
Complex overlaps: 0 (0%)
Over-overlaps: 0 (0%)
Partial alignments written to output: 7556 (100%)

>>>>>>>>>>>>>>>>>>>>>>> mixcr extend <<<<<<<<<<<<<<<<<<<<<<<
Running:
mixcr extend --report /projects/rpci/songyao/pnfioric/arc_project/airr_calculation/tcr_quant/results/mixcr_RS-04430802.extend.report.txt --json-report /projects/rpci/songyao/pnfioric/arc_project/airr_calculation/tcr_quant/results/mixcr_RS-04430802.extend.report.json --threads 12 /projects/rpci/songyao/pnfioric/arc_project/airr_calculation/tcr_quant/results/mixcr_RS-04430802.passembled.2.vdjca /projects/rpci/songyao/pnfioric/arc_project/airr_calculation/tcr_quant/results/mixcr_RS-04430802.extended.vdjca
Extending alignments: 0%
====================== report: extend ======================
Analysis time: 104ms
Extended alignments count: 0 (0%)
V extensions total: 0 (0%)
V extensions with merged targets: 0 (0%)
J extensions total: 0 (0%)
J extensions with merged targets: 0 (0%)
V+J extensions: 0 (0%)
Mean V extension length: NaN
Mean J extension length: NaN

>>>>>>>>>>>>>>>>>>>>>> mixcr assemble <<<<<<<<<<<<<<<<<<<<<<
Running:
mixcr assemble --report /projects/rpci/songyao/pnfioric/arc_project/airr_calculation/tcr_quant/results/mixcr_RS-04430802.assemble.report.txt --json-report /projects/rpci/songyao/pnfioric/arc_project/airr_calculation/tcr_quant/results/mixcr_RS-04430802.assemble.report.json /projects/rpci/songyao/pnfioric/arc_project/airr_calculation/tcr_quant/results/mixcr_RS-04430802.extended.vdjca /projects/rpci/songyao/pnfioric/arc_project/airr_calculation/tcr_quant/results/mixcr_RS-04430802.clna
Initialization: progress unknown
Initialization: progress unknown
===================== report: assemble =====================
Analysis time: 354ms
Final clonotype count: 0
Reads used in clonotypes, percent of total: 0 (0%)
Average number of reads per clonotype: NaN
Reads dropped due to the lack of a clone sequence, percent of total: 7556 (0.01%)
Reads dropped due to a too short clonal sequence, percent of total: 0 (0%)
Reads dropped due to low quality, percent of total: 0 (0%)
Reads dropped due to failed mapping, percent of total: 0 (0%)
Reads dropped with low quality clones, percent of total: 0 (0%)
Aligned reads processed: 0
Reads used in clonotypes before clustering, percent of total: 0 (0%)
Number of reads used as a core, percent of used: 0 (NaN%)
Mapped low quality reads, percent of used: 0 (NaN%)
Reads clustered in PCR error correction, percent of used: 0 (NaN%)
Reads pre-clustered due to the similar VJC-lists, percent of used: 0 (NaN%)
Clonotypes dropped as low quality: 0
Clonotypes eliminated by PCR error correction: 0
Clonotypes pre-clustered due to the similar VJC-lists: 0
Clones dropped in post filtering: 0 (NaN%)
Reads dropped in post filtering: 0.0 (0%)
Reads filtered by tag prefix: 0 (0%)

>>>>>>>>>>>>>>>>>> mixcr assembleContigs <<<<<<<<<<<<<<<<<<
Running:
mixcr assembleContigs --report /projects/rpci/songyao/pnfioric/arc_project/airr_calculation/tcr_quant/results/mixcr_RS-04430802.assembleContigs.report.txt --json-report /projects/rpci/songyao/pnfioric/arc_project/airr_calculation/tcr_quant/results/mixcr_RS-04430802.assembleContigs.report.json --threads 12 /projects/rpci/songyao/pnfioric/arc_project/airr_calculation/tcr_quant/results/mixcr_RS-04430802.clna /projects/rpci/songyao/pnfioric/arc_project/airr_calculation/tcr_quant/results/mixcr_RS-04430802.contigs.clns
Assembling contigs: 0%
================= report: assembleContigs =================
Analysis time: 58ms
Initial clonotype count: 0
Final clonotype count: 0 (NaN%)
Canceled assemblies: 0 (NaN%)
Clones filtered out after assemble: 0 (NaN%)
Number of premature termination assembly events, percent of number of initial clonotypes: 0.0 (NaN%)
Longest contig length: 0
Clustered variants: 0 (NaN%)
Reads in clustered variants: 0.0 (NaN%)
Reads in divided (newly created) clones: 0.0 (NaN%)
Clones with ambiguous letters in splitting region: 0 (NaN%)
Reads in clones with ambiguous letters in splitting region: 0.0 (NaN%)
Average number of ambiguous letters per clone with ambiguous letters in splitting region: NaN
Clones combined after clustering: 0 (NaN%)

>>>>>>>>>>>>>>>>>>>>>>>>> mixcr qc <<<<<<<<<<<<<<<<<<<<<<<<<
Running:
mixcr qc --print-to-stdout /projects/rpci/songyao/pnfioric/arc_project/airr_calculation/tcr_quant/results/mixcr_RS-04430802.contigs.clns /projects/rpci/songyao/pnfioric/arc_project/airr_calculation/tcr_quant/results/mixcr_RS-04430802.qc.txt /projects/rpci/songyao/pnfioric/arc_project/airr_calculation/tcr_quant/results/mixcr_RS-04430802.qc.json

  Alignments dropped due to low sequence quality: 0.0% [OK]

>>>>>>>>>>>>>>>>>>>> mixcr exportClones <<<<<<<<<<<<<<<<<<<<
Running:
mixcr exportClones /projects/rpci/songyao/pnfioric/arc_project/airr_calculation/tcr_quant/results/mixcr_RS-04430802.contigs.clns /projects/rpci/songyao/pnfioric/arc_project/airr_calculation/tcr_quant/results/mixcr_RS-04430802.clones.tsv
Analysis finished successfully.
===============================
Visualize results and simplify your immune data analysis with a convenient UI.
Explore and install Platforma.bio here: https://platforma.bio
