Exporting TRB
Exporting clones: 50%
Filtered 2 of 240 clones (99.17%).
Filtered 3.0 of 851.0 reads (99.65%).
Exporting TRA
Exporting clones: 20%
Filtered 5 of 240 clones (97.92%).
Filtered 9.0 of 851.0 reads (98.94%).
Exporting IGH
Exporting clones: 1.5%
Filtered 66 of 240 clones (72.5%).
Filtered 263.0 of 851.0 reads (69.1%).
Exporting TRG
Exporting clones: 33.3%
Filtered 3 of 240 clones (98.75%).
Filtered 20.0 of 851.0 reads (97.65%).
Exporting IGL
Exporting clones: 1.8%
Filtered 56 of 240 clones (76.67%).
Filtered 241.0 of 851.0 reads (71.68%).
Exporting IGK
Exporting clones: 0.9%
Filtered 108 of 240 clones (55%).
Filtered 315.0 of 851.0 reads (62.98%).
