Exporting TRB
Exporting clones: 7.7%
Filtered 13 of 229 clones (94.32%).
Filtered 32.0 of 2004.0 reads (98.4%).
Exporting TRA
Exporting clones: 3.1%
Filtered 32 of 229 clones (86.03%).
Filtered 72.0 of 2004.0 reads (96.41%).
Exporting IGH
Exporting clones: 1.7%
Filtered 59 of 229 clones (74.24%).
Filtered 584.0 of 2004.0 reads (70.86%).
Exporting TRG
Exporting clones: 33.3%
Filtered 3 of 229 clones (98.69%).
Filtered 11.0 of 2004.0 reads (99.45%).
Exporting IGL
Exporting clones: 1.7%
Filtered 59 of 229 clones (74.24%).
Filtered 535.0 of 2004.0 reads (73.3%).
Exporting IGK
Exporting clones: 1.6%
Filtered 63 of 229 clones (72.49%).
Filtered 770.0 of 2004.0 reads (61.58%).
