WARNING: sun.reflect.Reflection.getCallerClass is not supported. This will impact performance.

>>>>>>>>>>>>>>>>>>>>>>> mixcr align <<<<<<<<<<<<<<<<<<<<<<<
Running:
mixcr align --report /projects/rpci/songyao/pnfioric/arc_project/airr_calculation/tcr_quant/results/mixcr_RS-04215055.align.report.txt --json-report /projects/rpci/songyao/pnfioric/arc_project/airr_calculation/tcr_quant/results/mixcr_RS-04215055.align.report.json --threads 12 --preset rna-seq --save-output-file-names /projects/rpci/songyao/pnfioric/arc_project/airr_calculation/tcr_quant/results/mixcr_RS-04215055.align.list.tsv --species hsa /projects/rpci/songyao/pnfioric/arc_project/airr_calculation/fastq_files/RS-04215055/RS-04417129_O95-10628-G_RS-04215055_S108_R1_001.fastq.gz /projects/rpci/songyao/pnfioric/arc_project/airr_calculation/fastq_files/RS-04215055/RS-04417129_O95-10628-G_RS-04215055_S108_R2_001.fastq.gz /projects/rpci/songyao/pnfioric/arc_project/airr_calculation/tcr_quant/results/mixcr_RS-04215055.alignments.vdjca
Alignment: 0%
Alignment: 2.8%  ETA: 01:10:27
Alignment: 5.6%  ETA: 01:07:07
Alignment: 8.4%  ETA: 01:05:44
Alignment: 11.1%  ETA: 01:03:47
Alignment: 13.9%  ETA: 01:01:44
Alignment: 16.8%  ETA: 00:58:38
Alignment: 19.6%  ETA: 00:57:45
Alignment: 22.4%  ETA: 00:55:11
Alignment: 25.2%  ETA: 00:52:41
Alignment: 27.9%  ETA: 00:52:41
Alignment: 30.8%  ETA: 00:49:13
Alignment: 33.5%  ETA: 00:48:10
Alignment: 36.3%  ETA: 00:45:41
Alignment: 39.1%  ETA: 00:44:09
Alignment: 41.9%  ETA: 00:40:55
Alignment: 44.6%  ETA: 00:40:31
Alignment: 47.5%  ETA: 00:37:21
Alignment: 50.2%  ETA: 00:36:27
Alignment: 53%  ETA: 00:34:05
Alignment: 55.7%  ETA: 00:32:24
Alignment: 58.4%  ETA: 00:30:26
Alignment: 61.1%  ETA: 00:28:43
Alignment: 63.8%  ETA: 00:26:59
Alignment: 66.5%  ETA: 00:24:29
Alignment: 69.2%  ETA: 00:22:43
Alignment: 72%  ETA: 00:20:43
Alignment: 74.6%  ETA: 00:19:08
Alignment: 77.3%  ETA: 00:17:08
Alignment: 79.9%  ETA: 00:15:08
Alignment: 82.6%  ETA: 00:13:08
Alignment: 85.3%  ETA: 00:10:52
Alignment: 88%  ETA: 00:08:58
Alignment: 90.6%  ETA: 00:06:59
Alignment: 93.3%  ETA: 00:04:54
Alignment: 96.1%  ETA: 00:02:49
Alignment: 98.9%  ETA: 00:00:47
====================== report: align ======================
Analysis time: 72.85m
Total sequencing reads: 80324850
Successfully aligned reads: 3375 (0%)
Coverage (percent of successfully aligned):
  CDR3: 721 (21.36%)
  FR3_TO_FR4: 9 (0.27%)
  CDR2_TO_FR4: 2 (0.06%)
  FR2_TO_FR4: 0 (0%)
  CDR1_TO_FR4: 0 (0%)
  VDJRegion: 0 (0%)
Alignment failed: no hits (not TCR/IG?): 79259942 (98.67%)
Alignment failed: no CDR3 parts: 11579 (0.01%)
Alignment failed: low total score: 1049954 (1.31%)
Overlapped: 48843254 (60.81%)
Overlapped and aligned: 3214 (0%)
Overlapped and not aligned: 48840040 (60.8%)
Alignment-aided overlaps, percent of overlapped and aligned: 45 (1.4%)
No CDR3 parts alignments, percent of successfully aligned: 42 (1.24%)
Partial aligned reads, percent of successfully aligned: 2612 (77.39%)
Realigned with forced non-floating bound: 62963282 (78.39%)
Realigned with forced non-floating right bound in left read: 294 (0%)
Realigned with forced non-floating left bound in right read: 294 (0%)
TRA chains: 263 (7.79%)
TRA non-functional: 0 (0%)
TRB chains: 73 (2.16%)
TRB non-functional: 0 (0%)
TRG chains: 14 (0.41%)
TRG non-functional: 0 (0%)
IGH chains: 1211 (35.88%)
IGH non-functional: 0 (0%)
TRAD chains: 6 (0.18%)
TRAD non-functional: 0 (0%)
IGK chains: 1094 (32.41%)
IGK non-functional: 25 (2.29%)
IGL chains: 714 (21.16%)
IGL non-functional: 8 (1.12%)
Trimming report:
  R1 reads trimmed left: 270614 (0.34%)
  R1 reads trimmed right: 276201 (0.34%)
  Average R1 nucleotides trimmed left: 0.05726750812482065
  Average R1 nucleotides trimmed right: 0.06097702018740153
  R2 reads trimmed left: 268040 (0.33%)
  R2 reads trimmed right: 274093 (0.34%)
  Average R2 nucleotides trimmed left: 0.056652592566310424
  Average R2 nucleotides trimmed right: 0.060307202565582134

>>>>>>>>>>>>>>>>>> mixcr assemblePartial <<<<<<<<<<<<<<<<<<
Running:
mixcr assemblePartial --report /projects/rpci/songyao/pnfioric/arc_project/airr_calculation/tcr_quant/results/mixcr_RS-04215055.assemblePartial.report.txt --json-report /projects/rpci/songyao/pnfioric/arc_project/airr_calculation/tcr_quant/results/mixcr_RS-04215055.assemblePartial.report.json /projects/rpci/songyao/pnfioric/arc_project/airr_calculation/tcr_quant/results/mixcr_RS-04215055.alignments.vdjca /projects/rpci/songyao/pnfioric/arc_project/airr_calculation/tcr_quant/results/mixcr_RS-04215055.passembled.1.vdjca
Building index: 0%
Searching for overlaps: 0%
================= report: assemblePartial =================
Analysis time: 231ms
Total alignments analysed: 3375
Number of output alignments: 3373 (99.94%)
Alignments already with CDR3 (no overlapping is performed): 760 (22.52%)
Successfully overlapped alignments: 2 (0.06%)
Left parts with too small N-region (failed to extract k-mer): 660 (19.56%)
Extracted k-mer diversity: 2334
Dropped due to wildcard in k-mer: 0 (0%)
Dropped due to too short NRegion parts in overlap: 2 (0.06%)
Dropped overlaps with empty N region due to no complete NDN coverage: 0 (0%)
Number of left-side alignments: 514 (15.23%)
Number of right-side alignments: 1446 (42.84%)
Complex overlaps: 0 (0%)
Over-overlaps: 0 (0%)
Partial alignments written to output: 2611 (77.36%)

>>>>>>>>>>>>>>>>>> mixcr assemblePartial <<<<<<<<<<<<<<<<<<
Running:
mixcr assemblePartial --report /projects/rpci/songyao/pnfioric/arc_project/airr_calculation/tcr_quant/results/mixcr_RS-04215055.assemblePartial.report.txt --json-report /projects/rpci/songyao/pnfioric/arc_project/airr_calculation/tcr_quant/results/mixcr_RS-04215055.assemblePartial.report.json /projects/rpci/songyao/pnfioric/arc_project/airr_calculation/tcr_quant/results/mixcr_RS-04215055.passembled.1.vdjca /projects/rpci/songyao/pnfioric/arc_project/airr_calculation/tcr_quant/results/mixcr_RS-04215055.passembled.2.vdjca
Building index: 0%
Searching for overlaps: 0.1%
================= report: assemblePartial =================
Analysis time: 80ms
Total alignments analysed: 3373
Number of output alignments: 3373 (100%)
Alignments already with CDR3 (no overlapping is performed): 762 (22.59%)
Successfully overlapped alignments: 0 (0%)
Left parts with too small N-region (failed to extract k-mer): 660 (19.57%)
Extracted k-mer diversity: 2326
Dropped due to wildcard in k-mer: 0 (0%)
Dropped due to too short NRegion parts in overlap: 2 (0.06%)
Dropped overlaps with empty N region due to no complete NDN coverage: 0 (0%)
Number of left-side alignments: 512 (15.18%)
Number of right-side alignments: 1444 (42.81%)
Complex overlaps: 0 (0%)
Over-overlaps: 0 (0%)
Partial alignments written to output: 2611 (77.41%)

>>>>>>>>>>>>>>>>>>>>>>> mixcr extend <<<<<<<<<<<<<<<<<<<<<<<
Running:
mixcr extend --report /projects/rpci/songyao/pnfioric/arc_project/airr_calculation/tcr_quant/results/mixcr_RS-04215055.extend.report.txt --json-report /projects/rpci/songyao/pnfioric/arc_project/airr_calculation/tcr_quant/results/mixcr_RS-04215055.extend.report.json --threads 12 /projects/rpci/songyao/pnfioric/arc_project/airr_calculation/tcr_quant/results/mixcr_RS-04215055.passembled.2.vdjca /projects/rpci/songyao/pnfioric/arc_project/airr_calculation/tcr_quant/results/mixcr_RS-04215055.extended.vdjca
Extending alignments: 0%
====================== report: extend ======================
Analysis time: 26ms
Extended alignments count: 0 (0%)
V extensions total: 0 (0%)
V extensions with merged targets: 0 (0%)
J extensions total: 0 (0%)
J extensions with merged targets: 0 (0%)
V+J extensions: 0 (0%)
Mean V extension length: NaN
Mean J extension length: NaN

>>>>>>>>>>>>>>>>>>>>>> mixcr assemble <<<<<<<<<<<<<<<<<<<<<<
Running:
mixcr assemble --report /projects/rpci/songyao/pnfioric/arc_project/airr_calculation/tcr_quant/results/mixcr_RS-04215055.assemble.report.txt --json-report /projects/rpci/songyao/pnfioric/arc_project/airr_calculation/tcr_quant/results/mixcr_RS-04215055.assemble.report.json /projects/rpci/songyao/pnfioric/arc_project/airr_calculation/tcr_quant/results/mixcr_RS-04215055.extended.vdjca /projects/rpci/songyao/pnfioric/arc_project/airr_calculation/tcr_quant/results/mixcr_RS-04215055.clna
Initialization: progress unknown
Initialization: progress unknown
===================== report: assemble =====================
Analysis time: 690ms
Final clonotype count: 215
Reads used in clonotypes, percent of total: 713 (0%)
Average number of reads per clonotype: 3.32
Reads dropped due to the lack of a clone sequence, percent of total: 2650 (0%)
Reads dropped due to a too short clonal sequence, percent of total: 0 (0%)
Reads dropped due to low quality, percent of total: 0 (0%)
Reads dropped due to failed mapping, percent of total: 11 (0%)
Reads dropped with low quality clones, percent of total: 0 (0%)
Aligned reads processed: 725
Reads used in clonotypes before clustering, percent of total: 714 (0%)
Number of reads used as a core, percent of used: 704 (98.6%)
Mapped low quality reads, percent of used: 10 (1.4%)
Reads clustered in PCR error correction, percent of used: 1 (0.14%)
Reads pre-clustered due to the similar VJC-lists, percent of used: 0 (0%)
Clonotypes dropped as low quality: 0
Clonotypes eliminated by PCR error correction: 1
Clonotypes pre-clustered due to the similar VJC-lists: 0
Clones dropped in post filtering: 0 (0%)
Reads dropped in post filtering: 0.0 (0%)
Reads filtered by tag prefix: 0 (0%)
TRA chains: 1 (0.47%)
TRA non-functional: 0 (0%)
TRB chains: 3 (1.4%)
TRB non-functional: 0 (0%)
TRG chains: 1 (0.47%)
TRG non-functional: 0 (0%)
IGH chains: 50 (23.26%)
IGH non-functional: 0 (0%)
IGK chains: 119 (55.35%)
IGK non-functional: 6 (5.04%)
IGL chains: 41 (19.07%)
IGL non-functional: 2 (4.88%)

>>>>>>>>>>>>>>>>>> mixcr assembleContigs <<<<<<<<<<<<<<<<<<
Running:
mixcr assembleContigs --report /projects/rpci/songyao/pnfioric/arc_project/airr_calculation/tcr_quant/results/mixcr_RS-04215055.assembleContigs.report.txt --json-report /projects/rpci/songyao/pnfioric/arc_project/airr_calculation/tcr_quant/results/mixcr_RS-04215055.assembleContigs.report.json --threads 12 /projects/rpci/songyao/pnfioric/arc_project/airr_calculation/tcr_quant/results/mixcr_RS-04215055.clna /projects/rpci/songyao/pnfioric/arc_project/airr_calculation/tcr_quant/results/mixcr_RS-04215055.contigs.clns
Assembling contigs: 0%
================= report: assembleContigs =================
Analysis time: 327ms
Initial clonotype count: 215
Final clonotype count: 215 (100%)
Canceled assemblies: 0 (0%)
Clones filtered out after assemble: 0 (0%)
Number of premature termination assembly events, percent of number of initial clonotypes: 0.0 (0%)
Longest contig length: 307
Clustered variants: 0 (0%)
Reads in clustered variants: 0.0 (0%)
Reads in divided (newly created) clones: 0.0 (0%)
Clones with ambiguous letters in splitting region: 0 (0%)
Reads in clones with ambiguous letters in splitting region: 0.0 (0%)
Average number of ambiguous letters per clone with ambiguous letters in splitting region: NaN
Clones combined after clustering: 0 (0%)

>>>>>>>>>>>>>>>>>>>>>>>>> mixcr qc <<<<<<<<<<<<<<<<<<<<<<<<<
Running:
mixcr qc --print-to-stdout /projects/rpci/songyao/pnfioric/arc_project/airr_calculation/tcr_quant/results/mixcr_RS-04215055.contigs.clns /projects/rpci/songyao/pnfioric/arc_project/airr_calculation/tcr_quant/results/mixcr_RS-04215055.qc.txt /projects/rpci/songyao/pnfioric/arc_project/airr_calculation/tcr_quant/results/mixcr_RS-04215055.qc.json

  Alignments dropped due to low sequence quality: 0.0% [OK]

>>>>>>>>>>>>>>>>>>>> mixcr exportClones <<<<<<<<<<<<<<<<<<<<
Running:
mixcr exportClones /projects/rpci/songyao/pnfioric/arc_project/airr_calculation/tcr_quant/results/mixcr_RS-04215055.contigs.clns /projects/rpci/songyao/pnfioric/arc_project/airr_calculation/tcr_quant/results/mixcr_RS-04215055.clones.tsv
Analysis finished successfully.
===============================
Visualize results and simplify your immune data analysis with a convenient UI.
Explore and install Platforma.bio here: https://platforma.bio
