Exporting TRB
Exporting clones: 12.5%
Filtered 8 of 858 clones (99.07%).
Filtered 24.0 of 7282.0 reads (99.67%).
Exporting TRA
Exporting clones: 11.1%
Filtered 9 of 858 clones (98.95%).
Filtered 31.0 of 7282.0 reads (99.57%).
Exporting TRD
Exporting clones: 100%
Filtered 1 of 858 clones (99.88%).
Filtered 3.0 of 7282.0 reads (99.96%).
Exporting IGH
Exporting clones: 0.4%
Filtered 282 of 858 clones (67.13%).
Filtered 1589.0 of 7282.0 reads (78.18%).
Exporting TRG
Exporting clones: 50%
Filtered 2 of 858 clones (99.77%).
Filtered 10.0 of 7282.0 reads (99.86%).
Exporting IGL
Exporting clones: 0.7%
Filtered 146 of 858 clones (82.98%).
Filtered 1154.0 of 7282.0 reads (84.15%).
Exporting IGK
Exporting clones: 0.2%
Filtered 410 of 858 clones (52.21%).
Filtered 4471.0 of 7282.0 reads (38.6%).
