WARNING: sun.reflect.Reflection.getCallerClass is not supported. This will impact performance.

>>>>>>>>>>>>>>>>>>>>>>> mixcr align <<<<<<<<<<<<<<<<<<<<<<<
Running:
mixcr align --report /projects/rpci/songyao/pnfioric/arc_project/airr_calculation/tcr_quant/results/mixcr_RS-04396709.align.report.txt --json-report /projects/rpci/songyao/pnfioric/arc_project/airr_calculation/tcr_quant/results/mixcr_RS-04396709.align.report.json --threads 12 --preset rna-seq --save-output-file-names /projects/rpci/songyao/pnfioric/arc_project/airr_calculation/tcr_quant/results/mixcr_RS-04396709.align.list.tsv --species hsa /projects/rpci/songyao/pnfioric/arc_project/airr_calculation/fastq_files/RS-04396709/RS-04396709_97-S-5470-1_RS-04233860_S61_R1_001.fastq.gz /projects/rpci/songyao/pnfioric/arc_project/airr_calculation/fastq_files/RS-04396709/RS-04396709_97-S-5470-1_RS-04233860_S61_R2_001.fastq.gz /projects/rpci/songyao/pnfioric/arc_project/airr_calculation/tcr_quant/results/mixcr_RS-04396709.alignments.vdjca
Alignment: 0%
Alignment: 3%  ETA: 01:05:01
Alignment: 5.9%  ETA: 01:03:36
Alignment: 8.9%  ETA: 01:01:35
Alignment: 11.9%  ETA: 00:59:36
Alignment: 14.8%  ETA: 00:58:06
Alignment: 17.7%  ETA: 00:56:06
Alignment: 20.7%  ETA: 00:53:38
Alignment: 23.7%  ETA: 00:50:42
Alignment: 26.6%  ETA: 00:50:02
Alignment: 29.6%  ETA: 00:48:02
Alignment: 32.5%  ETA: 00:45:12
Alignment: 35.5%  ETA: 00:44:24
Alignment: 38.4%  ETA: 00:42:25
Alignment: 41.3%  ETA: 00:39:19
Alignment: 44.3%  ETA: 00:38:00
Alignment: 47.2%  ETA: 00:36:01
Alignment: 50.1%  ETA: 00:34:00
Alignment: 53.1%  ETA: 00:31:25
Alignment: 56%  ETA: 00:30:15
Alignment: 59%  ETA: 00:27:59
Alignment: 61.9%  ETA: 00:26:13
Alignment: 64.8%  ETA: 00:24:00
Alignment: 67.8%  ETA: 00:21:48
Alignment: 70.7%  ETA: 00:19:48
Alignment: 73.7%  ETA: 00:17:27
Alignment: 76.7%  ETA: 00:15:55
Alignment: 79.6%  ETA: 00:13:55
Alignment: 82.5%  ETA: 00:11:54
Alignment: 85.4%  ETA: 00:10:07
Alignment: 88.3%  ETA: 00:07:57
Alignment: 91.3%  ETA: 00:05:48
Alignment: 94.3%  ETA: 00:03:51
Alignment: 97.3%  ETA: 00:01:49
====================== report: align ======================
Analysis time: 67.88m
Total sequencing reads: 75876217
Successfully aligned reads: 6610 (0.01%)
Coverage (percent of successfully aligned):
  CDR3: 1428 (21.6%)
  FR3_TO_FR4: 9 (0.14%)
  CDR2_TO_FR4: 4 (0.06%)
  FR2_TO_FR4: 0 (0%)
  CDR1_TO_FR4: 0 (0%)
  VDJRegion: 5 (0.08%)
Alignment failed: no hits (not TCR/IG?): 74113699 (97.68%)
Alignment failed: no CDR3 parts: 24583 (0.03%)
Alignment failed: low total score: 1731325 (2.28%)
Overlapped: 68112645 (89.77%)
Overlapped and aligned: 6429 (0.01%)
Overlapped and not aligned: 68106216 (89.76%)
Alignment-aided overlaps, percent of overlapped and aligned: 113 (1.76%)
No CDR3 parts alignments, percent of successfully aligned: 141 (2.13%)
Partial aligned reads, percent of successfully aligned: 5041 (76.26%)
Realigned with forced non-floating bound: 15527370 (20.46%)
Realigned with forced non-floating right bound in left read: 682 (0%)
Realigned with forced non-floating left bound in right read: 682 (0%)
TRA chains: 686 (10.38%)
TRA non-functional: 6 (0.87%)
TRB chains: 146 (2.21%)
TRB non-functional: 0 (0%)
TRD chains: 15 (0.23%)
TRD non-functional: 0 (0%)
TRG chains: 28 (0.42%)
TRG non-functional: 4 (14.29%)
TRAD chains: 20 (0.3%)
TRAD non-functional: 0 (0%)
IGH chains: 2852 (43.15%)
IGH non-functional: 0 (0%)
IGK chains: 1700 (25.72%)
IGK non-functional: 37 (2.18%)
IGL chains: 1163 (17.59%)
IGL non-functional: 0 (0%)
Trimming report:
  R1 reads trimmed left: 171325 (0.23%)
  R1 reads trimmed right: 178116 (0.23%)
  Average R1 nucleotides trimmed left: 0.03837991817646892
  Average R1 nucleotides trimmed right: 0.04316787432879001
  R2 reads trimmed left: 172632 (0.23%)
  R2 reads trimmed right: 173741 (0.23%)
  Average R2 nucleotides trimmed left: 0.03795726927187211
  Average R2 nucleotides trimmed right: 0.04057339864479538

>>>>>>>>>>>>>>>>>> mixcr assemblePartial <<<<<<<<<<<<<<<<<<
Running:
mixcr assemblePartial --report /projects/rpci/songyao/pnfioric/arc_project/airr_calculation/tcr_quant/results/mixcr_RS-04396709.assemblePartial.report.txt --json-report /projects/rpci/songyao/pnfioric/arc_project/airr_calculation/tcr_quant/results/mixcr_RS-04396709.assemblePartial.report.json /projects/rpci/songyao/pnfioric/arc_project/airr_calculation/tcr_quant/results/mixcr_RS-04396709.alignments.vdjca /projects/rpci/songyao/pnfioric/arc_project/airr_calculation/tcr_quant/results/mixcr_RS-04396709.passembled.1.vdjca
Building index: 0%
Searching for overlaps: 0%
================= report: assemblePartial =================
Analysis time: 503ms
Total alignments analysed: 6610
Number of output alignments: 6597 (99.8%)
Alignments already with CDR3 (no overlapping is performed): 1519 (22.98%)
Successfully overlapped alignments: 13 (0.2%)
Left parts with too small N-region (failed to extract k-mer): 1817 (27.49%)
Extracted k-mer diversity: 1901
Dropped due to wildcard in k-mer: 0 (0%)
Dropped due to too short NRegion parts in overlap: 44 (0.67%)
Dropped overlaps with empty N region due to no complete NDN coverage: 0 (0%)
Number of left-side alignments: 909 (13.75%)
Number of right-side alignments: 2365 (35.78%)
Complex overlaps: 0 (0%)
Over-overlaps: 0 (0%)
Partial alignments written to output: 5065 (76.63%)

>>>>>>>>>>>>>>>>>> mixcr assemblePartial <<<<<<<<<<<<<<<<<<
Running:
mixcr assemblePartial --report /projects/rpci/songyao/pnfioric/arc_project/airr_calculation/tcr_quant/results/mixcr_RS-04396709.assemblePartial.report.txt --json-report /projects/rpci/songyao/pnfioric/arc_project/airr_calculation/tcr_quant/results/mixcr_RS-04396709.assemblePartial.report.json /projects/rpci/songyao/pnfioric/arc_project/airr_calculation/tcr_quant/results/mixcr_RS-04396709.passembled.1.vdjca /projects/rpci/songyao/pnfioric/arc_project/airr_calculation/tcr_quant/results/mixcr_RS-04396709.passembled.2.vdjca
Building index: 0%
Searching for overlaps: 0%
================= report: assemblePartial =================
Analysis time: 225ms
Total alignments analysed: 6597
Number of output alignments: 6597 (100%)
Alignments already with CDR3 (no overlapping is performed): 1532 (23.22%)
Successfully overlapped alignments: 0 (0%)
Left parts with too small N-region (failed to extract k-mer): 1817 (27.54%)
Extracted k-mer diversity: 1895
Dropped due to wildcard in k-mer: 0 (0%)
Dropped due to too short NRegion parts in overlap: 44 (0.67%)
Dropped overlaps with empty N region due to no complete NDN coverage: 0 (0%)
Number of left-side alignments: 896 (13.58%)
Number of right-side alignments: 2352 (35.65%)
Complex overlaps: 0 (0%)
Over-overlaps: 0 (0%)
Partial alignments written to output: 5065 (76.78%)

>>>>>>>>>>>>>>>>>>>>>>> mixcr extend <<<<<<<<<<<<<<<<<<<<<<<
Running:
mixcr extend --report /projects/rpci/songyao/pnfioric/arc_project/airr_calculation/tcr_quant/results/mixcr_RS-04396709.extend.report.txt --json-report /projects/rpci/songyao/pnfioric/arc_project/airr_calculation/tcr_quant/results/mixcr_RS-04396709.extend.report.json --threads 12 /projects/rpci/songyao/pnfioric/arc_project/airr_calculation/tcr_quant/results/mixcr_RS-04396709.passembled.2.vdjca /projects/rpci/songyao/pnfioric/arc_project/airr_calculation/tcr_quant/results/mixcr_RS-04396709.extended.vdjca
Extending alignments: 0%
====================== report: extend ======================
Analysis time: 91ms
Extended alignments count: 0 (0%)
V extensions total: 0 (0%)
V extensions with merged targets: 0 (0%)
J extensions total: 0 (0%)
J extensions with merged targets: 0 (0%)
V+J extensions: 0 (0%)
Mean V extension length: NaN
Mean J extension length: NaN

>>>>>>>>>>>>>>>>>>>>>> mixcr assemble <<<<<<<<<<<<<<<<<<<<<<
Running:
mixcr assemble --report /projects/rpci/songyao/pnfioric/arc_project/airr_calculation/tcr_quant/results/mixcr_RS-04396709.assemble.report.txt --json-report /projects/rpci/songyao/pnfioric/arc_project/airr_calculation/tcr_quant/results/mixcr_RS-04396709.assemble.report.json /projects/rpci/songyao/pnfioric/arc_project/airr_calculation/tcr_quant/results/mixcr_RS-04396709.extended.vdjca /projects/rpci/songyao/pnfioric/arc_project/airr_calculation/tcr_quant/results/mixcr_RS-04396709.clna
Initialization: progress unknown
Initialization: progress unknown
===================== report: assemble =====================
Analysis time: 747ms
Final clonotype count: 218
Reads used in clonotypes, percent of total: 1442 (0%)
Average number of reads per clonotype: 6.61
Reads dropped due to the lack of a clone sequence, percent of total: 5156 (0.01%)
Reads dropped due to a too short clonal sequence, percent of total: 0 (0%)
Reads dropped due to low quality, percent of total: 0 (0%)
Reads dropped due to failed mapping, percent of total: 7 (0%)
Reads dropped with low quality clones, percent of total: 0 (0%)
Aligned reads processed: 1454
Reads used in clonotypes before clustering, percent of total: 1447 (0%)
Number of reads used as a core, percent of used: 1438 (99.38%)
Mapped low quality reads, percent of used: 9 (0.62%)
Reads clustered in PCR error correction, percent of used: 5 (0.35%)
Reads pre-clustered due to the similar VJC-lists, percent of used: 0 (0%)
Clonotypes dropped as low quality: 0
Clonotypes eliminated by PCR error correction: 4
Clonotypes pre-clustered due to the similar VJC-lists: 0
Clones dropped in post filtering: 0 (0%)
Reads dropped in post filtering: 0.0 (0%)
Reads filtered by tag prefix: 0 (0%)
TRA chains: 8 (3.67%)
TRA non-functional: 2 (25%)
TRB chains: 4 (1.83%)
TRB non-functional: 0 (0%)
TRG chains: 1 (0.46%)
TRG non-functional: 1 (100%)
IGH chains: 59 (27.06%)
IGH non-functional: 0 (0%)
IGK chains: 107 (49.08%)
IGK non-functional: 7 (6.54%)
IGL chains: 39 (17.89%)
IGL non-functional: 0 (0%)

>>>>>>>>>>>>>>>>>> mixcr assembleContigs <<<<<<<<<<<<<<<<<<
Running:
mixcr assembleContigs --report /projects/rpci/songyao/pnfioric/arc_project/airr_calculation/tcr_quant/results/mixcr_RS-04396709.assembleContigs.report.txt --json-report /projects/rpci/songyao/pnfioric/arc_project/airr_calculation/tcr_quant/results/mixcr_RS-04396709.assembleContigs.report.json --threads 12 /projects/rpci/songyao/pnfioric/arc_project/airr_calculation/tcr_quant/results/mixcr_RS-04396709.clna /projects/rpci/songyao/pnfioric/arc_project/airr_calculation/tcr_quant/results/mixcr_RS-04396709.contigs.clns
Assembling contigs: 0%
================= report: assembleContigs =================
Analysis time: 565ms
Initial clonotype count: 218
Final clonotype count: 218 (100%)
Canceled assemblies: 0 (0%)
Clones filtered out after assemble: 0 (0%)
Number of premature termination assembly events, percent of number of initial clonotypes: 0.0 (0%)
Longest contig length: 284
Clustered variants: 0 (0%)
Reads in clustered variants: 0.0 (0%)
Reads in divided (newly created) clones: 0.0 (0%)
Clones with ambiguous letters in splitting region: 0 (0%)
Reads in clones with ambiguous letters in splitting region: 0.0 (0%)
Average number of ambiguous letters per clone with ambiguous letters in splitting region: NaN
Clones combined after clustering: 0 (0%)

>>>>>>>>>>>>>>>>>>>>>>>>> mixcr qc <<<<<<<<<<<<<<<<<<<<<<<<<
Running:
mixcr qc --print-to-stdout /projects/rpci/songyao/pnfioric/arc_project/airr_calculation/tcr_quant/results/mixcr_RS-04396709.contigs.clns /projects/rpci/songyao/pnfioric/arc_project/airr_calculation/tcr_quant/results/mixcr_RS-04396709.qc.txt /projects/rpci/songyao/pnfioric/arc_project/airr_calculation/tcr_quant/results/mixcr_RS-04396709.qc.json

  Alignments dropped due to low sequence quality: 0.0% [OK]

>>>>>>>>>>>>>>>>>>>> mixcr exportClones <<<<<<<<<<<<<<<<<<<<
Running:
mixcr exportClones /projects/rpci/songyao/pnfioric/arc_project/airr_calculation/tcr_quant/results/mixcr_RS-04396709.contigs.clns /projects/rpci/songyao/pnfioric/arc_project/airr_calculation/tcr_quant/results/mixcr_RS-04396709.clones.tsv
Analysis finished successfully.
===============================
Visualize results and simplify your immune data analysis with a convenient UI.
Explore and install Platforma.bio here: https://platforma.bio
