Exporting TRB
Exporting clones: 11.1%
Filtered 9 of 1222 clones (99.26%).
Filtered 24.0 of 6685.0 reads (99.64%).
Exporting TRA
Exporting clones: 11.1%
Filtered 9 of 1222 clones (99.26%).
Filtered 20.0 of 6685.0 reads (99.7%).
Exporting IGH
Exporting clones: 0.3%
Filtered 369 of 1222 clones (69.8%).
Filtered 1969.0 of 6685.0 reads (70.55%).
Exporting TRG
Exporting clones: 33.3%
Filtered 3 of 1222 clones (99.75%).
Filtered 10.0 of 6685.0 reads (99.85%).
Exporting IGL
Exporting clones: 0.9%
Filtered 332 of 1222 clones (72.83%).
Filtered 1329.0 of 6685.0 reads (80.12%).
Exporting IGK
Exporting clones: 0.6%
Filtered 500 of 1222 clones (59.08%).
Filtered 3333.0 of 6685.0 reads (50.14%).
