Exporting TRB
Exporting clones: 33.3%
Filtered 3 of 408 clones (99.26%).
Filtered 4.0 of 819.0 reads (99.51%).
Exporting TRA
Exporting clones: 20%
Filtered 5 of 408 clones (98.77%).
Filtered 15.0 of 819.0 reads (98.17%).
Exporting IGH
Exporting clones: 0.9%
Filtered 116 of 408 clones (71.57%).
Filtered 220.0 of 819.0 reads (73.14%).
Exporting IGL
Exporting clones: 1%
Filtered 101 of 408 clones (75.25%).
Filtered 197.0 of 819.0 reads (75.95%).
Exporting IGK
Exporting clones: 0.5%
Filtered 183 of 408 clones (55.15%).
Filtered 383.0 of 819.0 reads (53.24%).
