Exporting TRB
Exporting clones: 100%
Filtered 1 of 130 clones (99.23%).
Filtered 3.0 of 535.0 reads (99.44%).
Exporting TRA
Exporting clones: 50%
Filtered 2 of 130 clones (98.46%).
Filtered 4.0 of 535.0 reads (99.25%).
Exporting IGH
Exporting clones: 2.8%
Filtered 36 of 130 clones (72.31%).
Filtered 148.0 of 535.0 reads (72.34%).
Exporting IGL
Exporting clones: 3%
Filtered 33 of 130 clones (74.62%).
Filtered 116.0 of 535.0 reads (78.32%).
Exporting IGK
Exporting clones: 1.7%
Filtered 58 of 130 clones (55.38%).
Filtered 264.0 of 535.0 reads (50.65%).
