Exporting TRB
Exporting clones: 25%
Filtered 4 of 674 clones (99.41%).
Filtered 6.0 of 1651.0 reads (99.64%).
Exporting TRA
Exporting clones: 20%
Filtered 5 of 674 clones (99.26%).
Filtered 9.0 of 1651.0 reads (99.45%).
Exporting IGH
Exporting clones: 0.6%
Filtered 170 of 674 clones (74.78%).
Filtered 367.0 of 1651.0 reads (77.77%).
Exporting TRG
Exporting clones: 25%
Filtered 4 of 674 clones (99.41%).
Filtered 21.0 of 1651.0 reads (98.73%).
Exporting IGL
Exporting clones: 0.6%
Filtered 159 of 674 clones (76.41%).
Filtered 387.0 of 1651.0 reads (76.56%).
Exporting IGK
Exporting clones: 0.3%
Filtered 332 of 674 clones (50.74%).
Filtered 861.0 of 1651.0 reads (47.85%).
