Exporting TRB
Exporting clones: 25%
Filtered 4 of 210 clones (98.1%).
Filtered 7.0 of 485.0 reads (98.56%).
Exporting TRA
Exporting clones: 16.7%
Filtered 6 of 210 clones (97.14%).
Filtered 7.0 of 485.0 reads (98.56%).
Exporting IGH
Exporting clones: 1.8%
Filtered 55 of 210 clones (73.81%).
Filtered 132.0 of 485.0 reads (72.78%).
Exporting TRG
Exporting clones: 100%
Filtered 1 of 210 clones (99.52%).
Filtered 1.0 of 485.0 reads (99.79%).
Exporting IGL
Exporting clones: 5%
Filtered 40 of 210 clones (80.95%).
Filtered 116.0 of 485.0 reads (76.08%).
Exporting IGK
Exporting clones: 1%
Filtered 104 of 210 clones (50.48%).
Filtered 222.0 of 485.0 reads (54.23%).
