WARNING: sun.reflect.Reflection.getCallerClass is not supported. This will impact performance.

>>>>>>>>>>>>>>>>>>>>>>> mixcr align <<<<<<<<<<<<<<<<<<<<<<<
Running:
mixcr align --report /projects/rpci/songyao/pnfioric/arc_project/airr_calculation/tcr_quant/results/mixcr_RS-04367415.align.report.txt --json-report /projects/rpci/songyao/pnfioric/arc_project/airr_calculation/tcr_quant/results/mixcr_RS-04367415.align.report.json --threads 12 --preset rna-seq --save-output-file-names /projects/rpci/songyao/pnfioric/arc_project/airr_calculation/tcr_quant/results/mixcr_RS-04367415.align.list.tsv --species hsa /projects/rpci/songyao/pnfioric/arc_project/airr_calculation/fastq_files/RS-04367415/RS-04367415_SCHS09021166-A1_RS-03804913_S81_R1_001.fastq.gz /projects/rpci/songyao/pnfioric/arc_project/airr_calculation/fastq_files/RS-04367415/RS-04367415_SCHS09021166-A1_RS-03804913_S81_R2_001.fastq.gz /projects/rpci/songyao/pnfioric/arc_project/airr_calculation/tcr_quant/results/mixcr_RS-04367415.alignments.vdjca
Alignment: 0%
Alignment: 4.6%  ETA: 00:41:30
Alignment: 9.3%  ETA: 00:38:36
Alignment: 14%  ETA: 00:36:53
Alignment: 18.6%  ETA: 00:35:25
Alignment: 23.2%  ETA: 00:33:10
Alignment: 27.8%  ETA: 00:31:39
Alignment: 32.3%  ETA: 00:29:39
Alignment: 36.9%  ETA: 00:27:39
Alignment: 41.4%  ETA: 00:25:51
Alignment: 45.9%  ETA: 00:24:02
Alignment: 50.5%  ETA: 00:21:52
Alignment: 55%  ETA: 00:19:52
Alignment: 59.6%  ETA: 00:17:43
Alignment: 64.1%  ETA: 00:15:59
Alignment: 68.6%  ETA: 00:13:59
Alignment: 73%  ETA: 00:11:59
Alignment: 77.5%  ETA: 00:09:59
Alignment: 82.1%  ETA: 00:07:54
Alignment: 86.7%  ETA: 00:05:47
Alignment: 91.2%  ETA: 00:03:52
Alignment: 95.7%  ETA: 00:01:52
====================== report: align ======================
Analysis time: 43.9m
Total sequencing reads: 57417709
Successfully aligned reads: 5826 (0.01%)
Coverage (percent of successfully aligned):
  CDR3: 1285 (22.06%)
  FR3_TO_FR4: 14 (0.24%)
  CDR2_TO_FR4: 14 (0.24%)
  FR2_TO_FR4: 0 (0%)
  CDR1_TO_FR4: 0 (0%)
  VDJRegion: 1 (0.02%)
Alignment failed: no hits (not TCR/IG?): 55610159 (96.85%)
Alignment failed: no CDR3 parts: 28424 (0.05%)
Alignment failed: low total score: 1773300 (3.09%)
Overlapped: 53892325 (93.86%)
Overlapped and aligned: 5706 (0.01%)
Overlapped and not aligned: 53886619 (93.85%)
Alignment-aided overlaps, percent of overlapped and aligned: 42 (0.74%)
No CDR3 parts alignments, percent of successfully aligned: 107 (1.84%)
Partial aligned reads, percent of successfully aligned: 4434 (76.11%)
Realigned with forced non-floating bound: 7050852 (12.28%)
Realigned with forced non-floating right bound in left read: 554 (0%)
Realigned with forced non-floating left bound in right read: 554 (0%)
TRA chains: 833 (14.3%)
TRA non-functional: 0 (0%)
TRB chains: 242 (4.15%)
TRB non-functional: 0 (0%)
TRD chains: 18 (0.31%)
TRD non-functional: 0 (0%)
TRG chains: 25 (0.43%)
TRG non-functional: 0 (0%)
IGH chains: 2002 (34.36%)
IGH non-functional: 5 (0.25%)
TRAD chains: 14 (0.24%)
TRAD non-functional: 0 (0%)
IGK chains: 1318 (22.62%)
IGK non-functional: 4 (0.3%)
IGL chains: 1374 (23.58%)
IGL non-functional: 5 (0.36%)
Trimming report:
  R1 reads trimmed left: 23180 (0.04%)
  R1 reads trimmed right: 25329 (0.04%)
  Average R1 nucleotides trimmed left: 0.006865826011971324
  Average R1 nucleotides trimmed right: 0.007483196516949152
  R2 reads trimmed left: 24558 (0.04%)
  R2 reads trimmed right: 26438 (0.05%)
  Average R2 nucleotides trimmed left: 0.006801577541172881
  Average R2 nucleotides trimmed right: 0.008491770370009016

>>>>>>>>>>>>>>>>>> mixcr assemblePartial <<<<<<<<<<<<<<<<<<
Running:
mixcr assemblePartial --report /projects/rpci/songyao/pnfioric/arc_project/airr_calculation/tcr_quant/results/mixcr_RS-04367415.assemblePartial.report.txt --json-report /projects/rpci/songyao/pnfioric/arc_project/airr_calculation/tcr_quant/results/mixcr_RS-04367415.assemblePartial.report.json /projects/rpci/songyao/pnfioric/arc_project/airr_calculation/tcr_quant/results/mixcr_RS-04367415.alignments.vdjca /projects/rpci/songyao/pnfioric/arc_project/airr_calculation/tcr_quant/results/mixcr_RS-04367415.passembled.1.vdjca
Building index: 0%
Searching for overlaps: 0%
================= report: assemblePartial =================
Analysis time: 486ms
Total alignments analysed: 5826
Number of output alignments: 5707 (97.96%)
Alignments already with CDR3 (no overlapping is performed): 1345 (23.09%)
Successfully overlapped alignments: 119 (2.04%)
Left parts with too small N-region (failed to extract k-mer): 978 (16.79%)
Extracted k-mer diversity: 2527
Dropped due to wildcard in k-mer: 0 (0%)
Dropped due to too short NRegion parts in overlap: 82 (1.41%)
Dropped overlaps with empty N region due to no complete NDN coverage: 0 (0%)
Number of left-side alignments: 1007 (17.28%)
Number of right-side alignments: 2497 (42.86%)
Complex overlaps: 0 (0%)
Over-overlaps: 0 (0%)
Partial alignments written to output: 4243 (72.83%)

>>>>>>>>>>>>>>>>>> mixcr assemblePartial <<<<<<<<<<<<<<<<<<
Running:
mixcr assemblePartial --report /projects/rpci/songyao/pnfioric/arc_project/airr_calculation/tcr_quant/results/mixcr_RS-04367415.assemblePartial.report.txt --json-report /projects/rpci/songyao/pnfioric/arc_project/airr_calculation/tcr_quant/results/mixcr_RS-04367415.assemblePartial.report.json /projects/rpci/songyao/pnfioric/arc_project/airr_calculation/tcr_quant/results/mixcr_RS-04367415.passembled.1.vdjca /projects/rpci/songyao/pnfioric/arc_project/airr_calculation/tcr_quant/results/mixcr_RS-04367415.passembled.2.vdjca
Building index: 0%
Searching for overlaps: 0%
================= report: assemblePartial =================
Analysis time: 142ms
Total alignments analysed: 5707
Number of output alignments: 5707 (100%)
Alignments already with CDR3 (no overlapping is performed): 1464 (25.65%)
Successfully overlapped alignments: 0 (0%)
Left parts with too small N-region (failed to extract k-mer): 978 (17.14%)
Extracted k-mer diversity: 2456
Dropped due to wildcard in k-mer: 0 (0%)
Dropped due to too short NRegion parts in overlap: 74 (1.3%)
Dropped overlaps with empty N region due to no complete NDN coverage: 0 (0%)
Number of left-side alignments: 888 (15.56%)
Number of right-side alignments: 2378 (41.67%)
Complex overlaps: 0 (0%)
Over-overlaps: 0 (0%)
Partial alignments written to output: 4243 (74.35%)

>>>>>>>>>>>>>>>>>>>>>>> mixcr extend <<<<<<<<<<<<<<<<<<<<<<<
Running:
mixcr extend --report /projects/rpci/songyao/pnfioric/arc_project/airr_calculation/tcr_quant/results/mixcr_RS-04367415.extend.report.txt --json-report /projects/rpci/songyao/pnfioric/arc_project/airr_calculation/tcr_quant/results/mixcr_RS-04367415.extend.report.json --threads 12 /projects/rpci/songyao/pnfioric/arc_project/airr_calculation/tcr_quant/results/mixcr_RS-04367415.passembled.2.vdjca /projects/rpci/songyao/pnfioric/arc_project/airr_calculation/tcr_quant/results/mixcr_RS-04367415.extended.vdjca
Extending alignments: 0%
====================== report: extend ======================
Analysis time: 81ms
Extended alignments count: 0 (0%)
V extensions total: 0 (0%)
V extensions with merged targets: 0 (0%)
J extensions total: 0 (0%)
J extensions with merged targets: 0 (0%)
V+J extensions: 0 (0%)
Mean V extension length: NaN
Mean J extension length: NaN

>>>>>>>>>>>>>>>>>>>>>> mixcr assemble <<<<<<<<<<<<<<<<<<<<<<
Running:
mixcr assemble --report /projects/rpci/songyao/pnfioric/arc_project/airr_calculation/tcr_quant/results/mixcr_RS-04367415.assemble.report.txt --json-report /projects/rpci/songyao/pnfioric/arc_project/airr_calculation/tcr_quant/results/mixcr_RS-04367415.assemble.report.json /projects/rpci/songyao/pnfioric/arc_project/airr_calculation/tcr_quant/results/mixcr_RS-04367415.extended.vdjca /projects/rpci/songyao/pnfioric/arc_project/airr_calculation/tcr_quant/results/mixcr_RS-04367415.clna
Initialization: progress unknown
Initialization: progress unknown
===================== report: assemble =====================
Analysis time: 554ms
Final clonotype count: 116
Reads used in clonotypes, percent of total: 1500 (0%)
Average number of reads per clonotype: 12.93
Reads dropped due to the lack of a clone sequence, percent of total: 4303 (0.01%)
Reads dropped due to a too short clonal sequence, percent of total: 0 (0%)
Reads dropped due to low quality, percent of total: 0 (0%)
Reads dropped due to failed mapping, percent of total: 11 (0%)
Reads dropped with low quality clones, percent of total: 0 (0%)
Aligned reads processed: 1523
Reads used in clonotypes before clustering, percent of total: 1512 (0%)
Number of reads used as a core, percent of used: 1506 (99.6%)
Mapped low quality reads, percent of used: 6 (0.4%)
Reads clustered in PCR error correction, percent of used: 12 (0.79%)
Reads pre-clustered due to the similar VJC-lists, percent of used: 0 (0%)
Clonotypes dropped as low quality: 0
Clonotypes eliminated by PCR error correction: 8
Clonotypes pre-clustered due to the similar VJC-lists: 0
Clones dropped in post filtering: 0 (0%)
Reads dropped in post filtering: 0.0 (0%)
Reads filtered by tag prefix: 0 (0%)
TRA chains: 4 (3.45%)
TRA non-functional: 0 (0%)
TRB chains: 1 (0.86%)
TRB non-functional: 0 (0%)
TRD chains: 1 (0.86%)
TRD non-functional: 0 (0%)
IGH chains: 40 (34.48%)
IGH non-functional: 1 (2.5%)
IGK chains: 49 (42.24%)
IGK non-functional: 2 (4.08%)
IGL chains: 21 (18.1%)
IGL non-functional: 1 (4.76%)

>>>>>>>>>>>>>>>>>> mixcr assembleContigs <<<<<<<<<<<<<<<<<<
Running:
mixcr assembleContigs --report /projects/rpci/songyao/pnfioric/arc_project/airr_calculation/tcr_quant/results/mixcr_RS-04367415.assembleContigs.report.txt --json-report /projects/rpci/songyao/pnfioric/arc_project/airr_calculation/tcr_quant/results/mixcr_RS-04367415.assembleContigs.report.json --threads 12 /projects/rpci/songyao/pnfioric/arc_project/airr_calculation/tcr_quant/results/mixcr_RS-04367415.clna /projects/rpci/songyao/pnfioric/arc_project/airr_calculation/tcr_quant/results/mixcr_RS-04367415.contigs.clns
Assembling contigs: 0%
================= report: assembleContigs =================
Analysis time: 383ms
Initial clonotype count: 116
Final clonotype count: 116 (100%)
Canceled assemblies: 0 (0%)
Clones filtered out after assemble: 0 (0%)
Number of premature termination assembly events, percent of number of initial clonotypes: 0.0 (0%)
Longest contig length: 377
Clustered variants: 0 (0%)
Reads in clustered variants: 0.0 (0%)
Reads in divided (newly created) clones: 0.0 (0%)
Clones with ambiguous letters in splitting region: 0 (0%)
Reads in clones with ambiguous letters in splitting region: 0.0 (0%)
Average number of ambiguous letters per clone with ambiguous letters in splitting region: NaN
Clones combined after clustering: 0 (0%)

>>>>>>>>>>>>>>>>>>>>>>>>> mixcr qc <<<<<<<<<<<<<<<<<<<<<<<<<
Running:
mixcr qc --print-to-stdout /projects/rpci/songyao/pnfioric/arc_project/airr_calculation/tcr_quant/results/mixcr_RS-04367415.contigs.clns /projects/rpci/songyao/pnfioric/arc_project/airr_calculation/tcr_quant/results/mixcr_RS-04367415.qc.txt /projects/rpci/songyao/pnfioric/arc_project/airr_calculation/tcr_quant/results/mixcr_RS-04367415.qc.json

  Alignments dropped due to low sequence quality: 0.0% [OK]

>>>>>>>>>>>>>>>>>>>> mixcr exportClones <<<<<<<<<<<<<<<<<<<<
Running:
mixcr exportClones /projects/rpci/songyao/pnfioric/arc_project/airr_calculation/tcr_quant/results/mixcr_RS-04367415.contigs.clns /projects/rpci/songyao/pnfioric/arc_project/airr_calculation/tcr_quant/results/mixcr_RS-04367415.clones.tsv
Analysis finished successfully.
===============================
Visualize results and simplify your immune data analysis with a convenient UI.
Explore and install Platforma.bio here: https://platforma.bio
