Exporting TRB
Exporting clones: 6.2%
Filtered 16 of 2543 clones (99.37%).
Filtered 33.0 of 18371.0 reads (99.82%).
Exporting TRA
Exporting clones: 4.3%
Filtered 23 of 2543 clones (99.1%).
Filtered 46.0 of 18371.0 reads (99.75%).
Exporting TRD
Exporting clones: 100%
Filtered 1 of 2543 clones (99.96%).
Filtered 1.0 of 18371.0 reads (99.99%).
Exporting IGH
Exporting clones: 0.1%
Filtered 832 of 2543 clones (67.28%).
Filtered 4487.0 of 18371.0 reads (75.58%).
Exporting TRG
Exporting clones: 83.3%
Filtered 6 of 2543 clones (99.76%).
Filtered 15.0 of 18371.0 reads (99.92%).
Exporting IGL
Exporting clones: 0.3%
Filtered 583 of 2543 clones (77.07%).
Filtered 4699.0 of 18371.0 reads (74.42%).
Exporting IGK
Exporting clones: 0.1%
Filtered 1082 of 2543 clones (57.45%).
Filtered 9090.0 of 18371.0 reads (50.52%).
