WARNING: sun.reflect.Reflection.getCallerClass is not supported. This will impact performance.

>>>>>>>>>>>>>>>>>>>>>>> mixcr align <<<<<<<<<<<<<<<<<<<<<<<
Running:
mixcr align --report /projects/rpci/songyao/pnfioric/arc_project/airr_calculation/tcr_quant/results/mixcr_RS-04396785.align.report.txt --json-report /projects/rpci/songyao/pnfioric/arc_project/airr_calculation/tcr_quant/results/mixcr_RS-04396785.align.report.json --threads 12 --preset rna-seq --save-output-file-names /projects/rpci/songyao/pnfioric/arc_project/airr_calculation/tcr_quant/results/mixcr_RS-04396785.align.list.tsv --species hsa /projects/rpci/songyao/pnfioric/arc_project/airr_calculation/fastq_files/RS-04396785/RS-04396785_SSFS08009369-A4_RS-04147930_S124_R1_001.fastq.gz /projects/rpci/songyao/pnfioric/arc_project/airr_calculation/fastq_files/RS-04396785/RS-04396785_SSFS08009369-A4_RS-04147930_S124_R2_001.fastq.gz /projects/rpci/songyao/pnfioric/arc_project/airr_calculation/tcr_quant/results/mixcr_RS-04396785.alignments.vdjca
Alignment: 0%
Alignment: 4.7%  ETA: 00:40:57
Alignment: 9.3%  ETA: 00:38:37
Alignment: 14%  ETA: 00:36:38
Alignment: 18.8%  ETA: 00:34:03
Alignment: 23.6%  ETA: 00:32:04
Alignment: 28.3%  ETA: 00:30:34
Alignment: 32.9%  ETA: 00:28:48
Alignment: 37.6%  ETA: 00:26:48
Alignment: 42.2%  ETA: 00:24:48
Alignment: 46.9%  ETA: 00:22:37
Alignment: 51.5%  ETA: 00:21:10
Alignment: 56.2%  ETA: 00:18:49
Alignment: 60.8%  ETA: 00:16:58
Alignment: 65.4%  ETA: 00:14:50
Alignment: 70.1%  ETA: 00:12:43
Alignment: 74.8%  ETA: 00:10:49
Alignment: 79.4%  ETA: 00:08:49
Alignment: 84%  ETA: 00:06:58
Alignment: 88.6%  ETA: 00:04:54
Alignment: 93.3%  ETA: 00:02:50
Alignment: 98%  ETA: 00:00:50
====================== report: align ======================
Analysis time: 42.89m
Total sequencing reads: 52535278
Successfully aligned reads: 1143 (0%)
Coverage (percent of successfully aligned):
  CDR3: 204 (17.85%)
  FR3_TO_FR4: 0 (0%)
  CDR2_TO_FR4: 0 (0%)
  FR2_TO_FR4: 0 (0%)
  CDR1_TO_FR4: 0 (0%)
  VDJRegion: 0 (0%)
Alignment failed: no hits (not TCR/IG?): 51363777 (97.77%)
Alignment failed: no CDR3 parts: 11972 (0.02%)
Alignment failed: low total score: 1158386 (2.2%)
Overlapped: 50349732 (95.84%)
Overlapped and aligned: 1085 (0%)
Overlapped and not aligned: 50348647 (95.84%)
Alignment-aided overlaps, percent of overlapped and aligned: 0 (0%)
No CDR3 parts alignments, percent of successfully aligned: 24 (2.1%)
Partial aligned reads, percent of successfully aligned: 915 (80.05%)
J gene chimeras: 11 (0%)
Realigned with forced non-floating bound: 4371092 (8.32%)
Realigned with forced non-floating right bound in left read: 198 (0%)
Realigned with forced non-floating left bound in right read: 198 (0%)
TRA chains: 274 (23.97%)
TRA non-functional: 8 (2.92%)
TRB chains: 51 (4.46%)
TRB non-functional: 0 (0%)
TRG chains: 9 (0.79%)
TRG non-functional: 0 (0%)
IGH chains: 313 (27.38%)
IGH non-functional: 0 (0%)
TRAD chains: 1 (0.09%)
TRAD non-functional: 0 (0%)
IGK chains: 228 (19.95%)
IGK non-functional: 6 (2.63%)
IGL chains: 267 (23.36%)
IGL non-functional: 0 (0%)
Trimming report:
  R1 reads trimmed left: 179813 (0.34%)
  R1 reads trimmed right: 186952 (0.36%)
  Average R1 nucleotides trimmed left: 0.05818151376299941
  Average R1 nucleotides trimmed right: 0.06438313698463725
  R2 reads trimmed left: 171406 (0.33%)
  R2 reads trimmed right: 174535 (0.33%)
  Average R2 nucleotides trimmed left: 0.054729300185677135
  Average R2 nucleotides trimmed right: 0.05854161464606697

>>>>>>>>>>>>>>>>>> mixcr assemblePartial <<<<<<<<<<<<<<<<<<
Running:
mixcr assemblePartial --report /projects/rpci/songyao/pnfioric/arc_project/airr_calculation/tcr_quant/results/mixcr_RS-04396785.assemblePartial.report.txt --json-report /projects/rpci/songyao/pnfioric/arc_project/airr_calculation/tcr_quant/results/mixcr_RS-04396785.assemblePartial.report.json /projects/rpci/songyao/pnfioric/arc_project/airr_calculation/tcr_quant/results/mixcr_RS-04396785.alignments.vdjca /projects/rpci/songyao/pnfioric/arc_project/airr_calculation/tcr_quant/results/mixcr_RS-04396785.passembled.1.vdjca
Building index: 0%
Searching for overlaps: 0.1%
================= report: assemblePartial =================
Analysis time: 169ms
Total alignments analysed: 1143
Number of output alignments: 1142 (99.91%)
Alignments already with CDR3 (no overlapping is performed): 220 (19.25%)
Successfully overlapped alignments: 1 (0.09%)
Left parts with too small N-region (failed to extract k-mer): 212 (18.55%)
Extracted k-mer diversity: 729
Dropped due to wildcard in k-mer: 0 (0%)
Dropped due to too short NRegion parts in overlap: 0 (0%)
Dropped overlaps with empty N region due to no complete NDN coverage: 0 (0%)
Number of left-side alignments: 118 (10.32%)
Number of right-side alignments: 593 (51.88%)
Complex overlaps: 0 (0%)
Over-overlaps: 0 (0%)
Partial alignments written to output: 921 (80.58%)

>>>>>>>>>>>>>>>>>> mixcr assemblePartial <<<<<<<<<<<<<<<<<<
Running:
mixcr assemblePartial --report /projects/rpci/songyao/pnfioric/arc_project/airr_calculation/tcr_quant/results/mixcr_RS-04396785.assemblePartial.report.txt --json-report /projects/rpci/songyao/pnfioric/arc_project/airr_calculation/tcr_quant/results/mixcr_RS-04396785.assemblePartial.report.json /projects/rpci/songyao/pnfioric/arc_project/airr_calculation/tcr_quant/results/mixcr_RS-04396785.passembled.1.vdjca /projects/rpci/songyao/pnfioric/arc_project/airr_calculation/tcr_quant/results/mixcr_RS-04396785.passembled.2.vdjca
Building index: 0%
Searching for overlaps: 0.1%
================= report: assemblePartial =================
Analysis time: 107ms
Total alignments analysed: 1142
Number of output alignments: 1142 (100%)
Alignments already with CDR3 (no overlapping is performed): 221 (19.35%)
Successfully overlapped alignments: 0 (0%)
Left parts with too small N-region (failed to extract k-mer): 212 (18.56%)
Extracted k-mer diversity: 716
Dropped due to wildcard in k-mer: 0 (0%)
Dropped due to too short NRegion parts in overlap: 0 (0%)
Dropped overlaps with empty N region due to no complete NDN coverage: 0 (0%)
Number of left-side alignments: 117 (10.25%)
Number of right-side alignments: 592 (51.84%)
Complex overlaps: 0 (0%)
Over-overlaps: 0 (0%)
Partial alignments written to output: 921 (80.65%)

>>>>>>>>>>>>>>>>>>>>>>> mixcr extend <<<<<<<<<<<<<<<<<<<<<<<
Running:
mixcr extend --report /projects/rpci/songyao/pnfioric/arc_project/airr_calculation/tcr_quant/results/mixcr_RS-04396785.extend.report.txt --json-report /projects/rpci/songyao/pnfioric/arc_project/airr_calculation/tcr_quant/results/mixcr_RS-04396785.extend.report.json --threads 12 /projects/rpci/songyao/pnfioric/arc_project/airr_calculation/tcr_quant/results/mixcr_RS-04396785.passembled.2.vdjca /projects/rpci/songyao/pnfioric/arc_project/airr_calculation/tcr_quant/results/mixcr_RS-04396785.extended.vdjca
Extending alignments: 0%
====================== report: extend ======================
Analysis time: 16ms
Extended alignments count: 0 (0%)
V extensions total: 0 (0%)
V extensions with merged targets: 0 (0%)
J extensions total: 0 (0%)
J extensions with merged targets: 0 (0%)
V+J extensions: 0 (0%)
Mean V extension length: NaN
Mean J extension length: NaN

>>>>>>>>>>>>>>>>>>>>>> mixcr assemble <<<<<<<<<<<<<<<<<<<<<<
Running:
mixcr assemble --report /projects/rpci/songyao/pnfioric/arc_project/airr_calculation/tcr_quant/results/mixcr_RS-04396785.assemble.report.txt --json-report /projects/rpci/songyao/pnfioric/arc_project/airr_calculation/tcr_quant/results/mixcr_RS-04396785.assemble.report.json /projects/rpci/songyao/pnfioric/arc_project/airr_calculation/tcr_quant/results/mixcr_RS-04396785.extended.vdjca /projects/rpci/songyao/pnfioric/arc_project/airr_calculation/tcr_quant/results/mixcr_RS-04396785.clna
Initialization: progress unknown
Initialization: progress unknown
===================== report: assemble =====================
Analysis time: 407ms
Final clonotype count: 69
Reads used in clonotypes, percent of total: 204 (0%)
Average number of reads per clonotype: 2.96
Reads dropped due to the lack of a clone sequence, percent of total: 937 (0%)
Reads dropped due to a too short clonal sequence, percent of total: 0 (0%)
Reads dropped due to low quality, percent of total: 0 (0%)
Reads dropped due to failed mapping, percent of total: 2 (0%)
Reads dropped with low quality clones, percent of total: 0 (0%)
Aligned reads processed: 206
Reads used in clonotypes before clustering, percent of total: 204 (0%)
Number of reads used as a core, percent of used: 204 (100%)
Mapped low quality reads, percent of used: 0 (0%)
Reads clustered in PCR error correction, percent of used: 0 (0%)
Reads pre-clustered due to the similar VJC-lists, percent of used: 0 (0%)
Clonotypes dropped as low quality: 0
Clonotypes eliminated by PCR error correction: 0
Clonotypes pre-clustered due to the similar VJC-lists: 0
Clones dropped in post filtering: 0 (0%)
Reads dropped in post filtering: 0.0 (0%)
Reads filtered by tag prefix: 0 (0%)
TRA chains: 2 (2.9%)
TRA non-functional: 1 (50%)
IGH chains: 19 (27.54%)
IGH non-functional: 0 (0%)
IGK chains: 33 (47.83%)
IGK non-functional: 2 (6.06%)
IGL chains: 15 (21.74%)
IGL non-functional: 0 (0%)

>>>>>>>>>>>>>>>>>> mixcr assembleContigs <<<<<<<<<<<<<<<<<<
Running:
mixcr assembleContigs --report /projects/rpci/songyao/pnfioric/arc_project/airr_calculation/tcr_quant/results/mixcr_RS-04396785.assembleContigs.report.txt --json-report /projects/rpci/songyao/pnfioric/arc_project/airr_calculation/tcr_quant/results/mixcr_RS-04396785.assembleContigs.report.json --threads 12 /projects/rpci/songyao/pnfioric/arc_project/airr_calculation/tcr_quant/results/mixcr_RS-04396785.clna /projects/rpci/songyao/pnfioric/arc_project/airr_calculation/tcr_quant/results/mixcr_RS-04396785.contigs.clns
Assembling contigs: 0%
================= report: assembleContigs =================
Analysis time: 174ms
Initial clonotype count: 69
Final clonotype count: 69 (100%)
Canceled assemblies: 0 (0%)
Clones filtered out after assemble: 0 (0%)
Number of premature termination assembly events, percent of number of initial clonotypes: 0.0 (0%)
Longest contig length: 219
Clustered variants: 0 (0%)
Reads in clustered variants: 0.0 (0%)
Reads in divided (newly created) clones: 0.0 (0%)
Clones with ambiguous letters in splitting region: 0 (0%)
Reads in clones with ambiguous letters in splitting region: 0.0 (0%)
Average number of ambiguous letters per clone with ambiguous letters in splitting region: NaN
Clones combined after clustering: 0 (0%)

>>>>>>>>>>>>>>>>>>>>>>>>> mixcr qc <<<<<<<<<<<<<<<<<<<<<<<<<
Running:
mixcr qc --print-to-stdout /projects/rpci/songyao/pnfioric/arc_project/airr_calculation/tcr_quant/results/mixcr_RS-04396785.contigs.clns /projects/rpci/songyao/pnfioric/arc_project/airr_calculation/tcr_quant/results/mixcr_RS-04396785.qc.txt /projects/rpci/songyao/pnfioric/arc_project/airr_calculation/tcr_quant/results/mixcr_RS-04396785.qc.json

  Alignments dropped due to low sequence quality: 0.0% [OK]

>>>>>>>>>>>>>>>>>>>> mixcr exportClones <<<<<<<<<<<<<<<<<<<<
Running:
mixcr exportClones /projects/rpci/songyao/pnfioric/arc_project/airr_calculation/tcr_quant/results/mixcr_RS-04396785.contigs.clns /projects/rpci/songyao/pnfioric/arc_project/airr_calculation/tcr_quant/results/mixcr_RS-04396785.clones.tsv
Analysis finished successfully.
===============================
Visualize results and simplify your immune data analysis with a convenient UI.
Explore and install Platforma.bio here: https://platforma.bio
