Exporting TRB
Exporting clones: 9.1%
Filtered 11 of 393 clones (97.2%).
Filtered 22.0 of 741.0 reads (97.03%).
Exporting TRA
Exporting clones: 7.7%
Filtered 13 of 393 clones (96.69%).
Filtered 20.0 of 741.0 reads (97.3%).
Exporting IGH
Exporting clones: 1.2%
Filtered 82 of 393 clones (79.13%).
Filtered 146.0 of 741.0 reads (80.3%).
Exporting TRG
Exporting clones: 25%
Filtered 4 of 393 clones (98.98%).
Filtered 6.0 of 741.0 reads (99.19%).
Exporting IGL
Exporting clones: 1.2%
Filtered 82 of 393 clones (79.13%).
Filtered 157.0 of 741.0 reads (78.81%).
Exporting IGK
Exporting clones: 0.5%
Filtered 201 of 393 clones (48.85%).
Filtered 390.0 of 741.0 reads (47.37%).
