Exporting TRB
Exporting clones: 14.3%
Filtered 7 of 1327 clones (99.47%).
Filtered 16.0 of 2931.0 reads (99.45%).
Exporting TRA
Exporting clones: 14.3%
Filtered 7 of 1327 clones (99.47%).
Filtered 9.0 of 2931.0 reads (99.69%).
Exporting IGH
Exporting clones: 0.3%
Filtered 385 of 1327 clones (70.99%).
Filtered 777.0 of 2931.0 reads (73.49%).
Exporting TRG
Exporting clones: 100%
Filtered 5 of 1327 clones (99.62%).
Filtered 11.0 of 2931.0 reads (99.62%).
Exporting IGL
Exporting clones: 0.9%
Filtered 335 of 1327 clones (74.76%).
Filtered 823.0 of 2931.0 reads (71.92%).
Exporting IGK
Exporting clones: 0.7%
Filtered 588 of 1327 clones (55.69%).
Filtered 1295.0 of 2931.0 reads (55.82%).
