Exporting TRB
Exporting clones: 20%
Filtered 5 of 435 clones (98.85%).
Filtered 7.0 of 1904.0 reads (99.63%).
Exporting TRA
Exporting clones: 11.1%
Filtered 9 of 435 clones (97.93%).
Filtered 16.0 of 1904.0 reads (99.16%).
Exporting TRD
Exporting clones: 100%
Filtered 1 of 435 clones (99.77%).
Filtered 2.0 of 1904.0 reads (99.89%).
Exporting IGH
Exporting clones: 0.8%
Filtered 119 of 435 clones (72.64%).
Filtered 383.0 of 1904.0 reads (79.88%).
Exporting TRG
Exporting clones: 11.1%
Filtered 9 of 435 clones (97.93%).
Filtered 17.0 of 1904.0 reads (99.11%).
Exporting IGL
Exporting clones: 0.9%
Filtered 106 of 435 clones (75.63%).
Filtered 675.0 of 1904.0 reads (64.55%).
Exporting IGK
Exporting clones: 0.5%
Filtered 186 of 435 clones (57.24%).
Filtered 804.0 of 1904.0 reads (57.77%).
