Exporting TRB
Exporting clones: 20%
Filtered 5 of 251 clones (98.01%).
Filtered 10.0 of 1050.0 reads (99.05%).
Exporting TRA
Exporting clones: 25%
Filtered 4 of 251 clones (98.41%).
Filtered 9.0 of 1050.0 reads (99.14%).
Exporting IGH
Exporting clones: 1.7%
Filtered 60 of 251 clones (76.1%).
Filtered 201.0 of 1050.0 reads (80.86%).
Exporting TRG
Exporting clones: 33.3%
Filtered 3 of 251 clones (98.8%).
Filtered 9.0 of 1050.0 reads (99.14%).
Exporting IGL
Exporting clones: 3.5%
Filtered 57 of 251 clones (77.29%).
Filtered 230.0 of 1050.0 reads (78.1%).
Exporting IGK
Exporting clones: 0.8%
Filtered 122 of 251 clones (51.39%).
Filtered 591.0 of 1050.0 reads (43.71%).
