WARNING: sun.reflect.Reflection.getCallerClass is not supported. This will impact performance.

>>>>>>>>>>>>>>>>>>>>>>> mixcr align <<<<<<<<<<<<<<<<<<<<<<<
Running:
mixcr align --report /projects/rpci/songyao/pnfioric/arc_project/airr_calculation/tcr_quant/results/mixcr_RS-04396736.align.report.txt --json-report /projects/rpci/songyao/pnfioric/arc_project/airr_calculation/tcr_quant/results/mixcr_RS-04396736.align.report.json --threads 12 --preset rna-seq --save-output-file-names /projects/rpci/songyao/pnfioric/arc_project/airr_calculation/tcr_quant/results/mixcr_RS-04396736.align.list.tsv --species hsa /projects/rpci/songyao/pnfioric/arc_project/airr_calculation/fastq_files/RS-04396736/RS-04396736_SCHS12002064-A5_RS-03849878_S88_R1_001.fastq.gz /projects/rpci/songyao/pnfioric/arc_project/airr_calculation/fastq_files/RS-04396736/RS-04396736_SCHS12002064-A5_RS-03849878_S88_R2_001.fastq.gz /projects/rpci/songyao/pnfioric/arc_project/airr_calculation/tcr_quant/results/mixcr_RS-04396736.alignments.vdjca
Alignment: 0%
Alignment: 3.1%  ETA: 01:02:21
Alignment: 6.3%  ETA: 00:58:43
Alignment: 9.5%  ETA: 00:57:14
Alignment: 12.6%  ETA: 00:55:45
Alignment: 15.8%  ETA: 00:52:18
Alignment: 19.1%  ETA: 00:49:51
Alignment: 22.3%  ETA: 00:48:17
Alignment: 25.5%  ETA: 00:46:16
Alignment: 28.6%  ETA: 00:45:31
Alignment: 31.8%  ETA: 00:43:06
Alignment: 34.9%  ETA: 00:41:30
Alignment: 38.1%  ETA: 00:39:07
Alignment: 41.3%  ETA: 00:36:47
Alignment: 44.5%  ETA: 00:34:47
Alignment: 47.6%  ETA: 00:33:06
Alignment: 50.8%  ETA: 00:31:05
Alignment: 54%  ETA: 00:28:49
Alignment: 57.1%  ETA: 00:27:36
Alignment: 60.3%  ETA: 00:24:52
Alignment: 63.4%  ETA: 00:23:19
Alignment: 66.6%  ETA: 00:20:54
Alignment: 69.9%  ETA: 00:18:44
Alignment: 73.1%  ETA: 00:16:43
Alignment: 76.2%  ETA: 00:15:01
Alignment: 79.4%  ETA: 00:13:01
Alignment: 82.5%  ETA: 00:11:15
Alignment: 85.7%  ETA: 00:08:57
Alignment: 88.9%  ETA: 00:07:02
Alignment: 92.1%  ETA: 00:04:58
Alignment: 95.3%  ETA: 00:02:56
Alignment: 98.5%  ETA: 00:00:56
====================== report: align ======================
Analysis time: 63m
Total sequencing reads: 68333094
Successfully aligned reads: 4887 (0.01%)
Coverage (percent of successfully aligned):
  CDR3: 1736 (35.52%)
  FR3_TO_FR4: 9 (0.18%)
  CDR2_TO_FR4: 6 (0.12%)
  FR2_TO_FR4: 0 (0%)
  CDR1_TO_FR4: 0 (0%)
  VDJRegion: 1 (0.02%)
Alignment failed: no hits (not TCR/IG?): 66527418 (97.36%)
Alignment failed: no CDR3 parts: 27246 (0.04%)
Alignment failed: low total score: 1773543 (2.6%)
Overlapped: 59733493 (87.42%)
Overlapped and aligned: 4553 (0.01%)
Overlapped and not aligned: 59728940 (87.41%)
Alignment-aided overlaps, percent of overlapped and aligned: 104 (2.28%)
No CDR3 parts alignments, percent of successfully aligned: 126 (2.58%)
Partial aligned reads, percent of successfully aligned: 3025 (61.9%)
Realigned with forced non-floating bound: 17199410 (25.17%)
Realigned with forced non-floating right bound in left read: 948 (0%)
Realigned with forced non-floating left bound in right read: 948 (0%)
TRA chains: 142 (2.91%)
TRA non-functional: 0 (0%)
TRB chains: 34 (0.7%)
TRB non-functional: 0 (0%)
TRD chains: 4 (0.08%)
TRD non-functional: 0 (0%)
TRG chains: 11 (0.23%)
TRG non-functional: 0 (0%)
IGH chains: 1625 (33.25%)
IGH non-functional: 7 (0.43%)
TRAD chains: 2 (0.04%)
TRAD non-functional: 0 (0%)
IGK chains: 1797 (36.77%)
IGK non-functional: 37 (2.06%)
IGL chains: 1272 (26.03%)
IGL non-functional: 5 (0.39%)
Trimming report:
  R1 reads trimmed left: 46208 (0.07%)
  R1 reads trimmed right: 51065 (0.07%)
  Average R1 nucleotides trimmed left: 0.011488474384022477
  Average R1 nucleotides trimmed right: 0.01463293905585484
  R2 reads trimmed left: 48865 (0.07%)
  R2 reads trimmed right: 48688 (0.07%)
  Average R2 nucleotides trimmed left: 0.011429747349066325
  Average R2 nucleotides trimmed right: 0.012406316623099198

>>>>>>>>>>>>>>>>>> mixcr assemblePartial <<<<<<<<<<<<<<<<<<
Running:
mixcr assemblePartial --report /projects/rpci/songyao/pnfioric/arc_project/airr_calculation/tcr_quant/results/mixcr_RS-04396736.assemblePartial.report.txt --json-report /projects/rpci/songyao/pnfioric/arc_project/airr_calculation/tcr_quant/results/mixcr_RS-04396736.assemblePartial.report.json /projects/rpci/songyao/pnfioric/arc_project/airr_calculation/tcr_quant/results/mixcr_RS-04396736.alignments.vdjca /projects/rpci/songyao/pnfioric/arc_project/airr_calculation/tcr_quant/results/mixcr_RS-04396736.passembled.1.vdjca
Building index: 0%
Searching for overlaps: 0%
================= report: assemblePartial =================
Analysis time: 310ms
Total alignments analysed: 4887
Number of output alignments: 4863 (99.51%)
Alignments already with CDR3 (no overlapping is performed): 1773 (36.28%)
Successfully overlapped alignments: 24 (0.49%)
Left parts with too small N-region (failed to extract k-mer): 829 (16.96%)
Extracted k-mer diversity: 3252
Dropped due to wildcard in k-mer: 0 (0%)
Dropped due to too short NRegion parts in overlap: 12 (0.25%)
Dropped overlaps with empty N region due to no complete NDN coverage: 0 (0%)
Number of left-side alignments: 588 (12.03%)
Number of right-side alignments: 1708 (34.95%)
Complex overlaps: 0 (0%)
Over-overlaps: 0 (0%)
Partial alignments written to output: 3066 (62.74%)

>>>>>>>>>>>>>>>>>> mixcr assemblePartial <<<<<<<<<<<<<<<<<<
Running:
mixcr assemblePartial --report /projects/rpci/songyao/pnfioric/arc_project/airr_calculation/tcr_quant/results/mixcr_RS-04396736.assemblePartial.report.txt --json-report /projects/rpci/songyao/pnfioric/arc_project/airr_calculation/tcr_quant/results/mixcr_RS-04396736.assemblePartial.report.json /projects/rpci/songyao/pnfioric/arc_project/airr_calculation/tcr_quant/results/mixcr_RS-04396736.passembled.1.vdjca /projects/rpci/songyao/pnfioric/arc_project/airr_calculation/tcr_quant/results/mixcr_RS-04396736.passembled.2.vdjca
Building index: 0%
Searching for overlaps: 0%
================= report: assemblePartial =================
Analysis time: 113ms
Total alignments analysed: 4863
Number of output alignments: 4863 (100%)
Alignments already with CDR3 (no overlapping is performed): 1797 (36.95%)
Successfully overlapped alignments: 0 (0%)
Left parts with too small N-region (failed to extract k-mer): 829 (17.05%)
Extracted k-mer diversity: 3183
Dropped due to wildcard in k-mer: 0 (0%)
Dropped due to too short NRegion parts in overlap: 11 (0.23%)
Dropped overlaps with empty N region due to no complete NDN coverage: 0 (0%)
Number of left-side alignments: 564 (11.6%)
Number of right-side alignments: 1684 (34.63%)
Complex overlaps: 0 (0%)
Over-overlaps: 0 (0%)
Partial alignments written to output: 3066 (63.05%)

>>>>>>>>>>>>>>>>>>>>>>> mixcr extend <<<<<<<<<<<<<<<<<<<<<<<
Running:
mixcr extend --report /projects/rpci/songyao/pnfioric/arc_project/airr_calculation/tcr_quant/results/mixcr_RS-04396736.extend.report.txt --json-report /projects/rpci/songyao/pnfioric/arc_project/airr_calculation/tcr_quant/results/mixcr_RS-04396736.extend.report.json --threads 12 /projects/rpci/songyao/pnfioric/arc_project/airr_calculation/tcr_quant/results/mixcr_RS-04396736.passembled.2.vdjca /projects/rpci/songyao/pnfioric/arc_project/airr_calculation/tcr_quant/results/mixcr_RS-04396736.extended.vdjca
Extending alignments: 0%
====================== report: extend ======================
Analysis time: 88ms
Extended alignments count: 0 (0%)
V extensions total: 0 (0%)
V extensions with merged targets: 0 (0%)
J extensions total: 0 (0%)
J extensions with merged targets: 0 (0%)
V+J extensions: 0 (0%)
Mean V extension length: NaN
Mean J extension length: NaN

>>>>>>>>>>>>>>>>>>>>>> mixcr assemble <<<<<<<<<<<<<<<<<<<<<<
Running:
mixcr assemble --report /projects/rpci/songyao/pnfioric/arc_project/airr_calculation/tcr_quant/results/mixcr_RS-04396736.assemble.report.txt --json-report /projects/rpci/songyao/pnfioric/arc_project/airr_calculation/tcr_quant/results/mixcr_RS-04396736.assemble.report.json /projects/rpci/songyao/pnfioric/arc_project/airr_calculation/tcr_quant/results/mixcr_RS-04396736.extended.vdjca /projects/rpci/songyao/pnfioric/arc_project/airr_calculation/tcr_quant/results/mixcr_RS-04396736.clna
Initialization: progress unknown
Initialization: progress unknown
===================== report: assemble =====================
Analysis time: 1.08s
Final clonotype count: 652
Reads used in clonotypes, percent of total: 1721 (0%)
Average number of reads per clonotype: 2.64
Reads dropped due to the lack of a clone sequence, percent of total: 3103 (0%)
Reads dropped due to a too short clonal sequence, percent of total: 0 (0%)
Reads dropped due to low quality, percent of total: 0 (0%)
Reads dropped due to failed mapping, percent of total: 63 (0%)
Reads dropped with low quality clones, percent of total: 0 (0%)
Aligned reads processed: 1784
Reads used in clonotypes before clustering, percent of total: 1721 (0%)
Number of reads used as a core, percent of used: 1706 (99.13%)
Mapped low quality reads, percent of used: 15 (0.87%)
Reads clustered in PCR error correction, percent of used: 0 (0%)
Reads pre-clustered due to the similar VJC-lists, percent of used: 0 (0%)
Clonotypes dropped as low quality: 0
Clonotypes eliminated by PCR error correction: 0
Clonotypes pre-clustered due to the similar VJC-lists: 0
Clones dropped in post filtering: 0 (0%)
Reads dropped in post filtering: 0.0 (0%)
Reads filtered by tag prefix: 0 (0%)
TRA chains: 4 (0.61%)
TRA non-functional: 0 (0%)
TRB chains: 2 (0.31%)
TRB non-functional: 0 (0%)
IGH chains: 179 (27.45%)
IGH non-functional: 2 (1.12%)
IGK chains: 340 (52.15%)
IGK non-functional: 16 (4.71%)
IGL chains: 127 (19.48%)
IGL non-functional: 1 (0.79%)

>>>>>>>>>>>>>>>>>> mixcr assembleContigs <<<<<<<<<<<<<<<<<<
Running:
mixcr assembleContigs --report /projects/rpci/songyao/pnfioric/arc_project/airr_calculation/tcr_quant/results/mixcr_RS-04396736.assembleContigs.report.txt --json-report /projects/rpci/songyao/pnfioric/arc_project/airr_calculation/tcr_quant/results/mixcr_RS-04396736.assembleContigs.report.json --threads 12 /projects/rpci/songyao/pnfioric/arc_project/airr_calculation/tcr_quant/results/mixcr_RS-04396736.clna /projects/rpci/songyao/pnfioric/arc_project/airr_calculation/tcr_quant/results/mixcr_RS-04396736.contigs.clns
Assembling contigs: 0%
================= report: assembleContigs =================
Analysis time: 759ms
Initial clonotype count: 652
Final clonotype count: 652 (100%)
Canceled assemblies: 0 (0%)
Clones filtered out after assemble: 0 (0%)
Number of premature termination assembly events, percent of number of initial clonotypes: 0.0 (0%)
Longest contig length: 317
Clustered variants: 0 (0%)
Reads in clustered variants: 0.0 (0%)
Reads in divided (newly created) clones: 0.0 (0%)
Clones with ambiguous letters in splitting region: 0 (0%)
Reads in clones with ambiguous letters in splitting region: 0.0 (0%)
Average number of ambiguous letters per clone with ambiguous letters in splitting region: NaN
Clones combined after clustering: 0 (0%)

>>>>>>>>>>>>>>>>>>>>>>>>> mixcr qc <<<<<<<<<<<<<<<<<<<<<<<<<
Running:
mixcr qc --print-to-stdout /projects/rpci/songyao/pnfioric/arc_project/airr_calculation/tcr_quant/results/mixcr_RS-04396736.contigs.clns /projects/rpci/songyao/pnfioric/arc_project/airr_calculation/tcr_quant/results/mixcr_RS-04396736.qc.txt /projects/rpci/songyao/pnfioric/arc_project/airr_calculation/tcr_quant/results/mixcr_RS-04396736.qc.json

  Alignments dropped due to low sequence quality: 0.0% [OK]

>>>>>>>>>>>>>>>>>>>> mixcr exportClones <<<<<<<<<<<<<<<<<<<<
Running:
mixcr exportClones /projects/rpci/songyao/pnfioric/arc_project/airr_calculation/tcr_quant/results/mixcr_RS-04396736.contigs.clns /projects/rpci/songyao/pnfioric/arc_project/airr_calculation/tcr_quant/results/mixcr_RS-04396736.clones.tsv
Analysis finished successfully.
===============================
Visualize results and simplify your immune data analysis with a convenient UI.
Explore and install Platforma.bio here: https://platforma.bio
