WARNING: sun.reflect.Reflection.getCallerClass is not supported. This will impact performance.

>>>>>>>>>>>>>>>>>>>>>>> mixcr align <<<<<<<<<<<<<<<<<<<<<<<
Running:
mixcr align --report /projects/rpci/songyao/pnfioric/arc_project/airr_calculation/tcr_quant/results/mixcr_RS-03769896.align.report.txt --json-report /projects/rpci/songyao/pnfioric/arc_project/airr_calculation/tcr_quant/results/mixcr_RS-03769896.align.report.json --threads 12 --preset rna-seq --save-output-file-names /projects/rpci/songyao/pnfioric/arc_project/airr_calculation/tcr_quant/results/mixcr_RS-03769896.align.list.tsv --species hsa /projects/rpci/songyao/pnfioric/arc_project/airr_calculation/fastq_files/RS-03769896/RS-04417071_SSFS08011618-F7_RS-03769896_S75_R1_001.fastq.gz /projects/rpci/songyao/pnfioric/arc_project/airr_calculation/fastq_files/RS-03769896/RS-04417071_SSFS08011618-F7_RS-03769896_S75_R2_001.fastq.gz /projects/rpci/songyao/pnfioric/arc_project/airr_calculation/tcr_quant/results/mixcr_RS-03769896.alignments.vdjca
Alignment: 0%
Alignment: 3.8%  ETA: 00:51:00
Alignment: 7.6%  ETA: 00:48:36
Alignment: 11.4%  ETA: 00:46:36
Alignment: 15.2%  ETA: 00:44:14
Alignment: 19.1%  ETA: 00:41:53
Alignment: 22.9%  ETA: 00:40:13
Alignment: 26.7%  ETA: 00:38:32
Alignment: 30.5%  ETA: 00:36:32
Alignment: 34.3%  ETA: 00:34:50
Alignment: 38%  ETA: 00:33:06
Alignment: 41.9%  ETA: 00:30:19
Alignment: 45.7%  ETA: 00:28:19
Alignment: 49.5%  ETA: 00:26:33
Alignment: 53.3%  ETA: 00:24:33
Alignment: 57.1%  ETA: 00:22:45
Alignment: 60.8%  ETA: 00:20:56
Alignment: 64.6%  ETA: 00:18:46
Alignment: 68.4%  ETA: 00:16:28
Alignment: 72.2%  ETA: 00:14:36
Alignment: 76%  ETA: 00:12:36
Alignment: 79.8%  ETA: 00:10:48
Alignment: 83.6%  ETA: 00:08:43
Alignment: 87.4%  ETA: 00:06:38
Alignment: 91.1%  ETA: 00:04:42
Alignment: 95%  ETA: 00:02:37
Alignment: 98.8%  ETA: 00:00:37
====================== report: align ======================
Analysis time: 52.66m
Total sequencing reads: 67182445
Successfully aligned reads: 11482 (0.02%)
Coverage (percent of successfully aligned):
  CDR3: 915 (7.97%)
  FR3_TO_FR4: 0 (0%)
  CDR2_TO_FR4: 0 (0%)
  FR2_TO_FR4: 0 (0%)
  CDR1_TO_FR4: 0 (0%)
  VDJRegion: 0 (0%)
Alignment failed: no hits (not TCR/IG?): 65268918 (97.15%)
Alignment failed after alignment-aided overlap: 93 (0%)
Alignment failed: no CDR3 parts: 38382 (0.06%)
Alignment failed: low total score: 1863570 (2.77%)
Overlapped: 62073941 (92.4%)
Overlapped and aligned: 10562 (0.02%)
Overlapped and not aligned: 62063379 (92.38%)
Alignment-aided overlaps, percent of overlapped and aligned: 178 (1.69%)
No CDR3 parts alignments, percent of successfully aligned: 697 (6.07%)
Partial aligned reads, percent of successfully aligned: 9870 (85.96%)
V gene chimeras: 27 (0%)
Paired-end alignment conflicts eliminated: 1 (0%)
Realigned with forced non-floating bound: 10217364 (15.21%)
Realigned with forced non-floating right bound in left read: 766 (0%)
Realigned with forced non-floating left bound in right read: 766 (0%)
TRA chains: 2153 (18.75%)
TRA non-functional: 0 (0%)
TRB chains: 1044 (9.09%)
TRB non-functional: 0 (0%)
TRD chains: 18 (0.16%)
TRD non-functional: 0 (0%)
TRG chains: 129 (1.12%)
TRG non-functional: 58 (44.96%)
IGH chains: 3967 (34.55%)
IGH non-functional: 1 (0.03%)
TRAD chains: 186 (1.62%)
TRAD non-functional: 0 (0%)
IGK chains: 1628 (14.18%)
IGK non-functional: 7 (0.43%)
IGL chains: 2357 (20.53%)
IGL non-functional: 0 (0%)
Trimming report:
  R1 reads trimmed left: 1235374 (1.84%)
  R1 reads trimmed right: 1268440 (1.89%)
  Average R1 nucleotides trimmed left: 0.3125922255434437
  Average R1 nucleotides trimmed right: 0.33319448257651235
  R2 reads trimmed left: 1219414 (1.82%)
  R2 reads trimmed right: 1252351 (1.86%)
  Average R2 nucleotides trimmed left: 0.30846729379974186
  Average R2 nucleotides trimmed right: 0.32875762410850035

>>>>>>>>>>>>>>>>>> mixcr assemblePartial <<<<<<<<<<<<<<<<<<
Running:
mixcr assemblePartial --report /projects/rpci/songyao/pnfioric/arc_project/airr_calculation/tcr_quant/results/mixcr_RS-03769896.assemblePartial.report.txt --json-report /projects/rpci/songyao/pnfioric/arc_project/airr_calculation/tcr_quant/results/mixcr_RS-03769896.assemblePartial.report.json /projects/rpci/songyao/pnfioric/arc_project/airr_calculation/tcr_quant/results/mixcr_RS-03769896.alignments.vdjca /projects/rpci/songyao/pnfioric/arc_project/airr_calculation/tcr_quant/results/mixcr_RS-03769896.passembled.1.vdjca
Building index: 0%
Searching for overlaps: 0%
================= report: assemblePartial =================
Analysis time: 332ms
Total alignments analysed: 11482
Number of output alignments: 11482 (100%)
Alignments already with CDR3 (no overlapping is performed): 961 (8.37%)
Successfully overlapped alignments: 0 (0%)
Left parts with too small N-region (failed to extract k-mer): 1882 (16.39%)
Extracted k-mer diversity: 4236
Dropped due to wildcard in k-mer: 0 (0%)
Dropped due to too short NRegion parts in overlap: 0 (0%)
Dropped overlaps with empty N region due to no complete NDN coverage: 0 (0%)
Number of left-side alignments: 4226 (36.81%)
Number of right-side alignments: 4448 (38.74%)
Complex overlaps: 0 (0%)
Over-overlaps: 0 (0%)
Partial alignments written to output: 10521 (91.63%)

>>>>>>>>>>>>>>>>>> mixcr assemblePartial <<<<<<<<<<<<<<<<<<
Running:
mixcr assemblePartial --report /projects/rpci/songyao/pnfioric/arc_project/airr_calculation/tcr_quant/results/mixcr_RS-03769896.assemblePartial.report.txt --json-report /projects/rpci/songyao/pnfioric/arc_project/airr_calculation/tcr_quant/results/mixcr_RS-03769896.assemblePartial.report.json /projects/rpci/songyao/pnfioric/arc_project/airr_calculation/tcr_quant/results/mixcr_RS-03769896.passembled.1.vdjca /projects/rpci/songyao/pnfioric/arc_project/airr_calculation/tcr_quant/results/mixcr_RS-03769896.passembled.2.vdjca
Building index: 0%
Searching for overlaps: 0%
================= report: assemblePartial =================
Analysis time: 213ms
Total alignments analysed: 11482
Number of output alignments: 11482 (100%)
Alignments already with CDR3 (no overlapping is performed): 961 (8.37%)
Successfully overlapped alignments: 0 (0%)
Left parts with too small N-region (failed to extract k-mer): 1882 (16.39%)
Extracted k-mer diversity: 4236
Dropped due to wildcard in k-mer: 0 (0%)
Dropped due to too short NRegion parts in overlap: 0 (0%)
Dropped overlaps with empty N region due to no complete NDN coverage: 0 (0%)
Number of left-side alignments: 4226 (36.81%)
Number of right-side alignments: 4448 (38.74%)
Complex overlaps: 0 (0%)
Over-overlaps: 0 (0%)
Partial alignments written to output: 10521 (91.63%)

>>>>>>>>>>>>>>>>>>>>>>> mixcr extend <<<<<<<<<<<<<<<<<<<<<<<
Running:
mixcr extend --report /projects/rpci/songyao/pnfioric/arc_project/airr_calculation/tcr_quant/results/mixcr_RS-03769896.extend.report.txt --json-report /projects/rpci/songyao/pnfioric/arc_project/airr_calculation/tcr_quant/results/mixcr_RS-03769896.extend.report.json --threads 12 /projects/rpci/songyao/pnfioric/arc_project/airr_calculation/tcr_quant/results/mixcr_RS-03769896.passembled.2.vdjca /projects/rpci/songyao/pnfioric/arc_project/airr_calculation/tcr_quant/results/mixcr_RS-03769896.extended.vdjca
Extending alignments: 0%
====================== report: extend ======================
Analysis time: 79ms
Extended alignments count: 0 (0%)
V extensions total: 0 (0%)
V extensions with merged targets: 0 (0%)
J extensions total: 0 (0%)
J extensions with merged targets: 0 (0%)
V+J extensions: 0 (0%)
Mean V extension length: NaN
Mean J extension length: NaN

>>>>>>>>>>>>>>>>>>>>>> mixcr assemble <<<<<<<<<<<<<<<<<<<<<<
Running:
mixcr assemble --report /projects/rpci/songyao/pnfioric/arc_project/airr_calculation/tcr_quant/results/mixcr_RS-03769896.assemble.report.txt --json-report /projects/rpci/songyao/pnfioric/arc_project/airr_calculation/tcr_quant/results/mixcr_RS-03769896.assemble.report.json /projects/rpci/songyao/pnfioric/arc_project/airr_calculation/tcr_quant/results/mixcr_RS-03769896.extended.vdjca /projects/rpci/songyao/pnfioric/arc_project/airr_calculation/tcr_quant/results/mixcr_RS-03769896.clna
Initialization: progress unknown
Initialization: progress unknown
===================== report: assemble =====================
Analysis time: 570ms
Final clonotype count: 64
Reads used in clonotypes, percent of total: 913 (0%)
Average number of reads per clonotype: 14.27
Reads dropped due to the lack of a clone sequence, percent of total: 10567 (0.02%)
Reads dropped due to a too short clonal sequence, percent of total: 0 (0%)
Reads dropped due to low quality, percent of total: 0 (0%)
Reads dropped due to failed mapping, percent of total: 1 (0%)
Reads dropped with low quality clones, percent of total: 0 (0%)
Aligned reads processed: 915
Reads used in clonotypes before clustering, percent of total: 914 (0%)
Number of reads used as a core, percent of used: 907 (99.23%)
Mapped low quality reads, percent of used: 7 (0.77%)
Reads clustered in PCR error correction, percent of used: 1 (0.11%)
Reads pre-clustered due to the similar VJC-lists, percent of used: 0 (0%)
Clonotypes dropped as low quality: 0
Clonotypes eliminated by PCR error correction: 1
Clonotypes pre-clustered due to the similar VJC-lists: 0
Clones dropped in post filtering: 0 (0%)
Reads dropped in post filtering: 0.0 (0%)
Reads filtered by tag prefix: 0 (0%)
TRA chains: 1 (1.56%)
TRA non-functional: 0 (0%)
TRG chains: 1 (1.56%)
TRG non-functional: 1 (100%)
IGH chains: 14 (21.88%)
IGH non-functional: 0 (0%)
IGK chains: 31 (48.44%)
IGK non-functional: 1 (3.23%)
IGL chains: 17 (26.56%)
IGL non-functional: 0 (0%)

>>>>>>>>>>>>>>>>>> mixcr assembleContigs <<<<<<<<<<<<<<<<<<
Running:
mixcr assembleContigs --report /projects/rpci/songyao/pnfioric/arc_project/airr_calculation/tcr_quant/results/mixcr_RS-03769896.assembleContigs.report.txt --json-report /projects/rpci/songyao/pnfioric/arc_project/airr_calculation/tcr_quant/results/mixcr_RS-03769896.assembleContigs.report.json --threads 12 /projects/rpci/songyao/pnfioric/arc_project/airr_calculation/tcr_quant/results/mixcr_RS-03769896.clna /projects/rpci/songyao/pnfioric/arc_project/airr_calculation/tcr_quant/results/mixcr_RS-03769896.contigs.clns
Assembling contigs: 0%
================= report: assembleContigs =================
Analysis time: 247ms
Initial clonotype count: 64
Final clonotype count: 64 (100%)
Canceled assemblies: 0 (0%)
Clones filtered out after assemble: 0 (0%)
Number of premature termination assembly events, percent of number of initial clonotypes: 0.0 (0%)
Longest contig length: 168
Clustered variants: 0 (0%)
Reads in clustered variants: 0.0 (0%)
Reads in divided (newly created) clones: 0.0 (0%)
Clones with ambiguous letters in splitting region: 0 (0%)
Reads in clones with ambiguous letters in splitting region: 0.0 (0%)
Average number of ambiguous letters per clone with ambiguous letters in splitting region: NaN
Clones combined after clustering: 0 (0%)

>>>>>>>>>>>>>>>>>>>>>>>>> mixcr qc <<<<<<<<<<<<<<<<<<<<<<<<<
Running:
mixcr qc --print-to-stdout /projects/rpci/songyao/pnfioric/arc_project/airr_calculation/tcr_quant/results/mixcr_RS-03769896.contigs.clns /projects/rpci/songyao/pnfioric/arc_project/airr_calculation/tcr_quant/results/mixcr_RS-03769896.qc.txt /projects/rpci/songyao/pnfioric/arc_project/airr_calculation/tcr_quant/results/mixcr_RS-03769896.qc.json

  Alignments dropped due to low sequence quality: 0.0% [OK]

>>>>>>>>>>>>>>>>>>>> mixcr exportClones <<<<<<<<<<<<<<<<<<<<
Running:
mixcr exportClones /projects/rpci/songyao/pnfioric/arc_project/airr_calculation/tcr_quant/results/mixcr_RS-03769896.contigs.clns /projects/rpci/songyao/pnfioric/arc_project/airr_calculation/tcr_quant/results/mixcr_RS-03769896.clones.tsv
Analysis finished successfully.
===============================
Visualize results and simplify your immune data analysis with a convenient UI.
Explore and install Platforma.bio here: https://platforma.bio
