Exporting TRB
Exporting clones: 20%
Filtered 5 of 272 clones (98.16%).
Filtered 7.0 of 490.0 reads (98.57%).
Exporting TRA
Exporting clones: 33.3%
Filtered 3 of 272 clones (98.9%).
Filtered 3.0 of 490.0 reads (99.39%).
Exporting IGH
Exporting clones: 1.7%
Filtered 60 of 272 clones (77.94%).
Filtered 102.0 of 490.0 reads (79.18%).
Exporting TRG
Filtered 1 of 272 clones (99.63%).
Filtered 2.0 of 490.0 reads (99.59%).
Exporting IGL
Exporting clones: 1.9%
Filtered 52 of 272 clones (80.88%).
Filtered 106.0 of 490.0 reads (78.37%).
Exporting IGK
Exporting clones: 0.7%
Filtered 151 of 272 clones (44.49%).
Filtered 270.0 of 490.0 reads (44.9%).
