WARNING: sun.reflect.Reflection.getCallerClass is not supported. This will impact performance.

>>>>>>>>>>>>>>>>>>>>>>> mixcr align <<<<<<<<<<<<<<<<<<<<<<<
Running:
mixcr align --report /projects/rpci/songyao/pnfioric/arc_project/airr_calculation/tcr_quant/results/mixcr_RS-04367482.align.report.txt --json-report /projects/rpci/songyao/pnfioric/arc_project/airr_calculation/tcr_quant/results/mixcr_RS-04367482.align.report.json --threads 12 --preset rna-seq --save-output-file-names /projects/rpci/songyao/pnfioric/arc_project/airr_calculation/tcr_quant/results/mixcr_RS-04367482.align.list.tsv --species hsa /projects/rpci/songyao/pnfioric/arc_project/airr_calculation/fastq_files/RS-04367482/RS-04367482_B97-6568_RS-04089050_S148_R1_001.fastq.gz /projects/rpci/songyao/pnfioric/arc_project/airr_calculation/fastq_files/RS-04367482/RS-04367482_B97-6568_RS-04089050_S148_R2_001.fastq.gz /projects/rpci/songyao/pnfioric/arc_project/airr_calculation/tcr_quant/results/mixcr_RS-04367482.alignments.vdjca
Alignment: 0%
Alignment: 4.3%  ETA: 00:44:53
Alignment: 8.6%  ETA: 00:42:10
Alignment: 13%  ETA: 00:39:29
Alignment: 17.3%  ETA: 00:38:08
Alignment: 21.7%  ETA: 00:36:07
Alignment: 26%  ETA: 00:34:07
Alignment: 30.3%  ETA: 00:32:24
Alignment: 34.7%  ETA: 00:30:08
Alignment: 38.9%  ETA: 00:28:38
Alignment: 43.2%  ETA: 00:26:24
Alignment: 47.6%  ETA: 00:24:11
Alignment: 51.8%  ETA: 00:22:35
Alignment: 56.1%  ETA: 00:20:35
Alignment: 60.3%  ETA: 00:18:45
Alignment: 64.5%  ETA: 00:16:45
Alignment: 68.8%  ETA: 00:14:45
Alignment: 73%  ETA: 00:12:45
Alignment: 77.2%  ETA: 00:10:45
Alignment: 81.5%  ETA: 00:08:40
Alignment: 85.8%  ETA: 00:06:36
Alignment: 90.1%  ETA: 00:04:36
Alignment: 94.4%  ETA: 00:02:38
Alignment: 98.7%  ETA: 00:00:34
====================== report: align ======================
Analysis time: 46.63m
Total sequencing reads: 57851472
Successfully aligned reads: 1947 (0%)
Coverage (percent of successfully aligned):
  CDR3: 26 (1.34%)
  FR3_TO_FR4: 0 (0%)
  CDR2_TO_FR4: 0 (0%)
  FR2_TO_FR4: 0 (0%)
  CDR1_TO_FR4: 0 (0%)
  VDJRegion: 0 (0%)
Alignment failed: no hits (not TCR/IG?): 55192426 (95.4%)
Alignment failed: no CDR3 parts: 15828 (0.03%)
Alignment failed: low total score: 2641271 (4.57%)
Overlapped: 48996412 (84.69%)
Overlapped and aligned: 1809 (0%)
Overlapped and not aligned: 48994603 (84.69%)
Alignment-aided overlaps, percent of overlapped and aligned: 0 (0%)
No CDR3 parts alignments, percent of successfully aligned: 26 (1.34%)
Partial aligned reads, percent of successfully aligned: 1895 (97.33%)
V gene chimeras: 4 (0%)
Realigned with forced non-floating bound: 17710120 (30.61%)
Realigned with forced non-floating right bound in left read: 903 (0%)
Realigned with forced non-floating left bound in right read: 903 (0%)
TRA chains: 453 (23.27%)
TRA non-functional: 0 (0%)
TRB chains: 153 (7.86%)
TRB non-functional: 0 (0%)
TRG chains: 19 (0.98%)
TRG non-functional: 0 (0%)
IGH chains: 866 (44.48%)
IGH non-functional: 0 (0%)
IGK chains: 361 (18.54%)
IGK non-functional: 0 (0%)
IGL chains: 95 (4.88%)
IGL non-functional: 0 (0%)
Trimming report:
  R1 reads trimmed left: 1104597 (1.91%)
  R1 reads trimmed right: 1144082 (1.98%)
  Average R1 nucleotides trimmed left: 0.3245900294464417
  Average R1 nucleotides trimmed right: 0.34690284112390435
  R2 reads trimmed left: 1076224 (1.86%)
  R2 reads trimmed right: 1115648 (1.93%)
  Average R2 nucleotides trimmed left: 0.31580479058510386
  Average R2 nucleotides trimmed right: 0.338625212509718

>>>>>>>>>>>>>>>>>> mixcr assemblePartial <<<<<<<<<<<<<<<<<<
Running:
mixcr assemblePartial --report /projects/rpci/songyao/pnfioric/arc_project/airr_calculation/tcr_quant/results/mixcr_RS-04367482.assemblePartial.report.txt --json-report /projects/rpci/songyao/pnfioric/arc_project/airr_calculation/tcr_quant/results/mixcr_RS-04367482.assemblePartial.report.json /projects/rpci/songyao/pnfioric/arc_project/airr_calculation/tcr_quant/results/mixcr_RS-04367482.alignments.vdjca /projects/rpci/songyao/pnfioric/arc_project/airr_calculation/tcr_quant/results/mixcr_RS-04367482.passembled.1.vdjca
Building index: 0%
Searching for overlaps: 0.1%
================= report: assemblePartial =================
Analysis time: 196ms
Total alignments analysed: 1947
Number of output alignments: 1947 (100%)
Alignments already with CDR3 (no overlapping is performed): 26 (1.34%)
Successfully overlapped alignments: 0 (0%)
Left parts with too small N-region (failed to extract k-mer): 302 (15.51%)
Extracted k-mer diversity: 335
Dropped due to wildcard in k-mer: 0 (0%)
Dropped due to too short NRegion parts in overlap: 0 (0%)
Dropped overlaps with empty N region due to no complete NDN coverage: 0 (0%)
Number of left-side alignments: 255 (13.1%)
Number of right-side alignments: 1338 (68.72%)
Complex overlaps: 0 (0%)
Over-overlaps: 0 (0%)
Partial alignments written to output: 1921 (98.66%)

>>>>>>>>>>>>>>>>>> mixcr assemblePartial <<<<<<<<<<<<<<<<<<
Running:
mixcr assemblePartial --report /projects/rpci/songyao/pnfioric/arc_project/airr_calculation/tcr_quant/results/mixcr_RS-04367482.assemblePartial.report.txt --json-report /projects/rpci/songyao/pnfioric/arc_project/airr_calculation/tcr_quant/results/mixcr_RS-04367482.assemblePartial.report.json /projects/rpci/songyao/pnfioric/arc_project/airr_calculation/tcr_quant/results/mixcr_RS-04367482.passembled.1.vdjca /projects/rpci/songyao/pnfioric/arc_project/airr_calculation/tcr_quant/results/mixcr_RS-04367482.passembled.2.vdjca
Building index: 0%
Searching for overlaps: 0.3%
================= report: assemblePartial =================
Analysis time: 68ms
Total alignments analysed: 1947
Number of output alignments: 1947 (100%)
Alignments already with CDR3 (no overlapping is performed): 26 (1.34%)
Successfully overlapped alignments: 0 (0%)
Left parts with too small N-region (failed to extract k-mer): 302 (15.51%)
Extracted k-mer diversity: 335
Dropped due to wildcard in k-mer: 0 (0%)
Dropped due to too short NRegion parts in overlap: 0 (0%)
Dropped overlaps with empty N region due to no complete NDN coverage: 0 (0%)
Number of left-side alignments: 255 (13.1%)
Number of right-side alignments: 1338 (68.72%)
Complex overlaps: 0 (0%)
Over-overlaps: 0 (0%)
Partial alignments written to output: 1921 (98.66%)

>>>>>>>>>>>>>>>>>>>>>>> mixcr extend <<<<<<<<<<<<<<<<<<<<<<<
Running:
mixcr extend --report /projects/rpci/songyao/pnfioric/arc_project/airr_calculation/tcr_quant/results/mixcr_RS-04367482.extend.report.txt --json-report /projects/rpci/songyao/pnfioric/arc_project/airr_calculation/tcr_quant/results/mixcr_RS-04367482.extend.report.json --threads 12 /projects/rpci/songyao/pnfioric/arc_project/airr_calculation/tcr_quant/results/mixcr_RS-04367482.passembled.2.vdjca /projects/rpci/songyao/pnfioric/arc_project/airr_calculation/tcr_quant/results/mixcr_RS-04367482.extended.vdjca
Extending alignments: 0%
====================== report: extend ======================
Analysis time: 24ms
Extended alignments count: 0 (0%)
V extensions total: 0 (0%)
V extensions with merged targets: 0 (0%)
J extensions total: 0 (0%)
J extensions with merged targets: 0 (0%)
V+J extensions: 0 (0%)
Mean V extension length: NaN
Mean J extension length: NaN

>>>>>>>>>>>>>>>>>>>>>> mixcr assemble <<<<<<<<<<<<<<<<<<<<<<
Running:
mixcr assemble --report /projects/rpci/songyao/pnfioric/arc_project/airr_calculation/tcr_quant/results/mixcr_RS-04367482.assemble.report.txt --json-report /projects/rpci/songyao/pnfioric/arc_project/airr_calculation/tcr_quant/results/mixcr_RS-04367482.assemble.report.json /projects/rpci/songyao/pnfioric/arc_project/airr_calculation/tcr_quant/results/mixcr_RS-04367482.extended.vdjca /projects/rpci/songyao/pnfioric/arc_project/airr_calculation/tcr_quant/results/mixcr_RS-04367482.clna
Initialization: progress unknown
Initialization: progress unknown
===================== report: assemble =====================
Analysis time: 323ms
Final clonotype count: 1
Reads used in clonotypes, percent of total: 25 (0%)
Average number of reads per clonotype: 25
Reads dropped due to the lack of a clone sequence, percent of total: 1921 (0%)
Reads dropped due to a too short clonal sequence, percent of total: 0 (0%)
Reads dropped due to low quality, percent of total: 0 (0%)
Reads dropped due to failed mapping, percent of total: 0 (0%)
Reads dropped with low quality clones, percent of total: 0 (0%)
Aligned reads processed: 26
Reads used in clonotypes before clustering, percent of total: 26 (0%)
Number of reads used as a core, percent of used: 26 (100%)
Mapped low quality reads, percent of used: 0 (0%)
Reads clustered in PCR error correction, percent of used: 1 (3.85%)
Reads pre-clustered due to the similar VJC-lists, percent of used: 0 (0%)
Clonotypes dropped as low quality: 0
Clonotypes eliminated by PCR error correction: 1
Clonotypes pre-clustered due to the similar VJC-lists: 0
Clones dropped in post filtering: 0 (0%)
Reads dropped in post filtering: 0.0 (0%)
Reads filtered by tag prefix: 0 (0%)
IGH chains: 1 (100%)
IGH non-functional: 0 (0%)

>>>>>>>>>>>>>>>>>> mixcr assembleContigs <<<<<<<<<<<<<<<<<<
Running:
mixcr assembleContigs --report /projects/rpci/songyao/pnfioric/arc_project/airr_calculation/tcr_quant/results/mixcr_RS-04367482.assembleContigs.report.txt --json-report /projects/rpci/songyao/pnfioric/arc_project/airr_calculation/tcr_quant/results/mixcr_RS-04367482.assembleContigs.report.json --threads 12 /projects/rpci/songyao/pnfioric/arc_project/airr_calculation/tcr_quant/results/mixcr_RS-04367482.clna /projects/rpci/songyao/pnfioric/arc_project/airr_calculation/tcr_quant/results/mixcr_RS-04367482.contigs.clns
Assembling contigs: 0%
================= report: assembleContigs =================
Analysis time: 118ms
Initial clonotype count: 1
Final clonotype count: 1 (100%)
Canceled assemblies: 0 (0%)
Clones filtered out after assemble: 0 (0%)
Number of premature termination assembly events, percent of number of initial clonotypes: 0.0 (0%)
Longest contig length: 113
Clustered variants: 0 (0%)
Reads in clustered variants: 0.0 (0%)
Reads in divided (newly created) clones: 0.0 (0%)
Clones with ambiguous letters in splitting region: 0 (0%)
Reads in clones with ambiguous letters in splitting region: 0.0 (0%)
Average number of ambiguous letters per clone with ambiguous letters in splitting region: NaN
Clones combined after clustering: 0 (0%)

>>>>>>>>>>>>>>>>>>>>>>>>> mixcr qc <<<<<<<<<<<<<<<<<<<<<<<<<
Running:
mixcr qc --print-to-stdout /projects/rpci/songyao/pnfioric/arc_project/airr_calculation/tcr_quant/results/mixcr_RS-04367482.contigs.clns /projects/rpci/songyao/pnfioric/arc_project/airr_calculation/tcr_quant/results/mixcr_RS-04367482.qc.txt /projects/rpci/songyao/pnfioric/arc_project/airr_calculation/tcr_quant/results/mixcr_RS-04367482.qc.json

  Alignments dropped due to low sequence quality: 0.0% [OK]

>>>>>>>>>>>>>>>>>>>> mixcr exportClones <<<<<<<<<<<<<<<<<<<<
Running:
mixcr exportClones /projects/rpci/songyao/pnfioric/arc_project/airr_calculation/tcr_quant/results/mixcr_RS-04367482.contigs.clns /projects/rpci/songyao/pnfioric/arc_project/airr_calculation/tcr_quant/results/mixcr_RS-04367482.clones.tsv
Analysis finished successfully.
===============================
Visualize results and simplify your immune data analysis with a convenient UI.
Explore and install Platforma.bio here: https://platforma.bio
