WARNING: sun.reflect.Reflection.getCallerClass is not supported. This will impact performance.

>>>>>>>>>>>>>>>>>>>>>>> mixcr align <<<<<<<<<<<<<<<<<<<<<<<
Running:
mixcr align --report /projects/rpci/songyao/pnfioric/arc_project/airr_calculation/tcr_quant/results/mixcr_RS-04378697.align.report.txt --json-report /projects/rpci/songyao/pnfioric/arc_project/airr_calculation/tcr_quant/results/mixcr_RS-04378697.align.report.json --threads 12 --preset rna-seq --save-output-file-names /projects/rpci/songyao/pnfioric/arc_project/airr_calculation/tcr_quant/results/mixcr_RS-04378697.align.list.tsv --species hsa /projects/rpci/songyao/pnfioric/arc_project/airr_calculation/fastq_files/RS-04378697/RS-04378697_SSFS11012647-B8_RS-03686346_S90_R1_001.fastq.gz /projects/rpci/songyao/pnfioric/arc_project/airr_calculation/fastq_files/RS-04378697/RS-04378697_SSFS11012647-B8_RS-03686346_S90_R2_001.fastq.gz /projects/rpci/songyao/pnfioric/arc_project/airr_calculation/tcr_quant/results/mixcr_RS-04378697.alignments.vdjca
Alignment: 0%
Alignment: 4.7%  ETA: 00:40:54
Alignment: 9.4%  ETA: 00:37:57
Alignment: 14.2%  ETA: 00:36:15
Alignment: 18.9%  ETA: 00:33:58
Alignment: 23.7%  ETA: 00:31:58
Alignment: 28.4%  ETA: 00:30:28
Alignment: 33%  ETA: 00:28:57
Alignment: 37.7%  ETA: 00:26:43
Alignment: 42.4%  ETA: 00:24:31
Alignment: 47%  ETA: 00:22:54
Alignment: 51.7%  ETA: 00:20:54
Alignment: 56.3%  ETA: 00:18:44
Alignment: 61%  ETA: 00:16:44
Alignment: 65.6%  ETA: 00:14:44
Alignment: 70.3%  ETA: 00:12:44
Alignment: 75%  ETA: 00:10:44
Alignment: 79.6%  ETA: 00:08:54
Alignment: 84.2%  ETA: 00:06:46
Alignment: 88.9%  ETA: 00:04:46
Alignment: 93.5%  ETA: 00:02:46
Alignment: 98.2%  ETA: 00:00:44
====================== report: align ======================
Analysis time: 42.79m
Total sequencing reads: 53915214
Successfully aligned reads: 12286 (0.02%)
Coverage (percent of successfully aligned):
  CDR3: 2918 (23.75%)
  FR3_TO_FR4: 0 (0%)
  CDR2_TO_FR4: 0 (0%)
  FR2_TO_FR4: 0 (0%)
  CDR1_TO_FR4: 0 (0%)
  VDJRegion: 0 (0%)
Alignment failed: no hits (not TCR/IG?): 52620839 (97.6%)
Alignment failed: no CDR3 parts: 31851 (0.06%)
Alignment failed: low total score: 1250238 (2.32%)
Overlapped: 50967593 (94.53%)
Overlapped and aligned: 12094 (0.02%)
Overlapped and not aligned: 50955499 (94.51%)
Alignment-aided overlaps, percent of overlapped and aligned: 0 (0%)
No CDR3 parts alignments, percent of successfully aligned: 136 (1.11%)
Partial aligned reads, percent of successfully aligned: 9232 (75.14%)
Paired-end alignment conflicts eliminated: 1 (0%)
Realigned with forced non-floating bound: 5895242 (10.93%)
Realigned with forced non-floating right bound in left read: 301 (0%)
Realigned with forced non-floating left bound in right read: 301 (0%)
TRA chains: 1069 (8.7%)
TRA non-functional: 0 (0%)
TRB chains: 305 (2.48%)
TRB non-functional: 0 (0%)
TRD chains: 13 (0.11%)
TRD non-functional: 0 (0%)
TRG chains: 29 (0.24%)
TRG non-functional: 0 (0%)
IGH chains: 4630 (37.69%)
IGH non-functional: 47 (1.02%)
TRAD chains: 52 (0.42%)
TRAD non-functional: 0 (0%)
IGK chains: 3931 (32%)
IGK non-functional: 114 (2.9%)
IGL chains: 2257 (18.37%)
IGL non-functional: 2 (0.09%)
Trimming report:
  R1 reads trimmed left: 758596 (1.41%)
  R1 reads trimmed right: 770890 (1.43%)
  Average R1 nucleotides trimmed left: 0.2391689848434989
  Average R1 nucleotides trimmed right: 0.2544909308901194
  R2 reads trimmed left: 750990 (1.39%)
  R2 reads trimmed right: 761931 (1.41%)
  Average R2 nucleotides trimmed left: 0.23664804520668323
  Average R2 nucleotides trimmed right: 0.2516478001923539

>>>>>>>>>>>>>>>>>> mixcr assemblePartial <<<<<<<<<<<<<<<<<<
Running:
mixcr assemblePartial --report /projects/rpci/songyao/pnfioric/arc_project/airr_calculation/tcr_quant/results/mixcr_RS-04378697.assemblePartial.report.txt --json-report /projects/rpci/songyao/pnfioric/arc_project/airr_calculation/tcr_quant/results/mixcr_RS-04378697.assemblePartial.report.json /projects/rpci/songyao/pnfioric/arc_project/airr_calculation/tcr_quant/results/mixcr_RS-04378697.alignments.vdjca /projects/rpci/songyao/pnfioric/arc_project/airr_calculation/tcr_quant/results/mixcr_RS-04378697.passembled.1.vdjca
Building index: 0%
Searching for overlaps: 0%
================= report: assemblePartial =================
Analysis time: 464ms
Total alignments analysed: 12286
Number of output alignments: 12275 (99.91%)
Alignments already with CDR3 (no overlapping is performed): 3023 (24.61%)
Successfully overlapped alignments: 11 (0.09%)
Left parts with too small N-region (failed to extract k-mer): 3063 (24.93%)
Extracted k-mer diversity: 1793
Dropped due to wildcard in k-mer: 0 (0%)
Dropped due to too short NRegion parts in overlap: 19 (0.15%)
Dropped overlaps with empty N region due to no complete NDN coverage: 0 (0%)
Number of left-side alignments: 1731 (14.09%)
Number of right-side alignments: 4466 (36.35%)
Complex overlaps: 0 (0%)
Over-overlaps: 0 (0%)
Partial alignments written to output: 9241 (75.22%)

>>>>>>>>>>>>>>>>>> mixcr assemblePartial <<<<<<<<<<<<<<<<<<
Running:
mixcr assemblePartial --report /projects/rpci/songyao/pnfioric/arc_project/airr_calculation/tcr_quant/results/mixcr_RS-04378697.assemblePartial.report.txt --json-report /projects/rpci/songyao/pnfioric/arc_project/airr_calculation/tcr_quant/results/mixcr_RS-04378697.assemblePartial.report.json /projects/rpci/songyao/pnfioric/arc_project/airr_calculation/tcr_quant/results/mixcr_RS-04378697.passembled.1.vdjca /projects/rpci/songyao/pnfioric/arc_project/airr_calculation/tcr_quant/results/mixcr_RS-04378697.passembled.2.vdjca
Building index: 0%
Searching for overlaps: 0%
================= report: assemblePartial =================
Analysis time: 207ms
Total alignments analysed: 12275
Number of output alignments: 12275 (100%)
Alignments already with CDR3 (no overlapping is performed): 3034 (24.72%)
Successfully overlapped alignments: 0 (0%)
Left parts with too small N-region (failed to extract k-mer): 3063 (24.95%)
Extracted k-mer diversity: 1793
Dropped due to wildcard in k-mer: 0 (0%)
Dropped due to too short NRegion parts in overlap: 19 (0.15%)
Dropped overlaps with empty N region due to no complete NDN coverage: 0 (0%)
Number of left-side alignments: 1720 (14.01%)
Number of right-side alignments: 4455 (36.29%)
Complex overlaps: 0 (0%)
Over-overlaps: 0 (0%)
Partial alignments written to output: 9241 (75.28%)

>>>>>>>>>>>>>>>>>>>>>>> mixcr extend <<<<<<<<<<<<<<<<<<<<<<<
Running:
mixcr extend --report /projects/rpci/songyao/pnfioric/arc_project/airr_calculation/tcr_quant/results/mixcr_RS-04378697.extend.report.txt --json-report /projects/rpci/songyao/pnfioric/arc_project/airr_calculation/tcr_quant/results/mixcr_RS-04378697.extend.report.json --threads 12 /projects/rpci/songyao/pnfioric/arc_project/airr_calculation/tcr_quant/results/mixcr_RS-04378697.passembled.2.vdjca /projects/rpci/songyao/pnfioric/arc_project/airr_calculation/tcr_quant/results/mixcr_RS-04378697.extended.vdjca
Extending alignments: 0%
====================== report: extend ======================
Analysis time: 95ms
Extended alignments count: 0 (0%)
V extensions total: 0 (0%)
V extensions with merged targets: 0 (0%)
J extensions total: 0 (0%)
J extensions with merged targets: 0 (0%)
V+J extensions: 0 (0%)
Mean V extension length: NaN
Mean J extension length: NaN

>>>>>>>>>>>>>>>>>>>>>> mixcr assemble <<<<<<<<<<<<<<<<<<<<<<
Running:
mixcr assemble --report /projects/rpci/songyao/pnfioric/arc_project/airr_calculation/tcr_quant/results/mixcr_RS-04378697.assemble.report.txt --json-report /projects/rpci/songyao/pnfioric/arc_project/airr_calculation/tcr_quant/results/mixcr_RS-04378697.assemble.report.json /projects/rpci/songyao/pnfioric/arc_project/airr_calculation/tcr_quant/results/mixcr_RS-04378697.extended.vdjca /projects/rpci/songyao/pnfioric/arc_project/airr_calculation/tcr_quant/results/mixcr_RS-04378697.clna
Initialization: progress unknown
Initialization: progress unknown
===================== report: assemble =====================
Analysis time: 727ms
Final clonotype count: 160
Reads used in clonotypes, percent of total: 2926 (0.01%)
Average number of reads per clonotype: 18.29
Reads dropped due to the lack of a clone sequence, percent of total: 9346 (0.02%)
Reads dropped due to a too short clonal sequence, percent of total: 0 (0%)
Reads dropped due to low quality, percent of total: 0 (0%)
Reads dropped due to failed mapping, percent of total: 11 (0%)
Reads dropped with low quality clones, percent of total: 0 (0%)
Aligned reads processed: 2940
Reads used in clonotypes before clustering, percent of total: 2929 (0.01%)
Number of reads used as a core, percent of used: 2911 (99.39%)
Mapped low quality reads, percent of used: 18 (0.61%)
Reads clustered in PCR error correction, percent of used: 3 (0.1%)
Reads pre-clustered due to the similar VJC-lists, percent of used: 0 (0%)
Clonotypes dropped as low quality: 0
Clonotypes eliminated by PCR error correction: 3
Clonotypes pre-clustered due to the similar VJC-lists: 0
Clones dropped in post filtering: 0 (0%)
Reads dropped in post filtering: 0.0 (0%)
Reads filtered by tag prefix: 0 (0%)
TRA chains: 2 (1.25%)
TRA non-functional: 0 (0%)
IGH chains: 23 (14.38%)
IGH non-functional: 3 (13.04%)
IGK chains: 99 (61.88%)
IGK non-functional: 10 (10.1%)
IGL chains: 36 (22.5%)
IGL non-functional: 0 (0%)

>>>>>>>>>>>>>>>>>> mixcr assembleContigs <<<<<<<<<<<<<<<<<<
Running:
mixcr assembleContigs --report /projects/rpci/songyao/pnfioric/arc_project/airr_calculation/tcr_quant/results/mixcr_RS-04378697.assembleContigs.report.txt --json-report /projects/rpci/songyao/pnfioric/arc_project/airr_calculation/tcr_quant/results/mixcr_RS-04378697.assembleContigs.report.json --threads 12 /projects/rpci/songyao/pnfioric/arc_project/airr_calculation/tcr_quant/results/mixcr_RS-04378697.clna /projects/rpci/songyao/pnfioric/arc_project/airr_calculation/tcr_quant/results/mixcr_RS-04378697.contigs.clns
Assembling contigs: 0%
================= report: assembleContigs =================
Analysis time: 379ms
Initial clonotype count: 160
Final clonotype count: 160 (100%)
Canceled assemblies: 0 (0%)
Clones filtered out after assemble: 0 (0%)
Number of premature termination assembly events, percent of number of initial clonotypes: 0.0 (0%)
Longest contig length: 266
Clustered variants: 0 (0%)
Reads in clustered variants: 0.0 (0%)
Reads in divided (newly created) clones: 0.0 (0%)
Clones with ambiguous letters in splitting region: 0 (0%)
Reads in clones with ambiguous letters in splitting region: 0.0 (0%)
Average number of ambiguous letters per clone with ambiguous letters in splitting region: NaN
Clones combined after clustering: 0 (0%)

>>>>>>>>>>>>>>>>>>>>>>>>> mixcr qc <<<<<<<<<<<<<<<<<<<<<<<<<
Running:
mixcr qc --print-to-stdout /projects/rpci/songyao/pnfioric/arc_project/airr_calculation/tcr_quant/results/mixcr_RS-04378697.contigs.clns /projects/rpci/songyao/pnfioric/arc_project/airr_calculation/tcr_quant/results/mixcr_RS-04378697.qc.txt /projects/rpci/songyao/pnfioric/arc_project/airr_calculation/tcr_quant/results/mixcr_RS-04378697.qc.json

  Alignments dropped due to low sequence quality: 0.0% [OK]

>>>>>>>>>>>>>>>>>>>> mixcr exportClones <<<<<<<<<<<<<<<<<<<<
Running:
mixcr exportClones /projects/rpci/songyao/pnfioric/arc_project/airr_calculation/tcr_quant/results/mixcr_RS-04378697.contigs.clns /projects/rpci/songyao/pnfioric/arc_project/airr_calculation/tcr_quant/results/mixcr_RS-04378697.clones.tsv
Analysis finished successfully.
===============================
Visualize results and simplify your immune data analysis with a convenient UI.
Explore and install Platforma.bio here: https://platforma.bio
