Exporting TRB
Exporting clones: 100%
Filtered 1 of 46 clones (97.83%).
Filtered 4.0 of 143.0 reads (97.2%).
Exporting TRA
Exporting clones: 50%
Filtered 2 of 46 clones (95.65%).
Filtered 7.0 of 143.0 reads (95.1%).
Exporting IGH
Exporting clones: 16.7%
Filtered 6 of 46 clones (86.96%).
Filtered 15.0 of 143.0 reads (89.51%).
Exporting TRG
Exporting clones: 100%
Filtered 1 of 46 clones (97.83%).
Filtered 3.0 of 143.0 reads (97.9%).
Exporting IGL
Exporting clones: 7.1%
Filtered 14 of 46 clones (69.57%).
Filtered 41.0 of 143.0 reads (71.33%).
Exporting IGK
Exporting clones: 4.5%
Filtered 22 of 46 clones (52.17%).
Filtered 73.0 of 143.0 reads (48.95%).
