Exporting TRB
Exporting clones: 12.5%
Filtered 8 of 1189 clones (99.33%).
Filtered 15.0 of 13354.0 reads (99.89%).
Exporting TRA
Exporting clones: 5%
Filtered 20 of 1189 clones (98.32%).
Filtered 42.0 of 13354.0 reads (99.69%).
Exporting IGH
Exporting clones: 0.3%
Filtered 387 of 1189 clones (67.45%).
Filtered 3748.0 of 13354.0 reads (71.93%).
Exporting TRG
Exporting clones: 80%
Filtered 5 of 1189 clones (99.58%).
Filtered 17.0 of 13354.0 reads (99.87%).
Exporting IGL
Exporting clones: 2%
Filtered 255 of 1189 clones (78.55%).
Filtered 5270.0 of 13354.0 reads (60.54%).
Exporting IGK
Exporting clones: 0.6%
Filtered 514 of 1189 clones (56.77%).
Filtered 4262.0 of 13354.0 reads (68.08%).
