WARNING: sun.reflect.Reflection.getCallerClass is not supported. This will impact performance.

>>>>>>>>>>>>>>>>>>>>>>> mixcr align <<<<<<<<<<<<<<<<<<<<<<<
Running:
mixcr align --report /projects/rpci/songyao/pnfioric/arc_project/airr_calculation/tcr_quant/results/mixcr_RS-04367465.align.report.txt --json-report /projects/rpci/songyao/pnfioric/arc_project/airr_calculation/tcr_quant/results/mixcr_RS-04367465.align.report.json --threads 12 --preset rna-seq --save-output-file-names /projects/rpci/songyao/pnfioric/arc_project/airr_calculation/tcr_quant/results/mixcr_RS-04367465.align.list.tsv --species hsa /projects/rpci/songyao/pnfioric/arc_project/airr_calculation/fastq_files/RS-04367465/RS-04367465_SFOS11005637-A14_RS-03838688_S131_R1_001.fastq.gz /projects/rpci/songyao/pnfioric/arc_project/airr_calculation/fastq_files/RS-04367465/RS-04367465_SFOS11005637-A14_RS-03838688_S131_R2_001.fastq.gz /projects/rpci/songyao/pnfioric/arc_project/airr_calculation/tcr_quant/results/mixcr_RS-04367465.alignments.vdjca
Alignment: 0%
Alignment: 4.3%  ETA: 00:44:17
Alignment: 8.7%  ETA: 00:41:26
Alignment: 13.1%  ETA: 00:39:42
Alignment: 17.4%  ETA: 00:38:12
Alignment: 21.8%  ETA: 00:35:58
Alignment: 26.1%  ETA: 00:34:12
Alignment: 30.4%  ETA: 00:32:25
Alignment: 34.7%  ETA: 00:30:13
Alignment: 39%  ETA: 00:28:36
Alignment: 43.2%  ETA: 00:26:47
Alignment: 47.5%  ETA: 00:24:26
Alignment: 51.8%  ETA: 00:22:46
Alignment: 56%  ETA: 00:20:37
Alignment: 60.3%  ETA: 00:18:37
Alignment: 64.5%  ETA: 00:16:44
Alignment: 68.8%  ETA: 00:14:44
Alignment: 72.9%  ETA: 00:12:56
Alignment: 77.2%  ETA: 00:10:46
Alignment: 81.4%  ETA: 00:08:46
Alignment: 85.8%  ETA: 00:06:32
Alignment: 90%  ETA: 00:04:40
Alignment: 94.2%  ETA: 00:02:43
Alignment: 98.5%  ETA: 00:00:41
====================== report: align ======================
Analysis time: 46.73m
Total sequencing reads: 69695566
Successfully aligned reads: 3801 (0.01%)
Coverage (percent of successfully aligned):
  CDR3: 459 (12.08%)
  FR3_TO_FR4: 0 (0%)
  CDR2_TO_FR4: 0 (0%)
  FR2_TO_FR4: 0 (0%)
  CDR1_TO_FR4: 0 (0%)
  VDJRegion: 0 (0%)
Alignment failed: no hits (not TCR/IG?): 68149604 (97.78%)
Alignment failed: no CDR3 parts: 26921 (0.04%)
Alignment failed: low total score: 1515240 (2.17%)
Overlapped: 67137482 (96.33%)
Overlapped and aligned: 3709 (0.01%)
Overlapped and not aligned: 67133773 (96.32%)
Alignment-aided overlaps, percent of overlapped and aligned: 0 (0%)
No CDR3 parts alignments, percent of successfully aligned: 183 (4.81%)
Partial aligned reads, percent of successfully aligned: 3159 (83.11%)
Realigned with forced non-floating bound: 5116168 (7.34%)
Realigned with forced non-floating right bound in left read: 226 (0%)
Realigned with forced non-floating left bound in right read: 226 (0%)
TRA chains: 865 (22.76%)
TRA non-functional: 0 (0%)
TRB chains: 74 (1.95%)
TRB non-functional: 0 (0%)
TRG chains: 70 (1.84%)
TRG non-functional: 23 (32.86%)
IGH chains: 637 (16.76%)
IGH non-functional: 0 (0%)
TRAD chains: 44 (1.16%)
TRAD non-functional: 0 (0%)
IGK chains: 1230 (32.36%)
IGK non-functional: 31 (2.52%)
IGL chains: 881 (23.18%)
IGL non-functional: 0 (0%)
Trimming report:
  R1 reads trimmed left: 460386 (0.66%)
  R1 reads trimmed right: 463432 (0.66%)
  Average R1 nucleotides trimmed left: 0.11229813385832894
  Average R1 nucleotides trimmed right: 0.11925044126910456
  R2 reads trimmed left: 454544 (0.65%)
  R2 reads trimmed right: 457682 (0.66%)
  Average R2 nucleotides trimmed left: 0.11041121324705219
  Average R2 nucleotides trimmed right: 0.11831953556414192

>>>>>>>>>>>>>>>>>> mixcr assemblePartial <<<<<<<<<<<<<<<<<<
Running:
mixcr assemblePartial --report /projects/rpci/songyao/pnfioric/arc_project/airr_calculation/tcr_quant/results/mixcr_RS-04367465.assemblePartial.report.txt --json-report /projects/rpci/songyao/pnfioric/arc_project/airr_calculation/tcr_quant/results/mixcr_RS-04367465.assemblePartial.report.json /projects/rpci/songyao/pnfioric/arc_project/airr_calculation/tcr_quant/results/mixcr_RS-04367465.alignments.vdjca /projects/rpci/songyao/pnfioric/arc_project/airr_calculation/tcr_quant/results/mixcr_RS-04367465.passembled.1.vdjca
Building index: 0%
Searching for overlaps: 0%
================= report: assemblePartial =================
Analysis time: 243ms
Total alignments analysed: 3801
Number of output alignments: 3801 (100%)
Alignments already with CDR3 (no overlapping is performed): 459 (12.08%)
Successfully overlapped alignments: 0 (0%)
Left parts with too small N-region (failed to extract k-mer): 537 (14.13%)
Extracted k-mer diversity: 789
Dropped due to wildcard in k-mer: 0 (0%)
Dropped due to too short NRegion parts in overlap: 0 (0%)
Dropped overlaps with empty N region due to no complete NDN coverage: 0 (0%)
Number of left-side alignments: 601 (15.81%)
Number of right-side alignments: 2204 (57.98%)
Complex overlaps: 0 (0%)
Over-overlaps: 0 (0%)
Partial alignments written to output: 3342 (87.92%)

>>>>>>>>>>>>>>>>>> mixcr assemblePartial <<<<<<<<<<<<<<<<<<
Running:
mixcr assemblePartial --report /projects/rpci/songyao/pnfioric/arc_project/airr_calculation/tcr_quant/results/mixcr_RS-04367465.assemblePartial.report.txt --json-report /projects/rpci/songyao/pnfioric/arc_project/airr_calculation/tcr_quant/results/mixcr_RS-04367465.assemblePartial.report.json /projects/rpci/songyao/pnfioric/arc_project/airr_calculation/tcr_quant/results/mixcr_RS-04367465.passembled.1.vdjca /projects/rpci/songyao/pnfioric/arc_project/airr_calculation/tcr_quant/results/mixcr_RS-04367465.passembled.2.vdjca
Building index: 0%
Searching for overlaps: 0.3%
================= report: assemblePartial =================
Analysis time: 64ms
Total alignments analysed: 3801
Number of output alignments: 3801 (100%)
Alignments already with CDR3 (no overlapping is performed): 459 (12.08%)
Successfully overlapped alignments: 0 (0%)
Left parts with too small N-region (failed to extract k-mer): 537 (14.13%)
Extracted k-mer diversity: 789
Dropped due to wildcard in k-mer: 0 (0%)
Dropped due to too short NRegion parts in overlap: 0 (0%)
Dropped overlaps with empty N region due to no complete NDN coverage: 0 (0%)
Number of left-side alignments: 601 (15.81%)
Number of right-side alignments: 2204 (57.98%)
Complex overlaps: 0 (0%)
Over-overlaps: 0 (0%)
Partial alignments written to output: 3342 (87.92%)

>>>>>>>>>>>>>>>>>>>>>>> mixcr extend <<<<<<<<<<<<<<<<<<<<<<<
Running:
mixcr extend --report /projects/rpci/songyao/pnfioric/arc_project/airr_calculation/tcr_quant/results/mixcr_RS-04367465.extend.report.txt --json-report /projects/rpci/songyao/pnfioric/arc_project/airr_calculation/tcr_quant/results/mixcr_RS-04367465.extend.report.json --threads 12 /projects/rpci/songyao/pnfioric/arc_project/airr_calculation/tcr_quant/results/mixcr_RS-04367465.passembled.2.vdjca /projects/rpci/songyao/pnfioric/arc_project/airr_calculation/tcr_quant/results/mixcr_RS-04367465.extended.vdjca
Extending alignments: 0%
====================== report: extend ======================
Analysis time: 32ms
Extended alignments count: 0 (0%)
V extensions total: 0 (0%)
V extensions with merged targets: 0 (0%)
J extensions total: 0 (0%)
J extensions with merged targets: 0 (0%)
V+J extensions: 0 (0%)
Mean V extension length: NaN
Mean J extension length: NaN

>>>>>>>>>>>>>>>>>>>>>> mixcr assemble <<<<<<<<<<<<<<<<<<<<<<
Running:
mixcr assemble --report /projects/rpci/songyao/pnfioric/arc_project/airr_calculation/tcr_quant/results/mixcr_RS-04367465.assemble.report.txt --json-report /projects/rpci/songyao/pnfioric/arc_project/airr_calculation/tcr_quant/results/mixcr_RS-04367465.assemble.report.json /projects/rpci/songyao/pnfioric/arc_project/airr_calculation/tcr_quant/results/mixcr_RS-04367465.extended.vdjca /projects/rpci/songyao/pnfioric/arc_project/airr_calculation/tcr_quant/results/mixcr_RS-04367465.clna
Initialization: progress unknown
Initialization: progress unknown
===================== report: assemble =====================
Analysis time: 374ms
Final clonotype count: 41
Reads used in clonotypes, percent of total: 455 (0%)
Average number of reads per clonotype: 11.1
Reads dropped due to the lack of a clone sequence, percent of total: 3342 (0%)
Reads dropped due to a too short clonal sequence, percent of total: 0 (0%)
Reads dropped due to low quality, percent of total: 0 (0%)
Reads dropped due to failed mapping, percent of total: 4 (0%)
Reads dropped with low quality clones, percent of total: 0 (0%)
Aligned reads processed: 459
Reads used in clonotypes before clustering, percent of total: 455 (0%)
Number of reads used as a core, percent of used: 449 (98.68%)
Mapped low quality reads, percent of used: 6 (1.32%)
Reads clustered in PCR error correction, percent of used: 0 (0%)
Reads pre-clustered due to the similar VJC-lists, percent of used: 0 (0%)
Clonotypes dropped as low quality: 0
Clonotypes eliminated by PCR error correction: 0
Clonotypes pre-clustered due to the similar VJC-lists: 0
Clones dropped in post filtering: 0 (0%)
Reads dropped in post filtering: 0.0 (0%)
Reads filtered by tag prefix: 0 (0%)
TRG chains: 1 (2.44%)
TRG non-functional: 1 (100%)
IGH chains: 3 (7.32%)
IGH non-functional: 0 (0%)
IGK chains: 30 (73.17%)
IGK non-functional: 3 (10%)
IGL chains: 7 (17.07%)
IGL non-functional: 0 (0%)

>>>>>>>>>>>>>>>>>> mixcr assembleContigs <<<<<<<<<<<<<<<<<<
Running:
mixcr assembleContigs --report /projects/rpci/songyao/pnfioric/arc_project/airr_calculation/tcr_quant/results/mixcr_RS-04367465.assembleContigs.report.txt --json-report /projects/rpci/songyao/pnfioric/arc_project/airr_calculation/tcr_quant/results/mixcr_RS-04367465.assembleContigs.report.json --threads 12 /projects/rpci/songyao/pnfioric/arc_project/airr_calculation/tcr_quant/results/mixcr_RS-04367465.clna /projects/rpci/songyao/pnfioric/arc_project/airr_calculation/tcr_quant/results/mixcr_RS-04367465.contigs.clns
Assembling contigs: 0%
================= report: assembleContigs =================
Analysis time: 159ms
Initial clonotype count: 41
Final clonotype count: 41 (100%)
Canceled assemblies: 0 (0%)
Clones filtered out after assemble: 0 (0%)
Number of premature termination assembly events, percent of number of initial clonotypes: 0.0 (0%)
Longest contig length: 147
Clustered variants: 0 (0%)
Reads in clustered variants: 0.0 (0%)
Reads in divided (newly created) clones: 0.0 (0%)
Clones with ambiguous letters in splitting region: 0 (0%)
Reads in clones with ambiguous letters in splitting region: 0.0 (0%)
Average number of ambiguous letters per clone with ambiguous letters in splitting region: NaN
Clones combined after clustering: 0 (0%)

>>>>>>>>>>>>>>>>>>>>>>>>> mixcr qc <<<<<<<<<<<<<<<<<<<<<<<<<
Running:
mixcr qc --print-to-stdout /projects/rpci/songyao/pnfioric/arc_project/airr_calculation/tcr_quant/results/mixcr_RS-04367465.contigs.clns /projects/rpci/songyao/pnfioric/arc_project/airr_calculation/tcr_quant/results/mixcr_RS-04367465.qc.txt /projects/rpci/songyao/pnfioric/arc_project/airr_calculation/tcr_quant/results/mixcr_RS-04367465.qc.json

  Alignments dropped due to low sequence quality: 0.0% [OK]

>>>>>>>>>>>>>>>>>>>> mixcr exportClones <<<<<<<<<<<<<<<<<<<<
Running:
mixcr exportClones /projects/rpci/songyao/pnfioric/arc_project/airr_calculation/tcr_quant/results/mixcr_RS-04367465.contigs.clns /projects/rpci/songyao/pnfioric/arc_project/airr_calculation/tcr_quant/results/mixcr_RS-04367465.clones.tsv
Analysis finished successfully.
===============================
Visualize results and simplify your immune data analysis with a convenient UI.
Explore and install Platforma.bio here: https://platforma.bio
