WARNING: sun.reflect.Reflection.getCallerClass is not supported. This will impact performance.

>>>>>>>>>>>>>>>>>>>>>>> mixcr align <<<<<<<<<<<<<<<<<<<<<<<
Running:
mixcr align --report /projects/rpci/songyao/pnfioric/arc_project/airr_calculation/tcr_quant/results/mixcr_RS-04396737.align.report.txt --json-report /projects/rpci/songyao/pnfioric/arc_project/airr_calculation/tcr_quant/results/mixcr_RS-04396737.align.report.json --threads 12 --preset rna-seq --save-output-file-names /projects/rpci/songyao/pnfioric/arc_project/airr_calculation/tcr_quant/results/mixcr_RS-04396737.align.list.tsv --species hsa /projects/rpci/songyao/pnfioric/arc_project/airr_calculation/fastq_files/RS-04396737/RS-04396737_WCRS11024182-B3_RS-03845101_S89_R1_001.fastq.gz /projects/rpci/songyao/pnfioric/arc_project/airr_calculation/fastq_files/RS-04396737/RS-04396737_WCRS11024182-B3_RS-03845101_S89_R2_001.fastq.gz /projects/rpci/songyao/pnfioric/arc_project/airr_calculation/tcr_quant/results/mixcr_RS-04396737.alignments.vdjca
Alignment: 0%
Alignment: 3.5%  ETA: 00:54:47
Alignment: 7.1%  ETA: 00:51:26
Alignment: 10.7%  ETA: 00:49:52
Alignment: 14.3%  ETA: 00:48:16
Alignment: 17.9%  ETA: 00:45:07
Alignment: 21.5%  ETA: 00:43:06
Alignment: 25.2%  ETA: 00:41:27
Alignment: 28.7%  ETA: 00:40:09
Alignment: 32.3%  ETA: 00:38:08
Alignment: 35.8%  ETA: 00:36:08
Alignment: 39.3%  ETA: 00:34:26
Alignment: 42.9%  ETA: 00:31:36
Alignment: 46.5%  ETA: 00:29:52
Alignment: 50%  ETA: 00:28:37
Alignment: 53.5%  ETA: 00:26:51
Alignment: 56.9%  ETA: 00:24:51
Alignment: 60.4%  ETA: 00:22:38
Alignment: 63.9%  ETA: 00:21:02
Alignment: 67.4%  ETA: 00:18:20
Alignment: 71%  ETA: 00:16:29
Alignment: 74.4%  ETA: 00:14:38
Alignment: 77.9%  ETA: 00:12:45
Alignment: 81.3%  ETA: 00:10:51
Alignment: 84.8%  ETA: 00:08:46
Alignment: 88.3%  ETA: 00:06:46
Alignment: 91.8%  ETA: 00:04:39
Alignment: 95.3%  ETA: 00:02:37
Alignment: 98.9%  ETA: 00:00:38
====================== report: align ======================
Analysis time: 56.7m
Total sequencing reads: 65739710
Successfully aligned reads: 14876 (0.02%)
Coverage (percent of successfully aligned):
  CDR3: 3019 (20.29%)
  FR3_TO_FR4: 3 (0.02%)
  CDR2_TO_FR4: 3 (0.02%)
  FR2_TO_FR4: 0 (0%)
  CDR1_TO_FR4: 0 (0%)
  VDJRegion: 7 (0.05%)
Alignment failed: no hits (not TCR/IG?): 64033768 (97.41%)
Alignment failed after alignment-aided overlap: 1 (0%)
Alignment failed: no CDR3 parts: 57181 (0.09%)
Alignment failed: low total score: 1633884 (2.49%)
Overlapped: 60835359 (92.54%)
Overlapped and aligned: 14472 (0.02%)
Overlapped and not aligned: 60820887 (92.52%)
Alignment-aided overlaps, percent of overlapped and aligned: 98 (0.68%)
No CDR3 parts alignments, percent of successfully aligned: 299 (2.01%)
Partial aligned reads, percent of successfully aligned: 11558 (77.7%)
V gene chimeras: 8 (0%)
Paired-end alignment conflicts eliminated: 26 (0%)
Realigned with forced non-floating bound: 9808898 (14.92%)
Realigned with forced non-floating right bound in left read: 716 (0%)
Realigned with forced non-floating left bound in right read: 716 (0%)
TRA chains: 1951 (13.12%)
TRA non-functional: 5 (0.26%)
TRB chains: 508 (3.41%)
TRB non-functional: 0 (0%)
TRD chains: 18 (0.12%)
TRD non-functional: 0 (0%)
TRG chains: 55 (0.37%)
TRG non-functional: 0 (0%)
IGH chains: 6025 (40.5%)
IGH non-functional: 19 (0.32%)
TRAD chains: 47 (0.32%)
TRAD non-functional: 0 (0%)
IGK chains: 3048 (20.49%)
IGK non-functional: 96 (3.15%)
IGL chains: 3224 (21.67%)
IGL non-functional: 8 (0.25%)
Trimming report:
  R1 reads trimmed left: 84303 (0.13%)
  R1 reads trimmed right: 90113 (0.14%)
  Average R1 nucleotides trimmed left: 0.021795608772840647
  Average R1 nucleotides trimmed right: 0.02558439944441495
  R2 reads trimmed left: 84605 (0.13%)
  R2 reads trimmed right: 85599 (0.13%)
  Average R2 nucleotides trimmed left: 0.021137452538199514
  Average R2 nucleotides trimmed right: 0.02277827206721782

>>>>>>>>>>>>>>>>>> mixcr assemblePartial <<<<<<<<<<<<<<<<<<
Running:
mixcr assemblePartial --report /projects/rpci/songyao/pnfioric/arc_project/airr_calculation/tcr_quant/results/mixcr_RS-04396737.assemblePartial.report.txt --json-report /projects/rpci/songyao/pnfioric/arc_project/airr_calculation/tcr_quant/results/mixcr_RS-04396737.assemblePartial.report.json /projects/rpci/songyao/pnfioric/arc_project/airr_calculation/tcr_quant/results/mixcr_RS-04396737.alignments.vdjca /projects/rpci/songyao/pnfioric/arc_project/airr_calculation/tcr_quant/results/mixcr_RS-04396737.passembled.1.vdjca
Building index: 0%
Searching for overlaps: 0%
================= report: assemblePartial =================
Analysis time: 666ms
Total alignments analysed: 14876
Number of output alignments: 14794 (99.45%)
Alignments already with CDR3 (no overlapping is performed): 3243 (21.8%)
Successfully overlapped alignments: 82 (0.55%)
Left parts with too small N-region (failed to extract k-mer): 3282 (22.06%)
Extracted k-mer diversity: 3608
Dropped due to wildcard in k-mer: 0 (0%)
Dropped due to too short NRegion parts in overlap: 103 (0.69%)
Dropped overlaps with empty N region due to no complete NDN coverage: 0 (0%)
Number of left-side alignments: 1687 (11.34%)
Number of right-side alignments: 6677 (44.88%)
Complex overlaps: 0 (0%)
Over-overlaps: 0 (0%)
Partial alignments written to output: 11469 (77.1%)

>>>>>>>>>>>>>>>>>> mixcr assemblePartial <<<<<<<<<<<<<<<<<<
Running:
mixcr assemblePartial --report /projects/rpci/songyao/pnfioric/arc_project/airr_calculation/tcr_quant/results/mixcr_RS-04396737.assemblePartial.report.txt --json-report /projects/rpci/songyao/pnfioric/arc_project/airr_calculation/tcr_quant/results/mixcr_RS-04396737.assemblePartial.report.json /projects/rpci/songyao/pnfioric/arc_project/airr_calculation/tcr_quant/results/mixcr_RS-04396737.passembled.1.vdjca /projects/rpci/songyao/pnfioric/arc_project/airr_calculation/tcr_quant/results/mixcr_RS-04396737.passembled.2.vdjca
Building index: 0%
Searching for overlaps: 0%
================= report: assemblePartial =================
Analysis time: 264ms
Total alignments analysed: 14794
Number of output alignments: 14794 (100%)
Alignments already with CDR3 (no overlapping is performed): 3325 (22.48%)
Successfully overlapped alignments: 0 (0%)
Left parts with too small N-region (failed to extract k-mer): 3282 (22.18%)
Extracted k-mer diversity: 3504
Dropped due to wildcard in k-mer: 0 (0%)
Dropped due to too short NRegion parts in overlap: 86 (0.58%)
Dropped overlaps with empty N region due to no complete NDN coverage: 0 (0%)
Number of left-side alignments: 1605 (10.85%)
Number of right-side alignments: 6594 (44.57%)
Complex overlaps: 0 (0%)
Over-overlaps: 0 (0%)
Partial alignments written to output: 11469 (77.52%)

>>>>>>>>>>>>>>>>>>>>>>> mixcr extend <<<<<<<<<<<<<<<<<<<<<<<
Running:
mixcr extend --report /projects/rpci/songyao/pnfioric/arc_project/airr_calculation/tcr_quant/results/mixcr_RS-04396737.extend.report.txt --json-report /projects/rpci/songyao/pnfioric/arc_project/airr_calculation/tcr_quant/results/mixcr_RS-04396737.extend.report.json --threads 12 /projects/rpci/songyao/pnfioric/arc_project/airr_calculation/tcr_quant/results/mixcr_RS-04396737.passembled.2.vdjca /projects/rpci/songyao/pnfioric/arc_project/airr_calculation/tcr_quant/results/mixcr_RS-04396737.extended.vdjca
Extending alignments: 0%
====================== report: extend ======================
Analysis time: 129ms
Extended alignments count: 3 (0.02%)
V extensions total: 3 (0.02%)
V extensions with merged targets: 0 (0%)
J extensions total: 0 (0%)
J extensions with merged targets: 0 (0%)
V+J extensions: 0 (0%)
Mean V extension length: 2.0
Mean J extension length: NaN

>>>>>>>>>>>>>>>>>>>>>> mixcr assemble <<<<<<<<<<<<<<<<<<<<<<
Running:
mixcr assemble --report /projects/rpci/songyao/pnfioric/arc_project/airr_calculation/tcr_quant/results/mixcr_RS-04396737.assemble.report.txt --json-report /projects/rpci/songyao/pnfioric/arc_project/airr_calculation/tcr_quant/results/mixcr_RS-04396737.assemble.report.json /projects/rpci/songyao/pnfioric/arc_project/airr_calculation/tcr_quant/results/mixcr_RS-04396737.extended.vdjca /projects/rpci/songyao/pnfioric/arc_project/airr_calculation/tcr_quant/results/mixcr_RS-04396737.clna
Initialization: progress unknown
Initialization: progress unknown
Writing alignments: 94.2%
===================== report: assemble =====================
Analysis time: 1.1s
Final clonotype count: 385
Reads used in clonotypes, percent of total: 3163 (0%)
Average number of reads per clonotype: 8.22
Reads dropped due to the lack of a clone sequence, percent of total: 11690 (0.02%)
Reads dropped due to a too short clonal sequence, percent of total: 0 (0%)
Reads dropped due to low quality, percent of total: 0 (0%)
Reads dropped due to failed mapping, percent of total: 14 (0%)
Reads dropped with low quality clones, percent of total: 0 (0%)
Aligned reads processed: 3186
Reads used in clonotypes before clustering, percent of total: 3172 (0%)
Number of reads used as a core, percent of used: 3156 (99.5%)
Mapped low quality reads, percent of used: 16 (0.5%)
Reads clustered in PCR error correction, percent of used: 9 (0.28%)
Reads pre-clustered due to the similar VJC-lists, percent of used: 0 (0%)
Clonotypes dropped as low quality: 0
Clonotypes eliminated by PCR error correction: 8
Clonotypes pre-clustered due to the similar VJC-lists: 0
Clones dropped in post filtering: 0 (0%)
Reads dropped in post filtering: 0.0 (0%)
Reads filtered by tag prefix: 0 (0%)
TRA chains: 4 (1.04%)
TRA non-functional: 1 (25%)
TRB chains: 1 (0.26%)
TRB non-functional: 0 (0%)
TRG chains: 2 (0.52%)
TRG non-functional: 0 (0%)
IGH chains: 120 (31.17%)
IGH non-functional: 8 (6.67%)
IGK chains: 170 (44.16%)
IGK non-functional: 18 (10.59%)
IGL chains: 88 (22.86%)
IGL non-functional: 3 (3.41%)

>>>>>>>>>>>>>>>>>> mixcr assembleContigs <<<<<<<<<<<<<<<<<<
Running:
mixcr assembleContigs --report /projects/rpci/songyao/pnfioric/arc_project/airr_calculation/tcr_quant/results/mixcr_RS-04396737.assembleContigs.report.txt --json-report /projects/rpci/songyao/pnfioric/arc_project/airr_calculation/tcr_quant/results/mixcr_RS-04396737.assembleContigs.report.json --threads 12 /projects/rpci/songyao/pnfioric/arc_project/airr_calculation/tcr_quant/results/mixcr_RS-04396737.clna /projects/rpci/songyao/pnfioric/arc_project/airr_calculation/tcr_quant/results/mixcr_RS-04396737.contigs.clns
Assembling contigs: 0%
================= report: assembleContigs =================
Analysis time: 517ms
Initial clonotype count: 385
Final clonotype count: 385 (100%)
Canceled assemblies: 0 (0%)
Clones filtered out after assemble: 0 (0%)
Number of premature termination assembly events, percent of number of initial clonotypes: 0.0 (0%)
Longest contig length: 296
Clustered variants: 0 (0%)
Reads in clustered variants: 0.0 (0%)
Reads in divided (newly created) clones: 0.0 (0%)
Clones with ambiguous letters in splitting region: 0 (0%)
Reads in clones with ambiguous letters in splitting region: 0.0 (0%)
Average number of ambiguous letters per clone with ambiguous letters in splitting region: NaN
Clones combined after clustering: 0 (0%)

>>>>>>>>>>>>>>>>>>>>>>>>> mixcr qc <<<<<<<<<<<<<<<<<<<<<<<<<
Running:
mixcr qc --print-to-stdout /projects/rpci/songyao/pnfioric/arc_project/airr_calculation/tcr_quant/results/mixcr_RS-04396737.contigs.clns /projects/rpci/songyao/pnfioric/arc_project/airr_calculation/tcr_quant/results/mixcr_RS-04396737.qc.txt /projects/rpci/songyao/pnfioric/arc_project/airr_calculation/tcr_quant/results/mixcr_RS-04396737.qc.json

  Alignments dropped due to low sequence quality: 0.0% [OK]

>>>>>>>>>>>>>>>>>>>> mixcr exportClones <<<<<<<<<<<<<<<<<<<<
Running:
mixcr exportClones /projects/rpci/songyao/pnfioric/arc_project/airr_calculation/tcr_quant/results/mixcr_RS-04396737.contigs.clns /projects/rpci/songyao/pnfioric/arc_project/airr_calculation/tcr_quant/results/mixcr_RS-04396737.clones.tsv
Analysis finished successfully.
===============================
Visualize results and simplify your immune data analysis with a convenient UI.
Explore and install Platforma.bio here: https://platforma.bio
