Exporting TRB
Exporting clones: 33.3%
Filtered 3 of 26 clones (88.46%).
Filtered 4.0 of 52.0 reads (92.31%).
Exporting TRA
Exporting clones: 33.3%
Filtered 3 of 26 clones (88.46%).
Filtered 4.0 of 52.0 reads (92.31%).
Exporting IGH
Exporting clones: 14.3%
Filtered 7 of 26 clones (73.08%).
Filtered 16.0 of 52.0 reads (69.23%).
Exporting TRG
Exporting clones: 100%
Filtered 1 of 26 clones (96.15%).
Filtered 1.0 of 52.0 reads (98.08%).
Exporting IGL
Exporting clones: 33.3%
Filtered 3 of 26 clones (88.46%).
Filtered 6.0 of 52.0 reads (88.46%).
Exporting IGK
Exporting clones: 11.1%
Filtered 9 of 26 clones (65.38%).
Filtered 21.0 of 52.0 reads (59.62%).
