Exporting TRB
Exporting clones: 100%
Filtered 1 of 425 clones (99.76%).
Filtered 1.0 of 3568.0 reads (99.97%).
Exporting TRA
Exporting clones: 25%
Filtered 4 of 425 clones (99.06%).
Filtered 13.0 of 3568.0 reads (99.64%).
Exporting IGH
Exporting clones: 0.8%
Filtered 132 of 425 clones (68.94%).
Filtered 712.0 of 3568.0 reads (80.04%).
Exporting IGL
Exporting clones: 0.9%
Filtered 110 of 425 clones (74.12%).
Filtered 1017.0 of 3568.0 reads (71.5%).
Exporting IGK
Exporting clones: 0.6%
Filtered 178 of 425 clones (58.12%).
Filtered 1825.0 of 3568.0 reads (48.85%).
