Exporting TRB
Exporting clones: 2%
Filtered 51 of 6960 clones (99.27%).
Filtered 104.0 of 31472.0 reads (99.67%).
Exporting TRA
Exporting clones: 1.5%
Filtered 66 of 6960 clones (99.05%).
Filtered 119.0 of 31472.0 reads (99.62%).
Exporting IGH
Exporting clones: 0%
Filtered 2200 of 6960 clones (68.39%).
Filtered 6824.0 of 31472.0 reads (78.32%).
Exporting TRG
Exporting clones: 26.7%
Filtered 15 of 6960 clones (99.78%).
Filtered 45.0 of 31472.0 reads (99.86%).
Exporting IGL
Exporting clones: 0.2%
Filtered 1819 of 6960 clones (73.86%).
Filtered 8610.0 of 31472.0 reads (72.64%).
Exporting IGK
Exporting clones: 0.2%
Filtered 2809 of 6960 clones (59.64%).
Filtered 15770.0 of 31472.0 reads (49.89%).
