WARNING: sun.reflect.Reflection.getCallerClass is not supported. This will impact performance.

>>>>>>>>>>>>>>>>>>>>>>> mixcr align <<<<<<<<<<<<<<<<<<<<<<<
Running:
mixcr align --report /projects/rpci/songyao/pnfioric/arc_project/airr_calculation/tcr_quant/results/mixcr_RS-04430819.align.report.txt --json-report /projects/rpci/songyao/pnfioric/arc_project/airr_calculation/tcr_quant/results/mixcr_RS-04430819.align.report.json --threads 12 --preset rna-seq --save-output-file-names /projects/rpci/songyao/pnfioric/arc_project/airr_calculation/tcr_quant/results/mixcr_RS-04430819.align.list.tsv --species hsa /projects/rpci/songyao/pnfioric/arc_project/airr_calculation/fastq_files/RS-04430819/RS-04430819_SACS06017015-A12_RS-04273331_S31_R1_001.fastq.gz /projects/rpci/songyao/pnfioric/arc_project/airr_calculation/fastq_files/RS-04430819/RS-04430819_SACS06017015-A12_RS-04273331_S31_R2_001.fastq.gz /projects/rpci/songyao/pnfioric/arc_project/airr_calculation/tcr_quant/results/mixcr_RS-04430819.alignments.vdjca
Alignment: 0%
Alignment: 5.1%  ETA: 00:37:24
Alignment: 10.2%  ETA: 00:35:24
Alignment: 15.3%  ETA: 00:33:06
Alignment: 20.3%  ETA: 00:31:40
Alignment: 25.4%  ETA: 00:29:24
Alignment: 30.5%  ETA: 00:26:55
Alignment: 35.8%  ETA: 00:24:29
Alignment: 41%  ETA: 00:22:41
Alignment: 46.2%  ETA: 00:20:30
Alignment: 51.4%  ETA: 00:18:50
Alignment: 56.6%  ETA: 00:16:50
Alignment: 61.7%  ETA: 00:14:58
Alignment: 66.8%  ETA: 00:12:51
Alignment: 71.9%  ETA: 00:11:04
Alignment: 77%  ETA: 00:08:58
Alignment: 82.3%  ETA: 00:06:41
Alignment: 87.6%  ETA: 00:04:44
Alignment: 92.8%  ETA: 00:02:44
Alignment: 98%  ETA: 00:00:44
====================== report: align ======================
Analysis time: 38.81m
Total sequencing reads: 44258998
Successfully aligned reads: 2442 (0.01%)
Coverage (percent of successfully aligned):
  CDR3: 363 (14.86%)
  FR3_TO_FR4: 0 (0%)
  CDR2_TO_FR4: 0 (0%)
  FR2_TO_FR4: 0 (0%)
  CDR1_TO_FR4: 0 (0%)
  VDJRegion: 0 (0%)
Alignment failed: no hits (not TCR/IG?): 43169489 (97.54%)
Alignment failed: no CDR3 parts: 16344 (0.04%)
Alignment failed: low total score: 1070723 (2.42%)
Overlapped: 41792084 (94.43%)
Overlapped and aligned: 2302 (0.01%)
Overlapped and not aligned: 41789782 (94.42%)
Alignment-aided overlaps, percent of overlapped and aligned: 10 (0.43%)
No CDR3 parts alignments, percent of successfully aligned: 60 (2.46%)
Partial aligned reads, percent of successfully aligned: 2019 (82.68%)
V gene chimeras: 6 (0%)
Realigned with forced non-floating bound: 4933848 (11.15%)
Realigned with forced non-floating right bound in left read: 297 (0%)
Realigned with forced non-floating left bound in right read: 297 (0%)
TRA chains: 571 (23.38%)
TRA non-functional: 1 (0.18%)
TRB chains: 104 (4.26%)
TRB non-functional: 0 (0%)
TRD chains: 7 (0.29%)
TRD non-functional: 0 (0%)
TRG chains: 31 (1.27%)
TRG non-functional: 0 (0%)
IGH chains: 787 (32.23%)
IGH non-functional: 6 (0.76%)
TRAD chains: 36 (1.47%)
TRAD non-functional: 0 (0%)
IGK chains: 475 (19.45%)
IGK non-functional: 21 (4.42%)
IGL chains: 431 (17.65%)
IGL non-functional: 1 (0.23%)
Trimming report:
  R1 reads trimmed left: 49389 (0.11%)
  R1 reads trimmed right: 49388 (0.11%)
  Average R1 nucleotides trimmed left: 0.018633047228046148
  Average R1 nucleotides trimmed right: 0.019796426480328363
  R2 reads trimmed left: 47614 (0.11%)
  R2 reads trimmed right: 48267 (0.11%)
  Average R2 nucleotides trimmed left: 0.018316365860790614
  Average R2 nucleotides trimmed right: 0.019343795356596187

>>>>>>>>>>>>>>>>>> mixcr assemblePartial <<<<<<<<<<<<<<<<<<
Running:
mixcr assemblePartial --report /projects/rpci/songyao/pnfioric/arc_project/airr_calculation/tcr_quant/results/mixcr_RS-04430819.assemblePartial.report.txt --json-report /projects/rpci/songyao/pnfioric/arc_project/airr_calculation/tcr_quant/results/mixcr_RS-04430819.assemblePartial.report.json /projects/rpci/songyao/pnfioric/arc_project/airr_calculation/tcr_quant/results/mixcr_RS-04430819.alignments.vdjca /projects/rpci/songyao/pnfioric/arc_project/airr_calculation/tcr_quant/results/mixcr_RS-04430819.passembled.1.vdjca
Building index: 0%
Searching for overlaps: 0%
================= report: assemblePartial =================
Analysis time: 235ms
Total alignments analysed: 2442
Number of output alignments: 2442 (100%)
Alignments already with CDR3 (no overlapping is performed): 373 (15.27%)
Successfully overlapped alignments: 0 (0%)
Left parts with too small N-region (failed to extract k-mer): 470 (19.25%)
Extracted k-mer diversity: 2396
Dropped due to wildcard in k-mer: 0 (0%)
Dropped due to too short NRegion parts in overlap: 2 (0.08%)
Dropped overlaps with empty N region due to no complete NDN coverage: 0 (0%)
Number of left-side alignments: 452 (18.51%)
Number of right-side alignments: 1159 (47.46%)
Complex overlaps: 0 (0%)
Over-overlaps: 0 (0%)
Partial alignments written to output: 2069 (84.73%)

>>>>>>>>>>>>>>>>>> mixcr assemblePartial <<<<<<<<<<<<<<<<<<
Running:
mixcr assemblePartial --report /projects/rpci/songyao/pnfioric/arc_project/airr_calculation/tcr_quant/results/mixcr_RS-04430819.assemblePartial.report.txt --json-report /projects/rpci/songyao/pnfioric/arc_project/airr_calculation/tcr_quant/results/mixcr_RS-04430819.assemblePartial.report.json /projects/rpci/songyao/pnfioric/arc_project/airr_calculation/tcr_quant/results/mixcr_RS-04430819.passembled.1.vdjca /projects/rpci/songyao/pnfioric/arc_project/airr_calculation/tcr_quant/results/mixcr_RS-04430819.passembled.2.vdjca
Building index: 0%
Searching for overlaps: 0.1%
================= report: assemblePartial =================
Analysis time: 101ms
Total alignments analysed: 2442
Number of output alignments: 2442 (100%)
Alignments already with CDR3 (no overlapping is performed): 373 (15.27%)
Successfully overlapped alignments: 0 (0%)
Left parts with too small N-region (failed to extract k-mer): 470 (19.25%)
Extracted k-mer diversity: 2396
Dropped due to wildcard in k-mer: 0 (0%)
Dropped due to too short NRegion parts in overlap: 2 (0.08%)
Dropped overlaps with empty N region due to no complete NDN coverage: 0 (0%)
Number of left-side alignments: 452 (18.51%)
Number of right-side alignments: 1159 (47.46%)
Complex overlaps: 0 (0%)
Over-overlaps: 0 (0%)
Partial alignments written to output: 2069 (84.73%)

>>>>>>>>>>>>>>>>>>>>>>> mixcr extend <<<<<<<<<<<<<<<<<<<<<<<
Running:
mixcr extend --report /projects/rpci/songyao/pnfioric/arc_project/airr_calculation/tcr_quant/results/mixcr_RS-04430819.extend.report.txt --json-report /projects/rpci/songyao/pnfioric/arc_project/airr_calculation/tcr_quant/results/mixcr_RS-04430819.extend.report.json --threads 12 /projects/rpci/songyao/pnfioric/arc_project/airr_calculation/tcr_quant/results/mixcr_RS-04430819.passembled.2.vdjca /projects/rpci/songyao/pnfioric/arc_project/airr_calculation/tcr_quant/results/mixcr_RS-04430819.extended.vdjca
Extending alignments: 0%
====================== report: extend ======================
Analysis time: 28ms
Extended alignments count: 0 (0%)
V extensions total: 0 (0%)
V extensions with merged targets: 0 (0%)
J extensions total: 0 (0%)
J extensions with merged targets: 0 (0%)
V+J extensions: 0 (0%)
Mean V extension length: NaN
Mean J extension length: NaN

>>>>>>>>>>>>>>>>>>>>>> mixcr assemble <<<<<<<<<<<<<<<<<<<<<<
Running:
mixcr assemble --report /projects/rpci/songyao/pnfioric/arc_project/airr_calculation/tcr_quant/results/mixcr_RS-04430819.assemble.report.txt --json-report /projects/rpci/songyao/pnfioric/arc_project/airr_calculation/tcr_quant/results/mixcr_RS-04430819.assemble.report.json /projects/rpci/songyao/pnfioric/arc_project/airr_calculation/tcr_quant/results/mixcr_RS-04430819.extended.vdjca /projects/rpci/songyao/pnfioric/arc_project/airr_calculation/tcr_quant/results/mixcr_RS-04430819.clna
Initialization: progress unknown
Initialization: progress unknown
===================== report: assemble =====================
Analysis time: 492ms
Final clonotype count: 114
Reads used in clonotypes, percent of total: 361 (0%)
Average number of reads per clonotype: 3.17
Reads dropped due to the lack of a clone sequence, percent of total: 2079 (0%)
Reads dropped due to a too short clonal sequence, percent of total: 0 (0%)
Reads dropped due to low quality, percent of total: 0 (0%)
Reads dropped due to failed mapping, percent of total: 2 (0%)
Reads dropped with low quality clones, percent of total: 0 (0%)
Aligned reads processed: 363
Reads used in clonotypes before clustering, percent of total: 361 (0%)
Number of reads used as a core, percent of used: 360 (99.72%)
Mapped low quality reads, percent of used: 1 (0.28%)
Reads clustered in PCR error correction, percent of used: 0 (0%)
Reads pre-clustered due to the similar VJC-lists, percent of used: 0 (0%)
Clonotypes dropped as low quality: 0
Clonotypes eliminated by PCR error correction: 0
Clonotypes pre-clustered due to the similar VJC-lists: 0
Clones dropped in post filtering: 0 (0%)
Reads dropped in post filtering: 0.0 (0%)
Reads filtered by tag prefix: 0 (0%)
TRA chains: 1 (0.88%)
TRA non-functional: 1 (100%)
TRB chains: 1 (0.88%)
TRB non-functional: 0 (0%)
IGH chains: 31 (27.19%)
IGH non-functional: 2 (6.45%)
IGK chains: 67 (58.77%)
IGK non-functional: 4 (5.97%)
IGL chains: 14 (12.28%)
IGL non-functional: 1 (7.14%)

>>>>>>>>>>>>>>>>>> mixcr assembleContigs <<<<<<<<<<<<<<<<<<
Running:
mixcr assembleContigs --report /projects/rpci/songyao/pnfioric/arc_project/airr_calculation/tcr_quant/results/mixcr_RS-04430819.assembleContigs.report.txt --json-report /projects/rpci/songyao/pnfioric/arc_project/airr_calculation/tcr_quant/results/mixcr_RS-04430819.assembleContigs.report.json --threads 12 /projects/rpci/songyao/pnfioric/arc_project/airr_calculation/tcr_quant/results/mixcr_RS-04430819.clna /projects/rpci/songyao/pnfioric/arc_project/airr_calculation/tcr_quant/results/mixcr_RS-04430819.contigs.clns
Assembling contigs: 0%
================= report: assembleContigs =================
Analysis time: 235ms
Initial clonotype count: 114
Final clonotype count: 114 (100%)
Canceled assemblies: 0 (0%)
Clones filtered out after assemble: 0 (0%)
Number of premature termination assembly events, percent of number of initial clonotypes: 0.0 (0%)
Longest contig length: 223
Clustered variants: 0 (0%)
Reads in clustered variants: 0.0 (0%)
Reads in divided (newly created) clones: 0.0 (0%)
Clones with ambiguous letters in splitting region: 0 (0%)
Reads in clones with ambiguous letters in splitting region: 0.0 (0%)
Average number of ambiguous letters per clone with ambiguous letters in splitting region: NaN
Clones combined after clustering: 0 (0%)

>>>>>>>>>>>>>>>>>>>>>>>>> mixcr qc <<<<<<<<<<<<<<<<<<<<<<<<<
Running:
mixcr qc --print-to-stdout /projects/rpci/songyao/pnfioric/arc_project/airr_calculation/tcr_quant/results/mixcr_RS-04430819.contigs.clns /projects/rpci/songyao/pnfioric/arc_project/airr_calculation/tcr_quant/results/mixcr_RS-04430819.qc.txt /projects/rpci/songyao/pnfioric/arc_project/airr_calculation/tcr_quant/results/mixcr_RS-04430819.qc.json

  Alignments dropped due to low sequence quality: 0.0% [OK]

>>>>>>>>>>>>>>>>>>>> mixcr exportClones <<<<<<<<<<<<<<<<<<<<
Running:
mixcr exportClones /projects/rpci/songyao/pnfioric/arc_project/airr_calculation/tcr_quant/results/mixcr_RS-04430819.contigs.clns /projects/rpci/songyao/pnfioric/arc_project/airr_calculation/tcr_quant/results/mixcr_RS-04430819.clones.tsv
Analysis finished successfully.
===============================
Visualize results and simplify your immune data analysis with a convenient UI.
Explore and install Platforma.bio here: https://platforma.bio
