WARNING: sun.reflect.Reflection.getCallerClass is not supported. This will impact performance.

>>>>>>>>>>>>>>>>>>>>>>> mixcr align <<<<<<<<<<<<<<<<<<<<<<<
Running:
mixcr align --report /projects/rpci/songyao/pnfioric/arc_project/airr_calculation/tcr_quant/results/mixcr_RS-04378714.align.report.txt --json-report /projects/rpci/songyao/pnfioric/arc_project/airr_calculation/tcr_quant/results/mixcr_RS-04378714.align.report.json --threads 12 --preset rna-seq --save-output-file-names /projects/rpci/songyao/pnfioric/arc_project/airr_calculation/tcr_quant/results/mixcr_RS-04378714.align.list.tsv --species hsa /projects/rpci/songyao/pnfioric/arc_project/airr_calculation/fastq_files/RS-04378714/RS-04378714_S96-5588-A1_RS-04215833_S107_R1_001.fastq.gz /projects/rpci/songyao/pnfioric/arc_project/airr_calculation/fastq_files/RS-04378714/RS-04378714_S96-5588-A1_RS-04215833_S107_R2_001.fastq.gz /projects/rpci/songyao/pnfioric/arc_project/airr_calculation/tcr_quant/results/mixcr_RS-04378714.alignments.vdjca
Alignment: 0%
Alignment: 3%  ETA: 01:04:58
Alignment: 6%  ETA: 01:01:41
Alignment: 9.1%  ETA: 00:59:41
Alignment: 12.1%  ETA: 00:57:41
Alignment: 15.1%  ETA: 00:56:18
Alignment: 18.2%  ETA: 00:53:42
Alignment: 21.2%  ETA: 00:51:42
Alignment: 24.3%  ETA: 00:49:14
Alignment: 27.4%  ETA: 00:47:41
Alignment: 30.3%  ETA: 00:46:39
Alignment: 33.3%  ETA: 00:44:39
Alignment: 36.3%  ETA: 00:42:14
Alignment: 39.4%  ETA: 00:40:14
Alignment: 42.4%  ETA: 00:37:48
Alignment: 45.4%  ETA: 00:36:34
Alignment: 48.4%  ETA: 00:34:14
Alignment: 51.4%  ETA: 00:32:56
Alignment: 54.3%  ETA: 00:30:34
Alignment: 57.4%  ETA: 00:27:58
Alignment: 60.4%  ETA: 00:26:16
Alignment: 63.4%  ETA: 00:24:31
Alignment: 66.4%  ETA: 00:22:30
Alignment: 69.4%  ETA: 00:20:18
Alignment: 72.4%  ETA: 00:18:05
Alignment: 75.4%  ETA: 00:16:27
Alignment: 78.4%  ETA: 00:14:27
Alignment: 81.4%  ETA: 00:12:27
Alignment: 84.4%  ETA: 00:10:20
Alignment: 87.4%  ETA: 00:08:19
Alignment: 90.5%  ETA: 00:06:20
Alignment: 93.4%  ETA: 00:04:23
Alignment: 96.5%  ETA: 00:02:18
Alignment: 99.5%  ETA: 00:00:18
====================== report: align ======================
Analysis time: 66.36m
Total sequencing reads: 84505882
Successfully aligned reads: 32 (0%)
Coverage (percent of successfully aligned):
  CDR3: 0 (0%)
  FR3_TO_FR4: 0 (0%)
  CDR2_TO_FR4: 0 (0%)
  FR2_TO_FR4: 0 (0%)
  CDR1_TO_FR4: 0 (0%)
  VDJRegion: 0 (0%)
Alignment failed: no hits (not TCR/IG?): 83989235 (99.39%)
Alignment failed: no CDR3 parts: 168 (0%)
Alignment failed: low total score: 516447 (0.61%)
Overlapped: 38685415 (45.78%)
Overlapped and aligned: 32 (0%)
Overlapped and not aligned: 38685383 (45.78%)
Alignment-aided overlaps, percent of overlapped and aligned: 0 (0%)
Partial aligned reads, percent of successfully aligned: 32 (100%)
Realigned with forced non-floating bound: 91640934 (108.44%)
Realigned with forced non-floating right bound in left read: 19 (0%)
Realigned with forced non-floating left bound in right read: 19 (0%)
TRB chains: 6 (18.75%)
TRB non-functional: 0 (0%)
IGH chains: 8 (25%)
IGH non-functional: 0 (0%)
IGL chains: 18 (56.25%)
IGL non-functional: 0 (0%)
Trimming report:
  R1 reads trimmed left: 200125 (0.24%)
  R1 reads trimmed right: 203397 (0.24%)
  Average R1 nucleotides trimmed left: 0.04024144733499143
  Average R1 nucleotides trimmed right: 0.042909829637657645
  R2 reads trimmed left: 198729 (0.24%)
  R2 reads trimmed right: 200229 (0.24%)
  Average R2 nucleotides trimmed left: 0.039829700848516086
  Average R2 nucleotides trimmed right: 0.04231850985236744

>>>>>>>>>>>>>>>>>> mixcr assemblePartial <<<<<<<<<<<<<<<<<<
Running:
mixcr assemblePartial --report /projects/rpci/songyao/pnfioric/arc_project/airr_calculation/tcr_quant/results/mixcr_RS-04378714.assemblePartial.report.txt --json-report /projects/rpci/songyao/pnfioric/arc_project/airr_calculation/tcr_quant/results/mixcr_RS-04378714.assemblePartial.report.json /projects/rpci/songyao/pnfioric/arc_project/airr_calculation/tcr_quant/results/mixcr_RS-04378714.alignments.vdjca /projects/rpci/songyao/pnfioric/arc_project/airr_calculation/tcr_quant/results/mixcr_RS-04378714.passembled.1.vdjca
Building index: 0%
Searching for overlaps: 3.1%
================= report: assemblePartial =================
Analysis time: 80ms
Total alignments analysed: 32
Number of output alignments: 32 (100%)
Alignments already with CDR3 (no overlapping is performed): 0 (0%)
Successfully overlapped alignments: 0 (0%)
Left parts with too small N-region (failed to extract k-mer): 15 (46.88%)
Extracted k-mer diversity: 72
Dropped due to wildcard in k-mer: 0 (0%)
Dropped due to too short NRegion parts in overlap: 0 (0%)
Dropped overlaps with empty N region due to no complete NDN coverage: 0 (0%)
Number of left-side alignments: 17 (53.12%)
Number of right-side alignments: 0 (0%)
Complex overlaps: 0 (0%)
Over-overlaps: 0 (0%)
Partial alignments written to output: 32 (100%)

>>>>>>>>>>>>>>>>>> mixcr assemblePartial <<<<<<<<<<<<<<<<<<
Running:
mixcr assemblePartial --report /projects/rpci/songyao/pnfioric/arc_project/airr_calculation/tcr_quant/results/mixcr_RS-04378714.assemblePartial.report.txt --json-report /projects/rpci/songyao/pnfioric/arc_project/airr_calculation/tcr_quant/results/mixcr_RS-04378714.assemblePartial.report.json /projects/rpci/songyao/pnfioric/arc_project/airr_calculation/tcr_quant/results/mixcr_RS-04378714.passembled.1.vdjca /projects/rpci/songyao/pnfioric/arc_project/airr_calculation/tcr_quant/results/mixcr_RS-04378714.passembled.2.vdjca
Building index: 0%
Searching for overlaps: 43.8%
================= report: assemblePartial =================
Analysis time: 29ms
Total alignments analysed: 32
Number of output alignments: 32 (100%)
Alignments already with CDR3 (no overlapping is performed): 0 (0%)
Successfully overlapped alignments: 0 (0%)
Left parts with too small N-region (failed to extract k-mer): 15 (46.88%)
Extracted k-mer diversity: 72
Dropped due to wildcard in k-mer: 0 (0%)
Dropped due to too short NRegion parts in overlap: 0 (0%)
Dropped overlaps with empty N region due to no complete NDN coverage: 0 (0%)
Number of left-side alignments: 17 (53.12%)
Number of right-side alignments: 0 (0%)
Complex overlaps: 0 (0%)
Over-overlaps: 0 (0%)
Partial alignments written to output: 32 (100%)

>>>>>>>>>>>>>>>>>>>>>>> mixcr extend <<<<<<<<<<<<<<<<<<<<<<<
Running:
mixcr extend --report /projects/rpci/songyao/pnfioric/arc_project/airr_calculation/tcr_quant/results/mixcr_RS-04378714.extend.report.txt --json-report /projects/rpci/songyao/pnfioric/arc_project/airr_calculation/tcr_quant/results/mixcr_RS-04378714.extend.report.json --threads 12 /projects/rpci/songyao/pnfioric/arc_project/airr_calculation/tcr_quant/results/mixcr_RS-04378714.passembled.2.vdjca /projects/rpci/songyao/pnfioric/arc_project/airr_calculation/tcr_quant/results/mixcr_RS-04378714.extended.vdjca
Extending alignments: 0%
====================== report: extend ======================
Analysis time: 8ms
Extended alignments count: 0 (0%)
V extensions total: 0 (0%)
V extensions with merged targets: 0 (0%)
J extensions total: 0 (0%)
J extensions with merged targets: 0 (0%)
V+J extensions: 0 (0%)
Mean V extension length: NaN
Mean J extension length: NaN

>>>>>>>>>>>>>>>>>>>>>> mixcr assemble <<<<<<<<<<<<<<<<<<<<<<
Running:
mixcr assemble --report /projects/rpci/songyao/pnfioric/arc_project/airr_calculation/tcr_quant/results/mixcr_RS-04378714.assemble.report.txt --json-report /projects/rpci/songyao/pnfioric/arc_project/airr_calculation/tcr_quant/results/mixcr_RS-04378714.assemble.report.json /projects/rpci/songyao/pnfioric/arc_project/airr_calculation/tcr_quant/results/mixcr_RS-04378714.extended.vdjca /projects/rpci/songyao/pnfioric/arc_project/airr_calculation/tcr_quant/results/mixcr_RS-04378714.clna
Initialization: progress unknown
Initialization: progress unknown
===================== report: assemble =====================
Analysis time: 106ms
Final clonotype count: 0
Reads used in clonotypes, percent of total: 0 (0%)
Average number of reads per clonotype: NaN
Reads dropped due to the lack of a clone sequence, percent of total: 32 (0%)
Reads dropped due to a too short clonal sequence, percent of total: 0 (0%)
Reads dropped due to low quality, percent of total: 0 (0%)
Reads dropped due to failed mapping, percent of total: 0 (0%)
Reads dropped with low quality clones, percent of total: 0 (0%)
Aligned reads processed: 0
Reads used in clonotypes before clustering, percent of total: 0 (0%)
Number of reads used as a core, percent of used: 0 (NaN%)
Mapped low quality reads, percent of used: 0 (NaN%)
Reads clustered in PCR error correction, percent of used: 0 (NaN%)
Reads pre-clustered due to the similar VJC-lists, percent of used: 0 (NaN%)
Clonotypes dropped as low quality: 0
Clonotypes eliminated by PCR error correction: 0
Clonotypes pre-clustered due to the similar VJC-lists: 0
Clones dropped in post filtering: 0 (NaN%)
Reads dropped in post filtering: 0.0 (0%)
Reads filtered by tag prefix: 0 (0%)

>>>>>>>>>>>>>>>>>> mixcr assembleContigs <<<<<<<<<<<<<<<<<<
Running:
mixcr assembleContigs --report /projects/rpci/songyao/pnfioric/arc_project/airr_calculation/tcr_quant/results/mixcr_RS-04378714.assembleContigs.report.txt --json-report /projects/rpci/songyao/pnfioric/arc_project/airr_calculation/tcr_quant/results/mixcr_RS-04378714.assembleContigs.report.json --threads 12 /projects/rpci/songyao/pnfioric/arc_project/airr_calculation/tcr_quant/results/mixcr_RS-04378714.clna /projects/rpci/songyao/pnfioric/arc_project/airr_calculation/tcr_quant/results/mixcr_RS-04378714.contigs.clns
Assembling contigs: 0%
================= report: assembleContigs =================
Analysis time: 57ms
Initial clonotype count: 0
Final clonotype count: 0 (NaN%)
Canceled assemblies: 0 (NaN%)
Clones filtered out after assemble: 0 (NaN%)
Number of premature termination assembly events, percent of number of initial clonotypes: 0.0 (NaN%)
Longest contig length: 0
Clustered variants: 0 (NaN%)
Reads in clustered variants: 0.0 (NaN%)
Reads in divided (newly created) clones: 0.0 (NaN%)
Clones with ambiguous letters in splitting region: 0 (NaN%)
Reads in clones with ambiguous letters in splitting region: 0.0 (NaN%)
Average number of ambiguous letters per clone with ambiguous letters in splitting region: NaN
Clones combined after clustering: 0 (NaN%)

>>>>>>>>>>>>>>>>>>>>>>>>> mixcr qc <<<<<<<<<<<<<<<<<<<<<<<<<
Running:
mixcr qc --print-to-stdout /projects/rpci/songyao/pnfioric/arc_project/airr_calculation/tcr_quant/results/mixcr_RS-04378714.contigs.clns /projects/rpci/songyao/pnfioric/arc_project/airr_calculation/tcr_quant/results/mixcr_RS-04378714.qc.txt /projects/rpci/songyao/pnfioric/arc_project/airr_calculation/tcr_quant/results/mixcr_RS-04378714.qc.json

  Alignments dropped due to low sequence quality: 0.0% [OK]

>>>>>>>>>>>>>>>>>>>> mixcr exportClones <<<<<<<<<<<<<<<<<<<<
Running:
mixcr exportClones /projects/rpci/songyao/pnfioric/arc_project/airr_calculation/tcr_quant/results/mixcr_RS-04378714.contigs.clns /projects/rpci/songyao/pnfioric/arc_project/airr_calculation/tcr_quant/results/mixcr_RS-04378714.clones.tsv
Analysis finished successfully.
===============================
Visualize results and simplify your immune data analysis with a convenient UI.
Explore and install Platforma.bio here: https://platforma.bio
