Exporting TRB
Exporting clones: 100%
Filtered 1 of 19 clones (94.74%).
Filtered 1.0 of 34.0 reads (97.06%).
Exporting TRA
Exporting clones: 100%
Filtered 1 of 19 clones (94.74%).
Filtered 3.0 of 34.0 reads (91.18%).
Exporting IGH
Exporting clones: 25%
Filtered 4 of 19 clones (78.95%).
Filtered 5.0 of 34.0 reads (85.29%).
Exporting IGL
Exporting clones: 25%
Filtered 4 of 19 clones (78.95%).
Filtered 4.0 of 34.0 reads (88.24%).
Exporting IGK
Exporting clones: 11.1%
Filtered 9 of 19 clones (52.63%).
Filtered 21.0 of 34.0 reads (38.24%).
