WARNING: sun.reflect.Reflection.getCallerClass is not supported. This will impact performance.

>>>>>>>>>>>>>>>>>>>>>>> mixcr align <<<<<<<<<<<<<<<<<<<<<<<
Running:
mixcr align --report /projects/rpci/songyao/pnfioric/arc_project/airr_calculation/tcr_quant/results/mixcr_RS-04378650.align.report.txt --json-report /projects/rpci/songyao/pnfioric/arc_project/airr_calculation/tcr_quant/results/mixcr_RS-04378650.align.report.json --threads 12 --preset rna-seq --save-output-file-names /projects/rpci/songyao/pnfioric/arc_project/airr_calculation/tcr_quant/results/mixcr_RS-04378650.align.list.tsv --species hsa /projects/rpci/songyao/pnfioric/arc_project/airr_calculation/fastq_files/RS-04378650/RS-04378650_SFOS09000711-A5_RS-03699809_S43_R1_001.fastq.gz /projects/rpci/songyao/pnfioric/arc_project/airr_calculation/fastq_files/RS-04378650/RS-04378650_SFOS09000711-A5_RS-03699809_S43_R2_001.fastq.gz /projects/rpci/songyao/pnfioric/arc_project/airr_calculation/tcr_quant/results/mixcr_RS-04378650.alignments.vdjca
Alignment: 0%
Alignment: 3.4%  ETA: 00:57:33
Alignment: 6.7%  ETA: 00:55:02
Alignment: 10.1%  ETA: 00:54:03
Alignment: 13.4%  ETA: 00:51:33
Alignment: 16.8%  ETA: 00:49:05
Alignment: 20.2%  ETA: 00:47:05
Alignment: 23.6%  ETA: 00:45:05
Alignment: 27%  ETA: 00:43:30
Alignment: 30.3%  ETA: 00:41:30
Alignment: 33.6%  ETA: 00:39:53
Alignment: 36.9%  ETA: 00:38:15
Alignment: 40.3%  ETA: 00:35:13
Alignment: 43.7%  ETA: 00:33:32
Alignment: 47%  ETA: 00:31:51
Alignment: 50.4%  ETA: 00:29:34
Alignment: 53.7%  ETA: 00:27:50
Alignment: 57.1%  ETA: 00:25:34
Alignment: 60.4%  ETA: 00:24:03
Alignment: 63.7%  ETA: 00:21:50
Alignment: 67%  ETA: 00:19:37
Alignment: 70.4%  ETA: 00:17:38
Alignment: 73.8%  ETA: 00:15:37
Alignment: 77.1%  ETA: 00:13:46
Alignment: 80.4%  ETA: 00:11:54
Alignment: 83.7%  ETA: 00:09:47
Alignment: 87%  ETA: 00:07:47
Alignment: 90.4%  ETA: 00:05:43
Alignment: 93.7%  ETA: 00:03:43
Alignment: 97.1%  ETA: 00:01:43
====================== report: align ======================
Analysis time: 59.76m
Total sequencing reads: 62514241
Successfully aligned reads: 22235 (0.04%)
Coverage (percent of successfully aligned):
  CDR3: 7205 (32.4%)
  FR3_TO_FR4: 47 (0.21%)
  CDR2_TO_FR4: 26 (0.12%)
  FR2_TO_FR4: 0 (0%)
  CDR1_TO_FR4: 0 (0%)
  VDJRegion: 1 (0%)
Alignment failed: no hits (not TCR/IG?): 61060076 (97.67%)
Alignment failed: no CDR3 parts: 49172 (0.08%)
Alignment failed: low total score: 1382758 (2.21%)
Overlapped: 54756535 (87.59%)
Overlapped and aligned: 20802 (0.03%)
Overlapped and not aligned: 54735733 (87.56%)
Alignment-aided overlaps, percent of overlapped and aligned: 510 (2.45%)
No CDR3 parts alignments, percent of successfully aligned: 379 (1.7%)
Partial aligned reads, percent of successfully aligned: 14651 (65.89%)
V gene chimeras: 6 (0%)
J gene chimeras: 1 (0%)
Paired-end alignment conflicts eliminated: 5 (0%)
Realigned with forced non-floating bound: 15516432 (24.82%)
Realigned with forced non-floating right bound in left read: 836 (0%)
Realigned with forced non-floating left bound in right read: 836 (0%)
TRA chains: 1256 (5.65%)
TRA non-functional: 10 (0.8%)
TRB chains: 425 (1.91%)
TRB non-functional: 0 (0%)
TRD chains: 20 (0.09%)
TRD non-functional: 0 (0%)
TRG chains: 70 (0.31%)
TRG non-functional: 10 (14.29%)
IGH chains: 7447 (33.49%)
IGH non-functional: 24 (0.32%)
TRAD chains: 48 (0.22%)
TRAD non-functional: 0 (0%)
IGK chains: 7092 (31.9%)
IGK non-functional: 135 (1.9%)
IGL chains: 5877 (26.43%)
IGL non-functional: 23 (0.39%)
Trimming report:
  R1 reads trimmed left: 45349 (0.07%)
  R1 reads trimmed right: 47573 (0.08%)
  Average R1 nucleotides trimmed left: 0.012309099297870385
  Average R1 nucleotides trimmed right: 0.013279262240422945
  R2 reads trimmed left: 45344 (0.07%)
  R2 reads trimmed right: 46279 (0.07%)
  Average R2 nucleotides trimmed left: 0.012175545728852407
  Average R2 nucleotides trimmed right: 0.01297664319398839

>>>>>>>>>>>>>>>>>> mixcr assemblePartial <<<<<<<<<<<<<<<<<<
Running:
mixcr assemblePartial --report /projects/rpci/songyao/pnfioric/arc_project/airr_calculation/tcr_quant/results/mixcr_RS-04378650.assemblePartial.report.txt --json-report /projects/rpci/songyao/pnfioric/arc_project/airr_calculation/tcr_quant/results/mixcr_RS-04378650.assemblePartial.report.json /projects/rpci/songyao/pnfioric/arc_project/airr_calculation/tcr_quant/results/mixcr_RS-04378650.alignments.vdjca /projects/rpci/songyao/pnfioric/arc_project/airr_calculation/tcr_quant/results/mixcr_RS-04378650.passembled.1.vdjca
Building index: 0%
Searching for overlaps: 0%
================= report: assemblePartial =================
Analysis time: 908ms
Total alignments analysed: 22235
Number of output alignments: 22013 (99%)
Alignments already with CDR3 (no overlapping is performed): 7529 (33.86%)
Successfully overlapped alignments: 222 (1%)
Left parts with too small N-region (failed to extract k-mer): 5065 (22.78%)
Extracted k-mer diversity: 11799
Dropped due to wildcard in k-mer: 0 (0%)
Dropped due to too short NRegion parts in overlap: 164 (0.74%)
Dropped overlaps with empty N region due to no complete NDN coverage: 7 (0.03%)
Number of left-side alignments: 2764 (12.43%)
Number of right-side alignments: 6952 (31.27%)
Complex overlaps: 0 (0%)
Over-overlaps: 0 (0%)
Partial alignments written to output: 14262 (64.14%)

>>>>>>>>>>>>>>>>>> mixcr assemblePartial <<<<<<<<<<<<<<<<<<
Running:
mixcr assemblePartial --report /projects/rpci/songyao/pnfioric/arc_project/airr_calculation/tcr_quant/results/mixcr_RS-04378650.assemblePartial.report.txt --json-report /projects/rpci/songyao/pnfioric/arc_project/airr_calculation/tcr_quant/results/mixcr_RS-04378650.assemblePartial.report.json /projects/rpci/songyao/pnfioric/arc_project/airr_calculation/tcr_quant/results/mixcr_RS-04378650.passembled.1.vdjca /projects/rpci/songyao/pnfioric/arc_project/airr_calculation/tcr_quant/results/mixcr_RS-04378650.passembled.2.vdjca
Building index: 0%
Searching for overlaps: 0%
================= report: assemblePartial =================
Analysis time: 458ms
Total alignments analysed: 22013
Number of output alignments: 22013 (100%)
Alignments already with CDR3 (no overlapping is performed): 7751 (35.21%)
Successfully overlapped alignments: 0 (0%)
Left parts with too small N-region (failed to extract k-mer): 5065 (23.01%)
Extracted k-mer diversity: 11345
Dropped due to wildcard in k-mer: 0 (0%)
Dropped due to too short NRegion parts in overlap: 146 (0.66%)
Dropped overlaps with empty N region due to no complete NDN coverage: 7 (0.03%)
Number of left-side alignments: 2541 (11.54%)
Number of right-side alignments: 6728 (30.56%)
Complex overlaps: 0 (0%)
Over-overlaps: 0 (0%)
Partial alignments written to output: 14262 (64.79%)

>>>>>>>>>>>>>>>>>>>>>>> mixcr extend <<<<<<<<<<<<<<<<<<<<<<<
Running:
mixcr extend --report /projects/rpci/songyao/pnfioric/arc_project/airr_calculation/tcr_quant/results/mixcr_RS-04378650.extend.report.txt --json-report /projects/rpci/songyao/pnfioric/arc_project/airr_calculation/tcr_quant/results/mixcr_RS-04378650.extend.report.json --threads 12 /projects/rpci/songyao/pnfioric/arc_project/airr_calculation/tcr_quant/results/mixcr_RS-04378650.passembled.2.vdjca /projects/rpci/songyao/pnfioric/arc_project/airr_calculation/tcr_quant/results/mixcr_RS-04378650.extended.vdjca
Extending alignments: 0%
====================== report: extend ======================
Analysis time: 209ms
Extended alignments count: 3 (0.01%)
V extensions total: 0 (0%)
V extensions with merged targets: 0 (0%)
J extensions total: 3 (0.01%)
J extensions with merged targets: 0 (0%)
V+J extensions: 0 (0%)
Mean V extension length: NaN
Mean J extension length: 12.0

>>>>>>>>>>>>>>>>>>>>>> mixcr assemble <<<<<<<<<<<<<<<<<<<<<<
Running:
mixcr assemble --report /projects/rpci/songyao/pnfioric/arc_project/airr_calculation/tcr_quant/results/mixcr_RS-04378650.assemble.report.txt --json-report /projects/rpci/songyao/pnfioric/arc_project/airr_calculation/tcr_quant/results/mixcr_RS-04378650.assemble.report.json /projects/rpci/songyao/pnfioric/arc_project/airr_calculation/tcr_quant/results/mixcr_RS-04378650.extended.vdjca /projects/rpci/songyao/pnfioric/arc_project/airr_calculation/tcr_quant/results/mixcr_RS-04378650.clna
Initialization: progress unknown
Building clones: 21.1%
Initialization: progress unknown
Writing alignments: 73.1%
Writing alignments: 91.8%  ETA: 00:00:00
===================== report: assemble =====================
Analysis time: 2.09s
Final clonotype count: 1838
Reads used in clonotypes, percent of total: 7449 (0.01%)
Average number of reads per clonotype: 4.05
Reads dropped due to the lack of a clone sequence, percent of total: 14583 (0.02%)
Reads dropped due to a too short clonal sequence, percent of total: 0 (0%)
Reads dropped due to low quality, percent of total: 0 (0%)
Reads dropped due to failed mapping, percent of total: 124 (0%)
Reads dropped with low quality clones, percent of total: 0 (0%)
Aligned reads processed: 7652
Reads used in clonotypes before clustering, percent of total: 7528 (0.01%)
Number of reads used as a core, percent of used: 7467 (99.19%)
Mapped low quality reads, percent of used: 61 (0.81%)
Reads clustered in PCR error correction, percent of used: 79 (1.05%)
Reads pre-clustered due to the similar VJC-lists, percent of used: 0 (0%)
Clonotypes dropped as low quality: 0
Clonotypes eliminated by PCR error correction: 70
Clonotypes pre-clustered due to the similar VJC-lists: 0
Clones dropped in post filtering: 0 (0%)
Reads dropped in post filtering: 0.0 (0%)
Reads filtered by tag prefix: 0 (0%)
TRA chains: 29 (1.58%)
TRA non-functional: 5 (17.24%)
TRB chains: 20 (1.09%)
TRB non-functional: 0 (0%)
TRG chains: 7 (0.38%)
TRG non-functional: 5 (71.43%)
IGH chains: 476 (25.9%)
IGH non-functional: 12 (2.52%)
IGK chains: 868 (47.23%)
IGK non-functional: 63 (7.26%)
IGL chains: 438 (23.83%)
IGL non-functional: 9 (2.05%)

>>>>>>>>>>>>>>>>>> mixcr assembleContigs <<<<<<<<<<<<<<<<<<
Running:
mixcr assembleContigs --report /projects/rpci/songyao/pnfioric/arc_project/airr_calculation/tcr_quant/results/mixcr_RS-04378650.assembleContigs.report.txt --json-report /projects/rpci/songyao/pnfioric/arc_project/airr_calculation/tcr_quant/results/mixcr_RS-04378650.assembleContigs.report.json --threads 12 /projects/rpci/songyao/pnfioric/arc_project/airr_calculation/tcr_quant/results/mixcr_RS-04378650.clna /projects/rpci/songyao/pnfioric/arc_project/airr_calculation/tcr_quant/results/mixcr_RS-04378650.contigs.clns
Assembling contigs: 0%
Assembling contigs: 31.9%  ETA: 00:00:02
================= report: assembleContigs =================
Analysis time: 1.27s
Initial clonotype count: 1838
Final clonotype count: 1838 (100%)
Canceled assemblies: 0 (0%)
Clones filtered out after assemble: 0 (0%)
Number of premature termination assembly events, percent of number of initial clonotypes: 0.0 (0%)
Longest contig length: 429
Clustered variants: 0 (0%)
Reads in clustered variants: 0.0 (0%)
Reads in divided (newly created) clones: 0.0 (0%)
Clones with ambiguous letters in splitting region: 0 (0%)
Reads in clones with ambiguous letters in splitting region: 0.0 (0%)
Average number of ambiguous letters per clone with ambiguous letters in splitting region: NaN
Clones combined after clustering: 0 (0%)

>>>>>>>>>>>>>>>>>>>>>>>>> mixcr qc <<<<<<<<<<<<<<<<<<<<<<<<<
Running:
mixcr qc --print-to-stdout /projects/rpci/songyao/pnfioric/arc_project/airr_calculation/tcr_quant/results/mixcr_RS-04378650.contigs.clns /projects/rpci/songyao/pnfioric/arc_project/airr_calculation/tcr_quant/results/mixcr_RS-04378650.qc.txt /projects/rpci/songyao/pnfioric/arc_project/airr_calculation/tcr_quant/results/mixcr_RS-04378650.qc.json

  Alignments dropped due to low sequence quality: 0.0% [OK]

>>>>>>>>>>>>>>>>>>>> mixcr exportClones <<<<<<<<<<<<<<<<<<<<
Running:
mixcr exportClones /projects/rpci/songyao/pnfioric/arc_project/airr_calculation/tcr_quant/results/mixcr_RS-04378650.contigs.clns /projects/rpci/songyao/pnfioric/arc_project/airr_calculation/tcr_quant/results/mixcr_RS-04378650.clones.tsv
Analysis finished successfully.
===============================
Visualize results and simplify your immune data analysis with a convenient UI.
Explore and install Platforma.bio here: https://platforma.bio
