WARNING: sun.reflect.Reflection.getCallerClass is not supported. This will impact performance.

>>>>>>>>>>>>>>>>>>>>>>> mixcr align <<<<<<<<<<<<<<<<<<<<<<<
Running:
mixcr align --report /projects/rpci/songyao/pnfioric/arc_project/airr_calculation/tcr_quant/results/mixcr_RS-04378663.align.report.txt --json-report /projects/rpci/songyao/pnfioric/arc_project/airr_calculation/tcr_quant/results/mixcr_RS-04378663.align.report.json --threads 12 --preset rna-seq --save-output-file-names /projects/rpci/songyao/pnfioric/arc_project/airr_calculation/tcr_quant/results/mixcr_RS-04378663.align.list.tsv --species hsa /projects/rpci/songyao/pnfioric/arc_project/airr_calculation/fastq_files/RS-04378663/RS-04378663_1086995-B_RS-04233419_S56_R1_001.fastq.gz /projects/rpci/songyao/pnfioric/arc_project/airr_calculation/fastq_files/RS-04378663/RS-04378663_1086995-B_RS-04233419_S56_R2_001.fastq.gz /projects/rpci/songyao/pnfioric/arc_project/airr_calculation/tcr_quant/results/mixcr_RS-04378663.alignments.vdjca
Alignment: 0%
Alignment: 3%  ETA: 01:03:55
Alignment: 6.1%  ETA: 01:00:45
Alignment: 9.2%  ETA: 00:58:08
Alignment: 12.3%  ETA: 00:56:40
Alignment: 15.5%  ETA: 00:53:39
Alignment: 18.6%  ETA: 00:52:09
Alignment: 21.7%  ETA: 00:50:40
Alignment: 24.8%  ETA: 00:48:09
Alignment: 27.9%  ETA: 00:47:06
Alignment: 31%  ETA: 00:44:12
Alignment: 34.1%  ETA: 00:43:03
Alignment: 37.1%  ETA: 00:41:03
Alignment: 40.2%  ETA: 00:38:41
Alignment: 43.3%  ETA: 00:37:02
Alignment: 46.4%  ETA: 00:34:42
Alignment: 49.4%  ETA: 00:33:23
Alignment: 52.5%  ETA: 00:31:02
Alignment: 55.5%  ETA: 00:29:02
Alignment: 58.6%  ETA: 00:27:02
Alignment: 61.7%  ETA: 00:24:46
Alignment: 64.7%  ETA: 00:23:16
Alignment: 67.8%  ETA: 00:20:36
Alignment: 70.9%  ETA: 00:19:00
Alignment: 74%  ETA: 00:17:00
Alignment: 77.1%  ETA: 00:14:50
Alignment: 80.1%  ETA: 00:13:16
Alignment: 83.1%  ETA: 00:11:01
Alignment: 86.2%  ETA: 00:08:48
Alignment: 89.3%  ETA: 00:06:58
Alignment: 92.4%  ETA: 00:04:58
Alignment: 95.4%  ETA: 00:02:58
Alignment: 98.5%  ETA: 00:00:57
====================== report: align ======================
Analysis time: 65.03m
Total sequencing reads: 81974035
Successfully aligned reads: 2159 (0%)
Coverage (percent of successfully aligned):
  CDR3: 0 (0%)
  FR3_TO_FR4: 0 (0%)
  CDR2_TO_FR4: 0 (0%)
  FR2_TO_FR4: 0 (0%)
  CDR1_TO_FR4: 0 (0%)
  VDJRegion: 0 (0%)
Alignment failed: no hits (not TCR/IG?): 80783133 (98.55%)
Alignment failed: no CDR3 parts: 16125 (0.02%)
Alignment failed: low total score: 1172618 (1.43%)
Overlapped: 54789012 (66.84%)
Overlapped and aligned: 1858 (0%)
Overlapped and not aligned: 54787154 (66.83%)
Alignment-aided overlaps, percent of overlapped and aligned: 79 (4.25%)
No CDR3 parts alignments, percent of successfully aligned: 37 (1.71%)
Partial aligned reads, percent of successfully aligned: 2122 (98.29%)
V gene chimeras: 14 (0%)
J gene chimeras: 1 (0%)
Realigned with forced non-floating bound: 54370204 (66.33%)
Realigned with forced non-floating right bound in left read: 973 (0%)
Realigned with forced non-floating left bound in right read: 973 (0%)
TRA chains: 279 (12.92%)
TRA non-functional: 0 (0%)
TRB chains: 326 (15.1%)
TRB non-functional: 0 (0%)
TRD chains: 20 (0.93%)
TRD non-functional: 0 (0%)
TRG chains: 48 (2.22%)
TRG non-functional: 0 (0%)
IGH chains: 768 (35.57%)
IGH non-functional: 0 (0%)
TRAD chains: 135 (6.25%)
TRAD non-functional: 0 (0%)
IGK chains: 302 (13.99%)
IGK non-functional: 0 (0%)
IGL chains: 281 (13.02%)
IGL non-functional: 0 (0%)
Trimming report:
  R1 reads trimmed left: 76847 (0.09%)
  R1 reads trimmed right: 80278 (0.1%)
  Average R1 nucleotides trimmed left: 0.01591219707557399
  Average R1 nucleotides trimmed right: 0.017154236704341807
  R2 reads trimmed left: 76189 (0.09%)
  R2 reads trimmed right: 77952 (0.1%)
  Average R2 nucleotides trimmed left: 0.01565432273768151
  Average R2 nucleotides trimmed right: 0.016721807094160976

>>>>>>>>>>>>>>>>>> mixcr assemblePartial <<<<<<<<<<<<<<<<<<
Running:
mixcr assemblePartial --report /projects/rpci/songyao/pnfioric/arc_project/airr_calculation/tcr_quant/results/mixcr_RS-04378663.assemblePartial.report.txt --json-report /projects/rpci/songyao/pnfioric/arc_project/airr_calculation/tcr_quant/results/mixcr_RS-04378663.assemblePartial.report.json /projects/rpci/songyao/pnfioric/arc_project/airr_calculation/tcr_quant/results/mixcr_RS-04378663.alignments.vdjca /projects/rpci/songyao/pnfioric/arc_project/airr_calculation/tcr_quant/results/mixcr_RS-04378663.passembled.1.vdjca
Building index: 0%
Searching for overlaps: 0%
================= report: assemblePartial =================
Analysis time: 369ms
Total alignments analysed: 2159
Number of output alignments: 2159 (100%)
Alignments already with CDR3 (no overlapping is performed): 0 (0%)
Successfully overlapped alignments: 0 (0%)
Left parts with too small N-region (failed to extract k-mer): 460 (21.31%)
Extracted k-mer diversity: 6956
Dropped due to wildcard in k-mer: 0 (0%)
Dropped due to too short NRegion parts in overlap: 0 (0%)
Dropped overlaps with empty N region due to no complete NDN coverage: 0 (0%)
Number of left-side alignments: 960 (44.47%)
Number of right-side alignments: 749 (34.69%)
Complex overlaps: 0 (0%)
Over-overlaps: 0 (0%)
Partial alignments written to output: 2159 (100%)

>>>>>>>>>>>>>>>>>> mixcr assemblePartial <<<<<<<<<<<<<<<<<<
Running:
mixcr assemblePartial --report /projects/rpci/songyao/pnfioric/arc_project/airr_calculation/tcr_quant/results/mixcr_RS-04378663.assemblePartial.report.txt --json-report /projects/rpci/songyao/pnfioric/arc_project/airr_calculation/tcr_quant/results/mixcr_RS-04378663.assemblePartial.report.json /projects/rpci/songyao/pnfioric/arc_project/airr_calculation/tcr_quant/results/mixcr_RS-04378663.passembled.1.vdjca /projects/rpci/songyao/pnfioric/arc_project/airr_calculation/tcr_quant/results/mixcr_RS-04378663.passembled.2.vdjca
Building index: 0%
Searching for overlaps: 0%
================= report: assemblePartial =================
Analysis time: 141ms
Total alignments analysed: 2159
Number of output alignments: 2159 (100%)
Alignments already with CDR3 (no overlapping is performed): 0 (0%)
Successfully overlapped alignments: 0 (0%)
Left parts with too small N-region (failed to extract k-mer): 460 (21.31%)
Extracted k-mer diversity: 6956
Dropped due to wildcard in k-mer: 0 (0%)
Dropped due to too short NRegion parts in overlap: 0 (0%)
Dropped overlaps with empty N region due to no complete NDN coverage: 0 (0%)
Number of left-side alignments: 960 (44.47%)
Number of right-side alignments: 749 (34.69%)
Complex overlaps: 0 (0%)
Over-overlaps: 0 (0%)
Partial alignments written to output: 2159 (100%)

>>>>>>>>>>>>>>>>>>>>>>> mixcr extend <<<<<<<<<<<<<<<<<<<<<<<
Running:
mixcr extend --report /projects/rpci/songyao/pnfioric/arc_project/airr_calculation/tcr_quant/results/mixcr_RS-04378663.extend.report.txt --json-report /projects/rpci/songyao/pnfioric/arc_project/airr_calculation/tcr_quant/results/mixcr_RS-04378663.extend.report.json --threads 12 /projects/rpci/songyao/pnfioric/arc_project/airr_calculation/tcr_quant/results/mixcr_RS-04378663.passembled.2.vdjca /projects/rpci/songyao/pnfioric/arc_project/airr_calculation/tcr_quant/results/mixcr_RS-04378663.extended.vdjca
Extending alignments: 0%
====================== report: extend ======================
Analysis time: 22ms
Extended alignments count: 0 (0%)
V extensions total: 0 (0%)
V extensions with merged targets: 0 (0%)
J extensions total: 0 (0%)
J extensions with merged targets: 0 (0%)
V+J extensions: 0 (0%)
Mean V extension length: NaN
Mean J extension length: NaN

>>>>>>>>>>>>>>>>>>>>>> mixcr assemble <<<<<<<<<<<<<<<<<<<<<<
Running:
mixcr assemble --report /projects/rpci/songyao/pnfioric/arc_project/airr_calculation/tcr_quant/results/mixcr_RS-04378663.assemble.report.txt --json-report /projects/rpci/songyao/pnfioric/arc_project/airr_calculation/tcr_quant/results/mixcr_RS-04378663.assemble.report.json /projects/rpci/songyao/pnfioric/arc_project/airr_calculation/tcr_quant/results/mixcr_RS-04378663.extended.vdjca /projects/rpci/songyao/pnfioric/arc_project/airr_calculation/tcr_quant/results/mixcr_RS-04378663.clna
Initialization: progress unknown
Initialization: progress unknown
===================== report: assemble =====================
Analysis time: 215ms
Final clonotype count: 0
Reads used in clonotypes, percent of total: 0 (0%)
Average number of reads per clonotype: NaN
Reads dropped due to the lack of a clone sequence, percent of total: 2159 (0%)
Reads dropped due to a too short clonal sequence, percent of total: 0 (0%)
Reads dropped due to low quality, percent of total: 0 (0%)
Reads dropped due to failed mapping, percent of total: 0 (0%)
Reads dropped with low quality clones, percent of total: 0 (0%)
Aligned reads processed: 0
Reads used in clonotypes before clustering, percent of total: 0 (0%)
Number of reads used as a core, percent of used: 0 (NaN%)
Mapped low quality reads, percent of used: 0 (NaN%)
Reads clustered in PCR error correction, percent of used: 0 (NaN%)
Reads pre-clustered due to the similar VJC-lists, percent of used: 0 (NaN%)
Clonotypes dropped as low quality: 0
Clonotypes eliminated by PCR error correction: 0
Clonotypes pre-clustered due to the similar VJC-lists: 0
Clones dropped in post filtering: 0 (NaN%)
Reads dropped in post filtering: 0.0 (0%)
Reads filtered by tag prefix: 0 (0%)

>>>>>>>>>>>>>>>>>> mixcr assembleContigs <<<<<<<<<<<<<<<<<<
Running:
mixcr assembleContigs --report /projects/rpci/songyao/pnfioric/arc_project/airr_calculation/tcr_quant/results/mixcr_RS-04378663.assembleContigs.report.txt --json-report /projects/rpci/songyao/pnfioric/arc_project/airr_calculation/tcr_quant/results/mixcr_RS-04378663.assembleContigs.report.json --threads 12 /projects/rpci/songyao/pnfioric/arc_project/airr_calculation/tcr_quant/results/mixcr_RS-04378663.clna /projects/rpci/songyao/pnfioric/arc_project/airr_calculation/tcr_quant/results/mixcr_RS-04378663.contigs.clns
Assembling contigs: 0%
================= report: assembleContigs =================
Analysis time: 58ms
Initial clonotype count: 0
Final clonotype count: 0 (NaN%)
Canceled assemblies: 0 (NaN%)
Clones filtered out after assemble: 0 (NaN%)
Number of premature termination assembly events, percent of number of initial clonotypes: 0.0 (NaN%)
Longest contig length: 0
Clustered variants: 0 (NaN%)
Reads in clustered variants: 0.0 (NaN%)
Reads in divided (newly created) clones: 0.0 (NaN%)
Clones with ambiguous letters in splitting region: 0 (NaN%)
Reads in clones with ambiguous letters in splitting region: 0.0 (NaN%)
Average number of ambiguous letters per clone with ambiguous letters in splitting region: NaN
Clones combined after clustering: 0 (NaN%)

>>>>>>>>>>>>>>>>>>>>>>>>> mixcr qc <<<<<<<<<<<<<<<<<<<<<<<<<
Running:
mixcr qc --print-to-stdout /projects/rpci/songyao/pnfioric/arc_project/airr_calculation/tcr_quant/results/mixcr_RS-04378663.contigs.clns /projects/rpci/songyao/pnfioric/arc_project/airr_calculation/tcr_quant/results/mixcr_RS-04378663.qc.txt /projects/rpci/songyao/pnfioric/arc_project/airr_calculation/tcr_quant/results/mixcr_RS-04378663.qc.json

  Alignments dropped due to low sequence quality: 0.0% [OK]

>>>>>>>>>>>>>>>>>>>> mixcr exportClones <<<<<<<<<<<<<<<<<<<<
Running:
mixcr exportClones /projects/rpci/songyao/pnfioric/arc_project/airr_calculation/tcr_quant/results/mixcr_RS-04378663.contigs.clns /projects/rpci/songyao/pnfioric/arc_project/airr_calculation/tcr_quant/results/mixcr_RS-04378663.clones.tsv
Analysis finished successfully.
===============================
Visualize results and simplify your immune data analysis with a convenient UI.
Explore and install Platforma.bio here: https://platforma.bio
