Exporting TRB
Exporting clones: 25%
Filtered 4 of 383 clones (98.96%).
Filtered 21.0 of 5409.0 reads (99.61%).
Exporting TRA
Exporting clones: 50%
Filtered 2 of 383 clones (99.48%).
Filtered 9.0 of 5409.0 reads (99.83%).
Exporting IGH
Exporting clones: 0.8%
Filtered 119 of 383 clones (68.93%).
Filtered 1248.0 of 5409.0 reads (76.93%).
Exporting IGL
Exporting clones: 1.1%
Filtered 95 of 383 clones (75.2%).
Filtered 1601.0 of 5409.0 reads (70.4%).
Exporting IGK
Exporting clones: 0.6%
Filtered 163 of 383 clones (57.44%).
Filtered 2530.0 of 5409.0 reads (53.23%).
