Exporting TRB
Exporting clones: 100%
Filtered 1 of 335 clones (99.7%).
Filtered 7.0 of 2113.0 reads (99.67%).
Exporting TRA
Exporting clones: 16.7%
Filtered 6 of 335 clones (98.21%).
Filtered 16.0 of 2113.0 reads (99.24%).
Exporting IGH
Exporting clones: 1%
Filtered 102 of 335 clones (69.55%).
Filtered 626.0 of 2113.0 reads (70.37%).
Exporting TRG
Exporting clones: 100%
Filtered 1 of 335 clones (99.7%).
Filtered 3.0 of 2113.0 reads (99.86%).
Exporting IGL
Exporting clones: 1.4%
Filtered 74 of 335 clones (77.91%).
Filtered 555.0 of 2113.0 reads (73.73%).
Exporting IGK
Exporting clones: 1.3%
Filtered 151 of 335 clones (54.93%).
Filtered 906.0 of 2113.0 reads (57.12%).
