Exporting TRB
Exporting clones: 8.3%
Filtered 12 of 872 clones (98.62%).
Filtered 24.0 of 7170.0 reads (99.67%).
Exporting TRA
Exporting clones: 6.7%
Filtered 15 of 872 clones (98.28%).
Filtered 35.0 of 7170.0 reads (99.51%).
Exporting IGH
Exporting clones: 0.4%
Filtered 279 of 872 clones (68%).
Filtered 1656.0 of 7170.0 reads (76.9%).
Exporting TRG
Exporting clones: 66.7%
Filtered 3 of 872 clones (99.66%).
Filtered 13.0 of 7170.0 reads (99.82%).
Exporting IGL
Exporting clones: 1.7%
Filtered 174 of 872 clones (80.05%).
Filtered 3507.0 of 7170.0 reads (51.09%).
Exporting IGK
Exporting clones: 0.8%
Filtered 389 of 872 clones (55.39%).
Filtered 1935.0 of 7170.0 reads (73.01%).
