Exporting TRB
Exporting clones: 12.5%
Filtered 8 of 155 clones (94.84%).
Filtered 23.0 of 2284.0 reads (98.99%).
Exporting TRA
Exporting clones: 20%
Filtered 5 of 155 clones (96.77%).
Filtered 13.0 of 2284.0 reads (99.43%).
Exporting IGH
Exporting clones: 2.6%
Filtered 38 of 155 clones (75.48%).
Filtered 267.0 of 2284.0 reads (88.31%).
Exporting TRG
Exporting clones: 50%
Filtered 2 of 155 clones (98.71%).
Filtered 14.0 of 2284.0 reads (99.39%).
Exporting IGL
Exporting clones: 6.2%
Filtered 16 of 155 clones (89.68%).
Filtered 46.0 of 2284.0 reads (97.99%).
Exporting IGK
Exporting clones: 1.2%
Filtered 86 of 155 clones (44.52%).
Filtered 1921.0 of 2284.0 reads (15.89%).
