WARNING: sun.reflect.Reflection.getCallerClass is not supported. This will impact performance.

>>>>>>>>>>>>>>>>>>>>>>> mixcr align <<<<<<<<<<<<<<<<<<<<<<<
Running:
mixcr align --report /projects/rpci/songyao/pnfioric/arc_project/airr_calculation/tcr_quant/results/mixcr_RS-04378677.align.report.txt --json-report /projects/rpci/songyao/pnfioric/arc_project/airr_calculation/tcr_quant/results/mixcr_RS-04378677.align.report.json --threads 12 --preset rna-seq --save-output-file-names /projects/rpci/songyao/pnfioric/arc_project/airr_calculation/tcr_quant/results/mixcr_RS-04378677.align.list.tsv --species hsa /projects/rpci/songyao/pnfioric/arc_project/airr_calculation/fastq_files/RS-04378677/RS-04378677_OAKS09006119-B4_RS-03683720_S70_R1_001.fastq.gz /projects/rpci/songyao/pnfioric/arc_project/airr_calculation/fastq_files/RS-04378677/RS-04378677_OAKS09006119-B4_RS-03683720_S70_R2_001.fastq.gz /projects/rpci/songyao/pnfioric/arc_project/airr_calculation/tcr_quant/results/mixcr_RS-04378677.alignments.vdjca
Alignment: 0%
Alignment: 5.1%  ETA: 00:37:28
Alignment: 10.2%  ETA: 00:34:56
Alignment: 15.3%  ETA: 00:33:11
Alignment: 20.4%  ETA: 00:31:11
Alignment: 25.6%  ETA: 00:28:57
Alignment: 30.6%  ETA: 00:27:23
Alignment: 35.7%  ETA: 00:25:23
Alignment: 40.8%  ETA: 00:23:23
Alignment: 45.9%  ETA: 00:21:02
Alignment: 50.9%  ETA: 00:19:31
Alignment: 56%  ETA: 00:17:22
Alignment: 61.1%  ETA: 00:15:22
Alignment: 66.1%  ETA: 00:13:22
Alignment: 71.2%  ETA: 00:11:22
Alignment: 76.3%  ETA: 00:09:22
Alignment: 81.3%  ETA: 00:07:22
Alignment: 86.4%  ETA: 00:05:22
Alignment: 91.5%  ETA: 00:03:22
Alignment: 96.6%  ETA: 00:01:20
====================== report: align ======================
Analysis time: 39.39m
Total sequencing reads: 57120603
Successfully aligned reads: 2072 (0%)
Coverage (percent of successfully aligned):
  CDR3: 121 (5.84%)
  FR3_TO_FR4: 0 (0%)
  CDR2_TO_FR4: 0 (0%)
  FR2_TO_FR4: 0 (0%)
  CDR1_TO_FR4: 0 (0%)
  VDJRegion: 0 (0%)
Alignment failed: no hits (not TCR/IG?): 55888529 (97.84%)
Alignment failed: no CDR3 parts: 14634 (0.03%)
Alignment failed: low total score: 1215368 (2.13%)
Overlapped: 48416319 (84.76%)
Overlapped and aligned: 1857 (0%)
Overlapped and not aligned: 48414462 (84.76%)
Alignment-aided overlaps, percent of overlapped and aligned: 0 (0%)
No CDR3 parts alignments, percent of successfully aligned: 84 (4.05%)
Partial aligned reads, percent of successfully aligned: 1867 (90.11%)
Realigned with forced non-floating bound: 17408568 (30.48%)
Realigned with forced non-floating right bound in left read: 708 (0%)
Realigned with forced non-floating left bound in right read: 708 (0%)
TRA chains: 800 (38.61%)
TRA non-functional: 0 (0%)
TRB chains: 181 (8.74%)
TRB non-functional: 0 (0%)
IGH chains: 320 (15.44%)
IGH non-functional: 0 (0%)
TRAD chains: 124 (5.98%)
TRAD non-functional: 0 (0%)
IGK chains: 257 (12.4%)
IGK non-functional: 0 (0%)
IGL chains: 390 (18.82%)
IGL non-functional: 0 (0%)
Trimming report:
  R1 reads trimmed left: 5588562 (9.78%)
  R1 reads trimmed right: 5650142 (9.89%)
  Average R1 nucleotides trimmed left: 1.6632279424641228
  Average R1 nucleotides trimmed right: 1.7671477837865261
  R2 reads trimmed left: 5500967 (9.63%)
  R2 reads trimmed right: 5561671 (9.74%)
  Average R2 nucleotides trimmed left: 1.637045515783508
  Average R2 nucleotides trimmed right: 1.739219524695844

>>>>>>>>>>>>>>>>>> mixcr assemblePartial <<<<<<<<<<<<<<<<<<
Running:
mixcr assemblePartial --report /projects/rpci/songyao/pnfioric/arc_project/airr_calculation/tcr_quant/results/mixcr_RS-04378677.assemblePartial.report.txt --json-report /projects/rpci/songyao/pnfioric/arc_project/airr_calculation/tcr_quant/results/mixcr_RS-04378677.assemblePartial.report.json /projects/rpci/songyao/pnfioric/arc_project/airr_calculation/tcr_quant/results/mixcr_RS-04378677.alignments.vdjca /projects/rpci/songyao/pnfioric/arc_project/airr_calculation/tcr_quant/results/mixcr_RS-04378677.passembled.1.vdjca
Building index: 0%
Searching for overlaps: 0%
================= report: assemblePartial =================
Analysis time: 208ms
Total alignments analysed: 2072
Number of output alignments: 2072 (100%)
Alignments already with CDR3 (no overlapping is performed): 168 (8.11%)
Successfully overlapped alignments: 0 (0%)
Left parts with too small N-region (failed to extract k-mer): 144 (6.95%)
Extracted k-mer diversity: 218
Dropped due to wildcard in k-mer: 0 (0%)
Dropped due to too short NRegion parts in overlap: 0 (0%)
Dropped overlaps with empty N region due to no complete NDN coverage: 0 (0%)
Number of left-side alignments: 550 (26.54%)
Number of right-side alignments: 1126 (54.34%)
Complex overlaps: 0 (0%)
Over-overlaps: 0 (0%)
Partial alignments written to output: 1904 (91.89%)

>>>>>>>>>>>>>>>>>> mixcr assemblePartial <<<<<<<<<<<<<<<<<<
Running:
mixcr assemblePartial --report /projects/rpci/songyao/pnfioric/arc_project/airr_calculation/tcr_quant/results/mixcr_RS-04378677.assemblePartial.report.txt --json-report /projects/rpci/songyao/pnfioric/arc_project/airr_calculation/tcr_quant/results/mixcr_RS-04378677.assemblePartial.report.json /projects/rpci/songyao/pnfioric/arc_project/airr_calculation/tcr_quant/results/mixcr_RS-04378677.passembled.1.vdjca /projects/rpci/songyao/pnfioric/arc_project/airr_calculation/tcr_quant/results/mixcr_RS-04378677.passembled.2.vdjca
Building index: 0%
Searching for overlaps: 0.9%
================= report: assemblePartial =================
Analysis time: 69ms
Total alignments analysed: 2072
Number of output alignments: 2072 (100%)
Alignments already with CDR3 (no overlapping is performed): 168 (8.11%)
Successfully overlapped alignments: 0 (0%)
Left parts with too small N-region (failed to extract k-mer): 144 (6.95%)
Extracted k-mer diversity: 218
Dropped due to wildcard in k-mer: 0 (0%)
Dropped due to too short NRegion parts in overlap: 0 (0%)
Dropped overlaps with empty N region due to no complete NDN coverage: 0 (0%)
Number of left-side alignments: 550 (26.54%)
Number of right-side alignments: 1126 (54.34%)
Complex overlaps: 0 (0%)
Over-overlaps: 0 (0%)
Partial alignments written to output: 1904 (91.89%)

>>>>>>>>>>>>>>>>>>>>>>> mixcr extend <<<<<<<<<<<<<<<<<<<<<<<
Running:
mixcr extend --report /projects/rpci/songyao/pnfioric/arc_project/airr_calculation/tcr_quant/results/mixcr_RS-04378677.extend.report.txt --json-report /projects/rpci/songyao/pnfioric/arc_project/airr_calculation/tcr_quant/results/mixcr_RS-04378677.extend.report.json --threads 12 /projects/rpci/songyao/pnfioric/arc_project/airr_calculation/tcr_quant/results/mixcr_RS-04378677.passembled.2.vdjca /projects/rpci/songyao/pnfioric/arc_project/airr_calculation/tcr_quant/results/mixcr_RS-04378677.extended.vdjca
Extending alignments: 0%
====================== report: extend ======================
Analysis time: 18ms
Extended alignments count: 0 (0%)
V extensions total: 0 (0%)
V extensions with merged targets: 0 (0%)
J extensions total: 0 (0%)
J extensions with merged targets: 0 (0%)
V+J extensions: 0 (0%)
Mean V extension length: NaN
Mean J extension length: NaN

>>>>>>>>>>>>>>>>>>>>>> mixcr assemble <<<<<<<<<<<<<<<<<<<<<<
Running:
mixcr assemble --report /projects/rpci/songyao/pnfioric/arc_project/airr_calculation/tcr_quant/results/mixcr_RS-04378677.assemble.report.txt --json-report /projects/rpci/songyao/pnfioric/arc_project/airr_calculation/tcr_quant/results/mixcr_RS-04378677.assemble.report.json /projects/rpci/songyao/pnfioric/arc_project/airr_calculation/tcr_quant/results/mixcr_RS-04378677.extended.vdjca /projects/rpci/songyao/pnfioric/arc_project/airr_calculation/tcr_quant/results/mixcr_RS-04378677.clna
Initialization: progress unknown
Initialization: progress unknown
===================== report: assemble =====================
Analysis time: 348ms
Final clonotype count: 3
Reads used in clonotypes, percent of total: 120 (0%)
Average number of reads per clonotype: 40
Reads dropped due to the lack of a clone sequence, percent of total: 1951 (0%)
Reads dropped due to a too short clonal sequence, percent of total: 0 (0%)
Reads dropped due to low quality, percent of total: 0 (0%)
Reads dropped due to failed mapping, percent of total: 1 (0%)
Reads dropped with low quality clones, percent of total: 0 (0%)
Aligned reads processed: 121
Reads used in clonotypes before clustering, percent of total: 120 (0%)
Number of reads used as a core, percent of used: 120 (100%)
Mapped low quality reads, percent of used: 0 (0%)
Reads clustered in PCR error correction, percent of used: 0 (0%)
Reads pre-clustered due to the similar VJC-lists, percent of used: 0 (0%)
Clonotypes dropped as low quality: 0
Clonotypes eliminated by PCR error correction: 0
Clonotypes pre-clustered due to the similar VJC-lists: 0
Clones dropped in post filtering: 0 (0%)
Reads dropped in post filtering: 0.0 (0%)
Reads filtered by tag prefix: 0 (0%)
IGK chains: 2 (66.67%)
IGK non-functional: 0 (0%)
IGL chains: 1 (33.33%)
IGL non-functional: 0 (0%)

>>>>>>>>>>>>>>>>>> mixcr assembleContigs <<<<<<<<<<<<<<<<<<
Running:
mixcr assembleContigs --report /projects/rpci/songyao/pnfioric/arc_project/airr_calculation/tcr_quant/results/mixcr_RS-04378677.assembleContigs.report.txt --json-report /projects/rpci/songyao/pnfioric/arc_project/airr_calculation/tcr_quant/results/mixcr_RS-04378677.assembleContigs.report.json --threads 12 /projects/rpci/songyao/pnfioric/arc_project/airr_calculation/tcr_quant/results/mixcr_RS-04378677.clna /projects/rpci/songyao/pnfioric/arc_project/airr_calculation/tcr_quant/results/mixcr_RS-04378677.contigs.clns
Assembling contigs: 0%
================= report: assembleContigs =================
Analysis time: 143ms
Initial clonotype count: 3
Final clonotype count: 3 (100%)
Canceled assemblies: 0 (0%)
Clones filtered out after assemble: 0 (0%)
Number of premature termination assembly events, percent of number of initial clonotypes: 0.0 (0%)
Longest contig length: 102
Clustered variants: 0 (0%)
Reads in clustered variants: 0.0 (0%)
Reads in divided (newly created) clones: 0.0 (0%)
Clones with ambiguous letters in splitting region: 0 (0%)
Reads in clones with ambiguous letters in splitting region: 0.0 (0%)
Average number of ambiguous letters per clone with ambiguous letters in splitting region: NaN
Clones combined after clustering: 0 (0%)

>>>>>>>>>>>>>>>>>>>>>>>>> mixcr qc <<<<<<<<<<<<<<<<<<<<<<<<<
Running:
mixcr qc --print-to-stdout /projects/rpci/songyao/pnfioric/arc_project/airr_calculation/tcr_quant/results/mixcr_RS-04378677.contigs.clns /projects/rpci/songyao/pnfioric/arc_project/airr_calculation/tcr_quant/results/mixcr_RS-04378677.qc.txt /projects/rpci/songyao/pnfioric/arc_project/airr_calculation/tcr_quant/results/mixcr_RS-04378677.qc.json

  Alignments dropped due to low sequence quality: 0.0% [OK]

>>>>>>>>>>>>>>>>>>>> mixcr exportClones <<<<<<<<<<<<<<<<<<<<
Running:
mixcr exportClones /projects/rpci/songyao/pnfioric/arc_project/airr_calculation/tcr_quant/results/mixcr_RS-04378677.contigs.clns /projects/rpci/songyao/pnfioric/arc_project/airr_calculation/tcr_quant/results/mixcr_RS-04378677.clones.tsv
Analysis finished successfully.
===============================
Visualize results and simplify your immune data analysis with a convenient UI.
Explore and install Platforma.bio here: https://platforma.bio
