WARNING: sun.reflect.Reflection.getCallerClass is not supported. This will impact performance.

>>>>>>>>>>>>>>>>>>>>>>> mixcr align <<<<<<<<<<<<<<<<<<<<<<<
Running:
mixcr align --report /projects/rpci/songyao/pnfioric/arc_project/airr_calculation/tcr_quant/results/mixcr_RS-04367383.align.report.txt --json-report /projects/rpci/songyao/pnfioric/arc_project/airr_calculation/tcr_quant/results/mixcr_RS-04367383.align.report.json --threads 12 --preset rna-seq --save-output-file-names /projects/rpci/songyao/pnfioric/arc_project/airr_calculation/tcr_quant/results/mixcr_RS-04367383.align.list.tsv --species hsa /projects/rpci/songyao/pnfioric/arc_project/airr_calculation/fastq_files/RS-04367383/RS-04367383_27705-98-2_RS-04187406_S49_R1_001.fastq.gz /projects/rpci/songyao/pnfioric/arc_project/airr_calculation/fastq_files/RS-04367383/RS-04367383_27705-98-2_RS-04187406_S49_R2_001.fastq.gz /projects/rpci/songyao/pnfioric/arc_project/airr_calculation/tcr_quant/results/mixcr_RS-04367383.alignments.vdjca
Alignment: 0%
Alignment: 5%  ETA: 00:38:19
Alignment: 9.9%  ETA: 00:36:18
Alignment: 14.9%  ETA: 00:34:18
Alignment: 19.8%  ETA: 00:32:46
Alignment: 24.7%  ETA: 00:30:20
Alignment: 29.6%  ETA: 00:28:57
Alignment: 34.5%  ETA: 00:26:34
Alignment: 39.4%  ETA: 00:24:55
Alignment: 44.3%  ETA: 00:22:56
Alignment: 49.1%  ETA: 00:20:55
Alignment: 54%  ETA: 00:18:56
Alignment: 58.8%  ETA: 00:17:03
Alignment: 63.7%  ETA: 00:14:56
Alignment: 68.5%  ETA: 00:13:09
Alignment: 73.3%  ETA: 00:11:03
Alignment: 78.1%  ETA: 00:09:03
Alignment: 83%  ETA: 00:06:56
Alignment: 88%  ETA: 00:04:50
Alignment: 92.8%  ETA: 00:03:02
Alignment: 97.6%  ETA: 00:00:57
====================== report: align ======================
Analysis time: 41m
Total sequencing reads: 60112790
Successfully aligned reads: 1622 (0%)
Coverage (percent of successfully aligned):
  CDR3: 147 (9.06%)
  FR3_TO_FR4: 0 (0%)
  CDR2_TO_FR4: 0 (0%)
  FR2_TO_FR4: 0 (0%)
  CDR1_TO_FR4: 0 (0%)
  VDJRegion: 0 (0%)
Alignment failed: no hits (not TCR/IG?): 58680981 (97.62%)
Alignment failed: no CDR3 parts: 11174 (0.02%)
Alignment failed: low total score: 1419013 (2.36%)
Overlapped: 58373198 (97.11%)
Overlapped and aligned: 1582 (0%)
Overlapped and not aligned: 58371616 (97.1%)
Alignment-aided overlaps, percent of overlapped and aligned: 53 (3.35%)
No CDR3 parts alignments, percent of successfully aligned: 36 (2.22%)
Partial aligned reads, percent of successfully aligned: 1439 (88.72%)
Realigned with forced non-floating bound: 3479290 (5.79%)
Realigned with forced non-floating right bound in left read: 188 (0%)
Realigned with forced non-floating left bound in right read: 188 (0%)
TRA chains: 408 (25.15%)
TRA non-functional: 0 (0%)
TRB chains: 287 (17.69%)
TRB non-functional: 0 (0%)
TRG chains: 53 (3.27%)
TRG non-functional: 0 (0%)
IGH chains: 418 (25.77%)
IGH non-functional: 0 (0%)
TRAD chains: 7 (0.43%)
TRAD non-functional: 0 (0%)
IGK chains: 158 (9.74%)
IGK non-functional: 2 (1.27%)
IGL chains: 291 (17.94%)
IGL non-functional: 0 (0%)
Trimming report:
  R1 reads trimmed left: 179920 (0.3%)
  R1 reads trimmed right: 190812 (0.32%)
  Average R1 nucleotides trimmed left: 0.05087955491668246
  Average R1 nucleotides trimmed right: 0.05466463958834717
  R2 reads trimmed left: 179588 (0.3%)
  R2 reads trimmed right: 189690 (0.32%)
  Average R2 nucleotides trimmed left: 0.05031689595508709
  Average R2 nucleotides trimmed right: 0.05493872435466728

>>>>>>>>>>>>>>>>>> mixcr assemblePartial <<<<<<<<<<<<<<<<<<
Running:
mixcr assemblePartial --report /projects/rpci/songyao/pnfioric/arc_project/airr_calculation/tcr_quant/results/mixcr_RS-04367383.assemblePartial.report.txt --json-report /projects/rpci/songyao/pnfioric/arc_project/airr_calculation/tcr_quant/results/mixcr_RS-04367383.assemblePartial.report.json /projects/rpci/songyao/pnfioric/arc_project/airr_calculation/tcr_quant/results/mixcr_RS-04367383.alignments.vdjca /projects/rpci/songyao/pnfioric/arc_project/airr_calculation/tcr_quant/results/mixcr_RS-04367383.passembled.1.vdjca
Building index: 0%
Searching for overlaps: 0.1%
================= report: assemblePartial =================
Analysis time: 133ms
Total alignments analysed: 1622
Number of output alignments: 1622 (100%)
Alignments already with CDR3 (no overlapping is performed): 149 (9.19%)
Successfully overlapped alignments: 0 (0%)
Left parts with too small N-region (failed to extract k-mer): 141 (8.69%)
Extracted k-mer diversity: 677
Dropped due to wildcard in k-mer: 0 (0%)
Dropped due to too short NRegion parts in overlap: 0 (0%)
Dropped overlaps with empty N region due to no complete NDN coverage: 0 (0%)
Number of left-side alignments: 256 (15.78%)
Number of right-side alignments: 1076 (66.34%)
Complex overlaps: 0 (0%)
Over-overlaps: 0 (0%)
Partial alignments written to output: 1473 (90.81%)

>>>>>>>>>>>>>>>>>> mixcr assemblePartial <<<<<<<<<<<<<<<<<<
Running:
mixcr assemblePartial --report /projects/rpci/songyao/pnfioric/arc_project/airr_calculation/tcr_quant/results/mixcr_RS-04367383.assemblePartial.report.txt --json-report /projects/rpci/songyao/pnfioric/arc_project/airr_calculation/tcr_quant/results/mixcr_RS-04367383.assemblePartial.report.json /projects/rpci/songyao/pnfioric/arc_project/airr_calculation/tcr_quant/results/mixcr_RS-04367383.passembled.1.vdjca /projects/rpci/songyao/pnfioric/arc_project/airr_calculation/tcr_quant/results/mixcr_RS-04367383.passembled.2.vdjca
Building index: 0%
Searching for overlaps: 0.2%
================= report: assemblePartial =================
Analysis time: 83ms
Total alignments analysed: 1622
Number of output alignments: 1622 (100%)
Alignments already with CDR3 (no overlapping is performed): 149 (9.19%)
Successfully overlapped alignments: 0 (0%)
Left parts with too small N-region (failed to extract k-mer): 141 (8.69%)
Extracted k-mer diversity: 677
Dropped due to wildcard in k-mer: 0 (0%)
Dropped due to too short NRegion parts in overlap: 0 (0%)
Dropped overlaps with empty N region due to no complete NDN coverage: 0 (0%)
Number of left-side alignments: 256 (15.78%)
Number of right-side alignments: 1076 (66.34%)
Complex overlaps: 0 (0%)
Over-overlaps: 0 (0%)
Partial alignments written to output: 1473 (90.81%)

>>>>>>>>>>>>>>>>>>>>>>> mixcr extend <<<<<<<<<<<<<<<<<<<<<<<
Running:
mixcr extend --report /projects/rpci/songyao/pnfioric/arc_project/airr_calculation/tcr_quant/results/mixcr_RS-04367383.extend.report.txt --json-report /projects/rpci/songyao/pnfioric/arc_project/airr_calculation/tcr_quant/results/mixcr_RS-04367383.extend.report.json --threads 12 /projects/rpci/songyao/pnfioric/arc_project/airr_calculation/tcr_quant/results/mixcr_RS-04367383.passembled.2.vdjca /projects/rpci/songyao/pnfioric/arc_project/airr_calculation/tcr_quant/results/mixcr_RS-04367383.extended.vdjca
Extending alignments: 0%
====================== report: extend ======================
Analysis time: 19ms
Extended alignments count: 0 (0%)
V extensions total: 0 (0%)
V extensions with merged targets: 0 (0%)
J extensions total: 0 (0%)
J extensions with merged targets: 0 (0%)
V+J extensions: 0 (0%)
Mean V extension length: NaN
Mean J extension length: NaN

>>>>>>>>>>>>>>>>>>>>>> mixcr assemble <<<<<<<<<<<<<<<<<<<<<<
Running:
mixcr assemble --report /projects/rpci/songyao/pnfioric/arc_project/airr_calculation/tcr_quant/results/mixcr_RS-04367383.assemble.report.txt --json-report /projects/rpci/songyao/pnfioric/arc_project/airr_calculation/tcr_quant/results/mixcr_RS-04367383.assemble.report.json /projects/rpci/songyao/pnfioric/arc_project/airr_calculation/tcr_quant/results/mixcr_RS-04367383.extended.vdjca /projects/rpci/songyao/pnfioric/arc_project/airr_calculation/tcr_quant/results/mixcr_RS-04367383.clna
Initialization: progress unknown
Initialization: progress unknown
===================== report: assemble =====================
Analysis time: 278ms
Final clonotype count: 19
Reads used in clonotypes, percent of total: 146 (0%)
Average number of reads per clonotype: 7.68
Reads dropped due to the lack of a clone sequence, percent of total: 1475 (0%)
Reads dropped due to a too short clonal sequence, percent of total: 0 (0%)
Reads dropped due to low quality, percent of total: 0 (0%)
Reads dropped due to failed mapping, percent of total: 0 (0%)
Reads dropped with low quality clones, percent of total: 0 (0%)
Aligned reads processed: 147
Reads used in clonotypes before clustering, percent of total: 147 (0%)
Number of reads used as a core, percent of used: 146 (99.32%)
Mapped low quality reads, percent of used: 1 (0.68%)
Reads clustered in PCR error correction, percent of used: 1 (0.68%)
Reads pre-clustered due to the similar VJC-lists, percent of used: 0 (0%)
Clonotypes dropped as low quality: 0
Clonotypes eliminated by PCR error correction: 1
Clonotypes pre-clustered due to the similar VJC-lists: 0
Clones dropped in post filtering: 0 (0%)
Reads dropped in post filtering: 0.0 (0%)
Reads filtered by tag prefix: 0 (0%)
IGH chains: 2 (10.53%)
IGH non-functional: 0 (0%)
IGK chains: 10 (52.63%)
IGK non-functional: 1 (10%)
IGL chains: 7 (36.84%)
IGL non-functional: 0 (0%)

>>>>>>>>>>>>>>>>>> mixcr assembleContigs <<<<<<<<<<<<<<<<<<
Running:
mixcr assembleContigs --report /projects/rpci/songyao/pnfioric/arc_project/airr_calculation/tcr_quant/results/mixcr_RS-04367383.assembleContigs.report.txt --json-report /projects/rpci/songyao/pnfioric/arc_project/airr_calculation/tcr_quant/results/mixcr_RS-04367383.assembleContigs.report.json --threads 12 /projects/rpci/songyao/pnfioric/arc_project/airr_calculation/tcr_quant/results/mixcr_RS-04367383.clna /projects/rpci/songyao/pnfioric/arc_project/airr_calculation/tcr_quant/results/mixcr_RS-04367383.contigs.clns
Assembling contigs: 0%
================= report: assembleContigs =================
Analysis time: 115ms
Initial clonotype count: 19
Final clonotype count: 19 (100%)
Canceled assemblies: 0 (0%)
Clones filtered out after assemble: 0 (0%)
Number of premature termination assembly events, percent of number of initial clonotypes: 0.0 (0%)
Longest contig length: 176
Clustered variants: 0 (0%)
Reads in clustered variants: 0.0 (0%)
Reads in divided (newly created) clones: 0.0 (0%)
Clones with ambiguous letters in splitting region: 0 (0%)
Reads in clones with ambiguous letters in splitting region: 0.0 (0%)
Average number of ambiguous letters per clone with ambiguous letters in splitting region: NaN
Clones combined after clustering: 0 (0%)

>>>>>>>>>>>>>>>>>>>>>>>>> mixcr qc <<<<<<<<<<<<<<<<<<<<<<<<<
Running:
mixcr qc --print-to-stdout /projects/rpci/songyao/pnfioric/arc_project/airr_calculation/tcr_quant/results/mixcr_RS-04367383.contigs.clns /projects/rpci/songyao/pnfioric/arc_project/airr_calculation/tcr_quant/results/mixcr_RS-04367383.qc.txt /projects/rpci/songyao/pnfioric/arc_project/airr_calculation/tcr_quant/results/mixcr_RS-04367383.qc.json

  Alignments dropped due to low sequence quality: 0.0% [OK]

>>>>>>>>>>>>>>>>>>>> mixcr exportClones <<<<<<<<<<<<<<<<<<<<
Running:
mixcr exportClones /projects/rpci/songyao/pnfioric/arc_project/airr_calculation/tcr_quant/results/mixcr_RS-04367383.contigs.clns /projects/rpci/songyao/pnfioric/arc_project/airr_calculation/tcr_quant/results/mixcr_RS-04367383.clones.tsv
Analysis finished successfully.
===============================
Visualize results and simplify your immune data analysis with a convenient UI.
Explore and install Platforma.bio here: https://platforma.bio
