Exporting TRB
Exporting clones: 4.2%
Filtered 24 of 985 clones (97.56%).
Filtered 51.0 of 5907.0 reads (99.14%).
Exporting TRA
Exporting clones: 3.8%
Filtered 26 of 985 clones (97.36%).
Filtered 54.0 of 5907.0 reads (99.09%).
Exporting IGH
Exporting clones: 0.3%
Filtered 316 of 985 clones (67.92%).
Filtered 1764.0 of 5907.0 reads (70.14%).
Exporting TRG
Exporting clones: 16.7%
Filtered 6 of 985 clones (99.39%).
Filtered 18.0 of 5907.0 reads (99.7%).
Exporting IGL
Exporting clones: 1.5%
Filtered 198 of 985 clones (79.9%).
Filtered 1974.0 of 5907.0 reads (66.58%).
Exporting IGK
Exporting clones: 0.2%
Filtered 415 of 985 clones (57.87%).
Filtered 2046.0 of 5907.0 reads (65.36%).
