Exporting TRB
Exporting clones: 4%
Filtered 25 of 3179 clones (99.21%).
Filtered 41.0 of 14177.0 reads (99.71%).
Exporting TRA
Exporting clones: 2.8%
Filtered 36 of 3179 clones (98.87%).
Filtered 56.0 of 14177.0 reads (99.6%).
Exporting IGH
Exporting clones: 0.1%
Filtered 1042 of 3179 clones (67.22%).
Filtered 3482.0 of 14177.0 reads (75.44%).
Exporting TRG
Exporting clones: 22.2%
Filtered 9 of 3179 clones (99.72%).
Filtered 16.0 of 14177.0 reads (99.89%).
Exporting IGL
Exporting clones: 0.1%
Filtered 839 of 3179 clones (73.61%).
Filtered 4588.0 of 14177.0 reads (67.64%).
Exporting IGK
Exporting clones: 0.1%
Filtered 1228 of 3179 clones (61.37%).
Filtered 5994.0 of 14177.0 reads (57.72%).
