Exporting TRB
Exporting clones: 50%
Filtered 2 of 662 clones (99.7%).
Filtered 4.0 of 2534.0 reads (99.84%).
Exporting TRA
Exporting clones: 20%
Filtered 5 of 662 clones (99.24%).
Filtered 7.0 of 2534.0 reads (99.72%).
Exporting IGH
Exporting clones: 0.6%
Filtered 179 of 662 clones (72.96%).
Filtered 644.0 of 2534.0 reads (74.59%).
Exporting IGL
Exporting clones: 0.9%
Filtered 114 of 662 clones (82.78%).
Filtered 434.0 of 2534.0 reads (82.87%).
Exporting IGK
Exporting clones: 0.3%
Filtered 362 of 662 clones (45.32%).
Filtered 1445.0 of 2534.0 reads (42.98%).
