Exporting TRB
Exporting clones: 50%
Filtered 2 of 69 clones (97.1%).
Filtered 3.0 of 209.0 reads (98.56%).
Exporting TRA
Exporting clones: 50%
Filtered 2 of 69 clones (97.1%).
Filtered 6.0 of 209.0 reads (97.13%).
Exporting IGH
Exporting clones: 4.5%
Filtered 22 of 69 clones (68.12%).
Filtered 68.0 of 209.0 reads (67.46%).
Exporting IGL
Exporting clones: 6.7%
Filtered 15 of 69 clones (78.26%).
Filtered 51.0 of 209.0 reads (75.6%).
Exporting IGK
Exporting clones: 3.6%
Filtered 28 of 69 clones (59.42%).
Filtered 81.0 of 209.0 reads (61.24%).
