Exporting TRB
Exporting clones: 100%
Filtered 1 of 368 clones (99.73%).
Filtered 1.0 of 836.0 reads (99.88%).
Exporting TRA
Exporting clones: 25%
Filtered 4 of 368 clones (98.91%).
Filtered 6.0 of 836.0 reads (99.28%).
Exporting IGH
Exporting clones: 1.1%
Filtered 91 of 368 clones (75.27%).
Filtered 193.0 of 836.0 reads (76.91%).
Exporting TRG
Exporting clones: 100%
Filtered 1 of 368 clones (99.73%).
Filtered 1.0 of 836.0 reads (99.88%).
Exporting IGL
Exporting clones: 1.3%
Filtered 77 of 368 clones (79.08%).
Filtered 246.0 of 836.0 reads (70.57%).
Exporting IGK
Exporting clones: 0.5%
Filtered 194 of 368 clones (47.28%).
Filtered 389.0 of 836.0 reads (53.47%).
